[2024-08-04T16:41:14.500+0300][0.004s][info][gc] Using Serial
[2024-08-04T16:41:14.675+0300][0,178s][info][gc] GC(0) Pause Young (Allocation Failure) 69M->15M(247M) 33,229ms
[2024-08-04T16:41:14.731+0300][0,235s][info][gc] GC(1) Pause Young (Allocation Failure) 83M->29M(247M) 41,672ms
[2024-08-04T16:41:14.782+0300][0,285s][info][gc] GC(2) Pause Young (Allocation Failure) 97M->43M(247M) 36,044ms
[2024-08-04T16:41:14.845+0300][0,349s][info][gc] GC(3) Pause Young (Allocation Failure) 111M->57M(247M) 30,955ms
[2024-08-04T16:41:14.903+0300][0,407s][info][gc] GC(4) Pause Young (Allocation Failure) 126M->72M(247M) 26,543ms
[2024-08-04T16:41:15.015+0300][0,518s][info][gc] GC(5) Pause Young (Allocation Failure) 141M->86M(247M) 75,267ms
[2024-08-04T16:41:15.094+0300][0,598s][info][gc] GC(6) Pause Young (Allocation Failure) 154M->112M(247M) 50,023ms
[2024-08-04T16:41:15.162+0300][0,666s][info][gc] GC(7) Pause Young (Allocation Failure) 181M->126M(247M) 46,206ms
[2024-08-04T16:41:15.247+0300][0,751s][info][gc] GC(8) Pause Young (Allocation Failure) 194M->140M(247M) 45,541ms
[2024-08-04T16:41:15.324+0300][0,827s][info][gc] GC(9) Pause Young (Allocation Failure) 205M->152M(247M) 44,008ms
[2024-08-04T16:41:15.396+0300][0,900s][info][gc] GC(10) Pause Young (Allocation Failure) 221M->230M(247M) 44,953ms
[2024-08-04T16:41:15.643+0300][1,147s][info][gc] GC(11) Pause Full (Allocation Failure) 230M->159M(247M) 247,226ms
[2024-08-04T16:41:15.678+0300][1,181s][info][gc] GC(12) Pause Young (Allocation Failure) 227M->227M(247M) 0,064ms
[2024-08-04T16:41:15.924+0300][1,427s][info][gc] GC(13) Pause Full (Allocation Failure) 227M->172M(247M) 245,909ms
[2024-08-04T16:41:16.332+0300][1,836s][info][gc] GC(14) Pause Full (Allocation Failure) 247M->187M(247M) 268,132ms
[2024-08-04T16:41:16.756+0300][2,260s][info][gc] GC(15) Pause Full (Allocation Failure) 247M->199M(247M) 340,403ms
[2024-08-04T16:41:17.126+0300][2,629s][info][gc] GC(16) Pause Full (Allocation Failure) 247M->209M(247M) 285,641ms
[2024-08-04T16:41:17.409+0300][2,913s][info][gc] GC(17) Pause Full (Allocation Failure) 228M->212M(247M) 278,154ms
[2024-08-04T16:41:17.746+0300][3,250s][info][gc] GC(18) Pause Full (Allocation Failure) 212M->212M(247M) 337,192ms
