[2024-08-04T16:41:59.441+0300][0.005s][info][gc] Using Serial
[2024-08-04T16:41:59.908+0300][0,472s][info][gc] GC(0) Pause Young (Allocation Failure) 342M->69M(1237M) 178,077ms
[2024-08-04T16:42:00.182+0300][0,745s][info][gc] GC(1) Pause Young (Allocation Failure) 411M->139M(1237M) 205,913ms
[2024-08-04T16:42:00.418+0300][0,981s][info][gc] GC(2) Pause Young (Allocation Failure) 480M->210M(1237M) 171,154ms
[2024-08-04T16:42:00.594+0300][1,158s][info][gc] GC(3) Pause Young (Allocation Failure) 552M->249M(1237M) 95,528ms
[2024-08-04T16:42:00.798+0300][1,361s][info][gc] GC(4) Pause Young (Allocation Failure) 590M->317M(1237M) 137,747ms
[2024-08-04T16:42:01.071+0300][1,634s][info][gc] GC(5) Pause Young (Allocation Failure) 658M->385M(1237M) 210,966ms
[2024-08-04T16:42:01.300+0300][1,863s][info][gc] GC(6) Pause Young (Allocation Failure) 726M->391M(1237M) 109,034ms
[2024-08-04T16:42:01.581+0300][2,145s][info][gc] GC(7) Pause Young (Allocation Failure) 733M->460M(1237M) 219,391ms
[2024-08-04T16:42:01.865+0300][2,428s][info][gc] GC(8) Pause Young (Allocation Failure) 801M->528M(1237M) 220,854ms
[2024-08-04T16:42:02.040+0300][2,604s][info][gc] GC(9) Pause Young (Allocation Failure) 869M->538M(1237M) 110,825ms
[2024-08-04T16:42:02.312+0300][2,876s][info][gc] GC(10) Pause Young (Allocation Failure) 879M->606M(1237M) 209,744ms
[2024-08-04T16:42:02.602+0300][3,165s][info][gc] GC(11) Pause Young (Allocation Failure) 947M->674M(1237M) 220,942ms
[2024-08-04T16:42:02.833+0300][3,397s][info][gc] GC(12) Pause Young (Allocation Failure) 1016M->687M(1237M) 117,115ms
[2024-08-04T16:42:03.116+0300][3,679s][info][gc] GC(13) Pause Young (Allocation Failure) 1029M->755M(1237M) 220,347ms
[2024-08-04T16:42:03.390+0300][3,954s][info][gc] GC(14) Pause Young (Allocation Failure) 1097M->824M(1237M) 212,287ms
[2024-08-04T16:42:03.455+0300][4,019s][info][gc] GC(15) Pause Young (Allocation Failure) 1165M->1165M(1237M) 0,066ms
[2024-08-04T16:42:03.884+0300][4,448s][info][gc] GC(16) Pause Full (Allocation Failure) 1165M->121M(1237M) 428,652ms
[2024-08-04T16:42:04.088+0300][4,652s][info][gc] GC(17) Pause Young (Allocation Failure) 463M->190M(1237M) 141,906ms
[2024-08-04T16:42:04.343+0300][4,906s][info][gc] GC(18) Pause Young (Allocation Failure) 531M->258M(1237M) 193,141ms
[2024-08-04T16:42:04.534+0300][5,098s][info][gc] GC(19) Pause Young (Allocation Failure) 599M->278M(1237M) 126,268ms
[2024-08-04T16:42:04.789+0300][5,352s][info][gc] GC(20) Pause Young (Allocation Failure) 619M->346M(1237M) 192,634ms
[2024-08-04T16:42:05.034+0300][5,598s][info][gc] GC(21) Pause Young (Allocation Failure) 687M->414M(1237M) 183,409ms
[2024-08-04T16:42:05.240+0300][5,804s][info][gc] GC(22) Pause Young (Allocation Failure) 756M->438M(1237M) 141,414ms
[2024-08-04T16:42:05.495+0300][6,059s][info][gc] GC(23) Pause Young (Allocation Failure) 779M->506M(1237M) 192,862ms
[2024-08-04T16:42:05.574+0300][6,137s][info][gc] GC(24) Pause Young (Allocation Failure) 847M->464M(1237M) 12,148ms
[2024-08-04T16:42:05.779+0300][6,343s][info][gc] GC(25) Pause Young (Allocation Failure) 806M->532M(1237M) 143,656ms
[2024-08-04T16:42:06.024+0300][6,588s][info][gc] GC(26) Pause Young (Allocation Failure) 874M->601M(1237M) 183,203ms
[2024-08-04T16:42:06.107+0300][6,671s][info][gc] GC(27) Pause Young (Allocation Failure) 942M->563M(1237M) 18,139ms
[2024-08-04T16:42:06.307+0300][6,870s][info][gc] GC(28) Pause Young (Allocation Failure) 904M->631M(1237M) 137,268ms
[2024-08-04T16:42:06.553+0300][7,116s][info][gc] GC(29) Pause Young (Allocation Failure) 972M->699M(1237M) 184,006ms
[2024-08-04T16:42:06.641+0300][7,205s][info][gc] GC(30) Pause Young (Allocation Failure) 1040M->664M(1237M) 23,925ms
[2024-08-04T16:42:06.844+0300][7,408s][info][gc] GC(31) Pause Young (Allocation Failure) 1006M->733M(1237M) 141,188ms
[2024-08-04T16:42:07.090+0300][7,653s][info][gc] GC(32) Pause Young (Allocation Failure) 1074M->801M(1237M) 183,704ms
[2024-08-04T16:42:07.154+0300][7,718s][info][gc] GC(33) Pause Young (Allocation Failure) 1142M->1142M(1237M) 0,064ms
[2024-08-04T16:42:07.461+0300][8,025s][info][gc] GC(34) Pause Full (Allocation Failure) 1142M->73M(1237M) 306,754ms
[2024-08-04T16:42:07.665+0300][8,228s][info][gc] GC(35) Pause Young (Allocation Failure) 415M->142M(1237M) 132,579ms
[2024-08-04T16:42:07.950+0300][8,514s][info][gc] GC(36) Pause Young (Allocation Failure) 483M->210M(1237M) 182,823ms
[2024-08-04T16:42:08.054+0300][8,617s][info][gc] GC(37) Pause Young (Allocation Failure) 551M->182M(1237M) 36,438ms
[2024-08-04T16:42:08.266+0300][8,830s][info][gc] GC(38) Pause Young (Allocation Failure) 523M->250M(1237M) 150,617ms
[2024-08-04T16:42:08.513+0300][9,077s][info][gc] GC(39) Pause Young (Allocation Failure) 592M->318M(1237M) 184,899ms
[2024-08-04T16:42:08.622+0300][9,186s][info][gc] GC(40) Pause Young (Allocation Failure) 660M->294M(1237M) 41,895ms
[2024-08-04T16:42:08.840+0300][9,404s][info][gc] GC(41) Pause Young (Allocation Failure) 635M->362M(1237M) 156,287ms
[2024-08-04T16:42:09.086+0300][9,649s][info][gc] GC(42) Pause Young (Allocation Failure) 703M->430M(1237M) 183,551ms
[2024-08-04T16:42:09.199+0300][9,763s][info][gc] GC(43) Pause Young (Allocation Failure) 772M->409M(1237M) 48,354ms
[2024-08-04T16:42:09.418+0300][9,982s][info][gc] GC(44) Pause Young (Allocation Failure) 750M->477M(1237M) 157,074ms
[2024-08-04T16:42:09.671+0300][10,234s][info][gc] GC(45) Pause Young (Allocation Failure) 819M->546M(1237M) 182,271ms
[2024-08-04T16:42:09.834+0300][10,398s][info][gc] GC(46) Pause Young (Allocation Failure) 887M->528M(1237M) 55,216ms
