[2024-08-04T16:42:30.434+0300][0.002s][info][gc] Using Serial
[2024-08-04T16:42:31.105+0300][0,673s][info][gc] GC(0) Pause Young (Allocation Failure) 547M->110M(1979M) 272,566ms
[2024-08-04T16:42:31.524+0300][1,093s][info][gc] GC(1) Pause Young (Allocation Failure) 656M->226M(1979M) 312,812ms
[2024-08-04T16:42:31.813+0300][1,382s][info][gc] GC(2) Pause Young (Allocation Failure) 772M->290M(1979M) 167,213ms
[2024-08-04T16:42:31.946+0300][1,515s][info][gc] GC(3) Pause Young (Allocation Failure) 836M->227M(1979M) 23,527ms
[2024-08-04T16:42:32.283+0300][1,851s][info][gc] GC(4) Pause Young (Allocation Failure) 773M->336M(1979M) 238,145ms
[2024-08-04T16:42:32.448+0300][2,016s][info][gc] GC(5) Pause Young (Allocation Failure) 882M->290M(1979M) 57,837ms
[2024-08-04T16:42:32.808+0300][2,377s][info][gc] GC(6) Pause Young (Allocation Failure) 836M->399M(1979M) 261,731ms
[2024-08-04T16:42:33.004+0300][2,572s][info][gc] GC(7) Pause Young (Allocation Failure) 945M->370M(1979M) 93,890ms
[2024-08-04T16:42:33.410+0300][2,979s][info][gc] GC(8) Pause Young (Allocation Failure) 916M->479M(1979M) 306,260ms
[2024-08-04T16:42:33.631+0300][3,199s][info][gc] GC(9) Pause Young (Allocation Failure) 1025M->467M(1979M) 117,118ms
[2024-08-04T16:42:34.047+0300][3,615s][info][gc] GC(10) Pause Young (Allocation Failure) 1013M->576M(1979M) 315,985ms
[2024-08-04T16:42:34.311+0300][3,879s][info][gc] GC(11) Pause Young (Allocation Failure) 1122M->581M(1979M) 160,165ms
[2024-08-04T16:42:34.745+0300][4,313s][info][gc] GC(12) Pause Young (Allocation Failure) 1127M->690M(1979M) 335,671ms
[2024-08-04T16:42:35.051+0300][4,620s][info][gc] GC(13) Pause Young (Allocation Failure) 1237M->712M(1979M) 205,856ms
[2024-08-04T16:42:35.503+0300][5,072s][info][gc] GC(14) Pause Young (Allocation Failure) 1258M->822M(1979M) 352,287ms
[2024-08-04T16:42:35.851+0300][5,419s][info][gc] GC(15) Pause Young (Allocation Failure) 1368M->860M(1979M) 244,934ms
[2024-08-04T16:42:35.995+0300][5,563s][info][gc] GC(16) Pause Young (Allocation Failure) 1407M->807M(1979M) 42,092ms
[2024-08-04T16:42:36.361+0300][5,929s][info][gc] GC(17) Pause Young (Allocation Failure) 1353M->916M(1979M) 267,493ms
[2024-08-04T16:42:36.540+0300][6,108s][info][gc] GC(18) Pause Young (Allocation Failure) 1463M->880M(1979M) 77,657ms
[2024-08-04T16:42:36.933+0300][6,501s][info][gc] GC(19) Pause Young (Allocation Failure) 1426M->989M(1979M) 294,582ms
[2024-08-04T16:42:37.148+0300][6,716s][info][gc] GC(20) Pause Young (Allocation Failure) 1536M->970M(1979M) 111,732ms
[2024-08-04T16:42:37.550+0300][7,118s][info][gc] GC(21) Pause Young (Allocation Failure) 1516M->1079M(1979M) 303,407ms
[2024-08-04T16:42:37.797+0300][7,366s][info][gc] GC(22) Pause Young (Allocation Failure) 1626M->1077M(1979M) 145,341ms
[2024-08-04T16:42:38.242+0300][7,811s][info][gc] GC(23) Pause Young (Allocation Failure) 1623M->1186M(1979M) 346,903ms
[2024-08-04T16:42:38.519+0300][8,087s][info][gc] GC(24) Pause Young (Allocation Failure) 1733M->1201M(1979M) 173,478ms
[2024-08-04T16:42:38.971+0300][8,540s][info][gc] GC(25) Pause Young (Allocation Failure) 1747M->1311M(1979M) 353,630ms
[2024-08-04T16:42:39.073+0300][8,641s][info][gc] GC(26) Pause Young (Allocation Failure) 1857M->1857M(1979M) 0,072ms
[2024-08-04T16:42:39.763+0300][9,331s][info][gc] GC(27) Pause Full (Allocation Failure) 1857M->177M(1979M) 690,148ms
[2024-08-04T16:42:39.888+0300][9,457s][info][gc] GC(28) Pause Young (Allocation Failure) 723M->185M(1979M) 22,511ms
