[2024-08-04T16:42:10.021+0300][0.004s][info][gc] Using Serial
[2024-08-04T16:42:10.579+0300][0,563s][info][gc] GC(0) Pause Young (Allocation Failure) 410M->82M(1484M) 213,976ms
[2024-08-04T16:42:10.902+0300][0,885s][info][gc] GC(1) Pause Young (Allocation Failure) 492M->168M(1484M) 241,812ms
[2024-08-04T16:42:11.042+0300][1,026s][info][gc] GC(2) Pause Young (Allocation Failure) 578M->170M(1484M) 41,985ms
[2024-08-04T16:42:11.289+0300][1,273s][info][gc] GC(3) Pause Young (Allocation Failure) 579M->252M(1484M) 172,318ms
[2024-08-04T16:42:11.633+0300][1,616s][info][gc] GC(4) Pause Young (Allocation Failure) 661M->334M(1484M) 265,161ms
[2024-08-04T16:42:11.842+0300][1,826s][info][gc] GC(5) Pause Young (Allocation Failure) 743M->344M(1484M) 128,841ms
[2024-08-04T16:42:12.185+0300][2,169s][info][gc] GC(6) Pause Young (Allocation Failure) 754M->426M(1484M) 263,385ms
[2024-08-04T16:42:12.322+0300][2,306s][info][gc] GC(7) Pause Young (Allocation Failure) 836M->399M(1484M) 56,119ms
[2024-08-04T16:42:12.606+0300][2,590s][info][gc] GC(8) Pause Young (Allocation Failure) 808M->481M(1484M) 209,651ms
[2024-08-04T16:42:12.948+0300][2,932s][info][gc] GC(9) Pause Young (Allocation Failure) 890M->563M(1484M) 266,619ms
[2024-08-04T16:42:13.174+0300][3,157s][info][gc] GC(10) Pause Young (Allocation Failure) 972M->580M(1484M) 145,669ms
[2024-08-04T16:42:13.514+0300][3,498s][info][gc] GC(11) Pause Young (Allocation Failure) 989M->662M(1484M) 265,311ms
[2024-08-04T16:42:13.662+0300][3,645s][info][gc] GC(12) Pause Young (Allocation Failure) 1071M->641M(1484M) 68,087ms
[2024-08-04T16:42:13.957+0300][3,940s][info][gc] GC(13) Pause Young (Allocation Failure) 1051M->723M(1484M) 220,587ms
[2024-08-04T16:42:14.287+0300][4,271s][info][gc] GC(14) Pause Young (Allocation Failure) 1133M->805M(1484M) 255,345ms
[2024-08-04T16:42:14.539+0300][4,523s][info][gc] GC(15) Pause Young (Allocation Failure) 1215M->829M(1484M) 172,743ms
[2024-08-04T16:42:14.879+0300][4,863s][info][gc] GC(16) Pause Young (Allocation Failure) 1239M->911M(1484M) 265,436ms
[2024-08-04T16:42:15.039+0300][5,022s][info][gc] GC(17) Pause Young (Allocation Failure) 1321M->897M(1484M) 80,498ms
[2024-08-04T16:42:15.356+0300][5,339s][info][gc] GC(18) Pause Young (Allocation Failure) 1307M->979M(1484M) 242,471ms
[2024-08-04T16:42:15.431+0300][5,415s][info][gc] GC(19) Pause Young (Allocation Failure) 1389M->1389M(1484M) 0,065ms
[2024-08-04T16:42:16.144+0300][6,128s][info][gc] GC(20) Pause Full (Allocation Failure) 1389M->268M(1484M) 712,445ms
[2024-08-04T16:42:16.392+0300][6,376s][info][gc] GC(21) Pause Young (Allocation Failure) 678M->350M(1484M) 169,877ms
[2024-08-04T16:42:16.699+0300][6,682s][info][gc] GC(22) Pause Young (Allocation Failure) 759M->432M(1484M) 231,641ms
[2024-08-04T16:42:16.868+0300][6,852s][info][gc] GC(23) Pause Young (Allocation Failure) 841M->425M(1484M) 91,553ms
[2024-08-04T16:42:17.164+0300][7,148s][info][gc] GC(24) Pause Young (Allocation Failure) 834M->507M(1484M) 221,688ms
[2024-08-04T16:42:17.266+0300][7,250s][info][gc] GC(25) Pause Young (Allocation Failure) 916M->462M(1484M) 24,783ms
[2024-08-04T16:42:17.518+0300][7,502s][info][gc] GC(26) Pause Young (Allocation Failure) 872M->544M(1484M) 177,565ms
[2024-08-04T16:42:17.827+0300][7,810s][info][gc] GC(27) Pause Young (Allocation Failure) 954M->626M(1484M) 233,049ms
[2024-08-04T16:42:18.010+0300][7,994s][info][gc] GC(28) Pause Young (Allocation Failure) 1036M->626M(1484M) 104,099ms
[2024-08-04T16:42:18.302+0300][8,285s][info][gc] GC(29) Pause Young (Allocation Failure) 1036M->708M(1484M) 217,329ms
[2024-08-04T16:42:18.416+0300][8,400s][info][gc] GC(30) Pause Young (Allocation Failure) 1118M->670M(1484M) 36,761ms
[2024-08-04T16:42:18.677+0300][8,661s][info][gc] GC(31) Pause Young (Allocation Failure) 1080M->752M(1484M) 185,956ms
[2024-08-04T16:42:18.976+0300][8,959s][info][gc] GC(32) Pause Young (Allocation Failure) 1162M->834M(1484M) 221,090ms
[2024-08-04T16:42:19.171+0300][9,155s][info][gc] GC(33) Pause Young (Allocation Failure) 1244M->841M(1484M) 117,191ms
[2024-08-04T16:42:19.465+0300][9,449s][info][gc] GC(34) Pause Young (Allocation Failure) 1250M->923M(1484M) 219,312ms
[2024-08-04T16:42:19.594+0300][9,578s][info][gc] GC(35) Pause Young (Allocation Failure) 1332M->892M(1484M) 48,915ms
[2024-08-04T16:42:19.864+0300][9,847s][info][gc] GC(36) Pause Young (Allocation Failure) 1301M->974M(1484M) 195,407ms
[2024-08-04T16:42:19.940+0300][9,923s][info][gc] GC(37) Pause Young (Allocation Failure) 1383M->1383M(1484M) 0,065ms
[2024-08-04T16:42:20.615+0300][10,598s][info][gc] GC(38) Pause Full (Allocation Failure) 1383M->251M(1484M) 674,866ms
