[2024-08-04T16:41:17.786+0300][0.005s][info][gc] Using Serial
[2024-08-04T16:41:18.028+0300][0,246s][info][gc] GC(0) Pause Young (Allocation Failure) 137M->28M(494M) 58,824ms
[2024-08-04T16:41:18.135+0300][0,354s][info][gc] GC(1) Pause Young (Allocation Failure) 164M->56M(494M) 79,615ms
[2024-08-04T16:41:18.227+0300][0,446s][info][gc] GC(2) Pause Young (Allocation Failure) 193M->85M(494M) 65,686ms
[2024-08-04T16:41:18.310+0300][0,528s][info][gc] GC(3) Pause Young (Allocation Failure) 222M->114M(494M) 56,713ms
[2024-08-04T16:41:18.387+0300][0,605s][info][gc] GC(4) Pause Young (Allocation Failure) 251M->142M(494M) 51,424ms
[2024-08-04T16:41:18.486+0300][0,705s][info][gc] GC(5) Pause Young (Allocation Failure) 278M->188M(494M) 74,598ms
[2024-08-04T16:41:18.600+0300][0,818s][info][gc] GC(6) Pause Young (Allocation Failure) 324M->215M(494M) 88,105ms
[2024-08-04T16:41:18.715+0300][0,933s][info][gc] GC(7) Pause Young (Allocation Failure) 352M->271M(494M) 89,904ms
[2024-08-04T16:41:18.818+0300][1,036s][info][gc] GC(8) Pause Young (Allocation Failure) 407M->287M(494M) 64,744ms
[2024-08-04T16:41:18.931+0300][1,150s][info][gc] GC(9) Pause Young (Allocation Failure) 424M->315M(494M) 87,547ms
[2024-08-04T16:41:19.001+0300][1,219s][info][gc] GC(10) Pause Young (Allocation Failure) 451M->451M(494M) 0,064ms
[2024-08-04T16:41:19.242+0300][1,460s][info][gc] GC(11) Pause Full (Allocation Failure) 451M->122M(494M) 241,175ms
[2024-08-04T16:41:19.364+0300][1,582s][info][gc] GC(12) Pause Young (Allocation Failure) 258M->149M(494M) 52,538ms
[2024-08-04T16:41:19.509+0300][1,728s][info][gc] GC(13) Pause Young (Allocation Failure) 286M->177M(494M) 73,146ms
[2024-08-04T16:41:19.608+0300][1,826s][info][gc] GC(14) Pause Young (Allocation Failure) 313M->204M(494M) 73,090ms
[2024-08-04T16:41:19.710+0300][1,929s][info][gc] GC(15) Pause Young (Allocation Failure) 340M->231M(494M) 76,404ms
[2024-08-04T16:41:19.764+0300][1,982s][info][gc] GC(16) Pause Young (Allocation Failure) 368M->225M(494M) 24,780ms
[2024-08-04T16:41:19.856+0300][2,074s][info][gc] GC(17) Pause Young (Allocation Failure) 361M->252M(494M) 65,451ms
[2024-08-04T16:41:19.998+0300][2,217s][info][gc] GC(18) Pause Young (Allocation Failure) 388M->279M(494M) 73,060ms
[2024-08-04T16:41:20.144+0300][2,362s][info][gc] GC(19) Pause Young (Allocation Failure) 416M->307M(494M) 76,280ms
[2024-08-04T16:41:20.251+0300][2,469s][info][gc] GC(20) Pause Young (Allocation Failure) 443M->334M(494M) 81,088ms
[2024-08-04T16:41:20.320+0300][2,539s][info][gc] GC(21) Pause Young (Allocation Failure) 470M->470M(494M) 0,073ms
[2024-08-04T16:41:20.677+0300][2,895s][info][gc] GC(22) Pause Full (Allocation Failure) 470M->193M(494M) 356,505ms
[2024-08-04T16:41:20.801+0300][3,020s][info][gc] GC(23) Pause Young (Allocation Failure) 330M->221M(494M) 55,609ms
[2024-08-04T16:41:20.889+0300][3,107s][info][gc] GC(24) Pause Young (Allocation Failure) 357M->204M(494M) 11,374ms
[2024-08-04T16:41:21.001+0300][3,219s][info][gc] GC(25) Pause Young (Allocation Failure) 340M->231M(494M) 85,056ms
[2024-08-04T16:41:21.100+0300][3,318s][info][gc] GC(26) Pause Young (Allocation Failure) 368M->259M(494M) 73,159ms
[2024-08-04T16:41:21.199+0300][3,417s][info][gc] GC(27) Pause Young (Allocation Failure) 395M->286M(494M) 73,044ms
[2024-08-04T16:41:21.298+0300][3,516s][info][gc] GC(28) Pause Young (Allocation Failure) 422M->313M(494M) 73,064ms
[2024-08-04T16:41:21.404+0300][3,623s][info][gc] GC(29) Pause Young (Allocation Failure) 450M->340M(494M) 79,990ms
[2024-08-04T16:41:21.430+0300][3,649s][info][gc] GC(30) Pause Young (Allocation Failure) 477M->477M(494M) 0,064ms
[2024-08-04T16:41:21.811+0300][4,030s][info][gc] GC(31) Pause Full (Allocation Failure) 477M->210M(494M) 380,607ms
[2024-08-04T16:41:21.893+0300][4,111s][info][gc] GC(32) Pause Young (Allocation Failure) 347M->238M(494M) 55,929ms
[2024-08-04T16:41:21.959+0300][4,177s][info][gc] GC(33) Pause Young (Allocation Failure) 374M->238M(494M) 36,898ms
[2024-08-04T16:41:22.061+0300][4,280s][info][gc] GC(34) Pause Young (Allocation Failure) 374M->265M(494M) 75,903ms
[2024-08-04T16:41:22.161+0300][4,380s][info][gc] GC(35) Pause Young (Allocation Failure) 402M->292M(494M) 73,898ms
[2024-08-04T16:41:22.264+0300][4,482s][info][gc] GC(36) Pause Young (Allocation Failure) 429M->320M(494M) 76,017ms
[2024-08-04T16:41:22.292+0300][4,510s][info][gc] GC(37) Pause Young (Allocation Failure) 456M->456M(494M) 0,064ms
[2024-08-04T16:41:22.615+0300][4,834s][info][gc] GC(38) Pause Full (Allocation Failure) 456M->163M(494M) 323,341ms
[2024-08-04T16:41:22.740+0300][4,958s][info][gc] GC(39) Pause Young (Allocation Failure) 299M->190M(494M) 55,535ms
[2024-08-04T16:41:22.882+0300][5,100s][info][gc] GC(40) Pause Young (Allocation Failure) 327M->217M(494M) 73,101ms
[2024-08-04T16:41:22.930+0300][5,148s][info][gc] GC(41) Pause Young (Allocation Failure) 354M->207M(494M) 17,246ms
[2024-08-04T16:41:23.021+0300][5,239s][info][gc] GC(42) Pause Young (Allocation Failure) 344M->234M(494M) 64,669ms
[2024-08-04T16:41:23.123+0300][5,342s][info][gc] GC(43) Pause Young (Allocation Failure) 371M->262M(494M) 76,959ms
[2024-08-04T16:41:23.222+0300][5,441s][info][gc] GC(44) Pause Young (Allocation Failure) 398M->289M(494M) 73,233ms
[2024-08-04T16:41:23.368+0300][5,586s][info][gc] GC(45) Pause Young (Allocation Failure) 426M->316M(494M) 76,961ms
[2024-08-04T16:41:23.437+0300][5,655s][info][gc] GC(46) Pause Young (Allocation Failure) 453M->453M(494M) 0,064ms
[2024-08-04T16:41:23.793+0300][6,011s][info][gc] GC(47) Pause Full (Allocation Failure) 453M->180M(494M) 355,800ms
[2024-08-04T16:41:23.918+0300][6,137s][info][gc] GC(48) Pause Young (Allocation Failure) 316M->207M(494M) 56,227ms
[2024-08-04T16:41:24.061+0300][6,279s][info][gc] GC(49) Pause Young (Allocation Failure) 344M->234M(494M) 73,138ms
[2024-08-04T16:41:24.140+0300][6,359s][info][gc] GC(50) Pause Young (Allocation Failure) 371M->241M(494M) 50,484ms
[2024-08-04T16:41:24.243+0300][6,461s][info][gc] GC(51) Pause Young (Allocation Failure) 378M->268M(494M) 76,453ms
[2024-08-04T16:41:24.389+0300][6,607s][info][gc] GC(52) Pause Young (Allocation Failure) 405M->296M(494M) 76,329ms
[2024-08-04T16:41:24.531+0300][6,749s][info][gc] GC(53) Pause Young (Allocation Failure) 432M->323M(494M) 73,099ms
[2024-08-04T16:41:24.600+0300][6,819s][info][gc] GC(54) Pause Young (Allocation Failure) 459M->459M(494M) 0,065ms
[2024-08-04T16:41:24.936+0300][7,155s][info][gc] GC(55) Pause Full (Allocation Failure) 459M->169M(494M) 336,170ms
[2024-08-04T16:41:25.018+0300][7,237s][info][gc] GC(56) Pause Young (Allocation Failure) 306M->197M(494M) 55,652ms
[2024-08-04T16:41:25.121+0300][7,339s][info][gc] GC(57) Pause Young (Allocation Failure) 333M->224M(494M) 76,264ms
[2024-08-04T16:41:25.178+0300][7,397s][info][gc] GC(58) Pause Young (Allocation Failure) 360M->220M(494M) 28,073ms
[2024-08-04T16:41:25.276+0300][7,494s][info][gc] GC(59) Pause Young (Allocation Failure) 357M->248M(494M) 71,549ms
[2024-08-04T16:41:25.378+0300][7,597s][info][gc] GC(60) Pause Young (Allocation Failure) 384M->275M(494M) 76,584ms
[2024-08-04T16:41:25.481+0300][7,700s][info][gc] GC(61) Pause Young (Allocation Failure) 411M->302M(494M) 76,725ms
[2024-08-04T16:41:25.580+0300][7,798s][info][gc] GC(62) Pause Young (Allocation Failure) 439M->330M(494M) 72,683ms
[2024-08-04T16:41:25.606+0300][7,825s][info][gc] GC(63) Pause Young (Allocation Failure) 466M->466M(494M) 0,064ms
[2024-08-04T16:41:25.965+0300][8,183s][info][gc] GC(64) Pause Full (Allocation Failure) 466M->186M(494M) 358,552ms
[2024-08-04T16:41:26.047+0300][8,265s][info][gc] GC(65) Pause Young (Allocation Failure) 323M->214M(494M) 55,938ms
[2024-08-04T16:41:26.137+0300][8,355s][info][gc] GC(66) Pause Young (Allocation Failure) 350M->200M(494M) 10,416ms
[2024-08-04T16:41:26.218+0300][8,437s][info][gc] GC(67) Pause Young (Allocation Failure) 336M->227M(494M) 56,001ms
[2024-08-04T16:41:26.325+0300][8,543s][info][gc] GC(68) Pause Young (Allocation Failure) 363M->254M(494M) 76,502ms
[2024-08-04T16:41:26.428+0300][8,647s][info][gc] GC(69) Pause Young (Allocation Failure) 391M->281M(494M) 76,099ms
[2024-08-04T16:41:26.531+0300][8,749s][info][gc] GC(70) Pause Young (Allocation Failure) 418M->309M(494M) 76,746ms
[2024-08-04T16:41:26.629+0300][8,848s][info][gc] GC(71) Pause Young (Allocation Failure) 445M->336M(494M) 73,212ms
[2024-08-04T16:41:26.657+0300][8,875s][info][gc] GC(72) Pause Young (Allocation Failure) 473M->473M(494M) 0,073ms
[2024-08-04T16:41:27.042+0300][9,261s][info][gc] GC(73) Pause Full (Allocation Failure) 473M->203M(494M) 385,119ms
[2024-08-04T16:41:27.175+0300][9,394s][info][gc] GC(74) Pause Young (Allocation Failure) 340M->231M(494M) 56,005ms
[2024-08-04T16:41:27.290+0300][9,509s][info][gc] GC(75) Pause Young (Allocation Failure) 367M->233M(494M) 42,877ms
[2024-08-04T16:41:27.388+0300][9,607s][info][gc] GC(76) Pause Young (Allocation Failure) 370M->261M(494M) 71,720ms
[2024-08-04T16:41:27.490+0300][9,709s][info][gc] GC(77) Pause Young (Allocation Failure) 397M->288M(494M) 76,530ms
[2024-08-04T16:41:27.592+0300][9,810s][info][gc] GC(78) Pause Young (Allocation Failure) 425M->315M(494M) 76,305ms
[2024-08-04T16:41:27.618+0300][9,836s][info][gc] GC(79) Pause Young (Allocation Failure) 452M->452M(494M) 0,064ms
[2024-08-04T16:41:27.946+0300][10,165s][info][gc] GC(80) Pause Full (Allocation Failure) 452M->166M(494M) 328,250ms
[2024-08-04T16:41:28.068+0300][10,287s][info][gc] GC(81) Pause Young (Allocation Failure) 302M->193M(494M) 52,787ms
[2024-08-04T16:41:28.218+0300][10,437s][info][gc] GC(82) Pause Young (Allocation Failure) 329M->220M(494M) 76,931ms
[2024-08-04T16:41:28.270+0300][10,488s][info][gc] GC(83) Pause Young (Allocation Failure) 357M->213M(494M) 22,957ms
[2024-08-04T16:41:28.364+0300][10,582s][info][gc] GC(84) Pause Young (Allocation Failure) 349M->240M(494M) 67,459ms
[2024-08-04T16:41:28.463+0300][10,681s][info][gc] GC(85) Pause Young (Allocation Failure) 377M->267M(494M) 73,339ms
[2024-08-04T16:41:28.565+0300][10,783s][info][gc] GC(86) Pause Young (Allocation Failure) 404M->295M(494M) 76,086ms
[2024-08-04T16:41:28.668+0300][10,886s][info][gc] GC(87) Pause Young (Allocation Failure) 431M->322M(494M) 76,840ms
[2024-08-04T16:41:28.694+0300][10,913s][info][gc] GC(88) Pause Young (Allocation Failure) 458M->458M(494M) 0,063ms
[2024-08-04T16:41:29.047+0300][11,266s][info][gc] GC(89) Pause Full (Allocation Failure) 458M->183M(494M) 353,178ms
[2024-08-04T16:41:29.126+0300][11,345s][info][gc] GC(90) Pause Young (Allocation Failure) 319M->210M(494M) 52,715ms
[2024-08-04T16:41:29.271+0300][11,490s][info][gc] GC(91) Pause Young (Allocation Failure) 346M->237M(494M) 76,218ms
[2024-08-04T16:41:29.401+0300][11,619s][info][gc] GC(92) Pause Young (Allocation Failure) 374M->247M(494M) 55,921ms
[2024-08-04T16:41:29.504+0300][11,722s][info][gc] GC(93) Pause Young (Allocation Failure) 383M->274M(494M) 76,449ms
[2024-08-04T16:41:29.603+0300][11,821s][info][gc] GC(94) Pause Young (Allocation Failure) 410M->301M(494M) 73,271ms
[2024-08-04T16:41:29.736+0300][11,955s][info][gc] GC(95) Pause Young (Allocation Failure) 438M->329M(494M) 76,285ms
[2024-08-04T16:41:29.805+0300][12,024s][info][gc] GC(96) Pause Young (Allocation Failure) 465M->465M(494M) 0,064ms
[2024-08-04T16:41:30.149+0300][12,367s][info][gc] GC(97) Pause Full (Allocation Failure) 465M->172M(494M) 343,659ms
[2024-08-04T16:41:30.273+0300][12,491s][info][gc] GC(98) Pause Young (Allocation Failure) 309M->199M(494M) 55,806ms
[2024-08-04T16:41:30.415+0300][12,633s][info][gc] GC(99) Pause Young (Allocation Failure) 336M->227M(494M) 72,467ms
[2024-08-04T16:41:30.479+0300][12,697s][info][gc] GC(100) Pause Young (Allocation Failure) 363M->226M(494M) 35,000ms
[2024-08-04T16:41:30.579+0300][12,798s][info][gc] GC(101) Pause Young (Allocation Failure) 362M->253M(494M) 74,420ms
[2024-08-04T16:41:30.682+0300][12,901s][info][gc] GC(102) Pause Young (Allocation Failure) 390M->281M(494M) 76,865ms
[2024-08-04T16:41:30.782+0300][13,000s][info][gc] GC(103) Pause Young (Allocation Failure) 417M->308M(494M) 73,361ms
[2024-08-04T16:41:30.885+0300][13,103s][info][gc] GC(104) Pause Young (Allocation Failure) 444M->335M(494M) 77,115ms
[2024-08-04T16:41:30.911+0300][13,130s][info][gc] GC(105) Pause Young (Allocation Failure) 472M->472M(494M) 0,065ms
[2024-08-04T16:41:31.275+0300][13,493s][info][gc] GC(106) Pause Full (Allocation Failure) 472M->189M(494M) 363,800ms
[2024-08-04T16:41:31.400+0300][13,619s][info][gc] GC(107) Pause Young (Allocation Failure) 326M->216M(494M) 56,499ms
[2024-08-04T16:41:31.486+0300][13,705s][info][gc] GC(108) Pause Young (Allocation Failure) 353M->205M(494M) 14,727ms
[2024-08-04T16:41:31.576+0300][13,794s][info][gc] GC(109) Pause Young (Allocation Failure) 342M->233M(494M) 62,758ms
[2024-08-04T16:41:31.679+0300][13,897s][info][gc] GC(110) Pause Young (Allocation Failure) 369M->260M(494M) 77,111ms
[2024-08-04T16:41:31.780+0300][13,999s][info][gc] GC(111) Pause Young (Allocation Failure) 396M->287M(494M) 75,787ms
[2024-08-04T16:41:31.879+0300][14,098s][info][gc] GC(112) Pause Young (Allocation Failure) 424M->314M(494M) 73,204ms
[2024-08-04T16:41:31.982+0300][14,200s][info][gc] GC(113) Pause Young (Allocation Failure) 451M->342M(494M) 76,667ms
[2024-08-04T16:41:32.051+0300][14,269s][info][gc] GC(114) Pause Young (Allocation Failure) 478M->478M(494M) 0,071ms
[2024-08-04T16:41:32.446+0300][14,665s][info][gc] GC(115) Pause Full (Allocation Failure) 478M->206M(494M) 395,683ms
[2024-08-04T16:41:32.570+0300][14,789s][info][gc] GC(116) Pause Young (Allocation Failure) 343M->233M(494M) 55,752ms
[2024-08-04T16:41:32.689+0300][14,907s][info][gc] GC(117) Pause Young (Allocation Failure) 370M->239M(494M) 45,818ms
[2024-08-04T16:41:32.791+0300][15,009s][info][gc] GC(118) Pause Young (Allocation Failure) 376M->266M(494M) 76,172ms
[2024-08-04T16:41:32.893+0300][15,112s][info][gc] GC(119) Pause Young (Allocation Failure) 403M->294M(494M) 76,742ms
[2024-08-04T16:41:32.996+0300][15,215s][info][gc] GC(120) Pause Young (Allocation Failure) 430M->321M(494M) 76,444ms
[2024-08-04T16:41:33.065+0300][15,284s][info][gc] GC(121) Pause Young (Allocation Failure) 457M->457M(494M) 0,064ms
[2024-08-04T16:41:33.397+0300][15,616s][info][gc] GC(122) Pause Full (Allocation Failure) 457M->168M(494M) 332,108ms
[2024-08-04T16:41:33.521+0300][15,739s][info][gc] GC(123) Pause Young (Allocation Failure) 305M->196M(494M) 55,484ms
[2024-08-04T16:41:33.666+0300][15,884s][info][gc] GC(124) Pause Young (Allocation Failure) 332M->223M(494M) 76,554ms
[2024-08-04T16:41:33.724+0300][15,942s][info][gc] GC(125) Pause Young (Allocation Failure) 359M->218M(494M) 27,906ms
