[2024-08-04T16:43:19.271+0300][0.005s][info][gc] Using Serial
[2024-08-04T16:43:20.338+0300][1,072s][info][gc] GC(0) Pause Young (Allocation Failure) 956M->190M(3464M) 451,904ms
[2024-08-04T16:43:20.938+0300][1,672s][info][gc] GC(1) Pause Young (Allocation Failure) 1146M->252M(3464M) 375,272ms
[2024-08-04T16:43:21.335+0300][2,070s][info][gc] GC(2) Pause Young (Allocation Failure) 1208M->304M(3464M) 213,341ms
[2024-08-04T16:43:21.772+0300][2,506s][info][gc] GC(3) Pause Young (Allocation Failure) 1260M->310M(3464M) 251,110ms
[2024-08-04T16:43:22.180+0300][2,915s][info][gc] GC(4) Pause Young (Allocation Failure) 1266M->306M(3464M) 226,815ms
[2024-08-04T16:43:22.587+0300][3,321s][info][gc] GC(5) Pause Young (Allocation Failure) 1262M->296M(3464M) 223,961ms
[2024-08-04T16:43:22.957+0300][3,692s][info][gc] GC(6) Pause Young (Allocation Failure) 1251M->285M(3464M) 189,331ms
[2024-08-04T16:43:23.322+0300][4,056s][info][gc] GC(7) Pause Young (Allocation Failure) 1241M->275M(3464M) 183,915ms
[2024-08-04T16:43:23.653+0300][4,387s][info][gc] GC(8) Pause Young (Allocation Failure) 1231M->265M(3464M) 149,875ms
[2024-08-04T16:43:23.962+0300][4,696s][info][gc] GC(9) Pause Young (Allocation Failure) 1221M->255M(3464M) 128,792ms
[2024-08-04T16:43:24.258+0300][4,992s][info][gc] GC(10) Pause Young (Allocation Failure) 1210M->244M(3464M) 115,411ms
[2024-08-04T16:43:24.540+0300][5,274s][info][gc] GC(11) Pause Young (Allocation Failure) 1200M->234M(3464M) 100,552ms
[2024-08-04T16:43:24.798+0300][5,533s][info][gc] GC(12) Pause Young (Allocation Failure) 1190M->224M(3464M) 77,917ms
[2024-08-04T16:43:25.037+0300][5,771s][info][gc] GC(13) Pause Young (Allocation Failure) 1180M->214M(3464M) 58,053ms
[2024-08-04T16:43:25.255+0300][5,989s][info][gc] GC(14) Pause Young (Allocation Failure) 1169M->203M(3464M) 38,234ms
[2024-08-04T16:43:25.484+0300][6,218s][info][gc] GC(15) Pause Young (Allocation Failure) 1159M->193M(3464M) 48,588ms
