[2024-08-04T16:42:20.836+0300][0.005s][info][gc] Using Serial
[2024-08-04T16:42:21.412+0300][0,582s][info][gc] GC(0) Pause Young (Allocation Failure) 478M->95M(1732M) 205,230ms
[2024-08-04T16:42:21.795+0300][0,964s][info][gc] GC(1) Pause Young (Allocation Failure) 573M->195M(1732M) 289,180ms
[2024-08-04T16:42:22.034+0300][1,203s][info][gc] GC(2) Pause Young (Allocation Failure) 673M->228M(1732M) 126,066ms
[2024-08-04T16:42:22.335+0300][1,504s][info][gc] GC(3) Pause Young (Allocation Failure) 706M->323M(1732M) 203,730ms
[2024-08-04T16:42:22.532+0300][1,701s][info][gc] GC(4) Pause Young (Allocation Failure) 801M->311M(1732M) 105,794ms
[2024-08-04T16:42:22.893+0300][2,062s][info][gc] GC(5) Pause Young (Allocation Failure) 789M->406M(1732M) 273,296ms
[2024-08-04T16:42:23.076+0300][2,245s][info][gc] GC(6) Pause Young (Allocation Failure) 884M->383M(1732M) 86,285ms
[2024-08-04T16:42:23.434+0300][2,603s][info][gc] GC(7) Pause Young (Allocation Failure) 861M->479M(1732M) 271,581ms
[2024-08-04T16:42:23.592+0300][2,761s][info][gc] GC(8) Pause Young (Allocation Failure) 957M->446M(1732M) 66,256ms
[2024-08-04T16:42:23.923+0300][3,092s][info][gc] GC(9) Pause Young (Allocation Failure) 924M->541M(1732M) 244,353ms
[2024-08-04T16:42:24.060+0300][3,229s][info][gc] GC(10) Pause Young (Allocation Failure) 1019M->498M(1732M) 45,181ms
[2024-08-04T16:42:24.385+0300][3,554s][info][gc] GC(11) Pause Young (Allocation Failure) 976M->593M(1732M) 239,267ms
[2024-08-04T16:42:24.500+0300][3,669s][info][gc] GC(12) Pause Young (Allocation Failure) 1071M->540M(1732M) 25,241ms
[2024-08-04T16:42:24.809+0300][3,979s][info][gc] GC(13) Pause Young (Allocation Failure) 1018M->635M(1732M) 222,380ms
[2024-08-04T16:42:25.195+0300][4,364s][info][gc] GC(14) Pause Young (Allocation Failure) 1113M->731M(1732M) 296,344ms
[2024-08-04T16:42:25.496+0300][4,665s][info][gc] GC(15) Pause Young (Allocation Failure) 1209M->763M(1732M) 209,494ms
[2024-08-04T16:42:25.878+0300][5,048s][info][gc] GC(16) Pause Young (Allocation Failure) 1241M->858M(1732M) 294,980ms
[2024-08-04T16:42:26.143+0300][5,312s][info][gc] GC(17) Pause Young (Allocation Failure) 1336M->880M(1732M) 173,219ms
[2024-08-04T16:42:26.526+0300][5,695s][info][gc] GC(18) Pause Young (Allocation Failure) 1358M->975M(1732M) 294,588ms
[2024-08-04T16:42:26.767+0300][5,936s][info][gc] GC(19) Pause Young (Allocation Failure) 1453M->986M(1732M) 149,474ms
[2024-08-04T16:42:27.151+0300][6,320s][info][gc] GC(20) Pause Young (Allocation Failure) 1464M->1082M(1732M) 295,575ms
[2024-08-04T16:42:27.376+0300][6,545s][info][gc] GC(21) Pause Young (Allocation Failure) 1560M->1083M(1732M) 133,373ms
[2024-08-04T16:42:27.756+0300][6,925s][info][gc] GC(22) Pause Young (Allocation Failure) 1561M->1178M(1732M) 292,005ms
[2024-08-04T16:42:27.847+0300][7,016s][info][gc] GC(23) Pause Young (Allocation Failure) 1656M->1656M(1732M) 0,064ms
[2024-08-04T16:42:28.378+0300][7,547s][info][gc] GC(24) Pause Full (Allocation Failure) 1656M->121M(1732M) 530,886ms
[2024-08-04T16:42:28.666+0300][7,835s][info][gc] GC(25) Pause Young (Allocation Failure) 599M->217M(1732M) 198,465ms
[2024-08-04T16:42:28.844+0300][8,014s][info][gc] GC(26) Pause Young (Allocation Failure) 695M->197M(1732M) 86,665ms
[2024-08-04T16:42:29.162+0300][8,331s][info][gc] GC(27) Pause Young (Allocation Failure) 675M->293M(1732M) 230,067ms
[2024-08-04T16:42:29.322+0300][8,491s][info][gc] GC(28) Pause Young (Allocation Failure) 771M->263M(1732M) 68,207ms
[2024-08-04T16:42:29.631+0300][8,800s][info][gc] GC(29) Pause Young (Allocation Failure) 741M->359M(1732M) 220,242ms
[2024-08-04T16:42:29.773+0300][8,942s][info][gc] GC(30) Pause Young (Allocation Failure) 836M->318M(1732M) 50,205ms
[2024-08-04T16:42:30.071+0300][9,240s][info][gc] GC(31) Pause Young (Allocation Failure) 796M->414M(1732M) 211,003ms
[2024-08-04T16:42:30.194+0300][9,363s][info][gc] GC(32) Pause Young (Allocation Failure) 892M->364M(1732M) 32,335ms
