[2024-08-04T16:42:48.493+0300][0.005s][info][gc] Using Serial
[2024-08-04T16:42:49.304+0300][0,816s][info][gc] GC(0) Pause Young (Allocation Failure) 683M->136M(2474M) 328,783ms
[2024-08-04T16:42:49.575+0300][1,087s][info][gc] GC(1) Pause Young (Allocation Failure) 818M->127M(2474M) 118,956ms
[2024-08-04T16:42:50.005+0300][1,517s][info][gc] GC(2) Pause Young (Allocation Failure) 809M->263M(2474M) 294,299ms
[2024-08-04T16:42:50.373+0300][1,885s][info][gc] GC(3) Pause Young (Allocation Failure) 946M->290M(2474M) 236,048ms
[2024-08-04T16:42:50.613+0300][2,125s][info][gc] GC(4) Pause Young (Allocation Failure) 973M->252M(2474M) 104,562ms
[2024-08-04T16:42:51.102+0300][2,614s][info][gc] GC(5) Pause Young (Allocation Failure) 935M->389M(2474M) 361,389ms
[2024-08-04T16:42:51.485+0300][2,997s][info][gc] GC(6) Pause Young (Allocation Failure) 1072M->423M(2474M) 249,989ms
[2024-08-04T16:42:51.728+0300][3,240s][info][gc] GC(7) Pause Young (Allocation Failure) 1105M->392M(2474M) 112,715ms
[2024-08-04T16:42:52.227+0300][3,739s][info][gc] GC(8) Pause Young (Allocation Failure) 1074M->528M(2474M) 371,442ms
[2024-08-04T16:42:52.626+0300][4,138s][info][gc] GC(9) Pause Young (Allocation Failure) 1211M->569M(2474M) 266,915ms
[2024-08-04T16:42:52.884+0300][4,396s][info][gc] GC(10) Pause Young (Allocation Failure) 1252M->545M(2474M) 125,297ms
[2024-08-04T16:42:53.411+0300][4,923s][info][gc] GC(11) Pause Young (Allocation Failure) 1227M->681M(2474M) 398,916ms
[2024-08-04T16:42:53.845+0300][5,357s][info][gc] GC(12) Pause Young (Allocation Failure) 1364M->728M(2474M) 301,907ms
[2024-08-04T16:42:54.127+0300][5,639s][info][gc] GC(13) Pause Young (Allocation Failure) 1411M->711M(2474M) 151,083ms
[2024-08-04T16:42:54.279+0300][5,791s][info][gc] GC(14) Pause Young (Allocation Failure) 1394M->646M(2474M) 20,344ms
[2024-08-04T16:42:54.718+0300][6,230s][info][gc] GC(15) Pause Young (Allocation Failure) 1329M->783M(2474M) 310,387ms
[2024-08-04T16:42:55.013+0300][6,525s][info][gc] GC(16) Pause Young (Allocation Failure) 1465M->772M(2474M) 162,734ms
[2024-08-04T16:42:55.177+0300][6,689s][info][gc] GC(17) Pause Young (Allocation Failure) 1455M->707M(2474M) 33,397ms
[2024-08-04T16:42:55.606+0300][7,118s][info][gc] GC(18) Pause Young (Allocation Failure) 1390M->843M(2474M) 301,067ms
[2024-08-04T16:42:55.904+0300][7,416s][info][gc] GC(19) Pause Young (Allocation Failure) 1526M->840M(2474M) 165,425ms
[2024-08-04T16:42:56.086+0300][7,598s][info][gc] GC(20) Pause Young (Allocation Failure) 1522M->775M(2474M) 50,476ms
[2024-08-04T16:42:56.525+0300][8,037s][info][gc] GC(21) Pause Young (Allocation Failure) 1457M->911M(2474M) 309,626ms
