[2024-08-04T16:41:33.856+0300][0.005s][info][gc] Using Serial
[2024-08-04T16:41:34.193+0300][0,342s][info][gc] GC(0) Pause Young (Allocation Failure) 205M->41M(742M) 125,369ms
[2024-08-04T16:41:34.357+0300][0,506s][info][gc] GC(1) Pause Young (Allocation Failure) 246M->84M(742M) 123,363ms
[2024-08-04T16:41:34.498+0300][0,646s][info][gc] GC(2) Pause Young (Allocation Failure) 289M->127M(742M) 103,194ms
[2024-08-04T16:41:34.627+0300][0,776s][info][gc] GC(3) Pause Young (Allocation Failure) 332M->171M(742M) 87,784ms
[2024-08-04T16:41:34.769+0300][0,917s][info][gc] GC(4) Pause Young (Allocation Failure) 376M->212M(742M) 81,180ms
[2024-08-04T16:41:34.910+0300][1,058s][info][gc] GC(5) Pause Young (Allocation Failure) 417M->268M(742M) 91,597ms
[2024-08-04T16:41:35.071+0300][1,219s][info][gc] GC(6) Pause Young (Allocation Failure) 473M->309M(742M) 123,295ms
[2024-08-04T16:41:35.242+0300][1,390s][info][gc] GC(7) Pause Young (Allocation Failure) 514M->350M(742M) 133,984ms
[2024-08-04T16:41:35.469+0300][1,617s][info][gc] GC(8) Pause Young (Allocation Failure) 555M->391M(742M) 134,235ms
[2024-08-04T16:41:35.636+0300][1,785s][info][gc] GC(9) Pause Young (Allocation Failure) 596M->432M(742M) 127,123ms
[2024-08-04T16:41:35.745+0300][1,893s][info][gc] GC(10) Pause Young (Allocation Failure) 637M->430M(742M) 49,323ms
[2024-08-04T16:41:35.910+0300][2,059s][info][gc] GC(11) Pause Young (Allocation Failure) 635M->471M(742M) 128,243ms
[2024-08-04T16:41:36.076+0300][2,224s][info][gc] GC(12) Pause Young (Allocation Failure) 676M->512M(742M) 127,704ms
[2024-08-04T16:41:36.113+0300][2,262s][info][gc] GC(13) Pause Young (Allocation Failure) 717M->717M(742M) 0,064ms
[2024-08-04T16:41:36.544+0300][2,692s][info][gc] GC(14) Pause Full (Allocation Failure) 717M->198M(742M) 430,111ms
[2024-08-04T16:41:36.714+0300][2,863s][info][gc] GC(15) Pause Young (Allocation Failure) 403M->239M(742M) 80,408ms
[2024-08-04T16:41:36.821+0300][2,969s][info][gc] GC(16) Pause Young (Allocation Failure) 444M->240M(742M) 59,232ms
[2024-08-04T16:41:36.968+0300][3,117s][info][gc] GC(17) Pause Young (Allocation Failure) 445M->281M(742M) 109,558ms
[2024-08-04T16:41:37.169+0300][3,317s][info][gc] GC(18) Pause Young (Allocation Failure) 486M->322M(742M) 110,695ms
[2024-08-04T16:41:37.322+0300][3,471s][info][gc] GC(19) Pause Young (Allocation Failure) 527M->363M(742M) 116,095ms
[2024-08-04T16:41:37.470+0300][3,619s][info][gc] GC(20) Pause Young (Allocation Failure) 568M->404M(742M) 110,745ms
[2024-08-04T16:41:37.577+0300][3,726s][info][gc] GC(21) Pause Young (Allocation Failure) 609M->409M(742M) 66,229ms
[2024-08-04T16:41:37.730+0300][3,879s][info][gc] GC(22) Pause Young (Allocation Failure) 614M->450M(742M) 115,196ms
[2024-08-04T16:41:37.877+0300][4,026s][info][gc] GC(23) Pause Young (Allocation Failure) 655M->491M(742M) 109,749ms
[2024-08-04T16:41:37.915+0300][4,063s][info][gc] GC(24) Pause Young (Allocation Failure) 696M->696M(742M) 0,073ms
[2024-08-04T16:41:38.343+0300][4,491s][info][gc] GC(25) Pause Full (Allocation Failure) 696M->205M(742M) 427,971ms
[2024-08-04T16:41:38.509+0300][4,657s][info][gc] GC(26) Pause Young (Allocation Failure) 410M->246M(742M) 85,021ms
[2024-08-04T16:41:38.617+0300][4,765s][info][gc] GC(27) Pause Young (Allocation Failure) 451M->254M(742M) 68,104ms
[2024-08-04T16:41:38.763+0300][4,912s][info][gc] GC(28) Pause Young (Allocation Failure) 459M->295M(742M) 109,546ms
[2024-08-04T16:41:38.965+0300][5,114s][info][gc] GC(29) Pause Young (Allocation Failure) 500M->336M(742M) 111,421ms
[2024-08-04T16:41:39.116+0300][5,264s][info][gc] GC(30) Pause Young (Allocation Failure) 541M->377M(742M) 110,785ms
[2024-08-04T16:41:39.264+0300][5,412s][info][gc] GC(31) Pause Young (Allocation Failure) 582M->418M(742M) 110,502ms
[2024-08-04T16:41:39.432+0300][5,580s][info][gc] GC(32) Pause Young (Allocation Failure) 623M->430M(742M) 76,167ms
[2024-08-04T16:41:39.581+0300][5,729s][info][gc] GC(33) Pause Young (Allocation Failure) 635M->471M(742M) 111,040ms
[2024-08-04T16:41:39.730+0300][5,878s][info][gc] GC(34) Pause Young (Allocation Failure) 676M->512M(742M) 111,546ms
[2024-08-04T16:41:39.767+0300][5,916s][info][gc] GC(35) Pause Young (Allocation Failure) 716M->716M(742M) 0,064ms
[2024-08-04T16:41:40.215+0300][6,363s][info][gc] GC(36) Pause Full (Allocation Failure) 716M->212M(742M) 447,774ms
[2024-08-04T16:41:40.332+0300][6,480s][info][gc] GC(37) Pause Young (Allocation Failure) 416M->253M(742M) 79,352ms
[2024-08-04T16:41:40.455+0300][6,603s][info][gc] GC(38) Pause Young (Allocation Failure) 457M->268M(742M) 82,654ms
[2024-08-04T16:41:40.602+0300][6,750s][info][gc] GC(39) Pause Young (Allocation Failure) 473M->309M(742M) 109,835ms
[2024-08-04T16:41:40.750+0300][6,898s][info][gc] GC(40) Pause Young (Allocation Failure) 514M->350M(742M) 110,777ms
[2024-08-04T16:41:40.897+0300][7,046s][info][gc] GC(41) Pause Young (Allocation Failure) 555M->391M(742M) 109,978ms
[2024-08-04T16:41:40.960+0300][7,109s][info][gc] GC(42) Pause Young (Allocation Failure) 596M->368M(742M) 12,500ms
[2024-08-04T16:41:41.083+0300][7,232s][info][gc] GC(43) Pause Young (Allocation Failure) 573M->409M(742M) 85,185ms
[2024-08-04T16:41:41.232+0300][7,380s][info][gc] GC(44) Pause Young (Allocation Failure) 614M->450M(742M) 110,980ms
[2024-08-04T16:41:41.379+0300][7,527s][info][gc] GC(45) Pause Young (Allocation Failure) 655M->491M(742M) 109,661ms
[2024-08-04T16:41:41.416+0300][7,565s][info][gc] GC(46) Pause Young (Allocation Failure) 696M->696M(742M) 0,073ms
[2024-08-04T16:41:41.873+0300][8,021s][info][gc] GC(47) Pause Full (Allocation Failure) 696M->203M(742M) 456,377ms
[2024-08-04T16:41:41.929+0300][8,077s][info][gc] GC(48) Pause Young (Allocation Failure) 408M->210M(742M) 15,436ms
[2024-08-04T16:41:42.054+0300][8,202s][info][gc] GC(49) Pause Young (Allocation Failure) 415M->251M(742M) 87,450ms
[2024-08-04T16:41:42.251+0300][8,399s][info][gc] GC(50) Pause Young (Allocation Failure) 456M->292M(742M) 110,799ms
[2024-08-04T16:41:42.398+0300][8,546s][info][gc] GC(51) Pause Young (Allocation Failure) 497M->333M(742M) 109,713ms
[2024-08-04T16:41:42.557+0300][8,705s][info][gc] GC(52) Pause Young (Allocation Failure) 538M->374M(742M) 110,646ms
[2024-08-04T16:41:42.622+0300][8,771s][info][gc] GC(53) Pause Young (Allocation Failure) 579M->359M(742M) 24,616ms
[2024-08-04T16:41:42.751+0300][8,900s][info][gc] GC(54) Pause Young (Allocation Failure) 563M->400M(742M) 91,532ms
[2024-08-04T16:41:42.900+0300][9,048s][info][gc] GC(55) Pause Young (Allocation Failure) 604M->440M(742M) 110,868ms
[2024-08-04T16:41:43.048+0300][9,196s][info][gc] GC(56) Pause Young (Allocation Failure) 645M->481M(742M) 110,145ms
[2024-08-04T16:41:43.138+0300][9,286s][info][gc] GC(57) Pause Young (Allocation Failure) 686M->686M(742M) 0,064ms
[2024-08-04T16:41:43.601+0300][9,750s][info][gc] GC(58) Pause Full (Allocation Failure) 686M->210M(742M) 463,383ms
[2024-08-04T16:41:43.673+0300][9,821s][info][gc] GC(59) Pause Young (Allocation Failure) 415M->224M(742M) 28,348ms
[2024-08-04T16:41:43.804+0300][9,953s][info][gc] GC(60) Pause Young (Allocation Failure) 429M->265M(742M) 94,493ms
[2024-08-04T16:41:43.973+0300][10,121s][info][gc] GC(61) Pause Young (Allocation Failure) 470M->306M(742M) 111,525ms
[2024-08-04T16:41:44.173+0300][10,321s][info][gc] GC(62) Pause Young (Allocation Failure) 511M->347M(742M) 110,549ms
[2024-08-04T16:41:44.322+0300][10,470s][info][gc] GC(63) Pause Young (Allocation Failure) 552M->388M(742M) 111,083ms
[2024-08-04T16:41:44.449+0300][10,597s][info][gc] GC(64) Pause Young (Allocation Failure) 593M->379M(742M) 36,732ms
[2024-08-04T16:41:44.585+0300][10,733s][info][gc] GC(65) Pause Young (Allocation Failure) 584M->420M(742M) 98,513ms
[2024-08-04T16:41:44.734+0300][10,883s][info][gc] GC(66) Pause Young (Allocation Failure) 625M->461M(742M) 111,430ms
[2024-08-04T16:41:44.881+0300][11,030s][info][gc] GC(67) Pause Young (Allocation Failure) 666M->502M(742M) 109,738ms
[2024-08-04T16:41:44.970+0300][11,119s][info][gc] GC(68) Pause Young (Allocation Failure) 707M->707M(742M) 0,075ms
[2024-08-04T16:41:45.448+0300][11,597s][info][gc] GC(69) Pause Full (Allocation Failure) 707M->217M(742M) 477,933ms
[2024-08-04T16:41:45.530+0300][11,679s][info][gc] GC(70) Pause Young (Allocation Failure) 422M->238M(742M) 40,912ms
[2024-08-04T16:41:45.671+0300][11,819s][info][gc] GC(71) Pause Young (Allocation Failure) 442M->279M(742M) 103,448ms
[2024-08-04T16:41:45.823+0300][11,972s][info][gc] GC(72) Pause Young (Allocation Failure) 483M->320M(742M) 110,944ms
[2024-08-04T16:41:46.024+0300][12,173s][info][gc] GC(73) Pause Young (Allocation Failure) 524M->361M(742M) 110,668ms
[2024-08-04T16:41:46.173+0300][12,321s][info][gc] GC(74) Pause Young (Allocation Failure) 565M->401M(742M) 110,201ms
[2024-08-04T16:41:46.314+0300][12,462s][info][gc] GC(75) Pause Young (Allocation Failure) 606M->400M(742M) 49,956ms
[2024-08-04T16:41:46.460+0300][12,609s][info][gc] GC(76) Pause Young (Allocation Failure) 605M->441M(742M) 108,022ms
[2024-08-04T16:41:46.609+0300][12,758s][info][gc] GC(77) Pause Young (Allocation Failure) 646M->482M(742M) 110,928ms
[2024-08-04T16:41:46.691+0300][12,839s][info][gc] GC(78) Pause Young (Allocation Failure) 687M->687M(742M) 0,073ms
[2024-08-04T16:41:47.113+0300][13,262s][info][gc] GC(79) Pause Full (Allocation Failure) 687M->183M(742M) 422,496ms
[2024-08-04T16:41:47.234+0300][13,382s][info][gc] GC(80) Pause Young (Allocation Failure) 388M->224M(742M) 80,615ms
[2024-08-04T16:41:47.380+0300][13,528s][info][gc] GC(81) Pause Young (Allocation Failure) 429M->226M(742M) 55,421ms
