[2024-08-04T16:43:04.210+0300][0.005s][info][gc] Using Serial
[2024-08-04T16:43:05.139+0300][0,933s][info][gc] GC(0) Pause Young (Allocation Failure) 820M->164M(2969M) 383,105ms
[2024-08-04T16:43:05.568+0300][1,363s][info][gc] GC(1) Pause Young (Allocation Failure) 984M->191M(2969M) 242,331ms
[2024-08-04T16:43:05.830+0300][1,625s][info][gc] GC(2) Pause Young (Allocation Failure) 1010M->180M(2969M) 98,556ms
[2024-08-04T16:43:06.039+0300][1,833s][info][gc] GC(3) Pause Young (Allocation Failure) 999M->142M(2969M) 48,535ms
[2024-08-04T16:43:06.585+0300][2,380s][info][gc] GC(4) Pause Young (Allocation Failure) 961M->306M(2969M) 394,601ms
[2024-08-04T16:43:07.063+0300][2,857s][info][gc] GC(5) Pause Young (Allocation Failure) 1125M->348M(2969M) 321,658ms
[2024-08-04T16:43:07.446+0300][3,241s][info][gc] GC(6) Pause Young (Allocation Failure) 1167M->353M(2969M) 228,664ms
[2024-08-04T16:43:07.757+0300][3,551s][info][gc] GC(7) Pause Young (Allocation Failure) 1172M->320M(2969M) 155,251ms
[2024-08-04T16:43:07.989+0300][3,783s][info][gc] GC(8) Pause Young (Allocation Failure) 1139M->282M(2969M) 76,574ms
[2024-08-04T16:43:08.557+0300][4,351s][info][gc] GC(9) Pause Young (Allocation Failure) 1102M->446M(2969M) 416,266ms
[2024-08-04T16:43:09.043+0300][4,837s][info][gc] GC(10) Pause Young (Allocation Failure) 1265M->502M(2969M) 330,703ms
[2024-08-04T16:43:09.467+0300][5,261s][info][gc] GC(11) Pause Young (Allocation Failure) 1321M->520M(2969M) 263,866ms
[2024-08-04T16:43:09.802+0300][5,596s][info][gc] GC(12) Pause Young (Allocation Failure) 1339M->501M(2969M) 178,639ms
[2024-08-04T16:43:10.066+0300][5,860s][info][gc] GC(13) Pause Young (Allocation Failure) 1320M->463M(2969M) 106,325ms
[2024-08-04T16:43:10.252+0300][6,046s][info][gc] GC(14) Pause Young (Allocation Failure) 1282M->426M(2969M) 31,181ms
[2024-08-04T16:43:10.779+0300][6,573s][info][gc] GC(15) Pause Young (Allocation Failure) 1245M->589M(2969M) 375,423ms
[2024-08-04T16:43:11.230+0300][7,024s][info][gc] GC(16) Pause Young (Allocation Failure) 1409M->621M(2969M) 296,213ms
[2024-08-04T16:43:11.591+0300][7,385s][info][gc] GC(17) Pause Young (Allocation Failure) 1441M->615M(2969M) 204,793ms
