[2024-08-04T16:41:47.523+0300][0.003s][info][gc] Using Serial
[2024-08-04T16:41:47.909+0300][0,388s][info][gc] GC(0) Pause Young (Allocation Failure) 274M->55M(989M) 154,608ms
[2024-08-04T16:41:48.125+0300][0,604s][info][gc] GC(1) Pause Young (Allocation Failure) 328M->113M(989M) 160,700ms
[2024-08-04T16:41:48.305+0300][0,784s][info][gc] GC(2) Pause Young (Allocation Failure) 386M->170M(989M) 129,258ms
[2024-08-04T16:41:48.466+0300][0,946s][info][gc] GC(3) Pause Young (Allocation Failure) 443M->230M(989M) 111,778ms
[2024-08-04T16:41:48.636+0300][1,116s][info][gc] GC(4) Pause Young (Allocation Failure) 503M->242M(989M) 99,518ms
[2024-08-04T16:41:48.863+0300][1,343s][info][gc] GC(5) Pause Young (Allocation Failure) 515M->297M(989M) 175,946ms
[2024-08-04T16:41:49.139+0300][1,618s][info][gc] GC(6) Pause Young (Allocation Failure) 570M->351M(989M) 170,126ms
[2024-08-04T16:41:49.217+0300][1,696s][info][gc] GC(7) Pause Young (Allocation Failure) 624M->326M(989M) 24,774ms
[2024-08-04T16:41:49.399+0300][1,879s][info][gc] GC(8) Pause Young (Allocation Failure) 599M->381M(989M) 131,910ms
[2024-08-04T16:41:49.619+0300][2,098s][info][gc] GC(9) Pause Young (Allocation Failure) 654M->435M(989M) 169,433ms
[2024-08-04T16:41:49.838+0300][2,318s][info][gc] GC(10) Pause Young (Allocation Failure) 708M->490M(989M) 169,180ms
[2024-08-04T16:41:49.958+0300][2,437s][info][gc] GC(11) Pause Young (Allocation Failure) 763M->481M(989M) 61,259ms
[2024-08-04T16:41:50.162+0300][2,642s][info][gc] GC(12) Pause Young (Allocation Failure) 755M->536M(989M) 154,737ms
[2024-08-04T16:41:50.393+0300][2,873s][info][gc] GC(13) Pause Young (Allocation Failure) 809M->591M(989M) 170,729ms
[2024-08-04T16:41:50.658+0300][3,138s][info][gc] GC(14) Pause Young (Allocation Failure) 864M->645M(989M) 168,891ms
[2024-08-04T16:41:50.712+0300][3,191s][info][gc] GC(15) Pause Young (Allocation Failure) 918M->918M(989M) 0,065ms
[2024-08-04T16:41:51.041+0300][3,521s][info][gc] GC(16) Pause Full (Allocation Failure) 918M->99M(989M) 329,532ms
[2024-08-04T16:41:51.201+0300][3,681s][info][gc] GC(17) Pause Young (Allocation Failure) 372M->154M(989M) 106,806ms
[2024-08-04T16:41:51.408+0300][3,888s][info][gc] GC(18) Pause Young (Allocation Failure) 427M->209M(989M) 154,361ms
[2024-08-04T16:41:51.480+0300][3,960s][info][gc] GC(19) Pause Young (Allocation Failure) 482M->180M(989M) 18,790ms
[2024-08-04T16:41:51.650+0300][4,130s][info][gc] GC(20) Pause Young (Allocation Failure) 453M->234M(989M) 120,294ms
[2024-08-04T16:41:51.856+0300][4,336s][info][gc] GC(21) Pause Young (Allocation Failure) 507M->289M(989M) 155,630ms
[2024-08-04T16:41:52.061+0300][4,541s][info][gc] GC(22) Pause Young (Allocation Failure) 562M->344M(989M) 154,610ms
[2024-08-04T16:41:52.168+0300][4,648s][info][gc] GC(23) Pause Young (Allocation Failure) 617M->332M(989M) 52,826ms
[2024-08-04T16:41:52.351+0300][4,830s][info][gc] GC(24) Pause Young (Allocation Failure) 605M->386M(989M) 132,142ms
[2024-08-04T16:41:52.548+0300][5,028s][info][gc] GC(25) Pause Young (Allocation Failure) 659M->441M(989M) 147,343ms
[2024-08-04T16:41:52.751+0300][5,230s][info][gc] GC(26) Pause Young (Allocation Failure) 714M->496M(989M) 153,500ms
[2024-08-04T16:41:52.938+0300][5,417s][info][gc] GC(27) Pause Young (Allocation Failure) 769M->501M(989M) 86,489ms
[2024-08-04T16:41:53.142+0300][5,621s][info][gc] GC(28) Pause Young (Allocation Failure) 774M->555M(989M) 154,776ms
[2024-08-04T16:41:53.340+0300][5,820s][info][gc] GC(29) Pause Young (Allocation Failure) 828M->610M(989M) 145,955ms
[2024-08-04T16:41:53.414+0300][5,893s][info][gc] GC(30) Pause Young (Allocation Failure) 883M->578M(989M) 11,915ms
[2024-08-04T16:41:53.571+0300][6,051s][info][gc] GC(31) Pause Young (Allocation Failure) 851M->632M(989M) 108,307ms
[2024-08-04T16:41:53.798+0300][6,278s][info][gc] GC(32) Pause Young (Allocation Failure) 905M->687M(989M) 175,883ms
[2024-08-04T16:41:53.850+0300][6,330s][info][gc] GC(33) Pause Young (Allocation Failure) 960M->960M(989M) 0,082ms
[2024-08-04T16:41:54.376+0300][6,855s][info][gc] GC(34) Pause Full (Allocation Failure) 960M->222M(989M) 525,275ms
[2024-08-04T16:41:54.522+0300][7,001s][info][gc] GC(35) Pause Young (Allocation Failure) 495M->241M(989M) 41,079ms
[2024-08-04T16:41:54.699+0300][7,179s][info][gc] GC(36) Pause Young (Allocation Failure) 514M->295M(989M) 128,254ms
[2024-08-04T16:41:54.904+0300][7,384s][info][gc] GC(37) Pause Young (Allocation Failure) 568M->350M(989M) 154,041ms
[2024-08-04T16:41:55.102+0300][7,581s][info][gc] GC(38) Pause Young (Allocation Failure) 623M->405M(989M) 147,757ms
[2024-08-04T16:41:55.287+0300][7,766s][info][gc] GC(39) Pause Young (Allocation Failure) 678M->406M(989M) 77,987ms
[2024-08-04T16:41:55.481+0300][7,960s][info][gc] GC(40) Pause Young (Allocation Failure) 679M->461M(989M) 144,923ms
[2024-08-04T16:41:55.685+0300][8,164s][info][gc] GC(41) Pause Young (Allocation Failure) 734M->515M(989M) 154,347ms
[2024-08-04T16:41:55.881+0300][8,360s][info][gc] GC(42) Pause Young (Allocation Failure) 788M->570M(989M) 146,602ms
[2024-08-04T16:41:56.046+0300][8,526s][info][gc] GC(43) Pause Young (Allocation Failure) 843M->589M(989M) 112,981ms
[2024-08-04T16:41:56.243+0300][8,722s][info][gc] GC(44) Pause Young (Allocation Failure) 862M->643M(989M) 146,500ms
[2024-08-04T16:41:56.292+0300][8,772s][info][gc] GC(45) Pause Young (Allocation Failure) 916M->916M(989M) 0,060ms
[2024-08-04T16:41:56.802+0300][9,281s][info][gc] GC(46) Pause Full (Allocation Failure) 916M->218M(989M) 509,483ms
[2024-08-04T16:41:56.886+0300][9,366s][info][gc] GC(47) Pause Young (Allocation Failure) 492M->234M(989M) 32,017ms
[2024-08-04T16:41:57.068+0300][9,547s][info][gc] GC(48) Pause Young (Allocation Failure) 507M->288M(989M) 131,672ms
[2024-08-04T16:41:57.265+0300][9,745s][info][gc] GC(49) Pause Young (Allocation Failure) 561M->343M(989M) 147,982ms
[2024-08-04T16:41:57.469+0300][9,948s][info][gc] GC(50) Pause Young (Allocation Failure) 616M->397M(989M) 154,039ms
[2024-08-04T16:41:57.587+0300][10,067s][info][gc] GC(51) Pause Young (Allocation Failure) 670M->395M(989M) 66,467ms
[2024-08-04T16:41:57.829+0300][10,308s][info][gc] GC(52) Pause Young (Allocation Failure) 669M->450M(989M) 150,255ms
[2024-08-04T16:41:58.025+0300][10,505s][info][gc] GC(53) Pause Young (Allocation Failure) 723M->505M(989M) 147,002ms
[2024-08-04T16:41:58.234+0300][10,714s][info][gc] GC(54) Pause Young (Allocation Failure) 778M->559M(989M) 154,094ms
[2024-08-04T16:41:58.386+0300][10,866s][info][gc] GC(55) Pause Young (Allocation Failure) 832M->574M(989M) 99,071ms
[2024-08-04T16:41:58.641+0300][11,120s][info][gc] GC(56) Pause Young (Allocation Failure) 847M->629M(989M) 154,211ms
[2024-08-04T16:41:58.690+0300][11,170s][info][gc] GC(57) Pause Young (Allocation Failure) 902M->902M(989M) 0,060ms
[2024-08-04T16:41:59.194+0300][11,674s][info][gc] GC(58) Pause Full (Allocation Failure) 902M->195M(989M) 503,597ms
[2024-08-04T16:41:59.273+0300][11,752s][info][gc] GC(59) Pause Young (Allocation Failure) 468M->206M(989M) 26,975ms
