[2024-08-07T20:39:28.473+0300][0.005s][info][gc] Using Serial
[2024-08-07T20:39:28.814+0300][0,346s][info][gc] GC(0) Pause Young (Allocation Failure) 274M->3M(989M) 13,025ms
[2024-08-07T20:39:28.878+0300][0,410s][info][gc] GC(1) Pause Young (Allocation Failure) 277M->3M(989M) 7,863ms
[2024-08-07T20:39:28.935+0300][0,467s][info][gc] GC(2) Pause Young (Allocation Failure) 276M->2M(989M) 4,256ms
[2024-08-07T20:39:28.989+0300][0,521s][info][gc] GC(3) Pause Young (Allocation Failure) 275M->2M(989M) 2,907ms
[2024-08-07T20:39:29.054+0300][0,586s][info][gc] GC(4) Pause Young (Allocation Failure) 275M->5M(989M) 14,055ms
[2024-08-07T20:39:29.122+0300][0,654s][info][gc] GC(5) Pause Young (Allocation Failure) 278M->4M(989M) 14,338ms
[2024-08-07T20:39:29.184+0300][0,716s][info][gc] GC(6) Pause Young (Allocation Failure) 277M->4M(989M) 10,966ms
[2024-08-07T20:39:29.245+0300][0,778s][info][gc] GC(7) Pause Young (Allocation Failure) 277M->4M(989M) 9,831ms
[2024-08-07T20:39:29.305+0300][0,838s][info][gc] GC(8) Pause Young (Allocation Failure) 277M->3M(989M) 8,339ms
[2024-08-07T20:39:29.364+0300][0,897s][info][gc] GC(9) Pause Young (Allocation Failure) 276M->3M(989M) 7,271ms
[2024-08-07T20:39:29.422+0300][0,954s][info][gc] GC(10) Pause Young (Allocation Failure) 276M->3M(989M) 6,068ms
[2024-08-07T20:39:29.478+0300][1,011s][info][gc] GC(11) Pause Young (Allocation Failure) 276M->2M(989M) 4,849ms
[2024-08-07T20:39:29.534+0300][1,066s][info][gc] GC(12) Pause Young (Allocation Failure) 275M->2M(989M) 3,658ms
[2024-08-07T20:39:29.600+0300][1,132s][info][gc] GC(13) Pause Young (Allocation Failure) 275M->5M(989M) 13,861ms
[2024-08-07T20:39:29.664+0300][1,196s][info][gc] GC(14) Pause Young (Allocation Failure) 278M->4M(989M) 12,179ms
[2024-08-07T20:39:29.726+0300][1,259s][info][gc] GC(15) Pause Young (Allocation Failure) 278M->4M(989M) 10,977ms
[2024-08-07T20:39:29.788+0300][1,320s][info][gc] GC(16) Pause Young (Allocation Failure) 277M->4M(989M) 9,448ms
[2024-08-07T20:39:29.862+0300][1,394s][info][gc] GC(17) Pause Young (Allocation Failure) 277M->4M(989M) 7,000ms
[2024-08-07T20:39:29.930+0300][1,462s][info][gc] GC(18) Pause Young (Allocation Failure) 277M->3M(989M) 5,844ms
[2024-08-07T20:39:29.986+0300][1,518s][info][gc] GC(19) Pause Young (Allocation Failure) 276M->3M(989M) 4,748ms
[2024-08-07T20:39:30.040+0300][1,572s][info][gc] GC(20) Pause Young (Allocation Failure) 276M->3M(989M) 3,665ms
[2024-08-07T20:39:30.094+0300][1,626s][info][gc] GC(21) Pause Young (Allocation Failure) 276M->2M(989M) 2,370ms
[2024-08-07T20:39:30.146+0300][1,678s][info][gc] GC(22) Pause Young (Allocation Failure) 275M->2M(989M) 1,152ms
[2024-08-07T20:39:30.207+0300][1,739s][info][gc] GC(23) Pause Young (Allocation Failure) 275M->5M(989M) 10,577ms
[2024-08-07T20:39:30.267+0300][1,799s][info][gc] GC(24) Pause Young (Allocation Failure) 278M->4M(989M) 9,136ms
[2024-08-07T20:39:30.326+0300][1,858s][info][gc] GC(25) Pause Young (Allocation Failure) 277M->4M(989M) 8,726ms
[2024-08-07T20:39:30.385+0300][1,917s][info][gc] GC(26) Pause Young (Allocation Failure) 277M->4M(989M) 7,707ms
[2024-08-07T20:39:30.442+0300][1,974s][info][gc] GC(27) Pause Young (Allocation Failure) 277M->3M(989M) 6,514ms
[2024-08-07T20:39:30.498+0300][2,030s][info][gc] GC(28) Pause Young (Allocation Failure) 276M->3M(989M) 5,188ms
[2024-08-07T20:39:30.553+0300][2,085s][info][gc] GC(29) Pause Young (Allocation Failure) 276M->3M(989M) 3,997ms
[2024-08-07T20:39:30.606+0300][2,138s][info][gc] GC(30) Pause Young (Allocation Failure) 276M->2M(989M) 2,355ms
[2024-08-07T20:39:30.658+0300][2,190s][info][gc] GC(31) Pause Young (Allocation Failure) 275M->2M(989M) 1,557ms
[2024-08-07T20:39:30.720+0300][2,252s][info][gc] GC(32) Pause Young (Allocation Failure) 275M->5M(989M) 10,964ms
[2024-08-07T20:39:30.781+0300][2,313s][info][gc] GC(33) Pause Young (Allocation Failure) 278M->4M(989M) 10,414ms
[2024-08-07T20:39:30.840+0300][2,373s][info][gc] GC(34) Pause Young (Allocation Failure) 277M->4M(989M) 8,536ms
[2024-08-07T20:39:30.900+0300][2,432s][info][gc] GC(35) Pause Young (Allocation Failure) 277M->4M(989M) 8,448ms
[2024-08-07T20:39:30.957+0300][2,489s][info][gc] GC(36) Pause Young (Allocation Failure) 277M->3M(989M) 6,400ms
[2024-08-07T20:39:31.015+0300][2,547s][info][gc] GC(37) Pause Young (Allocation Failure) 276M->3M(989M) 6,077ms
[2024-08-07T20:39:31.070+0300][2,603s][info][gc] GC(38) Pause Young (Allocation Failure) 276M->3M(989M) 4,718ms
[2024-08-07T20:39:31.126+0300][2,658s][info][gc] GC(39) Pause Young (Allocation Failure) 276M->2M(989M) 3,651ms
[2024-08-07T20:39:31.179+0300][2,712s][info][gc] GC(40) Pause Young (Allocation Failure) 276M->2M(989M) 2,133ms
[2024-08-07T20:39:31.232+0300][2,764s][info][gc] GC(41) Pause Young (Allocation Failure) 275M->2M(989M) 0,912ms
[2024-08-07T20:39:31.294+0300][2,826s][info][gc] GC(42) Pause Young (Allocation Failure) 275M->5M(989M) 10,945ms
[2024-08-07T20:39:31.355+0300][2,888s][info][gc] GC(43) Pause Young (Allocation Failure) 278M->4M(989M) 10,196ms
[2024-08-07T20:39:31.414+0300][2,947s][info][gc] GC(44) Pause Young (Allocation Failure) 277M->4M(989M) 8,166ms
[2024-08-07T20:39:31.473+0300][3,005s][info][gc] GC(45) Pause Young (Allocation Failure) 277M->4M(989M) 7,741ms
[2024-08-07T20:39:31.531+0300][3,063s][info][gc] GC(46) Pause Young (Allocation Failure) 277M->3M(989M) 6,553ms
[2024-08-07T20:39:31.587+0300][3,119s][info][gc] GC(47) Pause Young (Allocation Failure) 276M->3M(989M) 5,330ms
[2024-08-07T20:39:31.642+0300][3,174s][info][gc] GC(48) Pause Young (Allocation Failure) 276M->3M(989M) 3,503ms
[2024-08-07T20:39:31.697+0300][3,229s][info][gc] GC(49) Pause Young (Allocation Failure) 276M->2M(989M) 2,906ms
[2024-08-07T20:39:31.750+0300][3,283s][info][gc] GC(50) Pause Young (Allocation Failure) 275M->2M(989M) 1,494ms
[2024-08-07T20:39:31.813+0300][3,345s][info][gc] GC(51) Pause Young (Allocation Failure) 275M->5M(989M) 11,796ms
[2024-08-07T20:39:31.874+0300][3,406s][info][gc] GC(52) Pause Young (Allocation Failure) 278M->4M(989M) 10,187ms
[2024-08-07T20:39:31.935+0300][3,467s][info][gc] GC(53) Pause Young (Allocation Failure) 277M->4M(989M) 9,417ms
[2024-08-07T20:39:31.993+0300][3,525s][info][gc] GC(54) Pause Young (Allocation Failure) 277M->4M(989M) 7,434ms
[2024-08-07T20:39:32.051+0300][3,584s][info][gc] GC(55) Pause Young (Allocation Failure) 277M->3M(989M) 7,024ms
[2024-08-07T20:39:32.107+0300][3,640s][info][gc] GC(56) Pause Young (Allocation Failure) 276M->3M(989M) 4,964ms
[2024-08-07T20:39:32.163+0300][3,695s][info][gc] GC(57) Pause Young (Allocation Failure) 276M->3M(989M) 4,575ms
[2024-08-07T20:39:32.218+0300][3,750s][info][gc] GC(58) Pause Young (Allocation Failure) 276M->2M(989M) 3,298ms
[2024-08-07T20:39:32.272+0300][3,805s][info][gc] GC(59) Pause Young (Allocation Failure) 275M->2M(989M) 2,132ms
[2024-08-07T20:39:32.335+0300][3,868s][info][gc] GC(60) Pause Young (Allocation Failure) 275M->5M(989M) 11,446ms
[2024-08-07T20:39:32.398+0300][3,930s][info][gc] GC(61) Pause Young (Allocation Failure) 278M->4M(989M) 11,299ms
[2024-08-07T20:39:32.458+0300][3,990s][info][gc] GC(62) Pause Young (Allocation Failure) 278M->4M(989M) 9,241ms
[2024-08-07T20:39:32.518+0300][4,050s][info][gc] GC(63) Pause Young (Allocation Failure) 277M->4M(989M) 8,693ms
[2024-08-07T20:39:32.575+0300][4,108s][info][gc] GC(64) Pause Young (Allocation Failure) 277M->3M(989M) 7,389ms
[2024-08-07T20:39:32.633+0300][4,166s][info][gc] GC(65) Pause Young (Allocation Failure) 277M->3M(989M) 6,288ms
[2024-08-07T20:39:32.688+0300][4,220s][info][gc] GC(66) Pause Young (Allocation Failure) 276M->3M(989M) 3,966ms
[2024-08-07T20:39:32.743+0300][4,275s][info][gc] GC(67) Pause Young (Allocation Failure) 276M->3M(989M) 3,866ms
[2024-08-07T20:39:32.797+0300][4,329s][info][gc] GC(68) Pause Young (Allocation Failure) 276M->2M(989M) 2,262ms
[2024-08-07T20:39:32.850+0300][4,382s][info][gc] GC(69) Pause Young (Allocation Failure) 275M->2M(989M) 1,366ms
[2024-08-07T20:39:32.912+0300][4,444s][info][gc] GC(70) Pause Young (Allocation Failure) 275M->5M(989M) 10,864ms
[2024-08-07T20:39:32.973+0300][4,505s][info][gc] GC(71) Pause Young (Allocation Failure) 278M->4M(989M) 10,366ms
[2024-08-07T20:39:33.033+0300][4,565s][info][gc] GC(72) Pause Young (Allocation Failure) 277M->4M(989M) 8,611ms
[2024-08-07T20:39:33.092+0300][4,624s][info][gc] GC(73) Pause Young (Allocation Failure) 277M->4M(989M) 7,959ms
[2024-08-07T20:39:33.152+0300][4,684s][info][gc] GC(74) Pause Young (Allocation Failure) 277M->3M(989M) 6,976ms
[2024-08-07T20:39:33.214+0300][4,746s][info][gc] GC(75) Pause Young (Allocation Failure) 276M->3M(989M) 5,525ms
[2024-08-07T20:39:33.269+0300][4,801s][info][gc] GC(76) Pause Young (Allocation Failure) 276M->3M(989M) 2,858ms
[2024-08-07T20:39:33.323+0300][4,856s][info][gc] GC(77) Pause Young (Allocation Failure) 276M->2M(989M) 3,091ms
[2024-08-07T20:39:33.387+0300][4,920s][info][gc] GC(78) Pause Young (Allocation Failure) 275M->2M(989M) 1,939ms
[2024-08-07T20:39:33.452+0300][4,984s][info][gc] GC(79) Pause Young (Allocation Failure) 275M->5M(989M) 12,226ms
[2024-08-07T20:39:33.514+0300][5,046s][info][gc] GC(80) Pause Young (Allocation Failure) 278M->4M(989M) 10,909ms
[2024-08-07T20:39:33.571+0300][5,103s][info][gc] GC(81) Pause Young (Allocation Failure) 277M->4M(989M) 6,352ms
[2024-08-07T20:39:33.628+0300][5,160s][info][gc] GC(82) Pause Young (Allocation Failure) 277M->4M(989M) 5,540ms
[2024-08-07T20:39:33.683+0300][5,216s][info][gc] GC(83) Pause Young (Allocation Failure) 277M->3M(989M) 3,957ms
[2024-08-07T20:39:33.741+0300][5,273s][info][gc] GC(84) Pause Young (Allocation Failure) 276M->3M(989M) 5,083ms
[2024-08-07T20:39:33.795+0300][5,328s][info][gc] GC(85) Pause Young (Allocation Failure) 276M->3M(989M) 3,923ms
[2024-08-07T20:39:33.850+0300][5,382s][info][gc] GC(86) Pause Young (Allocation Failure) 276M->2M(989M) 3,086ms
[2024-08-07T20:39:33.904+0300][5,437s][info][gc] GC(87) Pause Young (Allocation Failure) 276M->2M(989M) 1,968ms
[2024-08-07T20:39:33.964+0300][5,496s][info][gc] GC(88) Pause Young (Allocation Failure) 275M->2M(989M) 0,703ms
[2024-08-07T20:39:34.026+0300][5,558s][info][gc] GC(89) Pause Young (Allocation Failure) 275M->5M(989M) 9,674ms
[2024-08-07T20:39:34.085+0300][5,617s][info][gc] GC(90) Pause Young (Allocation Failure) 278M->4M(989M) 7,440ms
[2024-08-07T20:39:34.145+0300][5,677s][info][gc] GC(91) Pause Young (Allocation Failure) 277M->4M(989M) 8,661ms
[2024-08-07T20:39:34.202+0300][5,734s][info][gc] GC(92) Pause Young (Allocation Failure) 277M->4M(989M) 4,615ms
[2024-08-07T20:39:34.259+0300][5,791s][info][gc] GC(93) Pause Young (Allocation Failure) 277M->3M(989M) 5,357ms
[2024-08-07T20:39:34.314+0300][5,846s][info][gc] GC(94) Pause Young (Allocation Failure) 276M->3M(989M) 3,681ms
[2024-08-07T20:39:34.368+0300][5,900s][info][gc] GC(95) Pause Young (Allocation Failure) 276M->3M(989M) 3,341ms
[2024-08-07T20:39:34.421+0300][5,953s][info][gc] GC(96) Pause Young (Allocation Failure) 276M->2M(989M) 1,826ms
[2024-08-07T20:39:34.473+0300][6,006s][info][gc] GC(97) Pause Young (Allocation Failure) 275M->2M(989M) 1,295ms
[2024-08-07T20:39:34.534+0300][6,066s][info][gc] GC(98) Pause Young (Allocation Failure) 275M->5M(989M) 9,164ms
[2024-08-07T20:39:34.594+0300][6,127s][info][gc] GC(99) Pause Young (Allocation Failure) 278M->4M(989M) 8,794ms
[2024-08-07T20:39:34.653+0300][6,185s][info][gc] GC(100) Pause Young (Allocation Failure) 277M->4M(989M) 6,854ms
[2024-08-07T20:39:34.710+0300][6,243s][info][gc] GC(101) Pause Young (Allocation Failure) 277M->4M(989M) 6,644ms
[2024-08-07T20:39:34.767+0300][6,300s][info][gc] GC(102) Pause Young (Allocation Failure) 277M->3M(989M) 5,713ms
[2024-08-07T20:39:34.823+0300][6,355s][info][gc] GC(103) Pause Young (Allocation Failure) 276M->3M(989M) 4,691ms
[2024-08-07T20:39:34.878+0300][6,410s][info][gc] GC(104) Pause Young (Allocation Failure) 276M->3M(989M) 3,549ms
[2024-08-07T20:39:34.932+0300][6,464s][info][gc] GC(105) Pause Young (Allocation Failure) 276M->2M(989M) 2,701ms
[2024-08-07T20:39:34.985+0300][6,518s][info][gc] GC(106) Pause Young (Allocation Failure) 275M->2M(989M) 1,615ms
[2024-08-07T20:39:35.050+0300][6,583s][info][gc] GC(107) Pause Young (Allocation Failure) 275M->5M(989M) 11,614ms
[2024-08-07T20:39:35.114+0300][6,646s][info][gc] GC(108) Pause Young (Allocation Failure) 278M->4M(989M) 9,306ms
[2024-08-07T20:39:35.173+0300][6,706s][info][gc] GC(109) Pause Young (Allocation Failure) 278M->4M(989M) 8,153ms
[2024-08-07T20:39:35.232+0300][6,765s][info][gc] GC(110) Pause Young (Allocation Failure) 277M->4M(989M) 7,740ms
[2024-08-07T20:39:35.290+0300][6,822s][info][gc] GC(111) Pause Young (Allocation Failure) 277M->3M(989M) 6,091ms
[2024-08-07T20:39:35.347+0300][6,879s][info][gc] GC(112) Pause Young (Allocation Failure) 277M->3M(989M) 4,379ms
[2024-08-07T20:39:35.403+0300][6,935s][info][gc] GC(113) Pause Young (Allocation Failure) 276M->3M(989M) 4,453ms
[2024-08-07T20:39:35.458+0300][6,990s][info][gc] GC(114) Pause Young (Allocation Failure) 276M->3M(989M) 3,153ms
[2024-08-07T20:39:35.511+0300][7,044s][info][gc] GC(115) Pause Young (Allocation Failure) 276M->2M(989M) 2,481ms
[2024-08-07T20:39:35.564+0300][7,096s][info][gc] GC(116) Pause Young (Allocation Failure) 275M->2M(989M) 1,102ms
[2024-08-07T20:39:35.625+0300][7,158s][info][gc] GC(117) Pause Young (Allocation Failure) 275M->5M(989M) 10,003ms
[2024-08-07T20:39:35.684+0300][7,217s][info][gc] GC(118) Pause Young (Allocation Failure) 278M->4M(989M) 7,614ms
[2024-08-07T20:39:35.743+0300][7,275s][info][gc] GC(119) Pause Young (Allocation Failure) 277M->4M(989M) 7,625ms
[2024-08-07T20:39:35.801+0300][7,333s][info][gc] GC(120) Pause Young (Allocation Failure) 277M->4M(989M) 6,529ms
[2024-08-07T20:39:35.858+0300][7,390s][info][gc] GC(121) Pause Young (Allocation Failure) 277M->3M(989M) 5,550ms
[2024-08-07T20:39:35.913+0300][7,445s][info][gc] GC(122) Pause Young (Allocation Failure) 276M->3M(989M) 3,748ms
[2024-08-07T20:39:35.968+0300][7,500s][info][gc] GC(123) Pause Young (Allocation Failure) 276M->3M(989M) 3,499ms
[2024-08-07T20:39:36.021+0300][7,553s][info][gc] GC(124) Pause Young (Allocation Failure) 276M->2M(989M) 1,879ms
[2024-08-07T20:39:36.074+0300][7,606s][info][gc] GC(125) Pause Young (Allocation Failure) 275M->2M(989M) 0,894ms
[2024-08-07T20:39:36.131+0300][7,663s][info][gc] GC(126) Pause Young (Allocation Failure) 275M->5M(989M) 6,480ms
[2024-08-07T20:39:36.191+0300][7,723s][info][gc] GC(127) Pause Young (Allocation Failure) 278M->4M(989M) 8,544ms
[2024-08-07T20:39:36.249+0300][7,782s][info][gc] GC(128) Pause Young (Allocation Failure) 277M->4M(989M) 7,426ms
[2024-08-07T20:39:36.308+0300][7,840s][info][gc] GC(129) Pause Young (Allocation Failure) 277M->4M(989M) 6,913ms
[2024-08-07T20:39:36.365+0300][7,897s][info][gc] GC(130) Pause Young (Allocation Failure) 277M->3M(989M) 5,899ms
[2024-08-07T20:39:36.421+0300][7,953s][info][gc] GC(131) Pause Young (Allocation Failure) 276M->3M(989M) 4,897ms
[2024-08-07T20:39:36.475+0300][8,008s][info][gc] GC(132) Pause Young (Allocation Failure) 276M->3M(989M) 3,073ms
[2024-08-07T20:39:36.529+0300][8,062s][info][gc] GC(133) Pause Young (Allocation Failure) 276M->2M(989M) 2,935ms
[2024-08-07T20:39:36.583+0300][8,115s][info][gc] GC(134) Pause Young (Allocation Failure) 276M->2M(989M) 1,887ms
[2024-08-07T20:39:36.635+0300][8,167s][info][gc] GC(135) Pause Young (Allocation Failure) 275M->2M(989M) 0,889ms
[2024-08-07T20:39:36.692+0300][8,225s][info][gc] GC(136) Pause Young (Allocation Failure) 275M->5M(989M) 5,453ms
[2024-08-07T20:39:36.752+0300][8,284s][info][gc] GC(137) Pause Young (Allocation Failure) 278M->4M(989M) 8,386ms
[2024-08-07T20:39:36.811+0300][8,343s][info][gc] GC(138) Pause Young (Allocation Failure) 277M->4M(989M) 7,374ms
[2024-08-07T20:39:36.869+0300][8,401s][info][gc] GC(139) Pause Young (Allocation Failure) 277M->4M(989M) 6,331ms
[2024-08-07T20:39:36.924+0300][8,456s][info][gc] GC(140) Pause Young (Allocation Failure) 277M->3M(989M) 4,541ms
[2024-08-07T20:39:36.978+0300][8,511s][info][gc] GC(141) Pause Young (Allocation Failure) 276M->3M(989M) 3,349ms
[2024-08-07T20:39:37.032+0300][8,565s][info][gc] GC(142) Pause Young (Allocation Failure) 276M->3M(989M) 3,308ms
[2024-08-07T20:39:37.086+0300][8,618s][info][gc] GC(143) Pause Young (Allocation Failure) 276M->2M(989M) 2,309ms
[2024-08-07T20:39:37.138+0300][8,670s][info][gc] GC(144) Pause Young (Allocation Failure) 275M->2M(989M) 1,184ms
[2024-08-07T20:39:37.198+0300][8,730s][info][gc] GC(145) Pause Young (Allocation Failure) 275M->5M(989M) 9,754ms
[2024-08-07T20:39:37.258+0300][8,790s][info][gc] GC(146) Pause Young (Allocation Failure) 278M->4M(989M) 8,393ms
[2024-08-07T20:39:37.318+0300][8,850s][info][gc] GC(147) Pause Young (Allocation Failure) 277M->4M(989M) 8,875ms
[2024-08-07T20:39:37.379+0300][8,911s][info][gc] GC(148) Pause Young (Allocation Failure) 277M->4M(989M) 7,443ms
[2024-08-07T20:39:37.437+0300][8,969s][info][gc] GC(149) Pause Young (Allocation Failure) 277M->3M(989M) 7,007ms
[2024-08-07T20:39:37.494+0300][9,026s][info][gc] GC(150) Pause Young (Allocation Failure) 276M->3M(989M) 5,767ms
[2024-08-07T20:39:37.549+0300][9,082s][info][gc] GC(151) Pause Young (Allocation Failure) 276M->3M(989M) 4,623ms
[2024-08-07T20:39:37.602+0300][9,134s][info][gc] GC(152) Pause Young (Allocation Failure) 276M->2M(989M) 1,398ms
[2024-08-07T20:39:37.655+0300][9,187s][info][gc] GC(153) Pause Young (Allocation Failure) 275M->2M(989M) 2,079ms
[2024-08-07T20:39:37.718+0300][9,250s][info][gc] GC(154) Pause Young (Allocation Failure) 275M->5M(989M) 11,441ms
[2024-08-07T20:39:37.780+0300][9,312s][info][gc] GC(155) Pause Young (Allocation Failure) 278M->4M(989M) 11,083ms
[2024-08-07T20:39:37.840+0300][9,373s][info][gc] GC(156) Pause Young (Allocation Failure) 278M->4M(989M) 9,729ms
[2024-08-07T20:39:37.900+0300][9,432s][info][gc] GC(157) Pause Young (Allocation Failure) 277M->4M(989M) 8,541ms
[2024-08-07T20:39:37.957+0300][9,490s][info][gc] GC(158) Pause Young (Allocation Failure) 277M->3M(989M) 6,690ms
[2024-08-07T20:39:38.015+0300][9,547s][info][gc] GC(159) Pause Young (Allocation Failure) 277M->3M(989M) 6,262ms
[2024-08-07T20:39:38.071+0300][9,603s][info][gc] GC(160) Pause Young (Allocation Failure) 276M->3M(989M) 5,078ms
[2024-08-07T20:39:38.126+0300][9,658s][info][gc] GC(161) Pause Young (Allocation Failure) 276M->2M(989M) 3,814ms
[2024-08-07T20:39:38.179+0300][9,712s][info][gc] GC(162) Pause Young (Allocation Failure) 276M->2M(989M) 2,361ms
[2024-08-07T20:39:38.232+0300][9,764s][info][gc] GC(163) Pause Young (Allocation Failure) 275M->2M(989M) 0,780ms
[2024-08-07T20:39:38.293+0300][9,825s][info][gc] GC(164) Pause Young (Allocation Failure) 275M->5M(989M) 11,044ms
[2024-08-07T20:39:38.355+0300][9,887s][info][gc] GC(165) Pause Young (Allocation Failure) 278M->4M(989M) 10,359ms
[2024-08-07T20:39:38.414+0300][9,946s][info][gc] GC(166) Pause Young (Allocation Failure) 277M->4M(989M) 8,230ms
[2024-08-07T20:39:38.473+0300][10,005s][info][gc] GC(167) Pause Young (Allocation Failure) 277M->4M(989M) 7,985ms
[2024-08-07T20:39:38.528+0300][10,060s][info][gc] GC(168) Pause Young (Allocation Failure) 277M->3M(989M) 4,461ms
[2024-08-07T20:39:38.584+0300][10,117s][info][gc] GC(169) Pause Young (Allocation Failure) 276M->3M(989M) 5,566ms
[2024-08-07T20:39:38.639+0300][10,171s][info][gc] GC(170) Pause Young (Allocation Failure) 276M->3M(989M) 3,453ms
[2024-08-07T20:39:38.693+0300][10,225s][info][gc] GC(171) Pause Young (Allocation Failure) 276M->2M(989M) 3,077ms
[2024-08-07T20:39:38.746+0300][10,279s][info][gc] GC(172) Pause Young (Allocation Failure) 275M->2M(989M) 1,766ms
[2024-08-07T20:39:38.810+0300][10,342s][info][gc] GC(173) Pause Young (Allocation Failure) 275M->5M(989M) 12,011ms
[2024-08-07T20:39:38.867+0300][10,399s][info][gc] GC(174) Pause Young (Allocation Failure) 278M->4M(989M) 5,770ms
[2024-08-07T20:39:38.924+0300][10,456s][info][gc] GC(175) Pause Young (Allocation Failure) 277M->4M(989M) 5,287ms
[2024-08-07T20:39:38.982+0300][10,514s][info][gc] GC(176) Pause Young (Allocation Failure) 277M->4M(989M) 7,466ms
[2024-08-07T20:39:39.040+0300][10,572s][info][gc] GC(177) Pause Young (Allocation Failure) 277M->3M(989M) 7,198ms
[2024-08-07T20:39:39.096+0300][10,628s][info][gc] GC(178) Pause Young (Allocation Failure) 276M->3M(989M) 5,010ms
[2024-08-07T20:39:39.152+0300][10,684s][info][gc] GC(179) Pause Young (Allocation Failure) 276M->3M(989M) 4,780ms
[2024-08-07T20:39:39.206+0300][10,738s][info][gc] GC(180) Pause Young (Allocation Failure) 276M->2M(989M) 3,474ms
[2024-08-07T20:39:39.260+0300][10,792s][info][gc] GC(181) Pause Young (Allocation Failure) 275M->2M(989M) 2,259ms
[2024-08-07T20:39:39.323+0300][10,855s][info][gc] GC(182) Pause Young (Allocation Failure) 275M->5M(989M) 11,641ms
[2024-08-07T20:39:39.386+0300][10,918s][info][gc] GC(183) Pause Young (Allocation Failure) 278M->5M(989M) 11,327ms
[2024-08-07T20:39:39.441+0300][10,974s][info][gc] GC(184) Pause Young (Allocation Failure) 278M->4M(989M) 5,189ms
[2024-08-07T20:39:39.501+0300][11,034s][info][gc] GC(185) Pause Young (Allocation Failure) 277M->4M(989M) 8,881ms
[2024-08-07T20:39:39.559+0300][11,092s][info][gc] GC(186) Pause Young (Allocation Failure) 277M->4M(989M) 6,964ms
[2024-08-07T20:39:39.617+0300][11,149s][info][gc] GC(187) Pause Young (Allocation Failure) 277M->3M(989M) 6,474ms
[2024-08-07T20:39:39.673+0300][11,205s][info][gc] GC(188) Pause Young (Allocation Failure) 276M->3M(989M) 5,274ms
[2024-08-07T20:39:39.728+0300][11,261s][info][gc] GC(189) Pause Young (Allocation Failure) 276M->3M(989M) 4,015ms
[2024-08-07T20:39:39.782+0300][11,315s][info][gc] GC(190) Pause Young (Allocation Failure) 276M->2M(989M) 2,361ms
[2024-08-07T20:39:39.835+0300][11,367s][info][gc] GC(191) Pause Young (Allocation Failure) 275M->2M(989M) 1,532ms
[2024-08-07T20:39:39.897+0300][11,429s][info][gc] GC(192) Pause Young (Allocation Failure) 275M->5M(989M) 11,084ms
[2024-08-07T20:39:39.958+0300][11,490s][info][gc] GC(193) Pause Young (Allocation Failure) 278M->4M(989M) 10,567ms
[2024-08-07T20:39:40.019+0300][11,551s][info][gc] GC(194) Pause Young (Allocation Failure) 277M->4M(989M) 9,348ms
[2024-08-07T20:39:40.077+0300][11,610s][info][gc] GC(195) Pause Young (Allocation Failure) 277M->4M(989M) 8,214ms
[2024-08-07T20:39:40.135+0300][11,668s][info][gc] GC(196) Pause Young (Allocation Failure) 277M->3M(989M) 6,932ms
[2024-08-07T20:39:40.192+0300][11,724s][info][gc] GC(197) Pause Young (Allocation Failure) 276M->3M(989M) 5,750ms
[2024-08-07T20:39:40.247+0300][11,779s][info][gc] GC(198) Pause Young (Allocation Failure) 276M->3M(989M) 3,650ms
[2024-08-07T20:39:40.302+0300][11,834s][info][gc] GC(199) Pause Young (Allocation Failure) 276M->2M(989M) 3,259ms
[2024-08-07T20:39:40.354+0300][11,887s][info][gc] GC(200) Pause Young (Allocation Failure) 275M->2M(989M) 1,733ms
[2024-08-07T20:39:40.418+0300][11,950s][info][gc] GC(201) Pause Young (Allocation Failure) 275M->5M(989M) 12,236ms
[2024-08-07T20:39:40.479+0300][12,011s][info][gc] GC(202) Pause Young (Allocation Failure) 278M->4M(989M) 10,528ms
[2024-08-07T20:39:40.540+0300][12,073s][info][gc] GC(203) Pause Young (Allocation Failure) 277M->4M(989M) 10,347ms
[2024-08-07T20:39:40.600+0300][12,132s][info][gc] GC(204) Pause Young (Allocation Failure) 277M->4M(989M) 8,652ms
[2024-08-07T20:39:40.660+0300][12,193s][info][gc] GC(205) Pause Young (Allocation Failure) 277M->3M(989M) 7,284ms
[2024-08-07T20:39:40.716+0300][12,249s][info][gc] GC(206) Pause Young (Allocation Failure) 277M->3M(989M) 5,413ms
[2024-08-07T20:39:40.773+0300][12,306s][info][gc] GC(207) Pause Young (Allocation Failure) 276M->3M(989M) 4,964ms
[2024-08-07T20:39:40.829+0300][12,361s][info][gc] GC(208) Pause Young (Allocation Failure) 276M->2M(989M) 3,743ms
[2024-08-07T20:39:40.884+0300][12,416s][info][gc] GC(209) Pause Young (Allocation Failure) 276M->2M(989M) 2,477ms
[2024-08-07T20:39:40.936+0300][12,468s][info][gc] GC(210) Pause Young (Allocation Failure) 275M->2M(989M) 0,991ms
[2024-08-07T20:39:40.999+0300][12,531s][info][gc] GC(211) Pause Young (Allocation Failure) 275M->5M(989M) 11,484ms
[2024-08-07T20:39:41.060+0300][12,592s][info][gc] GC(212) Pause Young (Allocation Failure) 278M->4M(989M) 10,021ms
[2024-08-07T20:39:41.120+0300][12,653s][info][gc] GC(213) Pause Young (Allocation Failure) 277M->4M(989M) 9,115ms
[2024-08-07T20:39:41.180+0300][12,712s][info][gc] GC(214) Pause Young (Allocation Failure) 277M->4M(989M) 7,192ms
[2024-08-07T20:39:41.238+0300][12,770s][info][gc] GC(215) Pause Young (Allocation Failure) 277M->3M(989M) 6,704ms
[2024-08-07T20:39:41.296+0300][12,828s][info][gc] GC(216) Pause Young (Allocation Failure) 276M->3M(989M) 5,437ms
[2024-08-07T20:39:41.352+0300][12,884s][info][gc] GC(217) Pause Young (Allocation Failure) 276M->3M(989M) 4,219ms
[2024-08-07T20:39:41.407+0300][12,939s][info][gc] GC(218) Pause Young (Allocation Failure) 276M->2M(989M) 2,971ms
[2024-08-07T20:39:41.461+0300][12,993s][info][gc] GC(219) Pause Young (Allocation Failure) 275M->2M(989M) 1,788ms
[2024-08-07T20:39:41.524+0300][13,056s][info][gc] GC(220) Pause Young (Allocation Failure) 275M->5M(989M) 11,023ms
[2024-08-07T20:39:41.585+0300][13,117s][info][gc] GC(221) Pause Young (Allocation Failure) 278M->4M(989M) 9,780ms
[2024-08-07T20:39:41.645+0300][13,178s][info][gc] GC(222) Pause Young (Allocation Failure) 277M->4M(989M) 9,502ms
[2024-08-07T20:39:41.706+0300][13,238s][info][gc] GC(223) Pause Young (Allocation Failure) 277M->4M(989M) 8,394ms
[2024-08-07T20:39:41.765+0300][13,298s][info][gc] GC(224) Pause Young (Allocation Failure) 277M->3M(989M) 7,147ms
[2024-08-07T20:39:41.823+0300][13,355s][info][gc] GC(225) Pause Young (Allocation Failure) 276M->3M(989M) 5,937ms
[2024-08-07T20:39:41.879+0300][13,411s][info][gc] GC(226) Pause Young (Allocation Failure) 276M->3M(989M) 3,770ms
[2024-08-07T20:39:41.934+0300][13,466s][info][gc] GC(227) Pause Young (Allocation Failure) 276M->2M(989M) 3,500ms
[2024-08-07T20:39:41.988+0300][13,520s][info][gc] GC(228) Pause Young (Allocation Failure) 275M->2M(989M) 1,956ms
[2024-08-07T20:39:42.052+0300][13,584s][info][gc] GC(229) Pause Young (Allocation Failure) 275M->5M(989M) 12,505ms
[2024-08-07T20:39:42.114+0300][13,646s][info][gc] GC(230) Pause Young (Allocation Failure) 278M->4M(989M) 10,530ms
[2024-08-07T20:39:42.176+0300][13,708s][info][gc] GC(231) Pause Young (Allocation Failure) 278M->4M(989M) 10,041ms
[2024-08-07T20:39:42.236+0300][13,769s][info][gc] GC(232) Pause Young (Allocation Failure) 277M->4M(989M) 8,849ms
[2024-08-07T20:39:42.296+0300][13,828s][info][gc] GC(233) Pause Young (Allocation Failure) 277M->4M(989M) 7,666ms
[2024-08-07T20:39:42.354+0300][13,886s][info][gc] GC(234) Pause Young (Allocation Failure) 277M->3M(989M) 5,469ms
[2024-08-07T20:39:42.410+0300][13,943s][info][gc] GC(235) Pause Young (Allocation Failure) 276M->3M(989M) 5,220ms
[2024-08-07T20:39:42.465+0300][13,998s][info][gc] GC(236) Pause Young (Allocation Failure) 276M->3M(989M) 3,771ms
[2024-08-07T20:39:42.519+0300][14,052s][info][gc] GC(237) Pause Young (Allocation Failure) 276M->2M(989M) 2,726ms
[2024-08-07T20:39:42.573+0300][14,105s][info][gc] GC(238) Pause Young (Allocation Failure) 275M->2M(989M) 1,319ms
[2024-08-07T20:39:42.635+0300][14,168s][info][gc] GC(239) Pause Young (Allocation Failure) 275M->5M(989M) 11,765ms
[2024-08-07T20:39:42.696+0300][14,228s][info][gc] GC(240) Pause Young (Allocation Failure) 278M->4M(989M) 9,548ms
[2024-08-07T20:39:42.757+0300][14,289s][info][gc] GC(241) Pause Young (Allocation Failure) 277M->4M(989M) 9,330ms
[2024-08-07T20:39:42.815+0300][14,347s][info][gc] GC(242) Pause Young (Allocation Failure) 277M->4M(989M) 5,794ms
[2024-08-07T20:39:42.873+0300][14,405s][info][gc] GC(243) Pause Young (Allocation Failure) 277M->3M(989M) 6,911ms
[2024-08-07T20:39:42.929+0300][14,461s][info][gc] GC(244) Pause Young (Allocation Failure) 276M->3M(989M) 4,767ms
[2024-08-07T20:39:42.985+0300][14,518s][info][gc] GC(245) Pause Young (Allocation Failure) 276M->3M(989M) 4,474ms
[2024-08-07T20:39:43.039+0300][14,571s][info][gc] GC(246) Pause Young (Allocation Failure) 276M->2M(989M) 2,666ms
[2024-08-07T20:39:43.093+0300][14,625s][info][gc] GC(247) Pause Young (Allocation Failure) 275M->2M(989M) 2,027ms
[2024-08-07T20:39:43.156+0300][14,688s][info][gc] GC(248) Pause Young (Allocation Failure) 275M->5M(989M) 11,173ms
[2024-08-07T20:39:43.219+0300][14,751s][info][gc] GC(249) Pause Young (Allocation Failure) 278M->4M(989M) 10,985ms
[2024-08-07T20:39:43.281+0300][14,813s][info][gc] GC(250) Pause Young (Allocation Failure) 277M->4M(989M) 9,657ms
[2024-08-07T20:39:43.341+0300][14,873s][info][gc] GC(251) Pause Young (Allocation Failure) 277M->4M(989M) 8,641ms
[2024-08-07T20:39:43.400+0300][14,933s][info][gc] GC(252) Pause Young (Allocation Failure) 277M->3M(989M) 7,403ms
[2024-08-07T20:39:43.455+0300][14,988s][info][gc] GC(253) Pause Young (Allocation Failure) 277M->3M(989M) 3,257ms
[2024-08-07T20:39:43.509+0300][15,041s][info][gc] GC(254) Pause Young (Allocation Failure) 276M->3M(989M) 2,411ms
[2024-08-07T20:39:43.562+0300][15,094s][info][gc] GC(255) Pause Young (Allocation Failure) 276M->2M(989M) 2,019ms
[2024-08-07T20:39:43.614+0300][15,147s][info][gc] GC(256) Pause Young (Allocation Failure) 276M->2M(989M) 1,564ms
[2024-08-07T20:39:43.667+0300][15,199s][info][gc] GC(257) Pause Young (Allocation Failure) 275M->2M(989M) 1,141ms
[2024-08-07T20:39:43.727+0300][15,259s][info][gc] GC(258) Pause Young (Allocation Failure) 275M->5M(989M) 9,031ms
[2024-08-07T20:39:43.788+0300][15,320s][info][gc] GC(259) Pause Young (Allocation Failure) 278M->4M(989M) 10,310ms
[2024-08-07T20:39:43.847+0300][15,379s][info][gc] GC(260) Pause Young (Allocation Failure) 277M->4M(989M) 8,112ms
[2024-08-07T20:39:43.906+0300][15,438s][info][gc] GC(261) Pause Young (Allocation Failure) 277M->4M(989M) 7,864ms
[2024-08-07T20:39:43.964+0300][15,496s][info][gc] GC(262) Pause Young (Allocation Failure) 277M->3M(989M) 6,677ms
[2024-08-07T20:39:44.021+0300][15,553s][info][gc] GC(263) Pause Young (Allocation Failure) 276M->3M(989M) 5,441ms
[2024-08-07T20:39:44.076+0300][15,609s][info][gc] GC(264) Pause Young (Allocation Failure) 276M->3M(989M) 4,052ms
[2024-08-07T20:39:44.131+0300][15,663s][info][gc] GC(265) Pause Young (Allocation Failure) 276M->2M(989M) 2,947ms
[2024-08-07T20:39:44.183+0300][15,716s][info][gc] GC(266) Pause Young (Allocation Failure) 275M->2M(989M) 1,564ms
[2024-08-07T20:39:44.246+0300][15,779s][info][gc] GC(267) Pause Young (Allocation Failure) 275M->5M(989M) 11,924ms
[2024-08-07T20:39:44.308+0300][15,840s][info][gc] GC(268) Pause Young (Allocation Failure) 278M->4M(989M) 10,352ms
[2024-08-07T20:39:44.369+0300][15,901s][info][gc] GC(269) Pause Young (Allocation Failure) 277M->4M(989M) 9,566ms
[2024-08-07T20:39:44.426+0300][15,959s][info][gc] GC(270) Pause Young (Allocation Failure) 277M->4M(989M) 7,185ms
[2024-08-07T20:39:44.486+0300][16,018s][info][gc] GC(271) Pause Young (Allocation Failure) 277M->3M(989M) 7,131ms
[2024-08-07T20:39:44.542+0300][16,075s][info][gc] GC(272) Pause Young (Allocation Failure) 276M->3M(989M) 5,286ms
[2024-08-07T20:39:44.598+0300][16,130s][info][gc] GC(273) Pause Young (Allocation Failure) 276M->3M(989M) 4,501ms
[2024-08-07T20:39:44.652+0300][16,184s][info][gc] GC(274) Pause Young (Allocation Failure) 276M->2M(989M) 2,951ms
[2024-08-07T20:39:44.705+0300][16,238s][info][gc] GC(275) Pause Young (Allocation Failure) 275M->2M(989M) 2,225ms
[2024-08-07T20:39:44.768+0300][16,300s][info][gc] GC(276) Pause Young (Allocation Failure) 275M->5M(989M) 11,609ms
[2024-08-07T20:39:44.830+0300][16,362s][info][gc] GC(277) Pause Young (Allocation Failure) 278M->4M(989M) 11,216ms
[2024-08-07T20:39:44.890+0300][16,423s][info][gc] GC(278) Pause Young (Allocation Failure) 278M->4M(989M) 9,189ms
