[2024-08-07T20:38:54.807+0300][0.005s][info][gc] Using Serial
[2024-08-07T20:38:55.115+0300][0,313s][info][gc] GC(0) Pause Young (Allocation Failure) 205M->3M(742M) 9,936ms
[2024-08-07T20:38:55.171+0300][0,370s][info][gc] GC(1) Pause Young (Allocation Failure) 208M->4M(742M) 13,686ms
[2024-08-07T20:38:55.214+0300][0,413s][info][gc] GC(2) Pause Young (Allocation Failure) 209M->2M(742M) 3,158ms
[2024-08-07T20:38:55.262+0300][0,460s][info][gc] GC(3) Pause Young (Allocation Failure) 207M->3M(742M) 8,278ms
[2024-08-07T20:38:55.315+0300][0,513s][info][gc] GC(4) Pause Young (Allocation Failure) 208M->5M(742M) 14,490ms
[2024-08-07T20:38:55.361+0300][0,559s][info][gc] GC(5) Pause Young (Allocation Failure) 209M->3M(742M) 6,518ms
[2024-08-07T20:38:55.411+0300][0,609s][info][gc] GC(6) Pause Young (Allocation Failure) 208M->4M(742M) 11,024ms
[2024-08-07T20:38:55.457+0300][0,655s][info][gc] GC(7) Pause Young (Allocation Failure) 209M->2M(742M) 4,205ms
[2024-08-07T20:38:55.505+0300][0,704s][info][gc] GC(8) Pause Young (Allocation Failure) 207M->4M(742M) 9,237ms
[2024-08-07T20:38:55.546+0300][0,745s][info][gc] GC(9) Pause Young (Allocation Failure) 209M->2M(742M) 2,428ms
[2024-08-07T20:38:55.594+0300][0,792s][info][gc] GC(10) Pause Young (Allocation Failure) 207M->3M(742M) 7,938ms
[2024-08-07T20:38:55.646+0300][0,844s][info][gc] GC(11) Pause Young (Allocation Failure) 208M->4M(742M) 13,753ms
[2024-08-07T20:38:55.691+0300][0,889s][info][gc] GC(12) Pause Young (Allocation Failure) 209M->3M(742M) 6,154ms
[2024-08-07T20:38:55.741+0300][0,939s][info][gc] GC(13) Pause Young (Allocation Failure) 208M->4M(742M) 10,478ms
[2024-08-07T20:38:55.784+0300][0,982s][info][gc] GC(14) Pause Young (Allocation Failure) 209M->2M(742M) 4,368ms
[2024-08-07T20:38:55.832+0300][1,030s][info][gc] GC(15) Pause Young (Allocation Failure) 207M->4M(742M) 9,432ms
[2024-08-07T20:38:55.873+0300][1,071s][info][gc] GC(16) Pause Young (Allocation Failure) 208M->2M(742M) 1,271ms
[2024-08-07T20:38:55.917+0300][1,115s][info][gc] GC(17) Pause Young (Allocation Failure) 207M->3M(742M) 5,426ms
[2024-08-07T20:38:55.967+0300][1,165s][info][gc] GC(18) Pause Young (Allocation Failure) 208M->4M(742M) 11,044ms
[2024-08-07T20:38:56.010+0300][1,208s][info][gc] GC(19) Pause Young (Allocation Failure) 209M->3M(742M) 3,998ms
[2024-08-07T20:38:56.058+0300][1,257s][info][gc] GC(20) Pause Young (Allocation Failure) 208M->4M(742M) 9,282ms
[2024-08-07T20:38:56.100+0300][1,299s][info][gc] GC(21) Pause Young (Allocation Failure) 209M->2M(742M) 2,708ms
[2024-08-07T20:38:56.147+0300][1,346s][info][gc] GC(22) Pause Young (Allocation Failure) 207M->3M(742M) 7,596ms
[2024-08-07T20:38:56.198+0300][1,397s][info][gc] GC(23) Pause Young (Allocation Failure) 208M->5M(742M) 12,449ms
[2024-08-07T20:38:56.243+0300][1,441s][info][gc] GC(24) Pause Young (Allocation Failure) 210M->3M(742M) 5,911ms
[2024-08-07T20:38:56.292+0300][1,491s][info][gc] GC(25) Pause Young (Allocation Failure) 208M->4M(742M) 10,023ms
[2024-08-07T20:38:56.334+0300][1,533s][info][gc] GC(26) Pause Young (Allocation Failure) 209M->3M(742M) 3,364ms
[2024-08-07T20:38:56.382+0300][1,581s][info][gc] GC(27) Pause Young (Allocation Failure) 207M->4M(742M) 8,581ms
[2024-08-07T20:38:56.423+0300][1,622s][info][gc] GC(28) Pause Young (Allocation Failure) 209M->2M(742M) 2,121ms
[2024-08-07T20:38:56.467+0300][1,665s][info][gc] GC(29) Pause Young (Allocation Failure) 207M->3M(742M) 4,013ms
[2024-08-07T20:38:56.514+0300][1,713s][info][gc] GC(30) Pause Young (Allocation Failure) 208M->5M(742M) 9,167ms
[2024-08-07T20:38:56.561+0300][1,760s][info][gc] GC(31) Pause Young (Allocation Failure) 210M->3M(742M) 4,614ms
[2024-08-07T20:38:56.607+0300][1,806s][info][gc] GC(32) Pause Young (Allocation Failure) 208M->4M(742M) 7,892ms
[2024-08-07T20:38:56.649+0300][1,848s][info][gc] GC(33) Pause Young (Allocation Failure) 209M->3M(742M) 3,007ms
[2024-08-07T20:38:56.694+0300][1,893s][info][gc] GC(34) Pause Young (Allocation Failure) 207M->4M(742M) 6,560ms
[2024-08-07T20:38:56.734+0300][1,933s][info][gc] GC(35) Pause Young (Allocation Failure) 209M->2M(742M) 1,637ms
[2024-08-07T20:38:56.778+0300][1,976s][info][gc] GC(36) Pause Young (Allocation Failure) 207M->3M(742M) 4,759ms
[2024-08-07T20:38:56.825+0300][2,024s][info][gc] GC(37) Pause Young (Allocation Failure) 208M->5M(742M) 9,393ms
[2024-08-07T20:38:56.868+0300][2,067s][info][gc] GC(38) Pause Young (Allocation Failure) 210M->3M(742M) 4,498ms
[2024-08-07T20:38:56.917+0300][2,115s][info][gc] GC(39) Pause Young (Allocation Failure) 208M->4M(742M) 9,418ms
[2024-08-07T20:38:56.958+0300][2,157s][info][gc] GC(40) Pause Young (Allocation Failure) 209M->2M(742M) 2,829ms
[2024-08-07T20:38:57.005+0300][2,204s][info][gc] GC(41) Pause Young (Allocation Failure) 207M->4M(742M) 8,035ms
[2024-08-07T20:38:57.046+0300][2,244s][info][gc] GC(42) Pause Young (Allocation Failure) 209M->2M(742M) 1,558ms
[2024-08-07T20:38:57.091+0300][2,290s][info][gc] GC(43) Pause Young (Allocation Failure) 207M->3M(742M) 6,657ms
[2024-08-07T20:38:57.141+0300][2,340s][info][gc] GC(44) Pause Young (Allocation Failure) 208M->5M(742M) 10,720ms
[2024-08-07T20:38:57.185+0300][2,383s][info][gc] GC(45) Pause Young (Allocation Failure) 209M->3M(742M) 4,930ms
[2024-08-07T20:38:57.233+0300][2,432s][info][gc] GC(46) Pause Young (Allocation Failure) 208M->4M(742M) 9,180ms
[2024-08-07T20:38:57.275+0300][2,473s][info][gc] GC(47) Pause Young (Allocation Failure) 209M->2M(742M) 3,214ms
[2024-08-07T20:38:57.322+0300][2,520s][info][gc] GC(48) Pause Young (Allocation Failure) 207M->4M(742M) 7,814ms
[2024-08-07T20:38:57.362+0300][2,561s][info][gc] GC(49) Pause Young (Allocation Failure) 209M->2M(742M) 1,362ms
[2024-08-07T20:38:57.407+0300][2,606s][info][gc] GC(50) Pause Young (Allocation Failure) 207M->3M(742M) 6,138ms
[2024-08-07T20:38:57.457+0300][2,655s][info][gc] GC(51) Pause Young (Allocation Failure) 208M->4M(742M) 10,691ms
[2024-08-07T20:38:57.501+0300][2,699s][info][gc] GC(52) Pause Young (Allocation Failure) 209M->3M(742M) 4,637ms
[2024-08-07T20:38:57.548+0300][2,747s][info][gc] GC(53) Pause Young (Allocation Failure) 208M->4M(742M) 8,831ms
[2024-08-07T20:38:57.590+0300][2,788s][info][gc] GC(54) Pause Young (Allocation Failure) 209M->2M(742M) 2,921ms
[2024-08-07T20:38:57.637+0300][2,835s][info][gc] GC(55) Pause Young (Allocation Failure) 207M->4M(742M) 7,124ms
[2024-08-07T20:38:57.677+0300][2,875s][info][gc] GC(56) Pause Young (Allocation Failure) 208M->2M(742M) 1,172ms
[2024-08-07T20:38:57.721+0300][2,919s][info][gc] GC(57) Pause Young (Allocation Failure) 207M->3M(742M) 5,448ms
[2024-08-07T20:38:57.770+0300][2,968s][info][gc] GC(58) Pause Young (Allocation Failure) 208M->4M(742M) 10,233ms
[2024-08-07T20:38:57.812+0300][3,011s][info][gc] GC(59) Pause Young (Allocation Failure) 209M->3M(742M) 3,648ms
[2024-08-07T20:38:57.861+0300][3,059s][info][gc] GC(60) Pause Young (Allocation Failure) 208M->4M(742M) 8,734ms
[2024-08-07T20:38:57.902+0300][3,100s][info][gc] GC(61) Pause Young (Allocation Failure) 209M->2M(742M) 2,215ms
[2024-08-07T20:38:57.948+0300][3,146s][info][gc] GC(62) Pause Young (Allocation Failure) 207M->3M(742M) 6,750ms
[2024-08-07T20:38:57.998+0300][3,197s][info][gc] GC(63) Pause Young (Allocation Failure) 208M->5M(742M) 11,475ms
[2024-08-07T20:38:58.042+0300][3,240s][info][gc] GC(64) Pause Young (Allocation Failure) 210M->3M(742M) 5,101ms
[2024-08-07T20:38:58.091+0300][3,289s][info][gc] GC(65) Pause Young (Allocation Failure) 208M->4M(742M) 9,743ms
[2024-08-07T20:38:58.133+0300][3,331s][info][gc] GC(66) Pause Young (Allocation Failure) 209M->3M(742M) 3,360ms
[2024-08-07T20:38:58.180+0300][3,378s][info][gc] GC(67) Pause Young (Allocation Failure) 207M->4M(742M) 8,473ms
[2024-08-07T20:38:58.221+0300][3,419s][info][gc] GC(68) Pause Young (Allocation Failure) 209M->2M(742M) 1,966ms
[2024-08-07T20:38:58.267+0300][3,465s][info][gc] GC(69) Pause Young (Allocation Failure) 207M->3M(742M) 7,148ms
[2024-08-07T20:38:58.317+0300][3,515s][info][gc] GC(70) Pause Young (Allocation Failure) 208M->5M(742M) 11,456ms
[2024-08-07T20:38:58.364+0300][3,562s][info][gc] GC(71) Pause Young (Allocation Failure) 210M->3M(742M) 6,837ms
[2024-08-07T20:38:58.412+0300][3,611s][info][gc] GC(72) Pause Young (Allocation Failure) 208M->4M(742M) 9,579ms
[2024-08-07T20:38:58.455+0300][3,654s][info][gc] GC(73) Pause Young (Allocation Failure) 209M->2M(742M) 3,464ms
[2024-08-07T20:38:58.502+0300][3,700s][info][gc] GC(74) Pause Young (Allocation Failure) 207M->4M(742M) 7,751ms
[2024-08-07T20:38:58.542+0300][3,741s][info][gc] GC(75) Pause Young (Allocation Failure) 209M->2M(742M) 1,633ms
[2024-08-07T20:38:58.586+0300][3,785s][info][gc] GC(76) Pause Young (Allocation Failure) 207M->3M(742M) 5,198ms
[2024-08-07T20:38:58.635+0300][3,833s][info][gc] GC(77) Pause Young (Allocation Failure) 208M->5M(742M) 10,012ms
[2024-08-07T20:38:58.678+0300][3,876s][info][gc] GC(78) Pause Young (Allocation Failure) 209M->3M(742M) 4,067ms
[2024-08-07T20:38:58.725+0300][3,924s][info][gc] GC(79) Pause Young (Allocation Failure) 208M->4M(742M) 8,882ms
[2024-08-07T20:38:58.767+0300][3,965s][info][gc] GC(80) Pause Young (Allocation Failure) 209M->2M(742M) 2,573ms
[2024-08-07T20:38:58.813+0300][4,012s][info][gc] GC(81) Pause Young (Allocation Failure) 207M->4M(742M) 7,892ms
[2024-08-07T20:38:58.853+0300][4,052s][info][gc] GC(82) Pause Young (Allocation Failure) 209M->2M(742M) 1,200ms
[2024-08-07T20:38:58.898+0300][4,097s][info][gc] GC(83) Pause Young (Allocation Failure) 207M->3M(742M) 6,003ms
[2024-08-07T20:38:58.948+0300][4,147s][info][gc] GC(84) Pause Young (Allocation Failure) 208M->5M(742M) 10,767ms
[2024-08-07T20:38:58.992+0300][4,190s][info][gc] GC(85) Pause Young (Allocation Failure) 209M->3M(742M) 4,548ms
[2024-08-07T20:38:59.040+0300][4,238s][info][gc] GC(86) Pause Young (Allocation Failure) 208M->4M(742M) 9,138ms
[2024-08-07T20:38:59.081+0300][4,280s][info][gc] GC(87) Pause Young (Allocation Failure) 209M->2M(742M) 2,815ms
[2024-08-07T20:38:59.126+0300][4,324s][info][gc] GC(88) Pause Young (Allocation Failure) 207M->4M(742M) 6,099ms
[2024-08-07T20:38:59.169+0300][4,367s][info][gc] GC(89) Pause Young (Allocation Failure) 208M->2M(742M) 1,101ms
[2024-08-07T20:38:59.213+0300][4,412s][info][gc] GC(90) Pause Young (Allocation Failure) 207M->3M(742M) 5,512ms
[2024-08-07T20:38:59.258+0300][4,457s][info][gc] GC(91) Pause Young (Allocation Failure) 208M->4M(742M) 5,886ms
[2024-08-07T20:38:59.299+0300][4,497s][info][gc] GC(92) Pause Young (Allocation Failure) 209M->3M(742M) 2,169ms
[2024-08-07T20:38:59.343+0300][4,541s][info][gc] GC(93) Pause Young (Allocation Failure) 208M->4M(742M) 5,343ms
[2024-08-07T20:38:59.384+0300][4,582s][info][gc] GC(94) Pause Young (Allocation Failure) 209M->2M(742M) 1,880ms
[2024-08-07T20:38:59.430+0300][4,629s][info][gc] GC(95) Pause Young (Allocation Failure) 207M->4M(742M) 7,279ms
[2024-08-07T20:38:59.481+0300][4,679s][info][gc] GC(96) Pause Young (Allocation Failure) 208M->5M(742M) 10,953ms
[2024-08-07T20:38:59.524+0300][4,723s][info][gc] GC(97) Pause Young (Allocation Failure) 210M->3M(742M) 5,492ms
[2024-08-07T20:38:59.570+0300][4,769s][info][gc] GC(98) Pause Young (Allocation Failure) 208M->4M(742M) 6,642ms
[2024-08-07T20:38:59.612+0300][4,811s][info][gc] GC(99) Pause Young (Allocation Failure) 209M->3M(742M) 3,926ms
[2024-08-07T20:38:59.659+0300][4,858s][info][gc] GC(100) Pause Young (Allocation Failure) 207M->4M(742M) 8,007ms
[2024-08-07T20:38:59.700+0300][4,899s][info][gc] GC(101) Pause Young (Allocation Failure) 209M->2M(742M) 1,940ms
[2024-08-07T20:38:59.745+0300][4,943s][info][gc] GC(102) Pause Young (Allocation Failure) 207M->3M(742M) 6,384ms
[2024-08-07T20:38:59.795+0300][4,993s][info][gc] GC(103) Pause Young (Allocation Failure) 208M->5M(742M) 11,231ms
[2024-08-07T20:38:59.838+0300][5,037s][info][gc] GC(104) Pause Young (Allocation Failure) 210M->3M(742M) 4,331ms
[2024-08-07T20:38:59.886+0300][5,085s][info][gc] GC(105) Pause Young (Allocation Failure) 208M->4M(742M) 9,618ms
[2024-08-07T20:38:59.927+0300][5,126s][info][gc] GC(106) Pause Young (Allocation Failure) 209M->3M(742M) 2,629ms
[2024-08-07T20:38:59.974+0300][5,173s][info][gc] GC(107) Pause Young (Allocation Failure) 207M->4M(742M) 8,122ms
[2024-08-07T20:39:00.014+0300][5,213s][info][gc] GC(108) Pause Young (Allocation Failure) 209M->2M(742M) 1,493ms
[2024-08-07T20:39:00.060+0300][5,259s][info][gc] GC(109) Pause Young (Allocation Failure) 207M->3M(742M) 6,809ms
[2024-08-07T20:39:00.110+0300][5,309s][info][gc] GC(110) Pause Young (Allocation Failure) 208M->5M(742M) 11,027ms
[2024-08-07T20:39:00.153+0300][5,351s][info][gc] GC(111) Pause Young (Allocation Failure) 210M->3M(742M) 3,217ms
[2024-08-07T20:39:00.198+0300][5,397s][info][gc] GC(112) Pause Young (Allocation Failure) 208M->4M(742M) 5,022ms
[2024-08-07T20:39:00.239+0300][5,438s][info][gc] GC(113) Pause Young (Allocation Failure) 209M->2M(742M) 1,983ms
[2024-08-07T20:39:00.285+0300][5,484s][info][gc] GC(114) Pause Young (Allocation Failure) 207M->4M(742M) 7,833ms
[2024-08-07T20:39:00.326+0300][5,524s][info][gc] GC(115) Pause Young (Allocation Failure) 209M->2M(742M) 1,336ms
[2024-08-07T20:39:00.371+0300][5,570s][info][gc] GC(116) Pause Young (Allocation Failure) 207M->3M(742M) 6,153ms
[2024-08-07T20:39:00.421+0300][5,619s][info][gc] GC(117) Pause Young (Allocation Failure) 208M->5M(742M) 10,551ms
[2024-08-07T20:39:00.463+0300][5,661s][info][gc] GC(118) Pause Young (Allocation Failure) 209M->3M(742M) 2,931ms
[2024-08-07T20:39:00.511+0300][5,709s][info][gc] GC(119) Pause Young (Allocation Failure) 208M->4M(742M) 9,084ms
[2024-08-07T20:39:00.553+0300][5,751s][info][gc] GC(120) Pause Young (Allocation Failure) 209M->2M(742M) 2,799ms
[2024-08-07T20:39:00.598+0300][5,797s][info][gc] GC(121) Pause Young (Allocation Failure) 207M->4M(742M) 7,109ms
[2024-08-07T20:39:00.638+0300][5,836s][info][gc] GC(122) Pause Young (Allocation Failure) 209M->2M(742M) 1,051ms
[2024-08-07T20:39:00.686+0300][5,884s][info][gc] GC(123) Pause Young (Allocation Failure) 207M->3M(742M) 5,490ms
[2024-08-07T20:39:00.734+0300][5,933s][info][gc] GC(124) Pause Young (Allocation Failure) 208M->5M(742M) 10,359ms
[2024-08-07T20:39:00.777+0300][5,975s][info][gc] GC(125) Pause Young (Allocation Failure) 209M->3M(742M) 3,614ms
[2024-08-07T20:39:00.824+0300][6,023s][info][gc] GC(126) Pause Young (Allocation Failure) 208M->4M(742M) 8,566ms
[2024-08-07T20:39:00.865+0300][6,064s][info][gc] GC(127) Pause Young (Allocation Failure) 209M->2M(742M) 1,891ms
[2024-08-07T20:39:00.911+0300][6,110s][info][gc] GC(128) Pause Young (Allocation Failure) 207M->4M(742M) 7,412ms
[2024-08-07T20:39:00.950+0300][6,149s][info][gc] GC(129) Pause Young (Allocation Failure) 208M->2M(742M) 0,763ms
[2024-08-07T20:39:00.994+0300][6,193s][info][gc] GC(130) Pause Young (Allocation Failure) 207M->3M(742M) 5,740ms
[2024-08-07T20:39:01.042+0300][6,241s][info][gc] GC(131) Pause Young (Allocation Failure) 208M->4M(742M) 9,650ms
[2024-08-07T20:39:01.085+0300][6,284s][info][gc] GC(132) Pause Young (Allocation Failure) 209M->3M(742M) 3,963ms
[2024-08-07T20:39:01.132+0300][6,331s][info][gc] GC(133) Pause Young (Allocation Failure) 208M->4M(742M) 8,231ms
[2024-08-07T20:39:01.174+0300][6,372s][info][gc] GC(134) Pause Young (Allocation Failure) 209M->2M(742M) 2,508ms
[2024-08-07T20:39:01.219+0300][6,417s][info][gc] GC(135) Pause Young (Allocation Failure) 207M->4M(742M) 6,495ms
[2024-08-07T20:39:01.269+0300][6,467s][info][gc] GC(136) Pause Young (Allocation Failure) 208M->5M(742M) 11,465ms
[2024-08-07T20:39:01.313+0300][6,511s][info][gc] GC(137) Pause Young (Allocation Failure) 210M->3M(742M) 5,267ms
[2024-08-07T20:39:01.361+0300][6,560s][info][gc] GC(138) Pause Young (Allocation Failure) 208M->4M(742M) 9,875ms
[2024-08-07T20:39:01.405+0300][6,603s][info][gc] GC(139) Pause Young (Allocation Failure) 209M->3M(742M) 3,717ms
[2024-08-07T20:39:01.451+0300][6,650s][info][gc] GC(140) Pause Young (Allocation Failure) 207M->4M(742M) 7,886ms
[2024-08-07T20:39:01.493+0300][6,691s][info][gc] GC(141) Pause Young (Allocation Failure) 209M->2M(742M) 1,927ms
[2024-08-07T20:39:01.538+0300][6,737s][info][gc] GC(142) Pause Young (Allocation Failure) 207M->3M(742M) 6,517ms
[2024-08-07T20:39:01.587+0300][6,785s][info][gc] GC(143) Pause Young (Allocation Failure) 208M->5M(742M) 9,318ms
[2024-08-07T20:39:01.630+0300][6,828s][info][gc] GC(144) Pause Young (Allocation Failure) 210M->3M(742M) 4,429ms
[2024-08-07T20:39:01.682+0300][6,881s][info][gc] GC(145) Pause Young (Allocation Failure) 208M->4M(742M) 6,231ms
[2024-08-07T20:39:01.724+0300][6,922s][info][gc] GC(146) Pause Young (Allocation Failure) 209M->3M(742M) 2,935ms
[2024-08-07T20:39:01.771+0300][6,970s][info][gc] GC(147) Pause Young (Allocation Failure) 207M->4M(742M) 7,729ms
[2024-08-07T20:39:01.811+0300][7,010s][info][gc] GC(148) Pause Young (Allocation Failure) 209M->2M(742M) 1,518ms
[2024-08-07T20:39:01.857+0300][7,056s][info][gc] GC(149) Pause Young (Allocation Failure) 207M->3M(742M) 6,648ms
[2024-08-07T20:39:01.907+0300][7,106s][info][gc] GC(150) Pause Young (Allocation Failure) 208M->5M(742M) 10,792ms
[2024-08-07T20:39:01.951+0300][7,149s][info][gc] GC(151) Pause Young (Allocation Failure) 210M->3M(742M) 4,980ms
[2024-08-07T20:39:01.999+0300][7,197s][info][gc] GC(152) Pause Young (Allocation Failure) 208M->4M(742M) 8,816ms
[2024-08-07T20:39:02.041+0300][7,239s][info][gc] GC(153) Pause Young (Allocation Failure) 209M->2M(742M) 3,263ms
[2024-08-07T20:39:02.084+0300][7,283s][info][gc] GC(154) Pause Young (Allocation Failure) 207M->4M(742M) 3,976ms
[2024-08-07T20:39:02.124+0300][7,322s][info][gc] GC(155) Pause Young (Allocation Failure) 209M->2M(742M) 1,250ms
[2024-08-07T20:39:02.169+0300][7,368s][info][gc] GC(156) Pause Young (Allocation Failure) 207M->3M(742M) 6,306ms
[2024-08-07T20:39:02.218+0300][7,417s][info][gc] GC(157) Pause Young (Allocation Failure) 208M->5M(742M) 10,544ms
[2024-08-07T20:39:02.261+0300][7,459s][info][gc] GC(158) Pause Young (Allocation Failure) 209M->3M(742M) 3,951ms
[2024-08-07T20:39:02.309+0300][7,507s][info][gc] GC(159) Pause Young (Allocation Failure) 208M->4M(742M) 8,866ms
[2024-08-07T20:39:02.350+0300][7,549s][info][gc] GC(160) Pause Young (Allocation Failure) 209M->2M(742M) 2,304ms
[2024-08-07T20:39:02.397+0300][7,595s][info][gc] GC(161) Pause Young (Allocation Failure) 207M->4M(742M) 7,508ms
[2024-08-07T20:39:02.437+0300][7,635s][info][gc] GC(162) Pause Young (Allocation Failure) 209M->2M(742M) 1,090ms
[2024-08-07T20:39:02.483+0300][7,681s][info][gc] GC(163) Pause Young (Allocation Failure) 207M->3M(742M) 6,132ms
[2024-08-07T20:39:02.532+0300][7,730s][info][gc] GC(164) Pause Young (Allocation Failure) 208M->4M(742M) 10,220ms
[2024-08-07T20:39:02.574+0300][7,773s][info][gc] GC(165) Pause Young (Allocation Failure) 209M->3M(742M) 3,219ms
[2024-08-07T20:39:02.622+0300][7,820s][info][gc] GC(166) Pause Young (Allocation Failure) 208M->4M(742M) 8,521ms
[2024-08-07T20:39:02.663+0300][7,861s][info][gc] GC(167) Pause Young (Allocation Failure) 209M->2M(742M) 2,491ms
[2024-08-07T20:39:02.708+0300][7,907s][info][gc] GC(168) Pause Young (Allocation Failure) 207M->4M(742M) 6,887ms
[2024-08-07T20:39:02.749+0300][7,947s][info][gc] GC(169) Pause Young (Allocation Failure) 208M->2M(742M) 0,956ms
[2024-08-07T20:39:02.792+0300][7,990s][info][gc] GC(170) Pause Young (Allocation Failure) 207M->3M(742M) 5,021ms
[2024-08-07T20:39:02.841+0300][8,040s][info][gc] GC(171) Pause Young (Allocation Failure) 208M->4M(742M) 9,078ms
[2024-08-07T20:39:02.883+0300][8,082s][info][gc] GC(172) Pause Young (Allocation Failure) 209M->3M(742M) 3,204ms
[2024-08-07T20:39:02.930+0300][8,128s][info][gc] GC(173) Pause Young (Allocation Failure) 208M->4M(742M) 8,252ms
[2024-08-07T20:39:02.970+0300][8,169s][info][gc] GC(174) Pause Young (Allocation Failure) 209M->2M(742M) 1,737ms
[2024-08-07T20:39:03.016+0300][8,214s][info][gc] GC(175) Pause Young (Allocation Failure) 207M->3M(742M) 7,218ms
[2024-08-07T20:39:03.066+0300][8,264s][info][gc] GC(176) Pause Young (Allocation Failure) 208M->5M(742M) 11,355ms
[2024-08-07T20:39:03.111+0300][8,309s][info][gc] GC(177) Pause Young (Allocation Failure) 210M->3M(742M) 5,522ms
[2024-08-07T20:39:03.159+0300][8,357s][info][gc] GC(178) Pause Young (Allocation Failure) 208M->4M(742M) 9,845ms
[2024-08-07T20:39:03.201+0300][8,400s][info][gc] GC(179) Pause Young (Allocation Failure) 209M->3M(742M) 3,624ms
[2024-08-07T20:39:03.248+0300][8,446s][info][gc] GC(180) Pause Young (Allocation Failure) 207M->4M(742M) 7,551ms
[2024-08-07T20:39:03.288+0300][8,486s][info][gc] GC(181) Pause Young (Allocation Failure) 209M->2M(742M) 1,893ms
[2024-08-07T20:39:03.332+0300][8,531s][info][gc] GC(182) Pause Young (Allocation Failure) 207M->3M(742M) 6,191ms
[2024-08-07T20:39:03.377+0300][8,576s][info][gc] GC(183) Pause Young (Allocation Failure) 208M->5M(742M) 5,696ms
[2024-08-07T20:39:03.420+0300][8,618s][info][gc] GC(184) Pause Young (Allocation Failure) 210M->3M(742M) 4,224ms
[2024-08-07T20:39:03.467+0300][8,666s][info][gc] GC(185) Pause Young (Allocation Failure) 208M->4M(742M) 9,155ms
[2024-08-07T20:39:03.510+0300][8,708s][info][gc] GC(186) Pause Young (Allocation Failure) 209M->2M(742M) 3,587ms
[2024-08-07T20:39:03.556+0300][8,754s][info][gc] GC(187) Pause Young (Allocation Failure) 207M->4M(742M) 7,754ms
[2024-08-07T20:39:03.596+0300][8,794s][info][gc] GC(188) Pause Young (Allocation Failure) 209M->2M(742M) 1,461ms
[2024-08-07T20:39:03.639+0300][8,837s][info][gc] GC(189) Pause Young (Allocation Failure) 207M->3M(742M) 5,679ms
[2024-08-07T20:39:03.688+0300][8,887s][info][gc] GC(190) Pause Young (Allocation Failure) 208M->5M(742M) 10,551ms
[2024-08-07T20:39:03.731+0300][8,929s][info][gc] GC(191) Pause Young (Allocation Failure) 209M->3M(742M) 4,019ms
[2024-08-07T20:39:03.778+0300][8,977s][info][gc] GC(192) Pause Young (Allocation Failure) 208M->4M(742M) 9,016ms
[2024-08-07T20:39:03.820+0300][9,018s][info][gc] GC(193) Pause Young (Allocation Failure) 209M->2M(742M) 2,479ms
[2024-08-07T20:39:03.865+0300][9,064s][info][gc] GC(194) Pause Young (Allocation Failure) 207M->4M(742M) 7,395ms
[2024-08-07T20:39:03.905+0300][9,104s][info][gc] GC(195) Pause Young (Allocation Failure) 209M->2M(742M) 1,193ms
[2024-08-07T20:39:03.949+0300][9,147s][info][gc] GC(196) Pause Young (Allocation Failure) 207M->3M(742M) 6,104ms
[2024-08-07T20:39:03.998+0300][9,196s][info][gc] GC(197) Pause Young (Allocation Failure) 208M->5M(742M) 10,432ms
[2024-08-07T20:39:04.040+0300][9,239s][info][gc] GC(198) Pause Young (Allocation Failure) 209M->3M(742M) 3,876ms
[2024-08-07T20:39:04.088+0300][9,286s][info][gc] GC(199) Pause Young (Allocation Failure) 208M->4M(742M) 8,778ms
[2024-08-07T20:39:04.128+0300][9,326s][info][gc] GC(200) Pause Young (Allocation Failure) 209M->2M(742M) 1,462ms
[2024-08-07T20:39:04.174+0300][9,372s][info][gc] GC(201) Pause Young (Allocation Failure) 207M->4M(742M) 7,461ms
[2024-08-07T20:39:04.213+0300][9,412s][info][gc] GC(202) Pause Young (Allocation Failure) 208M->2M(742M) 0,918ms
[2024-08-07T20:39:04.256+0300][9,455s][info][gc] GC(203) Pause Young (Allocation Failure) 207M->3M(742M) 5,258ms
[2024-08-07T20:39:04.305+0300][9,503s][info][gc] GC(204) Pause Young (Allocation Failure) 208M->4M(742M) 10,058ms
[2024-08-07T20:39:04.347+0300][9,546s][info][gc] GC(205) Pause Young (Allocation Failure) 209M->3M(742M) 4,295ms
[2024-08-07T20:39:04.394+0300][9,592s][info][gc] GC(206) Pause Young (Allocation Failure) 208M->4M(742M) 8,152ms
[2024-08-07T20:39:04.434+0300][9,632s][info][gc] GC(207) Pause Young (Allocation Failure) 209M->2M(742M) 1,924ms
[2024-08-07T20:39:04.480+0300][9,678s][info][gc] GC(208) Pause Young (Allocation Failure) 207M->4M(742M) 7,315ms
[2024-08-07T20:39:04.519+0300][9,717s][info][gc] GC(209) Pause Young (Allocation Failure) 208M->2M(742M) 0,658ms
[2024-08-07T20:39:04.562+0300][9,761s][info][gc] GC(210) Pause Young (Allocation Failure) 207M->3M(742M) 5,646ms
[2024-08-07T20:39:04.611+0300][9,809s][info][gc] GC(211) Pause Young (Allocation Failure) 208M->4M(742M) 9,959ms
[2024-08-07T20:39:04.653+0300][9,852s][info][gc] GC(212) Pause Young (Allocation Failure) 209M->3M(742M) 3,881ms
[2024-08-07T20:39:04.699+0300][9,898s][info][gc] GC(213) Pause Young (Allocation Failure) 208M->4M(742M) 7,791ms
[2024-08-07T20:39:04.739+0300][9,938s][info][gc] GC(214) Pause Young (Allocation Failure) 209M->2M(742M) 1,868ms
[2024-08-07T20:39:04.784+0300][9,983s][info][gc] GC(215) Pause Young (Allocation Failure) 207M->3M(742M) 6,579ms
[2024-08-07T20:39:04.834+0300][10,032s][info][gc] GC(216) Pause Young (Allocation Failure) 208M->5M(742M) 11,165ms
[2024-08-07T20:39:04.877+0300][10,075s][info][gc] GC(217) Pause Young (Allocation Failure) 210M->3M(742M) 3,716ms
[2024-08-07T20:39:04.925+0300][10,123s][info][gc] GC(218) Pause Young (Allocation Failure) 208M->4M(742M) 9,579ms
[2024-08-07T20:39:04.966+0300][10,164s][info][gc] GC(219) Pause Young (Allocation Failure) 209M->3M(742M) 2,660ms
[2024-08-07T20:39:05.012+0300][10,211s][info][gc] GC(220) Pause Young (Allocation Failure) 207M->4M(742M) 8,103ms
[2024-08-07T20:39:05.051+0300][10,250s][info][gc] GC(221) Pause Young (Allocation Failure) 209M->2M(742M) 1,085ms
[2024-08-07T20:39:05.096+0300][10,295s][info][gc] GC(222) Pause Young (Allocation Failure) 207M->3M(742M) 6,271ms
[2024-08-07T20:39:05.145+0300][10,344s][info][gc] GC(223) Pause Young (Allocation Failure) 208M->5M(742M) 10,698ms
[2024-08-07T20:39:05.188+0300][10,386s][info][gc] GC(224) Pause Young (Allocation Failure) 210M->3M(742M) 4,296ms
[2024-08-07T20:39:05.235+0300][10,434s][info][gc] GC(225) Pause Young (Allocation Failure) 208M->4M(742M) 9,104ms
[2024-08-07T20:39:05.276+0300][10,475s][info][gc] GC(226) Pause Young (Allocation Failure) 209M->2M(742M) 2,641ms
[2024-08-07T20:39:05.322+0300][10,521s][info][gc] GC(227) Pause Young (Allocation Failure) 207M->4M(742M) 7,835ms
[2024-08-07T20:39:05.362+0300][10,561s][info][gc] GC(228) Pause Young (Allocation Failure) 209M->2M(742M) 1,353ms
[2024-08-07T20:39:05.407+0300][10,605s][info][gc] GC(229) Pause Young (Allocation Failure) 207M->3M(742M) 6,542ms
[2024-08-07T20:39:05.455+0300][10,654s][info][gc] GC(230) Pause Young (Allocation Failure) 208M->5M(742M) 10,450ms
[2024-08-07T20:39:05.499+0300][10,697s][info][gc] GC(231) Pause Young (Allocation Failure) 209M->3M(742M) 4,773ms
[2024-08-07T20:39:05.546+0300][10,744s][info][gc] GC(232) Pause Young (Allocation Failure) 208M->4M(742M) 8,972ms
[2024-08-07T20:39:05.588+0300][10,786s][info][gc] GC(233) Pause Young (Allocation Failure) 209M->2M(742M) 3,171ms
[2024-08-07T20:39:05.633+0300][10,832s][info][gc] GC(234) Pause Young (Allocation Failure) 207M->4M(742M) 7,119ms
[2024-08-07T20:39:05.673+0300][10,871s][info][gc] GC(235) Pause Young (Allocation Failure) 209M->2M(742M) 1,310ms
[2024-08-07T20:39:05.716+0300][10,914s][info][gc] GC(236) Pause Young (Allocation Failure) 207M->3M(742M) 5,528ms
[2024-08-07T20:39:05.765+0300][10,963s][info][gc] GC(237) Pause Young (Allocation Failure) 208M->5M(742M) 10,524ms
[2024-08-07T20:39:05.808+0300][11,006s][info][gc] GC(238) Pause Young (Allocation Failure) 209M->3M(742M) 4,505ms
[2024-08-07T20:39:05.855+0300][11,053s][info][gc] GC(239) Pause Young (Allocation Failure) 208M->4M(742M) 8,522ms
[2024-08-07T20:39:05.896+0300][11,095s][info][gc] GC(240) Pause Young (Allocation Failure) 209M->2M(742M) 2,769ms
[2024-08-07T20:39:05.942+0300][11,140s][info][gc] GC(241) Pause Young (Allocation Failure) 207M->4M(742M) 7,119ms
[2024-08-07T20:39:05.981+0300][11,180s][info][gc] GC(242) Pause Young (Allocation Failure) 208M->2M(742M) 0,791ms
[2024-08-07T20:39:06.025+0300][11,223s][info][gc] GC(243) Pause Young (Allocation Failure) 207M->3M(742M) 6,015ms
[2024-08-07T20:39:06.074+0300][11,272s][info][gc] GC(244) Pause Young (Allocation Failure) 208M->4M(742M) 10,207ms
[2024-08-07T20:39:06.116+0300][11,314s][info][gc] GC(245) Pause Young (Allocation Failure) 209M->3M(742M) 3,419ms
[2024-08-07T20:39:06.163+0300][11,362s][info][gc] GC(246) Pause Young (Allocation Failure) 208M->4M(742M) 8,523ms
[2024-08-07T20:39:06.204+0300][11,402s][info][gc] GC(247) Pause Young (Allocation Failure) 209M->2M(742M) 1,862ms
[2024-08-07T20:39:06.249+0300][11,447s][info][gc] GC(248) Pause Young (Allocation Failure) 207M->4M(742M) 7,078ms
[2024-08-07T20:39:06.299+0300][11,497s][info][gc] GC(249) Pause Young (Allocation Failure) 208M->5M(742M) 11,504ms
[2024-08-07T20:39:06.343+0300][11,541s][info][gc] GC(250) Pause Young (Allocation Failure) 210M->3M(742M) 5,419ms
[2024-08-07T20:39:06.387+0300][11,585s][info][gc] GC(251) Pause Young (Allocation Failure) 208M->4M(742M) 5,443ms
[2024-08-07T20:39:06.429+0300][11,628s][info][gc] GC(252) Pause Young (Allocation Failure) 209M->3M(742M) 3,805ms
[2024-08-07T20:39:06.475+0300][11,674s][info][gc] GC(253) Pause Young (Allocation Failure) 207M->4M(742M) 7,914ms
[2024-08-07T20:39:06.516+0300][11,714s][info][gc] GC(254) Pause Young (Allocation Failure) 209M->2M(742M) 2,122ms
[2024-08-07T20:39:06.561+0300][11,759s][info][gc] GC(255) Pause Young (Allocation Failure) 207M->3M(742M) 6,277ms
[2024-08-07T20:39:06.611+0300][11,809s][info][gc] GC(256) Pause Young (Allocation Failure) 208M->5M(742M) 10,975ms
[2024-08-07T20:39:06.654+0300][11,852s][info][gc] GC(257) Pause Young (Allocation Failure) 210M->3M(742M) 4,276ms
[2024-08-07T20:39:06.701+0300][11,900s][info][gc] GC(258) Pause Young (Allocation Failure) 208M->4M(742M) 9,310ms
[2024-08-07T20:39:06.743+0300][11,942s][info][gc] GC(259) Pause Young (Allocation Failure) 209M->3M(742M) 3,524ms
[2024-08-07T20:39:06.790+0300][11,988s][info][gc] GC(260) Pause Young (Allocation Failure) 207M->4M(742M) 7,935ms
[2024-08-07T20:39:06.830+0300][12,028s][info][gc] GC(261) Pause Young (Allocation Failure) 209M->2M(742M) 1,777ms
[2024-08-07T20:39:06.871+0300][12,070s][info][gc] GC(262) Pause Young (Allocation Failure) 207M->3M(742M) 3,033ms
[2024-08-07T20:39:06.921+0300][12,119s][info][gc] GC(263) Pause Young (Allocation Failure) 208M->5M(742M) 10,804ms
[2024-08-07T20:39:06.963+0300][12,162s][info][gc] GC(264) Pause Young (Allocation Failure) 210M->3M(742M) 4,114ms
[2024-08-07T20:39:07.010+0300][12,209s][info][gc] GC(265) Pause Young (Allocation Failure) 208M->4M(742M) 9,030ms
[2024-08-07T20:39:07.051+0300][12,250s][info][gc] GC(266) Pause Young (Allocation Failure) 209M->2M(742M) 2,674ms
[2024-08-07T20:39:07.097+0300][12,295s][info][gc] GC(267) Pause Young (Allocation Failure) 207M->4M(742M) 6,615ms
[2024-08-07T20:39:07.136+0300][12,335s][info][gc] GC(268) Pause Young (Allocation Failure) 209M->2M(742M) 1,394ms
[2024-08-07T20:39:07.181+0300][12,379s][info][gc] GC(269) Pause Young (Allocation Failure) 207M->3M(742M) 6,355ms
[2024-08-07T20:39:07.230+0300][12,429s][info][gc] GC(270) Pause Young (Allocation Failure) 208M->5M(742M) 10,697ms
[2024-08-07T20:39:07.273+0300][12,472s][info][gc] GC(271) Pause Young (Allocation Failure) 209M->3M(742M) 4,656ms
[2024-08-07T20:39:07.321+0300][12,519s][info][gc] GC(272) Pause Young (Allocation Failure) 208M->4M(742M) 8,823ms
[2024-08-07T20:39:07.361+0300][12,560s][info][gc] GC(273) Pause Young (Allocation Failure) 209M->2M(742M) 2,294ms
[2024-08-07T20:39:07.408+0300][12,606s][info][gc] GC(274) Pause Young (Allocation Failure) 207M->4M(742M) 7,680ms
[2024-08-07T20:39:07.447+0300][12,646s][info][gc] GC(275) Pause Young (Allocation Failure) 209M->2M(742M) 1,133ms
[2024-08-07T20:39:07.492+0300][12,690s][info][gc] GC(276) Pause Young (Allocation Failure) 207M->3M(742M) 6,035ms
[2024-08-07T20:39:07.540+0300][12,739s][info][gc] GC(277) Pause Young (Allocation Failure) 208M->4M(742M) 10,307ms
[2024-08-07T20:39:07.584+0300][12,782s][info][gc] GC(278) Pause Young (Allocation Failure) 209M->3M(742M) 4,491ms
[2024-08-07T20:39:07.631+0300][12,830s][info][gc] GC(279) Pause Young (Allocation Failure) 208M->4M(742M) 8,682ms
[2024-08-07T20:39:07.672+0300][12,871s][info][gc] GC(280) Pause Young (Allocation Failure) 209M->2M(742M) 2,599ms
[2024-08-07T20:39:07.717+0300][12,916s][info][gc] GC(281) Pause Young (Allocation Failure) 207M->4M(742M) 6,911ms
[2024-08-07T20:39:07.757+0300][12,955s][info][gc] GC(282) Pause Young (Allocation Failure) 208M->2M(742M) 1,026ms
[2024-08-07T20:39:07.800+0300][12,998s][info][gc] GC(283) Pause Young (Allocation Failure) 207M->3M(742M) 5,189ms
[2024-08-07T20:39:07.848+0300][13,046s][info][gc] GC(284) Pause Young (Allocation Failure) 208M->4M(742M) 9,924ms
[2024-08-07T20:39:07.890+0300][13,088s][info][gc] GC(285) Pause Young (Allocation Failure) 209M->3M(742M) 3,356ms
[2024-08-07T20:39:07.936+0300][13,135s][info][gc] GC(286) Pause Young (Allocation Failure) 208M->4M(742M) 8,512ms
[2024-08-07T20:39:07.977+0300][13,175s][info][gc] GC(287) Pause Young (Allocation Failure) 209M->2M(742M) 1,827ms
[2024-08-07T20:39:08.022+0300][13,221s][info][gc] GC(288) Pause Young (Allocation Failure) 207M->3M(742M) 7,111ms
[2024-08-07T20:39:08.072+0300][13,270s][info][gc] GC(289) Pause Young (Allocation Failure) 208M->5M(742M) 11,804ms
[2024-08-07T20:39:08.116+0300][13,314s][info][gc] GC(290) Pause Young (Allocation Failure) 210M->3M(742M) 4,703ms
[2024-08-07T20:39:08.164+0300][13,362s][info][gc] GC(291) Pause Young (Allocation Failure) 208M->4M(742M) 9,523ms
[2024-08-07T20:39:08.205+0300][13,404s][info][gc] GC(292) Pause Young (Allocation Failure) 209M->3M(742M) 2,923ms
[2024-08-07T20:39:08.252+0300][13,450s][info][gc] GC(293) Pause Young (Allocation Failure) 207M->4M(742M) 8,162ms
[2024-08-07T20:39:08.291+0300][13,490s][info][gc] GC(294) Pause Young (Allocation Failure) 209M->2M(742M) 1,690ms
[2024-08-07T20:39:08.336+0300][13,535s][info][gc] GC(295) Pause Young (Allocation Failure) 207M->3M(742M) 6,825ms
[2024-08-07T20:39:08.382+0300][13,580s][info][gc] GC(296) Pause Young (Allocation Failure) 208M->5M(742M) 6,923ms
[2024-08-07T20:39:08.425+0300][13,624s][info][gc] GC(297) Pause Young (Allocation Failure) 210M->3M(742M) 4,896ms
[2024-08-07T20:39:08.473+0300][13,672s][info][gc] GC(298) Pause Young (Allocation Failure) 208M->4M(742M) 9,485ms
[2024-08-07T20:39:08.515+0300][13,714s][info][gc] GC(299) Pause Young (Allocation Failure) 209M->2M(742M) 3,395ms
[2024-08-07T20:39:08.561+0300][13,760s][info][gc] GC(300) Pause Young (Allocation Failure) 207M->4M(742M) 7,375ms
[2024-08-07T20:39:08.602+0300][13,800s][info][gc] GC(301) Pause Young (Allocation Failure) 209M->2M(742M) 1,715ms
[2024-08-07T20:39:08.646+0300][13,844s][info][gc] GC(302) Pause Young (Allocation Failure) 207M->3M(742M) 5,975ms
[2024-08-07T20:39:08.695+0300][13,893s][info][gc] GC(303) Pause Young (Allocation Failure) 208M->5M(742M) 10,681ms
[2024-08-07T20:39:08.735+0300][13,934s][info][gc] GC(304) Pause Young (Allocation Failure) 210M->3M(742M) 2,249ms
[2024-08-07T20:39:08.783+0300][13,981s][info][gc] GC(305) Pause Young (Allocation Failure) 208M->4M(742M) 9,178ms
[2024-08-07T20:39:08.824+0300][14,023s][info][gc] GC(306) Pause Young (Allocation Failure) 209M->2M(742M) 2,979ms
[2024-08-07T20:39:08.869+0300][14,068s][info][gc] GC(307) Pause Young (Allocation Failure) 207M->4M(742M) 6,917ms
[2024-08-07T20:39:08.909+0300][14,107s][info][gc] GC(308) Pause Young (Allocation Failure) 209M->2M(742M) 1,412ms
[2024-08-07T20:39:08.953+0300][14,151s][info][gc] GC(309) Pause Young (Allocation Failure) 207M->3M(742M) 5,452ms
[2024-08-07T20:39:09.002+0300][14,200s][info][gc] GC(310) Pause Young (Allocation Failure) 208M->5M(742M) 10,446ms
[2024-08-07T20:39:09.045+0300][14,243s][info][gc] GC(311) Pause Young (Allocation Failure) 209M->3M(742M) 3,833ms
[2024-08-07T20:39:09.093+0300][14,291s][info][gc] GC(312) Pause Young (Allocation Failure) 208M->4M(742M) 9,452ms
[2024-08-07T20:39:09.133+0300][14,332s][info][gc] GC(313) Pause Young (Allocation Failure) 209M->2M(742M) 2,248ms
[2024-08-07T20:39:09.179+0300][14,378s][info][gc] GC(314) Pause Young (Allocation Failure) 207M->4M(742M) 7,538ms
[2024-08-07T20:39:09.219+0300][14,417s][info][gc] GC(315) Pause Young (Allocation Failure) 209M->2M(742M) 1,083ms
[2024-08-07T20:39:09.263+0300][14,461s][info][gc] GC(316) Pause Young (Allocation Failure) 207M->3M(742M) 5,952ms
[2024-08-07T20:39:09.311+0300][14,509s][info][gc] GC(317) Pause Young (Allocation Failure) 208M->4M(742M) 9,833ms
[2024-08-07T20:39:09.353+0300][14,551s][info][gc] GC(318) Pause Young (Allocation Failure) 209M->3M(742M) 3,603ms
[2024-08-07T20:39:09.400+0300][14,599s][info][gc] GC(319) Pause Young (Allocation Failure) 208M->4M(742M) 8,703ms
[2024-08-07T20:39:09.441+0300][14,639s][info][gc] GC(320) Pause Young (Allocation Failure) 209M->2M(742M) 2,112ms
[2024-08-07T20:39:09.487+0300][14,685s][info][gc] GC(321) Pause Young (Allocation Failure) 207M->4M(742M) 7,259ms
[2024-08-07T20:39:09.526+0300][14,724s][info][gc] GC(322) Pause Young (Allocation Failure) 208M->2M(742M) 0,902ms
[2024-08-07T20:39:09.569+0300][14,767s][info][gc] GC(323) Pause Young (Allocation Failure) 207M->3M(742M) 5,604ms
[2024-08-07T20:39:09.618+0300][14,816s][info][gc] GC(324) Pause Young (Allocation Failure) 208M->4M(742M) 9,985ms
[2024-08-07T20:39:09.660+0300][14,859s][info][gc] GC(325) Pause Young (Allocation Failure) 209M->3M(742M) 3,527ms
[2024-08-07T20:39:09.707+0300][14,905s][info][gc] GC(326) Pause Young (Allocation Failure) 208M->4M(742M) 8,014ms
[2024-08-07T20:39:09.747+0300][14,946s][info][gc] GC(327) Pause Young (Allocation Failure) 209M->2M(742M) 2,235ms
[2024-08-07T20:39:09.792+0300][14,991s][info][gc] GC(328) Pause Young (Allocation Failure) 207M->3M(742M) 6,463ms
[2024-08-07T20:39:09.842+0300][15,041s][info][gc] GC(329) Pause Young (Allocation Failure) 208M->5M(742M) 11,306ms
[2024-08-07T20:39:09.886+0300][15,085s][info][gc] GC(330) Pause Young (Allocation Failure) 210M->3M(742M) 5,528ms
[2024-08-07T20:39:09.934+0300][15,132s][info][gc] GC(331) Pause Young (Allocation Failure) 208M->4M(742M) 9,616ms
[2024-08-07T20:39:09.975+0300][15,173s][info][gc] GC(332) Pause Young (Allocation Failure) 209M->3M(742M) 2,705ms
[2024-08-07T20:39:10.021+0300][15,220s][info][gc] GC(333) Pause Young (Allocation Failure) 207M->4M(742M) 7,938ms
[2024-08-07T20:39:10.061+0300][15,260s][info][gc] GC(334) Pause Young (Allocation Failure) 209M->2M(742M) 1,920ms
[2024-08-07T20:39:10.106+0300][15,305s][info][gc] GC(335) Pause Young (Allocation Failure) 207M->3M(742M) 6,304ms
[2024-08-07T20:39:10.156+0300][15,354s][info][gc] GC(336) Pause Young (Allocation Failure) 208M->5M(742M) 10,908ms
[2024-08-07T20:39:10.198+0300][15,396s][info][gc] GC(337) Pause Young (Allocation Failure) 210M->3M(742M) 4,091ms
[2024-08-07T20:39:10.246+0300][15,444s][info][gc] GC(338) Pause Young (Allocation Failure) 208M->4M(742M) 9,130ms
[2024-08-07T20:39:10.287+0300][15,485s][info][gc] GC(339) Pause Young (Allocation Failure) 209M->2M(742M) 2,649ms
[2024-08-07T20:39:10.333+0300][15,531s][info][gc] GC(340) Pause Young (Allocation Failure) 207M->4M(742M) 7,982ms
[2024-08-07T20:39:10.373+0300][15,571s][info][gc] GC(341) Pause Young (Allocation Failure) 209M->2M(742M) 1,360ms
[2024-08-07T20:39:10.418+0300][15,616s][info][gc] GC(342) Pause Young (Allocation Failure) 207M->3M(742M) 6,557ms
[2024-08-07T20:39:10.467+0300][15,665s][info][gc] GC(343) Pause Young (Allocation Failure) 208M->5M(742M) 10,540ms
[2024-08-07T20:39:10.510+0300][15,708s][info][gc] GC(344) Pause Young (Allocation Failure) 209M->3M(742M) 4,874ms
[2024-08-07T20:39:10.557+0300][15,756s][info][gc] GC(345) Pause Young (Allocation Failure) 208M->4M(742M) 9,109ms
[2024-08-07T20:39:10.599+0300][15,797s][info][gc] GC(346) Pause Young (Allocation Failure) 209M->2M(742M) 2,779ms
[2024-08-07T20:39:10.645+0300][15,843s][info][gc] GC(347) Pause Young (Allocation Failure) 207M->4M(742M) 7,332ms
[2024-08-07T20:39:10.685+0300][15,883s][info][gc] GC(348) Pause Young (Allocation Failure) 209M->2M(742M) 1,331ms
[2024-08-07T20:39:10.729+0300][15,927s][info][gc] GC(349) Pause Young (Allocation Failure) 207M->3M(742M) 5,698ms
[2024-08-07T20:39:10.778+0300][15,976s][info][gc] GC(350) Pause Young (Allocation Failure) 208M->5M(742M) 10,351ms
[2024-08-07T20:39:10.820+0300][16,019s][info][gc] GC(351) Pause Young (Allocation Failure) 209M->3M(742M) 3,643ms
[2024-08-07T20:39:10.867+0300][16,065s][info][gc] GC(352) Pause Young (Allocation Failure) 208M->4M(742M) 8,325ms
[2024-08-07T20:39:10.908+0300][16,107s][info][gc] GC(353) Pause Young (Allocation Failure) 209M->2M(742M) 2,738ms
[2024-08-07T20:39:10.954+0300][16,152s][info][gc] GC(354) Pause Young (Allocation Failure) 207M->4M(742M) 6,933ms
[2024-08-07T20:39:10.993+0300][16,192s][info][gc] GC(355) Pause Young (Allocation Failure) 208M->2M(742M) 1,087ms
[2024-08-07T20:39:11.036+0300][16,234s][info][gc] GC(356) Pause Young (Allocation Failure) 207M->3M(742M) 5,195ms
[2024-08-07T20:39:11.084+0300][16,282s][info][gc] GC(357) Pause Young (Allocation Failure) 208M->4M(742M) 9,099ms
[2024-08-07T20:39:11.126+0300][16,324s][info][gc] GC(358) Pause Young (Allocation Failure) 209M->3M(742M) 3,668ms
[2024-08-07T20:39:11.173+0300][16,371s][info][gc] GC(359) Pause Young (Allocation Failure) 208M->4M(742M) 8,624ms
[2024-08-07T20:39:11.213+0300][16,412s][info][gc] GC(360) Pause Young (Allocation Failure) 209M->2M(742M) 1,968ms
[2024-08-07T20:39:11.258+0300][16,456s][info][gc] GC(361) Pause Young (Allocation Failure) 207M->4M(742M) 6,458ms
[2024-08-07T20:39:11.308+0300][16,506s][info][gc] GC(362) Pause Young (Allocation Failure) 208M->5M(742M) 11,456ms
[2024-08-07T20:39:11.351+0300][16,550s][info][gc] GC(363) Pause Young (Allocation Failure) 210M->3M(742M) 4,961ms
[2024-08-07T20:39:11.399+0300][16,598s][info][gc] GC(364) Pause Young (Allocation Failure) 208M->4M(742M) 9,644ms
[2024-08-07T20:39:11.441+0300][16,639s][info][gc] GC(365) Pause Young (Allocation Failure) 209M->3M(742M) 2,995ms
[2024-08-07T20:39:11.488+0300][16,686s][info][gc] GC(366) Pause Young (Allocation Failure) 207M->4M(742M) 8,313ms
[2024-08-07T20:39:11.528+0300][16,726s][info][gc] GC(367) Pause Young (Allocation Failure) 209M->2M(742M) 1,739ms
[2024-08-07T20:39:11.573+0300][16,772s][info][gc] GC(368) Pause Young (Allocation Failure) 207M->3M(742M) 7,113ms
[2024-08-07T20:39:11.622+0300][16,821s][info][gc] GC(369) Pause Young (Allocation Failure) 208M->5M(742M) 11,196ms
[2024-08-07T20:39:11.666+0300][16,865s][info][gc] GC(370) Pause Young (Allocation Failure) 210M->3M(742M) 5,333ms
[2024-08-07T20:39:11.714+0300][16,913s][info][gc] GC(371) Pause Young (Allocation Failure) 208M->4M(742M) 9,134ms
