[2024-08-07T20:38:36.811+0300][0.005s][info][gc] Using Serial
[2024-08-07T20:38:37.069+0300][0,263s][info][gc] GC(0) Pause Young (Allocation Failure) 171M->3M(618M) 8,342ms
[2024-08-07T20:38:37.115+0300][0,309s][info][gc] GC(1) Pause Young (Allocation Failure) 173M->3M(618M) 8,799ms
[2024-08-07T20:38:37.153+0300][0,347s][info][gc] GC(2) Pause Young (Allocation Failure) 173M->3M(618M) 5,186ms
[2024-08-07T20:38:37.197+0300][0,391s][info][gc] GC(3) Pause Young (Allocation Failure) 174M->4M(618M) 11,062ms
[2024-08-07T20:38:37.243+0300][0,437s][info][gc] GC(4) Pause Young (Allocation Failure) 175M->4M(618M) 13,349ms
[2024-08-07T20:38:37.278+0300][0,472s][info][gc] GC(5) Pause Young (Allocation Failure) 175M->2M(618M) 3,021ms
[2024-08-07T20:38:37.316+0300][0,510s][info][gc] GC(6) Pause Young (Allocation Failure) 173M->3M(618M) 5,265ms
[2024-08-07T20:38:37.356+0300][0,550s][info][gc] GC(7) Pause Young (Allocation Failure) 173M->3M(618M) 7,181ms
[2024-08-07T20:38:37.398+0300][0,592s][info][gc] GC(8) Pause Young (Allocation Failure) 174M->4M(618M) 9,494ms
[2024-08-07T20:38:37.440+0300][0,634s][info][gc] GC(9) Pause Young (Allocation Failure) 174M->4M(618M) 6,129ms
[2024-08-07T20:38:37.487+0300][0,681s][info][gc] GC(10) Pause Young (Allocation Failure) 175M->5M(618M) 13,738ms
[2024-08-07T20:38:37.524+0300][0,718s][info][gc] GC(11) Pause Young (Allocation Failure) 175M->2M(618M) 4,295ms
[2024-08-07T20:38:37.564+0300][0,758s][info][gc] GC(12) Pause Young (Allocation Failure) 173M->3M(618M) 6,661ms
[2024-08-07T20:38:37.605+0300][0,799s][info][gc] GC(13) Pause Young (Allocation Failure) 174M->3M(618M) 8,401ms
[2024-08-07T20:38:37.649+0300][0,843s][info][gc] GC(14) Pause Young (Allocation Failure) 174M->4M(618M) 10,778ms
[2024-08-07T20:38:37.688+0300][0,882s][info][gc] GC(15) Pause Young (Allocation Failure) 175M->5M(618M) 5,819ms
[2024-08-07T20:38:37.723+0300][0,917s][info][gc] GC(16) Pause Young (Allocation Failure) 175M->2M(618M) 1,781ms
[2024-08-07T20:38:37.761+0300][0,955s][info][gc] GC(17) Pause Young (Allocation Failure) 173M->3M(618M) 4,292ms
[2024-08-07T20:38:37.801+0300][0,995s][info][gc] GC(18) Pause Young (Allocation Failure) 173M->3M(618M) 6,282ms
[2024-08-07T20:38:37.843+0300][1,037s][info][gc] GC(19) Pause Young (Allocation Failure) 174M->4M(618M) 8,102ms
[2024-08-07T20:38:37.886+0300][1,080s][info][gc] GC(20) Pause Young (Allocation Failure) 174M->4M(618M) 10,548ms
[2024-08-07T20:38:37.920+0300][1,114s][info][gc] GC(21) Pause Young (Allocation Failure) 175M->2M(618M) 0,867ms
[2024-08-07T20:38:37.955+0300][1,149s][info][gc] GC(22) Pause Young (Allocation Failure) 172M->2M(618M) 2,821ms
[2024-08-07T20:38:37.993+0300][1,187s][info][gc] GC(23) Pause Young (Allocation Failure) 173M->3M(618M) 4,756ms
[2024-08-07T20:38:38.034+0300][1,228s][info][gc] GC(24) Pause Young (Allocation Failure) 174M->3M(618M) 7,484ms
[2024-08-07T20:38:38.072+0300][1,266s][info][gc] GC(25) Pause Young (Allocation Failure) 174M->4M(618M) 5,275ms
[2024-08-07T20:38:38.116+0300][1,310s][info][gc] GC(26) Pause Young (Allocation Failure) 175M->5M(618M) 11,049ms
[2024-08-07T20:38:38.152+0300][1,346s][info][gc] GC(27) Pause Young (Allocation Failure) 175M->2M(618M) 2,376ms
[2024-08-07T20:38:38.190+0300][1,384s][info][gc] GC(28) Pause Young (Allocation Failure) 173M->3M(618M) 3,757ms
[2024-08-07T20:38:38.229+0300][1,423s][info][gc] GC(29) Pause Young (Allocation Failure) 173M->3M(618M) 6,362ms
[2024-08-07T20:38:38.271+0300][1,465s][info][gc] GC(30) Pause Young (Allocation Failure) 174M->4M(618M) 8,151ms
[2024-08-07T20:38:38.314+0300][1,508s][info][gc] GC(31) Pause Young (Allocation Failure) 174M->4M(618M) 10,754ms
[2024-08-07T20:38:38.349+0300][1,543s][info][gc] GC(32) Pause Young (Allocation Failure) 175M->2M(618M) 1,183ms
[2024-08-07T20:38:38.384+0300][1,578s][info][gc] GC(33) Pause Young (Allocation Failure) 173M->2M(618M) 3,619ms
[2024-08-07T20:38:38.423+0300][1,617s][info][gc] GC(34) Pause Young (Allocation Failure) 173M->3M(618M) 5,222ms
[2024-08-07T20:38:38.464+0300][1,658s][info][gc] GC(35) Pause Young (Allocation Failure) 174M->4M(618M) 7,826ms
[2024-08-07T20:38:38.506+0300][1,700s][info][gc] GC(36) Pause Young (Allocation Failure) 174M->4M(618M) 9,040ms
[2024-08-07T20:38:38.552+0300][1,746s][info][gc] GC(37) Pause Young (Allocation Failure) 175M->5M(618M) 12,215ms
[2024-08-07T20:38:38.587+0300][1,781s][info][gc] GC(38) Pause Young (Allocation Failure) 175M->2M(618M) 2,259ms
[2024-08-07T20:38:38.625+0300][1,819s][info][gc] GC(39) Pause Young (Allocation Failure) 173M->3M(618M) 4,822ms
[2024-08-07T20:38:38.662+0300][1,856s][info][gc] GC(40) Pause Young (Allocation Failure) 173M->3M(618M) 3,624ms
[2024-08-07T20:38:38.700+0300][1,894s][info][gc] GC(41) Pause Young (Allocation Failure) 174M->4M(618M) 4,879ms
[2024-08-07T20:38:38.739+0300][1,933s][info][gc] GC(42) Pause Young (Allocation Failure) 175M->4M(618M) 5,559ms
[2024-08-07T20:38:38.774+0300][1,967s][info][gc] GC(43) Pause Young (Allocation Failure) 175M->2M(618M) 1,779ms
[2024-08-07T20:38:38.811+0300][2,005s][info][gc] GC(44) Pause Young (Allocation Failure) 173M->3M(618M) 3,874ms
[2024-08-07T20:38:38.851+0300][2,045s][info][gc] GC(45) Pause Young (Allocation Failure) 173M->3M(618M) 5,899ms
[2024-08-07T20:38:38.892+0300][2,086s][info][gc] GC(46) Pause Young (Allocation Failure) 174M->4M(618M) 7,686ms
[2024-08-07T20:38:38.935+0300][2,129s][info][gc] GC(47) Pause Young (Allocation Failure) 174M->4M(618M) 10,219ms
[2024-08-07T20:38:38.980+0300][2,174s][info][gc] GC(48) Pause Young (Allocation Failure) 175M->5M(618M) 11,702ms
[2024-08-07T20:38:39.016+0300][2,210s][info][gc] GC(49) Pause Young (Allocation Failure) 175M->2M(618M) 3,011ms
[2024-08-07T20:38:39.054+0300][2,248s][info][gc] GC(50) Pause Young (Allocation Failure) 173M->3M(618M) 4,965ms
[2024-08-07T20:38:39.095+0300][2,289s][info][gc] GC(51) Pause Young (Allocation Failure) 174M->3M(618M) 7,196ms
[2024-08-07T20:38:39.138+0300][2,332s][info][gc] GC(52) Pause Young (Allocation Failure) 174M->4M(618M) 8,838ms
[2024-08-07T20:38:39.182+0300][2,376s][info][gc] GC(53) Pause Young (Allocation Failure) 175M->5M(618M) 11,422ms
[2024-08-07T20:38:39.218+0300][2,412s][info][gc] GC(54) Pause Young (Allocation Failure) 175M->2M(618M) 1,946ms
[2024-08-07T20:38:39.255+0300][2,449s][info][gc] GC(55) Pause Young (Allocation Failure) 173M->3M(618M) 4,200ms
[2024-08-07T20:38:39.294+0300][2,488s][info][gc] GC(56) Pause Young (Allocation Failure) 173M->3M(618M) 6,310ms
[2024-08-07T20:38:39.340+0300][2,534s][info][gc] GC(57) Pause Young (Allocation Failure) 174M->4M(618M) 8,358ms
[2024-08-07T20:38:39.383+0300][2,577s][info][gc] GC(58) Pause Young (Allocation Failure) 174M->4M(618M) 10,098ms
[2024-08-07T20:38:39.417+0300][2,611s][info][gc] GC(59) Pause Young (Allocation Failure) 175M->2M(618M) 0,872ms
[2024-08-07T20:38:39.452+0300][2,645s][info][gc] GC(60) Pause Young (Allocation Failure) 172M->2M(618M) 2,729ms
[2024-08-07T20:38:39.490+0300][2,684s][info][gc] GC(61) Pause Young (Allocation Failure) 173M->3M(618M) 5,309ms
[2024-08-07T20:38:39.531+0300][2,725s][info][gc] GC(62) Pause Young (Allocation Failure) 174M->3M(618M) 7,123ms
[2024-08-07T20:38:39.570+0300][2,764s][info][gc] GC(63) Pause Young (Allocation Failure) 174M->4M(618M) 5,789ms
[2024-08-07T20:38:39.614+0300][2,808s][info][gc] GC(64) Pause Young (Allocation Failure) 175M->5M(618M) 11,357ms
[2024-08-07T20:38:39.650+0300][2,844s][info][gc] GC(65) Pause Young (Allocation Failure) 175M->2M(618M) 2,413ms
[2024-08-07T20:38:39.688+0300][2,882s][info][gc] GC(66) Pause Young (Allocation Failure) 173M->3M(618M) 4,494ms
[2024-08-07T20:38:39.729+0300][2,923s][info][gc] GC(67) Pause Young (Allocation Failure) 173M->3M(618M) 6,707ms
[2024-08-07T20:38:39.770+0300][2,964s][info][gc] GC(68) Pause Young (Allocation Failure) 174M->4M(618M) 8,394ms
[2024-08-07T20:38:39.814+0300][3,008s][info][gc] GC(69) Pause Young (Allocation Failure) 175M->4M(618M) 10,870ms
[2024-08-07T20:38:39.848+0300][3,042s][info][gc] GC(70) Pause Young (Allocation Failure) 175M->2M(618M) 1,223ms
[2024-08-07T20:38:39.884+0300][3,078s][info][gc] GC(71) Pause Young (Allocation Failure) 173M->2M(618M) 3,621ms
[2024-08-07T20:38:39.922+0300][3,116s][info][gc] GC(72) Pause Young (Allocation Failure) 173M->3M(618M) 4,886ms
[2024-08-07T20:38:39.963+0300][3,157s][info][gc] GC(73) Pause Young (Allocation Failure) 174M->4M(618M) 7,892ms
[2024-08-07T20:38:40.005+0300][3,199s][info][gc] GC(74) Pause Young (Allocation Failure) 174M->4M(618M) 9,099ms
[2024-08-07T20:38:40.050+0300][3,244s][info][gc] GC(75) Pause Young (Allocation Failure) 175M->5M(618M) 12,214ms
[2024-08-07T20:38:40.086+0300][3,280s][info][gc] GC(76) Pause Young (Allocation Failure) 175M->2M(618M) 2,693ms
[2024-08-07T20:38:40.125+0300][3,319s][info][gc] GC(77) Pause Young (Allocation Failure) 173M->3M(618M) 4,836ms
[2024-08-07T20:38:40.165+0300][3,359s][info][gc] GC(78) Pause Young (Allocation Failure) 173M->3M(618M) 6,537ms
[2024-08-07T20:38:40.207+0300][3,401s][info][gc] GC(79) Pause Young (Allocation Failure) 174M->4M(618M) 9,022ms
[2024-08-07T20:38:40.251+0300][3,445s][info][gc] GC(80) Pause Young (Allocation Failure) 175M->4M(618M) 10,701ms
[2024-08-07T20:38:40.286+0300][3,480s][info][gc] GC(81) Pause Young (Allocation Failure) 175M->2M(618M) 1,734ms
[2024-08-07T20:38:40.323+0300][3,517s][info][gc] GC(82) Pause Young (Allocation Failure) 173M->3M(618M) 3,479ms
[2024-08-07T20:38:40.363+0300][3,557s][info][gc] GC(83) Pause Young (Allocation Failure) 173M->3M(618M) 6,597ms
[2024-08-07T20:38:40.403+0300][3,597s][info][gc] GC(84) Pause Young (Allocation Failure) 174M->4M(618M) 7,635ms
[2024-08-07T20:38:40.447+0300][3,641s][info][gc] GC(85) Pause Young (Allocation Failure) 174M->4M(618M) 10,305ms
[2024-08-07T20:38:40.492+0300][3,686s][info][gc] GC(86) Pause Young (Allocation Failure) 175M->5M(618M) 11,464ms
[2024-08-07T20:38:40.528+0300][3,722s][info][gc] GC(87) Pause Young (Allocation Failure) 175M->2M(618M) 3,057ms
[2024-08-07T20:38:40.566+0300][3,760s][info][gc] GC(88) Pause Young (Allocation Failure) 173M->3M(618M) 5,238ms
[2024-08-07T20:38:40.607+0300][3,801s][info][gc] GC(89) Pause Young (Allocation Failure) 174M->3M(618M) 7,273ms
[2024-08-07T20:38:40.649+0300][3,843s][info][gc] GC(90) Pause Young (Allocation Failure) 174M->4M(618M) 8,833ms
[2024-08-07T20:38:40.694+0300][3,888s][info][gc] GC(91) Pause Young (Allocation Failure) 175M->5M(618M) 11,410ms
[2024-08-07T20:38:40.729+0300][3,923s][info][gc] GC(92) Pause Young (Allocation Failure) 175M->2M(618M) 1,903ms
[2024-08-07T20:38:40.766+0300][3,960s][info][gc] GC(93) Pause Young (Allocation Failure) 173M->3M(618M) 4,282ms
[2024-08-07T20:38:40.803+0300][3,997s][info][gc] GC(94) Pause Young (Allocation Failure) 173M->3M(618M) 3,348ms
[2024-08-07T20:38:40.845+0300][4,039s][info][gc] GC(95) Pause Young (Allocation Failure) 174M->4M(618M) 8,516ms
[2024-08-07T20:38:40.888+0300][4,082s][info][gc] GC(96) Pause Young (Allocation Failure) 174M->4M(618M) 10,063ms
[2024-08-07T20:38:40.922+0300][4,116s][info][gc] GC(97) Pause Young (Allocation Failure) 175M->2M(618M) 1,205ms
[2024-08-07T20:38:40.958+0300][4,152s][info][gc] GC(98) Pause Young (Allocation Failure) 173M->2M(618M) 3,343ms
[2024-08-07T20:38:40.997+0300][4,191s][info][gc] GC(99) Pause Young (Allocation Failure) 173M->3M(618M) 5,866ms
[2024-08-07T20:38:41.038+0300][4,232s][info][gc] GC(100) Pause Young (Allocation Failure) 174M->4M(618M) 6,957ms
[2024-08-07T20:38:41.080+0300][4,274s][info][gc] GC(101) Pause Young (Allocation Failure) 174M->4M(618M) 9,756ms
[2024-08-07T20:38:41.125+0300][4,319s][info][gc] GC(102) Pause Young (Allocation Failure) 175M->5M(618M) 11,167ms
[2024-08-07T20:38:41.160+0300][4,354s][info][gc] GC(103) Pause Young (Allocation Failure) 175M->2M(618M) 2,465ms
[2024-08-07T20:38:41.198+0300][4,392s][info][gc] GC(104) Pause Young (Allocation Failure) 173M->3M(618M) 4,226ms
[2024-08-07T20:38:41.238+0300][4,432s][info][gc] GC(105) Pause Young (Allocation Failure) 173M->3M(618M) 6,683ms
[2024-08-07T20:38:41.280+0300][4,474s][info][gc] GC(106) Pause Young (Allocation Failure) 174M->4M(618M) 8,059ms
[2024-08-07T20:38:41.324+0300][4,518s][info][gc] GC(107) Pause Young (Allocation Failure) 175M->4M(618M) 10,877ms
[2024-08-07T20:38:41.359+0300][4,553s][info][gc] GC(108) Pause Young (Allocation Failure) 175M->2M(618M) 1,890ms
[2024-08-07T20:38:41.395+0300][4,589s][info][gc] GC(109) Pause Young (Allocation Failure) 173M->2M(618M) 3,741ms
[2024-08-07T20:38:41.433+0300][4,627s][info][gc] GC(110) Pause Young (Allocation Failure) 173M->3M(618M) 5,266ms
[2024-08-07T20:38:41.475+0300][4,669s][info][gc] GC(111) Pause Young (Allocation Failure) 174M->4M(618M) 7,890ms
[2024-08-07T20:38:41.518+0300][4,712s][info][gc] GC(112) Pause Young (Allocation Failure) 174M->4M(618M) 9,483ms
[2024-08-07T20:38:41.563+0300][4,757s][info][gc] GC(113) Pause Young (Allocation Failure) 175M->5M(618M) 12,103ms
[2024-08-07T20:38:41.598+0300][4,792s][info][gc] GC(114) Pause Young (Allocation Failure) 175M->2M(618M) 2,286ms
[2024-08-07T20:38:41.636+0300][4,830s][info][gc] GC(115) Pause Young (Allocation Failure) 173M->3M(618M) 4,925ms
[2024-08-07T20:38:41.677+0300][4,871s][info][gc] GC(116) Pause Young (Allocation Failure) 173M->3M(618M) 6,820ms
[2024-08-07T20:38:41.720+0300][4,914s][info][gc] GC(117) Pause Young (Allocation Failure) 174M->4M(618M) 9,210ms
[2024-08-07T20:38:41.764+0300][4,958s][info][gc] GC(118) Pause Young (Allocation Failure) 175M->4M(618M) 10,832ms
[2024-08-07T20:38:41.799+0300][4,993s][info][gc] GC(119) Pause Young (Allocation Failure) 175M->2M(618M) 1,837ms
[2024-08-07T20:38:41.835+0300][5,029s][info][gc] GC(120) Pause Young (Allocation Failure) 173M->3M(618M) 3,922ms
[2024-08-07T20:38:41.875+0300][5,069s][info][gc] GC(121) Pause Young (Allocation Failure) 173M->3M(618M) 5,996ms
[2024-08-07T20:38:41.915+0300][5,109s][info][gc] GC(122) Pause Young (Allocation Failure) 174M->4M(618M) 7,876ms
[2024-08-07T20:38:41.958+0300][5,152s][info][gc] GC(123) Pause Young (Allocation Failure) 174M->4M(618M) 10,273ms
[2024-08-07T20:38:42.004+0300][5,198s][info][gc] GC(124) Pause Young (Allocation Failure) 175M->5M(618M) 11,901ms
[2024-08-07T20:38:42.039+0300][5,233s][info][gc] GC(125) Pause Young (Allocation Failure) 175M->2M(618M) 1,722ms
[2024-08-07T20:38:42.077+0300][5,271s][info][gc] GC(126) Pause Young (Allocation Failure) 173M->3M(618M) 5,181ms
[2024-08-07T20:38:42.118+0300][5,312s][info][gc] GC(127) Pause Young (Allocation Failure) 174M->3M(618M) 7,305ms
[2024-08-07T20:38:42.160+0300][5,354s][info][gc] GC(128) Pause Young (Allocation Failure) 174M->4M(618M) 8,948ms
[2024-08-07T20:38:42.205+0300][5,399s][info][gc] GC(129) Pause Young (Allocation Failure) 175M->5M(618M) 11,515ms
[2024-08-07T20:38:42.240+0300][5,434s][info][gc] GC(130) Pause Young (Allocation Failure) 175M->2M(618M) 2,165ms
[2024-08-07T20:38:42.278+0300][5,472s][info][gc] GC(131) Pause Young (Allocation Failure) 173M->3M(618M) 4,353ms
[2024-08-07T20:38:42.318+0300][5,512s][info][gc] GC(132) Pause Young (Allocation Failure) 173M->3M(618M) 6,068ms
[2024-08-07T20:38:42.360+0300][5,554s][info][gc] GC(133) Pause Young (Allocation Failure) 174M->4M(618M) 8,871ms
[2024-08-07T20:38:42.403+0300][5,597s][info][gc] GC(134) Pause Young (Allocation Failure) 174M->4M(618M) 10,139ms
[2024-08-07T20:38:42.437+0300][5,631s][info][gc] GC(135) Pause Young (Allocation Failure) 175M->2M(618M) 0,983ms
[2024-08-07T20:38:42.473+0300][5,667s][info][gc] GC(136) Pause Young (Allocation Failure) 173M->2M(618M) 3,153ms
[2024-08-07T20:38:42.512+0300][5,706s][info][gc] GC(137) Pause Young (Allocation Failure) 173M->3M(618M) 5,587ms
[2024-08-07T20:38:42.552+0300][5,746s][info][gc] GC(138) Pause Young (Allocation Failure) 174M->4M(618M) 6,978ms
[2024-08-07T20:38:42.596+0300][5,790s][info][gc] GC(139) Pause Young (Allocation Failure) 174M->4M(618M) 9,725ms
[2024-08-07T20:38:42.640+0300][5,834s][info][gc] GC(140) Pause Young (Allocation Failure) 175M->5M(618M) 11,429ms
[2024-08-07T20:38:42.675+0300][5,869s][info][gc] GC(141) Pause Young (Allocation Failure) 175M->2M(618M) 2,221ms
[2024-08-07T20:38:42.712+0300][5,906s][info][gc] GC(142) Pause Young (Allocation Failure) 173M->3M(618M) 3,903ms
[2024-08-07T20:38:42.752+0300][5,946s][info][gc] GC(143) Pause Young (Allocation Failure) 173M->3M(618M) 6,772ms
[2024-08-07T20:38:42.790+0300][5,983s][info][gc] GC(144) Pause Young (Allocation Failure) 174M->4M(618M) 4,380ms
[2024-08-07T20:38:42.833+0300][6,027s][info][gc] GC(145) Pause Young (Allocation Failure) 175M->4M(618M) 10,982ms
[2024-08-07T20:38:42.868+0300][6,062s][info][gc] GC(146) Pause Young (Allocation Failure) 175M->2M(618M) 1,352ms
[2024-08-07T20:38:42.904+0300][6,098s][info][gc] GC(147) Pause Young (Allocation Failure) 173M->2M(618M) 3,725ms
[2024-08-07T20:38:42.943+0300][6,137s][info][gc] GC(148) Pause Young (Allocation Failure) 173M->3M(618M) 5,087ms
[2024-08-07T20:38:42.984+0300][6,178s][info][gc] GC(149) Pause Young (Allocation Failure) 174M->4M(618M) 7,816ms
[2024-08-07T20:38:43.026+0300][6,220s][info][gc] GC(150) Pause Young (Allocation Failure) 174M->4M(618M) 9,388ms
[2024-08-07T20:38:43.072+0300][6,266s][info][gc] GC(151) Pause Young (Allocation Failure) 175M->5M(618M) 12,100ms
[2024-08-07T20:38:43.107+0300][6,301s][info][gc] GC(152) Pause Young (Allocation Failure) 175M->2M(618M) 2,319ms
[2024-08-07T20:38:43.146+0300][6,340s][info][gc] GC(153) Pause Young (Allocation Failure) 173M->3M(618M) 4,793ms
[2024-08-07T20:38:43.186+0300][6,380s][info][gc] GC(154) Pause Young (Allocation Failure) 173M->3M(618M) 6,795ms
[2024-08-07T20:38:43.228+0300][6,422s][info][gc] GC(155) Pause Young (Allocation Failure) 174M->4M(618M) 9,153ms
[2024-08-07T20:38:43.267+0300][6,461s][info][gc] GC(156) Pause Young (Allocation Failure) 175M->4M(618M) 5,682ms
[2024-08-07T20:38:43.302+0300][6,496s][info][gc] GC(157) Pause Young (Allocation Failure) 175M->2M(618M) 1,626ms
[2024-08-07T20:38:43.339+0300][6,533s][info][gc] GC(158) Pause Young (Allocation Failure) 173M->3M(618M) 3,967ms
[2024-08-07T20:38:43.378+0300][6,572s][info][gc] GC(159) Pause Young (Allocation Failure) 173M->3M(618M) 6,227ms
[2024-08-07T20:38:43.419+0300][6,613s][info][gc] GC(160) Pause Young (Allocation Failure) 174M->4M(618M) 7,800ms
[2024-08-07T20:38:43.463+0300][6,657s][info][gc] GC(161) Pause Young (Allocation Failure) 174M->4M(618M) 10,348ms
[2024-08-07T20:38:43.508+0300][6,702s][info][gc] GC(162) Pause Young (Allocation Failure) 175M->5M(618M) 11,658ms
[2024-08-07T20:38:43.544+0300][6,738s][info][gc] GC(163) Pause Young (Allocation Failure) 175M->2M(618M) 3,178ms
[2024-08-07T20:38:43.582+0300][6,776s][info][gc] GC(164) Pause Young (Allocation Failure) 173M->3M(618M) 4,769ms
[2024-08-07T20:38:43.623+0300][6,817s][info][gc] GC(165) Pause Young (Allocation Failure) 174M->3M(618M) 7,322ms
[2024-08-07T20:38:43.666+0300][6,860s][info][gc] GC(166) Pause Young (Allocation Failure) 174M->4M(618M) 9,027ms
[2024-08-07T20:38:43.710+0300][6,904s][info][gc] GC(167) Pause Young (Allocation Failure) 175M->5M(618M) 11,482ms
[2024-08-07T20:38:43.745+0300][6,939s][info][gc] GC(168) Pause Young (Allocation Failure) 175M->2M(618M) 1,987ms
[2024-08-07T20:38:43.783+0300][6,977s][info][gc] GC(169) Pause Young (Allocation Failure) 173M->3M(618M) 4,351ms
[2024-08-07T20:38:43.823+0300][7,017s][info][gc] GC(170) Pause Young (Allocation Failure) 173M->3M(618M) 5,721ms
[2024-08-07T20:38:43.865+0300][7,059s][info][gc] GC(171) Pause Young (Allocation Failure) 174M->4M(618M) 8,602ms
[2024-08-07T20:38:43.907+0300][7,101s][info][gc] GC(172) Pause Young (Allocation Failure) 174M->4M(618M) 10,056ms
[2024-08-07T20:38:43.941+0300][7,135s][info][gc] GC(173) Pause Young (Allocation Failure) 175M->2M(618M) 1,025ms
[2024-08-07T20:38:43.976+0300][7,170s][info][gc] GC(174) Pause Young (Allocation Failure) 173M->2M(618M) 2,646ms
[2024-08-07T20:38:44.015+0300][7,209s][info][gc] GC(175) Pause Young (Allocation Failure) 173M->3M(618M) 5,522ms
[2024-08-07T20:38:44.055+0300][7,249s][info][gc] GC(176) Pause Young (Allocation Failure) 174M->4M(618M) 7,377ms
[2024-08-07T20:38:44.094+0300][7,288s][info][gc] GC(177) Pause Young (Allocation Failure) 174M->4M(618M) 5,524ms
[2024-08-07T20:38:44.138+0300][7,332s][info][gc] GC(178) Pause Young (Allocation Failure) 175M->5M(618M) 11,315ms
[2024-08-07T20:38:44.173+0300][7,367s][info][gc] GC(179) Pause Young (Allocation Failure) 175M->2M(618M) 2,317ms
[2024-08-07T20:38:44.211+0300][7,405s][info][gc] GC(180) Pause Young (Allocation Failure) 173M->3M(618M) 4,636ms
[2024-08-07T20:38:44.251+0300][7,445s][info][gc] GC(181) Pause Young (Allocation Failure) 173M->3M(618M) 6,774ms
[2024-08-07T20:38:44.293+0300][7,487s][info][gc] GC(182) Pause Young (Allocation Failure) 174M->4M(618M) 8,506ms
[2024-08-07T20:38:44.337+0300][7,531s][info][gc] GC(183) Pause Young (Allocation Failure) 175M->4M(618M) 10,985ms
[2024-08-07T20:38:44.372+0300][7,566s][info][gc] GC(184) Pause Young (Allocation Failure) 175M->2M(618M) 1,129ms
[2024-08-07T20:38:44.408+0300][7,602s][info][gc] GC(185) Pause Young (Allocation Failure) 173M->2M(618M) 3,737ms
[2024-08-07T20:38:44.444+0300][7,638s][info][gc] GC(186) Pause Young (Allocation Failure) 173M->3M(618M) 2,707ms
[2024-08-07T20:38:44.485+0300][7,679s][info][gc] GC(187) Pause Young (Allocation Failure) 174M->4M(618M) 7,995ms
[2024-08-07T20:38:44.523+0300][7,717s][info][gc] GC(188) Pause Young (Allocation Failure) 174M->4M(618M) 5,152ms
[2024-08-07T20:38:44.568+0300][7,762s][info][gc] GC(189) Pause Young (Allocation Failure) 175M->5M(618M) 12,189ms
[2024-08-07T20:38:44.603+0300][7,797s][info][gc] GC(190) Pause Young (Allocation Failure) 175M->2M(618M) 1,587ms
[2024-08-07T20:38:44.641+0300][7,835s][info][gc] GC(191) Pause Young (Allocation Failure) 173M->3M(618M) 5,002ms
[2024-08-07T20:38:44.682+0300][7,876s][info][gc] GC(192) Pause Young (Allocation Failure) 173M->3M(618M) 6,668ms
[2024-08-07T20:38:44.720+0300][7,914s][info][gc] GC(193) Pause Young (Allocation Failure) 174M->4M(618M) 4,981ms
[2024-08-07T20:38:44.759+0300][7,953s][info][gc] GC(194) Pause Young (Allocation Failure) 175M->4M(618M) 5,782ms
[2024-08-07T20:38:44.794+0300][7,988s][info][gc] GC(195) Pause Young (Allocation Failure) 175M->2M(618M) 1,918ms
[2024-08-07T20:38:44.831+0300][8,025s][info][gc] GC(196) Pause Young (Allocation Failure) 173M->3M(618M) 3,481ms
[2024-08-07T20:38:44.870+0300][8,064s][info][gc] GC(197) Pause Young (Allocation Failure) 173M->3M(618M) 6,184ms
[2024-08-07T20:38:44.911+0300][8,105s][info][gc] GC(198) Pause Young (Allocation Failure) 174M->4M(618M) 7,680ms
[2024-08-07T20:38:44.955+0300][8,149s][info][gc] GC(199) Pause Young (Allocation Failure) 174M->4M(618M) 10,346ms
[2024-08-07T20:38:44.997+0300][8,191s][info][gc] GC(200) Pause Young (Allocation Failure) 175M->5M(618M) 8,600ms
[2024-08-07T20:38:45.033+0300][8,227s][info][gc] GC(201) Pause Young (Allocation Failure) 176M->2M(618M) 3,184ms
[2024-08-07T20:38:45.071+0300][8,265s][info][gc] GC(202) Pause Young (Allocation Failure) 173M->3M(618M) 5,276ms
[2024-08-07T20:38:45.109+0300][8,303s][info][gc] GC(203) Pause Young (Allocation Failure) 174M->3M(618M) 4,031ms
[2024-08-07T20:38:45.151+0300][8,345s][info][gc] GC(204) Pause Young (Allocation Failure) 174M->4M(618M) 9,311ms
[2024-08-07T20:38:45.197+0300][8,391s][info][gc] GC(205) Pause Young (Allocation Failure) 175M->5M(618M) 11,635ms
[2024-08-07T20:38:45.232+0300][8,426s][info][gc] GC(206) Pause Young (Allocation Failure) 175M->2M(618M) 2,021ms
[2024-08-07T20:38:45.269+0300][8,463s][info][gc] GC(207) Pause Young (Allocation Failure) 173M->3M(618M) 4,316ms
[2024-08-07T20:38:45.309+0300][8,503s][info][gc] GC(208) Pause Young (Allocation Failure) 173M->3M(618M) 6,410ms
[2024-08-07T20:38:45.351+0300][8,545s][info][gc] GC(209) Pause Young (Allocation Failure) 174M->4M(618M) 8,346ms
[2024-08-07T20:38:45.394+0300][8,588s][info][gc] GC(210) Pause Young (Allocation Failure) 174M->4M(618M) 10,128ms
[2024-08-07T20:38:45.428+0300][8,622s][info][gc] GC(211) Pause Young (Allocation Failure) 175M->2M(618M) 1,377ms
[2024-08-07T20:38:45.464+0300][8,658s][info][gc] GC(212) Pause Young (Allocation Failure) 173M->2M(618M) 3,454ms
[2024-08-07T20:38:45.503+0300][8,697s][info][gc] GC(213) Pause Young (Allocation Failure) 173M->3M(618M) 5,121ms
[2024-08-07T20:38:45.540+0300][8,733s][info][gc] GC(214) Pause Young (Allocation Failure) 174M->4M(618M) 3,703ms
[2024-08-07T20:38:45.582+0300][8,776s][info][gc] GC(215) Pause Young (Allocation Failure) 174M->4M(618M) 9,842ms
[2024-08-07T20:38:45.622+0300][8,816s][info][gc] GC(216) Pause Young (Allocation Failure) 175M->5M(618M) 6,125ms
[2024-08-07T20:38:45.656+0300][8,850s][info][gc] GC(217) Pause Young (Allocation Failure) 175M->2M(618M) 1,414ms
[2024-08-07T20:38:45.693+0300][8,887s][info][gc] GC(218) Pause Young (Allocation Failure) 173M->3M(618M) 4,132ms
[2024-08-07T20:38:45.734+0300][8,928s][info][gc] GC(219) Pause Young (Allocation Failure) 173M->3M(618M) 6,813ms
[2024-08-07T20:38:45.775+0300][8,969s][info][gc] GC(220) Pause Young (Allocation Failure) 174M->4M(618M) 8,208ms
[2024-08-07T20:38:45.819+0300][9,013s][info][gc] GC(221) Pause Young (Allocation Failure) 175M->4M(618M) 10,988ms
[2024-08-07T20:38:45.854+0300][9,048s][info][gc] GC(222) Pause Young (Allocation Failure) 175M->2M(618M) 1,490ms
[2024-08-07T20:38:45.891+0300][9,085s][info][gc] GC(223) Pause Young (Allocation Failure) 173M->2M(618M) 3,833ms
[2024-08-07T20:38:45.930+0300][9,124s][info][gc] GC(224) Pause Young (Allocation Failure) 173M->3M(618M) 5,834ms
[2024-08-07T20:38:45.972+0300][9,166s][info][gc] GC(225) Pause Young (Allocation Failure) 174M->4M(618M) 8,050ms
[2024-08-07T20:38:46.015+0300][9,209s][info][gc] GC(226) Pause Young (Allocation Failure) 174M->4M(618M) 9,702ms
[2024-08-07T20:38:46.060+0300][9,254s][info][gc] GC(227) Pause Young (Allocation Failure) 175M->5M(618M) 12,158ms
[2024-08-07T20:38:46.096+0300][9,290s][info][gc] GC(228) Pause Young (Allocation Failure) 175M->2M(618M) 2,831ms
[2024-08-07T20:38:46.135+0300][9,329s][info][gc] GC(229) Pause Young (Allocation Failure) 173M->3M(618M) 4,993ms
[2024-08-07T20:38:46.174+0300][9,368s][info][gc] GC(230) Pause Young (Allocation Failure) 174M->3M(618M) 6,546ms
[2024-08-07T20:38:46.217+0300][9,411s][info][gc] GC(231) Pause Young (Allocation Failure) 174M->4M(618M) 9,276ms
[2024-08-07T20:38:46.261+0300][9,455s][info][gc] GC(232) Pause Young (Allocation Failure) 175M->5M(618M) 10,788ms
[2024-08-07T20:38:46.296+0300][9,490s][info][gc] GC(233) Pause Young (Allocation Failure) 175M->2M(618M) 2,000ms
[2024-08-07T20:38:46.333+0300][9,527s][info][gc] GC(234) Pause Young (Allocation Failure) 173M->3M(618M) 3,555ms
[2024-08-07T20:38:46.373+0300][9,567s][info][gc] GC(235) Pause Young (Allocation Failure) 173M->3M(618M) 6,268ms
[2024-08-07T20:38:46.413+0300][9,607s][info][gc] GC(236) Pause Young (Allocation Failure) 174M->4M(618M) 7,802ms
[2024-08-07T20:38:46.457+0300][9,651s][info][gc] GC(237) Pause Young (Allocation Failure) 174M->4M(618M) 10,423ms
[2024-08-07T20:38:46.503+0300][9,697s][info][gc] GC(238) Pause Young (Allocation Failure) 175M->5M(618M) 12,131ms
[2024-08-07T20:38:46.539+0300][9,733s][info][gc] GC(239) Pause Young (Allocation Failure) 176M->2M(618M) 3,172ms
[2024-08-07T20:38:46.577+0300][9,771s][info][gc] GC(240) Pause Young (Allocation Failure) 173M->3M(618M) 4,740ms
[2024-08-07T20:38:46.618+0300][9,812s][info][gc] GC(241) Pause Young (Allocation Failure) 174M->3M(618M) 7,463ms
[2024-08-07T20:38:46.660+0300][9,854s][info][gc] GC(242) Pause Young (Allocation Failure) 174M->4M(618M) 9,016ms
[2024-08-07T20:38:46.705+0300][9,899s][info][gc] GC(243) Pause Young (Allocation Failure) 175M->5M(618M) 11,632ms
[2024-08-07T20:38:46.740+0300][9,934s][info][gc] GC(244) Pause Young (Allocation Failure) 175M->2M(618M) 1,819ms
[2024-08-07T20:38:46.777+0300][9,971s][info][gc] GC(245) Pause Young (Allocation Failure) 173M->3M(618M) 4,471ms
[2024-08-07T20:38:46.816+0300][10,010s][info][gc] GC(246) Pause Young (Allocation Failure) 173M->3M(618M) 5,908ms
[2024-08-07T20:38:46.858+0300][10,052s][info][gc] GC(247) Pause Young (Allocation Failure) 174M->4M(618M) 8,644ms
[2024-08-07T20:38:46.902+0300][10,096s][info][gc] GC(248) Pause Young (Allocation Failure) 174M->4M(618M) 10,347ms
[2024-08-07T20:38:46.936+0300][10,130s][info][gc] GC(249) Pause Young (Allocation Failure) 175M->2M(618M) 1,118ms
[2024-08-07T20:38:46.972+0300][10,165s][info][gc] GC(250) Pause Young (Allocation Failure) 173M->2M(618M) 3,530ms
[2024-08-07T20:38:47.011+0300][10,205s][info][gc] GC(251) Pause Young (Allocation Failure) 173M->3M(618M) 5,668ms
[2024-08-07T20:38:47.051+0300][10,245s][info][gc] GC(252) Pause Young (Allocation Failure) 174M->4M(618M) 7,056ms
[2024-08-07T20:38:47.094+0300][10,288s][info][gc] GC(253) Pause Young (Allocation Failure) 174M->4M(618M) 9,834ms
[2024-08-07T20:38:47.138+0300][10,332s][info][gc] GC(254) Pause Young (Allocation Failure) 175M->5M(618M) 11,545ms
[2024-08-07T20:38:47.174+0300][10,368s][info][gc] GC(255) Pause Young (Allocation Failure) 175M->2M(618M) 2,650ms
[2024-08-07T20:38:47.212+0300][10,406s][info][gc] GC(256) Pause Young (Allocation Failure) 173M->3M(618M) 4,295ms
[2024-08-07T20:38:47.252+0300][10,446s][info][gc] GC(257) Pause Young (Allocation Failure) 173M->3M(618M) 6,345ms
[2024-08-07T20:38:47.292+0300][10,486s][info][gc] GC(258) Pause Young (Allocation Failure) 174M->4M(618M) 8,326ms
[2024-08-07T20:38:47.337+0300][10,531s][info][gc] GC(259) Pause Young (Allocation Failure) 175M->4M(618M) 11,130ms
[2024-08-07T20:38:47.372+0300][10,565s][info][gc] GC(260) Pause Young (Allocation Failure) 175M->2M(618M) 1,462ms
[2024-08-07T20:38:47.408+0300][10,602s][info][gc] GC(261) Pause Young (Allocation Failure) 173M->3M(618M) 3,819ms
[2024-08-07T20:38:47.447+0300][10,641s][info][gc] GC(262) Pause Young (Allocation Failure) 173M->3M(618M) 5,445ms
[2024-08-07T20:38:47.488+0300][10,682s][info][gc] GC(263) Pause Young (Allocation Failure) 174M->4M(618M) 8,083ms
[2024-08-07T20:38:47.531+0300][10,725s][info][gc] GC(264) Pause Young (Allocation Failure) 174M->4M(618M) 9,687ms
[2024-08-07T20:38:47.571+0300][10,765s][info][gc] GC(265) Pause Young (Allocation Failure) 175M->5M(618M) 6,694ms
[2024-08-07T20:38:47.607+0300][10,801s][info][gc] GC(266) Pause Young (Allocation Failure) 175M->2M(618M) 2,529ms
[2024-08-07T20:38:47.645+0300][10,839s][info][gc] GC(267) Pause Young (Allocation Failure) 173M->3M(618M) 5,061ms
[2024-08-07T20:38:47.686+0300][10,880s][info][gc] GC(268) Pause Young (Allocation Failure) 174M->3M(618M) 6,738ms
[2024-08-07T20:38:47.728+0300][10,922s][info][gc] GC(269) Pause Young (Allocation Failure) 174M->4M(618M) 9,276ms
[2024-08-07T20:38:47.772+0300][10,966s][info][gc] GC(270) Pause Young (Allocation Failure) 175M->5M(618M) 10,833ms
[2024-08-07T20:38:47.808+0300][11,002s][info][gc] GC(271) Pause Young (Allocation Failure) 175M->2M(618M) 1,647ms
[2024-08-07T20:38:47.844+0300][11,038s][info][gc] GC(272) Pause Young (Allocation Failure) 173M->3M(618M) 3,469ms
[2024-08-07T20:38:47.880+0300][11,074s][info][gc] GC(273) Pause Young (Allocation Failure) 173M->3M(618M) 3,347ms
[2024-08-07T20:38:47.921+0300][11,115s][info][gc] GC(274) Pause Young (Allocation Failure) 174M->4M(618M) 7,816ms
[2024-08-07T20:38:47.965+0300][11,159s][info][gc] GC(275) Pause Young (Allocation Failure) 174M->4M(618M) 10,455ms
[2024-08-07T20:38:47.999+0300][11,193s][info][gc] GC(276) Pause Young (Allocation Failure) 175M->2M(618M) 0,831ms
[2024-08-07T20:38:48.035+0300][11,229s][info][gc] GC(277) Pause Young (Allocation Failure) 172M->2M(618M) 3,243ms
[2024-08-07T20:38:48.073+0300][11,267s][info][gc] GC(278) Pause Young (Allocation Failure) 173M->3M(618M) 4,682ms
[2024-08-07T20:38:48.114+0300][11,308s][info][gc] GC(279) Pause Young (Allocation Failure) 174M->3M(618M) 7,502ms
[2024-08-07T20:38:48.157+0300][11,350s][info][gc] GC(280) Pause Young (Allocation Failure) 174M->4M(618M) 9,122ms
[2024-08-07T20:38:48.196+0300][11,390s][info][gc] GC(281) Pause Young (Allocation Failure) 175M->5M(618M) 6,336ms
[2024-08-07T20:38:48.230+0300][11,424s][info][gc] GC(282) Pause Young (Allocation Failure) 175M->2M(618M) 1,193ms
[2024-08-07T20:38:48.265+0300][11,459s][info][gc] GC(283) Pause Young (Allocation Failure) 173M->3M(618M) 2,301ms
[2024-08-07T20:38:48.304+0300][11,498s][info][gc] GC(284) Pause Young (Allocation Failure) 173M->3M(618M) 6,480ms
[2024-08-07T20:38:48.346+0300][11,540s][info][gc] GC(285) Pause Young (Allocation Failure) 174M->4M(618M) 8,681ms
[2024-08-07T20:38:48.389+0300][11,583s][info][gc] GC(286) Pause Young (Allocation Failure) 174M->4M(618M) 10,221ms
[2024-08-07T20:38:48.423+0300][11,617s][info][gc] GC(287) Pause Young (Allocation Failure) 175M->2M(618M) 1,409ms
[2024-08-07T20:38:48.459+0300][11,653s][info][gc] GC(288) Pause Young (Allocation Failure) 173M->2M(618M) 2,918ms
[2024-08-07T20:38:48.495+0300][11,689s][info][gc] GC(289) Pause Young (Allocation Failure) 173M->3M(618M) 3,089ms
[2024-08-07T20:38:48.532+0300][11,726s][info][gc] GC(290) Pause Young (Allocation Failure) 174M->4M(618M) 3,804ms
[2024-08-07T20:38:48.575+0300][11,769s][info][gc] GC(291) Pause Young (Allocation Failure) 174M->4M(618M) 9,857ms
[2024-08-07T20:38:48.619+0300][11,813s][info][gc] GC(292) Pause Young (Allocation Failure) 175M->5M(618M) 11,348ms
[2024-08-07T20:38:48.655+0300][11,849s][info][gc] GC(293) Pause Young (Allocation Failure) 175M->2M(618M) 2,659ms
[2024-08-07T20:38:48.693+0300][11,887s][info][gc] GC(294) Pause Young (Allocation Failure) 173M->3M(618M) 4,734ms
[2024-08-07T20:38:48.734+0300][11,928s][info][gc] GC(295) Pause Young (Allocation Failure) 173M->3M(618M) 6,917ms
[2024-08-07T20:38:48.776+0300][11,970s][info][gc] GC(296) Pause Young (Allocation Failure) 174M->4M(618M) 8,504ms
[2024-08-07T20:38:48.820+0300][12,014s][info][gc] GC(297) Pause Young (Allocation Failure) 175M->4M(618M) 11,099ms
[2024-08-07T20:38:48.855+0300][12,049s][info][gc] GC(298) Pause Young (Allocation Failure) 175M->2M(618M) 1,565ms
[2024-08-07T20:38:48.892+0300][12,086s][info][gc] GC(299) Pause Young (Allocation Failure) 173M->3M(618M) 3,923ms
[2024-08-07T20:38:48.931+0300][12,125s][info][gc] GC(300) Pause Young (Allocation Failure) 173M->3M(618M) 5,963ms
[2024-08-07T20:38:48.972+0300][12,166s][info][gc] GC(301) Pause Young (Allocation Failure) 174M->4M(618M) 8,149ms
[2024-08-07T20:38:49.015+0300][12,209s][info][gc] GC(302) Pause Young (Allocation Failure) 174M->4M(618M) 9,620ms
[2024-08-07T20:38:49.061+0300][12,255s][info][gc] GC(303) Pause Young (Allocation Failure) 175M->5M(618M) 12,362ms
[2024-08-07T20:38:49.097+0300][12,291s][info][gc] GC(304) Pause Young (Allocation Failure) 175M->2M(618M) 3,009ms
[2024-08-07T20:38:49.136+0300][12,330s][info][gc] GC(305) Pause Young (Allocation Failure) 173M->3M(618M) 4,954ms
[2024-08-07T20:38:49.176+0300][12,370s][info][gc] GC(306) Pause Young (Allocation Failure) 174M->3M(618M) 6,641ms
[2024-08-07T20:38:49.219+0300][12,413s][info][gc] GC(307) Pause Young (Allocation Failure) 174M->4M(618M) 9,323ms
[2024-08-07T20:38:49.263+0300][12,457s][info][gc] GC(308) Pause Young (Allocation Failure) 175M->5M(618M) 10,929ms
[2024-08-07T20:38:49.297+0300][12,491s][info][gc] GC(309) Pause Young (Allocation Failure) 175M->2M(618M) 0,887ms
[2024-08-07T20:38:49.333+0300][12,527s][info][gc] GC(310) Pause Young (Allocation Failure) 173M->3M(618M) 3,510ms
[2024-08-07T20:38:49.373+0300][12,567s][info][gc] GC(311) Pause Young (Allocation Failure) 173M->3M(618M) 6,685ms
[2024-08-07T20:38:49.414+0300][12,608s][info][gc] GC(312) Pause Young (Allocation Failure) 174M->4M(618M) 7,895ms
[2024-08-07T20:38:49.458+0300][12,652s][info][gc] GC(313) Pause Young (Allocation Failure) 174M->4M(618M) 10,504ms
[2024-08-07T20:38:49.492+0300][12,686s][info][gc] GC(314) Pause Young (Allocation Failure) 175M->2M(618M) 0,899ms
[2024-08-07T20:38:49.528+0300][12,722s][info][gc] GC(315) Pause Young (Allocation Failure) 172M->2M(618M) 3,276ms
[2024-08-07T20:38:49.566+0300][12,760s][info][gc] GC(316) Pause Young (Allocation Failure) 173M->3M(618M) 5,437ms
[2024-08-07T20:38:49.605+0300][12,799s][info][gc] GC(317) Pause Young (Allocation Failure) 174M->3M(618M) 5,352ms
[2024-08-07T20:38:49.643+0300][12,837s][info][gc] GC(318) Pause Young (Allocation Failure) 174M->4M(618M) 5,013ms
[2024-08-07T20:38:49.688+0300][12,882s][info][gc] GC(319) Pause Young (Allocation Failure) 175M->5M(618M) 11,720ms
[2024-08-07T20:38:49.723+0300][12,917s][info][gc] GC(320) Pause Young (Allocation Failure) 175M->2M(618M) 2,345ms
[2024-08-07T20:38:49.762+0300][12,956s][info][gc] GC(321) Pause Young (Allocation Failure) 173M->3M(618M) 4,353ms
[2024-08-07T20:38:49.801+0300][12,995s][info][gc] GC(322) Pause Young (Allocation Failure) 173M->3M(618M) 6,552ms
[2024-08-07T20:38:49.843+0300][13,037s][info][gc] GC(323) Pause Young (Allocation Failure) 174M->4M(618M) 8,735ms
[2024-08-07T20:38:49.886+0300][13,080s][info][gc] GC(324) Pause Young (Allocation Failure) 175M->4M(618M) 10,271ms
[2024-08-07T20:38:49.920+0300][13,114s][info][gc] GC(325) Pause Young (Allocation Failure) 175M->2M(618M) 1,093ms
[2024-08-07T20:38:49.956+0300][13,150s][info][gc] GC(326) Pause Young (Allocation Failure) 173M->2M(618M) 3,583ms
[2024-08-07T20:38:49.995+0300][13,189s][info][gc] GC(327) Pause Young (Allocation Failure) 173M->3M(618M) 5,794ms
[2024-08-07T20:38:50.036+0300][13,230s][info][gc] GC(328) Pause Young (Allocation Failure) 174M->4M(618M) 7,403ms
[2024-08-07T20:38:50.079+0300][13,273s][info][gc] GC(329) Pause Young (Allocation Failure) 174M->4M(618M) 9,933ms
[2024-08-07T20:38:50.124+0300][13,318s][info][gc] GC(330) Pause Young (Allocation Failure) 175M->5M(618M) 11,586ms
[2024-08-07T20:38:50.160+0300][13,354s][info][gc] GC(331) Pause Young (Allocation Failure) 175M->2M(618M) 2,773ms
[2024-08-07T20:38:50.199+0300][13,392s][info][gc] GC(332) Pause Young (Allocation Failure) 173M->3M(618M) 4,767ms
[2024-08-07T20:38:50.239+0300][13,433s][info][gc] GC(333) Pause Young (Allocation Failure) 173M->3M(618M) 6,922ms
[2024-08-07T20:38:50.281+0300][13,475s][info][gc] GC(334) Pause Young (Allocation Failure) 174M->4M(618M) 8,631ms
[2024-08-07T20:38:50.325+0300][13,519s][info][gc] GC(335) Pause Young (Allocation Failure) 175M->4M(618M) 11,115ms
[2024-08-07T20:38:50.359+0300][13,553s][info][gc] GC(336) Pause Young (Allocation Failure) 175M->2M(618M) 1,541ms
[2024-08-07T20:38:50.396+0300][13,590s][info][gc] GC(337) Pause Young (Allocation Failure) 173M->3M(618M) 4,008ms
[2024-08-07T20:38:50.435+0300][13,629s][info][gc] GC(338) Pause Young (Allocation Failure) 173M->3M(618M) 5,422ms
[2024-08-07T20:38:50.477+0300][13,671s][info][gc] GC(339) Pause Young (Allocation Failure) 174M->4M(618M) 8,174ms
[2024-08-07T20:38:50.519+0300][13,713s][info][gc] GC(340) Pause Young (Allocation Failure) 174M->4M(618M) 9,640ms
[2024-08-07T20:38:50.564+0300][13,758s][info][gc] GC(341) Pause Young (Allocation Failure) 175M->5M(618M) 11,642ms
[2024-08-07T20:38:50.600+0300][13,794s][info][gc] GC(342) Pause Young (Allocation Failure) 175M->2M(618M) 3,032ms
[2024-08-07T20:38:50.639+0300][13,833s][info][gc] GC(343) Pause Young (Allocation Failure) 173M->3M(618M) 5,147ms
[2024-08-07T20:38:50.679+0300][13,873s][info][gc] GC(344) Pause Young (Allocation Failure) 174M->3M(618M) 6,726ms
[2024-08-07T20:38:50.722+0300][13,916s][info][gc] GC(345) Pause Young (Allocation Failure) 174M->4M(618M) 9,333ms
[2024-08-07T20:38:50.766+0300][13,960s][info][gc] GC(346) Pause Young (Allocation Failure) 175M->5M(618M) 11,026ms
[2024-08-07T20:38:50.802+0300][13,996s][info][gc] GC(347) Pause Young (Allocation Failure) 175M->2M(618M) 2,095ms
[2024-08-07T20:38:50.839+0300][14,033s][info][gc] GC(348) Pause Young (Allocation Failure) 173M->3M(618M) 4,266ms
[2024-08-07T20:38:50.879+0300][14,073s][info][gc] GC(349) Pause Young (Allocation Failure) 173M->3M(618M) 6,380ms
[2024-08-07T20:38:50.920+0300][14,114s][info][gc] GC(350) Pause Young (Allocation Failure) 174M->4M(618M) 7,867ms
[2024-08-07T20:38:50.964+0300][14,157s][info][gc] GC(351) Pause Young (Allocation Failure) 174M->4M(618M) 10,561ms
[2024-08-07T20:38:50.998+0300][14,192s][info][gc] GC(352) Pause Young (Allocation Failure) 175M->2M(618M) 0,927ms
[2024-08-07T20:38:51.033+0300][14,227s][info][gc] GC(353) Pause Young (Allocation Failure) 173M->2M(618M) 3,259ms
[2024-08-07T20:38:51.071+0300][14,265s][info][gc] GC(354) Pause Young (Allocation Failure) 173M->3M(618M) 4,821ms
[2024-08-07T20:38:51.112+0300][14,306s][info][gc] GC(355) Pause Young (Allocation Failure) 174M->4M(618M) 7,630ms
[2024-08-07T20:38:51.154+0300][14,348s][info][gc] GC(356) Pause Young (Allocation Failure) 174M->4M(618M) 8,950ms
[2024-08-07T20:38:51.199+0300][14,393s][info][gc] GC(357) Pause Young (Allocation Failure) 175M->5M(618M) 11,814ms
[2024-08-07T20:38:51.234+0300][14,428s][info][gc] GC(358) Pause Young (Allocation Failure) 175M->2M(618M) 2,146ms
[2024-08-07T20:38:51.272+0300][14,466s][info][gc] GC(359) Pause Young (Allocation Failure) 173M->3M(618M) 4,571ms
[2024-08-07T20:38:51.312+0300][14,506s][info][gc] GC(360) Pause Young (Allocation Failure) 173M->3M(618M) 6,168ms
[2024-08-07T20:38:51.353+0300][14,547s][info][gc] GC(361) Pause Young (Allocation Failure) 174M->4M(618M) 8,754ms
[2024-08-07T20:38:51.397+0300][14,591s][info][gc] GC(362) Pause Young (Allocation Failure) 175M->4M(618M) 10,549ms
[2024-08-07T20:38:51.431+0300][14,625s][info][gc] GC(363) Pause Young (Allocation Failure) 175M->2M(618M) 1,516ms
[2024-08-07T20:38:51.467+0300][14,661s][info][gc] GC(364) Pause Young (Allocation Failure) 173M->2M(618M) 3,185ms
[2024-08-07T20:38:51.506+0300][14,700s][info][gc] GC(365) Pause Young (Allocation Failure) 173M->3M(618M) 5,720ms
[2024-08-07T20:38:51.548+0300][14,742s][info][gc] GC(366) Pause Young (Allocation Failure) 174M->4M(618M) 7,442ms
[2024-08-07T20:38:51.591+0300][14,785s][info][gc] GC(367) Pause Young (Allocation Failure) 174M->4M(618M) 9,924ms
[2024-08-07T20:38:51.635+0300][14,829s][info][gc] GC(368) Pause Young (Allocation Failure) 175M->5M(618M) 11,451ms
[2024-08-07T20:38:51.672+0300][14,866s][info][gc] GC(369) Pause Young (Allocation Failure) 175M->2M(618M) 2,449ms
[2024-08-07T20:38:51.710+0300][14,904s][info][gc] GC(370) Pause Young (Allocation Failure) 173M->3M(618M) 4,236ms
[2024-08-07T20:38:51.750+0300][14,944s][info][gc] GC(371) Pause Young (Allocation Failure) 173M->3M(618M) 6,451ms
[2024-08-07T20:38:51.790+0300][14,984s][info][gc] GC(372) Pause Young (Allocation Failure) 174M->4M(618M) 8,404ms
[2024-08-07T20:38:51.835+0300][15,029s][info][gc] GC(373) Pause Young (Allocation Failure) 175M->4M(618M) 11,160ms
[2024-08-07T20:38:51.870+0300][15,064s][info][gc] GC(374) Pause Young (Allocation Failure) 175M->2M(618M) 1,768ms
[2024-08-07T20:38:51.907+0300][15,101s][info][gc] GC(375) Pause Young (Allocation Failure) 173M->3M(618M) 4,017ms
[2024-08-07T20:38:51.943+0300][15,137s][info][gc] GC(376) Pause Young (Allocation Failure) 173M->3M(618M) 3,000ms
[2024-08-07T20:38:51.984+0300][15,178s][info][gc] GC(377) Pause Young (Allocation Failure) 174M->4M(618M) 8,223ms
[2024-08-07T20:38:52.027+0300][15,221s][info][gc] GC(378) Pause Young (Allocation Failure) 174M->4M(618M) 9,672ms
[2024-08-07T20:38:52.067+0300][15,261s][info][gc] GC(379) Pause Young (Allocation Failure) 175M->5M(618M) 6,670ms
[2024-08-07T20:38:52.103+0300][15,297s][info][gc] GC(380) Pause Young (Allocation Failure) 175M->2M(618M) 2,609ms
[2024-08-07T20:38:52.142+0300][15,335s][info][gc] GC(381) Pause Young (Allocation Failure) 173M->3M(618M) 5,196ms
[2024-08-07T20:38:52.182+0300][15,376s][info][gc] GC(382) Pause Young (Allocation Failure) 174M->3M(618M) 6,765ms
[2024-08-07T20:38:52.224+0300][15,418s][info][gc] GC(383) Pause Young (Allocation Failure) 174M->4M(618M) 9,401ms
[2024-08-07T20:38:52.269+0300][15,463s][info][gc] GC(384) Pause Young (Allocation Failure) 175M->5M(618M) 10,900ms
[2024-08-07T20:38:52.304+0300][15,498s][info][gc] GC(385) Pause Young (Allocation Failure) 175M->2M(618M) 2,202ms
[2024-08-07T20:38:52.341+0300][15,535s][info][gc] GC(386) Pause Young (Allocation Failure) 173M->3M(618M) 3,706ms
[2024-08-07T20:38:52.381+0300][15,574s][info][gc] GC(387) Pause Young (Allocation Failure) 173M->3M(618M) 6,502ms
[2024-08-07T20:38:52.421+0300][15,615s][info][gc] GC(388) Pause Young (Allocation Failure) 174M->4M(618M) 7,854ms
[2024-08-07T20:38:52.465+0300][15,659s][info][gc] GC(389) Pause Young (Allocation Failure) 174M->4M(618M) 10,229ms
[2024-08-07T20:38:52.499+0300][15,693s][info][gc] GC(390) Pause Young (Allocation Failure) 175M->2M(618M) 0,927ms
[2024-08-07T20:38:52.535+0300][15,729s][info][gc] GC(391) Pause Young (Allocation Failure) 173M->2M(618M) 3,371ms
[2024-08-07T20:38:52.574+0300][15,768s][info][gc] GC(392) Pause Young (Allocation Failure) 173M->3M(618M) 5,482ms
[2024-08-07T20:38:52.615+0300][15,809s][info][gc] GC(393) Pause Young (Allocation Failure) 174M->4M(618M) 7,655ms
[2024-08-07T20:38:52.658+0300][15,852s][info][gc] GC(394) Pause Young (Allocation Failure) 174M->4M(618M) 9,136ms
[2024-08-07T20:38:52.702+0300][15,896s][info][gc] GC(395) Pause Young (Allocation Failure) 175M->5M(618M) 11,032ms
[2024-08-07T20:38:52.737+0300][15,931s][info][gc] GC(396) Pause Young (Allocation Failure) 175M->2M(618M) 2,470ms
[2024-08-07T20:38:52.775+0300][15,969s][info][gc] GC(397) Pause Young (Allocation Failure) 173M->3M(618M) 4,637ms
[2024-08-07T20:38:52.815+0300][16,009s][info][gc] GC(398) Pause Young (Allocation Failure) 173M->3M(618M) 6,215ms
[2024-08-07T20:38:52.857+0300][16,051s][info][gc] GC(399) Pause Young (Allocation Failure) 174M->4M(618M) 8,825ms
[2024-08-07T20:38:52.901+0300][16,094s][info][gc] GC(400) Pause Young (Allocation Failure) 175M->4M(618M) 10,644ms
[2024-08-07T20:38:52.935+0300][16,129s][info][gc] GC(401) Pause Young (Allocation Failure) 175M->2M(618M) 1,422ms
[2024-08-07T20:38:52.971+0300][16,165s][info][gc] GC(402) Pause Young (Allocation Failure) 173M->2M(618M) 3,156ms
[2024-08-07T20:38:53.014+0300][16,208s][info][gc] GC(403) Pause Young (Allocation Failure) 173M->3M(618M) 5,852ms
[2024-08-07T20:38:53.055+0300][16,249s][info][gc] GC(404) Pause Young (Allocation Failure) 174M->4M(618M) 7,583ms
[2024-08-07T20:38:53.098+0300][16,292s][info][gc] GC(405) Pause Young (Allocation Failure) 174M->4M(618M) 10,064ms
[2024-08-07T20:38:53.143+0300][16,337s][info][gc] GC(406) Pause Young (Allocation Failure) 175M->5M(618M) 11,394ms
[2024-08-07T20:38:53.178+0300][16,372s][info][gc] GC(407) Pause Young (Allocation Failure) 175M->2M(618M) 2,834ms
[2024-08-07T20:38:53.217+0300][16,411s][info][gc] GC(408) Pause Young (Allocation Failure) 173M->3M(618M) 4,854ms
[2024-08-07T20:38:53.257+0300][16,451s][info][gc] GC(409) Pause Young (Allocation Failure) 173M->3M(618M) 7,017ms
[2024-08-07T20:38:53.298+0300][16,492s][info][gc] GC(410) Pause Young (Allocation Failure) 174M->4M(618M) 7,881ms
[2024-08-07T20:38:53.343+0300][16,537s][info][gc] GC(411) Pause Young (Allocation Failure) 175M->4M(618M) 11,241ms
[2024-08-07T20:38:53.377+0300][16,571s][info][gc] GC(412) Pause Young (Allocation Failure) 175M->2M(618M) 1,645ms
[2024-08-07T20:38:53.414+0300][16,608s][info][gc] GC(413) Pause Young (Allocation Failure) 173M->3M(618M) 4,034ms
[2024-08-07T20:38:53.453+0300][16,647s][info][gc] GC(414) Pause Young (Allocation Failure) 173M->3M(618M) 6,118ms
[2024-08-07T20:38:53.495+0300][16,689s][info][gc] GC(415) Pause Young (Allocation Failure) 174M->4M(618M) 8,303ms
[2024-08-07T20:38:53.538+0300][16,732s][info][gc] GC(416) Pause Young (Allocation Failure) 174M->4M(618M) 9,718ms
[2024-08-07T20:38:53.583+0300][16,777s][info][gc] GC(417) Pause Young (Allocation Failure) 175M->5M(618M) 12,537ms
[2024-08-07T20:38:53.620+0300][16,814s][info][gc] GC(418) Pause Young (Allocation Failure) 175M->2M(618M) 3,003ms
[2024-08-07T20:38:53.659+0300][16,853s][info][gc] GC(419) Pause Young (Allocation Failure) 173M->3M(618M) 5,083ms
[2024-08-07T20:38:53.699+0300][16,893s][info][gc] GC(420) Pause Young (Allocation Failure) 174M->3M(618M) 6,818ms
[2024-08-07T20:38:53.742+0300][16,936s][info][gc] GC(421) Pause Young (Allocation Failure) 174M->4M(618M) 9,455ms
[2024-08-07T20:38:53.786+0300][16,980s][info][gc] GC(422) Pause Young (Allocation Failure) 175M->5M(618M) 10,917ms
[2024-08-07T20:38:53.822+0300][17,016s][info][gc] GC(423) Pause Young (Allocation Failure) 175M->2M(618M) 2,228ms
[2024-08-07T20:38:53.859+0300][17,053s][info][gc] GC(424) Pause Young (Allocation Failure) 173M->3M(618M) 4,290ms
[2024-08-07T20:38:53.898+0300][17,092s][info][gc] GC(425) Pause Young (Allocation Failure) 173M->3M(618M) 6,527ms
[2024-08-07T20:38:53.939+0300][17,133s][info][gc] GC(426) Pause Young (Allocation Failure) 174M->4M(618M) 7,921ms
[2024-08-07T20:38:53.983+0300][17,176s][info][gc] GC(427) Pause Young (Allocation Failure) 174M->4M(618M) 10,676ms
[2024-08-07T20:38:54.017+0300][17,211s][info][gc] GC(428) Pause Young (Allocation Failure) 175M->2M(618M) 1,330ms
[2024-08-07T20:38:54.053+0300][17,247s][info][gc] GC(429) Pause Young (Allocation Failure) 173M->2M(618M) 3,434ms
[2024-08-07T20:38:54.092+0300][17,286s][info][gc] GC(430) Pause Young (Allocation Failure) 173M->3M(618M) 5,538ms
[2024-08-07T20:38:54.134+0300][17,328s][info][gc] GC(431) Pause Young (Allocation Failure) 174M->4M(618M) 8,808ms
[2024-08-07T20:38:54.177+0300][17,371s][info][gc] GC(432) Pause Young (Allocation Failure) 174M->4M(618M) 9,305ms
[2024-08-07T20:38:54.222+0300][17,416s][info][gc] GC(433) Pause Young (Allocation Failure) 175M->5M(618M) 11,734ms
[2024-08-07T20:38:54.257+0300][17,451s][info][gc] GC(434) Pause Young (Allocation Failure) 175M->2M(618M) 2,236ms
[2024-08-07T20:38:54.295+0300][17,489s][info][gc] GC(435) Pause Young (Allocation Failure) 173M->3M(618M) 4,663ms
[2024-08-07T20:38:54.335+0300][17,529s][info][gc] GC(436) Pause Young (Allocation Failure) 173M->3M(618M) 6,659ms
[2024-08-07T20:38:54.377+0300][17,571s][info][gc] GC(437) Pause Young (Allocation Failure) 174M->4M(618M) 8,971ms
[2024-08-07T20:38:54.420+0300][17,614s][info][gc] GC(438) Pause Young (Allocation Failure) 175M->4M(618M) 10,339ms
[2024-08-07T20:38:54.454+0300][17,648s][info][gc] GC(439) Pause Young (Allocation Failure) 175M->2M(618M) 1,345ms
[2024-08-07T20:38:54.490+0300][17,684s][info][gc] GC(440) Pause Young (Allocation Failure) 173M->2M(618M) 3,696ms
[2024-08-07T20:38:54.530+0300][17,724s][info][gc] GC(441) Pause Young (Allocation Failure) 173M->3M(618M) 5,836ms
[2024-08-07T20:38:54.570+0300][17,764s][info][gc] GC(442) Pause Young (Allocation Failure) 174M->4M(618M) 7,485ms
[2024-08-07T20:38:54.617+0300][17,811s][info][gc] GC(443) Pause Young (Allocation Failure) 174M->4M(618M) 10,037ms
[2024-08-07T20:38:54.661+0300][17,855s][info][gc] GC(444) Pause Young (Allocation Failure) 175M->5M(618M) 11,523ms
[2024-08-07T20:38:54.698+0300][17,892s][info][gc] GC(445) Pause Young (Allocation Failure) 175M->2M(618M) 2,854ms
[2024-08-07T20:38:54.736+0300][17,930s][info][gc] GC(446) Pause Young (Allocation Failure) 173M->3M(618M) 4,288ms
