[2024-08-07T20:39:11.804+0300][0.003s][info][gc] Using Serial
[2024-08-07T20:39:12.113+0300][0,311s][info][gc] GC(0) Pause Young (Allocation Failure) 240M->3M(866M) 11,243ms
[2024-08-07T20:39:12.182+0300][0,381s][info][gc] GC(1) Pause Young (Allocation Failure) 242M->5M(866M) 18,310ms
[2024-08-07T20:39:12.239+0300][0,437s][info][gc] GC(2) Pause Young (Allocation Failure) 244M->4M(866M) 9,655ms
[2024-08-07T20:39:12.291+0300][0,489s][info][gc] GC(3) Pause Young (Allocation Failure) 243M->3M(866M) 6,778ms
[2024-08-07T20:39:12.350+0300][0,548s][info][gc] GC(4) Pause Young (Allocation Failure) 242M->5M(866M) 14,545ms
[2024-08-07T20:39:12.405+0300][0,603s][info][gc] GC(5) Pause Young (Allocation Failure) 244M->4M(866M) 9,577ms
[2024-08-07T20:39:12.459+0300][0,657s][info][gc] GC(6) Pause Young (Allocation Failure) 243M->3M(866M) 5,576ms
[2024-08-07T20:39:12.517+0300][0,716s][info][gc] GC(7) Pause Young (Allocation Failure) 242M->5M(866M) 12,636ms
[2024-08-07T20:39:12.572+0300][0,770s][info][gc] GC(8) Pause Young (Allocation Failure) 244M->4M(866M) 9,272ms
[2024-08-07T20:39:12.623+0300][0,821s][info][gc] GC(9) Pause Young (Allocation Failure) 243M->3M(866M) 5,410ms
[2024-08-07T20:39:12.681+0300][0,879s][info][gc] GC(10) Pause Young (Allocation Failure) 242M->5M(866M) 12,235ms
[2024-08-07T20:39:12.731+0300][0,929s][info][gc] GC(11) Pause Young (Allocation Failure) 244M->4M(866M) 4,791ms
[2024-08-07T20:39:12.782+0300][0,980s][info][gc] GC(12) Pause Young (Allocation Failure) 243M->2M(866M) 5,187ms
[2024-08-07T20:39:12.841+0300][1,039s][info][gc] GC(13) Pause Young (Allocation Failure) 241M->5M(866M) 12,846ms
[2024-08-07T20:39:12.895+0300][1,093s][info][gc] GC(14) Pause Young (Allocation Failure) 244M->3M(866M) 8,614ms
[2024-08-07T20:39:12.947+0300][1,145s][info][gc] GC(15) Pause Young (Allocation Failure) 242M->2M(866M) 5,948ms
[2024-08-07T20:39:13.003+0300][1,201s][info][gc] GC(16) Pause Young (Allocation Failure) 241M->4M(866M) 10,409ms
[2024-08-07T20:39:13.052+0300][1,250s][info][gc] GC(17) Pause Young (Allocation Failure) 243M->3M(866M) 3,424ms
[2024-08-07T20:39:13.099+0300][1,298s][info][gc] GC(18) Pause Young (Allocation Failure) 242M->2M(866M) 1,814ms
[2024-08-07T20:39:13.154+0300][1,352s][info][gc] GC(19) Pause Young (Allocation Failure) 241M->4M(866M) 9,401ms
[2024-08-07T20:39:13.205+0300][1,403s][info][gc] GC(20) Pause Young (Allocation Failure) 243M->3M(866M) 6,328ms
[2024-08-07T20:39:13.253+0300][1,451s][info][gc] GC(21) Pause Young (Allocation Failure) 242M->2M(866M) 2,559ms
[2024-08-07T20:39:13.309+0300][1,507s][info][gc] GC(22) Pause Young (Allocation Failure) 241M->4M(866M) 9,778ms
[2024-08-07T20:39:13.361+0300][1,559s][info][gc] GC(23) Pause Young (Allocation Failure) 243M->3M(866M) 6,932ms
[2024-08-07T20:39:13.410+0300][1,608s][info][gc] GC(24) Pause Young (Allocation Failure) 242M->2M(866M) 2,518ms
[2024-08-07T20:39:13.466+0300][1,664s][info][gc] GC(25) Pause Young (Allocation Failure) 241M->4M(866M) 10,152ms
[2024-08-07T20:39:13.517+0300][1,716s][info][gc] GC(26) Pause Young (Allocation Failure) 243M->3M(866M) 5,886ms
[2024-08-07T20:39:13.566+0300][1,764s][info][gc] GC(27) Pause Young (Allocation Failure) 242M->2M(866M) 2,816ms
[2024-08-07T20:39:13.622+0300][1,820s][info][gc] GC(28) Pause Young (Allocation Failure) 241M->4M(866M) 9,641ms
[2024-08-07T20:39:13.671+0300][1,869s][info][gc] GC(29) Pause Young (Allocation Failure) 243M->3M(866M) 3,529ms
[2024-08-07T20:39:13.718+0300][1,916s][info][gc] GC(30) Pause Young (Allocation Failure) 242M->2M(866M) 1,121ms
[2024-08-07T20:39:13.769+0300][1,967s][info][gc] GC(31) Pause Young (Allocation Failure) 241M->4M(866M) 5,548ms
[2024-08-07T20:39:13.818+0300][2,016s][info][gc] GC(32) Pause Young (Allocation Failure) 243M->3M(866M) 2,769ms
[2024-08-07T20:39:13.864+0300][2,063s][info][gc] GC(33) Pause Young (Allocation Failure) 242M->2M(866M) 1,289ms
[2024-08-07T20:39:13.915+0300][2,113s][info][gc] GC(34) Pause Young (Allocation Failure) 241M->4M(866M) 4,916ms
[2024-08-07T20:39:13.963+0300][2,162s][info][gc] GC(35) Pause Young (Allocation Failure) 243M->3M(866M) 3,210ms
[2024-08-07T20:39:14.011+0300][2,209s][info][gc] GC(36) Pause Young (Allocation Failure) 242M->2M(866M) 1,489ms
[2024-08-07T20:39:14.061+0300][2,260s][info][gc] GC(37) Pause Young (Allocation Failure) 241M->4M(866M) 4,895ms
[2024-08-07T20:39:14.110+0300][2,308s][info][gc] GC(38) Pause Young (Allocation Failure) 243M->3M(866M) 2,742ms
[2024-08-07T20:39:14.157+0300][2,356s][info][gc] GC(39) Pause Young (Allocation Failure) 242M->2M(866M) 1,607ms
[2024-08-07T20:39:14.207+0300][2,405s][info][gc] GC(40) Pause Young (Allocation Failure) 241M->4M(866M) 4,600ms
[2024-08-07T20:39:14.255+0300][2,453s][info][gc] GC(41) Pause Young (Allocation Failure) 243M->3M(866M) 2,170ms
[2024-08-07T20:39:14.302+0300][2,500s][info][gc] GC(42) Pause Young (Allocation Failure) 242M->2M(866M) 1,088ms
[2024-08-07T20:39:14.355+0300][2,553s][info][gc] GC(43) Pause Young (Allocation Failure) 241M->4M(866M) 8,597ms
[2024-08-07T20:39:14.406+0300][2,604s][info][gc] GC(44) Pause Young (Allocation Failure) 243M->3M(866M) 5,611ms
[2024-08-07T20:39:14.452+0300][2,650s][info][gc] GC(45) Pause Young (Allocation Failure) 242M->2M(866M) 1,163ms
[2024-08-07T20:39:14.501+0300][2,699s][info][gc] GC(46) Pause Young (Allocation Failure) 241M->4M(866M) 4,702ms
[2024-08-07T20:39:14.551+0300][2,749s][info][gc] GC(47) Pause Young (Allocation Failure) 243M->3M(866M) 4,626ms
[2024-08-07T20:39:14.598+0300][2,796s][info][gc] GC(48) Pause Young (Allocation Failure) 242M->2M(866M) 1,248ms
[2024-08-07T20:39:14.651+0300][2,849s][info][gc] GC(49) Pause Young (Allocation Failure) 241M->4M(866M) 8,455ms
[2024-08-07T20:39:14.702+0300][2,900s][info][gc] GC(50) Pause Young (Allocation Failure) 243M->3M(866M) 5,169ms
[2024-08-07T20:39:14.749+0300][2,947s][info][gc] GC(51) Pause Young (Allocation Failure) 242M->2M(866M) 1,239ms
[2024-08-07T20:39:14.800+0300][2,998s][info][gc] GC(52) Pause Young (Allocation Failure) 241M->4M(866M) 6,481ms
[2024-08-07T20:39:14.848+0300][3,046s][info][gc] GC(53) Pause Young (Allocation Failure) 243M->3M(866M) 2,759ms
[2024-08-07T20:39:14.894+0300][3,092s][info][gc] GC(54) Pause Young (Allocation Failure) 242M->2M(866M) 0,852ms
[2024-08-07T20:39:14.943+0300][3,141s][info][gc] GC(55) Pause Young (Allocation Failure) 241M->4M(866M) 4,152ms
[2024-08-07T20:39:14.990+0300][3,188s][info][gc] GC(56) Pause Young (Allocation Failure) 243M->3M(866M) 1,991ms
[2024-08-07T20:39:15.042+0300][3,240s][info][gc] GC(57) Pause Young (Allocation Failure) 242M->5M(866M) 6,332ms
[2024-08-07T20:39:15.091+0300][3,289s][info][gc] GC(58) Pause Young (Allocation Failure) 244M->4M(866M) 4,073ms
[2024-08-07T20:39:15.139+0300][3,337s][info][gc] GC(59) Pause Young (Allocation Failure) 243M->3M(866M) 2,327ms
[2024-08-07T20:39:15.190+0300][3,388s][info][gc] GC(60) Pause Young (Allocation Failure) 242M->5M(866M) 5,775ms
[2024-08-07T20:39:15.240+0300][3,438s][info][gc] GC(61) Pause Young (Allocation Failure) 244M->4M(866M) 4,431ms
[2024-08-07T20:39:15.288+0300][3,486s][info][gc] GC(62) Pause Young (Allocation Failure) 243M->3M(866M) 2,361ms
[2024-08-07T20:39:15.345+0300][3,543s][info][gc] GC(63) Pause Young (Allocation Failure) 242M->5M(866M) 11,029ms
[2024-08-07T20:39:15.398+0300][3,596s][info][gc] GC(64) Pause Young (Allocation Failure) 244M->4M(866M) 7,748ms
[2024-08-07T20:39:15.447+0300][3,645s][info][gc] GC(65) Pause Young (Allocation Failure) 243M->3M(866M) 2,520ms
[2024-08-07T20:39:15.498+0300][3,696s][info][gc] GC(66) Pause Young (Allocation Failure) 242M->5M(866M) 6,881ms
[2024-08-07T20:39:15.548+0300][3,746s][info][gc] GC(67) Pause Young (Allocation Failure) 244M->4M(866M) 4,434ms
[2024-08-07T20:39:15.597+0300][3,795s][info][gc] GC(68) Pause Young (Allocation Failure) 243M->3M(866M) 3,420ms
[2024-08-07T20:39:15.649+0300][3,847s][info][gc] GC(69) Pause Young (Allocation Failure) 242M->5M(866M) 5,664ms
[2024-08-07T20:39:15.698+0300][3,896s][info][gc] GC(70) Pause Young (Allocation Failure) 244M->4M(866M) 3,897ms
[2024-08-07T20:39:15.748+0300][3,946s][info][gc] GC(71) Pause Young (Allocation Failure) 243M->3M(866M) 3,897ms
[2024-08-07T20:39:15.800+0300][3,998s][info][gc] GC(72) Pause Young (Allocation Failure) 242M->5M(866M) 6,921ms
[2024-08-07T20:39:15.849+0300][4,048s][info][gc] GC(73) Pause Young (Allocation Failure) 244M->4M(866M) 3,940ms
[2024-08-07T20:39:15.897+0300][4,095s][info][gc] GC(74) Pause Young (Allocation Failure) 243M->2M(866M) 1,766ms
[2024-08-07T20:39:15.952+0300][4,151s][info][gc] GC(75) Pause Young (Allocation Failure) 241M->4M(866M) 10,542ms
[2024-08-07T20:39:16.005+0300][4,203s][info][gc] GC(76) Pause Young (Allocation Failure) 243M->3M(866M) 6,573ms
[2024-08-07T20:39:16.054+0300][4,252s][info][gc] GC(77) Pause Young (Allocation Failure) 242M->2M(866M) 3,494ms
[2024-08-07T20:39:16.107+0300][4,305s][info][gc] GC(78) Pause Young (Allocation Failure) 241M->4M(866M) 7,854ms
[2024-08-07T20:39:16.156+0300][4,354s][info][gc] GC(79) Pause Young (Allocation Failure) 243M->3M(866M) 3,735ms
[2024-08-07T20:39:16.203+0300][4,401s][info][gc] GC(80) Pause Young (Allocation Failure) 242M->2M(866M) 1,748ms
[2024-08-07T20:39:16.259+0300][4,458s][info][gc] GC(81) Pause Young (Allocation Failure) 241M->4M(866M) 10,148ms
[2024-08-07T20:39:16.312+0300][4,510s][info][gc] GC(82) Pause Young (Allocation Failure) 243M->3M(866M) 6,389ms
[2024-08-07T20:39:16.360+0300][4,559s][info][gc] GC(83) Pause Young (Allocation Failure) 242M->2M(866M) 3,246ms
[2024-08-07T20:39:16.414+0300][4,612s][info][gc] GC(84) Pause Young (Allocation Failure) 241M->4M(866M) 7,544ms
[2024-08-07T20:39:16.463+0300][4,661s][info][gc] GC(85) Pause Young (Allocation Failure) 243M->3M(866M) 3,649ms
[2024-08-07T20:39:16.510+0300][4,708s][info][gc] GC(86) Pause Young (Allocation Failure) 242M->2M(866M) 1,261ms
[2024-08-07T20:39:16.565+0300][4,763s][info][gc] GC(87) Pause Young (Allocation Failure) 241M->4M(866M) 9,999ms
[2024-08-07T20:39:16.616+0300][4,815s][info][gc] GC(88) Pause Young (Allocation Failure) 243M->3M(866M) 6,023ms
[2024-08-07T20:39:16.665+0300][4,863s][info][gc] GC(89) Pause Young (Allocation Failure) 242M->2M(866M) 2,735ms
[2024-08-07T20:39:16.716+0300][4,914s][info][gc] GC(90) Pause Young (Allocation Failure) 241M->4M(866M) 4,601ms
[2024-08-07T20:39:16.768+0300][4,966s][info][gc] GC(91) Pause Young (Allocation Failure) 243M->3M(866M) 6,473ms
[2024-08-07T20:39:16.815+0300][5,013s][info][gc] GC(92) Pause Young (Allocation Failure) 242M->2M(866M) 2,169ms
[2024-08-07T20:39:16.870+0300][5,068s][info][gc] GC(93) Pause Young (Allocation Failure) 241M->4M(866M) 9,679ms
[2024-08-07T20:39:16.921+0300][5,120s][info][gc] GC(94) Pause Young (Allocation Failure) 243M->3M(866M) 5,525ms
[2024-08-07T20:39:16.969+0300][5,168s][info][gc] GC(95) Pause Young (Allocation Failure) 242M->2M(866M) 2,242ms
[2024-08-07T20:39:17.024+0300][5,222s][info][gc] GC(96) Pause Young (Allocation Failure) 241M->4M(866M) 9,777ms
[2024-08-07T20:39:17.074+0300][5,272s][info][gc] GC(97) Pause Young (Allocation Failure) 243M->3M(866M) 5,383ms
[2024-08-07T20:39:17.122+0300][5,320s][info][gc] GC(98) Pause Young (Allocation Failure) 242M->2M(866M) 2,230ms
[2024-08-07T20:39:17.176+0300][5,374s][info][gc] GC(99) Pause Young (Allocation Failure) 241M->4M(866M) 9,055ms
[2024-08-07T20:39:17.227+0300][5,426s][info][gc] GC(100) Pause Young (Allocation Failure) 243M->3M(866M) 5,879ms
[2024-08-07T20:39:17.275+0300][5,473s][info][gc] GC(101) Pause Young (Allocation Failure) 242M->2M(866M) 1,730ms
[2024-08-07T20:39:17.330+0300][5,529s][info][gc] GC(102) Pause Young (Allocation Failure) 241M->4M(866M) 9,335ms
[2024-08-07T20:39:17.380+0300][5,578s][info][gc] GC(103) Pause Young (Allocation Failure) 243M->3M(866M) 4,608ms
[2024-08-07T20:39:17.428+0300][5,626s][info][gc] GC(104) Pause Young (Allocation Failure) 242M->2M(866M) 1,804ms
[2024-08-07T20:39:17.481+0300][5,680s][info][gc] GC(105) Pause Young (Allocation Failure) 241M->4M(866M) 8,691ms
[2024-08-07T20:39:17.533+0300][5,731s][info][gc] GC(106) Pause Young (Allocation Failure) 243M->3M(866M) 5,537ms
[2024-08-07T20:39:17.580+0300][5,778s][info][gc] GC(107) Pause Young (Allocation Failure) 242M->2M(866M) 1,574ms
[2024-08-07T20:39:17.634+0300][5,832s][info][gc] GC(108) Pause Young (Allocation Failure) 241M->4M(866M) 8,294ms
[2024-08-07T20:39:17.684+0300][5,882s][info][gc] GC(109) Pause Young (Allocation Failure) 243M->3M(866M) 4,804ms
[2024-08-07T20:39:17.731+0300][5,929s][info][gc] GC(110) Pause Young (Allocation Failure) 242M->2M(866M) 1,142ms
[2024-08-07T20:39:17.784+0300][5,982s][info][gc] GC(111) Pause Young (Allocation Failure) 241M->4M(866M) 8,268ms
[2024-08-07T20:39:17.835+0300][6,033s][info][gc] GC(112) Pause Young (Allocation Failure) 243M->3M(866M) 5,115ms
[2024-08-07T20:39:17.882+0300][6,080s][info][gc] GC(113) Pause Young (Allocation Failure) 242M->2M(866M) 1,230ms
[2024-08-07T20:39:17.935+0300][6,133s][info][gc] GC(114) Pause Young (Allocation Failure) 241M->4M(866M) 8,655ms
[2024-08-07T20:39:17.983+0300][6,181s][info][gc] GC(115) Pause Young (Allocation Failure) 243M->3M(866M) 2,488ms
[2024-08-07T20:39:18.035+0300][6,233s][info][gc] GC(116) Pause Young (Allocation Failure) 242M->5M(866M) 6,537ms
[2024-08-07T20:39:18.085+0300][6,283s][info][gc] GC(117) Pause Young (Allocation Failure) 244M->4M(866M) 4,583ms
[2024-08-07T20:39:18.133+0300][6,331s][info][gc] GC(118) Pause Young (Allocation Failure) 243M->3M(866M) 2,398ms
[2024-08-07T20:39:18.184+0300][6,383s][info][gc] GC(119) Pause Young (Allocation Failure) 242M->5M(866M) 5,838ms
[2024-08-07T20:39:18.234+0300][6,432s][info][gc] GC(120) Pause Young (Allocation Failure) 244M->4M(866M) 4,296ms
[2024-08-07T20:39:18.284+0300][6,482s][info][gc] GC(121) Pause Young (Allocation Failure) 243M->3M(866M) 4,612ms
[2024-08-07T20:39:18.343+0300][6,541s][info][gc] GC(122) Pause Young (Allocation Failure) 242M->5M(866M) 12,503ms
[2024-08-07T20:39:18.397+0300][6,595s][info][gc] GC(123) Pause Young (Allocation Failure) 244M->4M(866M) 8,325ms
[2024-08-07T20:39:18.446+0300][6,644s][info][gc] GC(124) Pause Young (Allocation Failure) 243M->3M(866M) 3,376ms
[2024-08-07T20:39:18.503+0300][6,701s][info][gc] GC(125) Pause Young (Allocation Failure) 242M->5M(866M) 11,386ms
[2024-08-07T20:39:18.556+0300][6,754s][info][gc] GC(126) Pause Young (Allocation Failure) 244M->4M(866M) 7,273ms
[2024-08-07T20:39:18.605+0300][6,803s][info][gc] GC(127) Pause Young (Allocation Failure) 243M->3M(866M) 4,254ms
[2024-08-07T20:39:18.662+0300][6,860s][info][gc] GC(128) Pause Young (Allocation Failure) 242M->5M(866M) 11,057ms
[2024-08-07T20:39:18.715+0300][6,914s][info][gc] GC(129) Pause Young (Allocation Failure) 244M->4M(866M) 7,922ms
[2024-08-07T20:39:18.765+0300][6,963s][info][gc] GC(130) Pause Young (Allocation Failure) 243M->3M(866M) 3,545ms
[2024-08-07T20:39:18.821+0300][7,019s][info][gc] GC(131) Pause Young (Allocation Failure) 242M->5M(866M) 11,044ms
[2024-08-07T20:39:18.873+0300][7,071s][info][gc] GC(132) Pause Young (Allocation Failure) 244M->4M(866M) 6,872ms
[2024-08-07T20:39:18.922+0300][7,120s][info][gc] GC(133) Pause Young (Allocation Failure) 243M->3M(866M) 3,876ms
[2024-08-07T20:39:18.978+0300][7,176s][info][gc] GC(134) Pause Young (Allocation Failure) 242M->5M(866M) 10,574ms
[2024-08-07T20:39:19.031+0300][7,230s][info][gc] GC(135) Pause Young (Allocation Failure) 244M->3M(866M) 7,543ms
[2024-08-07T20:39:19.079+0300][7,277s][info][gc] GC(136) Pause Young (Allocation Failure) 242M->2M(866M) 1,898ms
[2024-08-07T20:39:19.130+0300][7,329s][info][gc] GC(137) Pause Young (Allocation Failure) 241M->4M(866M) 5,567ms
[2024-08-07T20:39:19.183+0300][7,381s][info][gc] GC(138) Pause Young (Allocation Failure) 243M->3M(866M) 6,500ms
[2024-08-07T20:39:19.232+0300][7,430s][info][gc] GC(139) Pause Young (Allocation Failure) 242M->2M(866M) 3,411ms
[2024-08-07T20:39:19.288+0300][7,487s][info][gc] GC(140) Pause Young (Allocation Failure) 241M->4M(866M) 10,360ms
[2024-08-07T20:39:19.341+0300][7,539s][info][gc] GC(141) Pause Young (Allocation Failure) 243M->3M(866M) 7,207ms
[2024-08-07T20:39:19.388+0300][7,586s][info][gc] GC(142) Pause Young (Allocation Failure) 242M->2M(866M) 1,545ms
[2024-08-07T20:39:19.442+0300][7,640s][info][gc] GC(143) Pause Young (Allocation Failure) 241M->4M(866M) 10,228ms
[2024-08-07T20:39:19.491+0300][7,689s][info][gc] GC(144) Pause Young (Allocation Failure) 243M->3M(866M) 3,087ms
[2024-08-07T20:39:19.539+0300][7,737s][info][gc] GC(145) Pause Young (Allocation Failure) 242M->2M(866M) 3,002ms
[2024-08-07T20:39:19.595+0300][7,793s][info][gc] GC(146) Pause Young (Allocation Failure) 241M->4M(866M) 9,951ms
[2024-08-07T20:39:19.647+0300][7,845s][info][gc] GC(147) Pause Young (Allocation Failure) 243M->3M(866M) 6,691ms
[2024-08-07T20:39:19.694+0300][7,892s][info][gc] GC(148) Pause Young (Allocation Failure) 242M->2M(866M) 1,701ms
[2024-08-07T20:39:19.745+0300][7,943s][info][gc] GC(149) Pause Young (Allocation Failure) 241M->4M(866M) 5,543ms
[2024-08-07T20:39:19.796+0300][7,994s][info][gc] GC(150) Pause Young (Allocation Failure) 243M->3M(866M) 5,731ms
[2024-08-07T20:39:19.844+0300][8,043s][info][gc] GC(151) Pause Young (Allocation Failure) 242M->2M(866M) 2,664ms
[2024-08-07T20:39:19.900+0300][8,098s][info][gc] GC(152) Pause Young (Allocation Failure) 241M->4M(866M) 9,704ms
[2024-08-07T20:39:19.952+0300][8,150s][info][gc] GC(153) Pause Young (Allocation Failure) 243M->3M(866M) 6,457ms
[2024-08-07T20:39:20.000+0300][8,198s][info][gc] GC(154) Pause Young (Allocation Failure) 242M->2M(866M) 2,137ms
[2024-08-07T20:39:20.056+0300][8,254s][info][gc] GC(155) Pause Young (Allocation Failure) 241M->4M(866M) 9,625ms
[2024-08-07T20:39:20.106+0300][8,304s][info][gc] GC(156) Pause Young (Allocation Failure) 243M->3M(866M) 5,371ms
[2024-08-07T20:39:20.154+0300][8,352s][info][gc] GC(157) Pause Young (Allocation Failure) 242M->2M(866M) 2,300ms
[2024-08-07T20:39:20.208+0300][8,406s][info][gc] GC(158) Pause Young (Allocation Failure) 241M->4M(866M) 9,082ms
[2024-08-07T20:39:20.259+0300][8,457s][info][gc] GC(159) Pause Young (Allocation Failure) 243M->3M(866M) 5,318ms
[2024-08-07T20:39:20.306+0300][8,504s][info][gc] GC(160) Pause Young (Allocation Failure) 242M->2M(866M) 1,137ms
[2024-08-07T20:39:20.356+0300][8,555s][info][gc] GC(161) Pause Young (Allocation Failure) 241M->4M(866M) 4,958ms
[2024-08-07T20:39:20.407+0300][8,606s][info][gc] GC(162) Pause Young (Allocation Failure) 243M->3M(866M) 5,890ms
[2024-08-07T20:39:20.455+0300][8,653s][info][gc] GC(163) Pause Young (Allocation Failure) 242M->2M(866M) 1,707ms
[2024-08-07T20:39:20.509+0300][8,708s][info][gc] GC(164) Pause Young (Allocation Failure) 241M->4M(866M) 9,196ms
[2024-08-07T20:39:20.560+0300][8,758s][info][gc] GC(165) Pause Young (Allocation Failure) 243M->3M(866M) 4,944ms
[2024-08-07T20:39:20.606+0300][8,804s][info][gc] GC(166) Pause Young (Allocation Failure) 242M->2M(866M) 0,751ms
[2024-08-07T20:39:20.655+0300][8,853s][info][gc] GC(167) Pause Young (Allocation Failure) 241M->4M(866M) 4,339ms
[2024-08-07T20:39:20.703+0300][8,902s][info][gc] GC(168) Pause Young (Allocation Failure) 243M->3M(866M) 2,986ms
[2024-08-07T20:39:20.751+0300][8,949s][info][gc] GC(169) Pause Young (Allocation Failure) 242M->2M(866M) 1,235ms
[2024-08-07T20:39:20.804+0300][9,002s][info][gc] GC(170) Pause Young (Allocation Failure) 241M->4M(866M) 8,502ms
[2024-08-07T20:39:20.855+0300][9,054s][info][gc] GC(171) Pause Young (Allocation Failure) 243M->3M(866M) 5,256ms
[2024-08-07T20:39:20.902+0300][9,100s][info][gc] GC(172) Pause Young (Allocation Failure) 242M->2M(866M) 1,328ms
[2024-08-07T20:39:20.952+0300][9,150s][info][gc] GC(173) Pause Young (Allocation Failure) 241M->4M(866M) 4,452ms
[2024-08-07T20:39:21.003+0300][9,201s][info][gc] GC(174) Pause Young (Allocation Failure) 243M->3M(866M) 5,053ms
[2024-08-07T20:39:21.050+0300][9,248s][info][gc] GC(175) Pause Young (Allocation Failure) 242M->2M(866M) 1,182ms
[2024-08-07T20:39:21.105+0300][9,304s][info][gc] GC(176) Pause Young (Allocation Failure) 241M->4M(866M) 10,808ms
[2024-08-07T20:39:21.154+0300][9,352s][info][gc] GC(177) Pause Young (Allocation Failure) 243M->3M(866M) 3,999ms
[2024-08-07T20:39:21.215+0300][9,413s][info][gc] GC(178) Pause Young (Allocation Failure) 242M->5M(866M) 11,882ms
[2024-08-07T20:39:21.265+0300][9,463s][info][gc] GC(179) Pause Young (Allocation Failure) 244M->4M(866M) 4,191ms
[2024-08-07T20:39:21.313+0300][9,511s][info][gc] GC(180) Pause Young (Allocation Failure) 243M->3M(866M) 2,783ms
[2024-08-07T20:39:21.371+0300][9,569s][info][gc] GC(181) Pause Young (Allocation Failure) 242M->5M(866M) 11,736ms
[2024-08-07T20:39:21.424+0300][9,622s][info][gc] GC(182) Pause Young (Allocation Failure) 244M->4M(866M) 8,298ms
[2024-08-07T20:39:21.473+0300][9,671s][info][gc] GC(183) Pause Young (Allocation Failure) 243M->3M(866M) 3,858ms
[2024-08-07T20:39:21.530+0300][9,728s][info][gc] GC(184) Pause Young (Allocation Failure) 242M->5M(866M) 10,989ms
[2024-08-07T20:39:21.584+0300][9,782s][info][gc] GC(185) Pause Young (Allocation Failure) 244M->4M(866M) 7,598ms
[2024-08-07T20:39:21.633+0300][9,832s][info][gc] GC(186) Pause Young (Allocation Failure) 243M->3M(866M) 4,343ms
[2024-08-07T20:39:21.690+0300][9,889s][info][gc] GC(187) Pause Young (Allocation Failure) 242M->5M(866M) 11,037ms
[2024-08-07T20:39:21.744+0300][9,942s][info][gc] GC(188) Pause Young (Allocation Failure) 244M->4M(866M) 8,025ms
[2024-08-07T20:39:21.793+0300][9,991s][info][gc] GC(189) Pause Young (Allocation Failure) 243M->3M(866M) 3,370ms
[2024-08-07T20:39:21.849+0300][10,047s][info][gc] GC(190) Pause Young (Allocation Failure) 242M->5M(866M) 10,992ms
[2024-08-07T20:39:21.902+0300][10,101s][info][gc] GC(191) Pause Young (Allocation Failure) 244M->4M(866M) 7,854ms
[2024-08-07T20:39:21.951+0300][10,149s][info][gc] GC(192) Pause Young (Allocation Failure) 243M->3M(866M) 3,271ms
[2024-08-07T20:39:22.008+0300][10,207s][info][gc] GC(193) Pause Young (Allocation Failure) 242M->5M(866M) 10,858ms
[2024-08-07T20:39:22.061+0300][10,259s][info][gc] GC(194) Pause Young (Allocation Failure) 244M->4M(866M) 7,184ms
[2024-08-07T20:39:22.111+0300][10,309s][info][gc] GC(195) Pause Young (Allocation Failure) 243M->2M(866M) 3,772ms
[2024-08-07T20:39:22.167+0300][10,365s][info][gc] GC(196) Pause Young (Allocation Failure) 241M->5M(866M) 10,591ms
[2024-08-07T20:39:22.220+0300][10,418s][info][gc] GC(197) Pause Young (Allocation Failure) 244M->3M(866M) 7,476ms
[2024-08-07T20:39:22.269+0300][10,467s][info][gc] GC(198) Pause Young (Allocation Failure) 242M->2M(866M) 2,931ms
[2024-08-07T20:39:22.325+0300][10,523s][info][gc] GC(199) Pause Young (Allocation Failure) 241M->4M(866M) 10,424ms
[2024-08-07T20:39:22.377+0300][10,575s][info][gc] GC(200) Pause Young (Allocation Failure) 243M->3M(866M) 6,447ms
[2024-08-07T20:39:22.425+0300][10,623s][info][gc] GC(201) Pause Young (Allocation Failure) 242M->2M(866M) 3,438ms
[2024-08-07T20:39:22.481+0300][10,679s][info][gc] GC(202) Pause Young (Allocation Failure) 241M->4M(866M) 10,406ms
[2024-08-07T20:39:22.533+0300][10,731s][info][gc] GC(203) Pause Young (Allocation Failure) 243M->3M(866M) 6,699ms
[2024-08-07T20:39:22.582+0300][10,780s][info][gc] GC(204) Pause Young (Allocation Failure) 242M->2M(866M) 3,215ms
[2024-08-07T20:39:22.637+0300][10,835s][info][gc] GC(205) Pause Young (Allocation Failure) 241M->4M(866M) 9,896ms
[2024-08-07T20:39:22.690+0300][10,888s][info][gc] GC(206) Pause Young (Allocation Failure) 243M->3M(866M) 6,873ms
[2024-08-07T20:39:22.738+0300][10,936s][info][gc] GC(207) Pause Young (Allocation Failure) 242M->2M(866M) 2,967ms
[2024-08-07T20:39:22.794+0300][10,992s][info][gc] GC(208) Pause Young (Allocation Failure) 241M->4M(866M) 10,025ms
[2024-08-07T20:39:22.845+0300][11,044s][info][gc] GC(209) Pause Young (Allocation Failure) 243M->3M(866M) 6,002ms
[2024-08-07T20:39:22.893+0300][11,092s][info][gc] GC(210) Pause Young (Allocation Failure) 242M->2M(866M) 2,914ms
[2024-08-07T20:39:22.949+0300][11,147s][info][gc] GC(211) Pause Young (Allocation Failure) 241M->4M(866M) 9,803ms
[2024-08-07T20:39:23.001+0300][11,199s][info][gc] GC(212) Pause Young (Allocation Failure) 243M->3M(866M) 6,522ms
[2024-08-07T20:39:23.049+0300][11,247s][info][gc] GC(213) Pause Young (Allocation Failure) 242M->2M(866M) 2,249ms
[2024-08-07T20:39:23.105+0300][11,303s][info][gc] GC(214) Pause Young (Allocation Failure) 241M->4M(866M) 9,657ms
[2024-08-07T20:39:23.155+0300][11,354s][info][gc] GC(215) Pause Young (Allocation Failure) 243M->3M(866M) 5,717ms
[2024-08-07T20:39:23.203+0300][11,402s][info][gc] GC(216) Pause Young (Allocation Failure) 242M->2M(866M) 2,170ms
[2024-08-07T20:39:23.259+0300][11,457s][info][gc] GC(217) Pause Young (Allocation Failure) 241M->4M(866M) 9,339ms
[2024-08-07T20:39:23.311+0300][11,509s][info][gc] GC(218) Pause Young (Allocation Failure) 243M->3M(866M) 6,098ms
[2024-08-07T20:39:23.359+0300][11,557s][info][gc] GC(219) Pause Young (Allocation Failure) 242M->2M(866M) 1,949ms
[2024-08-07T20:39:23.413+0300][11,612s][info][gc] GC(220) Pause Young (Allocation Failure) 241M->4M(866M) 9,390ms
[2024-08-07T20:39:23.464+0300][11,662s][info][gc] GC(221) Pause Young (Allocation Failure) 243M->3M(866M) 5,785ms
[2024-08-07T20:39:23.511+0300][11,710s][info][gc] GC(222) Pause Young (Allocation Failure) 242M->2M(866M) 1,799ms
[2024-08-07T20:39:23.566+0300][11,764s][info][gc] GC(223) Pause Young (Allocation Failure) 241M->4M(866M) 9,219ms
[2024-08-07T20:39:23.617+0300][11,815s][info][gc] GC(224) Pause Young (Allocation Failure) 243M->3M(866M) 4,973ms
[2024-08-07T20:39:23.664+0300][11,862s][info][gc] GC(225) Pause Young (Allocation Failure) 242M->2M(866M) 1,877ms
[2024-08-07T20:39:23.719+0300][11,917s][info][gc] GC(226) Pause Young (Allocation Failure) 241M->4M(866M) 9,197ms
[2024-08-07T20:39:23.770+0300][11,968s][info][gc] GC(227) Pause Young (Allocation Failure) 243M->3M(866M) 5,623ms
[2024-08-07T20:39:23.817+0300][12,016s][info][gc] GC(228) Pause Young (Allocation Failure) 242M->2M(866M) 1,542ms
[2024-08-07T20:39:23.872+0300][12,071s][info][gc] GC(229) Pause Young (Allocation Failure) 241M->4M(866M) 9,781ms
[2024-08-07T20:39:23.923+0300][12,121s][info][gc] GC(230) Pause Young (Allocation Failure) 243M->3M(866M) 4,734ms
[2024-08-07T20:39:23.970+0300][12,168s][info][gc] GC(231) Pause Young (Allocation Failure) 242M->2M(866M) 1,481ms
[2024-08-07T20:39:24.023+0300][12,221s][info][gc] GC(232) Pause Young (Allocation Failure) 241M->4M(866M) 8,203ms
[2024-08-07T20:39:24.074+0300][12,272s][info][gc] GC(233) Pause Young (Allocation Failure) 243M->3M(866M) 5,166ms
[2024-08-07T20:39:24.121+0300][12,319s][info][gc] GC(234) Pause Young (Allocation Failure) 242M->2M(866M) 1,351ms
[2024-08-07T20:39:24.174+0300][12,372s][info][gc] GC(235) Pause Young (Allocation Failure) 241M->4M(866M) 8,048ms
[2024-08-07T20:39:24.224+0300][12,423s][info][gc] GC(236) Pause Young (Allocation Failure) 243M->3M(866M) 5,014ms
[2024-08-07T20:39:24.271+0300][12,470s][info][gc] GC(237) Pause Young (Allocation Failure) 242M->2M(866M) 1,115ms
[2024-08-07T20:39:24.324+0300][12,522s][info][gc] GC(238) Pause Young (Allocation Failure) 241M->4M(866M) 8,482ms
[2024-08-07T20:39:24.373+0300][12,571s][info][gc] GC(239) Pause Young (Allocation Failure) 243M->3M(866M) 4,200ms
[2024-08-07T20:39:24.430+0300][12,628s][info][gc] GC(240) Pause Young (Allocation Failure) 242M->5M(866M) 11,657ms
[2024-08-07T20:39:24.484+0300][12,682s][info][gc] GC(241) Pause Young (Allocation Failure) 244M->4M(866M) 8,093ms
[2024-08-07T20:39:24.534+0300][12,732s][info][gc] GC(242) Pause Young (Allocation Failure) 243M->3M(866M) 4,649ms
[2024-08-07T20:39:24.592+0300][12,790s][info][gc] GC(243) Pause Young (Allocation Failure) 242M->5M(866M) 11,699ms
[2024-08-07T20:39:24.646+0300][12,844s][info][gc] GC(244) Pause Young (Allocation Failure) 244M->4M(866M) 8,260ms
[2024-08-07T20:39:24.695+0300][12,893s][info][gc] GC(245) Pause Young (Allocation Failure) 243M->3M(866M) 3,443ms
[2024-08-07T20:39:24.752+0300][12,950s][info][gc] GC(246) Pause Young (Allocation Failure) 242M->5M(866M) 11,107ms
[2024-08-07T20:39:24.805+0300][13,003s][info][gc] GC(247) Pause Young (Allocation Failure) 244M->4M(866M) 7,717ms
[2024-08-07T20:39:24.853+0300][13,051s][info][gc] GC(248) Pause Young (Allocation Failure) 243M->3M(866M) 3,682ms
[2024-08-07T20:39:24.907+0300][13,105s][info][gc] GC(249) Pause Young (Allocation Failure) 242M->5M(866M) 8,846ms
[2024-08-07T20:39:24.958+0300][13,156s][info][gc] GC(250) Pause Young (Allocation Failure) 244M->4M(866M) 6,046ms
[2024-08-07T20:39:25.007+0300][13,205s][info][gc] GC(251) Pause Young (Allocation Failure) 243M->3M(866M) 3,890ms
[2024-08-07T20:39:25.061+0300][13,260s][info][gc] GC(252) Pause Young (Allocation Failure) 242M->5M(866M) 9,975ms
[2024-08-07T20:39:25.114+0300][13,312s][info][gc] GC(253) Pause Young (Allocation Failure) 244M->4M(866M) 7,397ms
[2024-08-07T20:39:25.161+0300][13,360s][info][gc] GC(254) Pause Young (Allocation Failure) 243M->3M(866M) 2,842ms
[2024-08-07T20:39:25.216+0300][13,415s][info][gc] GC(255) Pause Young (Allocation Failure) 242M->5M(866M) 10,522ms
[2024-08-07T20:39:25.267+0300][13,465s][info][gc] GC(256) Pause Young (Allocation Failure) 244M->4M(866M) 6,465ms
[2024-08-07T20:39:25.314+0300][13,512s][info][gc] GC(257) Pause Young (Allocation Failure) 243M->2M(866M) 1,909ms
[2024-08-07T20:39:25.368+0300][13,566s][info][gc] GC(258) Pause Young (Allocation Failure) 241M->5M(866M) 9,881ms
[2024-08-07T20:39:25.420+0300][13,618s][info][gc] GC(259) Pause Young (Allocation Failure) 244M->3M(866M) 7,231ms
[2024-08-07T20:39:25.467+0300][13,666s][info][gc] GC(260) Pause Young (Allocation Failure) 242M->2M(866M) 2,643ms
[2024-08-07T20:39:25.522+0300][13,721s][info][gc] GC(261) Pause Young (Allocation Failure) 241M->4M(866M) 9,657ms
[2024-08-07T20:39:25.574+0300][13,772s][info][gc] GC(262) Pause Young (Allocation Failure) 243M->3M(866M) 6,810ms
[2024-08-07T20:39:25.621+0300][13,819s][info][gc] GC(263) Pause Young (Allocation Failure) 242M->2M(866M) 1,686ms
[2024-08-07T20:39:25.671+0300][13,869s][info][gc] GC(264) Pause Young (Allocation Failure) 241M->4M(866M) 5,688ms
[2024-08-07T20:39:25.721+0300][13,919s][info][gc] GC(265) Pause Young (Allocation Failure) 243M->3M(866M) 5,626ms
[2024-08-07T20:39:25.768+0300][13,966s][info][gc] GC(266) Pause Young (Allocation Failure) 242M->2M(866M) 2,852ms
[2024-08-07T20:39:25.822+0300][14,020s][info][gc] GC(267) Pause Young (Allocation Failure) 241M->4M(866M) 9,182ms
[2024-08-07T20:39:25.873+0300][14,071s][info][gc] GC(268) Pause Young (Allocation Failure) 243M->3M(866M) 5,927ms
[2024-08-07T20:39:25.920+0300][14,119s][info][gc] GC(269) Pause Young (Allocation Failure) 242M->2M(866M) 2,073ms
[2024-08-07T20:39:25.974+0300][14,172s][info][gc] GC(270) Pause Young (Allocation Failure) 241M->4M(866M) 9,125ms
[2024-08-07T20:39:26.024+0300][14,222s][info][gc] GC(271) Pause Young (Allocation Failure) 243M->3M(866M) 5,496ms
[2024-08-07T20:39:26.070+0300][14,269s][info][gc] GC(272) Pause Young (Allocation Failure) 242M->2M(866M) 1,884ms
[2024-08-07T20:39:26.124+0300][14,322s][info][gc] GC(273) Pause Young (Allocation Failure) 241M->4M(866M) 9,247ms
[2024-08-07T20:39:26.175+0300][14,373s][info][gc] GC(274) Pause Young (Allocation Failure) 243M->3M(866M) 5,312ms
[2024-08-07T20:39:26.222+0300][14,420s][info][gc] GC(275) Pause Young (Allocation Failure) 242M->2M(866M) 2,317ms
[2024-08-07T20:39:26.276+0300][14,474s][info][gc] GC(276) Pause Young (Allocation Failure) 241M->4M(866M) 8,694ms
[2024-08-07T20:39:26.327+0300][14,525s][info][gc] GC(277) Pause Young (Allocation Failure) 243M->3M(866M) 5,965ms
[2024-08-07T20:39:26.373+0300][14,571s][info][gc] GC(278) Pause Young (Allocation Failure) 242M->2M(866M) 1,893ms
[2024-08-07T20:39:26.426+0300][14,624s][info][gc] GC(279) Pause Young (Allocation Failure) 241M->4M(866M) 9,035ms
[2024-08-07T20:39:26.476+0300][14,674s][info][gc] GC(280) Pause Young (Allocation Failure) 243M->3M(866M) 5,087ms
[2024-08-07T20:39:26.523+0300][14,721s][info][gc] GC(281) Pause Young (Allocation Failure) 242M->2M(866M) 1,880ms
[2024-08-07T20:39:26.576+0300][14,774s][info][gc] GC(282) Pause Young (Allocation Failure) 241M->4M(866M) 8,666ms
[2024-08-07T20:39:26.625+0300][14,823s][info][gc] GC(283) Pause Young (Allocation Failure) 243M->3M(866M) 4,927ms
[2024-08-07T20:39:26.671+0300][14,869s][info][gc] GC(284) Pause Young (Allocation Failure) 242M->2M(866M) 1,647ms
[2024-08-07T20:39:26.723+0300][14,921s][info][gc] GC(285) Pause Young (Allocation Failure) 241M->4M(866M) 8,073ms
[2024-08-07T20:39:26.772+0300][14,970s][info][gc] GC(286) Pause Young (Allocation Failure) 243M->3M(866M) 4,934ms
[2024-08-07T20:39:26.818+0300][15,016s][info][gc] GC(287) Pause Young (Allocation Failure) 242M->2M(866M) 1,310ms
[2024-08-07T20:39:26.872+0300][15,070s][info][gc] GC(288) Pause Young (Allocation Failure) 241M->4M(866M) 8,576ms
[2024-08-07T20:39:26.920+0300][15,118s][info][gc] GC(289) Pause Young (Allocation Failure) 243M->3M(866M) 4,246ms
[2024-08-07T20:39:26.965+0300][15,163s][info][gc] GC(290) Pause Young (Allocation Failure) 242M->2M(866M) 1,127ms
[2024-08-07T20:39:27.018+0300][15,216s][info][gc] GC(291) Pause Young (Allocation Failure) 241M->4M(866M) 8,559ms
[2024-08-07T20:39:27.068+0300][15,266s][info][gc] GC(292) Pause Young (Allocation Failure) 243M->3M(866M) 5,018ms
[2024-08-07T20:39:27.113+0300][15,312s][info][gc] GC(293) Pause Young (Allocation Failure) 242M->2M(866M) 1,114ms
[2024-08-07T20:39:27.163+0300][15,361s][info][gc] GC(294) Pause Young (Allocation Failure) 241M->4M(866M) 4,628ms
[2024-08-07T20:39:27.211+0300][15,409s][info][gc] GC(295) Pause Young (Allocation Failure) 243M->3M(866M) 4,067ms
[2024-08-07T20:39:27.256+0300][15,454s][info][gc] GC(296) Pause Young (Allocation Failure) 242M->2M(866M) 0,846ms
[2024-08-07T20:39:27.307+0300][15,505s][info][gc] GC(297) Pause Young (Allocation Failure) 241M->4M(866M) 7,376ms
[2024-08-07T20:39:27.356+0300][15,554s][info][gc] GC(298) Pause Young (Allocation Failure) 243M->3M(866M) 4,487ms
[2024-08-07T20:39:27.401+0300][15,600s][info][gc] GC(299) Pause Young (Allocation Failure) 242M->2M(866M) 0,669ms
[2024-08-07T20:39:27.453+0300][15,652s][info][gc] GC(300) Pause Young (Allocation Failure) 241M->4M(866M) 8,145ms
[2024-08-07T20:39:27.502+0300][15,700s][info][gc] GC(301) Pause Young (Allocation Failure) 243M->3M(866M) 4,534ms
[2024-08-07T20:39:27.558+0300][15,756s][info][gc] GC(302) Pause Young (Allocation Failure) 242M->5M(866M) 11,204ms
[2024-08-07T20:39:27.610+0300][15,808s][info][gc] GC(303) Pause Young (Allocation Failure) 244M->4M(866M) 7,771ms
[2024-08-07T20:39:27.658+0300][15,856s][info][gc] GC(304) Pause Young (Allocation Failure) 243M->3M(866M) 3,545ms
[2024-08-07T20:39:27.713+0300][15,911s][info][gc] GC(305) Pause Young (Allocation Failure) 242M->5M(866M) 11,252ms
[2024-08-07T20:39:27.765+0300][15,964s][info][gc] GC(306) Pause Young (Allocation Failure) 244M->4M(866M) 7,313ms
[2024-08-07T20:39:27.815+0300][16,013s][info][gc] GC(307) Pause Young (Allocation Failure) 243M->3M(866M) 4,209ms
[2024-08-07T20:39:27.870+0300][16,068s][info][gc] GC(308) Pause Young (Allocation Failure) 242M->5M(866M) 11,031ms
[2024-08-07T20:39:27.922+0300][16,120s][info][gc] GC(309) Pause Young (Allocation Failure) 244M->4M(866M) 7,594ms
[2024-08-07T20:39:27.970+0300][16,168s][info][gc] GC(310) Pause Young (Allocation Failure) 243M->3M(866M) 3,622ms
[2024-08-07T20:39:28.025+0300][16,223s][info][gc] GC(311) Pause Young (Allocation Failure) 242M->5M(866M) 10,433ms
[2024-08-07T20:39:28.074+0300][16,272s][info][gc] GC(312) Pause Young (Allocation Failure) 244M->4M(866M) 5,188ms
[2024-08-07T20:39:28.122+0300][16,320s][info][gc] GC(313) Pause Young (Allocation Failure) 243M->3M(866M) 2,813ms
[2024-08-07T20:39:28.176+0300][16,375s][info][gc] GC(314) Pause Young (Allocation Failure) 242M->5M(866M) 10,484ms
[2024-08-07T20:39:28.227+0300][16,426s][info][gc] GC(315) Pause Young (Allocation Failure) 244M->4M(866M) 6,621ms
[2024-08-07T20:39:28.275+0300][16,473s][info][gc] GC(316) Pause Young (Allocation Failure) 243M->3M(866M) 2,706ms
[2024-08-07T20:39:28.329+0300][16,527s][info][gc] GC(317) Pause Young (Allocation Failure) 242M->5M(866M) 10,281ms
[2024-08-07T20:39:28.379+0300][16,577s][info][gc] GC(318) Pause Young (Allocation Failure) 244M->4M(866M) 5,713ms
