[2024-08-07T20:38:18.646+0300][0.003s][info][gc] Using Serial
[2024-08-07T20:38:18.879+0300][0,235s][info][gc] GC(0) Pause Young (Allocation Failure) 137M->2M(494M) 6,720ms
[2024-08-07T20:38:18.926+0300][0,283s][info][gc] GC(1) Pause Young (Allocation Failure) 139M->5M(494M) 18,428ms
[2024-08-07T20:38:18.969+0300][0,326s][info][gc] GC(2) Pause Young (Allocation Failure) 141M->5M(494M) 15,884ms
[2024-08-07T20:38:19.008+0300][0,365s][info][gc] GC(3) Pause Young (Allocation Failure) 141M->4M(494M) 12,761ms
[2024-08-07T20:38:19.046+0300][0,402s][info][gc] GC(4) Pause Young (Allocation Failure) 141M->4M(494M) 11,598ms
[2024-08-07T20:38:19.084+0300][0,440s][info][gc] GC(5) Pause Young (Allocation Failure) 141M->4M(494M) 11,398ms
[2024-08-07T20:38:19.121+0300][0,477s][info][gc] GC(6) Pause Young (Allocation Failure) 141M->4M(494M) 10,364ms
[2024-08-07T20:38:19.157+0300][0,513s][info][gc] GC(7) Pause Young (Allocation Failure) 140M->4M(494M) 10,098ms
[2024-08-07T20:38:19.192+0300][0,548s][info][gc] GC(8) Pause Young (Allocation Failure) 140M->4M(494M) 9,105ms
[2024-08-07T20:38:19.225+0300][0,582s][info][gc] GC(9) Pause Young (Allocation Failure) 140M->3M(494M) 6,736ms
[2024-08-07T20:38:19.256+0300][0,612s][info][gc] GC(10) Pause Young (Allocation Failure) 140M->3M(494M) 4,135ms
[2024-08-07T20:38:19.292+0300][0,649s][info][gc] GC(11) Pause Young (Allocation Failure) 140M->3M(494M) 7,548ms
[2024-08-07T20:38:19.326+0300][0,683s][info][gc] GC(12) Pause Young (Allocation Failure) 140M->3M(494M) 6,863ms
[2024-08-07T20:38:19.359+0300][0,715s][info][gc] GC(13) Pause Young (Allocation Failure) 139M->3M(494M) 5,870ms
[2024-08-07T20:38:19.391+0300][0,747s][info][gc] GC(14) Pause Young (Allocation Failure) 139M->3M(494M) 5,610ms
[2024-08-07T20:38:19.423+0300][0,780s][info][gc] GC(15) Pause Young (Allocation Failure) 139M->2M(494M) 5,902ms
[2024-08-07T20:38:19.453+0300][0,810s][info][gc] GC(16) Pause Young (Allocation Failure) 139M->2M(494M) 2,855ms
[2024-08-07T20:38:19.483+0300][0,839s][info][gc] GC(17) Pause Young (Allocation Failure) 139M->2M(494M) 2,191ms
[2024-08-07T20:38:19.511+0300][0,868s][info][gc] GC(18) Pause Young (Allocation Failure) 139M->2M(494M) 1,496ms
[2024-08-07T20:38:19.549+0300][0,906s][info][gc] GC(19) Pause Young (Allocation Failure) 138M->5M(494M) 11,500ms
[2024-08-07T20:38:19.587+0300][0,943s][info][gc] GC(20) Pause Young (Allocation Failure) 141M->5M(494M) 11,199ms
[2024-08-07T20:38:19.624+0300][0,981s][info][gc] GC(21) Pause Young (Allocation Failure) 141M->4M(494M) 11,072ms
[2024-08-07T20:38:19.661+0300][1,018s][info][gc] GC(22) Pause Young (Allocation Failure) 141M->4M(494M) 9,551ms
[2024-08-07T20:38:19.697+0300][1,053s][info][gc] GC(23) Pause Young (Allocation Failure) 141M->4M(494M) 9,313ms
[2024-08-07T20:38:19.732+0300][1,088s][info][gc] GC(24) Pause Young (Allocation Failure) 141M->4M(494M) 8,974ms
[2024-08-07T20:38:19.766+0300][1,123s][info][gc] GC(25) Pause Young (Allocation Failure) 140M->4M(494M) 7,736ms
[2024-08-07T20:38:19.801+0300][1,158s][info][gc] GC(26) Pause Young (Allocation Failure) 140M->4M(494M) 8,359ms
[2024-08-07T20:38:19.835+0300][1,192s][info][gc] GC(27) Pause Young (Allocation Failure) 140M->3M(494M) 7,308ms
[2024-08-07T20:38:19.868+0300][1,225s][info][gc] GC(28) Pause Young (Allocation Failure) 140M->3M(494M) 6,623ms
[2024-08-07T20:38:19.901+0300][1,257s][info][gc] GC(29) Pause Young (Allocation Failure) 140M->3M(494M) 5,857ms
[2024-08-07T20:38:19.933+0300][1,290s][info][gc] GC(30) Pause Young (Allocation Failure) 140M->3M(494M) 5,349ms
[2024-08-07T20:38:19.965+0300][1,322s][info][gc] GC(31) Pause Young (Allocation Failure) 139M->3M(494M) 4,703ms
[2024-08-07T20:38:19.996+0300][1,352s][info][gc] GC(32) Pause Young (Allocation Failure) 139M->3M(494M) 3,473ms
[2024-08-07T20:38:20.026+0300][1,382s][info][gc] GC(33) Pause Young (Allocation Failure) 139M->2M(494M) 3,367ms
[2024-08-07T20:38:20.055+0300][1,411s][info][gc] GC(34) Pause Young (Allocation Failure) 139M->2M(494M) 2,694ms
[2024-08-07T20:38:20.084+0300][1,440s][info][gc] GC(35) Pause Young (Allocation Failure) 139M->2M(494M) 1,994ms
[2024-08-07T20:38:20.112+0300][1,468s][info][gc] GC(36) Pause Young (Allocation Failure) 139M->2M(494M) 1,326ms
[2024-08-07T20:38:20.147+0300][1,504s][info][gc] GC(37) Pause Young (Allocation Failure) 138M->5M(494M) 9,642ms
[2024-08-07T20:38:20.180+0300][1,536s][info][gc] GC(38) Pause Young (Allocation Failure) 141M->5M(494M) 6,207ms
[2024-08-07T20:38:20.217+0300][1,574s][info][gc] GC(39) Pause Young (Allocation Failure) 141M->4M(494M) 10,981ms
[2024-08-07T20:38:20.254+0300][1,611s][info][gc] GC(40) Pause Young (Allocation Failure) 141M->4M(494M) 9,915ms
[2024-08-07T20:38:20.291+0300][1,647s][info][gc] GC(41) Pause Young (Allocation Failure) 141M->4M(494M) 9,603ms
[2024-08-07T20:38:20.326+0300][1,683s][info][gc] GC(42) Pause Young (Allocation Failure) 141M->4M(494M) 8,988ms
[2024-08-07T20:38:20.362+0300][1,719s][info][gc] GC(43) Pause Young (Allocation Failure) 140M->4M(494M) 8,351ms
[2024-08-07T20:38:20.396+0300][1,753s][info][gc] GC(44) Pause Young (Allocation Failure) 140M->4M(494M) 7,409ms
[2024-08-07T20:38:20.430+0300][1,786s][info][gc] GC(45) Pause Young (Allocation Failure) 140M->3M(494M) 7,092ms
[2024-08-07T20:38:20.460+0300][1,817s][info][gc] GC(46) Pause Young (Allocation Failure) 140M->3M(494M) 3,794ms
[2024-08-07T20:38:20.492+0300][1,849s][info][gc] GC(47) Pause Young (Allocation Failure) 140M->3M(494M) 5,817ms
[2024-08-07T20:38:20.524+0300][1,881s][info][gc] GC(48) Pause Young (Allocation Failure) 140M->3M(494M) 5,160ms
[2024-08-07T20:38:20.555+0300][1,912s][info][gc] GC(49) Pause Young (Allocation Failure) 139M->3M(494M) 4,541ms
[2024-08-07T20:38:20.586+0300][1,942s][info][gc] GC(50) Pause Young (Allocation Failure) 139M->3M(494M) 3,905ms
[2024-08-07T20:38:20.616+0300][1,973s][info][gc] GC(51) Pause Young (Allocation Failure) 139M->2M(494M) 3,269ms
[2024-08-07T20:38:20.646+0300][2,002s][info][gc] GC(52) Pause Young (Allocation Failure) 139M->2M(494M) 2,216ms
[2024-08-07T20:38:20.674+0300][2,030s][info][gc] GC(53) Pause Young (Allocation Failure) 139M->2M(494M) 1,861ms
[2024-08-07T20:38:20.702+0300][2,058s][info][gc] GC(54) Pause Young (Allocation Failure) 138M->2M(494M) 1,235ms
[2024-08-07T20:38:20.739+0300][2,096s][info][gc] GC(55) Pause Young (Allocation Failure) 138M->5M(494M) 12,093ms
[2024-08-07T20:38:20.777+0300][2,133s][info][gc] GC(56) Pause Young (Allocation Failure) 141M->5M(494M) 10,972ms
[2024-08-07T20:38:20.815+0300][2,171s][info][gc] GC(57) Pause Young (Allocation Failure) 141M->4M(494M) 10,656ms
[2024-08-07T20:38:20.851+0300][2,207s][info][gc] GC(58) Pause Young (Allocation Failure) 141M->4M(494M) 9,909ms
[2024-08-07T20:38:20.887+0300][2,244s][info][gc] GC(59) Pause Young (Allocation Failure) 141M->4M(494M) 9,485ms
[2024-08-07T20:38:20.923+0300][2,279s][info][gc] GC(60) Pause Young (Allocation Failure) 141M->4M(494M) 8,388ms
[2024-08-07T20:38:20.958+0300][2,314s][info][gc] GC(61) Pause Young (Allocation Failure) 140M->4M(494M) 8,247ms
[2024-08-07T20:38:20.992+0300][2,349s][info][gc] GC(62) Pause Young (Allocation Failure) 140M->4M(494M) 7,618ms
[2024-08-07T20:38:21.026+0300][2,383s][info][gc] GC(63) Pause Young (Allocation Failure) 140M->3M(494M) 6,983ms
[2024-08-07T20:38:21.059+0300][2,416s][info][gc] GC(64) Pause Young (Allocation Failure) 140M->3M(494M) 6,111ms
[2024-08-07T20:38:21.089+0300][2,445s][info][gc] GC(65) Pause Young (Allocation Failure) 140M->3M(494M) 3,368ms
[2024-08-07T20:38:21.121+0300][2,477s][info][gc] GC(66) Pause Young (Allocation Failure) 139M->3M(494M) 5,028ms
[2024-08-07T20:38:21.152+0300][2,509s][info][gc] GC(67) Pause Young (Allocation Failure) 139M->3M(494M) 4,037ms
[2024-08-07T20:38:21.182+0300][2,539s][info][gc] GC(68) Pause Young (Allocation Failure) 139M->2M(494M) 3,247ms
[2024-08-07T20:38:21.212+0300][2,568s][info][gc] GC(69) Pause Young (Allocation Failure) 139M->2M(494M) 3,077ms
[2024-08-07T20:38:21.241+0300][2,598s][info][gc] GC(70) Pause Young (Allocation Failure) 139M->2M(494M) 2,416ms
[2024-08-07T20:38:21.270+0300][2,626s][info][gc] GC(71) Pause Young (Allocation Failure) 139M->2M(494M) 1,730ms
[2024-08-07T20:38:21.297+0300][2,654s][info][gc] GC(72) Pause Young (Allocation Failure) 138M->2M(494M) 1,096ms
[2024-08-07T20:38:21.335+0300][2,691s][info][gc] GC(73) Pause Young (Allocation Failure) 138M->5M(494M) 11,914ms
[2024-08-07T20:38:21.373+0300][2,730s][info][gc] GC(74) Pause Young (Allocation Failure) 141M->5M(494M) 11,358ms
[2024-08-07T20:38:21.410+0300][2,767s][info][gc] GC(75) Pause Young (Allocation Failure) 141M->4M(494M) 10,689ms
[2024-08-07T20:38:21.447+0300][2,803s][info][gc] GC(76) Pause Young (Allocation Failure) 141M->4M(494M) 9,696ms
[2024-08-07T20:38:21.483+0300][2,839s][info][gc] GC(77) Pause Young (Allocation Failure) 141M->4M(494M) 9,451ms
[2024-08-07T20:38:21.518+0300][2,875s][info][gc] GC(78) Pause Young (Allocation Failure) 140M->4M(494M) 8,787ms
[2024-08-07T20:38:21.553+0300][2,909s][info][gc] GC(79) Pause Young (Allocation Failure) 140M->4M(494M) 8,185ms
[2024-08-07T20:38:21.587+0300][2,944s][info][gc] GC(80) Pause Young (Allocation Failure) 140M->3M(494M) 7,032ms
[2024-08-07T20:38:21.621+0300][2,977s][info][gc] GC(81) Pause Young (Allocation Failure) 140M->3M(494M) 6,849ms
[2024-08-07T20:38:21.654+0300][3,010s][info][gc] GC(82) Pause Young (Allocation Failure) 140M->3M(494M) 6,159ms
[2024-08-07T20:38:21.686+0300][3,042s][info][gc] GC(83) Pause Young (Allocation Failure) 140M->3M(494M) 5,550ms
[2024-08-07T20:38:21.717+0300][3,074s][info][gc] GC(84) Pause Young (Allocation Failure) 139M->3M(494M) 4,985ms
[2024-08-07T20:38:21.749+0300][3,105s][info][gc] GC(85) Pause Young (Allocation Failure) 139M->3M(494M) 4,204ms
[2024-08-07T20:38:21.779+0300][3,136s][info][gc] GC(86) Pause Young (Allocation Failure) 139M->2M(494M) 3,613ms
[2024-08-07T20:38:21.809+0300][3,165s][info][gc] GC(87) Pause Young (Allocation Failure) 139M->2M(494M) 2,966ms
[2024-08-07T20:38:21.838+0300][3,194s][info][gc] GC(88) Pause Young (Allocation Failure) 139M->2M(494M) 2,019ms
[2024-08-07T20:38:21.866+0300][3,223s][info][gc] GC(89) Pause Young (Allocation Failure) 139M->2M(494M) 1,635ms
[2024-08-07T20:38:21.905+0300][3,261s][info][gc] GC(90) Pause Young (Allocation Failure) 138M->5M(494M) 12,509ms
[2024-08-07T20:38:21.943+0300][3,300s][info][gc] GC(91) Pause Young (Allocation Failure) 141M->5M(494M) 11,777ms
[2024-08-07T20:38:21.979+0300][3,336s][info][gc] GC(92) Pause Young (Allocation Failure) 141M->4M(494M) 9,234ms
[2024-08-07T20:38:22.016+0300][3,373s][info][gc] GC(93) Pause Young (Allocation Failure) 141M->4M(494M) 10,587ms
[2024-08-07T20:38:22.053+0300][3,409s][info][gc] GC(94) Pause Young (Allocation Failure) 141M->4M(494M) 9,993ms
[2024-08-07T20:38:22.089+0300][3,446s][info][gc] GC(95) Pause Young (Allocation Failure) 141M->4M(494M) 9,327ms
[2024-08-07T20:38:22.124+0300][3,481s][info][gc] GC(96) Pause Young (Allocation Failure) 140M->4M(494M) 8,161ms
[2024-08-07T20:38:22.159+0300][3,516s][info][gc] GC(97) Pause Young (Allocation Failure) 140M->4M(494M) 7,987ms
[2024-08-07T20:38:22.193+0300][3,550s][info][gc] GC(98) Pause Young (Allocation Failure) 140M->3M(494M) 7,323ms
[2024-08-07T20:38:22.226+0300][3,583s][info][gc] GC(99) Pause Young (Allocation Failure) 140M->3M(494M) 6,715ms
[2024-08-07T20:38:22.259+0300][3,616s][info][gc] GC(100) Pause Young (Allocation Failure) 140M->3M(494M) 5,836ms
[2024-08-07T20:38:22.291+0300][3,648s][info][gc] GC(101) Pause Young (Allocation Failure) 140M->3M(494M) 5,146ms
[2024-08-07T20:38:22.323+0300][3,679s][info][gc] GC(102) Pause Young (Allocation Failure) 139M->3M(494M) 4,798ms
[2024-08-07T20:38:22.354+0300][3,710s][info][gc] GC(103) Pause Young (Allocation Failure) 139M->3M(494M) 4,017ms
[2024-08-07T20:38:22.384+0300][3,740s][info][gc] GC(104) Pause Young (Allocation Failure) 139M->2M(494M) 3,484ms
[2024-08-07T20:38:22.413+0300][3,770s][info][gc] GC(105) Pause Young (Allocation Failure) 139M->2M(494M) 2,563ms
[2024-08-07T20:38:22.442+0300][3,799s][info][gc] GC(106) Pause Young (Allocation Failure) 139M->2M(494M) 1,948ms
[2024-08-07T20:38:22.471+0300][3,827s][info][gc] GC(107) Pause Young (Allocation Failure) 139M->2M(494M) 1,464ms
[2024-08-07T20:38:22.509+0300][3,865s][info][gc] GC(108) Pause Young (Allocation Failure) 138M->5M(494M) 11,551ms
[2024-08-07T20:38:22.548+0300][3,904s][info][gc] GC(109) Pause Young (Allocation Failure) 141M->5M(494M) 12,229ms
[2024-08-07T20:38:22.585+0300][3,942s][info][gc] GC(110) Pause Young (Allocation Failure) 141M->4M(494M) 11,119ms
[2024-08-07T20:38:22.623+0300][3,979s][info][gc] GC(111) Pause Young (Allocation Failure) 141M->4M(494M) 10,421ms
[2024-08-07T20:38:22.659+0300][4,015s][info][gc] GC(112) Pause Young (Allocation Failure) 141M->4M(494M) 9,101ms
[2024-08-07T20:38:22.695+0300][4,051s][info][gc] GC(113) Pause Young (Allocation Failure) 141M->4M(494M) 9,110ms
[2024-08-07T20:38:22.730+0300][4,086s][info][gc] GC(114) Pause Young (Allocation Failure) 140M->4M(494M) 8,494ms
[2024-08-07T20:38:22.764+0300][4,121s][info][gc] GC(115) Pause Young (Allocation Failure) 140M->4M(494M) 7,889ms
[2024-08-07T20:38:22.798+0300][4,154s][info][gc] GC(116) Pause Young (Allocation Failure) 140M->3M(494M) 6,827ms
[2024-08-07T20:38:22.831+0300][4,188s][info][gc] GC(117) Pause Young (Allocation Failure) 140M->3M(494M) 6,575ms
[2024-08-07T20:38:22.864+0300][4,220s][info][gc] GC(118) Pause Young (Allocation Failure) 140M->3M(494M) 5,954ms
[2024-08-07T20:38:22.895+0300][4,252s][info][gc] GC(119) Pause Young (Allocation Failure) 140M->3M(494M) 5,136ms
[2024-08-07T20:38:22.926+0300][4,283s][info][gc] GC(120) Pause Young (Allocation Failure) 139M->3M(494M) 4,235ms
[2024-08-07T20:38:22.957+0300][4,314s][info][gc] GC(121) Pause Young (Allocation Failure) 139M->3M(494M) 3,963ms
[2024-08-07T20:38:22.988+0300][4,344s][info][gc] GC(122) Pause Young (Allocation Failure) 139M->2M(494M) 3,275ms
[2024-08-07T20:38:23.017+0300][4,374s][info][gc] GC(123) Pause Young (Allocation Failure) 139M->2M(494M) 3,310ms
[2024-08-07T20:38:23.046+0300][4,403s][info][gc] GC(124) Pause Young (Allocation Failure) 139M->2M(494M) 2,059ms
[2024-08-07T20:38:23.073+0300][4,430s][info][gc] GC(125) Pause Young (Allocation Failure) 139M->2M(494M) 0,636ms
[2024-08-07T20:38:23.106+0300][4,462s][info][gc] GC(126) Pause Young (Allocation Failure) 138M->5M(494M) 7,350ms
[2024-08-07T20:38:23.139+0300][4,496s][info][gc] GC(127) Pause Young (Allocation Failure) 141M->5M(494M) 6,365ms
[2024-08-07T20:38:23.170+0300][4,527s][info][gc] GC(128) Pause Young (Allocation Failure) 141M->4M(494M) 5,399ms
[2024-08-07T20:38:23.202+0300][4,558s][info][gc] GC(129) Pause Young (Allocation Failure) 141M->4M(494M) 5,492ms
[2024-08-07T20:38:23.233+0300][4,589s][info][gc] GC(130) Pause Young (Allocation Failure) 141M->4M(494M) 5,628ms
[2024-08-07T20:38:23.267+0300][4,623s][info][gc] GC(131) Pause Young (Allocation Failure) 141M->4M(494M) 8,494ms
[2024-08-07T20:38:23.300+0300][4,656s][info][gc] GC(132) Pause Young (Allocation Failure) 140M->4M(494M) 7,294ms
[2024-08-07T20:38:23.333+0300][4,689s][info][gc] GC(133) Pause Young (Allocation Failure) 140M->4M(494M) 7,245ms
[2024-08-07T20:38:23.365+0300][4,722s][info][gc] GC(134) Pause Young (Allocation Failure) 140M->3M(494M) 6,450ms
[2024-08-07T20:38:23.397+0300][4,753s][info][gc] GC(135) Pause Young (Allocation Failure) 140M->3M(494M) 5,922ms
[2024-08-07T20:38:23.428+0300][4,784s][info][gc] GC(136) Pause Young (Allocation Failure) 140M->3M(494M) 4,980ms
[2024-08-07T20:38:23.458+0300][4,815s][info][gc] GC(137) Pause Young (Allocation Failure) 140M->3M(494M) 4,723ms
[2024-08-07T20:38:23.488+0300][4,845s][info][gc] GC(138) Pause Young (Allocation Failure) 139M->3M(494M) 4,267ms
[2024-08-07T20:38:23.516+0300][4,873s][info][gc] GC(139) Pause Young (Allocation Failure) 139M->3M(494M) 2,166ms
[2024-08-07T20:38:23.545+0300][4,901s][info][gc] GC(140) Pause Young (Allocation Failure) 139M->2M(494M) 3,010ms
[2024-08-07T20:38:23.573+0300][4,930s][info][gc] GC(141) Pause Young (Allocation Failure) 139M->2M(494M) 2,307ms
[2024-08-07T20:38:23.601+0300][4,957s][info][gc] GC(142) Pause Young (Allocation Failure) 139M->2M(494M) 1,618ms
[2024-08-07T20:38:23.627+0300][4,984s][info][gc] GC(143) Pause Young (Allocation Failure) 138M->2M(494M) 1,001ms
[2024-08-07T20:38:23.663+0300][5,019s][info][gc] GC(144) Pause Young (Allocation Failure) 138M->5M(494M) 10,686ms
[2024-08-07T20:38:23.700+0300][5,057s][info][gc] GC(145) Pause Young (Allocation Failure) 141M->5M(494M) 10,995ms
[2024-08-07T20:38:23.736+0300][5,093s][info][gc] GC(146) Pause Young (Allocation Failure) 141M->4M(494M) 10,588ms
[2024-08-07T20:38:23.773+0300][5,130s][info][gc] GC(147) Pause Young (Allocation Failure) 141M->4M(494M) 5,234ms
[2024-08-07T20:38:23.803+0300][5,160s][info][gc] GC(148) Pause Young (Allocation Failure) 141M->4M(494M) 4,542ms
[2024-08-07T20:38:23.841+0300][5,197s][info][gc] GC(149) Pause Young (Allocation Failure) 141M->4M(494M) 7,647ms
[2024-08-07T20:38:23.879+0300][5,235s][info][gc] GC(150) Pause Young (Allocation Failure) 140M->4M(494M) 7,095ms
[2024-08-07T20:38:23.911+0300][5,268s][info][gc] GC(151) Pause Young (Allocation Failure) 140M->4M(494M) 6,865ms
[2024-08-07T20:38:23.944+0300][5,301s][info][gc] GC(152) Pause Young (Allocation Failure) 140M->3M(494M) 6,057ms
[2024-08-07T20:38:23.974+0300][5,331s][info][gc] GC(153) Pause Young (Allocation Failure) 140M->3M(494M) 3,116ms
[2024-08-07T20:38:24.003+0300][5,359s][info][gc] GC(154) Pause Young (Allocation Failure) 140M->3M(494M) 2,896ms
[2024-08-07T20:38:24.031+0300][5,388s][info][gc] GC(155) Pause Young (Allocation Failure) 139M->3M(494M) 2,479ms
[2024-08-07T20:38:24.059+0300][5,416s][info][gc] GC(156) Pause Young (Allocation Failure) 139M->3M(494M) 1,839ms
[2024-08-07T20:38:24.087+0300][5,443s][info][gc] GC(157) Pause Young (Allocation Failure) 139M->2M(494M) 1,705ms
[2024-08-07T20:38:24.114+0300][5,470s][info][gc] GC(158) Pause Young (Allocation Failure) 139M->2M(494M) 1,523ms
[2024-08-07T20:38:24.140+0300][5,497s][info][gc] GC(159) Pause Young (Allocation Failure) 139M->2M(494M) 1,158ms
[2024-08-07T20:38:24.166+0300][5,523s][info][gc] GC(160) Pause Young (Allocation Failure) 139M->2M(494M) 0,773ms
[2024-08-07T20:38:24.192+0300][5,549s][info][gc] GC(161) Pause Young (Allocation Failure) 138M->2M(494M) 0,381ms
[2024-08-07T20:38:24.224+0300][5,581s][info][gc] GC(162) Pause Young (Allocation Failure) 138M->5M(494M) 6,538ms
[2024-08-07T20:38:24.256+0300][5,612s][info][gc] GC(163) Pause Young (Allocation Failure) 141M->4M(494M) 5,812ms
[2024-08-07T20:38:24.286+0300][5,642s][info][gc] GC(164) Pause Young (Allocation Failure) 141M->4M(494M) 4,961ms
[2024-08-07T20:38:24.317+0300][5,673s][info][gc] GC(165) Pause Young (Allocation Failure) 141M->4M(494M) 5,350ms
[2024-08-07T20:38:24.347+0300][5,703s][info][gc] GC(166) Pause Young (Allocation Failure) 141M->4M(494M) 4,898ms
[2024-08-07T20:38:24.377+0300][5,733s][info][gc] GC(167) Pause Young (Allocation Failure) 140M->4M(494M) 4,557ms
[2024-08-07T20:38:24.406+0300][5,762s][info][gc] GC(168) Pause Young (Allocation Failure) 140M->4M(494M) 3,999ms
[2024-08-07T20:38:24.435+0300][5,792s][info][gc] GC(169) Pause Young (Allocation Failure) 140M->3M(494M) 3,877ms
[2024-08-07T20:38:24.464+0300][5,820s][info][gc] GC(170) Pause Young (Allocation Failure) 140M->3M(494M) 3,392ms
[2024-08-07T20:38:24.492+0300][5,849s][info][gc] GC(171) Pause Young (Allocation Failure) 140M->3M(494M) 3,084ms
[2024-08-07T20:38:24.520+0300][5,876s][info][gc] GC(172) Pause Young (Allocation Failure) 140M->3M(494M) 2,266ms
[2024-08-07T20:38:24.547+0300][5,904s][info][gc] GC(173) Pause Young (Allocation Failure) 139M->3M(494M) 2,244ms
[2024-08-07T20:38:24.575+0300][5,931s][info][gc] GC(174) Pause Young (Allocation Failure) 139M->3M(494M) 2,060ms
[2024-08-07T20:38:24.602+0300][5,959s][info][gc] GC(175) Pause Young (Allocation Failure) 139M->2M(494M) 1,648ms
[2024-08-07T20:38:24.629+0300][5,986s][info][gc] GC(176) Pause Young (Allocation Failure) 139M->2M(494M) 1,475ms
[2024-08-07T20:38:24.655+0300][6,012s][info][gc] GC(177) Pause Young (Allocation Failure) 139M->2M(494M) 1,010ms
[2024-08-07T20:38:24.682+0300][6,038s][info][gc] GC(178) Pause Young (Allocation Failure) 139M->2M(494M) 0,614ms
[2024-08-07T20:38:24.714+0300][6,070s][info][gc] GC(179) Pause Young (Allocation Failure) 138M->5M(494M) 6,647ms
[2024-08-07T20:38:24.745+0300][6,101s][info][gc] GC(180) Pause Young (Allocation Failure) 141M->5M(494M) 5,785ms
[2024-08-07T20:38:24.776+0300][6,133s][info][gc] GC(181) Pause Young (Allocation Failure) 141M->4M(494M) 6,002ms
[2024-08-07T20:38:24.807+0300][6,164s][info][gc] GC(182) Pause Young (Allocation Failure) 141M->4M(494M) 5,731ms
[2024-08-07T20:38:24.838+0300][6,194s][info][gc] GC(183) Pause Young (Allocation Failure) 141M->4M(494M) 4,993ms
[2024-08-07T20:38:24.868+0300][6,224s][info][gc] GC(184) Pause Young (Allocation Failure) 141M->4M(494M) 4,599ms
[2024-08-07T20:38:24.898+0300][6,254s][info][gc] GC(185) Pause Young (Allocation Failure) 140M->4M(494M) 4,736ms
[2024-08-07T20:38:24.927+0300][6,284s][info][gc] GC(186) Pause Young (Allocation Failure) 140M->4M(494M) 4,124ms
[2024-08-07T20:38:24.956+0300][6,313s][info][gc] GC(187) Pause Young (Allocation Failure) 140M->3M(494M) 3,683ms
[2024-08-07T20:38:24.985+0300][6,341s][info][gc] GC(188) Pause Young (Allocation Failure) 140M->3M(494M) 3,158ms
[2024-08-07T20:38:25.013+0300][6,369s][info][gc] GC(189) Pause Young (Allocation Failure) 140M->3M(494M) 2,995ms
[2024-08-07T20:38:25.041+0300][6,397s][info][gc] GC(190) Pause Young (Allocation Failure) 140M->3M(494M) 2,625ms
[2024-08-07T20:38:25.069+0300][6,425s][info][gc] GC(191) Pause Young (Allocation Failure) 139M->3M(494M) 2,346ms
[2024-08-07T20:38:25.096+0300][6,452s][info][gc] GC(192) Pause Young (Allocation Failure) 139M->3M(494M) 1,876ms
[2024-08-07T20:38:25.123+0300][6,479s][info][gc] GC(193) Pause Young (Allocation Failure) 139M->2M(494M) 1,615ms
[2024-08-07T20:38:25.149+0300][6,506s][info][gc] GC(194) Pause Young (Allocation Failure) 139M->2M(494M) 1,231ms
[2024-08-07T20:38:25.175+0300][6,532s][info][gc] GC(195) Pause Young (Allocation Failure) 139M->2M(494M) 0,843ms
[2024-08-07T20:38:25.201+0300][6,557s][info][gc] GC(196) Pause Young (Allocation Failure) 139M->2M(494M) 0,427ms
[2024-08-07T20:38:25.233+0300][6,589s][info][gc] GC(197) Pause Young (Allocation Failure) 138M->5M(494M) 6,659ms
[2024-08-07T20:38:25.264+0300][6,621s][info][gc] GC(198) Pause Young (Allocation Failure) 141M->5M(494M) 6,266ms
[2024-08-07T20:38:25.295+0300][6,652s][info][gc] GC(199) Pause Young (Allocation Failure) 141M->4M(494M) 5,818ms
[2024-08-07T20:38:25.325+0300][6,682s][info][gc] GC(200) Pause Young (Allocation Failure) 141M->4M(494M) 4,922ms
[2024-08-07T20:38:25.356+0300][6,713s][info][gc] GC(201) Pause Young (Allocation Failure) 141M->4M(494M) 5,209ms
[2024-08-07T20:38:25.386+0300][6,743s][info][gc] GC(202) Pause Young (Allocation Failure) 141M->4M(494M) 4,687ms
[2024-08-07T20:38:25.416+0300][6,772s][info][gc] GC(203) Pause Young (Allocation Failure) 140M->4M(494M) 4,349ms
[2024-08-07T20:38:25.444+0300][6,801s][info][gc] GC(204) Pause Young (Allocation Failure) 140M->4M(494M) 3,610ms
[2024-08-07T20:38:25.473+0300][6,830s][info][gc] GC(205) Pause Young (Allocation Failure) 140M->3M(494M) 3,806ms
[2024-08-07T20:38:25.502+0300][6,859s][info][gc] GC(206) Pause Young (Allocation Failure) 140M->3M(494M) 3,297ms
[2024-08-07T20:38:25.530+0300][6,887s][info][gc] GC(207) Pause Young (Allocation Failure) 140M->3M(494M) 2,999ms
[2024-08-07T20:38:25.562+0300][6,918s][info][gc] GC(208) Pause Young (Allocation Failure) 140M->3M(494M) 4,937ms
[2024-08-07T20:38:25.592+0300][6,949s][info][gc] GC(209) Pause Young (Allocation Failure) 139M->3M(494M) 4,145ms
[2024-08-07T20:38:25.621+0300][6,978s][info][gc] GC(210) Pause Young (Allocation Failure) 139M->3M(494M) 3,092ms
[2024-08-07T20:38:25.652+0300][7,008s][info][gc] GC(211) Pause Young (Allocation Failure) 139M->2M(494M) 3,275ms
[2024-08-07T20:38:25.685+0300][7,041s][info][gc] GC(212) Pause Young (Allocation Failure) 139M->2M(494M) 1,800ms
[2024-08-07T20:38:25.713+0300][7,070s][info][gc] GC(213) Pause Young (Allocation Failure) 139M->2M(494M) 1,637ms
[2024-08-07T20:38:25.741+0300][7,098s][info][gc] GC(214) Pause Young (Allocation Failure) 139M->2M(494M) 0,892ms
[2024-08-07T20:38:25.780+0300][7,136s][info][gc] GC(215) Pause Young (Allocation Failure) 138M->5M(494M) 10,006ms
[2024-08-07T20:38:25.815+0300][7,172s][info][gc] GC(216) Pause Young (Allocation Failure) 141M->5M(494M) 8,707ms
[2024-08-07T20:38:25.849+0300][7,205s][info][gc] GC(217) Pause Young (Allocation Failure) 141M->4M(494M) 7,006ms
[2024-08-07T20:38:25.882+0300][7,239s][info][gc] GC(218) Pause Young (Allocation Failure) 141M->4M(494M) 6,859ms
[2024-08-07T20:38:25.918+0300][7,274s][info][gc] GC(219) Pause Young (Allocation Failure) 141M->4M(494M) 9,165ms
[2024-08-07T20:38:25.952+0300][7,309s][info][gc] GC(220) Pause Young (Allocation Failure) 141M->4M(494M) 8,317ms
[2024-08-07T20:38:25.986+0300][7,343s][info][gc] GC(221) Pause Young (Allocation Failure) 140M->4M(494M) 8,046ms
[2024-08-07T20:38:26.020+0300][7,376s][info][gc] GC(222) Pause Young (Allocation Failure) 140M->4M(494M) 7,391ms
[2024-08-07T20:38:26.052+0300][7,409s][info][gc] GC(223) Pause Young (Allocation Failure) 140M->3M(494M) 6,685ms
[2024-08-07T20:38:26.082+0300][7,439s][info][gc] GC(224) Pause Young (Allocation Failure) 140M->3M(494M) 3,475ms
[2024-08-07T20:38:26.113+0300][7,470s][info][gc] GC(225) Pause Young (Allocation Failure) 140M->3M(494M) 5,323ms
[2024-08-07T20:38:26.144+0300][7,501s][info][gc] GC(226) Pause Young (Allocation Failure) 140M->3M(494M) 4,917ms
[2024-08-07T20:38:26.175+0300][7,532s][info][gc] GC(227) Pause Young (Allocation Failure) 139M->3M(494M) 3,977ms
[2024-08-07T20:38:26.204+0300][7,561s][info][gc] GC(228) Pause Young (Allocation Failure) 139M->3M(494M) 3,464ms
[2024-08-07T20:38:26.233+0300][7,590s][info][gc] GC(229) Pause Young (Allocation Failure) 139M->2M(494M) 2,882ms
[2024-08-07T20:38:26.262+0300][7,618s][info][gc] GC(230) Pause Young (Allocation Failure) 139M->2M(494M) 2,223ms
[2024-08-07T20:38:26.289+0300][7,646s][info][gc] GC(231) Pause Young (Allocation Failure) 139M->2M(494M) 1,355ms
[2024-08-07T20:38:26.316+0300][7,672s][info][gc] GC(232) Pause Young (Allocation Failure) 138M->2M(494M) 0,711ms
[2024-08-07T20:38:26.352+0300][7,709s][info][gc] GC(233) Pause Young (Allocation Failure) 138M->5M(494M) 11,458ms
[2024-08-07T20:38:26.386+0300][7,742s][info][gc] GC(234) Pause Young (Allocation Failure) 141M->5M(494M) 7,629ms
[2024-08-07T20:38:26.418+0300][7,774s][info][gc] GC(235) Pause Young (Allocation Failure) 141M->4M(494M) 6,315ms
[2024-08-07T20:38:26.453+0300][7,809s][info][gc] GC(236) Pause Young (Allocation Failure) 141M->4M(494M) 9,111ms
[2024-08-07T20:38:26.488+0300][7,845s][info][gc] GC(237) Pause Young (Allocation Failure) 141M->4M(494M) 8,809ms
[2024-08-07T20:38:26.523+0300][7,879s][info][gc] GC(238) Pause Young (Allocation Failure) 141M->4M(494M) 8,149ms
[2024-08-07T20:38:26.557+0300][7,913s][info][gc] GC(239) Pause Young (Allocation Failure) 140M->4M(494M) 7,970ms
[2024-08-07T20:38:26.589+0300][7,945s][info][gc] GC(240) Pause Young (Allocation Failure) 140M->4M(494M) 6,441ms
[2024-08-07T20:38:26.621+0300][7,978s][info][gc] GC(241) Pause Young (Allocation Failure) 140M->3M(494M) 6,168ms
[2024-08-07T20:38:26.653+0300][8,010s][info][gc] GC(242) Pause Young (Allocation Failure) 140M->3M(494M) 5,847ms
[2024-08-07T20:38:26.684+0300][8,041s][info][gc] GC(243) Pause Young (Allocation Failure) 140M->3M(494M) 5,083ms
[2024-08-07T20:38:26.715+0300][8,071s][info][gc] GC(244) Pause Young (Allocation Failure) 139M->3M(494M) 4,234ms
[2024-08-07T20:38:26.744+0300][8,101s][info][gc] GC(245) Pause Young (Allocation Failure) 139M->3M(494M) 3,770ms
[2024-08-07T20:38:26.774+0300][8,131s][info][gc] GC(246) Pause Young (Allocation Failure) 139M->2M(494M) 3,306ms
[2024-08-07T20:38:26.803+0300][8,160s][info][gc] GC(247) Pause Young (Allocation Failure) 139M->2M(494M) 2,725ms
[2024-08-07T20:38:26.830+0300][8,187s][info][gc] GC(248) Pause Young (Allocation Failure) 139M->2M(494M) 1,602ms
[2024-08-07T20:38:26.857+0300][8,214s][info][gc] GC(249) Pause Young (Allocation Failure) 139M->2M(494M) 1,160ms
[2024-08-07T20:38:26.884+0300][8,241s][info][gc] GC(250) Pause Young (Allocation Failure) 138M->2M(494M) 0,663ms
[2024-08-07T20:38:26.922+0300][8,278s][info][gc] GC(251) Pause Young (Allocation Failure) 138M->5M(494M) 12,126ms
[2024-08-07T20:38:26.958+0300][8,315s][info][gc] GC(252) Pause Young (Allocation Failure) 141M->4M(494M) 10,401ms
[2024-08-07T20:38:26.994+0300][8,351s][info][gc] GC(253) Pause Young (Allocation Failure) 141M->4M(494M) 10,149ms
[2024-08-07T20:38:27.030+0300][8,387s][info][gc] GC(254) Pause Young (Allocation Failure) 141M->4M(494M) 9,792ms
[2024-08-07T20:38:27.066+0300][8,422s][info][gc] GC(255) Pause Young (Allocation Failure) 141M->4M(494M) 8,929ms
[2024-08-07T20:38:27.100+0300][8,456s][info][gc] GC(256) Pause Young (Allocation Failure) 140M->4M(494M) 7,795ms
[2024-08-07T20:38:27.134+0300][8,490s][info][gc] GC(257) Pause Young (Allocation Failure) 140M->4M(494M) 7,629ms
[2024-08-07T20:38:27.167+0300][8,523s][info][gc] GC(258) Pause Young (Allocation Failure) 140M->3M(494M) 6,903ms
[2024-08-07T20:38:27.199+0300][8,556s][info][gc] GC(259) Pause Young (Allocation Failure) 140M->3M(494M) 6,283ms
[2024-08-07T20:38:27.230+0300][8,587s][info][gc] GC(260) Pause Young (Allocation Failure) 140M->3M(494M) 5,073ms
[2024-08-07T20:38:27.261+0300][8,618s][info][gc] GC(261) Pause Young (Allocation Failure) 140M->3M(494M) 5,205ms
[2024-08-07T20:38:27.292+0300][8,649s][info][gc] GC(262) Pause Young (Allocation Failure) 139M->3M(494M) 4,838ms
[2024-08-07T20:38:27.322+0300][8,678s][info][gc] GC(263) Pause Young (Allocation Failure) 139M->3M(494M) 3,698ms
[2024-08-07T20:38:27.352+0300][8,708s][info][gc] GC(264) Pause Young (Allocation Failure) 139M->2M(494M) 3,261ms
[2024-08-07T20:38:27.381+0300][8,737s][info][gc] GC(265) Pause Young (Allocation Failure) 139M->2M(494M) 2,461ms
[2024-08-07T20:38:27.409+0300][8,766s][info][gc] GC(266) Pause Young (Allocation Failure) 139M->2M(494M) 1,834ms
[2024-08-07T20:38:27.437+0300][8,793s][info][gc] GC(267) Pause Young (Allocation Failure) 139M->2M(494M) 1,317ms
[2024-08-07T20:38:27.474+0300][8,830s][info][gc] GC(268) Pause Young (Allocation Failure) 138M->5M(494M) 11,422ms
[2024-08-07T20:38:27.511+0300][8,867s][info][gc] GC(269) Pause Young (Allocation Failure) 141M->5M(494M) 11,341ms
[2024-08-07T20:38:27.547+0300][8,904s][info][gc] GC(270) Pause Young (Allocation Failure) 141M->4M(494M) 10,687ms
[2024-08-07T20:38:27.584+0300][8,940s][info][gc] GC(271) Pause Young (Allocation Failure) 141M->4M(494M) 10,134ms
[2024-08-07T20:38:27.615+0300][8,972s][info][gc] GC(272) Pause Young (Allocation Failure) 141M->4M(494M) 5,643ms
[2024-08-07T20:38:27.650+0300][9,007s][info][gc] GC(273) Pause Young (Allocation Failure) 141M->4M(494M) 8,847ms
[2024-08-07T20:38:27.684+0300][9,041s][info][gc] GC(274) Pause Young (Allocation Failure) 140M->4M(494M) 8,217ms
[2024-08-07T20:38:27.718+0300][9,075s][info][gc] GC(275) Pause Young (Allocation Failure) 140M->4M(494M) 7,495ms
[2024-08-07T20:38:27.751+0300][9,107s][info][gc] GC(276) Pause Young (Allocation Failure) 140M->3M(494M) 6,647ms
[2024-08-07T20:38:27.783+0300][9,140s][info][gc] GC(277) Pause Young (Allocation Failure) 140M->3M(494M) 6,364ms
[2024-08-07T20:38:27.814+0300][9,171s][info][gc] GC(278) Pause Young (Allocation Failure) 140M->3M(494M) 5,506ms
[2024-08-07T20:38:27.845+0300][9,202s][info][gc] GC(279) Pause Young (Allocation Failure) 140M->3M(494M) 4,989ms
[2024-08-07T20:38:27.876+0300][9,232s][info][gc] GC(280) Pause Young (Allocation Failure) 139M->3M(494M) 4,326ms
[2024-08-07T20:38:27.905+0300][9,261s][info][gc] GC(281) Pause Young (Allocation Failure) 139M->3M(494M) 3,633ms
[2024-08-07T20:38:27.934+0300][9,291s][info][gc] GC(282) Pause Young (Allocation Failure) 139M->2M(494M) 3,174ms
[2024-08-07T20:38:27.963+0300][9,319s][info][gc] GC(283) Pause Young (Allocation Failure) 139M->2M(494M) 2,531ms
[2024-08-07T20:38:27.990+0300][9,347s][info][gc] GC(284) Pause Young (Allocation Failure) 139M->2M(494M) 1,487ms
[2024-08-07T20:38:28.019+0300][9,376s][info][gc] GC(285) Pause Young (Allocation Failure) 139M->2M(494M) 1,323ms
[2024-08-07T20:38:28.057+0300][9,413s][info][gc] GC(286) Pause Young (Allocation Failure) 138M->5M(494M) 11,894ms
[2024-08-07T20:38:28.094+0300][9,450s][info][gc] GC(287) Pause Young (Allocation Failure) 141M->5M(494M) 11,282ms
[2024-08-07T20:38:28.130+0300][9,486s][info][gc] GC(288) Pause Young (Allocation Failure) 141M->4M(494M) 10,254ms
[2024-08-07T20:38:28.165+0300][9,522s][info][gc] GC(289) Pause Young (Allocation Failure) 141M->4M(494M) 10,125ms
[2024-08-07T20:38:28.201+0300][9,557s][info][gc] GC(290) Pause Young (Allocation Failure) 141M->4M(494M) 9,424ms
[2024-08-07T20:38:28.235+0300][9,592s][info][gc] GC(291) Pause Young (Allocation Failure) 141M->4M(494M) 8,658ms
[2024-08-07T20:38:28.269+0300][9,625s][info][gc] GC(292) Pause Young (Allocation Failure) 140M->4M(494M) 7,620ms
[2024-08-07T20:38:28.302+0300][9,658s][info][gc] GC(293) Pause Young (Allocation Failure) 140M->4M(494M) 7,164ms
[2024-08-07T20:38:28.334+0300][9,691s][info][gc] GC(294) Pause Young (Allocation Failure) 140M->3M(494M) 6,914ms
[2024-08-07T20:38:28.367+0300][9,723s][info][gc] GC(295) Pause Young (Allocation Failure) 140M->3M(494M) 6,202ms
[2024-08-07T20:38:28.398+0300][9,754s][info][gc] GC(296) Pause Young (Allocation Failure) 140M->3M(494M) 5,223ms
[2024-08-07T20:38:28.428+0300][9,785s][info][gc] GC(297) Pause Young (Allocation Failure) 140M->3M(494M) 4,935ms
[2024-08-07T20:38:28.459+0300][9,815s][info][gc] GC(298) Pause Young (Allocation Failure) 139M->3M(494M) 4,482ms
[2024-08-07T20:38:28.488+0300][9,845s][info][gc] GC(299) Pause Young (Allocation Failure) 139M->3M(494M) 3,703ms
[2024-08-07T20:38:28.516+0300][9,873s][info][gc] GC(300) Pause Young (Allocation Failure) 139M->2M(494M) 2,558ms
[2024-08-07T20:38:28.544+0300][9,900s][info][gc] GC(301) Pause Young (Allocation Failure) 139M->2M(494M) 1,493ms
[2024-08-07T20:38:28.571+0300][9,927s][info][gc] GC(302) Pause Young (Allocation Failure) 139M->2M(494M) 1,413ms
[2024-08-07T20:38:28.597+0300][9,954s][info][gc] GC(303) Pause Young (Allocation Failure) 139M->2M(494M) 0,854ms
[2024-08-07T20:38:28.633+0300][9,990s][info][gc] GC(304) Pause Young (Allocation Failure) 138M->5M(494M) 11,225ms
[2024-08-07T20:38:28.670+0300][10,027s][info][gc] GC(305) Pause Young (Allocation Failure) 141M->5M(494M) 11,161ms
[2024-08-07T20:38:28.706+0300][10,063s][info][gc] GC(306) Pause Young (Allocation Failure) 141M->4M(494M) 10,512ms
[2024-08-07T20:38:28.742+0300][10,098s][info][gc] GC(307) Pause Young (Allocation Failure) 141M->4M(494M) 9,795ms
[2024-08-07T20:38:28.777+0300][10,133s][info][gc] GC(308) Pause Young (Allocation Failure) 141M->4M(494M) 8,807ms
[2024-08-07T20:38:28.810+0300][10,167s][info][gc] GC(309) Pause Young (Allocation Failure) 141M->4M(494M) 8,414ms
[2024-08-07T20:38:28.841+0300][10,198s][info][gc] GC(310) Pause Young (Allocation Failure) 140M->4M(494M) 5,511ms
[2024-08-07T20:38:28.872+0300][10,228s][info][gc] GC(311) Pause Young (Allocation Failure) 140M->4M(494M) 4,613ms
[2024-08-07T20:38:28.901+0300][10,257s][info][gc] GC(312) Pause Young (Allocation Failure) 140M->3M(494M) 3,616ms
[2024-08-07T20:38:28.930+0300][10,287s][info][gc] GC(313) Pause Young (Allocation Failure) 140M->3M(494M) 3,933ms
[2024-08-07T20:38:28.962+0300][10,318s][info][gc] GC(314) Pause Young (Allocation Failure) 140M->3M(494M) 5,384ms
[2024-08-07T20:38:28.992+0300][10,349s][info][gc] GC(315) Pause Young (Allocation Failure) 140M->3M(494M) 4,836ms
[2024-08-07T20:38:29.022+0300][10,379s][info][gc] GC(316) Pause Young (Allocation Failure) 139M->3M(494M) 4,174ms
[2024-08-07T20:38:29.052+0300][10,408s][info][gc] GC(317) Pause Young (Allocation Failure) 139M->3M(494M) 3,545ms
[2024-08-07T20:38:29.080+0300][10,437s][info][gc] GC(318) Pause Young (Allocation Failure) 139M->2M(494M) 2,942ms
[2024-08-07T20:38:29.108+0300][10,465s][info][gc] GC(319) Pause Young (Allocation Failure) 139M->2M(494M) 1,979ms
[2024-08-07T20:38:29.136+0300][10,492s][info][gc] GC(320) Pause Young (Allocation Failure) 139M->2M(494M) 1,291ms
[2024-08-07T20:38:29.162+0300][10,519s][info][gc] GC(321) Pause Young (Allocation Failure) 138M->2M(494M) 0,964ms
[2024-08-07T20:38:29.194+0300][10,550s][info][gc] GC(322) Pause Young (Allocation Failure) 138M->5M(494M) 6,617ms
[2024-08-07T20:38:29.231+0300][10,587s][info][gc] GC(323) Pause Young (Allocation Failure) 141M->5M(494M) 11,015ms
[2024-08-07T20:38:29.267+0300][10,623s][info][gc] GC(324) Pause Young (Allocation Failure) 141M->4M(494M) 9,883ms
[2024-08-07T20:38:29.302+0300][10,659s][info][gc] GC(325) Pause Young (Allocation Failure) 141M->4M(494M) 9,717ms
[2024-08-07T20:38:29.337+0300][10,694s][info][gc] GC(326) Pause Young (Allocation Failure) 141M->4M(494M) 9,124ms
[2024-08-07T20:38:29.371+0300][10,727s][info][gc] GC(327) Pause Young (Allocation Failure) 141M->4M(494M) 8,103ms
[2024-08-07T20:38:29.404+0300][10,761s][info][gc] GC(328) Pause Young (Allocation Failure) 140M->4M(494M) 7,424ms
[2024-08-07T20:38:29.437+0300][10,794s][info][gc] GC(329) Pause Young (Allocation Failure) 140M->3M(494M) 7,235ms
[2024-08-07T20:38:29.470+0300][10,826s][info][gc] GC(330) Pause Young (Allocation Failure) 140M->3M(494M) 6,595ms
[2024-08-07T20:38:29.501+0300][10,858s][info][gc] GC(331) Pause Young (Allocation Failure) 140M->3M(494M) 5,961ms
[2024-08-07T20:38:29.532+0300][10,889s][info][gc] GC(332) Pause Young (Allocation Failure) 140M->3M(494M) 5,323ms
[2024-08-07T20:38:29.563+0300][10,919s][info][gc] GC(333) Pause Young (Allocation Failure) 139M->3M(494M) 4,409ms
[2024-08-07T20:38:29.592+0300][10,949s][info][gc] GC(334) Pause Young (Allocation Failure) 139M->3M(494M) 4,056ms
[2024-08-07T20:38:29.622+0300][10,978s][info][gc] GC(335) Pause Young (Allocation Failure) 139M->2M(494M) 3,454ms
[2024-08-07T20:38:29.649+0300][11,006s][info][gc] GC(336) Pause Young (Allocation Failure) 139M->2M(494M) 2,015ms
[2024-08-07T20:38:29.677+0300][11,034s][info][gc] GC(337) Pause Young (Allocation Failure) 139M->2M(494M) 2,044ms
[2024-08-07T20:38:29.704+0300][11,061s][info][gc] GC(338) Pause Young (Allocation Failure) 139M->2M(494M) 1,184ms
[2024-08-07T20:38:29.730+0300][11,087s][info][gc] GC(339) Pause Young (Allocation Failure) 138M->2M(494M) 0,866ms
[2024-08-07T20:38:29.763+0300][11,120s][info][gc] GC(340) Pause Young (Allocation Failure) 138M->5M(494M) 7,508ms
[2024-08-07T20:38:29.800+0300][11,156s][info][gc] GC(341) Pause Young (Allocation Failure) 141M->4M(494M) 10,812ms
[2024-08-07T20:38:29.836+0300][11,192s][info][gc] GC(342) Pause Young (Allocation Failure) 141M->4M(494M) 10,291ms
[2024-08-07T20:38:29.871+0300][11,228s][info][gc] GC(343) Pause Young (Allocation Failure) 141M->4M(494M) 9,598ms
[2024-08-07T20:38:29.906+0300][11,262s][info][gc] GC(344) Pause Young (Allocation Failure) 141M->4M(494M) 8,754ms
[2024-08-07T20:38:29.940+0300][11,296s][info][gc] GC(345) Pause Young (Allocation Failure) 140M->4M(494M) 8,424ms
[2024-08-07T20:38:29.974+0300][11,330s][info][gc] GC(346) Pause Young (Allocation Failure) 140M->4M(494M) 7,766ms
[2024-08-07T20:38:30.007+0300][11,363s][info][gc] GC(347) Pause Young (Allocation Failure) 140M->3M(494M) 7,078ms
[2024-08-07T20:38:30.039+0300][11,396s][info][gc] GC(348) Pause Young (Allocation Failure) 140M->3M(494M) 6,178ms
[2024-08-07T20:38:30.071+0300][11,427s][info][gc] GC(349) Pause Young (Allocation Failure) 140M->3M(494M) 5,891ms
[2024-08-07T20:38:30.102+0300][11,458s][info][gc] GC(350) Pause Young (Allocation Failure) 140M->3M(494M) 5,163ms
[2024-08-07T20:38:30.132+0300][11,489s][info][gc] GC(351) Pause Young (Allocation Failure) 139M->3M(494M) 4,529ms
[2024-08-07T20:38:30.162+0300][11,519s][info][gc] GC(352) Pause Young (Allocation Failure) 139M->3M(494M) 3,964ms
[2024-08-07T20:38:30.191+0300][11,548s][info][gc] GC(353) Pause Young (Allocation Failure) 139M->2M(494M) 3,233ms
[2024-08-07T20:38:30.220+0300][11,576s][info][gc] GC(354) Pause Young (Allocation Failure) 139M->2M(494M) 2,708ms
[2024-08-07T20:38:30.247+0300][11,604s][info][gc] GC(355) Pause Young (Allocation Failure) 139M->2M(494M) 1,746ms
[2024-08-07T20:38:30.274+0300][11,631s][info][gc] GC(356) Pause Young (Allocation Failure) 139M->2M(494M) 0,938ms
[2024-08-07T20:38:30.312+0300][11,668s][info][gc] GC(357) Pause Young (Allocation Failure) 138M->5M(494M) 11,677ms
[2024-08-07T20:38:30.349+0300][11,705s][info][gc] GC(358) Pause Young (Allocation Failure) 141M->5M(494M) 11,391ms
[2024-08-07T20:38:30.381+0300][11,737s][info][gc] GC(359) Pause Young (Allocation Failure) 141M->4M(494M) 6,425ms
[2024-08-07T20:38:30.416+0300][11,772s][info][gc] GC(360) Pause Young (Allocation Failure) 141M->4M(494M) 9,573ms
[2024-08-07T20:38:30.451+0300][11,807s][info][gc] GC(361) Pause Young (Allocation Failure) 141M->4M(494M) 9,474ms
[2024-08-07T20:38:30.486+0300][11,842s][info][gc] GC(362) Pause Young (Allocation Failure) 141M->4M(494M) 8,912ms
[2024-08-07T20:38:30.520+0300][11,876s][info][gc] GC(363) Pause Young (Allocation Failure) 140M->4M(494M) 8,300ms
[2024-08-07T20:38:30.553+0300][11,909s][info][gc] GC(364) Pause Young (Allocation Failure) 140M->4M(494M) 7,121ms
[2024-08-07T20:38:30.586+0300][11,942s][info][gc] GC(365) Pause Young (Allocation Failure) 140M->3M(494M) 6,996ms
[2024-08-07T20:38:30.618+0300][11,974s][info][gc] GC(366) Pause Young (Allocation Failure) 140M->3M(494M) 6,346ms
[2024-08-07T20:38:30.649+0300][12,006s][info][gc] GC(367) Pause Young (Allocation Failure) 140M->3M(494M) 5,680ms
[2024-08-07T20:38:30.678+0300][12,035s][info][gc] GC(368) Pause Young (Allocation Failure) 140M->3M(494M) 3,350ms
[2024-08-07T20:38:30.708+0300][12,065s][info][gc] GC(369) Pause Young (Allocation Failure) 139M->3M(494M) 4,466ms
[2024-08-07T20:38:30.738+0300][12,094s][info][gc] GC(370) Pause Young (Allocation Failure) 139M->3M(494M) 3,887ms
[2024-08-07T20:38:30.767+0300][12,123s][info][gc] GC(371) Pause Young (Allocation Failure) 139M->2M(494M) 3,084ms
[2024-08-07T20:38:30.795+0300][12,151s][info][gc] GC(372) Pause Young (Allocation Failure) 139M->2M(494M) 2,197ms
[2024-08-07T20:38:30.822+0300][12,179s][info][gc] GC(373) Pause Young (Allocation Failure) 139M->2M(494M) 1,539ms
[2024-08-07T20:38:30.849+0300][12,205s][info][gc] GC(374) Pause Young (Allocation Failure) 139M->2M(494M) 0,958ms
[2024-08-07T20:38:30.886+0300][12,243s][info][gc] GC(375) Pause Young (Allocation Failure) 138M->5M(494M) 11,800ms
[2024-08-07T20:38:30.923+0300][12,279s][info][gc] GC(376) Pause Young (Allocation Failure) 141M->5M(494M) 10,453ms
[2024-08-07T20:38:30.959+0300][12,315s][info][gc] GC(377) Pause Young (Allocation Failure) 141M->4M(494M) 10,679ms
[2024-08-07T20:38:30.990+0300][12,347s][info][gc] GC(378) Pause Young (Allocation Failure) 141M->4M(494M) 6,083ms
[2024-08-07T20:38:31.025+0300][12,382s][info][gc] GC(379) Pause Young (Allocation Failure) 141M->4M(494M) 9,332ms
[2024-08-07T20:38:31.060+0300][12,416s][info][gc] GC(380) Pause Young (Allocation Failure) 141M->4M(494M) 8,398ms
[2024-08-07T20:38:31.094+0300][12,450s][info][gc] GC(381) Pause Young (Allocation Failure) 140M->4M(494M) 8,137ms
[2024-08-07T20:38:31.127+0300][12,483s][info][gc] GC(382) Pause Young (Allocation Failure) 140M->4M(494M) 7,472ms
[2024-08-07T20:38:31.159+0300][12,516s][info][gc] GC(383) Pause Young (Allocation Failure) 140M->3M(494M) 6,756ms
[2024-08-07T20:38:31.191+0300][12,547s][info][gc] GC(384) Pause Young (Allocation Failure) 140M->3M(494M) 5,789ms
[2024-08-07T20:38:31.222+0300][12,579s][info][gc] GC(385) Pause Young (Allocation Failure) 140M->3M(494M) 5,640ms
[2024-08-07T20:38:31.253+0300][12,609s][info][gc] GC(386) Pause Young (Allocation Failure) 140M->3M(494M) 4,956ms
[2024-08-07T20:38:31.283+0300][12,639s][info][gc] GC(387) Pause Young (Allocation Failure) 139M->3M(494M) 4,259ms
[2024-08-07T20:38:31.311+0300][12,667s][info][gc] GC(388) Pause Young (Allocation Failure) 139M->3M(494M) 2,240ms
[2024-08-07T20:38:31.340+0300][12,696s][info][gc] GC(389) Pause Young (Allocation Failure) 139M->2M(494M) 2,964ms
[2024-08-07T20:38:31.368+0300][12,724s][info][gc] GC(390) Pause Young (Allocation Failure) 139M->2M(494M) 2,342ms
[2024-08-07T20:38:31.396+0300][12,752s][info][gc] GC(391) Pause Young (Allocation Failure) 139M->2M(494M) 1,688ms
[2024-08-07T20:38:31.422+0300][12,778s][info][gc] GC(392) Pause Young (Allocation Failure) 139M->2M(494M) 0,792ms
[2024-08-07T20:38:31.459+0300][12,816s][info][gc] GC(393) Pause Young (Allocation Failure) 138M->5M(494M) 11,690ms
[2024-08-07T20:38:31.496+0300][12,853s][info][gc] GC(394) Pause Young (Allocation Failure) 141M->5M(494M) 11,167ms
[2024-08-07T20:38:31.533+0300][12,889s][info][gc] GC(395) Pause Young (Allocation Failure) 141M->4M(494M) 10,705ms
[2024-08-07T20:38:31.567+0300][12,924s][info][gc] GC(396) Pause Young (Allocation Failure) 141M->4M(494M) 9,177ms
[2024-08-07T20:38:31.602+0300][12,959s][info][gc] GC(397) Pause Young (Allocation Failure) 141M->4M(494M) 8,995ms
[2024-08-07T20:38:31.637+0300][12,993s][info][gc] GC(398) Pause Young (Allocation Failure) 141M->4M(494M) 8,552ms
[2024-08-07T20:38:31.670+0300][13,026s][info][gc] GC(399) Pause Young (Allocation Failure) 140M->4M(494M) 7,671ms
[2024-08-07T20:38:31.702+0300][13,059s][info][gc] GC(400) Pause Young (Allocation Failure) 140M->4M(494M) 6,966ms
[2024-08-07T20:38:31.735+0300][13,092s][info][gc] GC(401) Pause Young (Allocation Failure) 140M->3M(494M) 6,734ms
[2024-08-07T20:38:31.767+0300][13,123s][info][gc] GC(402) Pause Young (Allocation Failure) 140M->3M(494M) 5,976ms
[2024-08-07T20:38:31.798+0300][13,154s][info][gc] GC(403) Pause Young (Allocation Failure) 140M->3M(494M) 5,436ms
[2024-08-07T20:38:31.828+0300][13,184s][info][gc] GC(404) Pause Young (Allocation Failure) 140M->3M(494M) 4,402ms
[2024-08-07T20:38:31.858+0300][13,214s][info][gc] GC(405) Pause Young (Allocation Failure) 139M->3M(494M) 4,167ms
[2024-08-07T20:38:31.887+0300][13,243s][info][gc] GC(406) Pause Young (Allocation Failure) 139M->3M(494M) 3,495ms
[2024-08-07T20:38:31.915+0300][13,272s][info][gc] GC(407) Pause Young (Allocation Failure) 139M->2M(494M) 2,650ms
[2024-08-07T20:38:31.943+0300][13,299s][info][gc] GC(408) Pause Young (Allocation Failure) 139M->2M(494M) 1,999ms
[2024-08-07T20:38:31.970+0300][13,326s][info][gc] GC(409) Pause Young (Allocation Failure) 139M->2M(494M) 1,291ms
[2024-08-07T20:38:31.996+0300][13,353s][info][gc] GC(410) Pause Young (Allocation Failure) 138M->2M(494M) 0,748ms
[2024-08-07T20:38:32.033+0300][13,389s][info][gc] GC(411) Pause Young (Allocation Failure) 138M->5M(494M) 11,504ms
[2024-08-07T20:38:32.069+0300][13,426s][info][gc] GC(412) Pause Young (Allocation Failure) 141M->5M(494M) 10,610ms
[2024-08-07T20:38:32.105+0300][13,462s][info][gc] GC(413) Pause Young (Allocation Failure) 141M->4M(494M) 10,214ms
[2024-08-07T20:38:32.141+0300][13,497s][info][gc] GC(414) Pause Young (Allocation Failure) 141M->4M(494M) 9,819ms
[2024-08-07T20:38:32.176+0300][13,532s][info][gc] GC(415) Pause Young (Allocation Failure) 141M->4M(494M) 9,079ms
[2024-08-07T20:38:32.210+0300][13,566s][info][gc] GC(416) Pause Young (Allocation Failure) 141M->4M(494M) 7,993ms
[2024-08-07T20:38:32.243+0300][13,600s][info][gc] GC(417) Pause Young (Allocation Failure) 140M->4M(494M) 7,760ms
[2024-08-07T20:38:32.276+0300][13,633s][info][gc] GC(418) Pause Young (Allocation Failure) 140M->3M(494M) 7,216ms
[2024-08-07T20:38:32.309+0300][13,665s][info][gc] GC(419) Pause Young (Allocation Failure) 140M->3M(494M) 6,569ms
[2024-08-07T20:38:32.340+0300][13,696s][info][gc] GC(420) Pause Young (Allocation Failure) 140M->3M(494M) 5,522ms
[2024-08-07T20:38:32.371+0300][13,727s][info][gc] GC(421) Pause Young (Allocation Failure) 140M->3M(494M) 5,334ms
[2024-08-07T20:38:32.401+0300][13,757s][info][gc] GC(422) Pause Young (Allocation Failure) 139M->3M(494M) 4,488ms
[2024-08-07T20:38:32.430+0300][13,787s][info][gc] GC(423) Pause Young (Allocation Failure) 139M->3M(494M) 4,038ms
[2024-08-07T20:38:32.460+0300][13,816s][info][gc] GC(424) Pause Young (Allocation Failure) 139M->2M(494M) 3,374ms
[2024-08-07T20:38:32.488+0300][13,844s][info][gc] GC(425) Pause Young (Allocation Failure) 139M->2M(494M) 2,548ms
[2024-08-07T20:38:32.516+0300][13,872s][info][gc] GC(426) Pause Young (Allocation Failure) 139M->2M(494M) 2,067ms
[2024-08-07T20:38:32.543+0300][13,899s][info][gc] GC(427) Pause Young (Allocation Failure) 139M->2M(494M) 1,436ms
[2024-08-07T20:38:32.569+0300][13,926s][info][gc] GC(428) Pause Young (Allocation Failure) 138M->2M(494M) 0,623ms
[2024-08-07T20:38:32.606+0300][13,962s][info][gc] GC(429) Pause Young (Allocation Failure) 138M->5M(494M) 11,414ms
[2024-08-07T20:38:32.642+0300][13,999s][info][gc] GC(430) Pause Young (Allocation Failure) 141M->4M(494M) 10,858ms
[2024-08-07T20:38:32.678+0300][14,035s][info][gc] GC(431) Pause Young (Allocation Failure) 141M->4M(494M) 10,237ms
[2024-08-07T20:38:32.713+0300][14,070s][info][gc] GC(432) Pause Young (Allocation Failure) 141M->4M(494M) 9,266ms
[2024-08-07T20:38:32.748+0300][14,105s][info][gc] GC(433) Pause Young (Allocation Failure) 141M->4M(494M) 9,110ms
[2024-08-07T20:38:32.782+0300][14,138s][info][gc] GC(434) Pause Young (Allocation Failure) 140M->4M(494M) 8,023ms
[2024-08-07T20:38:32.815+0300][14,172s][info][gc] GC(435) Pause Young (Allocation Failure) 140M->4M(494M) 7,664ms
[2024-08-07T20:38:32.845+0300][14,202s][info][gc] GC(436) Pause Young (Allocation Failure) 140M->3M(494M) 4,010ms
[2024-08-07T20:38:32.877+0300][14,234s][info][gc] GC(437) Pause Young (Allocation Failure) 140M->3M(494M) 6,432ms
[2024-08-07T20:38:32.909+0300][14,265s][info][gc] GC(438) Pause Young (Allocation Failure) 140M->3M(494M) 5,787ms
[2024-08-07T20:38:32.939+0300][14,296s][info][gc] GC(439) Pause Young (Allocation Failure) 140M->3M(494M) 5,205ms
[2024-08-07T20:38:32.969+0300][14,326s][info][gc] GC(440) Pause Young (Allocation Failure) 139M->3M(494M) 4,150ms
[2024-08-07T20:38:32.999+0300][14,355s][info][gc] GC(441) Pause Young (Allocation Failure) 139M->3M(494M) 3,892ms
[2024-08-07T20:38:33.028+0300][14,384s][info][gc] GC(442) Pause Young (Allocation Failure) 139M->2M(494M) 3,306ms
[2024-08-07T20:38:33.056+0300][14,412s][info][gc] GC(443) Pause Young (Allocation Failure) 139M->2M(494M) 2,655ms
[2024-08-07T20:38:33.083+0300][14,440s][info][gc] GC(444) Pause Young (Allocation Failure) 139M->2M(494M) 1,715ms
[2024-08-07T20:38:33.110+0300][14,467s][info][gc] GC(445) Pause Young (Allocation Failure) 139M->2M(494M) 1,061ms
[2024-08-07T20:38:33.147+0300][14,503s][info][gc] GC(446) Pause Young (Allocation Failure) 138M->5M(494M) 11,527ms
[2024-08-07T20:38:33.184+0300][14,540s][info][gc] GC(447) Pause Young (Allocation Failure) 141M->5M(494M) 11,154ms
[2024-08-07T20:38:33.219+0300][14,576s][info][gc] GC(448) Pause Young (Allocation Failure) 141M->4M(494M) 9,985ms
[2024-08-07T20:38:33.256+0300][14,612s][info][gc] GC(449) Pause Young (Allocation Failure) 141M->4M(494M) 10,094ms
[2024-08-07T20:38:33.291+0300][14,647s][info][gc] GC(450) Pause Young (Allocation Failure) 141M->4M(494M) 9,462ms
[2024-08-07T20:38:33.325+0300][14,682s][info][gc] GC(451) Pause Young (Allocation Failure) 141M->4M(494M) 8,875ms
[2024-08-07T20:38:33.359+0300][14,716s][info][gc] GC(452) Pause Young (Allocation Failure) 140M->4M(494M) 7,762ms
[2024-08-07T20:38:33.392+0300][14,749s][info][gc] GC(453) Pause Young (Allocation Failure) 140M->4M(494M) 7,605ms
[2024-08-07T20:38:33.425+0300][14,781s][info][gc] GC(454) Pause Young (Allocation Failure) 140M->3M(494M) 6,818ms
[2024-08-07T20:38:33.457+0300][14,814s][info][gc] GC(455) Pause Young (Allocation Failure) 140M->3M(494M) 6,316ms
[2024-08-07T20:38:33.488+0300][14,845s][info][gc] GC(456) Pause Young (Allocation Failure) 140M->3M(494M) 5,484ms
[2024-08-07T20:38:33.519+0300][14,875s][info][gc] GC(457) Pause Young (Allocation Failure) 140M->3M(494M) 5,059ms
[2024-08-07T20:38:33.550+0300][14,906s][info][gc] GC(458) Pause Young (Allocation Failure) 139M->3M(494M) 4,262ms
[2024-08-07T20:38:33.579+0300][14,936s][info][gc] GC(459) Pause Young (Allocation Failure) 139M->3M(494M) 4,016ms
[2024-08-07T20:38:33.607+0300][14,964s][info][gc] GC(460) Pause Young (Allocation Failure) 139M->2M(494M) 2,492ms
[2024-08-07T20:38:33.636+0300][14,992s][info][gc] GC(461) Pause Young (Allocation Failure) 139M->2M(494M) 2,451ms
[2024-08-07T20:38:33.663+0300][15,019s][info][gc] GC(462) Pause Young (Allocation Failure) 139M->2M(494M) 1,519ms
[2024-08-07T20:38:33.691+0300][15,048s][info][gc] GC(463) Pause Young (Allocation Failure) 139M->2M(494M) 0,954ms
[2024-08-07T20:38:33.728+0300][15,085s][info][gc] GC(464) Pause Young (Allocation Failure) 138M->5M(494M) 11,619ms
[2024-08-07T20:38:33.765+0300][15,121s][info][gc] GC(465) Pause Young (Allocation Failure) 141M->5M(494M) 11,143ms
[2024-08-07T20:38:33.801+0300][15,157s][info][gc] GC(466) Pause Young (Allocation Failure) 141M->4M(494M) 10,512ms
[2024-08-07T20:38:33.836+0300][15,193s][info][gc] GC(467) Pause Young (Allocation Failure) 141M->4M(494M) 10,021ms
[2024-08-07T20:38:33.871+0300][15,227s][info][gc] GC(468) Pause Young (Allocation Failure) 141M->4M(494M) 8,588ms
[2024-08-07T20:38:33.905+0300][15,262s][info][gc] GC(469) Pause Young (Allocation Failure) 141M->4M(494M) 8,629ms
[2024-08-07T20:38:33.939+0300][15,296s][info][gc] GC(470) Pause Young (Allocation Failure) 140M->4M(494M) 8,040ms
[2024-08-07T20:38:33.973+0300][15,329s][info][gc] GC(471) Pause Young (Allocation Failure) 140M->4M(494M) 7,247ms
[2024-08-07T20:38:34.005+0300][15,362s][info][gc] GC(472) Pause Young (Allocation Failure) 140M->3M(494M) 6,595ms
[2024-08-07T20:38:34.037+0300][15,393s][info][gc] GC(473) Pause Young (Allocation Failure) 140M->3M(494M) 6,151ms
[2024-08-07T20:38:34.068+0300][15,425s][info][gc] GC(474) Pause Young (Allocation Failure) 140M->3M(494M) 5,597ms
[2024-08-07T20:38:34.099+0300][15,455s][info][gc] GC(475) Pause Young (Allocation Failure) 140M->3M(494M) 4,902ms
[2024-08-07T20:38:34.128+0300][15,485s][info][gc] GC(476) Pause Young (Allocation Failure) 139M->3M(494M) 3,624ms
[2024-08-07T20:38:34.157+0300][15,514s][info][gc] GC(477) Pause Young (Allocation Failure) 139M->3M(494M) 3,612ms
[2024-08-07T20:38:34.186+0300][15,542s][info][gc] GC(478) Pause Young (Allocation Failure) 139M->2M(494M) 3,034ms
[2024-08-07T20:38:34.214+0300][15,570s][info][gc] GC(479) Pause Young (Allocation Failure) 139M->2M(494M) 2,223ms
[2024-08-07T20:38:34.242+0300][15,598s][info][gc] GC(480) Pause Young (Allocation Failure) 139M->2M(494M) 1,706ms
[2024-08-07T20:38:34.269+0300][15,625s][info][gc] GC(481) Pause Young (Allocation Failure) 139M->2M(494M) 0,790ms
[2024-08-07T20:38:34.305+0300][15,662s][info][gc] GC(482) Pause Young (Allocation Failure) 138M->5M(494M) 11,575ms
[2024-08-07T20:38:34.342+0300][15,699s][info][gc] GC(483) Pause Young (Allocation Failure) 141M->5M(494M) 11,087ms
[2024-08-07T20:38:34.378+0300][15,734s][info][gc] GC(484) Pause Young (Allocation Failure) 141M->4M(494M) 9,760ms
[2024-08-07T20:38:34.413+0300][15,770s][info][gc] GC(485) Pause Young (Allocation Failure) 141M->4M(494M) 9,868ms
[2024-08-07T20:38:34.448+0300][15,805s][info][gc] GC(486) Pause Young (Allocation Failure) 141M->4M(494M) 9,250ms
[2024-08-07T20:38:34.483+0300][15,839s][info][gc] GC(487) Pause Young (Allocation Failure) 141M->4M(494M) 8,577ms
[2024-08-07T20:38:34.516+0300][15,872s][info][gc] GC(488) Pause Young (Allocation Failure) 140M->4M(494M) 7,214ms
[2024-08-07T20:38:34.549+0300][15,905s][info][gc] GC(489) Pause Young (Allocation Failure) 140M->4M(494M) 7,241ms
[2024-08-07T20:38:34.581+0300][15,938s][info][gc] GC(490) Pause Young (Allocation Failure) 140M->3M(494M) 6,690ms
[2024-08-07T20:38:34.613+0300][15,969s][info][gc] GC(491) Pause Young (Allocation Failure) 140M->3M(494M) 6,107ms
[2024-08-07T20:38:34.646+0300][16,002s][info][gc] GC(492) Pause Young (Allocation Failure) 140M->3M(494M) 4,945ms
[2024-08-07T20:38:34.677+0300][16,034s][info][gc] GC(493) Pause Young (Allocation Failure) 140M->3M(494M) 4,801ms
[2024-08-07T20:38:34.708+0300][16,064s][info][gc] GC(494) Pause Young (Allocation Failure) 139M->3M(494M) 4,106ms
[2024-08-07T20:38:34.737+0300][16,094s][info][gc] GC(495) Pause Young (Allocation Failure) 139M->2M(494M) 3,564ms
[2024-08-07T20:38:34.765+0300][16,121s][info][gc] GC(496) Pause Young (Allocation Failure) 139M->2M(494M) 2,219ms
[2024-08-07T20:38:34.793+0300][16,149s][info][gc] GC(497) Pause Young (Allocation Failure) 139M->2M(494M) 2,023ms
[2024-08-07T20:38:34.820+0300][16,176s][info][gc] GC(498) Pause Young (Allocation Failure) 139M->2M(494M) 1,293ms
[2024-08-07T20:38:34.846+0300][16,203s][info][gc] GC(499) Pause Young (Allocation Failure) 138M->2M(494M) 0,721ms
[2024-08-07T20:38:34.882+0300][16,239s][info][gc] GC(500) Pause Young (Allocation Failure) 138M->5M(494M) 11,076ms
[2024-08-07T20:38:34.921+0300][16,278s][info][gc] GC(501) Pause Young (Allocation Failure) 141M->5M(494M) 10,983ms
[2024-08-07T20:38:34.957+0300][16,314s][info][gc] GC(502) Pause Young (Allocation Failure) 141M->4M(494M) 10,351ms
[2024-08-07T20:38:34.989+0300][16,345s][info][gc] GC(503) Pause Young (Allocation Failure) 141M->4M(494M) 5,758ms
[2024-08-07T20:38:35.024+0300][16,380s][info][gc] GC(504) Pause Young (Allocation Failure) 141M->4M(494M) 8,802ms
[2024-08-07T20:38:35.058+0300][16,414s][info][gc] GC(505) Pause Young (Allocation Failure) 141M->4M(494M) 8,509ms
[2024-08-07T20:38:35.091+0300][16,447s][info][gc] GC(506) Pause Young (Allocation Failure) 140M->4M(494M) 7,523ms
[2024-08-07T20:38:35.124+0300][16,480s][info][gc] GC(507) Pause Young (Allocation Failure) 140M->3M(494M) 7,126ms
[2024-08-07T20:38:35.155+0300][16,512s][info][gc] GC(508) Pause Young (Allocation Failure) 140M->3M(494M) 6,242ms
[2024-08-07T20:38:35.187+0300][16,544s][info][gc] GC(509) Pause Young (Allocation Failure) 140M->3M(494M) 5,927ms
[2024-08-07T20:38:35.218+0300][16,575s][info][gc] GC(510) Pause Young (Allocation Failure) 140M->3M(494M) 5,168ms
[2024-08-07T20:38:35.249+0300][16,606s][info][gc] GC(511) Pause Young (Allocation Failure) 139M->3M(494M) 4,696ms
[2024-08-07T20:38:35.279+0300][16,635s][info][gc] GC(512) Pause Young (Allocation Failure) 139M->3M(494M) 4,179ms
[2024-08-07T20:38:35.307+0300][16,664s][info][gc] GC(513) Pause Young (Allocation Failure) 139M->2M(494M) 3,141ms
[2024-08-07T20:38:35.336+0300][16,693s][info][gc] GC(514) Pause Young (Allocation Failure) 139M->2M(494M) 2,775ms
[2024-08-07T20:38:35.364+0300][16,721s][info][gc] GC(515) Pause Young (Allocation Failure) 139M->2M(494M) 2,023ms
[2024-08-07T20:38:35.392+0300][16,748s][info][gc] GC(516) Pause Young (Allocation Failure) 139M->2M(494M) 1,170ms
[2024-08-07T20:38:35.431+0300][16,788s][info][gc] GC(517) Pause Young (Allocation Failure) 138M->5M(494M) 12,012ms
[2024-08-07T20:38:35.468+0300][16,825s][info][gc] GC(518) Pause Young (Allocation Failure) 141M->5M(494M) 11,374ms
[2024-08-07T20:38:35.505+0300][16,861s][info][gc] GC(519) Pause Young (Allocation Failure) 141M->4M(494M) 10,888ms
[2024-08-07T20:38:35.540+0300][16,897s][info][gc] GC(520) Pause Young (Allocation Failure) 141M->4M(494M) 9,450ms
[2024-08-07T20:38:35.576+0300][16,932s][info][gc] GC(521) Pause Young (Allocation Failure) 141M->4M(494M) 9,618ms
[2024-08-07T20:38:35.610+0300][16,967s][info][gc] GC(522) Pause Young (Allocation Failure) 141M->4M(494M) 8,979ms
[2024-08-07T20:38:35.644+0300][17,001s][info][gc] GC(523) Pause Young (Allocation Failure) 140M->4M(494M) 8,123ms
[2024-08-07T20:38:35.677+0300][17,034s][info][gc] GC(524) Pause Young (Allocation Failure) 140M->4M(494M) 7,062ms
[2024-08-07T20:38:35.710+0300][17,067s][info][gc] GC(525) Pause Young (Allocation Failure) 140M->3M(494M) 7,119ms
[2024-08-07T20:38:35.743+0300][17,099s][info][gc] GC(526) Pause Young (Allocation Failure) 140M->3M(494M) 6,454ms
[2024-08-07T20:38:35.774+0300][17,131s][info][gc] GC(527) Pause Young (Allocation Failure) 140M->3M(494M) 5,808ms
[2024-08-07T20:38:35.805+0300][17,161s][info][gc] GC(528) Pause Young (Allocation Failure) 140M->3M(494M) 4,649ms
[2024-08-07T20:38:35.835+0300][17,191s][info][gc] GC(529) Pause Young (Allocation Failure) 139M->3M(494M) 4,553ms
[2024-08-07T20:38:35.864+0300][17,221s][info][gc] GC(530) Pause Young (Allocation Failure) 139M->3M(494M) 3,907ms
[2024-08-07T20:38:35.892+0300][17,249s][info][gc] GC(531) Pause Young (Allocation Failure) 139M->2M(494M) 2,134ms
[2024-08-07T20:38:35.920+0300][17,277s][info][gc] GC(532) Pause Young (Allocation Failure) 139M->2M(494M) 2,316ms
[2024-08-07T20:38:35.948+0300][17,305s][info][gc] GC(533) Pause Young (Allocation Failure) 139M->2M(494M) 1,927ms
[2024-08-07T20:38:35.975+0300][17,331s][info][gc] GC(534) Pause Young (Allocation Failure) 139M->2M(494M) 1,266ms
[2024-08-07T20:38:36.013+0300][17,369s][info][gc] GC(535) Pause Young (Allocation Failure) 138M->5M(494M) 12,144ms
[2024-08-07T20:38:36.049+0300][17,405s][info][gc] GC(536) Pause Young (Allocation Failure) 141M->5M(494M) 10,150ms
[2024-08-07T20:38:36.086+0300][17,442s][info][gc] GC(537) Pause Young (Allocation Failure) 141M->4M(494M) 10,865ms
[2024-08-07T20:38:36.122+0300][17,478s][info][gc] GC(538) Pause Young (Allocation Failure) 141M->4M(494M) 10,052ms
[2024-08-07T20:38:36.157+0300][17,513s][info][gc] GC(539) Pause Young (Allocation Failure) 141M->4M(494M) 9,441ms
[2024-08-07T20:38:36.191+0300][17,548s][info][gc] GC(540) Pause Young (Allocation Failure) 141M->4M(494M) 8,383ms
[2024-08-07T20:38:36.225+0300][17,581s][info][gc] GC(541) Pause Young (Allocation Failure) 140M->4M(494M) 8,017ms
[2024-08-07T20:38:36.259+0300][17,615s][info][gc] GC(542) Pause Young (Allocation Failure) 140M->4M(494M) 7,613ms
[2024-08-07T20:38:36.291+0300][17,648s][info][gc] GC(543) Pause Young (Allocation Failure) 140M->3M(494M) 6,950ms
[2024-08-07T20:38:36.323+0300][17,679s][info][gc] GC(544) Pause Young (Allocation Failure) 140M->3M(494M) 5,911ms
[2024-08-07T20:38:36.355+0300][17,711s][info][gc] GC(545) Pause Young (Allocation Failure) 140M->3M(494M) 5,618ms
[2024-08-07T20:38:36.385+0300][17,742s][info][gc] GC(546) Pause Young (Allocation Failure) 140M->3M(494M) 5,062ms
[2024-08-07T20:38:36.415+0300][17,772s][info][gc] GC(547) Pause Young (Allocation Failure) 139M->3M(494M) 3,984ms
[2024-08-07T20:38:36.445+0300][17,801s][info][gc] GC(548) Pause Young (Allocation Failure) 139M->3M(494M) 3,758ms
[2024-08-07T20:38:36.473+0300][17,830s][info][gc] GC(549) Pause Young (Allocation Failure) 139M->2M(494M) 3,048ms
[2024-08-07T20:38:36.502+0300][17,858s][info][gc] GC(550) Pause Young (Allocation Failure) 139M->2M(494M) 2,461ms
[2024-08-07T20:38:36.529+0300][17,886s][info][gc] GC(551) Pause Young (Allocation Failure) 139M->2M(494M) 1,825ms
[2024-08-07T20:38:36.556+0300][17,913s][info][gc] GC(552) Pause Young (Allocation Failure) 139M->2M(494M) 0,876ms
[2024-08-07T20:38:36.594+0300][17,950s][info][gc] GC(553) Pause Young (Allocation Failure) 138M->5M(494M) 11,803ms
[2024-08-07T20:38:36.631+0300][17,987s][info][gc] GC(554) Pause Young (Allocation Failure) 141M->5M(494M) 11,278ms
[2024-08-07T20:38:36.669+0300][18,025s][info][gc] GC(555) Pause Young (Allocation Failure) 141M->4M(494M) 10,539ms
[2024-08-07T20:38:36.704+0300][18,060s][info][gc] GC(556) Pause Young (Allocation Failure) 141M->4M(494M) 9,568ms
[2024-08-07T20:38:36.739+0300][18,096s][info][gc] GC(557) Pause Young (Allocation Failure) 141M->4M(494M) 9,379ms
[2024-08-07T20:38:36.774+0300][18,130s][info][gc] GC(558) Pause Young (Allocation Failure) 141M->4M(494M) 8,738ms
