[2024-08-07T20:37:36.866+0300][0.005s][info][gc] Using Serial
[2024-08-07T20:37:37.077+0300][0,216s][info][gc] GC(0) Pause Young (Allocation Failure) 69M->5M(247M) 15,743ms
[2024-08-07T20:37:37.099+0300][0,239s][info][gc] GC(1) Pause Young (Allocation Failure) 73M->3M(247M) 7,753ms
[2024-08-07T20:37:37.123+0300][0,263s][info][gc] GC(2) Pause Young (Allocation Failure) 71M->4M(247M) 10,231ms
[2024-08-07T20:37:37.142+0300][0,281s][info][gc] GC(3) Pause Young (Allocation Failure) 73M->3M(247M) 4,861ms
[2024-08-07T20:37:37.167+0300][0,306s][info][gc] GC(4) Pause Young (Allocation Failure) 71M->4M(247M) 11,845ms
[2024-08-07T20:37:37.186+0300][0,325s][info][gc] GC(5) Pause Young (Allocation Failure) 73M->3M(247M) 5,322ms
[2024-08-07T20:37:37.211+0300][0,350s][info][gc] GC(6) Pause Young (Allocation Failure) 71M->4M(247M) 11,095ms
[2024-08-07T20:37:37.229+0300][0,369s][info][gc] GC(7) Pause Young (Allocation Failure) 72M->2M(247M) 4,894ms
[2024-08-07T20:37:37.254+0300][0,393s][info][gc] GC(8) Pause Young (Allocation Failure) 71M->4M(247M) 10,502ms
[2024-08-07T20:37:37.272+0300][0,411s][info][gc] GC(9) Pause Young (Allocation Failure) 72M->2M(247M) 4,378ms
[2024-08-07T20:37:37.296+0300][0,435s][info][gc] GC(10) Pause Young (Allocation Failure) 71M->4M(247M) 10,287ms
[2024-08-07T20:37:37.317+0300][0,456s][info][gc] GC(11) Pause Young (Allocation Failure) 72M->2M(247M) 3,863ms
[2024-08-07T20:37:37.350+0300][0,489s][info][gc] GC(12) Pause Young (Allocation Failure) 70M->4M(247M) 9,519ms
[2024-08-07T20:37:37.366+0300][0,506s][info][gc] GC(13) Pause Young (Allocation Failure) 72M->2M(247M) 3,123ms
[2024-08-07T20:37:37.389+0300][0,528s][info][gc] GC(14) Pause Young (Allocation Failure) 70M->3M(247M) 8,445ms
[2024-08-07T20:37:37.407+0300][0,547s][info][gc] GC(15) Pause Young (Allocation Failure) 72M->2M(247M) 4,068ms
[2024-08-07T20:37:37.429+0300][0,568s][info][gc] GC(16) Pause Young (Allocation Failure) 70M->3M(247M) 6,063ms
[2024-08-07T20:37:37.456+0300][0,595s][info][gc] GC(17) Pause Young (Allocation Failure) 72M->5M(247M) 12,776ms
[2024-08-07T20:37:37.475+0300][0,614s][info][gc] GC(18) Pause Young (Allocation Failure) 73M->3M(247M) 5,375ms
[2024-08-07T20:37:37.501+0300][0,640s][info][gc] GC(19) Pause Young (Allocation Failure) 71M->5M(247M) 11,644ms
[2024-08-07T20:37:37.519+0300][0,659s][info][gc] GC(20) Pause Young (Allocation Failure) 73M->3M(247M) 5,331ms
[2024-08-07T20:37:37.543+0300][0,683s][info][gc] GC(21) Pause Young (Allocation Failure) 71M->4M(247M) 11,009ms
[2024-08-07T20:37:37.565+0300][0,704s][info][gc] GC(22) Pause Young (Allocation Failure) 73M->3M(247M) 4,859ms
[2024-08-07T20:37:37.584+0300][0,723s][info][gc] GC(23) Pause Young (Allocation Failure) 71M->4M(247M) 5,238ms
[2024-08-07T20:37:37.602+0300][0,741s][info][gc] GC(24) Pause Young (Allocation Failure) 73M->3M(247M) 4,723ms
[2024-08-07T20:37:37.626+0300][0,766s][info][gc] GC(25) Pause Young (Allocation Failure) 71M->4M(247M) 10,022ms
[2024-08-07T20:37:37.644+0300][0,783s][info][gc] GC(26) Pause Young (Allocation Failure) 72M->3M(247M) 3,409ms
[2024-08-07T20:37:37.665+0300][0,805s][info][gc] GC(27) Pause Young (Allocation Failure) 71M->4M(247M) 8,614ms
[2024-08-07T20:37:37.683+0300][0,822s][info][gc] GC(28) Pause Young (Allocation Failure) 72M->2M(247M) 3,304ms
[2024-08-07T20:37:37.705+0300][0,844s][info][gc] GC(29) Pause Young (Allocation Failure) 71M->4M(247M) 8,977ms
[2024-08-07T20:37:37.721+0300][0,860s][info][gc] GC(30) Pause Young (Allocation Failure) 72M->2M(247M) 2,568ms
[2024-08-07T20:37:37.743+0300][0,882s][info][gc] GC(31) Pause Young (Allocation Failure) 71M->4M(247M) 7,751ms
[2024-08-07T20:37:37.759+0300][0,899s][info][gc] GC(32) Pause Young (Allocation Failure) 72M->2M(247M) 2,170ms
[2024-08-07T20:37:37.779+0300][0,918s][info][gc] GC(33) Pause Young (Allocation Failure) 70M->4M(247M) 4,940ms
[2024-08-07T20:37:37.794+0300][0,933s][info][gc] GC(34) Pause Young (Allocation Failure) 72M->2M(247M) 1,619ms
[2024-08-07T20:37:37.820+0300][0,959s][info][gc] GC(35) Pause Young (Allocation Failure) 70M->3M(247M) 7,166ms
[2024-08-07T20:37:37.846+0300][0,985s][info][gc] GC(36) Pause Young (Allocation Failure) 72M->5M(247M) 12,229ms
[2024-08-07T20:37:37.866+0300][1,006s][info][gc] GC(37) Pause Young (Allocation Failure) 73M->3M(247M) 6,229ms
[2024-08-07T20:37:37.893+0300][1,032s][info][gc] GC(38) Pause Young (Allocation Failure) 72M->5M(247M) 11,901ms
[2024-08-07T20:37:37.912+0300][1,052s][info][gc] GC(39) Pause Young (Allocation Failure) 73M->3M(247M) 5,485ms
[2024-08-07T20:37:37.932+0300][1,071s][info][gc] GC(40) Pause Young (Allocation Failure) 71M->5M(247M) 5,488ms
[2024-08-07T20:37:37.948+0300][1,088s][info][gc] GC(41) Pause Young (Allocation Failure) 73M->3M(247M) 2,756ms
[2024-08-07T20:37:37.968+0300][1,107s][info][gc] GC(42) Pause Young (Allocation Failure) 71M->4M(247M) 5,401ms
[2024-08-07T20:37:37.987+0300][1,126s][info][gc] GC(43) Pause Young (Allocation Failure) 73M->3M(247M) 4,322ms
[2024-08-07T20:37:38.008+0300][1,148s][info][gc] GC(44) Pause Young (Allocation Failure) 71M->4M(247M) 6,925ms
[2024-08-07T20:37:38.024+0300][1,163s][info][gc] GC(45) Pause Young (Allocation Failure) 73M->3M(247M) 1,880ms
[2024-08-07T20:37:38.048+0300][1,187s][info][gc] GC(46) Pause Young (Allocation Failure) 71M->4M(247M) 9,223ms
[2024-08-07T20:37:38.066+0300][1,205s][info][gc] GC(47) Pause Young (Allocation Failure) 72M->2M(247M) 3,667ms
[2024-08-07T20:37:38.090+0300][1,229s][info][gc] GC(48) Pause Young (Allocation Failure) 71M->4M(247M) 8,661ms
[2024-08-07T20:37:38.105+0300][1,245s][info][gc] GC(49) Pause Young (Allocation Failure) 72M->2M(247M) 1,647ms
[2024-08-07T20:37:38.128+0300][1,267s][info][gc] GC(50) Pause Young (Allocation Failure) 71M->4M(247M) 8,455ms
[2024-08-07T20:37:38.145+0300][1,285s][info][gc] GC(51) Pause Young (Allocation Failure) 72M->2M(247M) 2,328ms
[2024-08-07T20:37:38.168+0300][1,307s][info][gc] GC(52) Pause Young (Allocation Failure) 70M->4M(247M) 7,696ms
[2024-08-07T20:37:38.184+0300][1,324s][info][gc] GC(53) Pause Young (Allocation Failure) 72M->2M(247M) 1,921ms
[2024-08-07T20:37:38.206+0300][1,346s][info][gc] GC(54) Pause Young (Allocation Failure) 70M->3M(247M) 7,074ms
[2024-08-07T20:37:38.223+0300][1,362s][info][gc] GC(55) Pause Young (Allocation Failure) 72M->2M(247M) 1,320ms
[2024-08-07T20:37:38.243+0300][1,383s][info][gc] GC(56) Pause Young (Allocation Failure) 70M->3M(247M) 6,656ms
[2024-08-07T20:37:38.269+0300][1,409s][info][gc] GC(57) Pause Young (Allocation Failure) 72M->5M(247M) 11,732ms
[2024-08-07T20:37:38.290+0300][1,429s][info][gc] GC(58) Pause Young (Allocation Failure) 73M->3M(247M) 5,838ms
[2024-08-07T20:37:38.316+0300][1,455s][info][gc] GC(59) Pause Young (Allocation Failure) 71M->5M(247M) 11,655ms
[2024-08-07T20:37:38.336+0300][1,475s][info][gc] GC(60) Pause Young (Allocation Failure) 73M->3M(247M) 5,432ms
[2024-08-07T20:37:38.361+0300][1,501s][info][gc] GC(61) Pause Young (Allocation Failure) 71M->4M(247M) 10,613ms
[2024-08-07T20:37:38.381+0300][1,520s][info][gc] GC(62) Pause Young (Allocation Failure) 73M->3M(247M) 4,910ms
[2024-08-07T20:37:38.406+0300][1,545s][info][gc] GC(63) Pause Young (Allocation Failure) 71M->4M(247M) 10,019ms
[2024-08-07T20:37:38.424+0300][1,563s][info][gc] GC(64) Pause Young (Allocation Failure) 73M->3M(247M) 4,122ms
[2024-08-07T20:37:38.449+0300][1,588s][info][gc] GC(65) Pause Young (Allocation Failure) 71M->4M(247M) 9,907ms
[2024-08-07T20:37:38.467+0300][1,607s][info][gc] GC(66) Pause Young (Allocation Failure) 72M->3M(247M) 3,554ms
[2024-08-07T20:37:38.491+0300][1,630s][info][gc] GC(67) Pause Young (Allocation Failure) 71M->4M(247M) 9,002ms
[2024-08-07T20:37:38.509+0300][1,649s][info][gc] GC(68) Pause Young (Allocation Failure) 72M->2M(247M) 3,395ms
[2024-08-07T20:37:38.533+0300][1,672s][info][gc] GC(69) Pause Young (Allocation Failure) 71M->4M(247M) 8,364ms
[2024-08-07T20:37:38.550+0300][1,689s][info][gc] GC(70) Pause Young (Allocation Failure) 72M->2M(247M) 2,564ms
[2024-08-07T20:37:38.573+0300][1,712s][info][gc] GC(71) Pause Young (Allocation Failure) 71M->4M(247M) 8,174ms
[2024-08-07T20:37:38.589+0300][1,729s][info][gc] GC(72) Pause Young (Allocation Failure) 72M->2M(247M) 2,207ms
[2024-08-07T20:37:38.611+0300][1,751s][info][gc] GC(73) Pause Young (Allocation Failure) 70M->4M(247M) 7,284ms
[2024-08-07T20:37:38.627+0300][1,766s][info][gc] GC(74) Pause Young (Allocation Failure) 72M->2M(247M) 1,275ms
[2024-08-07T20:37:38.647+0300][1,786s][info][gc] GC(75) Pause Young (Allocation Failure) 70M->3M(247M) 6,830ms
[2024-08-07T20:37:38.673+0300][1,813s][info][gc] GC(76) Pause Young (Allocation Failure) 72M->5M(247M) 11,811ms
[2024-08-07T20:37:38.695+0300][1,834s][info][gc] GC(77) Pause Young (Allocation Failure) 73M->3M(247M) 6,557ms
[2024-08-07T20:37:38.715+0300][1,855s][info][gc] GC(78) Pause Young (Allocation Failure) 72M->5M(247M) 5,902ms
[2024-08-07T20:37:38.735+0300][1,874s][info][gc] GC(79) Pause Young (Allocation Failure) 73M->3M(247M) 4,964ms
[2024-08-07T20:37:38.761+0300][1,900s][info][gc] GC(80) Pause Young (Allocation Failure) 71M->5M(247M) 11,399ms
[2024-08-07T20:37:38.781+0300][1,920s][info][gc] GC(81) Pause Young (Allocation Failure) 73M->3M(247M) 5,183ms
[2024-08-07T20:37:38.806+0300][1,945s][info][gc] GC(82) Pause Young (Allocation Failure) 71M->4M(247M) 10,513ms
[2024-08-07T20:37:38.825+0300][1,965s][info][gc] GC(83) Pause Young (Allocation Failure) 73M->3M(247M) 4,645ms
[2024-08-07T20:37:38.849+0300][1,989s][info][gc] GC(84) Pause Young (Allocation Failure) 71M->4M(247M) 9,479ms
[2024-08-07T20:37:38.868+0300][2,007s][info][gc] GC(85) Pause Young (Allocation Failure) 73M->3M(247M) 3,771ms
[2024-08-07T20:37:38.892+0300][2,032s][info][gc] GC(86) Pause Young (Allocation Failure) 71M->4M(247M) 9,605ms
[2024-08-07T20:37:38.910+0300][2,049s][info][gc] GC(87) Pause Young (Allocation Failure) 72M->2M(247M) 3,275ms
[2024-08-07T20:37:38.934+0300][2,073s][info][gc] GC(88) Pause Young (Allocation Failure) 71M->4M(247M) 8,683ms
[2024-08-07T20:37:38.952+0300][2,091s][info][gc] GC(89) Pause Young (Allocation Failure) 72M->2M(247M) 2,808ms
[2024-08-07T20:37:38.976+0300][2,115s][info][gc] GC(90) Pause Young (Allocation Failure) 71M->4M(247M) 8,436ms
[2024-08-07T20:37:38.992+0300][2,131s][info][gc] GC(91) Pause Young (Allocation Failure) 72M->2M(247M) 2,478ms
[2024-08-07T20:37:39.010+0300][2,150s][info][gc] GC(92) Pause Young (Allocation Failure) 70M->4M(247M) 4,374ms
[2024-08-07T20:37:39.026+0300][2,165s][info][gc] GC(93) Pause Young (Allocation Failure) 72M->2M(247M) 0,968ms
[2024-08-07T20:37:39.046+0300][2,186s][info][gc] GC(94) Pause Young (Allocation Failure) 70M->3M(247M) 7,217ms
[2024-08-07T20:37:39.063+0300][2,202s][info][gc] GC(95) Pause Young (Allocation Failure) 72M->2M(247M) 1,350ms
[2024-08-07T20:37:39.083+0300][2,222s][info][gc] GC(96) Pause Young (Allocation Failure) 70M->3M(247M) 6,407ms
[2024-08-07T20:37:39.109+0300][2,248s][info][gc] GC(97) Pause Young (Allocation Failure) 72M->5M(247M) 11,528ms
[2024-08-07T20:37:39.129+0300][2,269s][info][gc] GC(98) Pause Young (Allocation Failure) 73M->3M(247M) 6,244ms
[2024-08-07T20:37:39.155+0300][2,294s][info][gc] GC(99) Pause Young (Allocation Failure) 71M->5M(247M) 11,052ms
[2024-08-07T20:37:39.175+0300][2,314s][info][gc] GC(100) Pause Young (Allocation Failure) 73M->3M(247M) 5,429ms
[2024-08-07T20:37:39.201+0300][2,340s][info][gc] GC(101) Pause Young (Allocation Failure) 71M->4M(247M) 11,127ms
[2024-08-07T20:37:39.220+0300][2,360s][info][gc] GC(102) Pause Young (Allocation Failure) 73M->3M(247M) 4,959ms
[2024-08-07T20:37:39.240+0300][2,380s][info][gc] GC(103) Pause Young (Allocation Failure) 71M->4M(247M) 5,676ms
[2024-08-07T20:37:39.258+0300][2,397s][info][gc] GC(104) Pause Young (Allocation Failure) 73M->3M(247M) 3,337ms
[2024-08-07T20:37:39.282+0300][2,421s][info][gc] GC(105) Pause Young (Allocation Failure) 71M->4M(247M) 9,369ms
[2024-08-07T20:37:39.300+0300][2,439s][info][gc] GC(106) Pause Young (Allocation Failure) 72M->3M(247M) 3,596ms
[2024-08-07T20:37:39.324+0300][2,464s][info][gc] GC(107) Pause Young (Allocation Failure) 71M->4M(247M) 9,296ms
[2024-08-07T20:37:39.342+0300][2,481s][info][gc] GC(108) Pause Young (Allocation Failure) 72M->2M(247M) 2,949ms
[2024-08-07T20:37:39.365+0300][2,505s][info][gc] GC(109) Pause Young (Allocation Failure) 71M->4M(247M) 8,473ms
[2024-08-07T20:37:39.381+0300][2,520s][info][gc] GC(110) Pause Young (Allocation Failure) 72M->2M(247M) 1,350ms
[2024-08-07T20:37:39.403+0300][2,543s][info][gc] GC(111) Pause Young (Allocation Failure) 71M->4M(247M) 7,965ms
[2024-08-07T20:37:39.420+0300][2,560s][info][gc] GC(112) Pause Young (Allocation Failure) 72M->2M(247M) 2,233ms
[2024-08-07T20:37:39.443+0300][2,582s][info][gc] GC(113) Pause Young (Allocation Failure) 70M->4M(247M) 7,686ms
[2024-08-07T20:37:39.459+0300][2,599s][info][gc] GC(114) Pause Young (Allocation Failure) 72M->2M(247M) 1,556ms
[2024-08-07T20:37:39.480+0300][2,620s][info][gc] GC(115) Pause Young (Allocation Failure) 70M->3M(247M) 7,056ms
[2024-08-07T20:37:39.496+0300][2,635s][info][gc] GC(116) Pause Young (Allocation Failure) 72M->2M(247M) 1,109ms
[2024-08-07T20:37:39.515+0300][2,654s][info][gc] GC(117) Pause Young (Allocation Failure) 70M->3M(247M) 6,138ms
[2024-08-07T20:37:39.541+0300][2,680s][info][gc] GC(118) Pause Young (Allocation Failure) 72M->5M(247M) 11,411ms
[2024-08-07T20:37:39.561+0300][2,701s][info][gc] GC(119) Pause Young (Allocation Failure) 73M->3M(247M) 6,043ms
[2024-08-07T20:37:39.587+0300][2,726s][info][gc] GC(120) Pause Young (Allocation Failure) 71M->5M(247M) 10,647ms
[2024-08-07T20:37:39.606+0300][2,746s][info][gc] GC(121) Pause Young (Allocation Failure) 73M->3M(247M) 5,049ms
[2024-08-07T20:37:39.630+0300][2,769s][info][gc] GC(122) Pause Young (Allocation Failure) 71M->4M(247M) 8,967ms
[2024-08-07T20:37:39.647+0300][2,787s][info][gc] GC(123) Pause Young (Allocation Failure) 73M->3M(247M) 2,799ms
[2024-08-07T20:37:39.672+0300][2,811s][info][gc] GC(124) Pause Young (Allocation Failure) 71M->4M(247M) 10,007ms
[2024-08-07T20:37:39.691+0300][2,830s][info][gc] GC(125) Pause Young (Allocation Failure) 73M->3M(247M) 4,287ms
[2024-08-07T20:37:39.715+0300][2,854s][info][gc] GC(126) Pause Young (Allocation Failure) 71M->4M(247M) 9,350ms
[2024-08-07T20:37:39.733+0300][2,872s][info][gc] GC(127) Pause Young (Allocation Failure) 72M->2M(247M) 3,372ms
[2024-08-07T20:37:39.756+0300][2,896s][info][gc] GC(128) Pause Young (Allocation Failure) 71M->4M(247M) 9,067ms
[2024-08-07T20:37:39.773+0300][2,913s][info][gc] GC(129) Pause Young (Allocation Failure) 72M->2M(247M) 2,727ms
[2024-08-07T20:37:39.797+0300][2,936s][info][gc] GC(130) Pause Young (Allocation Failure) 71M->4M(247M) 8,071ms
[2024-08-07T20:37:39.814+0300][2,953s][info][gc] GC(131) Pause Young (Allocation Failure) 72M->2M(247M) 2,320ms
[2024-08-07T20:37:39.836+0300][2,976s][info][gc] GC(132) Pause Young (Allocation Failure) 70M->4M(247M) 7,530ms
[2024-08-07T20:37:39.853+0300][2,992s][info][gc] GC(133) Pause Young (Allocation Failure) 72M->2M(247M) 1,726ms
[2024-08-07T20:37:39.874+0300][3,014s][info][gc] GC(134) Pause Young (Allocation Failure) 70M->3M(247M) 7,323ms
[2024-08-07T20:37:39.890+0300][3,030s][info][gc] GC(135) Pause Young (Allocation Failure) 72M->2M(247M) 1,301ms
[2024-08-07T20:37:39.911+0300][3,050s][info][gc] GC(136) Pause Young (Allocation Failure) 70M->3M(247M) 6,569ms
[2024-08-07T20:37:39.937+0300][3,077s][info][gc] GC(137) Pause Young (Allocation Failure) 72M->5M(247M) 11,352ms
[2024-08-07T20:37:39.954+0300][3,093s][info][gc] GC(138) Pause Young (Allocation Failure) 73M->3M(247M) 3,111ms
[2024-08-07T20:37:39.974+0300][3,114s][info][gc] GC(139) Pause Young (Allocation Failure) 71M->5M(247M) 5,928ms
[2024-08-07T20:37:39.994+0300][3,134s][info][gc] GC(140) Pause Young (Allocation Failure) 73M->3M(247M) 5,812ms
[2024-08-07T20:37:40.019+0300][3,159s][info][gc] GC(141) Pause Young (Allocation Failure) 71M->4M(247M) 10,465ms
[2024-08-07T20:37:40.039+0300][3,178s][info][gc] GC(142) Pause Young (Allocation Failure) 73M->3M(247M) 4,730ms
[2024-08-07T20:37:40.064+0300][3,203s][info][gc] GC(143) Pause Young (Allocation Failure) 71M->4M(247M) 10,386ms
[2024-08-07T20:37:40.083+0300][3,222s][info][gc] GC(144) Pause Young (Allocation Failure) 73M->3M(247M) 4,512ms
[2024-08-07T20:37:40.107+0300][3,246s][info][gc] GC(145) Pause Young (Allocation Failure) 71M->4M(247M) 9,403ms
[2024-08-07T20:37:40.125+0300][3,265s][info][gc] GC(146) Pause Young (Allocation Failure) 72M->3M(247M) 4,029ms
[2024-08-07T20:37:40.149+0300][3,289s][info][gc] GC(147) Pause Young (Allocation Failure) 71M->4M(247M) 9,217ms
[2024-08-07T20:37:40.167+0300][3,306s][info][gc] GC(148) Pause Young (Allocation Failure) 72M->2M(247M) 3,266ms
[2024-08-07T20:37:40.191+0300][3,330s][info][gc] GC(149) Pause Young (Allocation Failure) 71M->4M(247M) 8,936ms
[2024-08-07T20:37:40.208+0300][3,347s][info][gc] GC(150) Pause Young (Allocation Failure) 72M->2M(247M) 2,619ms
[2024-08-07T20:37:40.231+0300][3,370s][info][gc] GC(151) Pause Young (Allocation Failure) 71M->4M(247M) 7,678ms
[2024-08-07T20:37:40.247+0300][3,387s][info][gc] GC(152) Pause Young (Allocation Failure) 72M->2M(247M) 2,024ms
[2024-08-07T20:37:40.269+0300][3,408s][info][gc] GC(153) Pause Young (Allocation Failure) 70M->4M(247M) 7,462ms
[2024-08-07T20:37:40.285+0300][3,424s][info][gc] GC(154) Pause Young (Allocation Failure) 72M->2M(247M) 1,375ms
[2024-08-07T20:37:40.306+0300][3,445s][info][gc] GC(155) Pause Young (Allocation Failure) 70M->3M(247M) 7,030ms
[2024-08-07T20:37:40.322+0300][3,461s][info][gc] GC(156) Pause Young (Allocation Failure) 72M->2M(247M) 1,129ms
[2024-08-07T20:37:40.342+0300][3,481s][info][gc] GC(157) Pause Young (Allocation Failure) 70M->3M(247M) 6,075ms
[2024-08-07T20:37:40.368+0300][3,508s][info][gc] GC(158) Pause Young (Allocation Failure) 72M->5M(247M) 12,013ms
[2024-08-07T20:37:40.389+0300][3,528s][info][gc] GC(159) Pause Young (Allocation Failure) 73M->3M(247M) 5,797ms
[2024-08-07T20:37:40.414+0300][3,554s][info][gc] GC(160) Pause Young (Allocation Failure) 71M->5M(247M) 10,866ms
[2024-08-07T20:37:40.434+0300][3,574s][info][gc] GC(161) Pause Young (Allocation Failure) 73M->3M(247M) 5,475ms
[2024-08-07T20:37:40.459+0300][3,599s][info][gc] GC(162) Pause Young (Allocation Failure) 71M->4M(247M) 10,417ms
[2024-08-07T20:37:40.478+0300][3,618s][info][gc] GC(163) Pause Young (Allocation Failure) 73M->3M(247M) 4,679ms
[2024-08-07T20:37:40.503+0300][3,642s][info][gc] GC(164) Pause Young (Allocation Failure) 71M->4M(247M) 10,321ms
[2024-08-07T20:37:40.521+0300][3,661s][info][gc] GC(165) Pause Young (Allocation Failure) 73M->3M(247M) 3,903ms
[2024-08-07T20:37:40.545+0300][3,685s][info][gc] GC(166) Pause Young (Allocation Failure) 71M->4M(247M) 9,373ms
[2024-08-07T20:37:40.562+0300][3,701s][info][gc] GC(167) Pause Young (Allocation Failure) 72M->2M(247M) 2,043ms
[2024-08-07T20:37:40.581+0300][3,720s][info][gc] GC(168) Pause Young (Allocation Failure) 71M->4M(247M) 4,478ms
[2024-08-07T20:37:40.598+0300][3,738s][info][gc] GC(169) Pause Young (Allocation Failure) 72M->2M(247M) 2,981ms
[2024-08-07T20:37:40.622+0300][3,761s][info][gc] GC(170) Pause Young (Allocation Failure) 71M->4M(247M) 8,610ms
[2024-08-07T20:37:40.639+0300][3,778s][info][gc] GC(171) Pause Young (Allocation Failure) 72M->2M(247M) 2,598ms
[2024-08-07T20:37:40.657+0300][3,796s][info][gc] GC(172) Pause Young (Allocation Failure) 70M->4M(247M) 4,089ms
[2024-08-07T20:37:40.673+0300][3,812s][info][gc] GC(173) Pause Young (Allocation Failure) 72M->2M(247M) 1,464ms
[2024-08-07T20:37:40.694+0300][3,834s][info][gc] GC(174) Pause Young (Allocation Failure) 70M->3M(247M) 7,251ms
[2024-08-07T20:37:40.710+0300][3,849s][info][gc] GC(175) Pause Young (Allocation Failure) 72M->2M(247M) 1,051ms
[2024-08-07T20:37:40.730+0300][3,870s][info][gc] GC(176) Pause Young (Allocation Failure) 70M->3M(247M) 6,747ms
[2024-08-07T20:37:40.757+0300][3,896s][info][gc] GC(177) Pause Young (Allocation Failure) 72M->5M(247M) 11,742ms
[2024-08-07T20:37:40.778+0300][3,917s][info][gc] GC(178) Pause Young (Allocation Failure) 73M->3M(247M) 6,029ms
[2024-08-07T20:37:40.804+0300][3,944s][info][gc] GC(179) Pause Young (Allocation Failure) 71M->5M(247M) 11,740ms
[2024-08-07T20:37:40.824+0300][3,964s][info][gc] GC(180) Pause Young (Allocation Failure) 73M->3M(247M) 5,532ms
[2024-08-07T20:37:40.849+0300][3,989s][info][gc] GC(181) Pause Young (Allocation Failure) 71M->4M(247M) 10,327ms
[2024-08-07T20:37:40.869+0300][4,008s][info][gc] GC(182) Pause Young (Allocation Failure) 73M->3M(247M) 5,184ms
[2024-08-07T20:37:40.894+0300][4,033s][info][gc] GC(183) Pause Young (Allocation Failure) 71M->4M(247M) 10,186ms
[2024-08-07T20:37:40.913+0300][4,053s][info][gc] GC(184) Pause Young (Allocation Failure) 73M->3M(247M) 4,379ms
[2024-08-07T20:37:40.938+0300][4,078s][info][gc] GC(185) Pause Young (Allocation Failure) 71M->4M(247M) 10,048ms
[2024-08-07T20:37:40.957+0300][4,096s][info][gc] GC(186) Pause Young (Allocation Failure) 72M->3M(247M) 3,864ms
[2024-08-07T20:37:40.980+0300][4,119s][info][gc] GC(187) Pause Young (Allocation Failure) 71M->4M(247M) 9,030ms
[2024-08-07T20:37:40.997+0300][4,136s][info][gc] GC(188) Pause Young (Allocation Failure) 72M->2M(247M) 2,746ms
[2024-08-07T20:37:41.021+0300][4,160s][info][gc] GC(189) Pause Young (Allocation Failure) 71M->4M(247M) 8,659ms
[2024-08-07T20:37:41.038+0300][4,178s][info][gc] GC(190) Pause Young (Allocation Failure) 72M->2M(247M) 2,886ms
[2024-08-07T20:37:41.062+0300][4,201s][info][gc] GC(191) Pause Young (Allocation Failure) 71M->4M(247M) 8,354ms
[2024-08-07T20:37:41.078+0300][4,218s][info][gc] GC(192) Pause Young (Allocation Failure) 72M->2M(247M) 2,040ms
[2024-08-07T20:37:41.101+0300][4,240s][info][gc] GC(193) Pause Young (Allocation Failure) 70M->4M(247M) 7,498ms
[2024-08-07T20:37:41.117+0300][4,256s][info][gc] GC(194) Pause Young (Allocation Failure) 72M->2M(247M) 1,482ms
[2024-08-07T20:37:41.138+0300][4,277s][info][gc] GC(195) Pause Young (Allocation Failure) 70M->3M(247M) 6,857ms
[2024-08-07T20:37:41.153+0300][4,292s][info][gc] GC(196) Pause Young (Allocation Failure) 72M->2M(247M) 0,826ms
[2024-08-07T20:37:41.172+0300][4,311s][info][gc] GC(197) Pause Young (Allocation Failure) 70M->3M(247M) 6,507ms
[2024-08-07T20:37:41.198+0300][4,338s][info][gc] GC(198) Pause Young (Allocation Failure) 72M->5M(247M) 11,567ms
[2024-08-07T20:37:41.218+0300][4,358s][info][gc] GC(199) Pause Young (Allocation Failure) 73M->3M(247M) 5,675ms
[2024-08-07T20:37:41.244+0300][4,384s][info][gc] GC(200) Pause Young (Allocation Failure) 71M->5M(247M) 11,472ms
[2024-08-07T20:37:41.264+0300][4,404s][info][gc] GC(201) Pause Young (Allocation Failure) 73M->3M(247M) 5,135ms
[2024-08-07T20:37:41.284+0300][4,423s][info][gc] GC(202) Pause Young (Allocation Failure) 71M->4M(247M) 5,541ms
[2024-08-07T20:37:41.303+0300][4,442s][info][gc] GC(203) Pause Young (Allocation Failure) 73M->3M(247M) 4,341ms
[2024-08-07T20:37:41.327+0300][4,467s][info][gc] GC(204) Pause Young (Allocation Failure) 71M->4M(247M) 9,626ms
[2024-08-07T20:37:41.346+0300][4,485s][info][gc] GC(205) Pause Young (Allocation Failure) 73M->3M(247M) 4,051ms
[2024-08-07T20:37:41.370+0300][4,510s][info][gc] GC(206) Pause Young (Allocation Failure) 71M->4M(247M) 9,771ms
[2024-08-07T20:37:41.388+0300][4,528s][info][gc] GC(207) Pause Young (Allocation Failure) 72M->2M(247M) 3,598ms
[2024-08-07T20:37:41.412+0300][4,551s][info][gc] GC(208) Pause Young (Allocation Failure) 71M->4M(247M) 8,902ms
[2024-08-07T20:37:41.430+0300][4,570s][info][gc] GC(209) Pause Young (Allocation Failure) 72M->2M(247M) 3,203ms
[2024-08-07T20:37:41.453+0300][4,593s][info][gc] GC(210) Pause Young (Allocation Failure) 71M->4M(247M) 8,146ms
[2024-08-07T20:37:41.470+0300][4,610s][info][gc] GC(211) Pause Young (Allocation Failure) 72M->2M(247M) 2,613ms
[2024-08-07T20:37:41.489+0300][4,629s][info][gc] GC(212) Pause Young (Allocation Failure) 71M->4M(247M) 4,292ms
[2024-08-07T20:37:41.505+0300][4,645s][info][gc] GC(213) Pause Young (Allocation Failure) 72M->2M(247M) 1,878ms
[2024-08-07T20:37:41.527+0300][4,666s][info][gc] GC(214) Pause Young (Allocation Failure) 70M->3M(247M) 7,170ms
[2024-08-07T20:37:41.543+0300][4,682s][info][gc] GC(215) Pause Young (Allocation Failure) 72M->2M(247M) 1,455ms
[2024-08-07T20:37:41.563+0300][4,702s][info][gc] GC(216) Pause Young (Allocation Failure) 70M->3M(247M) 6,494ms
[2024-08-07T20:37:41.589+0300][4,729s][info][gc] GC(217) Pause Young (Allocation Failure) 72M->5M(247M) 11,811ms
[2024-08-07T20:37:41.610+0300][4,750s][info][gc] GC(218) Pause Young (Allocation Failure) 73M->3M(247M) 6,218ms
[2024-08-07T20:37:41.636+0300][4,776s][info][gc] GC(219) Pause Young (Allocation Failure) 71M->5M(247M) 11,136ms
[2024-08-07T20:37:41.655+0300][4,794s][info][gc] GC(220) Pause Young (Allocation Failure) 73M->3M(247M) 4,363ms
[2024-08-07T20:37:41.681+0300][4,820s][info][gc] GC(221) Pause Young (Allocation Failure) 71M->4M(247M) 11,160ms
[2024-08-07T20:37:41.700+0300][4,839s][info][gc] GC(222) Pause Young (Allocation Failure) 73M->3M(247M) 4,855ms
[2024-08-07T20:37:41.725+0300][4,865s][info][gc] GC(223) Pause Young (Allocation Failure) 71M->4M(247M) 10,272ms
[2024-08-07T20:37:41.745+0300][4,884s][info][gc] GC(224) Pause Young (Allocation Failure) 73M->3M(247M) 4,700ms
[2024-08-07T20:37:41.769+0300][4,909s][info][gc] GC(225) Pause Young (Allocation Failure) 71M->4M(247M) 9,472ms
[2024-08-07T20:37:41.788+0300][4,927s][info][gc] GC(226) Pause Young (Allocation Failure) 72M->3M(247M) 3,824ms
[2024-08-07T20:37:41.811+0300][4,951s][info][gc] GC(227) Pause Young (Allocation Failure) 71M->4M(247M) 9,496ms
[2024-08-07T20:37:41.830+0300][4,969s][info][gc] GC(228) Pause Young (Allocation Failure) 72M->2M(247M) 3,548ms
[2024-08-07T20:37:41.853+0300][4,992s][info][gc] GC(229) Pause Young (Allocation Failure) 71M->4M(247M) 8,537ms
[2024-08-07T20:37:41.869+0300][5,009s][info][gc] GC(230) Pause Young (Allocation Failure) 72M->2M(247M) 1,706ms
[2024-08-07T20:37:41.891+0300][5,031s][info][gc] GC(231) Pause Young (Allocation Failure) 71M->4M(247M) 7,868ms
[2024-08-07T20:37:41.908+0300][5,048s][info][gc] GC(232) Pause Young (Allocation Failure) 72M->2M(247M) 2,342ms
[2024-08-07T20:37:41.931+0300][5,070s][info][gc] GC(233) Pause Young (Allocation Failure) 70M->4M(247M) 7,793ms
[2024-08-07T20:37:41.947+0300][5,087s][info][gc] GC(234) Pause Young (Allocation Failure) 72M->2M(247M) 1,565ms
[2024-08-07T20:37:41.968+0300][5,108s][info][gc] GC(235) Pause Young (Allocation Failure) 70M->3M(247M) 6,964ms
[2024-08-07T20:37:41.984+0300][5,124s][info][gc] GC(236) Pause Young (Allocation Failure) 72M->2M(247M) 1,208ms
[2024-08-07T20:37:42.001+0300][5,141s][info][gc] GC(237) Pause Young (Allocation Failure) 70M->3M(247M) 3,197ms
[2024-08-07T20:37:42.028+0300][5,167s][info][gc] GC(238) Pause Young (Allocation Failure) 72M->5M(247M) 11,425ms
[2024-08-07T20:37:42.048+0300][5,187s][info][gc] GC(239) Pause Young (Allocation Failure) 73M->3M(247M) 5,972ms
[2024-08-07T20:37:42.074+0300][5,214s][info][gc] GC(240) Pause Young (Allocation Failure) 71M->5M(247M) 10,968ms
[2024-08-07T20:37:42.094+0300][5,234s][info][gc] GC(241) Pause Young (Allocation Failure) 73M->3M(247M) 5,240ms
[2024-08-07T20:37:42.120+0300][5,260s][info][gc] GC(242) Pause Young (Allocation Failure) 71M->4M(247M) 10,910ms
[2024-08-07T20:37:42.140+0300][5,279s][info][gc] GC(243) Pause Young (Allocation Failure) 73M->3M(247M) 4,584ms
[2024-08-07T20:37:42.159+0300][5,299s][info][gc] GC(244) Pause Young (Allocation Failure) 71M->4M(247M) 5,295ms
[2024-08-07T20:37:42.175+0300][5,315s][info][gc] GC(245) Pause Young (Allocation Failure) 73M->3M(247M) 2,032ms
[2024-08-07T20:37:42.195+0300][5,335s][info][gc] GC(246) Pause Young (Allocation Failure) 71M->4M(247M) 4,962ms
[2024-08-07T20:37:42.212+0300][5,351s][info][gc] GC(247) Pause Young (Allocation Failure) 72M->3M(247M) 2,134ms
[2024-08-07T20:37:42.232+0300][5,371s][info][gc] GC(248) Pause Young (Allocation Failure) 71M->4M(247M) 5,166ms
[2024-08-07T20:37:42.248+0300][5,388s][info][gc] GC(249) Pause Young (Allocation Failure) 72M->2M(247M) 1,669ms
[2024-08-07T20:37:42.267+0300][5,406s][info][gc] GC(250) Pause Young (Allocation Failure) 71M->4M(247M) 4,389ms
[2024-08-07T20:37:42.284+0300][5,424s][info][gc] GC(251) Pause Young (Allocation Failure) 72M->2M(247M) 2,681ms
[2024-08-07T20:37:42.306+0300][5,445s][info][gc] GC(252) Pause Young (Allocation Failure) 71M->4M(247M) 7,563ms
[2024-08-07T20:37:42.322+0300][5,462s][info][gc] GC(253) Pause Young (Allocation Failure) 72M->2M(247M) 1,881ms
[2024-08-07T20:37:42.341+0300][5,480s][info][gc] GC(254) Pause Young (Allocation Failure) 70M->3M(247M) 4,657ms
[2024-08-07T20:37:42.357+0300][5,496s][info][gc] GC(255) Pause Young (Allocation Failure) 72M->2M(247M) 1,033ms
[2024-08-07T20:37:42.373+0300][5,513s][info][gc] GC(256) Pause Young (Allocation Failure) 70M->3M(247M) 3,492ms
[2024-08-07T20:37:42.396+0300][5,535s][info][gc] GC(257) Pause Young (Allocation Failure) 72M->5M(247M) 7,891ms
[2024-08-07T20:37:42.416+0300][5,556s][info][gc] GC(258) Pause Young (Allocation Failure) 73M->3M(247M) 6,183ms
[2024-08-07T20:37:42.442+0300][5,581s][info][gc] GC(259) Pause Young (Allocation Failure) 72M->5M(247M) 10,797ms
[2024-08-07T20:37:42.462+0300][5,602s][info][gc] GC(260) Pause Young (Allocation Failure) 73M->3M(247M) 5,847ms
[2024-08-07T20:37:42.488+0300][5,627s][info][gc] GC(261) Pause Young (Allocation Failure) 71M->4M(247M) 10,743ms
[2024-08-07T20:37:42.506+0300][5,646s][info][gc] GC(262) Pause Young (Allocation Failure) 73M->3M(247M) 4,816ms
[2024-08-07T20:37:42.532+0300][5,671s][info][gc] GC(263) Pause Young (Allocation Failure) 71M->4M(247M) 10,426ms
[2024-08-07T20:37:42.550+0300][5,690s][info][gc] GC(264) Pause Young (Allocation Failure) 73M->3M(247M) 4,153ms
[2024-08-07T20:37:42.575+0300][5,714s][info][gc] GC(265) Pause Young (Allocation Failure) 71M->4M(247M) 9,513ms
[2024-08-07T20:37:42.593+0300][5,732s][info][gc] GC(266) Pause Young (Allocation Failure) 72M->3M(247M) 3,926ms
[2024-08-07T20:37:42.617+0300][5,756s][info][gc] GC(267) Pause Young (Allocation Failure) 71M->4M(247M) 9,108ms
[2024-08-07T20:37:42.635+0300][5,774s][info][gc] GC(268) Pause Young (Allocation Failure) 72M->2M(247M) 3,153ms
[2024-08-07T20:37:42.657+0300][5,796s][info][gc] GC(269) Pause Young (Allocation Failure) 71M->4M(247M) 7,090ms
[2024-08-07T20:37:42.674+0300][5,814s][info][gc] GC(270) Pause Young (Allocation Failure) 72M->2M(247M) 2,951ms
[2024-08-07T20:37:42.698+0300][5,837s][info][gc] GC(271) Pause Young (Allocation Failure) 71M->4M(247M) 7,920ms
[2024-08-07T20:37:42.715+0300][5,854s][info][gc] GC(272) Pause Young (Allocation Failure) 72M->2M(247M) 2,362ms
[2024-08-07T20:37:42.737+0300][5,876s][info][gc] GC(273) Pause Young (Allocation Failure) 70M->4M(247M) 7,439ms
[2024-08-07T20:37:42.752+0300][5,892s][info][gc] GC(274) Pause Young (Allocation Failure) 72M->2M(247M) 1,620ms
[2024-08-07T20:37:42.774+0300][5,913s][info][gc] GC(275) Pause Young (Allocation Failure) 70M->3M(247M) 7,280ms
[2024-08-07T20:37:42.790+0300][5,929s][info][gc] GC(276) Pause Young (Allocation Failure) 72M->2M(247M) 1,212ms
[2024-08-07T20:37:42.810+0300][5,949s][info][gc] GC(277) Pause Young (Allocation Failure) 70M->3M(247M) 6,279ms
[2024-08-07T20:37:42.837+0300][5,976s][info][gc] GC(278) Pause Young (Allocation Failure) 72M->5M(247M) 12,108ms
[2024-08-07T20:37:42.858+0300][5,997s][info][gc] GC(279) Pause Young (Allocation Failure) 73M->3M(247M) 5,951ms
[2024-08-07T20:37:42.883+0300][6,023s][info][gc] GC(280) Pause Young (Allocation Failure) 71M->5M(247M) 10,867ms
[2024-08-07T20:37:42.903+0300][6,042s][info][gc] GC(281) Pause Young (Allocation Failure) 73M->3M(247M) 5,592ms
[2024-08-07T20:37:42.929+0300][6,068s][info][gc] GC(282) Pause Young (Allocation Failure) 71M->4M(247M) 10,538ms
[2024-08-07T20:37:42.948+0300][6,087s][info][gc] GC(283) Pause Young (Allocation Failure) 73M->3M(247M) 4,827ms
[2024-08-07T20:37:42.974+0300][6,113s][info][gc] GC(284) Pause Young (Allocation Failure) 71M->4M(247M) 10,337ms
[2024-08-07T20:37:42.992+0300][6,132s][info][gc] GC(285) Pause Young (Allocation Failure) 73M->3M(247M) 3,934ms
[2024-08-07T20:37:43.011+0300][6,150s][info][gc] GC(286) Pause Young (Allocation Failure) 71M->4M(247M) 4,844ms
[2024-08-07T20:37:43.027+0300][6,167s][info][gc] GC(287) Pause Young (Allocation Failure) 72M->3M(247M) 1,858ms
[2024-08-07T20:37:43.049+0300][6,188s][info][gc] GC(288) Pause Young (Allocation Failure) 71M->4M(247M) 7,176ms
[2024-08-07T20:37:43.066+0300][6,205s][info][gc] GC(289) Pause Young (Allocation Failure) 72M->2M(247M) 2,808ms
[2024-08-07T20:37:43.090+0300][6,229s][info][gc] GC(290) Pause Young (Allocation Failure) 71M->4M(247M) 8,762ms
[2024-08-07T20:37:43.107+0300][6,246s][info][gc] GC(291) Pause Young (Allocation Failure) 72M->2M(247M) 2,489ms
[2024-08-07T20:37:43.129+0300][6,269s][info][gc] GC(292) Pause Young (Allocation Failure) 71M->4M(247M) 7,806ms
[2024-08-07T20:37:43.146+0300][6,285s][info][gc] GC(293) Pause Young (Allocation Failure) 72M->2M(247M) 2,115ms
[2024-08-07T20:37:43.167+0300][6,306s][info][gc] GC(294) Pause Young (Allocation Failure) 70M->4M(247M) 7,243ms
[2024-08-07T20:37:43.183+0300][6,323s][info][gc] GC(295) Pause Young (Allocation Failure) 72M->2M(247M) 1,507ms
[2024-08-07T20:37:43.204+0300][6,344s][info][gc] GC(296) Pause Young (Allocation Failure) 70M->3M(247M) 6,975ms
[2024-08-07T20:37:43.230+0300][6,370s][info][gc] GC(297) Pause Young (Allocation Failure) 72M->5M(247M) 11,992ms
[2024-08-07T20:37:43.251+0300][6,390s][info][gc] GC(298) Pause Young (Allocation Failure) 73M->3M(247M) 6,194ms
[2024-08-07T20:37:43.278+0300][6,417s][info][gc] GC(299) Pause Young (Allocation Failure) 72M->5M(247M) 11,831ms
[2024-08-07T20:37:43.298+0300][6,437s][info][gc] GC(300) Pause Young (Allocation Failure) 73M->3M(247M) 5,557ms
[2024-08-07T20:37:43.318+0300][6,458s][info][gc] GC(301) Pause Young (Allocation Failure) 71M->4M(247M) 5,583ms
[2024-08-07T20:37:43.336+0300][6,475s][info][gc] GC(302) Pause Young (Allocation Failure) 73M->3M(247M) 2,725ms
[2024-08-07T20:37:43.360+0300][6,500s][info][gc] GC(303) Pause Young (Allocation Failure) 71M->4M(247M) 10,013ms
[2024-08-07T20:37:43.379+0300][6,519s][info][gc] GC(304) Pause Young (Allocation Failure) 73M->3M(247M) 4,401ms
[2024-08-07T20:37:43.404+0300][6,544s][info][gc] GC(305) Pause Young (Allocation Failure) 71M->4M(247M) 10,175ms
[2024-08-07T20:37:43.422+0300][6,562s][info][gc] GC(306) Pause Young (Allocation Failure) 73M->3M(247M) 3,871ms
[2024-08-07T20:37:43.446+0300][6,586s][info][gc] GC(307) Pause Young (Allocation Failure) 71M->4M(247M) 9,033ms
[2024-08-07T20:37:43.464+0300][6,604s][info][gc] GC(308) Pause Young (Allocation Failure) 72M->2M(247M) 3,367ms
[2024-08-07T20:37:43.488+0300][6,627s][info][gc] GC(309) Pause Young (Allocation Failure) 71M->4M(247M) 8,519ms
[2024-08-07T20:37:43.504+0300][6,644s][info][gc] GC(310) Pause Young (Allocation Failure) 72M->2M(247M) 2,763ms
[2024-08-07T20:37:43.528+0300][6,667s][info][gc] GC(311) Pause Young (Allocation Failure) 71M->4M(247M) 8,321ms
[2024-08-07T20:37:43.545+0300][6,684s][info][gc] GC(312) Pause Young (Allocation Failure) 72M->2M(247M) 2,073ms
[2024-08-07T20:37:43.567+0300][6,706s][info][gc] GC(313) Pause Young (Allocation Failure) 70M->4M(247M) 7,452ms
[2024-08-07T20:37:43.584+0300][6,723s][info][gc] GC(314) Pause Young (Allocation Failure) 72M->2M(247M) 1,816ms
[2024-08-07T20:37:43.605+0300][6,745s][info][gc] GC(315) Pause Young (Allocation Failure) 70M->3M(247M) 6,895ms
[2024-08-07T20:37:43.620+0300][6,760s][info][gc] GC(316) Pause Young (Allocation Failure) 72M->2M(247M) 1,263ms
[2024-08-07T20:37:43.640+0300][6,780s][info][gc] GC(317) Pause Young (Allocation Failure) 70M->3M(247M) 6,718ms
[2024-08-07T20:37:43.661+0300][6,801s][info][gc] GC(318) Pause Young (Allocation Failure) 72M->5M(247M) 7,136ms
[2024-08-07T20:37:43.681+0300][6,820s][info][gc] GC(319) Pause Young (Allocation Failure) 73M->3M(247M) 5,955ms
[2024-08-07T20:37:43.702+0300][6,841s][info][gc] GC(320) Pause Young (Allocation Failure) 71M->5M(247M) 6,044ms
[2024-08-07T20:37:43.719+0300][6,859s][info][gc] GC(321) Pause Young (Allocation Failure) 73M->3M(247M) 2,817ms
[2024-08-07T20:37:43.739+0300][6,878s][info][gc] GC(322) Pause Young (Allocation Failure) 71M->4M(247M) 5,633ms
[2024-08-07T20:37:43.756+0300][6,895s][info][gc] GC(323) Pause Young (Allocation Failure) 73M->3M(247M) 2,897ms
[2024-08-07T20:37:43.776+0300][6,915s][info][gc] GC(324) Pause Young (Allocation Failure) 71M->4M(247M) 5,189ms
[2024-08-07T20:37:43.794+0300][6,933s][info][gc] GC(325) Pause Young (Allocation Failure) 73M->3M(247M) 3,099ms
[2024-08-07T20:37:43.819+0300][6,958s][info][gc] GC(326) Pause Young (Allocation Failure) 71M->4M(247M) 9,901ms
[2024-08-07T20:37:43.837+0300][6,977s][info][gc] GC(327) Pause Young (Allocation Failure) 72M->3M(247M) 3,625ms
[2024-08-07T20:37:43.860+0300][7,000s][info][gc] GC(328) Pause Young (Allocation Failure) 71M->4M(247M) 8,734ms
[2024-08-07T20:37:43.878+0300][7,018s][info][gc] GC(329) Pause Young (Allocation Failure) 72M->2M(247M) 3,076ms
[2024-08-07T20:37:43.901+0300][7,041s][info][gc] GC(330) Pause Young (Allocation Failure) 71M->4M(247M) 8,306ms
[2024-08-07T20:37:43.919+0300][7,058s][info][gc] GC(331) Pause Young (Allocation Failure) 72M->2M(247M) 2,424ms
[2024-08-07T20:37:43.941+0300][7,081s][info][gc] GC(332) Pause Young (Allocation Failure) 71M->4M(247M) 8,083ms
[2024-08-07T20:37:43.958+0300][7,097s][info][gc] GC(333) Pause Young (Allocation Failure) 72M->2M(247M) 1,887ms
[2024-08-07T20:37:43.979+0300][7,119s][info][gc] GC(334) Pause Young (Allocation Failure) 70M->4M(247M) 7,032ms
[2024-08-07T20:37:43.996+0300][7,135s][info][gc] GC(335) Pause Young (Allocation Failure) 72M->2M(247M) 1,498ms
[2024-08-07T20:37:44.013+0300][7,152s][info][gc] GC(336) Pause Young (Allocation Failure) 70M->3M(247M) 3,388ms
[2024-08-07T20:37:44.034+0300][7,173s][info][gc] GC(337) Pause Young (Allocation Failure) 72M->5M(247M) 6,541ms
[2024-08-07T20:37:44.055+0300][7,194s][info][gc] GC(338) Pause Young (Allocation Failure) 73M->3M(247M) 6,470ms
[2024-08-07T20:37:44.080+0300][7,220s][info][gc] GC(339) Pause Young (Allocation Failure) 72M->5M(247M) 11,300ms
[2024-08-07T20:37:44.100+0300][7,240s][info][gc] GC(340) Pause Young (Allocation Failure) 73M->3M(247M) 5,858ms
[2024-08-07T20:37:44.127+0300][7,266s][info][gc] GC(341) Pause Young (Allocation Failure) 71M->5M(247M) 11,274ms
[2024-08-07T20:37:44.146+0300][7,286s][info][gc] GC(342) Pause Young (Allocation Failure) 73M->3M(247M) 5,110ms
[2024-08-07T20:37:44.166+0300][7,305s][info][gc] GC(343) Pause Young (Allocation Failure) 71M->4M(247M) 5,477ms
[2024-08-07T20:37:44.183+0300][7,322s][info][gc] GC(344) Pause Young (Allocation Failure) 73M->3M(247M) 2,517ms
[2024-08-07T20:37:44.203+0300][7,342s][info][gc] GC(345) Pause Young (Allocation Failure) 71M->4M(247M) 5,242ms
[2024-08-07T20:37:44.220+0300][7,359s][info][gc] GC(346) Pause Young (Allocation Failure) 73M->3M(247M) 1,959ms
[2024-08-07T20:37:44.240+0300][7,379s][info][gc] GC(347) Pause Young (Allocation Failure) 71M->4M(247M) 5,018ms
[2024-08-07T20:37:44.256+0300][7,396s][info][gc] GC(348) Pause Young (Allocation Failure) 72M->2M(247M) 1,801ms
[2024-08-07T20:37:44.275+0300][7,415s][info][gc] GC(349) Pause Young (Allocation Failure) 71M->4M(247M) 4,433ms
[2024-08-07T20:37:44.293+0300][7,432s][info][gc] GC(350) Pause Young (Allocation Failure) 72M->2M(247M) 3,046ms
[2024-08-07T20:37:44.315+0300][7,455s][info][gc] GC(351) Pause Young (Allocation Failure) 71M->4M(247M) 8,042ms
[2024-08-07T20:37:44.332+0300][7,472s][info][gc] GC(352) Pause Young (Allocation Failure) 72M->2M(247M) 2,182ms
[2024-08-07T20:37:44.355+0300][7,494s][info][gc] GC(353) Pause Young (Allocation Failure) 70M->4M(247M) 7,790ms
[2024-08-07T20:37:44.372+0300][7,511s][info][gc] GC(354) Pause Young (Allocation Failure) 72M->2M(247M) 1,546ms
[2024-08-07T20:37:44.393+0300][7,532s][info][gc] GC(355) Pause Young (Allocation Failure) 70M->3M(247M) 6,968ms
[2024-08-07T20:37:44.408+0300][7,548s][info][gc] GC(356) Pause Young (Allocation Failure) 72M->2M(247M) 1,030ms
[2024-08-07T20:37:44.429+0300][7,568s][info][gc] GC(357) Pause Young (Allocation Failure) 70M->3M(247M) 6,388ms
[2024-08-07T20:37:44.455+0300][7,594s][info][gc] GC(358) Pause Young (Allocation Failure) 72M->5M(247M) 11,553ms
[2024-08-07T20:37:44.475+0300][7,614s][info][gc] GC(359) Pause Young (Allocation Failure) 73M->3M(247M) 6,201ms
[2024-08-07T20:37:44.501+0300][7,640s][info][gc] GC(360) Pause Young (Allocation Failure) 71M->5M(247M) 11,405ms
[2024-08-07T20:37:44.521+0300][7,660s][info][gc] GC(361) Pause Young (Allocation Failure) 73M->3M(247M) 5,451ms
[2024-08-07T20:37:44.541+0300][7,680s][info][gc] GC(362) Pause Young (Allocation Failure) 71M->4M(247M) 6,121ms
[2024-08-07T20:37:44.559+0300][7,699s][info][gc] GC(363) Pause Young (Allocation Failure) 73M->3M(247M) 4,210ms
[2024-08-07T20:37:44.585+0300][7,724s][info][gc] GC(364) Pause Young (Allocation Failure) 71M->4M(247M) 10,020ms
[2024-08-07T20:37:44.604+0300][7,743s][info][gc] GC(365) Pause Young (Allocation Failure) 73M->3M(247M) 4,496ms
[2024-08-07T20:37:44.628+0300][7,767s][info][gc] GC(366) Pause Young (Allocation Failure) 71M->4M(247M) 9,451ms
[2024-08-07T20:37:44.646+0300][7,785s][info][gc] GC(367) Pause Young (Allocation Failure) 72M->3M(247M) 3,689ms
[2024-08-07T20:37:44.665+0300][7,805s][info][gc] GC(368) Pause Young (Allocation Failure) 71M->4M(247M) 4,996ms
[2024-08-07T20:37:44.681+0300][7,821s][info][gc] GC(369) Pause Young (Allocation Failure) 72M->2M(247M) 1,571ms
[2024-08-07T20:37:44.700+0300][7,839s][info][gc] GC(370) Pause Young (Allocation Failure) 71M->4M(247M) 4,500ms
[2024-08-07T20:37:44.716+0300][7,856s][info][gc] GC(371) Pause Young (Allocation Failure) 72M->2M(247M) 1,421ms
[2024-08-07T20:37:44.735+0300][7,874s][info][gc] GC(372) Pause Young (Allocation Failure) 71M->4M(247M) 4,201ms
[2024-08-07T20:37:44.750+0300][7,890s][info][gc] GC(373) Pause Young (Allocation Failure) 72M->2M(247M) 1,610ms
[2024-08-07T20:37:44.769+0300][7,908s][info][gc] GC(374) Pause Young (Allocation Failure) 70M->4M(247M) 4,021ms
[2024-08-07T20:37:44.784+0300][7,924s][info][gc] GC(375) Pause Young (Allocation Failure) 72M->2M(247M) 1,198ms
[2024-08-07T20:37:44.802+0300][7,941s][info][gc] GC(376) Pause Young (Allocation Failure) 70M->3M(247M) 3,820ms
[2024-08-07T20:37:44.824+0300][7,963s][info][gc] GC(377) Pause Young (Allocation Failure) 72M->5M(247M) 6,965ms
[2024-08-07T20:37:44.842+0300][7,981s][info][gc] GC(378) Pause Young (Allocation Failure) 73M->3M(247M) 3,197ms
[2024-08-07T20:37:44.863+0300][8,002s][info][gc] GC(379) Pause Young (Allocation Failure) 72M->5M(247M) 5,940ms
[2024-08-07T20:37:44.881+0300][8,020s][info][gc] GC(380) Pause Young (Allocation Failure) 73M->3M(247M) 3,419ms
[2024-08-07T20:37:44.901+0300][8,040s][info][gc] GC(381) Pause Young (Allocation Failure) 71M->5M(247M) 5,679ms
[2024-08-07T20:37:44.918+0300][8,057s][info][gc] GC(382) Pause Young (Allocation Failure) 73M->3M(247M) 2,692ms
[2024-08-07T20:37:44.939+0300][8,078s][info][gc] GC(383) Pause Young (Allocation Failure) 71M->4M(247M) 5,989ms
[2024-08-07T20:37:44.955+0300][8,094s][info][gc] GC(384) Pause Young (Allocation Failure) 73M->3M(247M) 2,691ms
[2024-08-07T20:37:44.975+0300][8,114s][info][gc] GC(385) Pause Young (Allocation Failure) 71M->4M(247M) 5,086ms
[2024-08-07T20:37:44.991+0300][8,131s][info][gc] GC(386) Pause Young (Allocation Failure) 73M->3M(247M) 2,144ms
[2024-08-07T20:37:45.011+0300][8,150s][info][gc] GC(387) Pause Young (Allocation Failure) 71M->4M(247M) 5,185ms
[2024-08-07T20:37:45.027+0300][8,167s][info][gc] GC(388) Pause Young (Allocation Failure) 72M->2M(247M) 1,780ms
[2024-08-07T20:37:45.046+0300][8,186s][info][gc] GC(389) Pause Young (Allocation Failure) 71M->4M(247M) 4,741ms
[2024-08-07T20:37:45.062+0300][8,201s][info][gc] GC(390) Pause Young (Allocation Failure) 72M->2M(247M) 1,522ms
[2024-08-07T20:37:45.081+0300][8,220s][info][gc] GC(391) Pause Young (Allocation Failure) 71M->4M(247M) 4,282ms
[2024-08-07T20:37:45.098+0300][8,237s][info][gc] GC(392) Pause Young (Allocation Failure) 72M->2M(247M) 2,499ms
[2024-08-07T20:37:45.120+0300][8,260s][info][gc] GC(393) Pause Young (Allocation Failure) 70M->4M(247M) 7,550ms
[2024-08-07T20:37:45.137+0300][8,276s][info][gc] GC(394) Pause Young (Allocation Failure) 72M->2M(247M) 1,719ms
[2024-08-07T20:37:45.156+0300][8,296s][info][gc] GC(395) Pause Young (Allocation Failure) 70M->3M(247M) 5,716ms
[2024-08-07T20:37:45.172+0300][8,311s][info][gc] GC(396) Pause Young (Allocation Failure) 72M->2M(247M) 1,093ms
[2024-08-07T20:37:45.189+0300][8,328s][info][gc] GC(397) Pause Young (Allocation Failure) 70M->3M(247M) 3,298ms
[2024-08-07T20:37:45.210+0300][8,349s][info][gc] GC(398) Pause Young (Allocation Failure) 72M->5M(247M) 6,380ms
[2024-08-07T20:37:45.228+0300][8,367s][info][gc] GC(399) Pause Young (Allocation Failure) 73M->3M(247M) 3,055ms
[2024-08-07T20:37:45.248+0300][8,388s][info][gc] GC(400) Pause Young (Allocation Failure) 71M->5M(247M) 5,493ms
[2024-08-07T20:37:45.268+0300][8,407s][info][gc] GC(401) Pause Young (Allocation Failure) 73M->3M(247M) 4,757ms
[2024-08-07T20:37:45.293+0300][8,432s][info][gc] GC(402) Pause Young (Allocation Failure) 71M->4M(247M) 10,656ms
[2024-08-07T20:37:45.312+0300][8,452s][info][gc] GC(403) Pause Young (Allocation Failure) 73M->3M(247M) 4,939ms
[2024-08-07T20:37:45.337+0300][8,476s][info][gc] GC(404) Pause Young (Allocation Failure) 71M->4M(247M) 10,290ms
[2024-08-07T20:37:45.355+0300][8,494s][info][gc] GC(405) Pause Young (Allocation Failure) 73M->3M(247M) 4,218ms
[2024-08-07T20:37:45.377+0300][8,516s][info][gc] GC(406) Pause Young (Allocation Failure) 71M->4M(247M) 8,413ms
[2024-08-07T20:37:45.395+0300][8,534s][info][gc] GC(407) Pause Young (Allocation Failure) 72M->3M(247M) 3,949ms
[2024-08-07T20:37:45.418+0300][8,558s][info][gc] GC(408) Pause Young (Allocation Failure) 71M->4M(247M) 8,678ms
[2024-08-07T20:37:45.436+0300][8,576s][info][gc] GC(409) Pause Young (Allocation Failure) 72M->2M(247M) 3,143ms
[2024-08-07T20:37:45.460+0300][8,599s][info][gc] GC(410) Pause Young (Allocation Failure) 71M->4M(247M) 8,866ms
[2024-08-07T20:37:45.477+0300][8,616s][info][gc] GC(411) Pause Young (Allocation Failure) 72M->2M(247M) 2,803ms
[2024-08-07T20:37:45.500+0300][8,639s][info][gc] GC(412) Pause Young (Allocation Failure) 71M->4M(247M) 7,739ms
[2024-08-07T20:37:45.516+0300][8,656s][info][gc] GC(413) Pause Young (Allocation Failure) 72M->2M(247M) 2,217ms
[2024-08-07T20:37:45.538+0300][8,678s][info][gc] GC(414) Pause Young (Allocation Failure) 70M->4M(247M) 7,227ms
[2024-08-07T20:37:45.554+0300][8,694s][info][gc] GC(415) Pause Young (Allocation Failure) 72M->2M(247M) 1,476ms
[2024-08-07T20:37:45.575+0300][8,714s][info][gc] GC(416) Pause Young (Allocation Failure) 70M->3M(247M) 6,729ms
[2024-08-07T20:37:45.601+0300][8,740s][info][gc] GC(417) Pause Young (Allocation Failure) 72M->5M(247M) 11,993ms
[2024-08-07T20:37:45.622+0300][8,761s][info][gc] GC(418) Pause Young (Allocation Failure) 73M->3M(247M) 6,299ms
[2024-08-07T20:37:45.648+0300][8,788s][info][gc] GC(419) Pause Young (Allocation Failure) 72M->5M(247M) 11,939ms
[2024-08-07T20:37:45.665+0300][8,805s][info][gc] GC(420) Pause Young (Allocation Failure) 73M->3M(247M) 3,071ms
[2024-08-07T20:37:45.685+0300][8,824s][info][gc] GC(421) Pause Young (Allocation Failure) 71M->5M(247M) 5,904ms
[2024-08-07T20:37:45.701+0300][8,841s][info][gc] GC(422) Pause Young (Allocation Failure) 73M->3M(247M) 2,854ms
[2024-08-07T20:37:45.721+0300][8,861s][info][gc] GC(423) Pause Young (Allocation Failure) 71M->4M(247M) 5,564ms
[2024-08-07T20:37:45.738+0300][8,877s][info][gc] GC(424) Pause Young (Allocation Failure) 73M->3M(247M) 2,749ms
[2024-08-07T20:37:45.762+0300][8,901s][info][gc] GC(425) Pause Young (Allocation Failure) 71M->4M(247M) 10,112ms
[2024-08-07T20:37:45.779+0300][8,918s][info][gc] GC(426) Pause Young (Allocation Failure) 73M->3M(247M) 3,789ms
[2024-08-07T20:37:45.803+0300][8,943s][info][gc] GC(427) Pause Young (Allocation Failure) 71M->4M(247M) 9,278ms
[2024-08-07T20:37:45.821+0300][8,960s][info][gc] GC(428) Pause Young (Allocation Failure) 72M->2M(247M) 3,683ms
[2024-08-07T20:37:45.844+0300][8,983s][info][gc] GC(429) Pause Young (Allocation Failure) 71M->4M(247M) 8,792ms
[2024-08-07T20:37:45.862+0300][9,001s][info][gc] GC(430) Pause Young (Allocation Failure) 72M->2M(247M) 3,091ms
[2024-08-07T20:37:45.885+0300][9,024s][info][gc] GC(431) Pause Young (Allocation Failure) 71M->4M(247M) 8,535ms
[2024-08-07T20:37:45.901+0300][9,041s][info][gc] GC(432) Pause Young (Allocation Failure) 72M->2M(247M) 2,277ms
[2024-08-07T20:37:45.924+0300][9,063s][info][gc] GC(433) Pause Young (Allocation Failure) 70M->4M(247M) 7,521ms
[2024-08-07T20:37:45.940+0300][9,080s][info][gc] GC(434) Pause Young (Allocation Failure) 72M->2M(247M) 1,864ms
[2024-08-07T20:37:45.961+0300][9,101s][info][gc] GC(435) Pause Young (Allocation Failure) 70M->3M(247M) 6,836ms
[2024-08-07T20:37:45.977+0300][9,117s][info][gc] GC(436) Pause Young (Allocation Failure) 72M->2M(247M) 1,342ms
[2024-08-07T20:37:45.998+0300][9,137s][info][gc] GC(437) Pause Young (Allocation Failure) 70M->3M(247M) 6,725ms
[2024-08-07T20:37:46.018+0300][9,157s][info][gc] GC(438) Pause Young (Allocation Failure) 72M->5M(247M) 6,181ms
[2024-08-07T20:37:46.035+0300][9,175s][info][gc] GC(439) Pause Young (Allocation Failure) 73M->3M(247M) 3,072ms
[2024-08-07T20:37:46.057+0300][9,196s][info][gc] GC(440) Pause Young (Allocation Failure) 71M->5M(247M) 6,105ms
[2024-08-07T20:37:46.074+0300][9,213s][info][gc] GC(441) Pause Young (Allocation Failure) 73M->3M(247M) 2,841ms
[2024-08-07T20:37:46.094+0300][9,234s][info][gc] GC(442) Pause Young (Allocation Failure) 71M->4M(247M) 5,610ms
[2024-08-07T20:37:46.111+0300][9,250s][info][gc] GC(443) Pause Young (Allocation Failure) 73M->3M(247M) 2,648ms
[2024-08-07T20:37:46.136+0300][9,275s][info][gc] GC(444) Pause Young (Allocation Failure) 71M->4M(247M) 9,849ms
[2024-08-07T20:37:46.154+0300][9,294s][info][gc] GC(445) Pause Young (Allocation Failure) 73M->3M(247M) 4,052ms
[2024-08-07T20:37:46.173+0300][9,312s][info][gc] GC(446) Pause Young (Allocation Failure) 71M->4M(247M) 5,119ms
[2024-08-07T20:37:46.190+0300][9,330s][info][gc] GC(447) Pause Young (Allocation Failure) 72M->3M(247M) 2,243ms
[2024-08-07T20:37:46.210+0300][9,349s][info][gc] GC(448) Pause Young (Allocation Failure) 71M->4M(247M) 4,986ms
[2024-08-07T20:37:46.227+0300][9,366s][info][gc] GC(449) Pause Young (Allocation Failure) 72M->2M(247M) 1,698ms
[2024-08-07T20:37:46.245+0300][9,385s][info][gc] GC(450) Pause Young (Allocation Failure) 71M->4M(247M) 4,480ms
[2024-08-07T20:37:46.263+0300][9,402s][info][gc] GC(451) Pause Young (Allocation Failure) 72M->2M(247M) 2,778ms
[2024-08-07T20:37:46.286+0300][9,425s][info][gc] GC(452) Pause Young (Allocation Failure) 71M->4M(247M) 8,540ms
[2024-08-07T20:37:46.302+0300][9,442s][info][gc] GC(453) Pause Young (Allocation Failure) 72M->2M(247M) 1,940ms
[2024-08-07T20:37:46.324+0300][9,463s][info][gc] GC(454) Pause Young (Allocation Failure) 70M->4M(247M) 7,393ms
[2024-08-07T20:37:46.341+0300][9,480s][info][gc] GC(455) Pause Young (Allocation Failure) 72M->2M(247M) 1,643ms
[2024-08-07T20:37:46.361+0300][9,500s][info][gc] GC(456) Pause Young (Allocation Failure) 70M->3M(247M) 6,575ms
[2024-08-07T20:37:46.376+0300][9,515s][info][gc] GC(457) Pause Young (Allocation Failure) 72M->2M(247M) 0,529ms
[2024-08-07T20:37:46.395+0300][9,535s][info][gc] GC(458) Pause Young (Allocation Failure) 70M->3M(247M) 6,339ms
[2024-08-07T20:37:46.422+0300][9,561s][info][gc] GC(459) Pause Young (Allocation Failure) 72M->5M(247M) 11,459ms
[2024-08-07T20:37:46.442+0300][9,581s][info][gc] GC(460) Pause Young (Allocation Failure) 73M->3M(247M) 5,763ms
[2024-08-07T20:37:46.467+0300][9,607s][info][gc] GC(461) Pause Young (Allocation Failure) 71M->5M(247M) 11,392ms
[2024-08-07T20:37:46.487+0300][9,626s][info][gc] GC(462) Pause Young (Allocation Failure) 73M->3M(247M) 5,225ms
[2024-08-07T20:37:46.511+0300][9,650s][info][gc] GC(463) Pause Young (Allocation Failure) 71M->4M(247M) 10,333ms
[2024-08-07T20:37:46.530+0300][9,669s][info][gc] GC(464) Pause Young (Allocation Failure) 73M->3M(247M) 4,668ms
[2024-08-07T20:37:46.554+0300][9,693s][info][gc] GC(465) Pause Young (Allocation Failure) 71M->4M(247M) 9,454ms
[2024-08-07T20:37:46.572+0300][9,711s][info][gc] GC(466) Pause Young (Allocation Failure) 73M->3M(247M) 3,721ms
[2024-08-07T20:37:46.597+0300][9,736s][info][gc] GC(467) Pause Young (Allocation Failure) 71M->4M(247M) 9,595ms
[2024-08-07T20:37:46.615+0300][9,754s][info][gc] GC(468) Pause Young (Allocation Failure) 72M->2M(247M) 4,143ms
[2024-08-07T20:37:46.638+0300][9,777s][info][gc] GC(469) Pause Young (Allocation Failure) 71M->4M(247M) 8,593ms
[2024-08-07T20:37:46.656+0300][9,795s][info][gc] GC(470) Pause Young (Allocation Failure) 72M->2M(247M) 3,152ms
[2024-08-07T20:37:46.678+0300][9,818s][info][gc] GC(471) Pause Young (Allocation Failure) 71M->4M(247M) 8,129ms
[2024-08-07T20:37:46.695+0300][9,834s][info][gc] GC(472) Pause Young (Allocation Failure) 72M->2M(247M) 2,196ms
[2024-08-07T20:37:46.718+0300][9,857s][info][gc] GC(473) Pause Young (Allocation Failure) 70M->4M(247M) 7,956ms
[2024-08-07T20:37:46.734+0300][9,873s][info][gc] GC(474) Pause Young (Allocation Failure) 72M->2M(247M) 1,701ms
[2024-08-07T20:37:46.755+0300][9,895s][info][gc] GC(475) Pause Young (Allocation Failure) 70M->3M(247M) 7,175ms
[2024-08-07T20:37:46.771+0300][9,911s][info][gc] GC(476) Pause Young (Allocation Failure) 72M->2M(247M) 1,367ms
[2024-08-07T20:37:46.792+0300][9,931s][info][gc] GC(477) Pause Young (Allocation Failure) 70M->3M(247M) 6,453ms
[2024-08-07T20:37:46.817+0300][9,957s][info][gc] GC(478) Pause Young (Allocation Failure) 72M->5M(247M) 11,590ms
[2024-08-07T20:37:46.838+0300][9,978s][info][gc] GC(479) Pause Young (Allocation Failure) 73M->3M(247M) 6,256ms
[2024-08-07T20:37:46.864+0300][10,003s][info][gc] GC(480) Pause Young (Allocation Failure) 71M->5M(247M) 11,155ms
[2024-08-07T20:37:46.884+0300][10,023s][info][gc] GC(481) Pause Young (Allocation Failure) 73M->3M(247M) 5,389ms
[2024-08-07T20:37:46.909+0300][10,049s][info][gc] GC(482) Pause Young (Allocation Failure) 71M->4M(247M) 11,078ms
[2024-08-07T20:37:46.929+0300][10,068s][info][gc] GC(483) Pause Young (Allocation Failure) 73M->3M(247M) 4,929ms
[2024-08-07T20:37:46.954+0300][10,093s][info][gc] GC(484) Pause Young (Allocation Failure) 71M->4M(247M) 10,026ms
[2024-08-07T20:37:46.973+0300][10,112s][info][gc] GC(485) Pause Young (Allocation Failure) 73M->3M(247M) 4,365ms
[2024-08-07T20:37:46.997+0300][10,136s][info][gc] GC(486) Pause Young (Allocation Failure) 71M->4M(247M) 9,391ms
[2024-08-07T20:37:47.014+0300][10,153s][info][gc] GC(487) Pause Young (Allocation Failure) 72M->3M(247M) 2,514ms
[2024-08-07T20:37:47.034+0300][10,174s][info][gc] GC(488) Pause Young (Allocation Failure) 71M->4M(247M) 5,694ms
[2024-08-07T20:37:47.052+0300][10,191s][info][gc] GC(489) Pause Young (Allocation Failure) 72M->2M(247M) 2,966ms
[2024-08-07T20:37:47.075+0300][10,214s][info][gc] GC(490) Pause Young (Allocation Failure) 71M->4M(247M) 8,144ms
[2024-08-07T20:37:47.093+0300][10,233s][info][gc] GC(491) Pause Young (Allocation Failure) 72M->2M(247M) 2,868ms
[2024-08-07T20:37:47.115+0300][10,255s][info][gc] GC(492) Pause Young (Allocation Failure) 71M->4M(247M) 7,773ms
[2024-08-07T20:37:47.132+0300][10,272s][info][gc] GC(493) Pause Young (Allocation Failure) 72M->2M(247M) 2,146ms
[2024-08-07T20:37:47.155+0300][10,294s][info][gc] GC(494) Pause Young (Allocation Failure) 70M->4M(247M) 7,658ms
[2024-08-07T20:37:47.170+0300][10,309s][info][gc] GC(495) Pause Young (Allocation Failure) 72M->2M(247M) 1,697ms
[2024-08-07T20:37:47.191+0300][10,330s][info][gc] GC(496) Pause Young (Allocation Failure) 70M->3M(247M) 6,642ms
[2024-08-07T20:37:47.206+0300][10,346s][info][gc] GC(497) Pause Young (Allocation Failure) 72M->2M(247M) 1,100ms
[2024-08-07T20:37:47.226+0300][10,365s][info][gc] GC(498) Pause Young (Allocation Failure) 70M->3M(247M) 6,375ms
[2024-08-07T20:37:47.252+0300][10,391s][info][gc] GC(499) Pause Young (Allocation Failure) 72M->5M(247M) 11,307ms
[2024-08-07T20:37:47.272+0300][10,411s][info][gc] GC(500) Pause Young (Allocation Failure) 73M->3M(247M) 5,949ms
[2024-08-07T20:37:47.297+0300][10,436s][info][gc] GC(501) Pause Young (Allocation Failure) 71M->5M(247M) 10,931ms
[2024-08-07T20:37:47.314+0300][10,453s][info][gc] GC(502) Pause Young (Allocation Failure) 73M->3M(247M) 3,336ms
[2024-08-07T20:37:47.337+0300][10,477s][info][gc] GC(503) Pause Young (Allocation Failure) 71M->4M(247M) 9,438ms
[2024-08-07T20:37:47.357+0300][10,496s][info][gc] GC(504) Pause Young (Allocation Failure) 73M->3M(247M) 4,681ms
[2024-08-07T20:37:47.381+0300][10,520s][info][gc] GC(505) Pause Young (Allocation Failure) 71M->4M(247M) 9,587ms
[2024-08-07T20:37:47.399+0300][10,539s][info][gc] GC(506) Pause Young (Allocation Failure) 73M->3M(247M) 4,274ms
[2024-08-07T20:37:47.423+0300][10,563s][info][gc] GC(507) Pause Young (Allocation Failure) 71M->4M(247M) 9,076ms
[2024-08-07T20:37:47.442+0300][10,581s][info][gc] GC(508) Pause Young (Allocation Failure) 72M->2M(247M) 3,330ms
[2024-08-07T20:37:47.466+0300][10,605s][info][gc] GC(509) Pause Young (Allocation Failure) 71M->4M(247M) 9,015ms
[2024-08-07T20:37:47.483+0300][10,622s][info][gc] GC(510) Pause Young (Allocation Failure) 72M->2M(247M) 2,909ms
[2024-08-07T20:37:47.501+0300][10,641s][info][gc] GC(511) Pause Young (Allocation Failure) 71M->4M(247M) 4,432ms
[2024-08-07T20:37:47.517+0300][10,657s][info][gc] GC(512) Pause Young (Allocation Failure) 72M->2M(247M) 1,813ms
[2024-08-07T20:37:47.539+0300][10,678s][info][gc] GC(513) Pause Young (Allocation Failure) 70M->4M(247M) 7,519ms
[2024-08-07T20:37:47.556+0300][10,695s][info][gc] GC(514) Pause Young (Allocation Failure) 72M->2M(247M) 1,756ms
[2024-08-07T20:37:47.577+0300][10,717s][info][gc] GC(515) Pause Young (Allocation Failure) 70M->3M(247M) 7,401ms
[2024-08-07T20:37:47.593+0300][10,733s][info][gc] GC(516) Pause Young (Allocation Failure) 72M->2M(247M) 1,384ms
[2024-08-07T20:37:47.612+0300][10,752s][info][gc] GC(517) Pause Young (Allocation Failure) 70M->3M(247M) 5,221ms
[2024-08-07T20:37:47.638+0300][10,778s][info][gc] GC(518) Pause Young (Allocation Failure) 72M->5M(247M) 12,164ms
[2024-08-07T20:37:47.659+0300][10,798s][info][gc] GC(519) Pause Young (Allocation Failure) 73M->3M(247M) 6,276ms
[2024-08-07T20:37:47.683+0300][10,822s][info][gc] GC(520) Pause Young (Allocation Failure) 71M->5M(247M) 10,864ms
[2024-08-07T20:37:47.703+0300][10,843s][info][gc] GC(521) Pause Young (Allocation Failure) 73M->3M(247M) 5,709ms
[2024-08-07T20:37:47.729+0300][10,868s][info][gc] GC(522) Pause Young (Allocation Failure) 71M->4M(247M) 10,847ms
[2024-08-07T20:37:47.749+0300][10,888s][info][gc] GC(523) Pause Young (Allocation Failure) 73M->3M(247M) 5,017ms
[2024-08-07T20:37:47.774+0300][10,913s][info][gc] GC(524) Pause Young (Allocation Failure) 71M->4M(247M) 10,516ms
[2024-08-07T20:37:47.793+0300][10,932s][info][gc] GC(525) Pause Young (Allocation Failure) 73M->3M(247M) 4,288ms
[2024-08-07T20:37:47.817+0300][10,956s][info][gc] GC(526) Pause Young (Allocation Failure) 71M->4M(247M) 9,682ms
[2024-08-07T20:37:47.836+0300][10,975s][info][gc] GC(527) Pause Young (Allocation Failure) 72M->3M(247M) 4,012ms
[2024-08-07T20:37:47.860+0300][10,999s][info][gc] GC(528) Pause Young (Allocation Failure) 71M->4M(247M) 9,017ms
[2024-08-07T20:37:47.878+0300][11,017s][info][gc] GC(529) Pause Young (Allocation Failure) 72M->2M(247M) 3,268ms
[2024-08-07T20:37:47.901+0300][11,041s][info][gc] GC(530) Pause Young (Allocation Failure) 71M->4M(247M) 8,763ms
[2024-08-07T20:37:47.918+0300][11,057s][info][gc] GC(531) Pause Young (Allocation Failure) 72M->2M(247M) 2,613ms
[2024-08-07T20:37:47.937+0300][11,076s][info][gc] GC(532) Pause Young (Allocation Failure) 71M->4M(247M) 4,529ms
[2024-08-07T20:37:47.953+0300][11,093s][info][gc] GC(533) Pause Young (Allocation Failure) 72M->2M(247M) 2,048ms
[2024-08-07T20:37:47.976+0300][11,115s][info][gc] GC(534) Pause Young (Allocation Failure) 70M->4M(247M) 7,255ms
[2024-08-07T20:37:47.992+0300][11,131s][info][gc] GC(535) Pause Young (Allocation Failure) 72M->2M(247M) 1,325ms
[2024-08-07T20:37:48.013+0300][11,152s][info][gc] GC(536) Pause Young (Allocation Failure) 70M->3M(247M) 7,001ms
[2024-08-07T20:37:48.029+0300][11,168s][info][gc] GC(537) Pause Young (Allocation Failure) 72M->2M(247M) 1,148ms
[2024-08-07T20:37:48.049+0300][11,188s][info][gc] GC(538) Pause Young (Allocation Failure) 70M->3M(247M) 6,337ms
[2024-08-07T20:37:48.076+0300][11,215s][info][gc] GC(539) Pause Young (Allocation Failure) 72M->5M(247M) 11,924ms
[2024-08-07T20:37:48.096+0300][11,236s][info][gc] GC(540) Pause Young (Allocation Failure) 73M->3M(247M) 5,655ms
[2024-08-07T20:37:48.122+0300][11,261s][info][gc] GC(541) Pause Young (Allocation Failure) 71M->5M(247M) 10,927ms
[2024-08-07T20:37:48.142+0300][11,282s][info][gc] GC(542) Pause Young (Allocation Failure) 73M->3M(247M) 5,431ms
[2024-08-07T20:37:48.167+0300][11,307s][info][gc] GC(543) Pause Young (Allocation Failure) 71M->4M(247M) 10,414ms
[2024-08-07T20:37:48.187+0300][11,326s][info][gc] GC(544) Pause Young (Allocation Failure) 73M->3M(247M) 4,717ms
[2024-08-07T20:37:48.212+0300][11,351s][info][gc] GC(545) Pause Young (Allocation Failure) 71M->4M(247M) 10,304ms
[2024-08-07T20:37:48.229+0300][11,369s][info][gc] GC(546) Pause Young (Allocation Failure) 73M->3M(247M) 3,245ms
[2024-08-07T20:37:48.249+0300][11,389s][info][gc] GC(547) Pause Young (Allocation Failure) 71M->4M(247M) 6,308ms
[2024-08-07T20:37:48.267+0300][11,406s][info][gc] GC(548) Pause Young (Allocation Failure) 72M->2M(247M) 3,440ms
[2024-08-07T20:37:48.290+0300][11,429s][info][gc] GC(549) Pause Young (Allocation Failure) 71M->4M(247M) 8,507ms
[2024-08-07T20:37:48.307+0300][11,447s][info][gc] GC(550) Pause Young (Allocation Failure) 72M->2M(247M) 3,119ms
[2024-08-07T20:37:48.331+0300][11,470s][info][gc] GC(551) Pause Young (Allocation Failure) 71M->4M(247M) 8,802ms
[2024-08-07T20:37:48.365+0300][11,505s][info][gc] GC(552) Pause Young (Allocation Failure) 72M->2M(247M) 2,774ms
[2024-08-07T20:37:48.386+0300][11,525s][info][gc] GC(553) Pause Young (Allocation Failure) 70M->4M(247M) 7,479ms
[2024-08-07T20:37:48.401+0300][11,540s][info][gc] GC(554) Pause Young (Allocation Failure) 72M->2M(247M) 1,799ms
[2024-08-07T20:37:48.421+0300][11,561s][info][gc] GC(555) Pause Young (Allocation Failure) 70M->3M(247M) 6,922ms
[2024-08-07T20:37:48.436+0300][11,576s][info][gc] GC(556) Pause Young (Allocation Failure) 72M->2M(247M) 0,990ms
[2024-08-07T20:37:48.455+0300][11,594s][info][gc] GC(557) Pause Young (Allocation Failure) 70M->3M(247M) 5,597ms
[2024-08-07T20:37:48.483+0300][11,622s][info][gc] GC(558) Pause Young (Allocation Failure) 72M->5M(247M) 14,878ms
[2024-08-07T20:37:48.504+0300][11,643s][info][gc] GC(559) Pause Young (Allocation Failure) 73M->3M(247M) 7,483ms
[2024-08-07T20:37:48.527+0300][11,667s][info][gc] GC(560) Pause Young (Allocation Failure) 71M->5M(247M) 10,119ms
[2024-08-07T20:37:48.543+0300][11,683s][info][gc] GC(561) Pause Young (Allocation Failure) 73M->3M(247M) 2,604ms
[2024-08-07T20:37:48.564+0300][11,704s][info][gc] GC(562) Pause Young (Allocation Failure) 71M->4M(247M) 6,383ms
[2024-08-07T20:37:48.581+0300][11,720s][info][gc] GC(563) Pause Young (Allocation Failure) 73M->3M(247M) 3,224ms
[2024-08-07T20:37:48.605+0300][11,744s][info][gc] GC(564) Pause Young (Allocation Failure) 71M->4M(247M) 9,769ms
[2024-08-07T20:37:48.623+0300][11,762s][info][gc] GC(565) Pause Young (Allocation Failure) 73M->3M(247M) 4,355ms
[2024-08-07T20:37:48.647+0300][11,786s][info][gc] GC(566) Pause Young (Allocation Failure) 71M->4M(247M) 10,107ms
[2024-08-07T20:37:48.665+0300][11,804s][info][gc] GC(567) Pause Young (Allocation Failure) 72M->3M(247M) 3,380ms
[2024-08-07T20:37:48.687+0300][11,826s][info][gc] GC(568) Pause Young (Allocation Failure) 71M->4M(247M) 9,037ms
[2024-08-07T20:37:48.704+0300][11,844s][info][gc] GC(569) Pause Young (Allocation Failure) 72M->2M(247M) 3,434ms
[2024-08-07T20:37:48.727+0300][11,866s][info][gc] GC(570) Pause Young (Allocation Failure) 71M->4M(247M) 8,481ms
[2024-08-07T20:37:48.744+0300][11,883s][info][gc] GC(571) Pause Young (Allocation Failure) 72M->2M(247M) 2,716ms
[2024-08-07T20:37:48.767+0300][11,906s][info][gc] GC(572) Pause Young (Allocation Failure) 71M->4M(247M) 8,274ms
[2024-08-07T20:37:48.783+0300][11,922s][info][gc] GC(573) Pause Young (Allocation Failure) 72M->2M(247M) 2,319ms
[2024-08-07T20:37:48.802+0300][11,942s][info][gc] GC(574) Pause Young (Allocation Failure) 70M->4M(247M) 6,009ms
[2024-08-07T20:37:48.817+0300][11,957s][info][gc] GC(575) Pause Young (Allocation Failure) 72M->2M(247M) 1,217ms
[2024-08-07T20:37:48.836+0300][11,975s][info][gc] GC(576) Pause Young (Allocation Failure) 70M->3M(247M) 5,701ms
[2024-08-07T20:37:48.850+0300][11,989s][info][gc] GC(577) Pause Young (Allocation Failure) 72M->2M(247M) 0,737ms
[2024-08-07T20:37:48.869+0300][12,008s][info][gc] GC(578) Pause Young (Allocation Failure) 70M->3M(247M) 5,421ms
[2024-08-07T20:37:48.892+0300][12,031s][info][gc] GC(579) Pause Young (Allocation Failure) 72M->5M(247M) 9,381ms
[2024-08-07T20:37:48.910+0300][12,049s][info][gc] GC(580) Pause Young (Allocation Failure) 73M->3M(247M) 4,887ms
[2024-08-07T20:37:48.933+0300][12,072s][info][gc] GC(581) Pause Young (Allocation Failure) 71M->5M(247M) 9,394ms
[2024-08-07T20:37:48.950+0300][12,090s][info][gc] GC(582) Pause Young (Allocation Failure) 73M->3M(247M) 4,249ms
[2024-08-07T20:37:48.973+0300][12,112s][info][gc] GC(583) Pause Young (Allocation Failure) 71M->4M(247M) 8,716ms
[2024-08-07T20:37:48.990+0300][12,130s][info][gc] GC(584) Pause Young (Allocation Failure) 73M->3M(247M) 3,994ms
[2024-08-07T20:37:49.011+0300][12,150s][info][gc] GC(585) Pause Young (Allocation Failure) 71M->4M(247M) 7,375ms
[2024-08-07T20:37:49.028+0300][12,168s][info][gc] GC(586) Pause Young (Allocation Failure) 73M->3M(247M) 3,781ms
[2024-08-07T20:37:49.048+0300][12,188s][info][gc] GC(587) Pause Young (Allocation Failure) 71M->4M(247M) 5,903ms
[2024-08-07T20:37:49.065+0300][12,204s][info][gc] GC(588) Pause Young (Allocation Failure) 72M->2M(247M) 2,979ms
[2024-08-07T20:37:49.085+0300][12,224s][info][gc] GC(589) Pause Young (Allocation Failure) 71M->4M(247M) 7,309ms
[2024-08-07T20:37:49.101+0300][12,241s][info][gc] GC(590) Pause Young (Allocation Failure) 72M->2M(247M) 2,462ms
[2024-08-07T20:37:49.121+0300][12,261s][info][gc] GC(591) Pause Young (Allocation Failure) 71M->4M(247M) 6,717ms
[2024-08-07T20:37:49.137+0300][12,276s][info][gc] GC(592) Pause Young (Allocation Failure) 72M->2M(247M) 2,170ms
[2024-08-07T20:37:49.160+0300][12,299s][info][gc] GC(593) Pause Young (Allocation Failure) 71M->4M(247M) 8,291ms
[2024-08-07T20:37:49.175+0300][12,315s][info][gc] GC(594) Pause Young (Allocation Failure) 72M->2M(247M) 1,600ms
[2024-08-07T20:37:49.196+0300][12,336s][info][gc] GC(595) Pause Young (Allocation Failure) 70M->3M(247M) 6,916ms
[2024-08-07T20:37:49.211+0300][12,350s][info][gc] GC(596) Pause Young (Allocation Failure) 72M->2M(247M) 1,201ms
[2024-08-07T20:37:49.230+0300][12,369s][info][gc] GC(597) Pause Young (Allocation Failure) 70M->3M(247M) 5,538ms
[2024-08-07T20:37:49.254+0300][12,393s][info][gc] GC(598) Pause Young (Allocation Failure) 72M->5M(247M) 9,788ms
[2024-08-07T20:37:49.271+0300][12,411s][info][gc] GC(599) Pause Young (Allocation Failure) 73M->3M(247M) 5,053ms
[2024-08-07T20:37:49.295+0300][12,434s][info][gc] GC(600) Pause Young (Allocation Failure) 72M->5M(247M) 10,122ms
[2024-08-07T20:37:49.315+0300][12,454s][info][gc] GC(601) Pause Young (Allocation Failure) 73M->3M(247M) 5,341ms
[2024-08-07T20:37:49.340+0300][12,479s][info][gc] GC(602) Pause Young (Allocation Failure) 71M->4M(247M) 11,326ms
[2024-08-07T20:37:49.358+0300][12,498s][info][gc] GC(603) Pause Young (Allocation Failure) 73M->3M(247M) 4,748ms
[2024-08-07T20:37:49.385+0300][12,525s][info][gc] GC(604) Pause Young (Allocation Failure) 71M->4M(247M) 12,951ms
[2024-08-07T20:37:49.405+0300][12,544s][info][gc] GC(605) Pause Young (Allocation Failure) 73M->3M(247M) 5,642ms
[2024-08-07T20:37:49.428+0300][12,567s][info][gc] GC(606) Pause Young (Allocation Failure) 71M->4M(247M) 9,922ms
[2024-08-07T20:37:49.446+0300][12,585s][info][gc] GC(607) Pause Young (Allocation Failure) 72M->3M(247M) 3,822ms
[2024-08-07T20:37:49.470+0300][12,610s][info][gc] GC(608) Pause Young (Allocation Failure) 71M->4M(247M) 9,846ms
[2024-08-07T20:37:49.487+0300][12,626s][info][gc] GC(609) Pause Young (Allocation Failure) 72M->2M(247M) 3,252ms
[2024-08-07T20:37:49.508+0300][12,647s][info][gc] GC(610) Pause Young (Allocation Failure) 71M->4M(247M) 7,915ms
[2024-08-07T20:37:49.525+0300][12,664s][info][gc] GC(611) Pause Young (Allocation Failure) 72M->2M(247M) 2,893ms
[2024-08-07T20:37:49.548+0300][12,688s][info][gc] GC(612) Pause Young (Allocation Failure) 71M->4M(247M) 8,063ms
[2024-08-07T20:37:49.565+0300][12,704s][info][gc] GC(613) Pause Young (Allocation Failure) 72M->2M(247M) 2,381ms
[2024-08-07T20:37:49.587+0300][12,726s][info][gc] GC(614) Pause Young (Allocation Failure) 70M->4M(247M) 7,676ms
[2024-08-07T20:37:49.603+0300][12,742s][info][gc] GC(615) Pause Young (Allocation Failure) 72M->2M(247M) 1,876ms
[2024-08-07T20:37:49.625+0300][12,765s][info][gc] GC(616) Pause Young (Allocation Failure) 70M->3M(247M) 6,792ms
[2024-08-07T20:37:49.640+0300][12,779s][info][gc] GC(617) Pause Young (Allocation Failure) 72M->2M(247M) 1,242ms
[2024-08-07T20:37:49.661+0300][12,800s][info][gc] GC(618) Pause Young (Allocation Failure) 70M->3M(247M) 6,873ms
[2024-08-07T20:37:49.680+0300][12,820s][info][gc] GC(619) Pause Young (Allocation Failure) 72M->5M(247M) 6,573ms
[2024-08-07T20:37:49.700+0300][12,839s][info][gc] GC(620) Pause Young (Allocation Failure) 73M->3M(247M) 6,120ms
[2024-08-07T20:37:49.724+0300][12,864s][info][gc] GC(621) Pause Young (Allocation Failure) 71M->5M(247M) 11,139ms
[2024-08-07T20:37:49.743+0300][12,883s][info][gc] GC(622) Pause Young (Allocation Failure) 73M->3M(247M) 5,160ms
[2024-08-07T20:37:49.769+0300][12,908s][info][gc] GC(623) Pause Young (Allocation Failure) 71M->4M(247M) 10,921ms
[2024-08-07T20:37:49.787+0300][12,927s][info][gc] GC(624) Pause Young (Allocation Failure) 73M->3M(247M) 4,601ms
[2024-08-07T20:37:49.812+0300][12,951s][info][gc] GC(625) Pause Young (Allocation Failure) 71M->4M(247M) 10,149ms
[2024-08-07T20:37:49.830+0300][12,970s][info][gc] GC(626) Pause Young (Allocation Failure) 73M->3M(247M) 4,416ms
[2024-08-07T20:37:49.854+0300][12,994s][info][gc] GC(627) Pause Young (Allocation Failure) 71M->4M(247M) 9,353ms
[2024-08-07T20:37:49.872+0300][13,011s][info][gc] GC(628) Pause Young (Allocation Failure) 72M->3M(247M) 3,626ms
[2024-08-07T20:37:49.895+0300][13,035s][info][gc] GC(629) Pause Young (Allocation Failure) 71M->4M(247M) 9,263ms
[2024-08-07T20:37:49.912+0300][13,051s][info][gc] GC(630) Pause Young (Allocation Failure) 72M->2M(247M) 3,040ms
[2024-08-07T20:37:49.935+0300][13,074s][info][gc] GC(631) Pause Young (Allocation Failure) 71M->4M(247M) 8,298ms
[2024-08-07T20:37:49.952+0300][13,091s][info][gc] GC(632) Pause Young (Allocation Failure) 72M->2M(247M) 2,634ms
[2024-08-07T20:37:49.971+0300][13,110s][info][gc] GC(633) Pause Young (Allocation Failure) 71M->4M(247M) 4,498ms
[2024-08-07T20:37:49.986+0300][13,125s][info][gc] GC(634) Pause Young (Allocation Failure) 72M->2M(247M) 1,290ms
[2024-08-07T20:37:50.005+0300][13,145s][info][gc] GC(635) Pause Young (Allocation Failure) 70M->4M(247M) 6,165ms
[2024-08-07T20:37:50.020+0300][13,160s][info][gc] GC(636) Pause Young (Allocation Failure) 72M->2M(247M) 1,148ms
[2024-08-07T20:37:50.038+0300][13,177s][info][gc] GC(637) Pause Young (Allocation Failure) 70M->3M(247M) 3,739ms
[2024-08-07T20:37:50.058+0300][13,198s][info][gc] GC(638) Pause Young (Allocation Failure) 72M->5M(247M) 6,737ms
[2024-08-07T20:37:50.075+0300][13,215s][info][gc] GC(639) Pause Young (Allocation Failure) 73M->3M(247M) 3,498ms
[2024-08-07T20:37:50.096+0300][13,235s][info][gc] GC(640) Pause Young (Allocation Failure) 72M->5M(247M) 5,966ms
[2024-08-07T20:37:50.113+0300][13,252s][info][gc] GC(641) Pause Young (Allocation Failure) 73M->3M(247M) 3,385ms
[2024-08-07T20:37:50.137+0300][13,276s][info][gc] GC(642) Pause Young (Allocation Failure) 71M->4M(247M) 10,221ms
[2024-08-07T20:37:50.155+0300][13,294s][info][gc] GC(643) Pause Young (Allocation Failure) 73M->3M(247M) 4,811ms
[2024-08-07T20:37:50.178+0300][13,317s][info][gc] GC(644) Pause Young (Allocation Failure) 71M->4M(247M) 9,344ms
[2024-08-07T20:37:50.196+0300][13,336s][info][gc] GC(645) Pause Young (Allocation Failure) 73M->3M(247M) 4,440ms
[2024-08-07T20:37:50.220+0300][13,360s][info][gc] GC(646) Pause Young (Allocation Failure) 71M->4M(247M) 9,642ms
[2024-08-07T20:37:50.238+0300][13,378s][info][gc] GC(647) Pause Young (Allocation Failure) 73M->3M(247M) 3,920ms
[2024-08-07T20:37:50.262+0300][13,402s][info][gc] GC(648) Pause Young (Allocation Failure) 71M->4M(247M) 9,364ms
[2024-08-07T20:37:50.279+0300][13,419s][info][gc] GC(649) Pause Young (Allocation Failure) 72M->2M(247M) 3,424ms
[2024-08-07T20:37:50.303+0300][13,442s][info][gc] GC(650) Pause Young (Allocation Failure) 71M->4M(247M) 8,963ms
[2024-08-07T20:37:50.320+0300][13,459s][info][gc] GC(651) Pause Young (Allocation Failure) 72M->2M(247M) 2,882ms
[2024-08-07T20:37:50.342+0300][13,481s][info][gc] GC(652) Pause Young (Allocation Failure) 71M->4M(247M) 7,892ms
[2024-08-07T20:37:50.359+0300][13,498s][info][gc] GC(653) Pause Young (Allocation Failure) 72M->2M(247M) 2,385ms
[2024-08-07T20:37:50.380+0300][13,520s][info][gc] GC(654) Pause Young (Allocation Failure) 70M->4M(247M) 7,447ms
[2024-08-07T20:37:50.395+0300][13,535s][info][gc] GC(655) Pause Young (Allocation Failure) 72M->2M(247M) 1,793ms
[2024-08-07T20:37:50.417+0300][13,556s][info][gc] GC(656) Pause Young (Allocation Failure) 70M->3M(247M) 7,375ms
[2024-08-07T20:37:50.432+0300][13,571s][info][gc] GC(657) Pause Young (Allocation Failure) 72M->2M(247M) 1,243ms
[2024-08-07T20:37:50.452+0300][13,591s][info][gc] GC(658) Pause Young (Allocation Failure) 70M->3M(247M) 6,673ms
[2024-08-07T20:37:50.479+0300][13,618s][info][gc] GC(659) Pause Young (Allocation Failure) 72M->5M(247M) 12,833ms
[2024-08-07T20:37:50.498+0300][13,637s][info][gc] GC(660) Pause Young (Allocation Failure) 73M->3M(247M) 5,701ms
[2024-08-07T20:37:50.538+0300][13,677s][info][gc] GC(661) Pause Young (Allocation Failure) 71M->5M(247M) 11,228ms
[2024-08-07T20:37:50.572+0300][13,712s][info][gc] GC(662) Pause Young (Allocation Failure) 73M->3M(247M) 5,577ms
[2024-08-07T20:37:50.598+0300][13,737s][info][gc] GC(663) Pause Young (Allocation Failure) 71M->4M(247M) 9,757ms
[2024-08-07T20:37:50.615+0300][13,755s][info][gc] GC(664) Pause Young (Allocation Failure) 73M->3M(247M) 3,868ms
[2024-08-07T20:37:50.640+0300][13,779s][info][gc] GC(665) Pause Young (Allocation Failure) 71M->4M(247M) 10,564ms
[2024-08-07T20:37:50.658+0300][13,797s][info][gc] GC(666) Pause Young (Allocation Failure) 73M->3M(247M) 3,503ms
[2024-08-07T20:37:50.684+0300][13,824s][info][gc] GC(667) Pause Young (Allocation Failure) 71M->4M(247M) 9,257ms
[2024-08-07T20:37:50.723+0300][13,862s][info][gc] GC(668) Pause Young (Allocation Failure) 72M->3M(247M) 3,185ms
[2024-08-07T20:37:50.745+0300][13,884s][info][gc] GC(669) Pause Young (Allocation Failure) 71M->4M(247M) 8,000ms
[2024-08-07T20:37:50.761+0300][13,901s][info][gc] GC(670) Pause Young (Allocation Failure) 72M->2M(247M) 2,361ms
[2024-08-07T20:37:50.784+0300][13,923s][info][gc] GC(671) Pause Young (Allocation Failure) 71M->4M(247M) 8,233ms
[2024-08-07T20:37:50.800+0300][13,940s][info][gc] GC(672) Pause Young (Allocation Failure) 72M->2M(247M) 2,251ms
[2024-08-07T20:37:50.821+0300][13,961s][info][gc] GC(673) Pause Young (Allocation Failure) 71M->4M(247M) 7,547ms
[2024-08-07T20:37:50.837+0300][13,976s][info][gc] GC(674) Pause Young (Allocation Failure) 72M->2M(247M) 1,689ms
[2024-08-07T20:37:50.857+0300][13,996s][info][gc] GC(675) Pause Young (Allocation Failure) 70M->4M(247M) 6,479ms
[2024-08-07T20:37:50.872+0300][14,011s][info][gc] GC(676) Pause Young (Allocation Failure) 72M->2M(247M) 1,150ms
[2024-08-07T20:37:50.891+0300][14,031s][info][gc] GC(677) Pause Young (Allocation Failure) 70M->3M(247M) 6,521ms
[2024-08-07T20:37:50.916+0300][14,055s][info][gc] GC(678) Pause Young (Allocation Failure) 72M->5M(247M) 10,809ms
[2024-08-07T20:37:50.935+0300][14,075s][info][gc] GC(679) Pause Young (Allocation Failure) 73M->3M(247M) 5,340ms
[2024-08-07T20:37:50.960+0300][14,100s][info][gc] GC(680) Pause Young (Allocation Failure) 72M->5M(247M) 10,907ms
[2024-08-07T20:37:50.980+0300][14,119s][info][gc] GC(681) Pause Young (Allocation Failure) 73M->3M(247M) 5,265ms
[2024-08-07T20:37:51.004+0300][14,143s][info][gc] GC(682) Pause Young (Allocation Failure) 71M->5M(247M) 10,337ms
[2024-08-07T20:37:51.021+0300][14,160s][info][gc] GC(683) Pause Young (Allocation Failure) 73M->3M(247M) 3,580ms
[2024-08-07T20:37:51.039+0300][14,179s][info][gc] GC(684) Pause Young (Allocation Failure) 71M->4M(247M) 5,309ms
[2024-08-07T20:37:51.057+0300][14,197s][info][gc] GC(685) Pause Young (Allocation Failure) 73M->3M(247M) 4,092ms
[2024-08-07T20:37:51.085+0300][14,224s][info][gc] GC(686) Pause Young (Allocation Failure) 71M->4M(247M) 13,204ms
[2024-08-07T20:37:51.104+0300][14,243s][info][gc] GC(687) Pause Young (Allocation Failure) 73M->3M(247M) 4,319ms
[2024-08-07T20:37:51.127+0300][14,267s][info][gc] GC(688) Pause Young (Allocation Failure) 71M->4M(247M) 10,041ms
[2024-08-07T20:37:51.144+0300][14,284s][info][gc] GC(689) Pause Young (Allocation Failure) 72M->2M(247M) 2,874ms
[2024-08-07T20:37:51.165+0300][14,304s][info][gc] GC(690) Pause Young (Allocation Failure) 71M->4M(247M) 6,356ms
[2024-08-07T20:37:51.180+0300][14,319s][info][gc] GC(691) Pause Young (Allocation Failure) 72M->2M(247M) 2,027ms
[2024-08-07T20:37:51.201+0300][14,341s][info][gc] GC(692) Pause Young (Allocation Failure) 71M->4M(247M) 7,909ms
[2024-08-07T20:37:51.217+0300][14,357s][info][gc] GC(693) Pause Young (Allocation Failure) 72M->2M(247M) 1,771ms
[2024-08-07T20:37:51.235+0300][14,375s][info][gc] GC(694) Pause Young (Allocation Failure) 70M->4M(247M) 3,874ms
[2024-08-07T20:37:51.249+0300][14,388s][info][gc] GC(695) Pause Young (Allocation Failure) 72M->2M(247M) 0,764ms
[2024-08-07T20:37:51.265+0300][14,404s][info][gc] GC(696) Pause Young (Allocation Failure) 70M->3M(247M) 3,305ms
[2024-08-07T20:37:51.278+0300][14,417s][info][gc] GC(697) Pause Young (Allocation Failure) 72M->2M(247M) 0,490ms
[2024-08-07T20:37:51.294+0300][14,433s][info][gc] GC(698) Pause Young (Allocation Failure) 70M->3M(247M) 3,298ms
[2024-08-07T20:37:51.312+0300][14,452s][info][gc] GC(699) Pause Young (Allocation Failure) 72M->5M(247M) 5,883ms
[2024-08-07T20:37:51.328+0300][14,467s][info][gc] GC(700) Pause Young (Allocation Failure) 73M->3M(247M) 3,031ms
[2024-08-07T20:37:51.347+0300][14,486s][info][gc] GC(701) Pause Young (Allocation Failure) 71M->5M(247M) 5,975ms
[2024-08-07T20:37:51.362+0300][14,501s][info][gc] GC(702) Pause Young (Allocation Failure) 73M->3M(247M) 2,461ms
[2024-08-07T20:37:51.380+0300][14,519s][info][gc] GC(703) Pause Young (Allocation Failure) 71M->4M(247M) 5,299ms
[2024-08-07T20:37:51.395+0300][14,534s][info][gc] GC(704) Pause Young (Allocation Failure) 73M->3M(247M) 2,352ms
[2024-08-07T20:37:51.413+0300][14,552s][info][gc] GC(705) Pause Young (Allocation Failure) 71M->4M(247M) 4,923ms
[2024-08-07T20:37:51.427+0300][14,567s][info][gc] GC(706) Pause Young (Allocation Failure) 73M->3M(247M) 1,880ms
[2024-08-07T20:37:51.445+0300][14,584s][info][gc] GC(707) Pause Young (Allocation Failure) 71M->4M(247M) 5,104ms
[2024-08-07T20:37:51.459+0300][14,599s][info][gc] GC(708) Pause Young (Allocation Failure) 72M->3M(247M) 1,568ms
[2024-08-07T20:37:51.477+0300][14,616s][info][gc] GC(709) Pause Young (Allocation Failure) 71M->4M(247M) 4,603ms
[2024-08-07T20:37:51.491+0300][14,630s][info][gc] GC(710) Pause Young (Allocation Failure) 72M->2M(247M) 1,424ms
[2024-08-07T20:37:51.508+0300][14,647s][info][gc] GC(711) Pause Young (Allocation Failure) 71M->4M(247M) 4,213ms
[2024-08-07T20:37:51.522+0300][14,661s][info][gc] GC(712) Pause Young (Allocation Failure) 72M->2M(247M) 1,117ms
[2024-08-07T20:37:51.539+0300][14,678s][info][gc] GC(713) Pause Young (Allocation Failure) 71M->4M(247M) 4,483ms
[2024-08-07T20:37:51.553+0300][14,692s][info][gc] GC(714) Pause Young (Allocation Failure) 72M->2M(247M) 0,826ms
[2024-08-07T20:37:51.569+0300][14,709s][info][gc] GC(715) Pause Young (Allocation Failure) 70M->4M(247M) 3,588ms
[2024-08-07T20:37:51.583+0300][14,722s][info][gc] GC(716) Pause Young (Allocation Failure) 72M->2M(247M) 0,638ms
[2024-08-07T20:37:51.599+0300][14,738s][info][gc] GC(717) Pause Young (Allocation Failure) 70M->3M(247M) 3,394ms
[2024-08-07T20:37:51.617+0300][14,757s][info][gc] GC(718) Pause Young (Allocation Failure) 72M->5M(247M) 6,068ms
[2024-08-07T20:37:51.633+0300][14,773s][info][gc] GC(719) Pause Young (Allocation Failure) 73M->3M(247M) 3,253ms
[2024-08-07T20:37:51.652+0300][14,791s][info][gc] GC(720) Pause Young (Allocation Failure) 72M->5M(247M) 5,792ms
[2024-08-07T20:37:51.668+0300][14,807s][info][gc] GC(721) Pause Young (Allocation Failure) 73M->3M(247M) 2,734ms
[2024-08-07T20:37:51.687+0300][14,826s][info][gc] GC(722) Pause Young (Allocation Failure) 71M->5M(247M) 5,980ms
[2024-08-07T20:37:51.702+0300][14,841s][info][gc] GC(723) Pause Young (Allocation Failure) 73M->3M(247M) 2,454ms
[2024-08-07T20:37:51.720+0300][14,859s][info][gc] GC(724) Pause Young (Allocation Failure) 71M->4M(247M) 5,295ms
[2024-08-07T20:37:51.735+0300][14,874s][info][gc] GC(725) Pause Young (Allocation Failure) 73M->3M(247M) 2,251ms
[2024-08-07T20:37:51.752+0300][14,892s][info][gc] GC(726) Pause Young (Allocation Failure) 71M->4M(247M) 5,009ms
[2024-08-07T20:37:51.767+0300][14,906s][info][gc] GC(727) Pause Young (Allocation Failure) 73M->3M(247M) 1,738ms
[2024-08-07T20:37:51.785+0300][14,924s][info][gc] GC(728) Pause Young (Allocation Failure) 71M->4M(247M) 5,114ms
[2024-08-07T20:37:51.799+0300][14,938s][info][gc] GC(729) Pause Young (Allocation Failure) 72M->2M(247M) 1,528ms
[2024-08-07T20:37:51.816+0300][14,955s][info][gc] GC(730) Pause Young (Allocation Failure) 71M->4M(247M) 4,266ms
[2024-08-07T20:37:51.830+0300][14,970s][info][gc] GC(731) Pause Young (Allocation Failure) 72M->2M(247M) 1,364ms
[2024-08-07T20:37:51.847+0300][14,987s][info][gc] GC(732) Pause Young (Allocation Failure) 71M->4M(247M) 4,314ms
[2024-08-07T20:37:51.861+0300][15,000s][info][gc] GC(733) Pause Young (Allocation Failure) 72M->2M(247M) 0,883ms
[2024-08-07T20:37:51.878+0300][15,018s][info][gc] GC(734) Pause Young (Allocation Failure) 70M->4M(247M) 4,675ms
[2024-08-07T20:37:51.892+0300][15,031s][info][gc] GC(735) Pause Young (Allocation Failure) 72M->2M(247M) 0,716ms
[2024-08-07T20:37:51.908+0300][15,047s][info][gc] GC(736) Pause Young (Allocation Failure) 70M->3M(247M) 3,389ms
[2024-08-07T20:37:51.921+0300][15,061s][info][gc] GC(737) Pause Young (Allocation Failure) 72M->2M(247M) 0,515ms
[2024-08-07T20:37:51.937+0300][15,076s][info][gc] GC(738) Pause Young (Allocation Failure) 70M->3M(247M) 3,047ms
[2024-08-07T20:37:51.955+0300][15,095s][info][gc] GC(739) Pause Young (Allocation Failure) 72M->5M(247M) 5,885ms
[2024-08-07T20:37:51.971+0300][15,111s][info][gc] GC(740) Pause Young (Allocation Failure) 73M->3M(247M) 3,084ms
[2024-08-07T20:37:51.990+0300][15,129s][info][gc] GC(741) Pause Young (Allocation Failure) 71M->5M(247M) 5,547ms
[2024-08-07T20:37:52.005+0300][15,145s][info][gc] GC(742) Pause Young (Allocation Failure) 73M->3M(247M) 2,880ms
[2024-08-07T20:37:52.024+0300][15,163s][info][gc] GC(743) Pause Young (Allocation Failure) 71M->4M(247M) 5,855ms
[2024-08-07T20:37:52.039+0300][15,178s][info][gc] GC(744) Pause Young (Allocation Failure) 73M->3M(247M) 2,338ms
[2024-08-07T20:37:52.057+0300][15,196s][info][gc] GC(745) Pause Young (Allocation Failure) 71M->4M(247M) 5,524ms
[2024-08-07T20:37:52.072+0300][15,212s][info][gc] GC(746) Pause Young (Allocation Failure) 73M->3M(247M) 2,362ms
[2024-08-07T20:37:52.090+0300][15,229s][info][gc] GC(747) Pause Young (Allocation Failure) 71M->4M(247M) 4,820ms
[2024-08-07T20:37:52.104+0300][15,244s][info][gc] GC(748) Pause Young (Allocation Failure) 72M->3M(247M) 1,745ms
[2024-08-07T20:37:52.123+0300][15,262s][info][gc] GC(749) Pause Young (Allocation Failure) 71M->4M(247M) 5,591ms
[2024-08-07T20:37:52.137+0300][15,277s][info][gc] GC(750) Pause Young (Allocation Failure) 72M->2M(247M) 1,426ms
[2024-08-07T20:37:52.154+0300][15,294s][info][gc] GC(751) Pause Young (Allocation Failure) 71M->4M(247M) 4,289ms
[2024-08-07T20:37:52.169+0300][15,308s][info][gc] GC(752) Pause Young (Allocation Failure) 72M->2M(247M) 1,276ms
[2024-08-07T20:37:52.186+0300][15,325s][info][gc] GC(753) Pause Young (Allocation Failure) 71M->4M(247M) 4,245ms
[2024-08-07T20:37:52.199+0300][15,339s][info][gc] GC(754) Pause Young (Allocation Failure) 72M->2M(247M) 0,837ms
[2024-08-07T20:37:52.217+0300][15,356s][info][gc] GC(755) Pause Young (Allocation Failure) 70M->4M(247M) 4,436ms
[2024-08-07T20:37:52.230+0300][15,369s][info][gc] GC(756) Pause Young (Allocation Failure) 72M->2M(247M) 0,570ms
[2024-08-07T20:37:52.246+0300][15,386s][info][gc] GC(757) Pause Young (Allocation Failure) 70M->3M(247M) 3,539ms
[2024-08-07T20:37:52.270+0300][15,410s][info][gc] GC(758) Pause Young (Allocation Failure) 72M->5M(247M) 11,155ms
[2024-08-07T20:37:52.290+0300][15,429s][info][gc] GC(759) Pause Young (Allocation Failure) 73M->3M(247M) 5,211ms
[2024-08-07T20:37:52.314+0300][15,454s][info][gc] GC(760) Pause Young (Allocation Failure) 72M->5M(247M) 10,362ms
[2024-08-07T20:37:52.333+0300][15,473s][info][gc] GC(761) Pause Young (Allocation Failure) 73M->3M(247M) 5,420ms
[2024-08-07T20:37:52.358+0300][15,497s][info][gc] GC(762) Pause Young (Allocation Failure) 71M->5M(247M) 10,053ms
[2024-08-07T20:37:52.376+0300][15,516s][info][gc] GC(763) Pause Young (Allocation Failure) 73M->3M(247M) 4,613ms
[2024-08-07T20:37:52.401+0300][15,540s][info][gc] GC(764) Pause Young (Allocation Failure) 71M->4M(247M) 10,256ms
[2024-08-07T20:37:52.418+0300][15,558s][info][gc] GC(765) Pause Young (Allocation Failure) 73M->3M(247M) 3,917ms
[2024-08-07T20:37:52.438+0300][15,577s][info][gc] GC(766) Pause Young (Allocation Failure) 71M->4M(247M) 5,234ms
[2024-08-07T20:37:52.456+0300][15,595s][info][gc] GC(767) Pause Young (Allocation Failure) 73M->3M(247M) 3,444ms
[2024-08-07T20:37:52.478+0300][15,617s][info][gc] GC(768) Pause Young (Allocation Failure) 71M->4M(247M) 8,566ms
[2024-08-07T20:37:52.495+0300][15,635s][info][gc] GC(769) Pause Young (Allocation Failure) 72M->2M(247M) 2,849ms
[2024-08-07T20:37:52.518+0300][15,657s][info][gc] GC(770) Pause Young (Allocation Failure) 71M->4M(247M) 8,126ms
[2024-08-07T20:37:52.533+0300][15,672s][info][gc] GC(771) Pause Young (Allocation Failure) 72M->2M(247M) 2,323ms
[2024-08-07T20:37:52.558+0300][15,697s][info][gc] GC(772) Pause Young (Allocation Failure) 71M->4M(247M) 7,331ms
[2024-08-07T20:37:52.574+0300][15,713s][info][gc] GC(773) Pause Young (Allocation Failure) 72M->2M(247M) 2,019ms
[2024-08-07T20:37:52.594+0300][15,734s][info][gc] GC(774) Pause Young (Allocation Failure) 70M->4M(247M) 7,132ms
[2024-08-07T20:37:52.610+0300][15,749s][info][gc] GC(775) Pause Young (Allocation Failure) 72M->2M(247M) 1,323ms
[2024-08-07T20:37:52.631+0300][15,770s][info][gc] GC(776) Pause Young (Allocation Failure) 70M->3M(247M) 6,628ms
[2024-08-07T20:37:52.645+0300][15,785s][info][gc] GC(777) Pause Young (Allocation Failure) 72M->2M(247M) 0,790ms
[2024-08-07T20:37:52.664+0300][15,803s][info][gc] GC(778) Pause Young (Allocation Failure) 70M->3M(247M) 5,836ms
[2024-08-07T20:37:52.690+0300][15,829s][info][gc] GC(779) Pause Young (Allocation Failure) 72M->5M(247M) 11,829ms
[2024-08-07T20:37:52.709+0300][15,848s][info][gc] GC(780) Pause Young (Allocation Failure) 73M->3M(247M) 4,978ms
[2024-08-07T20:37:52.729+0300][15,869s][info][gc] GC(781) Pause Young (Allocation Failure) 71M->5M(247M) 5,919ms
[2024-08-07T20:37:52.748+0300][15,887s][info][gc] GC(782) Pause Young (Allocation Failure) 73M->3M(247M) 5,235ms
[2024-08-07T20:37:52.772+0300][15,911s][info][gc] GC(783) Pause Young (Allocation Failure) 71M->4M(247M) 9,777ms
[2024-08-07T20:37:52.791+0300][15,930s][info][gc] GC(784) Pause Young (Allocation Failure) 73M->3M(247M) 5,047ms
[2024-08-07T20:37:52.815+0300][15,954s][info][gc] GC(785) Pause Young (Allocation Failure) 71M->4M(247M) 9,646ms
[2024-08-07T20:37:52.832+0300][15,971s][info][gc] GC(786) Pause Young (Allocation Failure) 73M->3M(247M) 3,307ms
[2024-08-07T20:37:52.855+0300][15,994s][info][gc] GC(787) Pause Young (Allocation Failure) 71M->4M(247M) 9,182ms
[2024-08-07T20:37:52.872+0300][16,012s][info][gc] GC(788) Pause Young (Allocation Failure) 72M->3M(247M) 3,256ms
[2024-08-07T20:37:52.894+0300][16,034s][info][gc] GC(789) Pause Young (Allocation Failure) 71M->4M(247M) 8,046ms
[2024-08-07T20:37:52.911+0300][16,050s][info][gc] GC(790) Pause Young (Allocation Failure) 72M->2M(247M) 2,656ms
[2024-08-07T20:37:52.933+0300][16,073s][info][gc] GC(791) Pause Young (Allocation Failure) 71M->4M(247M) 8,333ms
[2024-08-07T20:37:52.949+0300][16,089s][info][gc] GC(792) Pause Young (Allocation Failure) 72M->2M(247M) 2,086ms
[2024-08-07T20:37:52.970+0300][16,109s][info][gc] GC(793) Pause Young (Allocation Failure) 71M->4M(247M) 7,210ms
[2024-08-07T20:37:52.986+0300][16,125s][info][gc] GC(794) Pause Young (Allocation Failure) 72M->2M(247M) 1,747ms
[2024-08-07T20:37:53.005+0300][16,145s][info][gc] GC(795) Pause Young (Allocation Failure) 70M->4M(247M) 5,918ms
[2024-08-07T20:37:53.020+0300][16,160s][info][gc] GC(796) Pause Young (Allocation Failure) 72M->2M(247M) 1,359ms
[2024-08-07T20:37:53.040+0300][16,180s][info][gc] GC(797) Pause Young (Allocation Failure) 70M->3M(247M) 6,611ms
[2024-08-07T20:37:53.066+0300][16,205s][info][gc] GC(798) Pause Young (Allocation Failure) 72M->5M(247M) 11,482ms
[2024-08-07T20:37:53.086+0300][16,225s][info][gc] GC(799) Pause Young (Allocation Failure) 73M->3M(247M) 5,690ms
[2024-08-07T20:37:53.112+0300][16,251s][info][gc] GC(800) Pause Young (Allocation Failure) 72M->5M(247M) 11,174ms
[2024-08-07T20:37:53.130+0300][16,270s][info][gc] GC(801) Pause Young (Allocation Failure) 73M->3M(247M) 4,683ms
[2024-08-07T20:37:53.152+0300][16,291s][info][gc] GC(802) Pause Young (Allocation Failure) 71M->5M(247M) 5,822ms
[2024-08-07T20:37:53.171+0300][16,310s][info][gc] GC(803) Pause Young (Allocation Failure) 73M->3M(247M) 4,633ms
[2024-08-07T20:37:53.194+0300][16,334s][info][gc] GC(804) Pause Young (Allocation Failure) 71M->4M(247M) 9,436ms
[2024-08-07T20:37:53.213+0300][16,352s][info][gc] GC(805) Pause Young (Allocation Failure) 73M->3M(247M) 4,141ms
[2024-08-07T20:37:53.236+0300][16,375s][info][gc] GC(806) Pause Young (Allocation Failure) 71M->4M(247M) 10,140ms
[2024-08-07T20:37:53.253+0300][16,393s][info][gc] GC(807) Pause Young (Allocation Failure) 73M->3M(247M) 3,249ms
[2024-08-07T20:37:53.276+0300][16,415s][info][gc] GC(808) Pause Young (Allocation Failure) 71M->4M(247M) 8,617ms
[2024-08-07T20:37:53.293+0300][16,432s][info][gc] GC(809) Pause Young (Allocation Failure) 72M->2M(247M) 2,853ms
[2024-08-07T20:37:53.315+0300][16,455s][info][gc] GC(810) Pause Young (Allocation Failure) 71M->4M(247M) 8,207ms
[2024-08-07T20:37:53.332+0300][16,471s][info][gc] GC(811) Pause Young (Allocation Failure) 72M->2M(247M) 2,460ms
[2024-08-07T20:37:53.353+0300][16,493s][info][gc] GC(812) Pause Young (Allocation Failure) 71M->4M(247M) 7,432ms
[2024-08-07T20:37:53.368+0300][16,508s][info][gc] GC(813) Pause Young (Allocation Failure) 72M->2M(247M) 1,796ms
[2024-08-07T20:37:53.389+0300][16,528s][info][gc] GC(814) Pause Young (Allocation Failure) 70M->4M(247M) 7,159ms
[2024-08-07T20:37:53.405+0300][16,544s][info][gc] GC(815) Pause Young (Allocation Failure) 72M->2M(247M) 1,617ms
[2024-08-07T20:37:53.425+0300][16,565s][info][gc] GC(816) Pause Young (Allocation Failure) 70M->3M(247M) 6,727ms
[2024-08-07T20:37:53.441+0300][16,580s][info][gc] GC(817) Pause Young (Allocation Failure) 72M->2M(247M) 1,094ms
[2024-08-07T20:37:53.460+0300][16,599s][info][gc] GC(818) Pause Young (Allocation Failure) 70M->3M(247M) 6,180ms
[2024-08-07T20:37:53.485+0300][16,624s][info][gc] GC(819) Pause Young (Allocation Failure) 72M->5M(247M) 11,109ms
[2024-08-07T20:37:53.504+0300][16,643s][info][gc] GC(820) Pause Young (Allocation Failure) 73M->3M(247M) 5,044ms
[2024-08-07T20:37:53.527+0300][16,667s][info][gc] GC(821) Pause Young (Allocation Failure) 71M->5M(247M) 10,950ms
[2024-08-07T20:37:53.546+0300][16,686s][info][gc] GC(822) Pause Young (Allocation Failure) 73M->3M(247M) 4,603ms
[2024-08-07T20:37:53.570+0300][16,710s][info][gc] GC(823) Pause Young (Allocation Failure) 71M->4M(247M) 9,750ms
[2024-08-07T20:37:53.589+0300][16,728s][info][gc] GC(824) Pause Young (Allocation Failure) 73M->3M(247M) 4,236ms
[2024-08-07T20:37:53.612+0300][16,751s][info][gc] GC(825) Pause Young (Allocation Failure) 71M->4M(247M) 9,150ms
[2024-08-07T20:37:53.630+0300][16,769s][info][gc] GC(826) Pause Young (Allocation Failure) 73M->3M(247M) 3,624ms
[2024-08-07T20:37:53.653+0300][16,793s][info][gc] GC(827) Pause Young (Allocation Failure) 71M->4M(247M) 9,411ms
[2024-08-07T20:37:53.670+0300][16,810s][info][gc] GC(828) Pause Young (Allocation Failure) 72M->3M(247M) 3,060ms
[2024-08-07T20:37:53.693+0300][16,832s][info][gc] GC(829) Pause Young (Allocation Failure) 71M->4M(247M) 8,354ms
[2024-08-07T20:37:53.708+0300][16,848s][info][gc] GC(830) Pause Young (Allocation Failure) 72M->2M(247M) 2,915ms
[2024-08-07T20:37:53.730+0300][16,869s][info][gc] GC(831) Pause Young (Allocation Failure) 71M->4M(247M) 7,868ms
[2024-08-07T20:37:53.745+0300][16,885s][info][gc] GC(832) Pause Young (Allocation Failure) 72M->2M(247M) 2,058ms
[2024-08-07T20:37:53.767+0300][16,907s][info][gc] GC(833) Pause Young (Allocation Failure) 71M->4M(247M) 7,763ms
[2024-08-07T20:37:53.782+0300][16,922s][info][gc] GC(834) Pause Young (Allocation Failure) 72M->2M(247M) 1,822ms
[2024-08-07T20:37:53.803+0300][16,942s][info][gc] GC(835) Pause Young (Allocation Failure) 70M->4M(247M) 6,941ms
[2024-08-07T20:37:53.818+0300][16,958s][info][gc] GC(836) Pause Young (Allocation Failure) 72M->2M(247M) 1,338ms
[2024-08-07T20:37:53.837+0300][16,977s][info][gc] GC(837) Pause Young (Allocation Failure) 70M->3M(247M) 6,022ms
[2024-08-07T20:37:53.852+0300][16,991s][info][gc] GC(838) Pause Young (Allocation Failure) 72M->2M(247M) 0,878ms
[2024-08-07T20:37:53.871+0300][17,010s][info][gc] GC(839) Pause Young (Allocation Failure) 70M->3M(247M) 6,105ms
[2024-08-07T20:37:53.896+0300][17,035s][info][gc] GC(840) Pause Young (Allocation Failure) 72M->5M(247M) 10,826ms
[2024-08-07T20:37:53.915+0300][17,055s][info][gc] GC(841) Pause Young (Allocation Failure) 73M->3M(247M) 5,283ms
[2024-08-07T20:37:53.940+0300][17,079s][info][gc] GC(842) Pause Young (Allocation Failure) 71M->5M(247M) 10,789ms
[2024-08-07T20:37:53.959+0300][17,098s][info][gc] GC(843) Pause Young (Allocation Failure) 73M->3M(247M) 4,525ms
[2024-08-07T20:37:53.982+0300][17,121s][info][gc] GC(844) Pause Young (Allocation Failure) 71M->4M(247M) 9,524ms
[2024-08-07T20:37:54.001+0300][17,140s][info][gc] GC(845) Pause Young (Allocation Failure) 73M->3M(247M) 4,232ms
[2024-08-07T20:37:54.024+0300][17,164s][info][gc] GC(846) Pause Young (Allocation Failure) 71M->4M(247M) 8,963ms
[2024-08-07T20:37:54.042+0300][17,181s][info][gc] GC(847) Pause Young (Allocation Failure) 73M->3M(247M) 3,422ms
[2024-08-07T20:37:54.063+0300][17,203s][info][gc] GC(848) Pause Young (Allocation Failure) 71M->4M(247M) 7,850ms
[2024-08-07T20:37:54.081+0300][17,220s][info][gc] GC(849) Pause Young (Allocation Failure) 72M->2M(247M) 2,953ms
[2024-08-07T20:37:54.103+0300][17,242s][info][gc] GC(850) Pause Young (Allocation Failure) 71M->4M(247M) 8,215ms
[2024-08-07T20:37:54.119+0300][17,258s][info][gc] GC(851) Pause Young (Allocation Failure) 72M->2M(247M) 2,413ms
[2024-08-07T20:37:54.140+0300][17,279s][info][gc] GC(852) Pause Young (Allocation Failure) 71M->4M(247M) 7,678ms
[2024-08-07T20:37:54.156+0300][17,295s][info][gc] GC(853) Pause Young (Allocation Failure) 72M->2M(247M) 1,815ms
[2024-08-07T20:37:54.177+0300][17,316s][info][gc] GC(854) Pause Young (Allocation Failure) 70M->4M(247M) 7,394ms
[2024-08-07T20:37:54.192+0300][17,332s][info][gc] GC(855) Pause Young (Allocation Failure) 72M->2M(247M) 1,610ms
[2024-08-07T20:37:54.212+0300][17,352s][info][gc] GC(856) Pause Young (Allocation Failure) 70M->3M(247M) 6,560ms
[2024-08-07T20:37:54.227+0300][17,366s][info][gc] GC(857) Pause Young (Allocation Failure) 72M->2M(247M) 1,118ms
[2024-08-07T20:37:54.246+0300][17,385s][info][gc] GC(858) Pause Young (Allocation Failure) 70M->3M(247M) 6,271ms
[2024-08-07T20:37:54.271+0300][17,410s][info][gc] GC(859) Pause Young (Allocation Failure) 72M->5M(247M) 11,167ms
[2024-08-07T20:37:54.291+0300][17,430s][info][gc] GC(860) Pause Young (Allocation Failure) 73M->3M(247M) 5,681ms
[2024-08-07T20:37:54.316+0300][17,455s][info][gc] GC(861) Pause Young (Allocation Failure) 71M->5M(247M) 10,657ms
[2024-08-07T20:37:54.334+0300][17,473s][info][gc] GC(862) Pause Young (Allocation Failure) 73M->3M(247M) 4,381ms
[2024-08-07T20:37:54.357+0300][17,497s][info][gc] GC(863) Pause Young (Allocation Failure) 71M->4M(247M) 10,615ms
[2024-08-07T20:37:54.374+0300][17,513s][info][gc] GC(864) Pause Young (Allocation Failure) 73M->3M(247M) 2,715ms
[2024-08-07T20:37:54.397+0300][17,536s][info][gc] GC(865) Pause Young (Allocation Failure) 71M->4M(247M) 9,216ms
[2024-08-07T20:37:54.415+0300][17,555s][info][gc] GC(866) Pause Young (Allocation Failure) 73M->3M(247M) 3,960ms
[2024-08-07T20:37:54.438+0300][17,577s][info][gc] GC(867) Pause Young (Allocation Failure) 71M->4M(247M) 8,927ms
[2024-08-07T20:37:54.455+0300][17,595s][info][gc] GC(868) Pause Young (Allocation Failure) 72M->3M(247M) 3,061ms
[2024-08-07T20:37:54.478+0300][17,618s][info][gc] GC(869) Pause Young (Allocation Failure) 71M->4M(247M) 8,800ms
[2024-08-07T20:37:54.495+0300][17,634s][info][gc] GC(870) Pause Young (Allocation Failure) 72M->2M(247M) 2,531ms
[2024-08-07T20:37:54.517+0300][17,657s][info][gc] GC(871) Pause Young (Allocation Failure) 71M->4M(247M) 8,055ms
[2024-08-07T20:37:54.534+0300][17,673s][info][gc] GC(872) Pause Young (Allocation Failure) 72M->2M(247M) 2,383ms
[2024-08-07T20:37:54.555+0300][17,694s][info][gc] GC(873) Pause Young (Allocation Failure) 71M->4M(247M) 7,247ms
[2024-08-07T20:37:54.571+0300][17,710s][info][gc] GC(874) Pause Young (Allocation Failure) 72M->2M(247M) 1,846ms
[2024-08-07T20:37:54.591+0300][17,730s][info][gc] GC(875) Pause Young (Allocation Failure) 70M->4M(247M) 7,073ms
[2024-08-07T20:37:54.606+0300][17,745s][info][gc] GC(876) Pause Young (Allocation Failure) 72M->2M(247M) 1,222ms
[2024-08-07T20:37:54.625+0300][17,765s][info][gc] GC(877) Pause Young (Allocation Failure) 70M->3M(247M) 6,759ms
[2024-08-07T20:37:54.641+0300][17,780s][info][gc] GC(878) Pause Young (Allocation Failure) 72M->2M(247M) 0,922ms
[2024-08-07T20:37:54.659+0300][17,798s][info][gc] GC(879) Pause Young (Allocation Failure) 70M->3M(247M) 5,483ms
[2024-08-07T20:37:54.679+0300][17,819s][info][gc] GC(880) Pause Young (Allocation Failure) 72M->5M(247M) 5,921ms
[2024-08-07T20:37:54.698+0300][17,838s][info][gc] GC(881) Pause Young (Allocation Failure) 73M->3M(247M) 5,387ms
[2024-08-07T20:37:54.724+0300][17,863s][info][gc] GC(882) Pause Young (Allocation Failure) 71M->5M(247M) 10,109ms
[2024-08-07T20:37:54.743+0300][17,882s][info][gc] GC(883) Pause Young (Allocation Failure) 73M->3M(247M) 4,734ms
[2024-08-07T20:37:54.766+0300][17,906s][info][gc] GC(884) Pause Young (Allocation Failure) 71M->4M(247M) 10,263ms
[2024-08-07T20:37:54.784+0300][17,924s][info][gc] GC(885) Pause Young (Allocation Failure) 73M->3M(247M) 4,078ms
[2024-08-07T20:37:54.807+0300][17,947s][info][gc] GC(886) Pause Young (Allocation Failure) 71M->4M(247M) 9,347ms
[2024-08-07T20:37:54.825+0300][17,964s][info][gc] GC(887) Pause Young (Allocation Failure) 73M->3M(247M) 3,467ms
[2024-08-07T20:37:54.848+0300][17,987s][info][gc] GC(888) Pause Young (Allocation Failure) 71M->4M(247M) 8,816ms
[2024-08-07T20:37:54.865+0300][18,004s][info][gc] GC(889) Pause Young (Allocation Failure) 72M->2M(247M) 2,738ms
[2024-08-07T20:37:54.887+0300][18,027s][info][gc] GC(890) Pause Young (Allocation Failure) 71M->4M(247M) 8,580ms
[2024-08-07T20:37:54.903+0300][18,043s][info][gc] GC(891) Pause Young (Allocation Failure) 72M->2M(247M) 2,150ms
[2024-08-07T20:37:54.924+0300][18,064s][info][gc] GC(892) Pause Young (Allocation Failure) 71M->4M(247M) 7,536ms
[2024-08-07T20:37:54.941+0300][18,080s][info][gc] GC(893) Pause Young (Allocation Failure) 72M->2M(247M) 2,023ms
[2024-08-07T20:37:54.961+0300][18,100s][info][gc] GC(894) Pause Young (Allocation Failure) 70M->4M(247M) 7,115ms
[2024-08-07T20:37:54.977+0300][18,116s][info][gc] GC(895) Pause Young (Allocation Failure) 72M->2M(247M) 1,398ms
[2024-08-07T20:37:54.997+0300][18,136s][info][gc] GC(896) Pause Young (Allocation Failure) 70M->3M(247M) 6,849ms
[2024-08-07T20:37:55.011+0300][18,151s][info][gc] GC(897) Pause Young (Allocation Failure) 72M->2M(247M) 1,156ms
[2024-08-07T20:37:55.030+0300][18,170s][info][gc] GC(898) Pause Young (Allocation Failure) 70M->3M(247M) 5,970ms
[2024-08-07T20:37:55.056+0300][18,196s][info][gc] GC(899) Pause Young (Allocation Failure) 72M->5M(247M) 11,871ms
[2024-08-07T20:37:55.076+0300][18,216s][info][gc] GC(900) Pause Young (Allocation Failure) 73M->3M(247M) 5,790ms
[2024-08-07T20:37:55.101+0300][18,241s][info][gc] GC(901) Pause Young (Allocation Failure) 71M->5M(247M) 10,761ms
[2024-08-07T20:37:55.121+0300][18,260s][info][gc] GC(902) Pause Young (Allocation Failure) 73M->3M(247M) 5,365ms
[2024-08-07T20:37:55.145+0300][18,284s][info][gc] GC(903) Pause Young (Allocation Failure) 71M->4M(247M) 10,025ms
[2024-08-07T20:37:55.163+0300][18,302s][info][gc] GC(904) Pause Young (Allocation Failure) 73M->3M(247M) 4,263ms
[2024-08-07T20:37:55.187+0300][18,326s][info][gc] GC(905) Pause Young (Allocation Failure) 71M->4M(247M) 10,178ms
[2024-08-07T20:37:55.204+0300][18,343s][info][gc] GC(906) Pause Young (Allocation Failure) 73M->3M(247M) 3,752ms
[2024-08-07T20:37:55.227+0300][18,366s][info][gc] GC(907) Pause Young (Allocation Failure) 71M->4M(247M) 8,851ms
[2024-08-07T20:37:55.245+0300][18,384s][info][gc] GC(908) Pause Young (Allocation Failure) 72M->3M(247M) 3,610ms
[2024-08-07T20:37:55.267+0300][18,407s][info][gc] GC(909) Pause Young (Allocation Failure) 71M->4M(247M) 8,481ms
[2024-08-07T20:37:55.284+0300][18,423s][info][gc] GC(910) Pause Young (Allocation Failure) 72M->2M(247M) 2,403ms
[2024-08-07T20:37:55.302+0300][18,441s][info][gc] GC(911) Pause Young (Allocation Failure) 71M->4M(247M) 4,807ms
[2024-08-07T20:37:55.318+0300][18,457s][info][gc] GC(912) Pause Young (Allocation Failure) 72M->2M(247M) 1,670ms
[2024-08-07T20:37:55.335+0300][18,474s][info][gc] GC(913) Pause Young (Allocation Failure) 71M->4M(247M) 4,008ms
[2024-08-07T20:37:55.351+0300][18,490s][info][gc] GC(914) Pause Young (Allocation Failure) 72M->2M(247M) 1,671ms
[2024-08-07T20:37:55.371+0300][18,510s][info][gc] GC(915) Pause Young (Allocation Failure) 70M->4M(247M) 7,032ms
[2024-08-07T20:37:55.387+0300][18,526s][info][gc] GC(916) Pause Young (Allocation Failure) 72M->2M(247M) 1,230ms
[2024-08-07T20:37:55.406+0300][18,545s][info][gc] GC(917) Pause Young (Allocation Failure) 70M->3M(247M) 6,457ms
[2024-08-07T20:37:55.420+0300][18,560s][info][gc] GC(918) Pause Young (Allocation Failure) 72M->2M(247M) 0,919ms
[2024-08-07T20:37:55.439+0300][18,578s][info][gc] GC(919) Pause Young (Allocation Failure) 70M->3M(247M) 5,949ms
[2024-08-07T20:37:55.465+0300][18,604s][info][gc] GC(920) Pause Young (Allocation Failure) 72M->5M(247M) 11,606ms
[2024-08-07T20:37:55.484+0300][18,623s][info][gc] GC(921) Pause Young (Allocation Failure) 73M->3M(247M) 5,112ms
[2024-08-07T20:37:55.507+0300][18,647s][info][gc] GC(922) Pause Young (Allocation Failure) 71M->5M(247M) 9,774ms
[2024-08-07T20:37:55.526+0300][18,666s][info][gc] GC(923) Pause Young (Allocation Failure) 73M->3M(247M) 4,979ms
[2024-08-07T20:37:55.550+0300][18,690s][info][gc] GC(924) Pause Young (Allocation Failure) 71M->4M(247M) 9,850ms
[2024-08-07T20:37:55.568+0300][18,708s][info][gc] GC(925) Pause Young (Allocation Failure) 73M->3M(247M) 4,077ms
[2024-08-07T20:37:55.591+0300][18,731s][info][gc] GC(926) Pause Young (Allocation Failure) 71M->4M(247M) 9,504ms
[2024-08-07T20:37:55.609+0300][18,749s][info][gc] GC(927) Pause Young (Allocation Failure) 73M->3M(247M) 3,704ms
[2024-08-07T20:37:55.632+0300][18,772s][info][gc] GC(928) Pause Young (Allocation Failure) 71M->4M(247M) 8,906ms
[2024-08-07T20:37:55.650+0300][18,789s][info][gc] GC(929) Pause Young (Allocation Failure) 72M->2M(247M) 3,062ms
[2024-08-07T20:37:55.671+0300][18,811s][info][gc] GC(930) Pause Young (Allocation Failure) 71M->4M(247M) 7,770ms
[2024-08-07T20:37:55.687+0300][18,827s][info][gc] GC(931) Pause Young (Allocation Failure) 72M->2M(247M) 2,675ms
[2024-08-07T20:37:55.709+0300][18,848s][info][gc] GC(932) Pause Young (Allocation Failure) 71M->4M(247M) 7,967ms
[2024-08-07T20:37:55.725+0300][18,864s][info][gc] GC(933) Pause Young (Allocation Failure) 72M->2M(247M) 1,711ms
[2024-08-07T20:37:55.745+0300][18,884s][info][gc] GC(934) Pause Young (Allocation Failure) 71M->4M(247M) 6,647ms
[2024-08-07T20:37:55.760+0300][18,900s][info][gc] GC(935) Pause Young (Allocation Failure) 72M->2M(247M) 1,476ms
[2024-08-07T20:37:55.780+0300][18,919s][info][gc] GC(936) Pause Young (Allocation Failure) 70M->3M(247M) 6,570ms
[2024-08-07T20:37:55.795+0300][18,934s][info][gc] GC(937) Pause Young (Allocation Failure) 72M->2M(247M) 0,959ms
[2024-08-07T20:37:55.814+0300][18,954s][info][gc] GC(938) Pause Young (Allocation Failure) 70M->3M(247M) 6,332ms
[2024-08-07T20:37:55.839+0300][18,979s][info][gc] GC(939) Pause Young (Allocation Failure) 72M->5M(247M) 11,049ms
[2024-08-07T20:37:55.858+0300][18,997s][info][gc] GC(940) Pause Young (Allocation Failure) 73M->3M(247M) 5,354ms
[2024-08-07T20:37:55.883+0300][19,022s][info][gc] GC(941) Pause Young (Allocation Failure) 71M->5M(247M) 11,195ms
[2024-08-07T20:37:55.900+0300][19,040s][info][gc] GC(942) Pause Young (Allocation Failure) 73M->3M(247M) 2,962ms
[2024-08-07T20:37:55.919+0300][19,058s][info][gc] GC(943) Pause Young (Allocation Failure) 71M->4M(247M) 5,726ms
[2024-08-07T20:37:55.935+0300][19,075s][info][gc] GC(944) Pause Young (Allocation Failure) 73M->3M(247M) 2,852ms
[2024-08-07T20:37:55.959+0300][19,098s][info][gc] GC(945) Pause Young (Allocation Failure) 71M->4M(247M) 9,040ms
[2024-08-07T20:37:55.976+0300][19,116s][info][gc] GC(946) Pause Young (Allocation Failure) 73M->3M(247M) 3,846ms
[2024-08-07T20:37:56.000+0300][19,139s][info][gc] GC(947) Pause Young (Allocation Failure) 71M->4M(247M) 9,423ms
[2024-08-07T20:37:56.018+0300][19,157s][info][gc] GC(948) Pause Young (Allocation Failure) 72M->3M(247M) 3,189ms
[2024-08-07T20:37:56.040+0300][19,180s][info][gc] GC(949) Pause Young (Allocation Failure) 71M->4M(247M) 8,594ms
[2024-08-07T20:37:56.057+0300][19,196s][info][gc] GC(950) Pause Young (Allocation Failure) 72M->2M(247M) 2,882ms
[2024-08-07T20:37:56.079+0300][19,218s][info][gc] GC(951) Pause Young (Allocation Failure) 71M->4M(247M) 7,897ms
[2024-08-07T20:37:56.095+0300][19,234s][info][gc] GC(952) Pause Young (Allocation Failure) 72M->2M(247M) 2,373ms
[2024-08-07T20:37:56.116+0300][19,256s][info][gc] GC(953) Pause Young (Allocation Failure) 71M->4M(247M) 7,918ms
[2024-08-07T20:37:56.132+0300][19,272s][info][gc] GC(954) Pause Young (Allocation Failure) 72M->2M(247M) 1,512ms
[2024-08-07T20:37:56.152+0300][19,292s][info][gc] GC(955) Pause Young (Allocation Failure) 70M->4M(247M) 6,860ms
[2024-08-07T20:37:56.167+0300][19,307s][info][gc] GC(956) Pause Young (Allocation Failure) 72M->2M(247M) 1,225ms
[2024-08-07T20:37:56.187+0300][19,326s][info][gc] GC(957) Pause Young (Allocation Failure) 70M->3M(247M) 6,202ms
[2024-08-07T20:37:56.202+0300][19,341s][info][gc] GC(958) Pause Young (Allocation Failure) 72M->2M(247M) 0,720ms
[2024-08-07T20:37:56.220+0300][19,359s][info][gc] GC(959) Pause Young (Allocation Failure) 70M->3M(247M) 5,748ms
[2024-08-07T20:37:56.245+0300][19,384s][info][gc] GC(960) Pause Young (Allocation Failure) 72M->5M(247M) 10,641ms
[2024-08-07T20:37:56.264+0300][19,403s][info][gc] GC(961) Pause Young (Allocation Failure) 73M->3M(247M) 5,232ms
[2024-08-07T20:37:56.288+0300][19,428s][info][gc] GC(962) Pause Young (Allocation Failure) 71M->5M(247M) 10,883ms
[2024-08-07T20:37:56.307+0300][19,446s][info][gc] GC(963) Pause Young (Allocation Failure) 73M->3M(247M) 4,577ms
[2024-08-07T20:37:56.331+0300][19,470s][info][gc] GC(964) Pause Young (Allocation Failure) 71M->4M(247M) 9,936ms
[2024-08-07T20:37:56.350+0300][19,489s][info][gc] GC(965) Pause Young (Allocation Failure) 73M->3M(247M) 4,537ms
[2024-08-07T20:37:56.373+0300][19,512s][info][gc] GC(966) Pause Young (Allocation Failure) 71M->4M(247M) 9,402ms
[2024-08-07T20:37:56.391+0300][19,530s][info][gc] GC(967) Pause Young (Allocation Failure) 73M->3M(247M) 3,608ms
[2024-08-07T20:37:56.413+0300][19,553s][info][gc] GC(968) Pause Young (Allocation Failure) 71M->4M(247M) 9,335ms
[2024-08-07T20:37:56.430+0300][19,570s][info][gc] GC(969) Pause Young (Allocation Failure) 72M->3M(247M) 2,899ms
[2024-08-07T20:37:56.453+0300][19,592s][info][gc] GC(970) Pause Young (Allocation Failure) 71M->4M(247M) 8,359ms
[2024-08-07T20:37:56.469+0300][19,609s][info][gc] GC(971) Pause Young (Allocation Failure) 72M->2M(247M) 2,697ms
[2024-08-07T20:37:56.491+0300][19,630s][info][gc] GC(972) Pause Young (Allocation Failure) 71M->4M(247M) 7,731ms
[2024-08-07T20:37:56.506+0300][19,646s][info][gc] GC(973) Pause Young (Allocation Failure) 72M->2M(247M) 1,180ms
[2024-08-07T20:37:56.523+0300][19,662s][info][gc] GC(974) Pause Young (Allocation Failure) 71M->4M(247M) 4,025ms
[2024-08-07T20:37:56.538+0300][19,677s][info][gc] GC(975) Pause Young (Allocation Failure) 72M->2M(247M) 0,683ms
[2024-08-07T20:37:56.554+0300][19,694s][info][gc] GC(976) Pause Young (Allocation Failure) 70M->3M(247M) 3,558ms
[2024-08-07T20:37:56.567+0300][19,707s][info][gc] GC(977) Pause Young (Allocation Failure) 72M->2M(247M) 0,502ms
[2024-08-07T20:37:56.583+0300][19,722s][info][gc] GC(978) Pause Young (Allocation Failure) 70M->3M(247M) 3,111ms
[2024-08-07T20:37:56.601+0300][19,741s][info][gc] GC(979) Pause Young (Allocation Failure) 72M->5M(247M) 5,804ms
[2024-08-07T20:37:56.617+0300][19,756s][info][gc] GC(980) Pause Young (Allocation Failure) 73M->3M(247M) 3,081ms
[2024-08-07T20:37:56.635+0300][19,774s][info][gc] GC(981) Pause Young (Allocation Failure) 72M->5M(247M) 5,470ms
[2024-08-07T20:37:56.650+0300][19,790s][info][gc] GC(982) Pause Young (Allocation Failure) 73M->3M(247M) 2,552ms
[2024-08-07T20:37:56.669+0300][19,808s][info][gc] GC(983) Pause Young (Allocation Failure) 71M->4M(247M) 5,758ms
[2024-08-07T20:37:56.684+0300][19,824s][info][gc] GC(984) Pause Young (Allocation Failure) 73M->3M(247M) 2,419ms
[2024-08-07T20:37:56.702+0300][19,841s][info][gc] GC(985) Pause Young (Allocation Failure) 71M->4M(247M) 4,816ms
[2024-08-07T20:37:56.717+0300][19,856s][info][gc] GC(986) Pause Young (Allocation Failure) 73M->3M(247M) 2,200ms
[2024-08-07T20:37:56.734+0300][19,873s][info][gc] GC(987) Pause Young (Allocation Failure) 71M->4M(247M) 4,762ms
[2024-08-07T20:37:56.748+0300][19,888s][info][gc] GC(988) Pause Young (Allocation Failure) 72M->3M(247M) 1,742ms
[2024-08-07T20:37:56.766+0300][19,905s][info][gc] GC(989) Pause Young (Allocation Failure) 71M->4M(247M) 4,735ms
[2024-08-07T20:37:56.780+0300][19,919s][info][gc] GC(990) Pause Young (Allocation Failure) 72M->2M(247M) 1,374ms
[2024-08-07T20:37:56.796+0300][19,936s][info][gc] GC(991) Pause Young (Allocation Failure) 71M->4M(247M) 4,123ms
[2024-08-07T20:37:56.810+0300][19,949s][info][gc] GC(992) Pause Young (Allocation Failure) 72M->2M(247M) 1,212ms
[2024-08-07T20:37:56.827+0300][19,966s][info][gc] GC(993) Pause Young (Allocation Failure) 71M->4M(247M) 3,912ms
[2024-08-07T20:37:56.840+0300][19,980s][info][gc] GC(994) Pause Young (Allocation Failure) 72M->2M(247M) 0,938ms
[2024-08-07T20:37:56.857+0300][19,996s][info][gc] GC(995) Pause Young (Allocation Failure) 70M->4M(247M) 3,831ms
[2024-08-07T20:37:56.870+0300][20,009s][info][gc] GC(996) Pause Young (Allocation Failure) 72M->2M(247M) 0,609ms
[2024-08-07T20:37:56.886+0300][20,025s][info][gc] GC(997) Pause Young (Allocation Failure) 70M->3M(247M) 3,354ms
[2024-08-07T20:37:56.899+0300][20,038s][info][gc] GC(998) Pause Young (Allocation Failure) 72M->2M(247M) 0,395ms
[2024-08-07T20:37:56.914+0300][20,054s][info][gc] GC(999) Pause Young (Allocation Failure) 70M->3M(247M) 3,000ms
[2024-08-07T20:37:56.933+0300][20,072s][info][gc] GC(1000) Pause Young (Allocation Failure) 72M->5M(247M) 6,006ms
[2024-08-07T20:37:56.949+0300][20,088s][info][gc] GC(1001) Pause Young (Allocation Failure) 73M->3M(247M) 3,114ms
[2024-08-07T20:37:56.967+0300][20,107s][info][gc] GC(1002) Pause Young (Allocation Failure) 71M->5M(247M) 5,794ms
[2024-08-07T20:37:56.983+0300][20,122s][info][gc] GC(1003) Pause Young (Allocation Failure) 73M->3M(247M) 2,529ms
[2024-08-07T20:37:57.002+0300][20,141s][info][gc] GC(1004) Pause Young (Allocation Failure) 71M->4M(247M) 5,872ms
[2024-08-07T20:37:57.017+0300][20,156s][info][gc] GC(1005) Pause Young (Allocation Failure) 73M->3M(247M) 2,443ms
[2024-08-07T20:37:57.035+0300][20,174s][info][gc] GC(1006) Pause Young (Allocation Failure) 71M->4M(247M) 5,238ms
[2024-08-07T20:37:57.052+0300][20,192s][info][gc] GC(1007) Pause Young (Allocation Failure) 73M->3M(247M) 3,999ms
[2024-08-07T20:37:57.074+0300][20,213s][info][gc] GC(1008) Pause Young (Allocation Failure) 71M->4M(247M) 4,832ms
[2024-08-07T20:37:57.089+0300][20,228s][info][gc] GC(1009) Pause Young (Allocation Failure) 72M->3M(247M) 1,914ms
[2024-08-07T20:37:57.107+0300][20,246s][info][gc] GC(1010) Pause Young (Allocation Failure) 71M->4M(247M) 4,951ms
[2024-08-07T20:37:57.121+0300][20,260s][info][gc] GC(1011) Pause Young (Allocation Failure) 72M->2M(247M) 1,305ms
[2024-08-07T20:37:57.137+0300][20,277s][info][gc] GC(1012) Pause Young (Allocation Failure) 71M->4M(247M) 4,140ms
[2024-08-07T20:37:57.151+0300][20,291s][info][gc] GC(1013) Pause Young (Allocation Failure) 72M->2M(247M) 1,101ms
[2024-08-07T20:37:57.168+0300][20,307s][info][gc] GC(1014) Pause Young (Allocation Failure) 71M->4M(247M) 4,070ms
[2024-08-07T20:37:57.182+0300][20,321s][info][gc] GC(1015) Pause Young (Allocation Failure) 72M->2M(247M) 0,789ms
[2024-08-07T20:37:57.198+0300][20,337s][info][gc] GC(1016) Pause Young (Allocation Failure) 70M->4M(247M) 3,672ms
[2024-08-07T20:37:57.211+0300][20,350s][info][gc] GC(1017) Pause Young (Allocation Failure) 72M->2M(247M) 0,466ms
[2024-08-07T20:37:57.227+0300][20,366s][info][gc] GC(1018) Pause Young (Allocation Failure) 70M->3M(247M) 3,220ms
[2024-08-07T20:37:57.251+0300][20,391s][info][gc] GC(1019) Pause Young (Allocation Failure) 72M->5M(247M) 12,024ms
[2024-08-07T20:37:57.272+0300][20,411s][info][gc] GC(1020) Pause Young (Allocation Failure) 73M->3M(247M) 6,066ms
[2024-08-07T20:37:57.298+0300][20,437s][info][gc] GC(1021) Pause Young (Allocation Failure) 72M->5M(247M) 11,199ms
[2024-08-07T20:37:57.317+0300][20,456s][info][gc] GC(1022) Pause Young (Allocation Failure) 73M->3M(247M) 5,665ms
[2024-08-07T20:37:57.342+0300][20,481s][info][gc] GC(1023) Pause Young (Allocation Failure) 71M->4M(247M) 10,650ms
[2024-08-07T20:37:57.361+0300][20,501s][info][gc] GC(1024) Pause Young (Allocation Failure) 73M->3M(247M) 4,844ms
[2024-08-07T20:37:57.387+0300][20,526s][info][gc] GC(1025) Pause Young (Allocation Failure) 71M->4M(247M) 10,568ms
[2024-08-07T20:37:57.406+0300][20,545s][info][gc] GC(1026) Pause Young (Allocation Failure) 73M->3M(247M) 4,455ms
[2024-08-07T20:37:57.430+0300][20,569s][info][gc] GC(1027) Pause Young (Allocation Failure) 71M->4M(247M) 9,697ms
[2024-08-07T20:37:57.448+0300][20,587s][info][gc] GC(1028) Pause Young (Allocation Failure) 73M->3M(247M) 4,157ms
[2024-08-07T20:37:57.472+0300][20,611s][info][gc] GC(1029) Pause Young (Allocation Failure) 71M->4M(247M) 9,317ms
[2024-08-07T20:37:57.489+0300][20,629s][info][gc] GC(1030) Pause Young (Allocation Failure) 72M->2M(247M) 3,301ms
[2024-08-07T20:37:57.513+0300][20,653s][info][gc] GC(1031) Pause Young (Allocation Failure) 71M->4M(247M) 9,053ms
[2024-08-07T20:37:57.530+0300][20,670s][info][gc] GC(1032) Pause Young (Allocation Failure) 72M->2M(247M) 2,972ms
[2024-08-07T20:37:57.553+0300][20,693s][info][gc] GC(1033) Pause Young (Allocation Failure) 71M->4M(247M) 7,981ms
[2024-08-07T20:37:57.570+0300][20,709s][info][gc] GC(1034) Pause Young (Allocation Failure) 72M->2M(247M) 2,223ms
[2024-08-07T20:37:57.592+0300][20,732s][info][gc] GC(1035) Pause Young (Allocation Failure) 70M->4M(247M) 7,488ms
[2024-08-07T20:37:57.608+0300][20,748s][info][gc] GC(1036) Pause Young (Allocation Failure) 72M->2M(247M) 1,630ms
[2024-08-07T20:37:57.629+0300][20,768s][info][gc] GC(1037) Pause Young (Allocation Failure) 70M->3M(247M) 7,246ms
[2024-08-07T20:37:57.645+0300][20,784s][info][gc] GC(1038) Pause Young (Allocation Failure) 72M->2M(247M) 1,274ms
[2024-08-07T20:37:57.665+0300][20,804s][info][gc] GC(1039) Pause Young (Allocation Failure) 70M->3M(247M) 6,228ms
[2024-08-07T20:37:57.691+0300][20,830s][info][gc] GC(1040) Pause Young (Allocation Failure) 72M->5M(247M) 12,124ms
[2024-08-07T20:37:57.710+0300][20,850s][info][gc] GC(1041) Pause Young (Allocation Failure) 73M->3M(247M) 5,926ms
[2024-08-07T20:37:57.736+0300][20,875s][info][gc] GC(1042) Pause Young (Allocation Failure) 71M->5M(247M) 10,914ms
[2024-08-07T20:37:57.755+0300][20,895s][info][gc] GC(1043) Pause Young (Allocation Failure) 73M->3M(247M) 5,624ms
[2024-08-07T20:37:57.781+0300][20,920s][info][gc] GC(1044) Pause Young (Allocation Failure) 71M->4M(247M) 10,839ms
[2024-08-07T20:37:57.799+0300][20,939s][info][gc] GC(1045) Pause Young (Allocation Failure) 73M->3M(247M) 4,610ms
[2024-08-07T20:37:57.824+0300][20,964s][info][gc] GC(1046) Pause Young (Allocation Failure) 71M->4M(247M) 10,391ms
[2024-08-07T20:37:57.843+0300][20,982s][info][gc] GC(1047) Pause Young (Allocation Failure) 73M->3M(247M) 3,943ms
[2024-08-07T20:37:57.866+0300][21,006s][info][gc] GC(1048) Pause Young (Allocation Failure) 71M->4M(247M) 9,201ms
[2024-08-07T20:37:57.885+0300][21,024s][info][gc] GC(1049) Pause Young (Allocation Failure) 72M->3M(247M) 3,687ms
[2024-08-07T20:37:57.908+0300][21,048s][info][gc] GC(1050) Pause Young (Allocation Failure) 71M->4M(247M) 8,909ms
[2024-08-07T20:37:57.926+0300][21,065s][info][gc] GC(1051) Pause Young (Allocation Failure) 72M->2M(247M) 3,039ms
[2024-08-07T20:37:57.949+0300][21,089s][info][gc] GC(1052) Pause Young (Allocation Failure) 71M->4M(247M) 8,708ms
[2024-08-07T20:37:57.967+0300][21,106s][info][gc] GC(1053) Pause Young (Allocation Failure) 72M->2M(247M) 2,670ms
[2024-08-07T20:37:57.989+0300][21,128s][info][gc] GC(1054) Pause Young (Allocation Failure) 71M->4M(247M) 7,739ms
[2024-08-07T20:37:58.005+0300][21,144s][info][gc] GC(1055) Pause Young (Allocation Failure) 72M->2M(247M) 1,935ms
[2024-08-07T20:37:58.026+0300][21,165s][info][gc] GC(1056) Pause Young (Allocation Failure) 70M->4M(247M) 7,234ms
[2024-08-07T20:37:58.042+0300][21,181s][info][gc] GC(1057) Pause Young (Allocation Failure) 72M->2M(247M) 1,534ms
[2024-08-07T20:37:58.063+0300][21,202s][info][gc] GC(1058) Pause Young (Allocation Failure) 70M->3M(247M) 6,973ms
[2024-08-07T20:37:58.089+0300][21,228s][info][gc] GC(1059) Pause Young (Allocation Failure) 72M->5M(247M) 11,541ms
[2024-08-07T20:37:58.109+0300][21,249s][info][gc] GC(1060) Pause Young (Allocation Failure) 73M->3M(247M) 6,214ms
[2024-08-07T20:37:58.136+0300][21,275s][info][gc] GC(1061) Pause Young (Allocation Failure) 72M->5M(247M) 11,783ms
[2024-08-07T20:37:58.155+0300][21,295s][info][gc] GC(1062) Pause Young (Allocation Failure) 73M->3M(247M) 5,605ms
[2024-08-07T20:37:58.180+0300][21,320s][info][gc] GC(1063) Pause Young (Allocation Failure) 71M->5M(247M) 10,619ms
[2024-08-07T20:37:58.200+0300][21,339s][info][gc] GC(1064) Pause Young (Allocation Failure) 73M->3M(247M) 5,311ms
[2024-08-07T20:37:58.225+0300][21,364s][info][gc] GC(1065) Pause Young (Allocation Failure) 71M->4M(247M) 10,302ms
[2024-08-07T20:37:58.244+0300][21,383s][info][gc] GC(1066) Pause Young (Allocation Failure) 73M->3M(247M) 4,285ms
[2024-08-07T20:37:58.268+0300][21,408s][info][gc] GC(1067) Pause Young (Allocation Failure) 71M->4M(247M) 10,082ms
[2024-08-07T20:37:58.286+0300][21,426s][info][gc] GC(1068) Pause Young (Allocation Failure) 73M->3M(247M) 3,834ms
[2024-08-07T20:37:58.310+0300][21,450s][info][gc] GC(1069) Pause Young (Allocation Failure) 71M->4M(247M) 9,016ms
[2024-08-07T20:37:58.328+0300][21,468s][info][gc] GC(1070) Pause Young (Allocation Failure) 72M->2M(247M) 3,385ms
[2024-08-07T20:37:58.351+0300][21,491s][info][gc] GC(1071) Pause Young (Allocation Failure) 71M->4M(247M) 8,369ms
[2024-08-07T20:37:58.369+0300][21,508s][info][gc] GC(1072) Pause Young (Allocation Failure) 72M->2M(247M) 3,073ms
[2024-08-07T20:37:58.392+0300][21,531s][info][gc] GC(1073) Pause Young (Allocation Failure) 71M->4M(247M) 8,350ms
[2024-08-07T20:37:58.408+0300][21,547s][info][gc] GC(1074) Pause Young (Allocation Failure) 72M->2M(247M) 2,185ms
[2024-08-07T20:37:58.429+0300][21,569s][info][gc] GC(1075) Pause Young (Allocation Failure) 70M->4M(247M) 7,353ms
[2024-08-07T20:37:58.446+0300][21,585s][info][gc] GC(1076) Pause Young (Allocation Failure) 72M->2M(247M) 1,846ms
[2024-08-07T20:37:58.467+0300][21,606s][info][gc] GC(1077) Pause Young (Allocation Failure) 70M->3M(247M) 7,068ms
[2024-08-07T20:37:58.482+0300][21,622s][info][gc] GC(1078) Pause Young (Allocation Failure) 72M->2M(247M) 1,267ms
[2024-08-07T20:37:58.503+0300][21,642s][info][gc] GC(1079) Pause Young (Allocation Failure) 70M->3M(247M) 6,835ms
[2024-08-07T20:37:58.528+0300][21,668s][info][gc] GC(1080) Pause Young (Allocation Failure) 72M->5M(247M) 11,557ms
[2024-08-07T20:37:58.549+0300][21,688s][info][gc] GC(1081) Pause Young (Allocation Failure) 73M->3M(247M) 5,884ms
[2024-08-07T20:37:58.575+0300][21,715s][info][gc] GC(1082) Pause Young (Allocation Failure) 71M->5M(247M) 11,644ms
[2024-08-07T20:37:58.594+0300][21,734s][info][gc] GC(1083) Pause Young (Allocation Failure) 73M->3M(247M) 5,261ms
[2024-08-07T20:37:58.619+0300][21,759s][info][gc] GC(1084) Pause Young (Allocation Failure) 71M->4M(247M) 10,662ms
[2024-08-07T20:37:58.638+0300][21,777s][info][gc] GC(1085) Pause Young (Allocation Failure) 73M->3M(247M) 5,025ms
[2024-08-07T20:37:58.662+0300][21,802s][info][gc] GC(1086) Pause Young (Allocation Failure) 71M->4M(247M) 9,689ms
[2024-08-07T20:37:58.681+0300][21,820s][info][gc] GC(1087) Pause Young (Allocation Failure) 73M->3M(247M) 4,371ms
[2024-08-07T20:37:58.706+0300][21,845s][info][gc] GC(1088) Pause Young (Allocation Failure) 71M->4M(247M) 10,029ms
[2024-08-07T20:37:58.723+0300][21,863s][info][gc] GC(1089) Pause Young (Allocation Failure) 72M->3M(247M) 3,442ms
[2024-08-07T20:37:58.747+0300][21,887s][info][gc] GC(1090) Pause Young (Allocation Failure) 71M->4M(247M) 8,973ms
[2024-08-07T20:37:58.765+0300][21,904s][info][gc] GC(1091) Pause Young (Allocation Failure) 72M->2M(247M) 3,101ms
[2024-08-07T20:37:58.788+0300][21,928s][info][gc] GC(1092) Pause Young (Allocation Failure) 71M->4M(247M) 8,323ms
[2024-08-07T20:37:58.805+0300][21,945s][info][gc] GC(1093) Pause Young (Allocation Failure) 72M->2M(247M) 2,260ms
[2024-08-07T20:37:58.828+0300][21,968s][info][gc] GC(1094) Pause Young (Allocation Failure) 71M->4M(247M) 8,046ms
[2024-08-07T20:37:58.845+0300][21,985s][info][gc] GC(1095) Pause Young (Allocation Failure) 72M->2M(247M) 2,199ms
[2024-08-07T20:37:58.867+0300][22,007s][info][gc] GC(1096) Pause Young (Allocation Failure) 70M->4M(247M) 7,116ms
[2024-08-07T20:37:58.884+0300][22,023s][info][gc] GC(1097) Pause Young (Allocation Failure) 72M->2M(247M) 1,573ms
[2024-08-07T20:37:58.905+0300][22,044s][info][gc] GC(1098) Pause Young (Allocation Failure) 70M->3M(247M) 6,792ms
[2024-08-07T20:37:58.931+0300][22,070s][info][gc] GC(1099) Pause Young (Allocation Failure) 72M->5M(247M) 11,762ms
[2024-08-07T20:37:58.952+0300][22,091s][info][gc] GC(1100) Pause Young (Allocation Failure) 73M->3M(247M) 6,461ms
[2024-08-07T20:37:58.977+0300][22,117s][info][gc] GC(1101) Pause Young (Allocation Failure) 72M->5M(247M) 11,174ms
[2024-08-07T20:37:58.998+0300][22,137s][info][gc] GC(1102) Pause Young (Allocation Failure) 73M->3M(247M) 5,522ms
[2024-08-07T20:37:59.023+0300][22,162s][info][gc] GC(1103) Pause Young (Allocation Failure) 71M->5M(247M) 11,250ms
[2024-08-07T20:37:59.042+0300][22,182s][info][gc] GC(1104) Pause Young (Allocation Failure) 73M->3M(247M) 4,985ms
[2024-08-07T20:37:59.067+0300][22,206s][info][gc] GC(1105) Pause Young (Allocation Failure) 71M->4M(247M) 10,040ms
[2024-08-07T20:37:59.086+0300][22,225s][info][gc] GC(1106) Pause Young (Allocation Failure) 73M->3M(247M) 4,673ms
[2024-08-07T20:37:59.111+0300][22,250s][info][gc] GC(1107) Pause Young (Allocation Failure) 71M->4M(247M) 9,779ms
[2024-08-07T20:37:59.129+0300][22,269s][info][gc] GC(1108) Pause Young (Allocation Failure) 73M->3M(247M) 3,962ms
[2024-08-07T20:37:59.154+0300][22,293s][info][gc] GC(1109) Pause Young (Allocation Failure) 71M->4M(247M) 9,592ms
[2024-08-07T20:37:59.172+0300][22,312s][info][gc] GC(1110) Pause Young (Allocation Failure) 72M->2M(247M) 3,472ms
[2024-08-07T20:37:59.196+0300][22,335s][info][gc] GC(1111) Pause Young (Allocation Failure) 71M->4M(247M) 8,764ms
[2024-08-07T20:37:59.213+0300][22,352s][info][gc] GC(1112) Pause Young (Allocation Failure) 72M->2M(247M) 2,825ms
[2024-08-07T20:37:59.235+0300][22,375s][info][gc] GC(1113) Pause Young (Allocation Failure) 71M->4M(247M) 8,121ms
[2024-08-07T20:37:59.252+0300][22,391s][info][gc] GC(1114) Pause Young (Allocation Failure) 72M->2M(247M) 1,963ms
[2024-08-07T20:37:59.275+0300][22,414s][info][gc] GC(1115) Pause Young (Allocation Failure) 70M->4M(247M) 7,751ms
[2024-08-07T20:37:59.291+0300][22,430s][info][gc] GC(1116) Pause Young (Allocation Failure) 72M->2M(247M) 1,607ms
