[2024-08-07T20:37:59.338+0300][0.005s][info][gc] Using Serial
[2024-08-07T20:37:59.563+0300][0,229s][info][gc] GC(0) Pause Young (Allocation Failure) 103M->2M(371M) 5,103ms
[2024-08-07T20:37:59.600+0300][0,266s][info][gc] GC(1) Pause Young (Allocation Failure) 104M->4M(371M) 14,292ms
[2024-08-07T20:37:59.629+0300][0,295s][info][gc] GC(2) Pause Young (Allocation Failure) 106M->3M(371M) 8,578ms
[2024-08-07T20:37:59.653+0300][0,319s][info][gc] GC(3) Pause Young (Allocation Failure) 106M->2M(371M) 3,893ms
[2024-08-07T20:37:59.685+0300][0,352s][info][gc] GC(4) Pause Young (Allocation Failure) 105M->4M(371M) 13,118ms
[2024-08-07T20:37:59.714+0300][0,380s][info][gc] GC(5) Pause Young (Allocation Failure) 107M->3M(371M) 8,636ms
[2024-08-07T20:37:59.739+0300][0,405s][info][gc] GC(6) Pause Young (Allocation Failure) 106M->3M(371M) 5,262ms
[2024-08-07T20:37:59.772+0300][0,439s][info][gc] GC(7) Pause Young (Allocation Failure) 105M->5M(371M) 14,284ms
[2024-08-07T20:37:59.803+0300][0,469s][info][gc] GC(8) Pause Young (Allocation Failure) 107M->4M(371M) 10,567ms
[2024-08-07T20:37:59.829+0300][0,496s][info][gc] GC(9) Pause Young (Allocation Failure) 106M->3M(371M) 6,907ms
[2024-08-07T20:37:59.853+0300][0,520s][info][gc] GC(10) Pause Young (Allocation Failure) 106M->2M(371M) 3,924ms
[2024-08-07T20:37:59.885+0300][0,552s][info][gc] GC(11) Pause Young (Allocation Failure) 105M->4M(371M) 11,625ms
[2024-08-07T20:37:59.910+0300][0,577s][info][gc] GC(12) Pause Young (Allocation Failure) 107M->4M(371M) 5,378ms
[2024-08-07T20:37:59.936+0300][0,603s][info][gc] GC(13) Pause Young (Allocation Failure) 106M->3M(371M) 5,648ms
[2024-08-07T20:37:59.971+0300][0,638s][info][gc] GC(14) Pause Young (Allocation Failure) 105M->5M(371M) 14,279ms
[2024-08-07T20:38:00.004+0300][0,671s][info][gc] GC(15) Pause Young (Allocation Failure) 107M->4M(371M) 10,491ms
[2024-08-07T20:38:00.030+0300][0,696s][info][gc] GC(16) Pause Young (Allocation Failure) 106M->3M(371M) 5,634ms
[2024-08-07T20:38:00.053+0300][0,720s][info][gc] GC(17) Pause Young (Allocation Failure) 106M->2M(371M) 2,645ms
[2024-08-07T20:38:00.084+0300][0,750s][info][gc] GC(18) Pause Young (Allocation Failure) 105M->4M(371M) 10,275ms
[2024-08-07T20:38:00.111+0300][0,778s][info][gc] GC(19) Pause Young (Allocation Failure) 107M->4M(371M) 7,326ms
[2024-08-07T20:38:00.136+0300][0,803s][info][gc] GC(20) Pause Young (Allocation Failure) 106M->3M(371M) 4,354ms
[2024-08-07T20:38:00.157+0300][0,824s][info][gc] GC(21) Pause Young (Allocation Failure) 105M->2M(371M) 0,846ms
[2024-08-07T20:38:00.186+0300][0,852s][info][gc] GC(22) Pause Young (Allocation Failure) 104M->4M(371M) 9,211ms
[2024-08-07T20:38:00.212+0300][0,879s][info][gc] GC(23) Pause Young (Allocation Failure) 106M->3M(371M) 5,698ms
[2024-08-07T20:38:00.235+0300][0,901s][info][gc] GC(24) Pause Young (Allocation Failure) 106M->2M(371M) 2,834ms
[2024-08-07T20:38:00.266+0300][0,932s][info][gc] GC(25) Pause Young (Allocation Failure) 105M->4M(371M) 10,350ms
[2024-08-07T20:38:00.293+0300][0,959s][info][gc] GC(26) Pause Young (Allocation Failure) 107M->4M(371M) 7,412ms
[2024-08-07T20:38:00.318+0300][0,984s][info][gc] GC(27) Pause Young (Allocation Failure) 106M->3M(371M) 4,266ms
[2024-08-07T20:38:00.339+0300][1,006s][info][gc] GC(28) Pause Young (Allocation Failure) 105M->2M(371M) 1,219ms
[2024-08-07T20:38:00.368+0300][1,035s][info][gc] GC(29) Pause Young (Allocation Failure) 104M->4M(371M) 8,631ms
[2024-08-07T20:38:00.393+0300][1,060s][info][gc] GC(30) Pause Young (Allocation Failure) 107M->3M(371M) 5,740ms
[2024-08-07T20:38:00.417+0300][1,083s][info][gc] GC(31) Pause Young (Allocation Failure) 106M->2M(371M) 2,683ms
[2024-08-07T20:38:00.447+0300][1,114s][info][gc] GC(32) Pause Young (Allocation Failure) 105M->4M(371M) 10,465ms
[2024-08-07T20:38:00.475+0300][1,142s][info][gc] GC(33) Pause Young (Allocation Failure) 107M->4M(371M) 7,372ms
[2024-08-07T20:38:00.500+0300][1,167s][info][gc] GC(34) Pause Young (Allocation Failure) 106M->3M(371M) 4,507ms
[2024-08-07T20:38:00.522+0300][1,189s][info][gc] GC(35) Pause Young (Allocation Failure) 105M->2M(371M) 1,250ms
[2024-08-07T20:38:00.551+0300][1,218s][info][gc] GC(36) Pause Young (Allocation Failure) 104M->4M(371M) 9,171ms
[2024-08-07T20:38:00.578+0300][1,245s][info][gc] GC(37) Pause Young (Allocation Failure) 107M->3M(371M) 6,238ms
[2024-08-07T20:38:00.601+0300][1,268s][info][gc] GC(38) Pause Young (Allocation Failure) 106M->2M(371M) 3,019ms
[2024-08-07T20:38:00.632+0300][1,299s][info][gc] GC(39) Pause Young (Allocation Failure) 105M->4M(371M) 10,587ms
[2024-08-07T20:38:00.659+0300][1,326s][info][gc] GC(40) Pause Young (Allocation Failure) 107M->4M(371M) 7,615ms
[2024-08-07T20:38:00.684+0300][1,351s][info][gc] GC(41) Pause Young (Allocation Failure) 106M->3M(371M) 4,621ms
[2024-08-07T20:38:00.706+0300][1,372s][info][gc] GC(42) Pause Young (Allocation Failure) 105M->2M(371M) 1,325ms
[2024-08-07T20:38:00.735+0300][1,402s][info][gc] GC(43) Pause Young (Allocation Failure) 104M->4M(371M) 9,396ms
[2024-08-07T20:38:00.761+0300][1,428s][info][gc] GC(44) Pause Young (Allocation Failure) 107M->3M(371M) 6,233ms
[2024-08-07T20:38:00.784+0300][1,451s][info][gc] GC(45) Pause Young (Allocation Failure) 106M->2M(371M) 3,144ms
[2024-08-07T20:38:00.814+0300][1,481s][info][gc] GC(46) Pause Young (Allocation Failure) 105M->5M(371M) 10,039ms
[2024-08-07T20:38:00.839+0300][1,505s][info][gc] GC(47) Pause Young (Allocation Failure) 107M->4M(371M) 4,403ms
[2024-08-07T20:38:00.862+0300][1,529s][info][gc] GC(48) Pause Young (Allocation Failure) 106M->3M(371M) 2,801ms
[2024-08-07T20:38:00.884+0300][1,551s][info][gc] GC(49) Pause Young (Allocation Failure) 105M->2M(371M) 1,583ms
[2024-08-07T20:38:00.913+0300][1,580s][info][gc] GC(50) Pause Young (Allocation Failure) 104M->4M(371M) 9,291ms
[2024-08-07T20:38:00.939+0300][1,606s][info][gc] GC(51) Pause Young (Allocation Failure) 107M->3M(371M) 6,161ms
[2024-08-07T20:38:00.963+0300][1,629s][info][gc] GC(52) Pause Young (Allocation Failure) 106M->2M(371M) 3,250ms
[2024-08-07T20:38:00.994+0300][1,661s][info][gc] GC(53) Pause Young (Allocation Failure) 105M->5M(371M) 10,596ms
[2024-08-07T20:38:01.022+0300][1,689s][info][gc] GC(54) Pause Young (Allocation Failure) 107M->4M(371M) 8,037ms
[2024-08-07T20:38:01.047+0300][1,714s][info][gc] GC(55) Pause Young (Allocation Failure) 106M->3M(371M) 4,607ms
[2024-08-07T20:38:01.069+0300][1,736s][info][gc] GC(56) Pause Young (Allocation Failure) 105M->2M(371M) 1,664ms
[2024-08-07T20:38:01.098+0300][1,764s][info][gc] GC(57) Pause Young (Allocation Failure) 104M->4M(371M) 8,880ms
[2024-08-07T20:38:01.124+0300][1,790s][info][gc] GC(58) Pause Young (Allocation Failure) 107M->3M(371M) 6,276ms
[2024-08-07T20:38:01.147+0300][1,814s][info][gc] GC(59) Pause Young (Allocation Failure) 106M->2M(371M) 2,914ms
[2024-08-07T20:38:01.179+0300][1,845s][info][gc] GC(60) Pause Young (Allocation Failure) 105M->5M(371M) 10,874ms
[2024-08-07T20:38:01.207+0300][1,874s][info][gc] GC(61) Pause Young (Allocation Failure) 107M->4M(371M) 7,801ms
[2024-08-07T20:38:01.234+0300][1,900s][info][gc] GC(62) Pause Young (Allocation Failure) 106M->3M(371M) 4,234ms
[2024-08-07T20:38:01.256+0300][1,922s][info][gc] GC(63) Pause Young (Allocation Failure) 105M->2M(371M) 1,308ms
[2024-08-07T20:38:01.283+0300][1,950s][info][gc] GC(64) Pause Young (Allocation Failure) 104M->4M(371M) 9,037ms
[2024-08-07T20:38:01.309+0300][1,976s][info][gc] GC(65) Pause Young (Allocation Failure) 107M->3M(371M) 5,765ms
[2024-08-07T20:38:01.332+0300][1,999s][info][gc] GC(66) Pause Young (Allocation Failure) 106M->2M(371M) 2,645ms
[2024-08-07T20:38:01.363+0300][2,029s][info][gc] GC(67) Pause Young (Allocation Failure) 105M->5M(371M) 10,412ms
[2024-08-07T20:38:01.390+0300][2,057s][info][gc] GC(68) Pause Young (Allocation Failure) 107M->4M(371M) 7,478ms
[2024-08-07T20:38:01.413+0300][2,079s][info][gc] GC(69) Pause Young (Allocation Failure) 106M->3M(371M) 2,184ms
[2024-08-07T20:38:01.432+0300][2,099s][info][gc] GC(70) Pause Young (Allocation Failure) 105M->2M(371M) 0,809ms
[2024-08-07T20:38:01.456+0300][2,122s][info][gc] GC(71) Pause Young (Allocation Failure) 104M->4M(371M) 4,544ms
[2024-08-07T20:38:01.478+0300][2,144s][info][gc] GC(72) Pause Young (Allocation Failure) 107M->3M(371M) 3,093ms
[2024-08-07T20:38:01.498+0300][2,165s][info][gc] GC(73) Pause Young (Allocation Failure) 106M->2M(371M) 1,340ms
[2024-08-07T20:38:01.523+0300][2,189s][info][gc] GC(74) Pause Young (Allocation Failure) 105M->5M(371M) 5,519ms
[2024-08-07T20:38:01.550+0300][2,217s][info][gc] GC(75) Pause Young (Allocation Failure) 107M->4M(371M) 7,172ms
[2024-08-07T20:38:01.574+0300][2,241s][info][gc] GC(76) Pause Young (Allocation Failure) 106M->3M(371M) 4,400ms
[2024-08-07T20:38:01.596+0300][2,263s][info][gc] GC(77) Pause Young (Allocation Failure) 105M->2M(371M) 1,366ms
[2024-08-07T20:38:01.624+0300][2,291s][info][gc] GC(78) Pause Young (Allocation Failure) 105M->4M(371M) 9,273ms
[2024-08-07T20:38:01.650+0300][2,317s][info][gc] GC(79) Pause Young (Allocation Failure) 107M->3M(371M) 6,172ms
[2024-08-07T20:38:01.674+0300][2,340s][info][gc] GC(80) Pause Young (Allocation Failure) 106M->2M(371M) 2,999ms
[2024-08-07T20:38:01.704+0300][2,371s][info][gc] GC(81) Pause Young (Allocation Failure) 105M->5M(371M) 10,378ms
[2024-08-07T20:38:01.729+0300][2,396s][info][gc] GC(82) Pause Young (Allocation Failure) 107M->4M(371M) 4,124ms
[2024-08-07T20:38:01.753+0300][2,420s][info][gc] GC(83) Pause Young (Allocation Failure) 106M->3M(371M) 4,297ms
[2024-08-07T20:38:01.775+0300][2,441s][info][gc] GC(84) Pause Young (Allocation Failure) 105M->2M(371M) 1,473ms
[2024-08-07T20:38:01.803+0300][2,470s][info][gc] GC(85) Pause Young (Allocation Failure) 105M->4M(371M) 9,008ms
[2024-08-07T20:38:01.829+0300][2,496s][info][gc] GC(86) Pause Young (Allocation Failure) 107M->3M(371M) 5,888ms
[2024-08-07T20:38:01.852+0300][2,519s][info][gc] GC(87) Pause Young (Allocation Failure) 106M->2M(371M) 2,727ms
[2024-08-07T20:38:01.883+0300][2,550s][info][gc] GC(88) Pause Young (Allocation Failure) 105M->5M(371M) 10,660ms
[2024-08-07T20:38:01.911+0300][2,577s][info][gc] GC(89) Pause Young (Allocation Failure) 107M->4M(371M) 7,532ms
[2024-08-07T20:38:01.935+0300][2,602s][info][gc] GC(90) Pause Young (Allocation Failure) 106M->3M(371M) 4,113ms
[2024-08-07T20:38:01.956+0300][2,623s][info][gc] GC(91) Pause Young (Allocation Failure) 105M->2M(371M) 1,512ms
[2024-08-07T20:38:01.985+0300][2,652s][info][gc] GC(92) Pause Young (Allocation Failure) 105M->4M(371M) 9,736ms
[2024-08-07T20:38:02.011+0300][2,678s][info][gc] GC(93) Pause Young (Allocation Failure) 107M->3M(371M) 5,998ms
[2024-08-07T20:38:02.035+0300][2,701s][info][gc] GC(94) Pause Young (Allocation Failure) 106M->3M(371M) 3,126ms
[2024-08-07T20:38:02.065+0300][2,732s][info][gc] GC(95) Pause Young (Allocation Failure) 105M->5M(371M) 10,776ms
[2024-08-07T20:38:02.093+0300][2,759s][info][gc] GC(96) Pause Young (Allocation Failure) 107M->4M(371M) 7,489ms
[2024-08-07T20:38:02.118+0300][2,784s][info][gc] GC(97) Pause Young (Allocation Failure) 106M->3M(371M) 4,419ms
[2024-08-07T20:38:02.139+0300][2,806s][info][gc] GC(98) Pause Young (Allocation Failure) 105M->2M(371M) 1,525ms
[2024-08-07T20:38:02.168+0300][2,835s][info][gc] GC(99) Pause Young (Allocation Failure) 105M->4M(371M) 9,548ms
[2024-08-07T20:38:02.195+0300][2,861s][info][gc] GC(100) Pause Young (Allocation Failure) 107M->3M(371M) 6,318ms
[2024-08-07T20:38:02.218+0300][2,885s][info][gc] GC(101) Pause Young (Allocation Failure) 106M->3M(371M) 3,352ms
[2024-08-07T20:38:02.244+0300][2,911s][info][gc] GC(102) Pause Young (Allocation Failure) 105M->5M(371M) 5,980ms
[2024-08-07T20:38:02.269+0300][2,936s][info][gc] GC(103) Pause Young (Allocation Failure) 107M->4M(371M) 4,711ms
[2024-08-07T20:38:02.294+0300][2,960s][info][gc] GC(104) Pause Young (Allocation Failure) 106M->3M(371M) 4,705ms
[2024-08-07T20:38:02.316+0300][2,982s][info][gc] GC(105) Pause Young (Allocation Failure) 105M->2M(371M) 1,930ms
[2024-08-07T20:38:02.345+0300][3,011s][info][gc] GC(106) Pause Young (Allocation Failure) 105M->4M(371M) 9,481ms
[2024-08-07T20:38:02.371+0300][3,038s][info][gc] GC(107) Pause Young (Allocation Failure) 107M->3M(371M) 6,375ms
[2024-08-07T20:38:02.394+0300][3,060s][info][gc] GC(108) Pause Young (Allocation Failure) 106M->3M(371M) 1,942ms
[2024-08-07T20:38:02.424+0300][3,091s][info][gc] GC(109) Pause Young (Allocation Failure) 105M->5M(371M) 10,990ms
[2024-08-07T20:38:02.452+0300][3,119s][info][gc] GC(110) Pause Young (Allocation Failure) 107M->4M(371M) 8,081ms
[2024-08-07T20:38:02.477+0300][3,143s][info][gc] GC(111) Pause Young (Allocation Failure) 106M->3M(371M) 4,715ms
[2024-08-07T20:38:02.499+0300][3,165s][info][gc] GC(112) Pause Young (Allocation Failure) 106M->2M(371M) 1,656ms
[2024-08-07T20:38:02.528+0300][3,195s][info][gc] GC(113) Pause Young (Allocation Failure) 105M->4M(371M) 9,784ms
[2024-08-07T20:38:02.554+0300][3,221s][info][gc] GC(114) Pause Young (Allocation Failure) 107M->3M(371M) 6,409ms
[2024-08-07T20:38:02.578+0300][3,245s][info][gc] GC(115) Pause Young (Allocation Failure) 106M->3M(371M) 3,466ms
[2024-08-07T20:38:02.610+0300][3,276s][info][gc] GC(116) Pause Young (Allocation Failure) 105M->5M(371M) 11,388ms
[2024-08-07T20:38:02.638+0300][3,305s][info][gc] GC(117) Pause Young (Allocation Failure) 107M->4M(371M) 8,124ms
[2024-08-07T20:38:02.663+0300][3,330s][info][gc] GC(118) Pause Young (Allocation Failure) 106M->3M(371M) 5,000ms
[2024-08-07T20:38:02.686+0300][3,352s][info][gc] GC(119) Pause Young (Allocation Failure) 106M->2M(371M) 2,107ms
[2024-08-07T20:38:02.716+0300][3,382s][info][gc] GC(120) Pause Young (Allocation Failure) 105M->4M(371M) 9,734ms
[2024-08-07T20:38:02.743+0300][3,409s][info][gc] GC(121) Pause Young (Allocation Failure) 107M->3M(371M) 6,558ms
[2024-08-07T20:38:02.766+0300][3,433s][info][gc] GC(122) Pause Young (Allocation Failure) 106M->3M(371M) 3,173ms
[2024-08-07T20:38:02.797+0300][3,464s][info][gc] GC(123) Pause Young (Allocation Failure) 105M->5M(371M) 11,195ms
[2024-08-07T20:38:02.825+0300][3,492s][info][gc] GC(124) Pause Young (Allocation Failure) 107M->4M(371M) 7,886ms
[2024-08-07T20:38:02.850+0300][3,517s][info][gc] GC(125) Pause Young (Allocation Failure) 106M->3M(371M) 5,011ms
[2024-08-07T20:38:02.872+0300][3,539s][info][gc] GC(126) Pause Young (Allocation Failure) 106M->2M(371M) 2,070ms
[2024-08-07T20:38:02.898+0300][3,565s][info][gc] GC(127) Pause Young (Allocation Failure) 105M->4M(371M) 6,140ms
[2024-08-07T20:38:02.921+0300][3,588s][info][gc] GC(128) Pause Young (Allocation Failure) 107M->4M(371M) 3,645ms
[2024-08-07T20:38:02.945+0300][3,611s][info][gc] GC(129) Pause Young (Allocation Failure) 106M->3M(371M) 3,163ms
[2024-08-07T20:38:02.965+0300][3,632s][info][gc] GC(130) Pause Young (Allocation Failure) 105M->2M(371M) 0,649ms
[2024-08-07T20:38:02.992+0300][3,659s][info][gc] GC(131) Pause Young (Allocation Failure) 104M->4M(371M) 8,185ms
[2024-08-07T20:38:03.017+0300][3,684s][info][gc] GC(132) Pause Young (Allocation Failure) 106M->3M(371M) 4,922ms
[2024-08-07T20:38:03.039+0300][3,706s][info][gc] GC(133) Pause Young (Allocation Failure) 106M->2M(371M) 1,878ms
[2024-08-07T20:38:03.069+0300][3,736s][info][gc] GC(134) Pause Young (Allocation Failure) 105M->4M(371M) 9,767ms
[2024-08-07T20:38:03.096+0300][3,763s][info][gc] GC(135) Pause Young (Allocation Failure) 107M->4M(371M) 6,803ms
[2024-08-07T20:38:03.120+0300][3,787s][info][gc] GC(136) Pause Young (Allocation Failure) 106M->3M(371M) 3,761ms
[2024-08-07T20:38:03.141+0300][3,808s][info][gc] GC(137) Pause Young (Allocation Failure) 105M->2M(371M) 0,729ms
[2024-08-07T20:38:03.169+0300][3,835s][info][gc] GC(138) Pause Young (Allocation Failure) 104M->4M(371M) 8,645ms
[2024-08-07T20:38:03.194+0300][3,861s][info][gc] GC(139) Pause Young (Allocation Failure) 106M->3M(371M) 5,197ms
[2024-08-07T20:38:03.217+0300][3,883s][info][gc] GC(140) Pause Young (Allocation Failure) 106M->2M(371M) 2,240ms
[2024-08-07T20:38:03.242+0300][3,908s][info][gc] GC(141) Pause Young (Allocation Failure) 105M->4M(371M) 5,588ms
[2024-08-07T20:38:03.266+0300][3,932s][info][gc] GC(142) Pause Young (Allocation Failure) 107M->4M(371M) 3,981ms
[2024-08-07T20:38:03.288+0300][3,954s][info][gc] GC(143) Pause Young (Allocation Failure) 106M->3M(371M) 2,225ms
[2024-08-07T20:38:03.308+0300][3,975s][info][gc] GC(144) Pause Young (Allocation Failure) 105M->2M(371M) 0,846ms
[2024-08-07T20:38:03.335+0300][4,002s][info][gc] GC(145) Pause Young (Allocation Failure) 104M->4M(371M) 8,083ms
[2024-08-07T20:38:03.360+0300][4,027s][info][gc] GC(146) Pause Young (Allocation Failure) 107M->3M(371M) 5,118ms
[2024-08-07T20:38:03.382+0300][4,049s][info][gc] GC(147) Pause Young (Allocation Failure) 106M->2M(371M) 2,101ms
[2024-08-07T20:38:03.412+0300][4,078s][info][gc] GC(148) Pause Young (Allocation Failure) 105M->4M(371M) 10,054ms
[2024-08-07T20:38:03.439+0300][4,106s][info][gc] GC(149) Pause Young (Allocation Failure) 107M->4M(371M) 6,862ms
[2024-08-07T20:38:03.463+0300][4,130s][info][gc] GC(150) Pause Young (Allocation Failure) 106M->3M(371M) 3,911ms
[2024-08-07T20:38:03.484+0300][4,151s][info][gc] GC(151) Pause Young (Allocation Failure) 105M->2M(371M) 0,866ms
[2024-08-07T20:38:03.511+0300][4,178s][info][gc] GC(152) Pause Young (Allocation Failure) 104M->4M(371M) 8,850ms
[2024-08-07T20:38:03.537+0300][4,204s][info][gc] GC(153) Pause Young (Allocation Failure) 107M->3M(371M) 5,275ms
[2024-08-07T20:38:03.560+0300][4,226s][info][gc] GC(154) Pause Young (Allocation Failure) 106M->2M(371M) 2,498ms
[2024-08-07T20:38:03.590+0300][4,257s][info][gc] GC(155) Pause Young (Allocation Failure) 105M->5M(371M) 9,972ms
[2024-08-07T20:38:03.617+0300][4,284s][info][gc] GC(156) Pause Young (Allocation Failure) 107M->4M(371M) 7,195ms
[2024-08-07T20:38:03.641+0300][4,308s][info][gc] GC(157) Pause Young (Allocation Failure) 106M->3M(371M) 4,004ms
[2024-08-07T20:38:03.662+0300][4,329s][info][gc] GC(158) Pause Young (Allocation Failure) 105M->2M(371M) 1,004ms
[2024-08-07T20:38:03.689+0300][4,356s][info][gc] GC(159) Pause Young (Allocation Failure) 104M->4M(371M) 8,379ms
[2024-08-07T20:38:03.715+0300][4,381s][info][gc] GC(160) Pause Young (Allocation Failure) 107M->3M(371M) 5,275ms
[2024-08-07T20:38:03.737+0300][4,404s][info][gc] GC(161) Pause Young (Allocation Failure) 106M->2M(371M) 2,184ms
[2024-08-07T20:38:03.767+0300][4,434s][info][gc] GC(162) Pause Young (Allocation Failure) 105M->5M(371M) 10,140ms
[2024-08-07T20:38:03.795+0300][4,462s][info][gc] GC(163) Pause Young (Allocation Failure) 107M->4M(371M) 7,423ms
[2024-08-07T20:38:03.819+0300][4,486s][info][gc] GC(164) Pause Young (Allocation Failure) 106M->3M(371M) 4,075ms
[2024-08-07T20:38:03.841+0300][4,507s][info][gc] GC(165) Pause Young (Allocation Failure) 105M->2M(371M) 1,180ms
[2024-08-07T20:38:03.868+0300][4,535s][info][gc] GC(166) Pause Young (Allocation Failure) 104M->4M(371M) 9,093ms
[2024-08-07T20:38:03.892+0300][4,559s][info][gc] GC(167) Pause Young (Allocation Failure) 107M->3M(371M) 3,560ms
[2024-08-07T20:38:03.915+0300][4,582s][info][gc] GC(168) Pause Young (Allocation Failure) 106M->2M(371M) 2,650ms
[2024-08-07T20:38:03.946+0300][4,612s][info][gc] GC(169) Pause Young (Allocation Failure) 105M->5M(371M) 10,454ms
[2024-08-07T20:38:03.973+0300][4,640s][info][gc] GC(170) Pause Young (Allocation Failure) 107M->4M(371M) 7,432ms
[2024-08-07T20:38:03.997+0300][4,664s][info][gc] GC(171) Pause Young (Allocation Failure) 106M->3M(371M) 3,939ms
[2024-08-07T20:38:04.019+0300][4,686s][info][gc] GC(172) Pause Young (Allocation Failure) 105M->2M(371M) 1,264ms
[2024-08-07T20:38:04.046+0300][4,713s][info][gc] GC(173) Pause Young (Allocation Failure) 104M->4M(371M) 8,681ms
[2024-08-07T20:38:04.072+0300][4,739s][info][gc] GC(174) Pause Young (Allocation Failure) 107M->3M(371M) 5,684ms
[2024-08-07T20:38:04.095+0300][4,762s][info][gc] GC(175) Pause Young (Allocation Failure) 106M->2M(371M) 2,469ms
[2024-08-07T20:38:04.126+0300][4,792s][info][gc] GC(176) Pause Young (Allocation Failure) 105M->5M(371M) 10,516ms
[2024-08-07T20:38:04.153+0300][4,820s][info][gc] GC(177) Pause Young (Allocation Failure) 107M->4M(371M) 7,410ms
[2024-08-07T20:38:04.178+0300][4,845s][info][gc] GC(178) Pause Young (Allocation Failure) 106M->3M(371M) 4,373ms
[2024-08-07T20:38:04.200+0300][4,867s][info][gc] GC(179) Pause Young (Allocation Failure) 105M->2M(371M) 1,177ms
[2024-08-07T20:38:04.227+0300][4,893s][info][gc] GC(180) Pause Young (Allocation Failure) 104M->4M(371M) 7,890ms
[2024-08-07T20:38:04.253+0300][4,919s][info][gc] GC(181) Pause Young (Allocation Failure) 107M->3M(371M) 6,038ms
[2024-08-07T20:38:04.276+0300][4,942s][info][gc] GC(182) Pause Young (Allocation Failure) 106M->2M(371M) 2,851ms
[2024-08-07T20:38:04.306+0300][4,973s][info][gc] GC(183) Pause Young (Allocation Failure) 105M->5M(371M) 10,504ms
[2024-08-07T20:38:04.335+0300][5,001s][info][gc] GC(184) Pause Young (Allocation Failure) 107M->4M(371M) 7,777ms
[2024-08-07T20:38:04.359+0300][5,026s][info][gc] GC(185) Pause Young (Allocation Failure) 106M->3M(371M) 4,217ms
[2024-08-07T20:38:04.381+0300][5,047s][info][gc] GC(186) Pause Young (Allocation Failure) 105M->2M(371M) 1,578ms
[2024-08-07T20:38:04.405+0300][5,071s][info][gc] GC(187) Pause Young (Allocation Failure) 105M->4M(371M) 5,201ms
[2024-08-07T20:38:04.431+0300][5,098s][info][gc] GC(188) Pause Young (Allocation Failure) 107M->3M(371M) 6,104ms
[2024-08-07T20:38:04.454+0300][5,120s][info][gc] GC(189) Pause Young (Allocation Failure) 106M->2M(371M) 2,726ms
[2024-08-07T20:38:04.484+0300][5,151s][info][gc] GC(190) Pause Young (Allocation Failure) 105M->5M(371M) 10,396ms
[2024-08-07T20:38:04.512+0300][5,178s][info][gc] GC(191) Pause Young (Allocation Failure) 107M->4M(371M) 7,415ms
[2024-08-07T20:38:04.536+0300][5,203s][info][gc] GC(192) Pause Young (Allocation Failure) 106M->3M(371M) 4,370ms
[2024-08-07T20:38:04.558+0300][5,225s][info][gc] GC(193) Pause Young (Allocation Failure) 105M->2M(371M) 1,441ms
[2024-08-07T20:38:04.587+0300][5,253s][info][gc] GC(194) Pause Young (Allocation Failure) 105M->4M(371M) 8,985ms
[2024-08-07T20:38:04.613+0300][5,280s][info][gc] GC(195) Pause Young (Allocation Failure) 107M->3M(371M) 6,138ms
[2024-08-07T20:38:04.636+0300][5,303s][info][gc] GC(196) Pause Young (Allocation Failure) 106M->2M(371M) 2,839ms
[2024-08-07T20:38:04.667+0300][5,334s][info][gc] GC(197) Pause Young (Allocation Failure) 105M->5M(371M) 10,630ms
[2024-08-07T20:38:04.695+0300][5,362s][info][gc] GC(198) Pause Young (Allocation Failure) 107M->4M(371M) 7,876ms
[2024-08-07T20:38:04.720+0300][5,386s][info][gc] GC(199) Pause Young (Allocation Failure) 106M->3M(371M) 4,503ms
[2024-08-07T20:38:04.742+0300][5,408s][info][gc] GC(200) Pause Young (Allocation Failure) 105M->2M(371M) 1,532ms
[2024-08-07T20:38:04.771+0300][5,437s][info][gc] GC(201) Pause Young (Allocation Failure) 105M->4M(371M) 9,213ms
[2024-08-07T20:38:04.797+0300][5,463s][info][gc] GC(202) Pause Young (Allocation Failure) 107M->3M(371M) 6,130ms
[2024-08-07T20:38:04.819+0300][5,486s][info][gc] GC(203) Pause Young (Allocation Failure) 106M->3M(371M) 2,799ms
[2024-08-07T20:38:04.850+0300][5,517s][info][gc] GC(204) Pause Young (Allocation Failure) 105M->5M(371M) 10,634ms
[2024-08-07T20:38:04.878+0300][5,545s][info][gc] GC(205) Pause Young (Allocation Failure) 107M->4M(371M) 7,477ms
[2024-08-07T20:38:04.902+0300][5,569s][info][gc] GC(206) Pause Young (Allocation Failure) 106M->3M(371M) 3,792ms
[2024-08-07T20:38:04.924+0300][5,591s][info][gc] GC(207) Pause Young (Allocation Failure) 105M->2M(371M) 1,543ms
[2024-08-07T20:38:04.953+0300][5,620s][info][gc] GC(208) Pause Young (Allocation Failure) 105M->4M(371M) 9,500ms
[2024-08-07T20:38:04.980+0300][5,646s][info][gc] GC(209) Pause Young (Allocation Failure) 107M->3M(371M) 6,193ms
[2024-08-07T20:38:05.003+0300][5,670s][info][gc] GC(210) Pause Young (Allocation Failure) 106M->3M(371M) 3,322ms
[2024-08-07T20:38:05.034+0300][5,701s][info][gc] GC(211) Pause Young (Allocation Failure) 105M->5M(371M) 10,817ms
[2024-08-07T20:38:05.063+0300][5,729s][info][gc] GC(212) Pause Young (Allocation Failure) 107M->4M(371M) 7,921ms
[2024-08-07T20:38:05.087+0300][5,754s][info][gc] GC(213) Pause Young (Allocation Failure) 106M->3M(371M) 4,590ms
[2024-08-07T20:38:05.109+0300][5,776s][info][gc] GC(214) Pause Young (Allocation Failure) 105M->2M(371M) 1,233ms
[2024-08-07T20:38:05.138+0300][5,805s][info][gc] GC(215) Pause Young (Allocation Failure) 105M->4M(371M) 9,213ms
[2024-08-07T20:38:05.164+0300][5,831s][info][gc] GC(216) Pause Young (Allocation Failure) 107M->3M(371M) 6,393ms
[2024-08-07T20:38:05.187+0300][5,854s][info][gc] GC(217) Pause Young (Allocation Failure) 106M->3M(371M) 3,012ms
[2024-08-07T20:38:05.218+0300][5,885s][info][gc] GC(218) Pause Young (Allocation Failure) 105M->5M(371M) 10,814ms
[2024-08-07T20:38:05.246+0300][5,912s][info][gc] GC(219) Pause Young (Allocation Failure) 107M->4M(371M) 7,612ms
[2024-08-07T20:38:05.271+0300][5,937s][info][gc] GC(220) Pause Young (Allocation Failure) 106M->3M(371M) 4,621ms
[2024-08-07T20:38:05.292+0300][5,959s][info][gc] GC(221) Pause Young (Allocation Failure) 106M->2M(371M) 1,545ms
[2024-08-07T20:38:05.321+0300][5,988s][info][gc] GC(222) Pause Young (Allocation Failure) 105M->4M(371M) 9,429ms
[2024-08-07T20:38:05.348+0300][6,015s][info][gc] GC(223) Pause Young (Allocation Failure) 107M->3M(371M) 6,514ms
[2024-08-07T20:38:05.371+0300][6,038s][info][gc] GC(224) Pause Young (Allocation Failure) 106M->3M(371M) 3,119ms
[2024-08-07T20:38:05.397+0300][6,064s][info][gc] GC(225) Pause Young (Allocation Failure) 105M->5M(371M) 6,061ms
[2024-08-07T20:38:05.422+0300][6,088s][info][gc] GC(226) Pause Young (Allocation Failure) 107M->4M(371M) 4,353ms
[2024-08-07T20:38:05.446+0300][6,113s][info][gc] GC(227) Pause Young (Allocation Failure) 106M->3M(371M) 4,372ms
[2024-08-07T20:38:05.468+0300][6,135s][info][gc] GC(228) Pause Young (Allocation Failure) 106M->2M(371M) 1,731ms
[2024-08-07T20:38:05.497+0300][6,164s][info][gc] GC(229) Pause Young (Allocation Failure) 105M->4M(371M) 9,790ms
[2024-08-07T20:38:05.524+0300][6,191s][info][gc] GC(230) Pause Young (Allocation Failure) 107M->3M(371M) 6,628ms
[2024-08-07T20:38:05.548+0300][6,215s][info][gc] GC(231) Pause Young (Allocation Failure) 106M->3M(371M) 3,582ms
[2024-08-07T20:38:05.579+0300][6,246s][info][gc] GC(232) Pause Young (Allocation Failure) 105M->5M(371M) 11,130ms
[2024-08-07T20:38:05.607+0300][6,274s][info][gc] GC(233) Pause Young (Allocation Failure) 107M->4M(371M) 8,315ms
[2024-08-07T20:38:05.632+0300][6,299s][info][gc] GC(234) Pause Young (Allocation Failure) 106M->3M(371M) 4,933ms
[2024-08-07T20:38:05.655+0300][6,321s][info][gc] GC(235) Pause Young (Allocation Failure) 106M->2M(371M) 2,126ms
[2024-08-07T20:38:05.684+0300][6,351s][info][gc] GC(236) Pause Young (Allocation Failure) 105M->4M(371M) 9,789ms
[2024-08-07T20:38:05.711+0300][6,378s][info][gc] GC(237) Pause Young (Allocation Failure) 107M->4M(371M) 6,648ms
[2024-08-07T20:38:05.735+0300][6,401s][info][gc] GC(238) Pause Young (Allocation Failure) 106M->3M(371M) 2,483ms
[2024-08-07T20:38:05.766+0300][6,432s][info][gc] GC(239) Pause Young (Allocation Failure) 105M->5M(371M) 11,153ms
[2024-08-07T20:38:05.794+0300][6,461s][info][gc] GC(240) Pause Young (Allocation Failure) 107M->4M(371M) 8,190ms
[2024-08-07T20:38:05.819+0300][6,485s][info][gc] GC(241) Pause Young (Allocation Failure) 106M->3M(371M) 4,994ms
[2024-08-07T20:38:05.841+0300][6,507s][info][gc] GC(242) Pause Young (Allocation Failure) 106M->2M(371M) 1,783ms
[2024-08-07T20:38:05.870+0300][6,537s][info][gc] GC(243) Pause Young (Allocation Failure) 105M->4M(371M) 9,985ms
[2024-08-07T20:38:05.895+0300][6,561s][info][gc] GC(244) Pause Young (Allocation Failure) 107M->4M(371M) 4,164ms
[2024-08-07T20:38:05.918+0300][6,585s][info][gc] GC(245) Pause Young (Allocation Failure) 106M->3M(371M) 3,706ms
[2024-08-07T20:38:05.940+0300][6,606s][info][gc] GC(246) Pause Young (Allocation Failure) 105M->2M(371M) 0,688ms
[2024-08-07T20:38:05.967+0300][6,634s][info][gc] GC(247) Pause Young (Allocation Failure) 104M->4M(371M) 8,538ms
[2024-08-07T20:38:05.992+0300][6,659s][info][gc] GC(248) Pause Young (Allocation Failure) 106M->3M(371M) 5,293ms
[2024-08-07T20:38:06.015+0300][6,682s][info][gc] GC(249) Pause Young (Allocation Failure) 106M->2M(371M) 2,134ms
[2024-08-07T20:38:06.044+0300][6,711s][info][gc] GC(250) Pause Young (Allocation Failure) 105M->4M(371M) 9,843ms
[2024-08-07T20:38:06.072+0300][6,738s][info][gc] GC(251) Pause Young (Allocation Failure) 107M->4M(371M) 6,806ms
[2024-08-07T20:38:06.095+0300][6,762s][info][gc] GC(252) Pause Young (Allocation Failure) 106M->3M(371M) 3,498ms
[2024-08-07T20:38:06.117+0300][6,784s][info][gc] GC(253) Pause Young (Allocation Failure) 105M->2M(371M) 1,008ms
[2024-08-07T20:38:06.144+0300][6,811s][info][gc] GC(254) Pause Young (Allocation Failure) 104M->4M(371M) 8,097ms
[2024-08-07T20:38:06.169+0300][6,836s][info][gc] GC(255) Pause Young (Allocation Failure) 107M->3M(371M) 5,226ms
[2024-08-07T20:38:06.191+0300][6,858s][info][gc] GC(256) Pause Young (Allocation Failure) 106M->2M(371M) 2,128ms
[2024-08-07T20:38:06.221+0300][6,887s][info][gc] GC(257) Pause Young (Allocation Failure) 105M->4M(371M) 9,940ms
[2024-08-07T20:38:06.248+0300][6,915s][info][gc] GC(258) Pause Young (Allocation Failure) 107M->4M(371M) 6,874ms
[2024-08-07T20:38:06.272+0300][6,939s][info][gc] GC(259) Pause Young (Allocation Failure) 106M->3M(371M) 3,926ms
[2024-08-07T20:38:06.293+0300][6,960s][info][gc] GC(260) Pause Young (Allocation Failure) 105M->2M(371M) 0,810ms
[2024-08-07T20:38:06.320+0300][6,987s][info][gc] GC(261) Pause Young (Allocation Failure) 104M->4M(371M) 8,546ms
[2024-08-07T20:38:06.346+0300][7,012s][info][gc] GC(262) Pause Young (Allocation Failure) 107M->3M(371M) 5,221ms
[2024-08-07T20:38:06.368+0300][7,035s][info][gc] GC(263) Pause Young (Allocation Failure) 106M->2M(371M) 2,465ms
[2024-08-07T20:38:06.395+0300][7,062s][info][gc] GC(264) Pause Young (Allocation Failure) 105M->4M(371M) 7,116ms
[2024-08-07T20:38:06.422+0300][7,089s][info][gc] GC(265) Pause Young (Allocation Failure) 107M->4M(371M) 7,003ms
[2024-08-07T20:38:06.446+0300][7,113s][info][gc] GC(266) Pause Young (Allocation Failure) 106M->3M(371M) 3,779ms
[2024-08-07T20:38:06.467+0300][7,134s][info][gc] GC(267) Pause Young (Allocation Failure) 105M->2M(371M) 0,977ms
[2024-08-07T20:38:06.495+0300][7,161s][info][gc] GC(268) Pause Young (Allocation Failure) 104M->4M(371M) 8,406ms
[2024-08-07T20:38:06.520+0300][7,187s][info][gc] GC(269) Pause Young (Allocation Failure) 107M->3M(371M) 5,450ms
[2024-08-07T20:38:06.543+0300][7,209s][info][gc] GC(270) Pause Young (Allocation Failure) 106M->2M(371M) 2,081ms
[2024-08-07T20:38:06.572+0300][7,239s][info][gc] GC(271) Pause Young (Allocation Failure) 105M->5M(371M) 10,387ms
[2024-08-07T20:38:06.600+0300][7,266s][info][gc] GC(272) Pause Young (Allocation Failure) 107M->4M(371M) 7,037ms
[2024-08-07T20:38:06.624+0300][7,291s][info][gc] GC(273) Pause Young (Allocation Failure) 106M->3M(371M) 4,123ms
[2024-08-07T20:38:06.646+0300][7,312s][info][gc] GC(274) Pause Young (Allocation Failure) 105M->2M(371M) 1,049ms
[2024-08-07T20:38:06.673+0300][7,340s][info][gc] GC(275) Pause Young (Allocation Failure) 104M->4M(371M) 8,614ms
[2024-08-07T20:38:06.699+0300][7,366s][info][gc] GC(276) Pause Young (Allocation Failure) 107M->3M(371M) 5,784ms
[2024-08-07T20:38:06.722+0300][7,388s][info][gc] GC(277) Pause Young (Allocation Failure) 106M->2M(371M) 2,203ms
[2024-08-07T20:38:06.747+0300][7,414s][info][gc] GC(278) Pause Young (Allocation Failure) 105M->5M(371M) 5,861ms
[2024-08-07T20:38:06.774+0300][7,441s][info][gc] GC(279) Pause Young (Allocation Failure) 107M->4M(371M) 7,073ms
[2024-08-07T20:38:06.798+0300][7,465s][info][gc] GC(280) Pause Young (Allocation Failure) 106M->3M(371M) 4,100ms
[2024-08-07T20:38:06.819+0300][7,486s][info][gc] GC(281) Pause Young (Allocation Failure) 105M->2M(371M) 1,192ms
[2024-08-07T20:38:06.848+0300][7,514s][info][gc] GC(282) Pause Young (Allocation Failure) 104M->4M(371M) 8,992ms
[2024-08-07T20:38:06.874+0300][7,541s][info][gc] GC(283) Pause Young (Allocation Failure) 107M->3M(371M) 5,952ms
[2024-08-07T20:38:06.896+0300][7,562s][info][gc] GC(284) Pause Young (Allocation Failure) 106M->2M(371M) 1,510ms
[2024-08-07T20:38:06.925+0300][7,592s][info][gc] GC(285) Pause Young (Allocation Failure) 105M->5M(371M) 10,323ms
[2024-08-07T20:38:06.951+0300][7,617s][info][gc] GC(286) Pause Young (Allocation Failure) 107M->4M(371M) 4,984ms
[2024-08-07T20:38:06.975+0300][7,641s][info][gc] GC(287) Pause Young (Allocation Failure) 106M->3M(371M) 4,043ms
[2024-08-07T20:38:06.996+0300][7,663s][info][gc] GC(288) Pause Young (Allocation Failure) 105M->2M(371M) 1,263ms
[2024-08-07T20:38:07.024+0300][7,691s][info][gc] GC(289) Pause Young (Allocation Failure) 104M->4M(371M) 8,774ms
[2024-08-07T20:38:07.050+0300][7,717s][info][gc] GC(290) Pause Young (Allocation Failure) 107M->3M(371M) 5,802ms
[2024-08-07T20:38:07.073+0300][7,739s][info][gc] GC(291) Pause Young (Allocation Failure) 106M->2M(371M) 2,495ms
[2024-08-07T20:38:07.104+0300][7,770s][info][gc] GC(292) Pause Young (Allocation Failure) 105M->5M(371M) 10,693ms
[2024-08-07T20:38:07.131+0300][7,798s][info][gc] GC(293) Pause Young (Allocation Failure) 107M->4M(371M) 7,142ms
[2024-08-07T20:38:07.156+0300][7,822s][info][gc] GC(294) Pause Young (Allocation Failure) 106M->3M(371M) 4,334ms
[2024-08-07T20:38:07.177+0300][7,844s][info][gc] GC(295) Pause Young (Allocation Failure) 105M->2M(371M) 1,390ms
[2024-08-07T20:38:07.205+0300][7,872s][info][gc] GC(296) Pause Young (Allocation Failure) 104M->4M(371M) 9,158ms
[2024-08-07T20:38:07.230+0300][7,897s][info][gc] GC(297) Pause Young (Allocation Failure) 107M->3M(371M) 4,641ms
[2024-08-07T20:38:07.252+0300][7,919s][info][gc] GC(298) Pause Young (Allocation Failure) 106M->2M(371M) 1,916ms
[2024-08-07T20:38:07.277+0300][7,944s][info][gc] GC(299) Pause Young (Allocation Failure) 105M->5M(371M) 5,736ms
[2024-08-07T20:38:07.305+0300][7,972s][info][gc] GC(300) Pause Young (Allocation Failure) 107M->4M(371M) 7,671ms
[2024-08-07T20:38:07.329+0300][7,996s][info][gc] GC(301) Pause Young (Allocation Failure) 106M->3M(371M) 4,227ms
[2024-08-07T20:38:07.351+0300][8,018s][info][gc] GC(302) Pause Young (Allocation Failure) 105M->2M(371M) 1,402ms
[2024-08-07T20:38:07.379+0300][8,046s][info][gc] GC(303) Pause Young (Allocation Failure) 105M->4M(371M) 8,824ms
[2024-08-07T20:38:07.403+0300][8,070s][info][gc] GC(304) Pause Young (Allocation Failure) 107M->3M(371M) 3,461ms
[2024-08-07T20:38:07.425+0300][8,092s][info][gc] GC(305) Pause Young (Allocation Failure) 106M->2M(371M) 1,837ms
[2024-08-07T20:38:07.456+0300][8,123s][info][gc] GC(306) Pause Young (Allocation Failure) 105M->5M(371M) 10,812ms
[2024-08-07T20:38:07.484+0300][8,150s][info][gc] GC(307) Pause Young (Allocation Failure) 107M->4M(371M) 7,348ms
[2024-08-07T20:38:07.508+0300][8,175s][info][gc] GC(308) Pause Young (Allocation Failure) 106M->3M(371M) 4,440ms
[2024-08-07T20:38:07.530+0300][8,197s][info][gc] GC(309) Pause Young (Allocation Failure) 105M->2M(371M) 1,429ms
[2024-08-07T20:38:07.558+0300][8,225s][info][gc] GC(310) Pause Young (Allocation Failure) 105M->4M(371M) 9,324ms
[2024-08-07T20:38:07.585+0300][8,251s][info][gc] GC(311) Pause Young (Allocation Failure) 107M->3M(371M) 6,152ms
[2024-08-07T20:38:07.608+0300][8,275s][info][gc] GC(312) Pause Young (Allocation Failure) 106M->2M(371M) 3,221ms
[2024-08-07T20:38:07.639+0300][8,306s][info][gc] GC(313) Pause Young (Allocation Failure) 105M->5M(371M) 10,840ms
[2024-08-07T20:38:07.667+0300][8,334s][info][gc] GC(314) Pause Young (Allocation Failure) 107M->4M(371M) 7,412ms
[2024-08-07T20:38:07.692+0300][8,359s][info][gc] GC(315) Pause Young (Allocation Failure) 106M->3M(371M) 4,466ms
[2024-08-07T20:38:07.714+0300][8,381s][info][gc] GC(316) Pause Young (Allocation Failure) 105M->2M(371M) 1,584ms
[2024-08-07T20:38:07.739+0300][8,405s][info][gc] GC(317) Pause Young (Allocation Failure) 105M->4M(371M) 5,063ms
[2024-08-07T20:38:07.762+0300][8,429s][info][gc] GC(318) Pause Young (Allocation Failure) 107M->3M(371M) 3,430ms
[2024-08-07T20:38:07.785+0300][8,451s][info][gc] GC(319) Pause Young (Allocation Failure) 106M->3M(371M) 2,843ms
[2024-08-07T20:38:07.816+0300][8,483s][info][gc] GC(320) Pause Young (Allocation Failure) 105M->5M(371M) 11,046ms
[2024-08-07T20:38:07.844+0300][8,510s][info][gc] GC(321) Pause Young (Allocation Failure) 107M->4M(371M) 7,559ms
[2024-08-07T20:38:07.867+0300][8,533s][info][gc] GC(322) Pause Young (Allocation Failure) 106M->3M(371M) 2,795ms
[2024-08-07T20:38:07.888+0300][8,555s][info][gc] GC(323) Pause Young (Allocation Failure) 105M->2M(371M) 1,604ms
[2024-08-07T20:38:07.917+0300][8,584s][info][gc] GC(324) Pause Young (Allocation Failure) 105M->4M(371M) 9,604ms
[2024-08-07T20:38:07.944+0300][8,610s][info][gc] GC(325) Pause Young (Allocation Failure) 107M->3M(371M) 6,444ms
[2024-08-07T20:38:07.967+0300][8,634s][info][gc] GC(326) Pause Young (Allocation Failure) 106M->3M(371M) 3,273ms
[2024-08-07T20:38:07.999+0300][8,665s][info][gc] GC(327) Pause Young (Allocation Failure) 105M->5M(371M) 10,787ms
[2024-08-07T20:38:08.027+0300][8,693s][info][gc] GC(328) Pause Young (Allocation Failure) 107M->4M(371M) 8,198ms
[2024-08-07T20:38:08.052+0300][8,718s][info][gc] GC(329) Pause Young (Allocation Failure) 106M->3M(371M) 4,570ms
[2024-08-07T20:38:08.074+0300][8,741s][info][gc] GC(330) Pause Young (Allocation Failure) 106M->2M(371M) 1,759ms
[2024-08-07T20:38:08.103+0300][8,769s][info][gc] GC(331) Pause Young (Allocation Failure) 105M->4M(371M) 9,337ms
[2024-08-07T20:38:08.130+0300][8,796s][info][gc] GC(332) Pause Young (Allocation Failure) 107M->3M(371M) 6,453ms
[2024-08-07T20:38:08.152+0300][8,819s][info][gc] GC(333) Pause Young (Allocation Failure) 106M->3M(371M) 2,742ms
[2024-08-07T20:38:08.184+0300][8,850s][info][gc] GC(334) Pause Young (Allocation Failure) 105M->5M(371M) 11,094ms
[2024-08-07T20:38:08.211+0300][8,878s][info][gc] GC(335) Pause Young (Allocation Failure) 107M->4M(371M) 7,927ms
[2024-08-07T20:38:08.234+0300][8,901s][info][gc] GC(336) Pause Young (Allocation Failure) 106M->3M(371M) 2,914ms
[2024-08-07T20:38:08.256+0300][8,923s][info][gc] GC(337) Pause Young (Allocation Failure) 106M->2M(371M) 1,794ms
[2024-08-07T20:38:08.285+0300][8,952s][info][gc] GC(338) Pause Young (Allocation Failure) 105M->4M(371M) 9,822ms
[2024-08-07T20:38:08.312+0300][8,978s][info][gc] GC(339) Pause Young (Allocation Failure) 107M->3M(371M) 6,695ms
[2024-08-07T20:38:08.335+0300][9,002s][info][gc] GC(340) Pause Young (Allocation Failure) 106M->3M(371M) 3,642ms
[2024-08-07T20:38:08.366+0300][9,033s][info][gc] GC(341) Pause Young (Allocation Failure) 105M->5M(371M) 11,252ms
[2024-08-07T20:38:08.395+0300][9,061s][info][gc] GC(342) Pause Young (Allocation Failure) 107M->4M(371M) 7,734ms
[2024-08-07T20:38:08.419+0300][9,086s][info][gc] GC(343) Pause Young (Allocation Failure) 106M->3M(371M) 5,029ms
[2024-08-07T20:38:08.442+0300][9,108s][info][gc] GC(344) Pause Young (Allocation Failure) 106M->2M(371M) 2,014ms
[2024-08-07T20:38:08.471+0300][9,138s][info][gc] GC(345) Pause Young (Allocation Failure) 105M->4M(371M) 9,676ms
[2024-08-07T20:38:08.498+0300][9,165s][info][gc] GC(346) Pause Young (Allocation Failure) 107M->4M(371M) 6,887ms
[2024-08-07T20:38:08.521+0300][9,188s][info][gc] GC(347) Pause Young (Allocation Failure) 106M->3M(371M) 3,314ms
[2024-08-07T20:38:08.553+0300][9,219s][info][gc] GC(348) Pause Young (Allocation Failure) 105M->5M(371M) 10,946ms
[2024-08-07T20:38:08.581+0300][9,247s][info][gc] GC(349) Pause Young (Allocation Failure) 107M->4M(371M) 7,926ms
[2024-08-07T20:38:08.606+0300][9,272s][info][gc] GC(350) Pause Young (Allocation Failure) 106M->3M(371M) 5,179ms
[2024-08-07T20:38:08.628+0300][9,295s][info][gc] GC(351) Pause Young (Allocation Failure) 106M->2M(371M) 1,931ms
[2024-08-07T20:38:08.657+0300][9,324s][info][gc] GC(352) Pause Young (Allocation Failure) 105M->4M(371M) 9,864ms
[2024-08-07T20:38:08.684+0300][9,351s][info][gc] GC(353) Pause Young (Allocation Failure) 107M->4M(371M) 6,451ms
[2024-08-07T20:38:08.708+0300][9,375s][info][gc] GC(354) Pause Young (Allocation Failure) 106M->3M(371M) 3,800ms
[2024-08-07T20:38:08.729+0300][9,395s][info][gc] GC(355) Pause Young (Allocation Failure) 105M->2M(371M) 0,670ms
[2024-08-07T20:38:08.756+0300][9,423s][info][gc] GC(356) Pause Young (Allocation Failure) 104M->4M(371M) 8,528ms
[2024-08-07T20:38:08.782+0300][9,448s][info][gc] GC(357) Pause Young (Allocation Failure) 106M->3M(371M) 5,149ms
[2024-08-07T20:38:08.804+0300][9,471s][info][gc] GC(358) Pause Young (Allocation Failure) 106M->2M(371M) 2,118ms
[2024-08-07T20:38:08.834+0300][9,500s][info][gc] GC(359) Pause Young (Allocation Failure) 105M->4M(371M) 9,855ms
[2024-08-07T20:38:08.860+0300][9,527s][info][gc] GC(360) Pause Young (Allocation Failure) 107M->4M(371M) 6,395ms
[2024-08-07T20:38:08.884+0300][9,550s][info][gc] GC(361) Pause Young (Allocation Failure) 106M->3M(371M) 3,294ms
[2024-08-07T20:38:08.904+0300][9,571s][info][gc] GC(362) Pause Young (Allocation Failure) 105M->2M(371M) 0,805ms
[2024-08-07T20:38:08.928+0300][9,595s][info][gc] GC(363) Pause Young (Allocation Failure) 104M->4M(371M) 4,469ms
[2024-08-07T20:38:08.954+0300][9,620s][info][gc] GC(364) Pause Young (Allocation Failure) 107M->3M(371M) 5,394ms
[2024-08-07T20:38:08.976+0300][9,642s][info][gc] GC(365) Pause Young (Allocation Failure) 106M->2M(371M) 2,024ms
[2024-08-07T20:38:09.005+0300][9,672s][info][gc] GC(366) Pause Young (Allocation Failure) 105M->4M(371M) 9,808ms
[2024-08-07T20:38:09.032+0300][9,699s][info][gc] GC(367) Pause Young (Allocation Failure) 107M->4M(371M) 6,847ms
[2024-08-07T20:38:09.056+0300][9,723s][info][gc] GC(368) Pause Young (Allocation Failure) 106M->3M(371M) 3,897ms
[2024-08-07T20:38:09.077+0300][9,744s][info][gc] GC(369) Pause Young (Allocation Failure) 105M->2M(371M) 0,835ms
[2024-08-07T20:38:09.105+0300][9,772s][info][gc] GC(370) Pause Young (Allocation Failure) 104M->4M(371M) 8,669ms
[2024-08-07T20:38:09.131+0300][9,797s][info][gc] GC(371) Pause Young (Allocation Failure) 107M->3M(371M) 5,265ms
[2024-08-07T20:38:09.154+0300][9,820s][info][gc] GC(372) Pause Young (Allocation Failure) 106M->2M(371M) 2,343ms
[2024-08-07T20:38:09.183+0300][9,850s][info][gc] GC(373) Pause Young (Allocation Failure) 105M->4M(371M) 10,013ms
[2024-08-07T20:38:09.211+0300][9,877s][info][gc] GC(374) Pause Young (Allocation Failure) 107M->4M(371M) 6,880ms
[2024-08-07T20:38:09.233+0300][9,900s][info][gc] GC(375) Pause Young (Allocation Failure) 106M->3M(371M) 2,513ms
[2024-08-07T20:38:09.254+0300][9,921s][info][gc] GC(376) Pause Young (Allocation Failure) 105M->2M(371M) 1,052ms
[2024-08-07T20:38:09.283+0300][9,949s][info][gc] GC(377) Pause Young (Allocation Failure) 104M->4M(371M) 8,838ms
[2024-08-07T20:38:09.308+0300][9,975s][info][gc] GC(378) Pause Young (Allocation Failure) 107M->3M(371M) 5,475ms
[2024-08-07T20:38:09.331+0300][9,998s][info][gc] GC(379) Pause Young (Allocation Failure) 106M->2M(371M) 2,527ms
[2024-08-07T20:38:09.361+0300][10,028s][info][gc] GC(380) Pause Young (Allocation Failure) 105M->5M(371M) 10,093ms
[2024-08-07T20:38:09.388+0300][10,055s][info][gc] GC(381) Pause Young (Allocation Failure) 107M->4M(371M) 7,224ms
[2024-08-07T20:38:09.410+0300][10,077s][info][gc] GC(382) Pause Young (Allocation Failure) 106M->3M(371M) 2,048ms
[2024-08-07T20:38:09.432+0300][10,098s][info][gc] GC(383) Pause Young (Allocation Failure) 105M->2M(371M) 1,034ms
[2024-08-07T20:38:09.460+0300][10,126s][info][gc] GC(384) Pause Young (Allocation Failure) 104M->4M(371M) 8,630ms
[2024-08-07T20:38:09.486+0300][10,152s][info][gc] GC(385) Pause Young (Allocation Failure) 107M->3M(371M) 5,583ms
[2024-08-07T20:38:09.508+0300][10,175s][info][gc] GC(386) Pause Young (Allocation Failure) 106M->2M(371M) 2,382ms
[2024-08-07T20:38:09.538+0300][10,205s][info][gc] GC(387) Pause Young (Allocation Failure) 105M->5M(371M) 10,297ms
[2024-08-07T20:38:09.565+0300][10,232s][info][gc] GC(388) Pause Young (Allocation Failure) 107M->4M(371M) 7,058ms
[2024-08-07T20:38:09.590+0300][10,256s][info][gc] GC(389) Pause Young (Allocation Failure) 106M->3M(371M) 4,226ms
[2024-08-07T20:38:09.611+0300][10,278s][info][gc] GC(390) Pause Young (Allocation Failure) 105M->2M(371M) 1,182ms
[2024-08-07T20:38:09.639+0300][10,306s][info][gc] GC(391) Pause Young (Allocation Failure) 104M->4M(371M) 8,895ms
[2024-08-07T20:38:09.664+0300][10,331s][info][gc] GC(392) Pause Young (Allocation Failure) 107M->3M(371M) 5,485ms
[2024-08-07T20:38:09.687+0300][10,353s][info][gc] GC(393) Pause Young (Allocation Failure) 106M->2M(371M) 2,829ms
[2024-08-07T20:38:09.717+0300][10,384s][info][gc] GC(394) Pause Young (Allocation Failure) 105M->5M(371M) 10,034ms
[2024-08-07T20:38:09.742+0300][10,408s][info][gc] GC(395) Pause Young (Allocation Failure) 107M->4M(371M) 4,150ms
[2024-08-07T20:38:09.766+0300][10,432s][info][gc] GC(396) Pause Young (Allocation Failure) 106M->3M(371M) 4,218ms
[2024-08-07T20:38:09.787+0300][10,453s][info][gc] GC(397) Pause Young (Allocation Failure) 105M->2M(371M) 1,255ms
[2024-08-07T20:38:09.815+0300][10,482s][info][gc] GC(398) Pause Young (Allocation Failure) 104M->4M(371M) 9,264ms
[2024-08-07T20:38:09.841+0300][10,508s][info][gc] GC(399) Pause Young (Allocation Failure) 107M->3M(371M) 5,744ms
[2024-08-07T20:38:09.864+0300][10,531s][info][gc] GC(400) Pause Young (Allocation Failure) 106M->2M(371M) 2,867ms
[2024-08-07T20:38:09.895+0300][10,562s][info][gc] GC(401) Pause Young (Allocation Failure) 105M->5M(371M) 10,800ms
[2024-08-07T20:38:09.923+0300][10,590s][info][gc] GC(402) Pause Young (Allocation Failure) 107M->4M(371M) 7,636ms
[2024-08-07T20:38:09.948+0300][10,614s][info][gc] GC(403) Pause Young (Allocation Failure) 106M->3M(371M) 4,083ms
[2024-08-07T20:38:09.969+0300][10,636s][info][gc] GC(404) Pause Young (Allocation Failure) 105M->2M(371M) 1,409ms
[2024-08-07T20:38:09.998+0300][10,665s][info][gc] GC(405) Pause Young (Allocation Failure) 104M->4M(371M) 9,273ms
[2024-08-07T20:38:10.021+0300][10,688s][info][gc] GC(406) Pause Young (Allocation Failure) 107M->3M(371M) 3,376ms
[2024-08-07T20:38:10.045+0300][10,711s][info][gc] GC(407) Pause Young (Allocation Failure) 106M->2M(371M) 2,903ms
[2024-08-07T20:38:10.075+0300][10,742s][info][gc] GC(408) Pause Young (Allocation Failure) 105M->5M(371M) 10,414ms
[2024-08-07T20:38:10.103+0300][10,770s][info][gc] GC(409) Pause Young (Allocation Failure) 107M->4M(371M) 7,288ms
[2024-08-07T20:38:10.127+0300][10,794s][info][gc] GC(410) Pause Young (Allocation Failure) 106M->3M(371M) 4,354ms
[2024-08-07T20:38:10.149+0300][10,816s][info][gc] GC(411) Pause Young (Allocation Failure) 105M->2M(371M) 1,413ms
[2024-08-07T20:38:10.177+0300][10,844s][info][gc] GC(412) Pause Young (Allocation Failure) 105M->4M(371M) 9,238ms
[2024-08-07T20:38:10.203+0300][10,870s][info][gc] GC(413) Pause Young (Allocation Failure) 107M->3M(371M) 6,020ms
[2024-08-07T20:38:10.226+0300][10,892s][info][gc] GC(414) Pause Young (Allocation Failure) 106M->2M(371M) 2,746ms
[2024-08-07T20:38:10.257+0300][10,923s][info][gc] GC(415) Pause Young (Allocation Failure) 105M->5M(371M) 10,620ms
[2024-08-07T20:38:10.284+0300][10,951s][info][gc] GC(416) Pause Young (Allocation Failure) 107M->4M(371M) 7,413ms
[2024-08-07T20:38:10.308+0300][10,975s][info][gc] GC(417) Pause Young (Allocation Failure) 106M->3M(371M) 4,523ms
[2024-08-07T20:38:10.329+0300][10,996s][info][gc] GC(418) Pause Young (Allocation Failure) 105M->2M(371M) 1,047ms
[2024-08-07T20:38:10.353+0300][11,020s][info][gc] GC(419) Pause Young (Allocation Failure) 105M->4M(371M) 5,214ms
[2024-08-07T20:38:10.377+0300][11,043s][info][gc] GC(420) Pause Young (Allocation Failure) 107M->3M(371M) 3,556ms
[2024-08-07T20:38:10.399+0300][11,065s][info][gc] GC(421) Pause Young (Allocation Failure) 106M->2M(371M) 1,716ms
[2024-08-07T20:38:10.429+0300][11,096s][info][gc] GC(422) Pause Young (Allocation Failure) 105M->5M(371M) 10,753ms
[2024-08-07T20:38:10.457+0300][11,124s][info][gc] GC(423) Pause Young (Allocation Failure) 107M->4M(371M) 7,804ms
[2024-08-07T20:38:10.482+0300][11,149s][info][gc] GC(424) Pause Young (Allocation Failure) 106M->3M(371M) 4,712ms
[2024-08-07T20:38:10.504+0300][11,171s][info][gc] GC(425) Pause Young (Allocation Failure) 105M->2M(371M) 1,776ms
[2024-08-07T20:38:10.533+0300][11,199s][info][gc] GC(426) Pause Young (Allocation Failure) 105M->4M(371M) 9,127ms
[2024-08-07T20:38:10.559+0300][11,226s][info][gc] GC(427) Pause Young (Allocation Failure) 107M->3M(371M) 5,760ms
[2024-08-07T20:38:10.582+0300][11,249s][info][gc] GC(428) Pause Young (Allocation Failure) 106M->3M(371M) 2,687ms
[2024-08-07T20:38:10.613+0300][11,280s][info][gc] GC(429) Pause Young (Allocation Failure) 105M->5M(371M) 10,820ms
[2024-08-07T20:38:10.637+0300][11,304s][info][gc] GC(430) Pause Young (Allocation Failure) 107M->4M(371M) 4,187ms
[2024-08-07T20:38:10.662+0300][11,329s][info][gc] GC(431) Pause Young (Allocation Failure) 106M->3M(371M) 4,945ms
[2024-08-07T20:38:10.684+0300][11,351s][info][gc] GC(432) Pause Young (Allocation Failure) 105M->2M(371M) 1,549ms
[2024-08-07T20:38:10.713+0300][11,380s][info][gc] GC(433) Pause Young (Allocation Failure) 105M->4M(371M) 9,403ms
[2024-08-07T20:38:10.737+0300][11,403s][info][gc] GC(434) Pause Young (Allocation Failure) 107M->3M(371M) 3,365ms
[2024-08-07T20:38:10.760+0300][11,426s][info][gc] GC(435) Pause Young (Allocation Failure) 106M->3M(371M) 3,256ms
[2024-08-07T20:38:10.790+0300][11,457s][info][gc] GC(436) Pause Young (Allocation Failure) 105M->5M(371M) 10,721ms
[2024-08-07T20:38:10.818+0300][11,485s][info][gc] GC(437) Pause Young (Allocation Failure) 107M->4M(371M) 7,916ms
[2024-08-07T20:38:10.843+0300][11,510s][info][gc] GC(438) Pause Young (Allocation Failure) 106M->3M(371M) 4,688ms
[2024-08-07T20:38:10.866+0300][11,532s][info][gc] GC(439) Pause Young (Allocation Failure) 105M->2M(371M) 1,936ms
[2024-08-07T20:38:10.895+0300][11,561s][info][gc] GC(440) Pause Young (Allocation Failure) 105M->4M(371M) 9,572ms
[2024-08-07T20:38:10.921+0300][11,588s][info][gc] GC(441) Pause Young (Allocation Failure) 107M->3M(371M) 6,381ms
[2024-08-07T20:38:10.944+0300][11,610s][info][gc] GC(442) Pause Young (Allocation Failure) 106M->3M(371M) 1,966ms
[2024-08-07T20:38:10.970+0300][11,636s][info][gc] GC(443) Pause Young (Allocation Failure) 105M->5M(371M) 6,462ms
[2024-08-07T20:38:10.998+0300][11,664s][info][gc] GC(444) Pause Young (Allocation Failure) 107M->4M(371M) 7,644ms
[2024-08-07T20:38:11.023+0300][11,689s][info][gc] GC(445) Pause Young (Allocation Failure) 106M->3M(371M) 4,858ms
[2024-08-07T20:38:11.045+0300][11,712s][info][gc] GC(446) Pause Young (Allocation Failure) 106M->2M(371M) 2,067ms
[2024-08-07T20:38:11.074+0300][11,741s][info][gc] GC(447) Pause Young (Allocation Failure) 105M->4M(371M) 9,477ms
[2024-08-07T20:38:11.101+0300][11,768s][info][gc] GC(448) Pause Young (Allocation Failure) 107M->3M(371M) 6,318ms
[2024-08-07T20:38:11.124+0300][11,791s][info][gc] GC(449) Pause Young (Allocation Failure) 106M->3M(371M) 3,262ms
[2024-08-07T20:38:11.155+0300][11,822s][info][gc] GC(450) Pause Young (Allocation Failure) 105M->5M(371M) 11,002ms
[2024-08-07T20:38:11.183+0300][11,850s][info][gc] GC(451) Pause Young (Allocation Failure) 107M->4M(371M) 7,834ms
[2024-08-07T20:38:11.208+0300][11,875s][info][gc] GC(452) Pause Young (Allocation Failure) 106M->3M(371M) 4,767ms
[2024-08-07T20:38:11.230+0300][11,896s][info][gc] GC(453) Pause Young (Allocation Failure) 106M->2M(371M) 1,715ms
[2024-08-07T20:38:11.255+0300][11,921s][info][gc] GC(454) Pause Young (Allocation Failure) 105M->4M(371M) 5,344ms
[2024-08-07T20:38:11.279+0300][11,945s][info][gc] GC(455) Pause Young (Allocation Failure) 107M->3M(371M) 3,834ms
[2024-08-07T20:38:11.301+0300][11,968s][info][gc] GC(456) Pause Young (Allocation Failure) 106M->3M(371M) 2,355ms
[2024-08-07T20:38:11.332+0300][11,999s][info][gc] GC(457) Pause Young (Allocation Failure) 105M->5M(371M) 11,139ms
[2024-08-07T20:38:11.361+0300][12,027s][info][gc] GC(458) Pause Young (Allocation Failure) 107M->4M(371M) 8,371ms
[2024-08-07T20:38:11.386+0300][12,053s][info][gc] GC(459) Pause Young (Allocation Failure) 106M->3M(371M) 4,911ms
[2024-08-07T20:38:11.408+0300][12,075s][info][gc] GC(460) Pause Young (Allocation Failure) 106M->2M(371M) 1,369ms
[2024-08-07T20:38:11.437+0300][12,104s][info][gc] GC(461) Pause Young (Allocation Failure) 105M->4M(371M) 9,471ms
[2024-08-07T20:38:11.464+0300][12,131s][info][gc] GC(462) Pause Young (Allocation Failure) 107M->4M(371M) 6,727ms
[2024-08-07T20:38:11.488+0300][12,154s][info][gc] GC(463) Pause Young (Allocation Failure) 106M->3M(371M) 3,252ms
[2024-08-07T20:38:11.508+0300][12,175s][info][gc] GC(464) Pause Young (Allocation Failure) 105M->2M(371M) 0,671ms
[2024-08-07T20:38:11.535+0300][12,202s][info][gc] GC(465) Pause Young (Allocation Failure) 104M->4M(371M) 8,160ms
[2024-08-07T20:38:11.559+0300][12,225s][info][gc] GC(466) Pause Young (Allocation Failure) 106M->3M(371M) 2,962ms
[2024-08-07T20:38:11.580+0300][12,246s][info][gc] GC(467) Pause Young (Allocation Failure) 106M->2M(371M) 1,544ms
[2024-08-07T20:38:11.609+0300][12,275s][info][gc] GC(468) Pause Young (Allocation Failure) 105M->4M(371M) 9,620ms
[2024-08-07T20:38:11.635+0300][12,302s][info][gc] GC(469) Pause Young (Allocation Failure) 107M->4M(371M) 6,644ms
[2024-08-07T20:38:11.660+0300][12,326s][info][gc] GC(470) Pause Young (Allocation Failure) 106M->3M(371M) 3,854ms
[2024-08-07T20:38:11.680+0300][12,347s][info][gc] GC(471) Pause Young (Allocation Failure) 105M->2M(371M) 0,748ms
[2024-08-07T20:38:11.708+0300][12,374s][info][gc] GC(472) Pause Young (Allocation Failure) 104M->4M(371M) 8,509ms
[2024-08-07T20:38:11.733+0300][12,400s][info][gc] GC(473) Pause Young (Allocation Failure) 106M->3M(371M) 5,155ms
[2024-08-07T20:38:11.755+0300][12,422s][info][gc] GC(474) Pause Young (Allocation Failure) 106M->2M(371M) 2,227ms
[2024-08-07T20:38:11.785+0300][12,452s][info][gc] GC(475) Pause Young (Allocation Failure) 105M->4M(371M) 10,126ms
[2024-08-07T20:38:11.813+0300][12,480s][info][gc] GC(476) Pause Young (Allocation Failure) 107M->4M(371M) 6,989ms
[2024-08-07T20:38:11.837+0300][12,504s][info][gc] GC(477) Pause Young (Allocation Failure) 106M->3M(371M) 3,966ms
[2024-08-07T20:38:11.858+0300][12,524s][info][gc] GC(478) Pause Young (Allocation Failure) 105M->2M(371M) 0,763ms
[2024-08-07T20:38:11.885+0300][12,552s][info][gc] GC(479) Pause Young (Allocation Failure) 104M->4M(371M) 8,428ms
[2024-08-07T20:38:11.908+0300][12,575s][info][gc] GC(480) Pause Young (Allocation Failure) 107M->3M(371M) 3,149ms
[2024-08-07T20:38:11.930+0300][12,597s][info][gc] GC(481) Pause Young (Allocation Failure) 106M->2M(371M) 2,429ms
[2024-08-07T20:38:11.960+0300][12,626s][info][gc] GC(482) Pause Young (Allocation Failure) 105M->4M(371M) 9,909ms
[2024-08-07T20:38:11.987+0300][12,654s][info][gc] GC(483) Pause Young (Allocation Failure) 107M->4M(371M) 6,971ms
[2024-08-07T20:38:12.011+0300][12,678s][info][gc] GC(484) Pause Young (Allocation Failure) 106M->3M(371M) 3,921ms
[2024-08-07T20:38:12.032+0300][12,699s][info][gc] GC(485) Pause Young (Allocation Failure) 105M->2M(371M) 0,846ms
[2024-08-07T20:38:12.060+0300][12,727s][info][gc] GC(486) Pause Young (Allocation Failure) 104M->4M(371M) 8,899ms
[2024-08-07T20:38:12.086+0300][12,753s][info][gc] GC(487) Pause Young (Allocation Failure) 107M->3M(371M) 5,589ms
[2024-08-07T20:38:12.108+0300][12,775s][info][gc] GC(488) Pause Young (Allocation Failure) 106M->2M(371M) 2,218ms
[2024-08-07T20:38:12.138+0300][12,805s][info][gc] GC(489) Pause Young (Allocation Failure) 105M->5M(371M) 10,223ms
[2024-08-07T20:38:12.165+0300][12,832s][info][gc] GC(490) Pause Young (Allocation Failure) 107M->4M(371M) 6,948ms
[2024-08-07T20:38:12.190+0300][12,856s][info][gc] GC(491) Pause Young (Allocation Failure) 106M->3M(371M) 4,074ms
[2024-08-07T20:38:12.211+0300][12,878s][info][gc] GC(492) Pause Young (Allocation Failure) 105M->2M(371M) 1,095ms
[2024-08-07T20:38:12.237+0300][12,904s][info][gc] GC(493) Pause Young (Allocation Failure) 104M->4M(371M) 6,811ms
[2024-08-07T20:38:12.263+0300][12,929s][info][gc] GC(494) Pause Young (Allocation Failure) 107M->3M(371M) 5,422ms
[2024-08-07T20:38:12.285+0300][12,951s][info][gc] GC(495) Pause Young (Allocation Failure) 106M->2M(371M) 2,722ms
[2024-08-07T20:38:12.315+0300][12,982s][info][gc] GC(496) Pause Young (Allocation Failure) 105M->5M(371M) 10,041ms
[2024-08-07T20:38:12.343+0300][13,009s][info][gc] GC(497) Pause Young (Allocation Failure) 107M->4M(371M) 7,229ms
[2024-08-07T20:38:12.366+0300][13,033s][info][gc] GC(498) Pause Young (Allocation Failure) 106M->3M(371M) 3,786ms
[2024-08-07T20:38:12.388+0300][13,054s][info][gc] GC(499) Pause Young (Allocation Failure) 105M->2M(371M) 1,093ms
[2024-08-07T20:38:12.413+0300][13,079s][info][gc] GC(500) Pause Young (Allocation Failure) 104M->4M(371M) 6,144ms
[2024-08-07T20:38:12.438+0300][13,105s][info][gc] GC(501) Pause Young (Allocation Failure) 107M->3M(371M) 5,597ms
[2024-08-07T20:38:12.461+0300][13,128s][info][gc] GC(502) Pause Young (Allocation Failure) 106M->2M(371M) 2,309ms
[2024-08-07T20:38:12.487+0300][13,154s][info][gc] GC(503) Pause Young (Allocation Failure) 105M->5M(371M) 5,731ms
[2024-08-07T20:38:12.514+0300][13,181s][info][gc] GC(504) Pause Young (Allocation Failure) 107M->4M(371M) 7,301ms
[2024-08-07T20:38:12.539+0300][13,205s][info][gc] GC(505) Pause Young (Allocation Failure) 106M->3M(371M) 4,479ms
[2024-08-07T20:38:12.560+0300][13,226s][info][gc] GC(506) Pause Young (Allocation Failure) 105M->2M(371M) 1,248ms
[2024-08-07T20:38:12.586+0300][13,252s][info][gc] GC(507) Pause Young (Allocation Failure) 104M->4M(371M) 6,717ms
[2024-08-07T20:38:12.611+0300][13,278s][info][gc] GC(508) Pause Young (Allocation Failure) 107M->3M(371M) 5,987ms
[2024-08-07T20:38:12.633+0300][13,300s][info][gc] GC(509) Pause Young (Allocation Failure) 106M->2M(371M) 3,040ms
[2024-08-07T20:38:12.663+0300][13,330s][info][gc] GC(510) Pause Young (Allocation Failure) 105M->5M(371M) 10,741ms
[2024-08-07T20:38:12.690+0300][13,357s][info][gc] GC(511) Pause Young (Allocation Failure) 107M->4M(371M) 7,940ms
[2024-08-07T20:38:12.715+0300][13,381s][info][gc] GC(512) Pause Young (Allocation Failure) 106M->3M(371M) 4,397ms
[2024-08-07T20:38:12.736+0300][13,403s][info][gc] GC(513) Pause Young (Allocation Failure) 105M->2M(371M) 1,686ms
[2024-08-07T20:38:12.760+0300][13,427s][info][gc] GC(514) Pause Young (Allocation Failure) 104M->4M(371M) 5,019ms
[2024-08-07T20:38:12.786+0300][13,452s][info][gc] GC(515) Pause Young (Allocation Failure) 107M->3M(371M) 6,285ms
[2024-08-07T20:38:12.808+0300][13,475s][info][gc] GC(516) Pause Young (Allocation Failure) 106M->2M(371M) 2,862ms
[2024-08-07T20:38:12.838+0300][13,505s][info][gc] GC(517) Pause Young (Allocation Failure) 105M->5M(371M) 10,692ms
[2024-08-07T20:38:12.865+0300][13,532s][info][gc] GC(518) Pause Young (Allocation Failure) 107M->4M(371M) 7,798ms
[2024-08-07T20:38:12.889+0300][13,556s][info][gc] GC(519) Pause Young (Allocation Failure) 106M->3M(371M) 4,635ms
[2024-08-07T20:38:12.911+0300][13,577s][info][gc] GC(520) Pause Young (Allocation Failure) 105M->2M(371M) 1,631ms
[2024-08-07T20:38:12.939+0300][13,606s][info][gc] GC(521) Pause Young (Allocation Failure) 105M->4M(371M) 9,115ms
[2024-08-07T20:38:12.965+0300][13,632s][info][gc] GC(522) Pause Young (Allocation Failure) 107M->3M(371M) 6,273ms
[2024-08-07T20:38:12.988+0300][13,654s][info][gc] GC(523) Pause Young (Allocation Failure) 106M->2M(371M) 2,898ms
[2024-08-07T20:38:13.018+0300][13,684s][info][gc] GC(524) Pause Young (Allocation Failure) 105M->5M(371M) 10,727ms
[2024-08-07T20:38:13.045+0300][13,711s][info][gc] GC(525) Pause Young (Allocation Failure) 107M->4M(371M) 7,666ms
[2024-08-07T20:38:13.069+0300][13,735s][info][gc] GC(526) Pause Young (Allocation Failure) 106M->3M(371M) 4,766ms
[2024-08-07T20:38:13.089+0300][13,756s][info][gc] GC(527) Pause Young (Allocation Failure) 105M->2M(371M) 1,396ms
[2024-08-07T20:38:13.119+0300][13,785s][info][gc] GC(528) Pause Young (Allocation Failure) 105M->4M(371M) 9,749ms
[2024-08-07T20:38:13.142+0300][13,808s][info][gc] GC(529) Pause Young (Allocation Failure) 107M->3M(371M) 3,673ms
[2024-08-07T20:38:13.164+0300][13,831s][info][gc] GC(530) Pause Young (Allocation Failure) 106M->2M(371M) 3,449ms
[2024-08-07T20:38:13.195+0300][13,862s][info][gc] GC(531) Pause Young (Allocation Failure) 105M->5M(371M) 10,873ms
[2024-08-07T20:38:13.222+0300][13,889s][info][gc] GC(532) Pause Young (Allocation Failure) 107M->4M(371M) 8,207ms
[2024-08-07T20:38:13.245+0300][13,912s][info][gc] GC(533) Pause Young (Allocation Failure) 106M->3M(371M) 3,003ms
[2024-08-07T20:38:13.266+0300][13,933s][info][gc] GC(534) Pause Young (Allocation Failure) 105M->2M(371M) 1,775ms
[2024-08-07T20:38:13.295+0300][13,961s][info][gc] GC(535) Pause Young (Allocation Failure) 105M->4M(371M) 9,550ms
[2024-08-07T20:38:13.321+0300][13,987s][info][gc] GC(536) Pause Young (Allocation Failure) 107M->3M(371M) 6,386ms
[2024-08-07T20:38:13.343+0300][14,010s][info][gc] GC(537) Pause Young (Allocation Failure) 106M->3M(371M) 3,057ms
[2024-08-07T20:38:13.375+0300][14,041s][info][gc] GC(538) Pause Young (Allocation Failure) 105M->5M(371M) 11,334ms
[2024-08-07T20:38:13.399+0300][14,066s][info][gc] GC(539) Pause Young (Allocation Failure) 107M->4M(371M) 4,585ms
[2024-08-07T20:38:13.423+0300][14,090s][info][gc] GC(540) Pause Young (Allocation Failure) 106M->3M(371M) 4,903ms
[2024-08-07T20:38:13.445+0300][14,111s][info][gc] GC(541) Pause Young (Allocation Failure) 105M->2M(371M) 1,542ms
[2024-08-07T20:38:13.470+0300][14,136s][info][gc] GC(542) Pause Young (Allocation Failure) 105M->4M(371M) 5,499ms
[2024-08-07T20:38:13.493+0300][14,160s][info][gc] GC(543) Pause Young (Allocation Failure) 107M->3M(371M) 3,610ms
[2024-08-07T20:38:13.516+0300][14,182s][info][gc] GC(544) Pause Young (Allocation Failure) 106M->3M(371M) 3,511ms
[2024-08-07T20:38:13.547+0300][14,214s][info][gc] GC(545) Pause Young (Allocation Failure) 105M->5M(371M) 11,528ms
[2024-08-07T20:38:13.574+0300][14,241s][info][gc] GC(546) Pause Young (Allocation Failure) 107M->4M(371M) 7,730ms
[2024-08-07T20:38:13.598+0300][14,265s][info][gc] GC(547) Pause Young (Allocation Failure) 106M->3M(371M) 4,909ms
[2024-08-07T20:38:13.619+0300][14,286s][info][gc] GC(548) Pause Young (Allocation Failure) 105M->2M(371M) 1,643ms
[2024-08-07T20:38:13.648+0300][14,315s][info][gc] GC(549) Pause Young (Allocation Failure) 105M->4M(371M) 9,696ms
[2024-08-07T20:38:13.674+0300][14,341s][info][gc] GC(550) Pause Young (Allocation Failure) 107M->3M(371M) 6,664ms
[2024-08-07T20:38:13.698+0300][14,364s][info][gc] GC(551) Pause Young (Allocation Failure) 106M->3M(371M) 3,859ms
[2024-08-07T20:38:13.729+0300][14,395s][info][gc] GC(552) Pause Young (Allocation Failure) 105M->5M(371M) 11,313ms
[2024-08-07T20:38:13.754+0300][14,421s][info][gc] GC(553) Pause Young (Allocation Failure) 107M->4M(371M) 4,900ms
[2024-08-07T20:38:13.778+0300][14,445s][info][gc] GC(554) Pause Young (Allocation Failure) 106M->3M(371M) 4,962ms
[2024-08-07T20:38:13.800+0300][14,466s][info][gc] GC(555) Pause Young (Allocation Failure) 106M->2M(371M) 1,858ms
[2024-08-07T20:38:13.828+0300][14,495s][info][gc] GC(556) Pause Young (Allocation Failure) 105M->4M(371M) 9,599ms
[2024-08-07T20:38:13.854+0300][14,521s][info][gc] GC(557) Pause Young (Allocation Failure) 107M->3M(371M) 6,675ms
[2024-08-07T20:38:13.877+0300][14,544s][info][gc] GC(558) Pause Young (Allocation Failure) 106M->3M(371M) 3,473ms
[2024-08-07T20:38:13.908+0300][14,575s][info][gc] GC(559) Pause Young (Allocation Failure) 105M->5M(371M) 11,071ms
[2024-08-07T20:38:13.935+0300][14,602s][info][gc] GC(560) Pause Young (Allocation Failure) 107M->4M(371M) 7,747ms
[2024-08-07T20:38:13.960+0300][14,627s][info][gc] GC(561) Pause Young (Allocation Failure) 106M->3M(371M) 5,081ms
[2024-08-07T20:38:13.981+0300][14,648s][info][gc] GC(562) Pause Young (Allocation Failure) 106M->2M(371M) 1,540ms
[2024-08-07T20:38:14.010+0300][14,677s][info][gc] GC(563) Pause Young (Allocation Failure) 105M->4M(371M) 9,624ms
[2024-08-07T20:38:14.037+0300][14,704s][info][gc] GC(564) Pause Young (Allocation Failure) 107M->3M(371M) 6,881ms
[2024-08-07T20:38:14.060+0300][14,727s][info][gc] GC(565) Pause Young (Allocation Failure) 106M->3M(371M) 3,991ms
[2024-08-07T20:38:14.091+0300][14,758s][info][gc] GC(566) Pause Young (Allocation Failure) 105M->5M(371M) 11,409ms
[2024-08-07T20:38:14.120+0300][14,786s][info][gc] GC(567) Pause Young (Allocation Failure) 107M->4M(371M) 8,433ms
[2024-08-07T20:38:14.144+0300][14,811s][info][gc] GC(568) Pause Young (Allocation Failure) 106M->3M(371M) 4,777ms
[2024-08-07T20:38:14.166+0300][14,833s][info][gc] GC(569) Pause Young (Allocation Failure) 106M->2M(371M) 2,248ms
[2024-08-07T20:38:14.196+0300][14,863s][info][gc] GC(570) Pause Young (Allocation Failure) 105M->4M(371M) 9,785ms
[2024-08-07T20:38:14.222+0300][14,889s][info][gc] GC(571) Pause Young (Allocation Failure) 107M->4M(371M) 7,013ms
[2024-08-07T20:38:14.246+0300][14,912s][info][gc] GC(572) Pause Young (Allocation Failure) 106M->3M(371M) 3,541ms
[2024-08-07T20:38:14.277+0300][14,943s][info][gc] GC(573) Pause Young (Allocation Failure) 105M->5M(371M) 11,432ms
[2024-08-07T20:38:14.304+0300][14,971s][info][gc] GC(574) Pause Young (Allocation Failure) 107M->4M(371M) 7,683ms
[2024-08-07T20:38:14.329+0300][14,995s][info][gc] GC(575) Pause Young (Allocation Failure) 106M->3M(371M) 5,369ms
[2024-08-07T20:38:14.350+0300][15,017s][info][gc] GC(576) Pause Young (Allocation Failure) 106M->2M(371M) 1,974ms
[2024-08-07T20:38:14.380+0300][15,046s][info][gc] GC(577) Pause Young (Allocation Failure) 105M->4M(371M) 10,043ms
[2024-08-07T20:38:14.406+0300][15,073s][info][gc] GC(578) Pause Young (Allocation Failure) 107M->4M(371M) 6,681ms
[2024-08-07T20:38:14.430+0300][15,096s][info][gc] GC(579) Pause Young (Allocation Failure) 106M->3M(371M) 3,968ms
[2024-08-07T20:38:14.451+0300][15,117s][info][gc] GC(580) Pause Young (Allocation Failure) 105M->2M(371M) 0,931ms
[2024-08-07T20:38:14.478+0300][15,144s][info][gc] GC(581) Pause Young (Allocation Failure) 104M->4M(371M) 8,324ms
[2024-08-07T20:38:14.503+0300][15,170s][info][gc] GC(582) Pause Young (Allocation Failure) 106M->3M(371M) 5,384ms
[2024-08-07T20:38:14.525+0300][15,191s][info][gc] GC(583) Pause Young (Allocation Failure) 106M->2M(371M) 2,076ms
[2024-08-07T20:38:14.554+0300][15,221s][info][gc] GC(584) Pause Young (Allocation Failure) 105M->4M(371M) 10,354ms
[2024-08-07T20:38:14.581+0300][15,247s][info][gc] GC(585) Pause Young (Allocation Failure) 107M->4M(371M) 7,105ms
[2024-08-07T20:38:14.605+0300][15,271s][info][gc] GC(586) Pause Young (Allocation Failure) 106M->3M(371M) 4,081ms
[2024-08-07T20:38:14.625+0300][15,291s][info][gc] GC(587) Pause Young (Allocation Failure) 105M->2M(371M) 0,760ms
[2024-08-07T20:38:14.652+0300][15,319s][info][gc] GC(588) Pause Young (Allocation Failure) 104M->4M(371M) 8,821ms
[2024-08-07T20:38:14.678+0300][15,344s][info][gc] GC(589) Pause Young (Allocation Failure) 107M->3M(371M) 5,680ms
[2024-08-07T20:38:14.699+0300][15,366s][info][gc] GC(590) Pause Young (Allocation Failure) 106M->2M(371M) 2,412ms
[2024-08-07T20:38:14.729+0300][15,395s][info][gc] GC(591) Pause Young (Allocation Failure) 105M->4M(371M) 10,043ms
[2024-08-07T20:38:14.755+0300][15,422s][info][gc] GC(592) Pause Young (Allocation Failure) 107M->4M(371M) 7,301ms
[2024-08-07T20:38:14.779+0300][15,446s][info][gc] GC(593) Pause Young (Allocation Failure) 106M->3M(371M) 3,931ms
[2024-08-07T20:38:14.799+0300][15,466s][info][gc] GC(594) Pause Young (Allocation Failure) 105M->2M(371M) 0,884ms
[2024-08-07T20:38:14.826+0300][15,493s][info][gc] GC(595) Pause Young (Allocation Failure) 104M->4M(371M) 8,540ms
[2024-08-07T20:38:14.851+0300][15,518s][info][gc] GC(596) Pause Young (Allocation Failure) 107M->3M(371M) 5,390ms
[2024-08-07T20:38:14.873+0300][15,540s][info][gc] GC(597) Pause Young (Allocation Failure) 106M->2M(371M) 2,253ms
[2024-08-07T20:38:14.903+0300][15,570s][info][gc] GC(598) Pause Young (Allocation Failure) 105M->4M(371M) 10,240ms
[2024-08-07T20:38:14.930+0300][15,597s][info][gc] GC(599) Pause Young (Allocation Failure) 107M->4M(371M) 7,195ms
[2024-08-07T20:38:14.954+0300][15,621s][info][gc] GC(600) Pause Young (Allocation Failure) 106M->3M(371M) 4,344ms
[2024-08-07T20:38:14.975+0300][15,642s][info][gc] GC(601) Pause Young (Allocation Failure) 105M->2M(371M) 0,898ms
[2024-08-07T20:38:15.003+0300][15,669s][info][gc] GC(602) Pause Young (Allocation Failure) 104M->4M(371M) 9,037ms
[2024-08-07T20:38:15.028+0300][15,695s][info][gc] GC(603) Pause Young (Allocation Failure) 107M->3M(371M) 5,751ms
[2024-08-07T20:38:15.050+0300][15,717s][info][gc] GC(604) Pause Young (Allocation Failure) 106M->2M(371M) 2,685ms
[2024-08-07T20:38:15.080+0300][15,746s][info][gc] GC(605) Pause Young (Allocation Failure) 105M->5M(371M) 10,361ms
[2024-08-07T20:38:15.107+0300][15,774s][info][gc] GC(606) Pause Young (Allocation Failure) 107M->4M(371M) 7,532ms
[2024-08-07T20:38:15.131+0300][15,797s][info][gc] GC(607) Pause Young (Allocation Failure) 106M->3M(371M) 4,262ms
[2024-08-07T20:38:15.151+0300][15,818s][info][gc] GC(608) Pause Young (Allocation Failure) 105M->2M(371M) 1,082ms
[2024-08-07T20:38:15.179+0300][15,846s][info][gc] GC(609) Pause Young (Allocation Failure) 104M->4M(371M) 8,846ms
[2024-08-07T20:38:15.205+0300][15,871s][info][gc] GC(610) Pause Young (Allocation Failure) 107M->3M(371M) 5,926ms
[2024-08-07T20:38:15.227+0300][15,894s][info][gc] GC(611) Pause Young (Allocation Failure) 106M->2M(371M) 2,613ms
[2024-08-07T20:38:15.257+0300][15,924s][info][gc] GC(612) Pause Young (Allocation Failure) 105M->5M(371M) 10,480ms
[2024-08-07T20:38:15.284+0300][15,951s][info][gc] GC(613) Pause Young (Allocation Failure) 107M->4M(371M) 7,464ms
[2024-08-07T20:38:15.308+0300][15,975s][info][gc] GC(614) Pause Young (Allocation Failure) 106M->3M(371M) 4,243ms
[2024-08-07T20:38:15.329+0300][15,995s][info][gc] GC(615) Pause Young (Allocation Failure) 105M->2M(371M) 1,164ms
[2024-08-07T20:38:15.357+0300][16,024s][info][gc] GC(616) Pause Young (Allocation Failure) 104M->4M(371M) 8,931ms
[2024-08-07T20:38:15.383+0300][16,049s][info][gc] GC(617) Pause Young (Allocation Failure) 107M->3M(371M) 5,984ms
[2024-08-07T20:38:15.405+0300][16,071s][info][gc] GC(618) Pause Young (Allocation Failure) 106M->2M(371M) 2,775ms
[2024-08-07T20:38:15.434+0300][16,101s][info][gc] GC(619) Pause Young (Allocation Failure) 105M->5M(371M) 10,450ms
[2024-08-07T20:38:15.461+0300][16,128s][info][gc] GC(620) Pause Young (Allocation Failure) 107M->4M(371M) 7,335ms
[2024-08-07T20:38:15.485+0300][16,152s][info][gc] GC(621) Pause Young (Allocation Failure) 106M->3M(371M) 4,513ms
[2024-08-07T20:38:15.506+0300][16,173s][info][gc] GC(622) Pause Young (Allocation Failure) 105M->2M(371M) 1,255ms
[2024-08-07T20:38:15.535+0300][16,202s][info][gc] GC(623) Pause Young (Allocation Failure) 104M->4M(371M) 9,480ms
[2024-08-07T20:38:15.561+0300][16,228s][info][gc] GC(624) Pause Young (Allocation Failure) 107M->3M(371M) 6,158ms
[2024-08-07T20:38:15.584+0300][16,251s][info][gc] GC(625) Pause Young (Allocation Failure) 106M->2M(371M) 3,209ms
[2024-08-07T20:38:15.614+0300][16,281s][info][gc] GC(626) Pause Young (Allocation Failure) 105M->5M(371M) 10,436ms
[2024-08-07T20:38:15.642+0300][16,308s][info][gc] GC(627) Pause Young (Allocation Failure) 107M->4M(371M) 7,758ms
[2024-08-07T20:38:15.666+0300][16,333s][info][gc] GC(628) Pause Young (Allocation Failure) 106M->3M(371M) 4,700ms
[2024-08-07T20:38:15.687+0300][16,353s][info][gc] GC(629) Pause Young (Allocation Failure) 105M->2M(371M) 1,546ms
[2024-08-07T20:38:15.715+0300][16,382s][info][gc] GC(630) Pause Young (Allocation Failure) 104M->4M(371M) 9,068ms
[2024-08-07T20:38:15.740+0300][16,407s][info][gc] GC(631) Pause Young (Allocation Failure) 107M->3M(371M) 5,001ms
[2024-08-07T20:38:15.762+0300][16,428s][info][gc] GC(632) Pause Young (Allocation Failure) 106M->2M(371M) 2,804ms
[2024-08-07T20:38:15.792+0300][16,458s][info][gc] GC(633) Pause Young (Allocation Failure) 105M->5M(371M) 10,640ms
[2024-08-07T20:38:15.819+0300][16,486s][info][gc] GC(634) Pause Young (Allocation Failure) 107M->4M(371M) 7,856ms
[2024-08-07T20:38:15.843+0300][16,510s][info][gc] GC(635) Pause Young (Allocation Failure) 106M->3M(371M) 4,718ms
[2024-08-07T20:38:15.863+0300][16,530s][info][gc] GC(636) Pause Young (Allocation Failure) 105M->2M(371M) 0,988ms
[2024-08-07T20:38:15.892+0300][16,559s][info][gc] GC(637) Pause Young (Allocation Failure) 105M->4M(371M) 9,411ms
[2024-08-07T20:38:15.918+0300][16,584s][info][gc] GC(638) Pause Young (Allocation Failure) 107M->3M(371M) 6,075ms
[2024-08-07T20:38:15.940+0300][16,607s][info][gc] GC(639) Pause Young (Allocation Failure) 106M->2M(371M) 3,017ms
[2024-08-07T20:38:15.971+0300][16,637s][info][gc] GC(640) Pause Young (Allocation Failure) 105M->5M(371M) 11,015ms
[2024-08-07T20:38:15.998+0300][16,665s][info][gc] GC(641) Pause Young (Allocation Failure) 107M->4M(371M) 7,526ms
[2024-08-07T20:38:16.022+0300][16,689s][info][gc] GC(642) Pause Young (Allocation Failure) 106M->3M(371M) 4,700ms
[2024-08-07T20:38:16.043+0300][16,710s][info][gc] GC(643) Pause Young (Allocation Failure) 105M->2M(371M) 1,452ms
[2024-08-07T20:38:16.072+0300][16,739s][info][gc] GC(644) Pause Young (Allocation Failure) 105M->4M(371M) 9,667ms
[2024-08-07T20:38:16.098+0300][16,765s][info][gc] GC(645) Pause Young (Allocation Failure) 107M->3M(371M) 6,401ms
[2024-08-07T20:38:16.121+0300][16,788s][info][gc] GC(646) Pause Young (Allocation Failure) 106M->3M(371M) 3,512ms
[2024-08-07T20:38:16.147+0300][16,813s][info][gc] GC(647) Pause Young (Allocation Failure) 105M->5M(371M) 6,030ms
[2024-08-07T20:38:16.170+0300][16,837s][info][gc] GC(648) Pause Young (Allocation Failure) 107M->4M(371M) 4,252ms
[2024-08-07T20:38:16.194+0300][16,861s][info][gc] GC(649) Pause Young (Allocation Failure) 106M->3M(371M) 4,932ms
[2024-08-07T20:38:16.216+0300][16,882s][info][gc] GC(650) Pause Young (Allocation Failure) 105M->2M(371M) 1,831ms
[2024-08-07T20:38:16.242+0300][16,908s][info][gc] GC(651) Pause Young (Allocation Failure) 105M->4M(371M) 6,755ms
[2024-08-07T20:38:16.267+0300][16,934s][info][gc] GC(652) Pause Young (Allocation Failure) 107M->3M(371M) 6,387ms
[2024-08-07T20:38:16.290+0300][16,957s][info][gc] GC(653) Pause Young (Allocation Failure) 106M->3M(371M) 3,234ms
[2024-08-07T20:38:16.321+0300][16,987s][info][gc] GC(654) Pause Young (Allocation Failure) 105M->5M(371M) 10,938ms
[2024-08-07T20:38:16.348+0300][17,015s][info][gc] GC(655) Pause Young (Allocation Failure) 107M->4M(371M) 7,874ms
[2024-08-07T20:38:16.373+0300][17,039s][info][gc] GC(656) Pause Young (Allocation Failure) 106M->3M(371M) 4,852ms
[2024-08-07T20:38:16.394+0300][17,060s][info][gc] GC(657) Pause Young (Allocation Failure) 105M->2M(371M) 1,571ms
[2024-08-07T20:38:16.423+0300][17,089s][info][gc] GC(658) Pause Young (Allocation Failure) 105M->4M(371M) 9,514ms
[2024-08-07T20:38:16.449+0300][17,115s][info][gc] GC(659) Pause Young (Allocation Failure) 107M->3M(371M) 6,699ms
[2024-08-07T20:38:16.471+0300][17,137s][info][gc] GC(660) Pause Young (Allocation Failure) 106M->3M(371M) 2,187ms
[2024-08-07T20:38:16.501+0300][17,168s][info][gc] GC(661) Pause Young (Allocation Failure) 105M->5M(371M) 10,984ms
[2024-08-07T20:38:16.529+0300][17,195s][info][gc] GC(662) Pause Young (Allocation Failure) 107M->4M(371M) 7,720ms
[2024-08-07T20:38:16.553+0300][17,220s][info][gc] GC(663) Pause Young (Allocation Failure) 106M->3M(371M) 4,645ms
[2024-08-07T20:38:16.576+0300][17,242s][info][gc] GC(664) Pause Young (Allocation Failure) 106M->2M(371M) 1,659ms
[2024-08-07T20:38:16.605+0300][17,271s][info][gc] GC(665) Pause Young (Allocation Failure) 105M->4M(371M) 9,644ms
[2024-08-07T20:38:16.631+0300][17,297s][info][gc] GC(666) Pause Young (Allocation Failure) 107M->3M(371M) 6,487ms
[2024-08-07T20:38:16.654+0300][17,321s][info][gc] GC(667) Pause Young (Allocation Failure) 106M->3M(371M) 3,480ms
[2024-08-07T20:38:16.686+0300][17,353s][info][gc] GC(668) Pause Young (Allocation Failure) 105M->5M(371M) 11,271ms
[2024-08-07T20:38:16.714+0300][17,381s][info][gc] GC(669) Pause Young (Allocation Failure) 107M->4M(371M) 8,123ms
[2024-08-07T20:38:16.739+0300][17,406s][info][gc] GC(670) Pause Young (Allocation Failure) 106M->3M(371M) 4,937ms
[2024-08-07T20:38:16.760+0300][17,427s][info][gc] GC(671) Pause Young (Allocation Failure) 106M->2M(371M) 1,733ms
[2024-08-07T20:38:16.785+0300][17,452s][info][gc] GC(672) Pause Young (Allocation Failure) 105M->4M(371M) 5,310ms
[2024-08-07T20:38:16.812+0300][17,478s][info][gc] GC(673) Pause Young (Allocation Failure) 107M->3M(371M) 6,465ms
[2024-08-07T20:38:16.835+0300][17,502s][info][gc] GC(674) Pause Young (Allocation Failure) 106M->3M(371M) 3,095ms
[2024-08-07T20:38:16.866+0300][17,533s][info][gc] GC(675) Pause Young (Allocation Failure) 105M->5M(371M) 10,894ms
[2024-08-07T20:38:16.894+0300][17,561s][info][gc] GC(676) Pause Young (Allocation Failure) 107M->4M(371M) 8,206ms
[2024-08-07T20:38:16.919+0300][17,586s][info][gc] GC(677) Pause Young (Allocation Failure) 106M->3M(371M) 4,883ms
[2024-08-07T20:38:16.941+0300][17,608s][info][gc] GC(678) Pause Young (Allocation Failure) 106M->2M(371M) 1,750ms
[2024-08-07T20:38:16.970+0300][17,637s][info][gc] GC(679) Pause Young (Allocation Failure) 105M->4M(371M) 9,757ms
[2024-08-07T20:38:16.997+0300][17,664s][info][gc] GC(680) Pause Young (Allocation Failure) 107M->4M(371M) 6,652ms
[2024-08-07T20:38:17.021+0300][17,687s][info][gc] GC(681) Pause Young (Allocation Failure) 106M->3M(371M) 3,783ms
[2024-08-07T20:38:17.052+0300][17,719s][info][gc] GC(682) Pause Young (Allocation Failure) 105M->5M(371M) 11,354ms
[2024-08-07T20:38:17.081+0300][17,747s][info][gc] GC(683) Pause Young (Allocation Failure) 107M->4M(371M) 8,358ms
[2024-08-07T20:38:17.106+0300][17,772s][info][gc] GC(684) Pause Young (Allocation Failure) 106M->3M(371M) 5,139ms
[2024-08-07T20:38:17.128+0300][17,795s][info][gc] GC(685) Pause Young (Allocation Failure) 106M->2M(371M) 2,224ms
[2024-08-07T20:38:17.158+0300][17,825s][info][gc] GC(686) Pause Young (Allocation Failure) 105M->4M(371M) 9,691ms
[2024-08-07T20:38:17.185+0300][17,852s][info][gc] GC(687) Pause Young (Allocation Failure) 107M->4M(371M) 6,895ms
[2024-08-07T20:38:17.209+0300][17,876s][info][gc] GC(688) Pause Young (Allocation Failure) 106M->3M(371M) 3,430ms
[2024-08-07T20:38:17.231+0300][17,897s][info][gc] GC(689) Pause Young (Allocation Failure) 105M->2M(371M) 0,892ms
[2024-08-07T20:38:17.257+0300][17,924s][info][gc] GC(690) Pause Young (Allocation Failure) 104M->4M(371M) 7,851ms
[2024-08-07T20:38:17.282+0300][17,949s][info][gc] GC(691) Pause Young (Allocation Failure) 106M->3M(371M) 5,197ms
[2024-08-07T20:38:17.304+0300][17,971s][info][gc] GC(692) Pause Young (Allocation Failure) 106M->2M(371M) 1,882ms
[2024-08-07T20:38:17.333+0300][18,000s][info][gc] GC(693) Pause Young (Allocation Failure) 105M->4M(371M) 9,980ms
[2024-08-07T20:38:17.361+0300][18,027s][info][gc] GC(694) Pause Young (Allocation Failure) 107M->4M(371M) 6,889ms
[2024-08-07T20:38:17.383+0300][18,050s][info][gc] GC(695) Pause Young (Allocation Failure) 106M->3M(371M) 2,159ms
[2024-08-07T20:38:17.404+0300][18,070s][info][gc] GC(696) Pause Young (Allocation Failure) 105M->2M(371M) 1,035ms
[2024-08-07T20:38:17.432+0300][18,098s][info][gc] GC(697) Pause Young (Allocation Failure) 104M->4M(371M) 8,590ms
[2024-08-07T20:38:17.457+0300][18,124s][info][gc] GC(698) Pause Young (Allocation Failure) 107M->3M(371M) 5,366ms
[2024-08-07T20:38:17.479+0300][18,146s][info][gc] GC(699) Pause Young (Allocation Failure) 106M->2M(371M) 2,422ms
[2024-08-07T20:38:17.509+0300][18,176s][info][gc] GC(700) Pause Young (Allocation Failure) 105M->4M(371M) 9,999ms
[2024-08-07T20:38:17.536+0300][18,203s][info][gc] GC(701) Pause Young (Allocation Failure) 107M->4M(371M) 7,045ms
[2024-08-07T20:38:17.560+0300][18,227s][info][gc] GC(702) Pause Young (Allocation Failure) 106M->3M(371M) 3,657ms
[2024-08-07T20:38:17.581+0300][18,248s][info][gc] GC(703) Pause Young (Allocation Failure) 105M->2M(371M) 1,003ms
[2024-08-07T20:38:17.609+0300][18,276s][info][gc] GC(704) Pause Young (Allocation Failure) 104M->4M(371M) 8,798ms
[2024-08-07T20:38:17.635+0300][18,301s][info][gc] GC(705) Pause Young (Allocation Failure) 107M->3M(371M) 5,792ms
[2024-08-07T20:38:17.658+0300][18,324s][info][gc] GC(706) Pause Young (Allocation Failure) 106M->2M(371M) 2,508ms
[2024-08-07T20:38:17.685+0300][18,351s][info][gc] GC(707) Pause Young (Allocation Failure) 105M->4M(371M) 6,930ms
[2024-08-07T20:38:17.713+0300][18,379s][info][gc] GC(708) Pause Young (Allocation Failure) 107M->4M(371M) 7,418ms
[2024-08-07T20:38:17.736+0300][18,403s][info][gc] GC(709) Pause Young (Allocation Failure) 106M->3M(371M) 3,752ms
[2024-08-07T20:38:17.758+0300][18,424s][info][gc] GC(710) Pause Young (Allocation Failure) 105M->2M(371M) 1,179ms
[2024-08-07T20:38:17.785+0300][18,452s][info][gc] GC(711) Pause Young (Allocation Failure) 104M->4M(371M) 8,532ms
[2024-08-07T20:38:17.811+0300][18,478s][info][gc] GC(712) Pause Young (Allocation Failure) 107M->3M(371M) 5,492ms
[2024-08-07T20:38:17.833+0300][18,500s][info][gc] GC(713) Pause Young (Allocation Failure) 106M->2M(371M) 2,091ms
[2024-08-07T20:38:17.864+0300][18,531s][info][gc] GC(714) Pause Young (Allocation Failure) 105M->5M(371M) 10,710ms
[2024-08-07T20:38:17.891+0300][18,558s][info][gc] GC(715) Pause Young (Allocation Failure) 107M->4M(371M) 7,144ms
[2024-08-07T20:38:17.915+0300][18,582s][info][gc] GC(716) Pause Young (Allocation Failure) 106M->3M(371M) 4,117ms
[2024-08-07T20:38:17.936+0300][18,603s][info][gc] GC(717) Pause Young (Allocation Failure) 105M->2M(371M) 1,131ms
[2024-08-07T20:38:17.964+0300][18,630s][info][gc] GC(718) Pause Young (Allocation Failure) 104M->4M(371M) 8,823ms
[2024-08-07T20:38:17.989+0300][18,656s][info][gc] GC(719) Pause Young (Allocation Failure) 107M->3M(371M) 5,253ms
[2024-08-07T20:38:18.011+0300][18,677s][info][gc] GC(720) Pause Young (Allocation Failure) 106M->2M(371M) 2,643ms
[2024-08-07T20:38:18.041+0300][18,708s][info][gc] GC(721) Pause Young (Allocation Failure) 105M->5M(371M) 10,339ms
[2024-08-07T20:38:18.069+0300][18,736s][info][gc] GC(722) Pause Young (Allocation Failure) 107M->4M(371M) 7,252ms
[2024-08-07T20:38:18.093+0300][18,760s][info][gc] GC(723) Pause Young (Allocation Failure) 106M->3M(371M) 4,109ms
[2024-08-07T20:38:18.114+0300][18,781s][info][gc] GC(724) Pause Young (Allocation Failure) 105M->2M(371M) 1,178ms
[2024-08-07T20:38:18.143+0300][18,809s][info][gc] GC(725) Pause Young (Allocation Failure) 104M->4M(371M) 8,934ms
[2024-08-07T20:38:18.169+0300][18,835s][info][gc] GC(726) Pause Young (Allocation Failure) 107M->3M(371M) 5,774ms
[2024-08-07T20:38:18.192+0300][18,858s][info][gc] GC(727) Pause Young (Allocation Failure) 106M->2M(371M) 2,712ms
[2024-08-07T20:38:18.222+0300][18,889s][info][gc] GC(728) Pause Young (Allocation Failure) 105M->5M(371M) 10,033ms
[2024-08-07T20:38:18.250+0300][18,916s][info][gc] GC(729) Pause Young (Allocation Failure) 107M->4M(371M) 7,441ms
[2024-08-07T20:38:18.274+0300][18,941s][info][gc] GC(730) Pause Young (Allocation Failure) 106M->3M(371M) 3,971ms
[2024-08-07T20:38:18.296+0300][18,962s][info][gc] GC(731) Pause Young (Allocation Failure) 105M->2M(371M) 1,416ms
[2024-08-07T20:38:18.324+0300][18,991s][info][gc] GC(732) Pause Young (Allocation Failure) 104M->4M(371M) 8,865ms
[2024-08-07T20:38:18.350+0300][19,017s][info][gc] GC(733) Pause Young (Allocation Failure) 107M->3M(371M) 5,768ms
[2024-08-07T20:38:18.373+0300][19,040s][info][gc] GC(734) Pause Young (Allocation Failure) 106M->2M(371M) 2,597ms
[2024-08-07T20:38:18.403+0300][19,070s][info][gc] GC(735) Pause Young (Allocation Failure) 105M->5M(371M) 10,485ms
[2024-08-07T20:38:18.431+0300][19,097s][info][gc] GC(736) Pause Young (Allocation Failure) 107M->4M(371M) 7,333ms
[2024-08-07T20:38:18.455+0300][19,122s][info][gc] GC(737) Pause Young (Allocation Failure) 106M->3M(371M) 4,258ms
[2024-08-07T20:38:18.477+0300][19,144s][info][gc] GC(738) Pause Young (Allocation Failure) 105M->2M(371M) 1,518ms
[2024-08-07T20:38:18.506+0300][19,172s][info][gc] GC(739) Pause Young (Allocation Failure) 104M->4M(371M) 9,123ms
[2024-08-07T20:38:18.532+0300][19,198s][info][gc] GC(740) Pause Young (Allocation Failure) 107M->3M(371M) 6,014ms
[2024-08-07T20:38:18.555+0300][19,221s][info][gc] GC(741) Pause Young (Allocation Failure) 106M->2M(371M) 2,941ms
[2024-08-07T20:38:18.585+0300][19,252s][info][gc] GC(742) Pause Young (Allocation Failure) 105M->5M(371M) 10,303ms
[2024-08-07T20:38:18.609+0300][19,276s][info][gc] GC(743) Pause Young (Allocation Failure) 107M->4M(371M) 4,712ms
