[2024-08-04T21:44:38.177+0300][0.005s][info][gc] Using Serial
[2024-08-04T21:44:38.407+0300][0,235s][info][gc] GC(0) Pause Young (Allocation Failure) 69M->43M(247M) 104,378ms
[2024-08-04T21:44:38.503+0300][0,331s][info][gc] GC(1) Pause Young (Allocation Failure) 92M->90M(247M) 76,543ms
[2024-08-04T21:44:38.599+0300][0,427s][info][gc] GC(2) Pause Young (Allocation Failure) 145M->145M(247M) 77,688ms
[2024-08-04T21:44:38.675+0300][0,504s][info][gc] GC(3) Pause Young (Allocation Failure) 213M->213M(247M) 0,078ms
[2024-08-04T21:44:38.762+0300][0,591s][info][gc] GC(4) Pause Full (Allocation Failure) 213M->63M(247M) 86,809ms
[2024-08-04T21:44:38.900+0300][0,728s][info][gc] GC(5) Pause Young (Allocation Failure) 131M->131M(247M) 89,278ms
[2024-08-04T21:44:38.993+0300][0,821s][info][gc] GC(6) Pause Young (Allocation Failure) 199M->199M(247M) 0,062ms
[2024-08-04T21:44:39.137+0300][0,965s][info][gc] GC(7) Pause Full (Allocation Failure) 199M->99M(247M) 144,562ms
[2024-08-04T21:44:39.225+0300][1,053s][info][gc] GC(8) Pause Young (Allocation Failure) 167M->128M(247M) 43,041ms
[2024-08-04T21:44:39.265+0300][1,093s][info][gc] GC(9) Pause Young (Allocation Failure) 197M->197M(247M) 0,060ms
[2024-08-04T21:44:39.459+0300][1,287s][info][gc] GC(10) Pause Full (Allocation Failure) 197M->134M(247M) 194,173ms
[2024-08-04T21:44:39.555+0300][1,383s][info][gc] GC(11) Pause Young (Allocation Failure) 203M->203M(247M) 0,061ms
[2024-08-04T21:44:39.708+0300][1,536s][info][gc] GC(12) Pause Full (Allocation Failure) 203M->102M(247M) 152,963ms
[2024-08-04T21:44:39.799+0300][1,628s][info][gc] GC(13) Pause Young (Allocation Failure) 170M->135M(247M) 46,966ms
[2024-08-04T21:44:39.841+0300][1,669s][info][gc] GC(14) Pause Young (Allocation Failure) 203M->203M(247M) 0,061ms
[2024-08-04T21:44:39.898+0300][1,726s][info][gc] GC(15) Pause Full (Allocation Failure) 203M->37M(247M) 56,675ms
[2024-08-04T21:44:40.026+0300][1,854s][info][gc] GC(16) Pause Young (Allocation Failure) 105M->105M(247M) 88,863ms
[2024-08-04T21:44:40.118+0300][1,947s][info][gc] GC(17) Pause Young (Allocation Failure) 174M->133M(247M) 51,255ms
[2024-08-04T21:44:40.167+0300][1,995s][info][gc] GC(18) Pause Young (Allocation Failure) 202M->202M(247M) 0,062ms
[2024-08-04T21:44:40.229+0300][2,057s][info][gc] GC(19) Pause Full (Allocation Failure) 202M->41M(247M) 61,576ms
[2024-08-04T21:44:40.396+0300][2,224s][info][gc] GC(20) Pause Young (Allocation Failure) 109M->109M(247M) 89,489ms
[2024-08-04T21:44:40.498+0300][2,326s][info][gc] GC(21) Pause Young (Allocation Failure) 177M->140M(247M) 57,707ms
[2024-08-04T21:44:40.540+0300][2,368s][info][gc] GC(22) Pause Young (Allocation Failure) 209M->209M(247M) 0,061ms
[2024-08-04T21:44:40.611+0300][2,439s][info][gc] GC(23) Pause Full (Allocation Failure) 209M->44M(247M) 70,707ms
[2024-08-04T21:44:40.738+0300][2,566s][info][gc] GC(24) Pause Young (Allocation Failure) 112M->112M(247M) 88,843ms
[2024-08-04T21:44:40.828+0300][2,657s][info][gc] GC(25) Pause Young (Allocation Failure) 181M->181M(247M) 0,062ms
[2024-08-04T21:44:40.944+0300][2,772s][info][gc] GC(26) Pause Full (Allocation Failure) 181M->80M(247M) 115,476ms
[2024-08-04T21:44:41.009+0300][2,837s][info][gc] GC(27) Pause Young (Allocation Failure) 148M->91M(247M) 20,712ms
[2024-08-04T21:44:41.153+0300][2,982s][info][gc] GC(28) Pause Young (Allocation Failure) 159M->159M(247M) 106,337ms
[2024-08-04T21:44:41.244+0300][3,072s][info][gc] GC(29) Pause Young (Allocation Failure) 227M->227M(247M) 0,061ms
[2024-08-04T21:44:41.375+0300][3,204s][info][gc] GC(30) Pause Full (Allocation Failure) 227M->83M(247M) 131,181ms
[2024-08-04T21:44:41.445+0300][3,273s][info][gc] GC(31) Pause Young (Allocation Failure) 152M->98M(247M) 24,906ms
[2024-08-04T21:44:41.618+0300][3,446s][info][gc] GC(32) Pause Young (Allocation Failure) 166M->166M(247M) 102,883ms
