[2024-08-04T21:44:41.709+0300][0.002s][info][gc] Using Serial
[2024-08-04T21:44:42.028+0300][0,322s][info][gc] GC(0) Pause Young (Allocation Failure) 121M->79M(494M) 162,875ms
[2024-08-04T21:44:42.189+0300][0,482s][info][gc] GC(1) Pause Young (Allocation Failure) 216M->137M(494M) 86,357ms
[2024-08-04T21:44:42.423+0300][0,717s][info][gc] GC(2) Pause Young (Allocation Failure) 274M->196M(494M) 130,532ms
[2024-08-04T21:44:42.535+0300][0,829s][info][gc] GC(3) Pause Young (Allocation Failure) 332M->189M(494M) 26,572ms
[2024-08-04T21:44:42.696+0300][0,990s][info][gc] GC(4) Pause Young (Allocation Failure) 326M->225M(494M) 79,919ms
[2024-08-04T21:44:42.915+0300][1,209s][info][gc] GC(5) Pause Young (Allocation Failure) 361M->290M(494M) 136,119ms
[2024-08-04T21:44:43.030+0300][1,324s][info][gc] GC(6) Pause Young (Allocation Failure) 426M->290M(494M) 31,409ms
[2024-08-04T21:44:43.111+0300][1,405s][info][gc] GC(7) Pause Young (Allocation Failure) 426M->426M(494M) 0,060ms
[2024-08-04T21:44:43.302+0300][1,596s][info][gc] GC(8) Pause Full (Allocation Failure) 426M->89M(494M) 191,032ms
[2024-08-04T21:44:43.502+0300][1,795s][info][gc] GC(9) Pause Young (Allocation Failure) 226M->176M(494M) 114,580ms
[2024-08-04T21:44:43.624+0300][1,917s][info][gc] GC(10) Pause Young (Allocation Failure) 313M->182M(494M) 38,646ms
[2024-08-04T21:44:43.787+0300][2,081s][info][gc] GC(11) Pause Young (Allocation Failure) 318M->223M(494M) 85,495ms
[2024-08-04T21:44:43.993+0300][2,287s][info][gc] GC(12) Pause Young (Allocation Failure) 359M->299M(494M) 127,271ms
