[2024-08-04T18:12:25.181+0300][0.002s][info][gc] Using G1
[2024-08-04T18:12:25.181+0300][0.003s][debug][gc] ConcGCThreads: 3 offset 22
[2024-08-04T18:12:25.181+0300][0.003s][debug][gc] ParallelGCThreads: 10
[2024-08-04T18:12:25.181+0300][0.003s][debug][gc] Initialize mark stack with 4096 chunks, maximum 524288
[2024-08-04T18:12:25.380+0300][0,201s][info ][gc] GC(0) Pause Young (Normal) (G1 Evacuation Pause) 52M->2M(1024M) 3,862ms
[2024-08-04T18:12:25.409+0300][0,231s][info ][gc] GC(1) Pause Young (Normal) (G1 Evacuation Pause) 82M->2M(1024M) 2,057ms
[2024-08-04T18:12:25.826+0300][0,647s][info ][gc] GC(2) Pause Young (Normal) (G1 Evacuation Pause) 614M->2M(1024M) 3,241ms
[2024-08-04T18:12:26.006+0300][0,828s][info ][gc] GC(3) Pause Young (Normal) (G1 Evacuation Pause) 614M->2M(1024M) 2,705ms
[2024-08-04T18:12:26.126+0300][0,947s][info ][gc] GC(4) Pause Young (Normal) (G1 Evacuation Pause) 614M->2M(1024M) 2,642ms
[2024-08-04T18:12:26.249+0300][1,070s][info ][gc] GC(5) Pause Young (Normal) (G1 Evacuation Pause) 614M->2M(1024M) 2,742ms
[2024-08-04T18:12:26.363+0300][1,184s][info ][gc] GC(6) Pause Young (Normal) (G1 Evacuation Pause) 614M->2M(1024M) 2,966ms
[2024-08-04T18:12:26.482+0300][1,303s][info ][gc] GC(7) Pause Young (Normal) (G1 Evacuation Pause) 614M->2M(1024M) 2,750ms
[2024-08-04T18:12:26.596+0300][1,418s][info ][gc] GC(8) Pause Young (Normal) (G1 Evacuation Pause) 614M->2M(1024M) 2,927ms
[2024-08-04T18:12:26.707+0300][1,529s][info ][gc] GC(9) Pause Young (Normal) (G1 Evacuation Pause) 614M->2M(1024M) 3,072ms
[2024-08-04T18:12:26.820+0300][1,642s][info ][gc] GC(10) Pause Young (Normal) (G1 Evacuation Pause) 614M->3M(1024M) 3,235ms
[2024-08-04T18:12:26.923+0300][1,744s][info ][gc] GC(11) Pause Young (Normal) (G1 Evacuation Pause) 615M->3M(1024M) 3,125ms
[2024-08-04T18:12:27.034+0300][1,856s][info ][gc] GC(12) Pause Young (Normal) (G1 Evacuation Pause) 614M->3M(1024M) 2,938ms
[2024-08-04T18:12:27.146+0300][1,968s][info ][gc] GC(13) Pause Young (Normal) (G1 Evacuation Pause) 614M->3M(1024M) 2,975ms
[2024-08-04T18:12:27.256+0300][2,077s][info ][gc] GC(14) Pause Young (Normal) (G1 Evacuation Pause) 614M->3M(1024M) 3,130ms
[2024-08-04T18:12:27.368+0300][2,189s][info ][gc] GC(15) Pause Young (Normal) (G1 Evacuation Pause) 614M->3M(1024M) 2,909ms
[2024-08-04T18:12:27.485+0300][2,306s][info ][gc] GC(16) Pause Young (Normal) (G1 Evacuation Pause) 615M->3M(1024M) 2,493ms
[2024-08-04T18:12:27.602+0300][2,423s][info ][gc] GC(17) Pause Young (Normal) (G1 Evacuation Pause) 615M->3M(1024M) 2,409ms
[2024-08-04T18:12:27.714+0300][2,536s][info ][gc] GC(18) Pause Young (Normal) (G1 Evacuation Pause) 615M->3M(1024M) 2,558ms
[2024-08-04T18:12:27.814+0300][2,636s][info ][gc] GC(19) Pause Young (Normal) (G1 Evacuation Pause) 616M->3M(1024M) 2,647ms
[2024-08-04T18:12:27.916+0300][2,737s][info ][gc] GC(20) Pause Young (Normal) (G1 Evacuation Pause) 616M->3M(1024M) 2,572ms
[2024-08-04T18:12:28.016+0300][2,837s][info ][gc] GC(21) Pause Young (Normal) (G1 Evacuation Pause) 616M->3M(1024M) 2,762ms
[2024-08-04T18:12:28.116+0300][2,937s][info ][gc] GC(22) Pause Young (Normal) (G1 Evacuation Pause) 616M->3M(1024M) 2,333ms
[2024-08-04T18:12:28.231+0300][3,052s][info ][gc] GC(23) Pause Young (Normal) (G1 Evacuation Pause) 616M->3M(1024M) 2,364ms
[2024-08-04T18:12:28.346+0300][3,168s][info ][gc] GC(24) Pause Young (Normal) (G1 Evacuation Pause) 616M->3M(1024M) 2,240ms
[2024-08-04T18:12:28.464+0300][3,286s][info ][gc] GC(25) Pause Young (Normal) (G1 Evacuation Pause) 616M->3M(1024M) 2,430ms
[2024-08-04T18:12:28.578+0300][3,400s][info ][gc] GC(26) Pause Young (Normal) (G1 Evacuation Pause) 616M->3M(1024M) 2,225ms
[2024-08-04T18:12:28.692+0300][3,513s][info ][gc] GC(27) Pause Young (Normal) (G1 Evacuation Pause) 616M->3M(1024M) 2,232ms
[2024-08-04T18:12:28.810+0300][3,631s][info ][gc] GC(28) Pause Young (Normal) (G1 Evacuation Pause) 616M->3M(1024M) 2,304ms
[2024-08-04T18:12:28.926+0300][3,747s][info ][gc] GC(29) Pause Young (Normal) (G1 Evacuation Pause) 616M->4M(1024M) 2,206ms
[2024-08-04T18:12:29.039+0300][3,860s][info ][gc] GC(30) Pause Young (Normal) (G1 Evacuation Pause) 617M->4M(1024M) 2,159ms
[2024-08-04T18:12:29.152+0300][3,973s][info ][gc] GC(31) Pause Young (Normal) (G1 Evacuation Pause) 617M->4M(1024M) 2,000ms
[2024-08-04T18:12:29.258+0300][4,079s][info ][gc] GC(32) Pause Young (Normal) (G1 Evacuation Pause) 617M->4M(1024M) 2,128ms
[2024-08-04T18:12:29.383+0300][4,204s][info ][gc] GC(33) Pause Young (Normal) (G1 Evacuation Pause) 617M->4M(1024M) 2,189ms
[2024-08-04T18:12:29.504+0300][4,326s][info ][gc] GC(34) Pause Young (Normal) (G1 Evacuation Pause) 617M->4M(1024M) 2,230ms
[2024-08-04T18:12:29.624+0300][4,445s][info ][gc] GC(35) Pause Young (Normal) (G1 Evacuation Pause) 617M->4M(1024M) 2,215ms
[2024-08-04T18:12:29.743+0300][4,564s][info ][gc] GC(36) Pause Young (Normal) (G1 Evacuation Pause) 617M->4M(1024M) 2,029ms
[2024-08-04T18:12:29.858+0300][4,679s][info ][gc] GC(37) Pause Young (Normal) (G1 Evacuation Pause) 617M->4M(1024M) 2,077ms
[2024-08-04T18:12:29.974+0300][4,796s][info ][gc] GC(38) Pause Young (Normal) (G1 Evacuation Pause) 617M->4M(1024M) 2,227ms
[2024-08-04T18:12:30.089+0300][4,910s][info ][gc] GC(39) Pause Young (Normal) (G1 Evacuation Pause) 617M->4M(1024M) 2,331ms
[2024-08-04T18:12:30.199+0300][5,020s][info ][gc] GC(40) Pause Young (Normal) (G1 Evacuation Pause) 617M->4M(1024M) 2,469ms
[2024-08-04T18:12:30.311+0300][5,132s][info ][gc] GC(41) Pause Young (Normal) (G1 Evacuation Pause) 617M->4M(1024M) 2,233ms
[2024-08-04T18:12:30.428+0300][5,250s][info ][gc] GC(42) Pause Young (Normal) (G1 Evacuation Pause) 617M->4M(1024M) 2,241ms
[2024-08-04T18:12:30.545+0300][5,367s][info ][gc] GC(43) Pause Young (Normal) (G1 Evacuation Pause) 617M->4M(1024M) 2,187ms
[2024-08-04T18:12:30.663+0300][5,484s][info ][gc] GC(44) Pause Young (Normal) (G1 Evacuation Pause) 617M->4M(1024M) 2,208ms
[2024-08-04T18:12:30.777+0300][5,599s][info ][gc] GC(45) Pause Young (Normal) (G1 Evacuation Pause) 617M->4M(1024M) 2,405ms
[2024-08-04T18:12:30.892+0300][5,714s][info ][gc] GC(46) Pause Young (Normal) (G1 Evacuation Pause) 617M->4M(1024M) 2,460ms
[2024-08-04T18:12:31.010+0300][5,831s][info ][gc] GC(47) Pause Young (Normal) (G1 Evacuation Pause) 617M->4M(1024M) 2,223ms
[2024-08-04T18:12:31.129+0300][5,950s][info ][gc] GC(48) Pause Young (Normal) (G1 Evacuation Pause) 617M->4M(1024M) 2,438ms
[2024-08-04T18:12:31.237+0300][6,058s][info ][gc] GC(49) Pause Young (Normal) (G1 Evacuation Pause) 617M->4M(1024M) 2,443ms
[2024-08-04T18:12:31.346+0300][6,168s][info ][gc] GC(50) Pause Young (Normal) (G1 Evacuation Pause) 617M->4M(1024M) 2,374ms
[2024-08-04T18:12:31.457+0300][6,278s][info ][gc] GC(51) Pause Young (Normal) (G1 Evacuation Pause) 617M->4M(1024M) 2,027ms
[2024-08-04T18:12:31.564+0300][6,385s][info ][gc] GC(52) Pause Young (Normal) (G1 Evacuation Pause) 617M->4M(1024M) 2,174ms
[2024-08-04T18:12:31.679+0300][6,500s][info ][gc] GC(53) Pause Young (Normal) (G1 Evacuation Pause) 617M->5M(1024M) 2,224ms
[2024-08-04T18:12:31.797+0300][6,619s][info ][gc] GC(54) Pause Young (Normal) (G1 Evacuation Pause) 618M->5M(1024M) 2,396ms
[2024-08-04T18:12:31.917+0300][6,738s][info ][gc] GC(55) Pause Young (Normal) (G1 Evacuation Pause) 618M->5M(1024M) 2,262ms
[2024-08-04T18:12:32.027+0300][6,849s][info ][gc] GC(56) Pause Young (Normal) (G1 Evacuation Pause) 618M->5M(1024M) 2,707ms
[2024-08-04T18:12:32.142+0300][6,964s][info ][gc] GC(57) Pause Young (Normal) (G1 Evacuation Pause) 618M->5M(1024M) 2,536ms
[2024-08-04T18:12:32.244+0300][7,065s][info ][gc] GC(58) Pause Young (Normal) (G1 Evacuation Pause) 618M->5M(1024M) 2,381ms
[2024-08-04T18:12:32.370+0300][7,192s][info ][gc] GC(59) Pause Young (Normal) (G1 Evacuation Pause) 618M->5M(1024M) 1,921ms
[2024-08-04T18:12:32.480+0300][7,301s][info ][gc] GC(60) Pause Young (Normal) (G1 Evacuation Pause) 618M->5M(1024M) 2,082ms
[2024-08-04T18:12:32.633+0300][7,454s][info ][gc] GC(61) Pause Young (Normal) (G1 Evacuation Pause) 618M->5M(1024M) 1,851ms
[2024-08-04T18:12:32.825+0300][7,646s][info ][gc] GC(62) Pause Young (Normal) (G1 Evacuation Pause) 618M->5M(1024M) 2,136ms
[2024-08-04T18:12:32.994+0300][7,816s][info ][gc] GC(63) Pause Young (Normal) (G1 Evacuation Pause) 618M->5M(1024M) 1,956ms
[2024-08-04T18:12:33.256+0300][8,077s][info ][gc] GC(64) Pause Young (Normal) (G1 Evacuation Pause) 618M->5M(1024M) 1,834ms
[2024-08-04T18:12:33.537+0300][8,358s][info ][gc] GC(65) Pause Young (Normal) (G1 Evacuation Pause) 618M->5M(1024M) 1,710ms
[2024-08-04T18:12:33.791+0300][8,612s][info ][gc] GC(66) Pause Young (Normal) (G1 Evacuation Pause) 618M->5M(1024M) 1,984ms
[2024-08-04T18:12:34.055+0300][8,876s][info ][gc] GC(67) Pause Young (Normal) (G1 Evacuation Pause) 618M->5M(1024M) 2,390ms
[2024-08-04T18:12:34.295+0300][9,117s][info ][gc] GC(68) Pause Young (Normal) (G1 Evacuation Pause) 618M->5M(1024M) 2,196ms
[2024-08-04T18:12:34.606+0300][9,428s][info ][gc] GC(69) Pause Young (Normal) (G1 Evacuation Pause) 618M->5M(1024M) 1,901ms
[2024-08-04T18:12:34.728+0300][9,549s][info ][gc] GC(70) Pause Young (Normal) (G1 Evacuation Pause) 618M->5M(1024M) 1,859ms
[2024-08-04T18:12:34.860+0300][9,682s][info ][gc] GC(71) Pause Young (Normal) (G1 Evacuation Pause) 618M->5M(1024M) 1,933ms
[2024-08-04T18:12:34.996+0300][9,817s][info ][gc] GC(72) Pause Young (Normal) (G1 Evacuation Pause) 618M->5M(1024M) 2,210ms
[2024-08-04T18:12:35.130+0300][9,952s][info ][gc] GC(73) Pause Young (Normal) (G1 Evacuation Pause) 618M->5M(1024M) 2,014ms
[2024-08-04T18:12:35.266+0300][10,087s][info ][gc] GC(74) Pause Young (Normal) (G1 Evacuation Pause) 618M->5M(1024M) 2,034ms
[2024-08-04T18:12:35.405+0300][10,227s][info ][gc] GC(75) Pause Young (Normal) (G1 Evacuation Pause) 618M->5M(1024M) 1,937ms
[2024-08-04T18:12:35.540+0300][10,361s][info ][gc] GC(76) Pause Young (Normal) (G1 Evacuation Pause) 618M->6M(1024M) 2,607ms
[2024-08-04T18:12:35.678+0300][10,499s][info ][gc] GC(77) Pause Young (Normal) (G1 Evacuation Pause) 619M->6M(1024M) 1,952ms
[2024-08-04T18:12:35.808+0300][10,630s][info ][gc] GC(78) Pause Young (Normal) (G1 Evacuation Pause) 619M->6M(1024M) 2,153ms
[2024-08-04T18:12:35.945+0300][10,766s][info ][gc] GC(79) Pause Young (Normal) (G1 Evacuation Pause) 619M->6M(1024M) 2,238ms
[2024-08-04T18:12:36.205+0300][11,026s][info ][gc] GC(80) Pause Young (Normal) (G1 Evacuation Pause) 619M->6M(1024M) 1,943ms
[2024-08-04T18:12:36.329+0300][11,150s][info ][gc] GC(81) Pause Young (Normal) (G1 Evacuation Pause) 619M->6M(1024M) 2,064ms
[2024-08-04T18:12:36.448+0300][11,270s][info ][gc] GC(82) Pause Young (Normal) (G1 Evacuation Pause) 619M->6M(1024M) 2,368ms
[2024-08-04T18:12:36.583+0300][11,404s][info ][gc] GC(83) Pause Young (Normal) (G1 Evacuation Pause) 619M->6M(1024M) 2,491ms
[2024-08-04T18:12:36.794+0300][11,615s][info ][gc] GC(84) Pause Young (Normal) (G1 Evacuation Pause) 619M->8M(1024M) 2,604ms
[2024-08-04T18:12:37.057+0300][11,878s][info ][gc] GC(85) Pause Young (Normal) (G1 Evacuation Pause) 619M->8M(1024M) 2,648ms
[2024-08-04T18:12:37.275+0300][12,097s][info ][gc] GC(86) Pause Young (Normal) (G1 Evacuation Pause) 619M->9M(1024M) 3,178ms
[2024-08-04T18:12:37.547+0300][12,368s][info ][gc] GC(87) Pause Young (Normal) (G1 Evacuation Pause) 619M->9M(1024M) 3,187ms
[2024-08-04T18:12:37.787+0300][12,609s][info ][gc] GC(88) Pause Young (Normal) (G1 Evacuation Pause) 619M->9M(1024M) 3,387ms
[2024-08-04T18:12:38.037+0300][12,858s][info ][gc] GC(89) Pause Young (Normal) (G1 Evacuation Pause) 619M->9M(1024M) 3,375ms
[2024-08-04T18:12:38.255+0300][13,076s][info ][gc] GC(90) Pause Young (Normal) (G1 Evacuation Pause) 619M->9M(1024M) 3,178ms
[2024-08-04T18:12:38.408+0300][13,229s][info ][gc] GC(91) Pause Young (Normal) (G1 Evacuation Pause) 619M->9M(1024M) 3,103ms
[2024-08-04T18:12:38.587+0300][13,408s][info ][gc] GC(92) Pause Young (Normal) (G1 Evacuation Pause) 619M->9M(1024M) 3,476ms
[2024-08-04T18:12:38.735+0300][13,557s][info ][gc] GC(93) Pause Young (Normal) (G1 Evacuation Pause) 619M->9M(1024M) 3,462ms
[2024-08-04T18:12:38.873+0300][13,695s][info ][gc] GC(94) Pause Young (Normal) (G1 Evacuation Pause) 619M->9M(1024M) 3,425ms
[2024-08-04T18:12:39.032+0300][13,853s][info ][gc] GC(95) Pause Young (Normal) (G1 Evacuation Pause) 619M->9M(1024M) 3,521ms
[2024-08-04T18:12:39.172+0300][13,993s][info ][gc] GC(96) Pause Young (Normal) (G1 Evacuation Pause) 619M->9M(1024M) 3,438ms
[2024-08-04T18:12:39.328+0300][14,149s][info ][gc] GC(97) Pause Young (Normal) (G1 Evacuation Pause) 619M->9M(1024M) 3,926ms
[2024-08-04T18:12:39.492+0300][14,313s][info ][gc] GC(98) Pause Young (Normal) (G1 Evacuation Pause) 619M->9M(1024M) 3,564ms
[2024-08-04T18:12:39.664+0300][14,485s][info ][gc] GC(99) Pause Young (Normal) (G1 Evacuation Pause) 619M->9M(1024M) 3,938ms
[2024-08-04T18:12:39.828+0300][14,649s][info ][gc] GC(100) Pause Young (Normal) (G1 Evacuation Pause) 620M->9M(1024M) 3,280ms
[2024-08-04T18:12:40.049+0300][14,871s][info ][gc] GC(101) Pause Young (Normal) (G1 Evacuation Pause) 621M->9M(1024M) 2,400ms
[2024-08-04T18:12:40.233+0300][15,054s][info ][gc] GC(102) Pause Young (Normal) (G1 Evacuation Pause) 622M->9M(1024M) 2,514ms
[2024-08-04T18:12:40.397+0300][15,218s][info ][gc] GC(103) Pause Young (Normal) (G1 Evacuation Pause) 622M->9M(1024M) 2,079ms
[2024-08-04T18:12:40.567+0300][15,388s][info ][gc] GC(104) Pause Young (Normal) (G1 Evacuation Pause) 622M->9M(1024M) 2,511ms
[2024-08-04T18:12:40.723+0300][15,544s][info ][gc] GC(105) Pause Young (Normal) (G1 Evacuation Pause) 622M->9M(1024M) 2,401ms
[2024-08-04T18:12:40.867+0300][15,688s][info ][gc] GC(106) Pause Young (Normal) (G1 Evacuation Pause) 622M->9M(1024M) 2,312ms
[2024-08-04T18:12:41.020+0300][15,841s][info ][gc] GC(107) Pause Young (Normal) (G1 Evacuation Pause) 622M->9M(1024M) 2,564ms
[2024-08-04T18:12:41.163+0300][15,984s][info ][gc] GC(108) Pause Young (Normal) (G1 Evacuation Pause) 622M->9M(1024M) 2,438ms
[2024-08-04T18:12:41.309+0300][16,130s][info ][gc] GC(109) Pause Young (Normal) (G1 Evacuation Pause) 622M->9M(1024M) 2,346ms
[2024-08-04T18:12:41.484+0300][16,305s][info ][gc] GC(110) Pause Young (Normal) (G1 Evacuation Pause) 622M->9M(1024M) 1,660ms
[2024-08-04T18:12:41.636+0300][16,457s][info ][gc] GC(111) Pause Young (Normal) (G1 Evacuation Pause) 622M->9M(1024M) 2,236ms
[2024-08-04T18:12:41.785+0300][16,606s][info ][gc] GC(112) Pause Young (Normal) (G1 Evacuation Pause) 622M->9M(1024M) 2,210ms
[2024-08-04T18:12:41.935+0300][16,757s][info ][gc] GC(113) Pause Young (Normal) (G1 Evacuation Pause) 622M->9M(1024M) 1,738ms
[2024-08-04T18:12:42.083+0300][16,904s][info ][gc] GC(114) Pause Young (Normal) (G1 Evacuation Pause) 622M->9M(1024M) 2,192ms
[2024-08-04T18:12:42.238+0300][17,059s][info ][gc] GC(115) Pause Young (Normal) (G1 Evacuation Pause) 622M->9M(1024M) 1,827ms
[2024-08-04T18:12:42.407+0300][17,228s][info ][gc] GC(116) Pause Young (Normal) (G1 Evacuation Pause) 622M->9M(1024M) 2,006ms
[2024-08-04T18:12:42.588+0300][17,410s][info ][gc] GC(117) Pause Young (Normal) (G1 Evacuation Pause) 622M->9M(1024M) 2,090ms
[2024-08-04T18:12:42.744+0300][17,565s][info ][gc] GC(118) Pause Young (Normal) (G1 Evacuation Pause) 622M->9M(1024M) 1,902ms
[2024-08-04T18:12:42.900+0300][17,721s][info ][gc] GC(119) Pause Young (Normal) (G1 Evacuation Pause) 622M->9M(1024M) 1,827ms
[2024-08-04T18:12:43.053+0300][17,875s][info ][gc] GC(120) Pause Young (Normal) (G1 Evacuation Pause) 622M->9M(1024M) 2,234ms
[2024-08-04T18:12:43.223+0300][18,044s][info ][gc] GC(121) Pause Young (Normal) (G1 Evacuation Pause) 622M->9M(1024M) 2,130ms
[2024-08-04T18:12:43.421+0300][18,242s][info ][gc] GC(122) Pause Young (Normal) (G1 Evacuation Pause) 622M->9M(1024M) 2,206ms
[2024-08-04T18:12:43.597+0300][18,418s][info ][gc] GC(123) Pause Young (Normal) (G1 Evacuation Pause) 622M->9M(1024M) 1,859ms
[2024-08-04T18:12:43.752+0300][18,574s][info ][gc] GC(124) Pause Young (Normal) (G1 Evacuation Pause) 622M->9M(1024M) 1,897ms
[2024-08-04T18:12:43.925+0300][18,746s][info ][gc] GC(125) Pause Young (Normal) (G1 Evacuation Pause) 622M->10M(1024M) 2,186ms
[2024-08-04T18:12:44.143+0300][18,965s][info ][gc] GC(126) Pause Young (Normal) (G1 Evacuation Pause) 623M->9M(1024M) 2,024ms
[2024-08-04T18:12:44.310+0300][19,131s][info ][gc] GC(127) Pause Young (Normal) (G1 Evacuation Pause) 622M->10M(1024M) 2,392ms
[2024-08-04T18:12:44.438+0300][19,259s][info ][gc] GC(128) Pause Young (Normal) (G1 Evacuation Pause) 623M->10M(1024M) 2,147ms
[2024-08-04T18:12:44.554+0300][19,376s][info ][gc] GC(129) Pause Young (Normal) (G1 Evacuation Pause) 623M->10M(1024M) 1,981ms
[2024-08-04T18:12:44.675+0300][19,497s][info ][gc] GC(130) Pause Young (Normal) (G1 Evacuation Pause) 623M->10M(1024M) 1,878ms
[2024-08-04T18:12:44.793+0300][19,614s][info ][gc] GC(131) Pause Young (Normal) (G1 Evacuation Pause) 623M->10M(1024M) 1,900ms
[2024-08-04T18:12:44.904+0300][19,725s][info ][gc] GC(132) Pause Young (Normal) (G1 Evacuation Pause) 623M->10M(1024M) 2,230ms
[2024-08-04T18:12:45.016+0300][19,837s][info ][gc] GC(133) Pause Young (Normal) (G1 Evacuation Pause) 623M->10M(1024M) 2,448ms
[2024-08-04T18:12:45.131+0300][19,952s][info ][gc] GC(134) Pause Young (Normal) (G1 Evacuation Pause) 623M->10M(1024M) 2,377ms
[2024-08-04T18:12:45.229+0300][20,051s][info ][gc] GC(135) Pause Young (Normal) (G1 Evacuation Pause) 623M->10M(1024M) 2,353ms
[2024-08-04T18:12:45.344+0300][20,166s][info ][gc] GC(136) Pause Young (Normal) (G1 Evacuation Pause) 623M->10M(1024M) 2,446ms
[2024-08-04T18:12:45.456+0300][20,278s][info ][gc] GC(137) Pause Young (Normal) (G1 Evacuation Pause) 623M->10M(1024M) 2,414ms
[2024-08-04T18:12:45.563+0300][20,384s][info ][gc] GC(138) Pause Young (Normal) (G1 Evacuation Pause) 622M->10M(1024M) 2,527ms
[2024-08-04T18:12:45.665+0300][20,486s][info ][gc] GC(139) Pause Young (Normal) (G1 Evacuation Pause) 622M->10M(1024M) 2,693ms
[2024-08-04T18:12:45.777+0300][20,598s][info ][gc] GC(140) Pause Young (Normal) (G1 Evacuation Pause) 622M->10M(1024M) 2,677ms
[2024-08-04T18:12:45.888+0300][20,710s][info ][gc] GC(141) Pause Young (Normal) (G1 Evacuation Pause) 622M->11M(1024M) 2,575ms
[2024-08-04T18:12:45.995+0300][20,817s][info ][gc] GC(142) Pause Young (Normal) (G1 Evacuation Pause) 623M->11M(1024M) 2,438ms
[2024-08-04T18:12:46.103+0300][20,924s][info ][gc] GC(143) Pause Young (Normal) (G1 Evacuation Pause) 624M->11M(1024M) 2,359ms
[2024-08-04T18:12:46.208+0300][21,030s][info ][gc] GC(144) Pause Young (Normal) (G1 Evacuation Pause) 624M->11M(1024M) 2,212ms
[2024-08-04T18:12:46.320+0300][21,141s][info ][gc] GC(145) Pause Young (Normal) (G1 Evacuation Pause) 624M->11M(1024M) 2,471ms
[2024-08-04T18:12:46.426+0300][21,247s][info ][gc] GC(146) Pause Young (Normal) (G1 Evacuation Pause) 624M->11M(1024M) 2,329ms
[2024-08-04T18:12:46.522+0300][21,343s][info ][gc] GC(147) Pause Young (Normal) (G1 Evacuation Pause) 624M->11M(1024M) 2,288ms
[2024-08-04T18:12:46.623+0300][21,445s][info ][gc] GC(148) Pause Young (Normal) (G1 Evacuation Pause) 624M->11M(1024M) 2,480ms
[2024-08-04T18:12:46.725+0300][21,547s][info ][gc] GC(149) Pause Young (Normal) (G1 Evacuation Pause) 624M->11M(1024M) 2,173ms
[2024-08-04T18:12:46.828+0300][21,649s][info ][gc] GC(150) Pause Young (Normal) (G1 Evacuation Pause) 624M->11M(1024M) 2,689ms
[2024-08-04T18:12:46.941+0300][21,762s][info ][gc] GC(151) Pause Young (Normal) (G1 Evacuation Pause) 624M->11M(1024M) 2,561ms
[2024-08-04T18:12:47.043+0300][21,865s][info ][gc] GC(152) Pause Young (Normal) (G1 Evacuation Pause) 624M->11M(1024M) 2,372ms
[2024-08-04T18:12:47.155+0300][21,977s][info ][gc] GC(153) Pause Young (Normal) (G1 Evacuation Pause) 624M->11M(1024M) 2,292ms
[2024-08-04T18:12:47.260+0300][22,081s][info ][gc] GC(154) Pause Young (Normal) (G1 Evacuation Pause) 624M->11M(1024M) 2,692ms
[2024-08-04T18:12:47.359+0300][22,181s][info ][gc] GC(155) Pause Young (Normal) (G1 Evacuation Pause) 624M->11M(1024M) 2,191ms
[2024-08-04T18:12:47.462+0300][22,283s][info ][gc] GC(156) Pause Young (Normal) (G1 Evacuation Pause) 624M->11M(1024M) 2,084ms
[2024-08-04T18:12:47.573+0300][22,395s][info ][gc] GC(157) Pause Young (Normal) (G1 Evacuation Pause) 624M->11M(1024M) 2,359ms
[2024-08-04T18:12:47.678+0300][22,499s][info ][gc] GC(158) Pause Young (Normal) (G1 Evacuation Pause) 624M->11M(1024M) 2,634ms
[2024-08-04T18:12:47.780+0300][22,601s][info ][gc] GC(159) Pause Young (Normal) (G1 Evacuation Pause) 624M->11M(1024M) 2,221ms
[2024-08-04T18:12:47.882+0300][22,703s][info ][gc] GC(160) Pause Young (Normal) (G1 Evacuation Pause) 624M->11M(1024M) 2,362ms
[2024-08-04T18:12:47.990+0300][22,812s][info ][gc] GC(161) Pause Young (Normal) (G1 Evacuation Pause) 624M->11M(1024M) 2,383ms
[2024-08-04T18:12:48.094+0300][22,915s][info ][gc] GC(162) Pause Young (Normal) (G1 Evacuation Pause) 624M->11M(1024M) 2,336ms
[2024-08-04T18:12:48.206+0300][23,028s][info ][gc] GC(163) Pause Young (Normal) (G1 Evacuation Pause) 624M->11M(1024M) 2,101ms
[2024-08-04T18:12:48.308+0300][23,129s][info ][gc] GC(164) Pause Young (Normal) (G1 Evacuation Pause) 624M->11M(1024M) 2,102ms
[2024-08-04T18:12:48.418+0300][23,239s][info ][gc] GC(165) Pause Young (Normal) (G1 Evacuation Pause) 624M->11M(1024M) 2,344ms
[2024-08-04T18:12:48.525+0300][23,347s][info ][gc] GC(166) Pause Young (Normal) (G1 Evacuation Pause) 624M->11M(1024M) 2,402ms
[2024-08-04T18:12:48.635+0300][23,456s][info ][gc] GC(167) Pause Young (Normal) (G1 Evacuation Pause) 624M->11M(1024M) 2,267ms
[2024-08-04T18:12:48.742+0300][23,563s][info ][gc] GC(168) Pause Young (Normal) (G1 Evacuation Pause) 624M->11M(1024M) 2,242ms
[2024-08-04T18:12:48.853+0300][23,674s][info ][gc] GC(169) Pause Young (Normal) (G1 Evacuation Pause) 624M->11M(1024M) 2,102ms
[2024-08-04T18:12:48.963+0300][23,784s][info ][gc] GC(170) Pause Young (Normal) (G1 Evacuation Pause) 624M->11M(1024M) 2,319ms
[2024-08-04T18:12:49.075+0300][23,896s][info ][gc] GC(171) Pause Young (Normal) (G1 Evacuation Pause) 624M->11M(1024M) 2,687ms
[2024-08-04T18:12:49.179+0300][24,001s][info ][gc] GC(172) Pause Young (Normal) (G1 Evacuation Pause) 624M->11M(1024M) 2,542ms
[2024-08-04T18:12:49.290+0300][24,111s][info ][gc] GC(173) Pause Young (Normal) (G1 Evacuation Pause) 624M->11M(1024M) 2,188ms
[2024-08-04T18:12:49.398+0300][24,219s][info ][gc] GC(174) Pause Young (Normal) (G1 Evacuation Pause) 624M->11M(1024M) 2,648ms
[2024-08-04T18:12:49.513+0300][24,335s][info ][gc] GC(175) Pause Young (Normal) (G1 Evacuation Pause) 624M->12M(1024M) 2,690ms
[2024-08-04T18:12:49.616+0300][24,437s][info ][gc] GC(176) Pause Young (Normal) (G1 Evacuation Pause) 625M->12M(1024M) 2,309ms
[2024-08-04T18:12:49.721+0300][24,542s][info ][gc] GC(177) Pause Young (Normal) (G1 Evacuation Pause) 625M->12M(1024M) 2,169ms
[2024-08-04T18:12:49.833+0300][24,654s][info ][gc] GC(178) Pause Young (Normal) (G1 Evacuation Pause) 625M->12M(1024M) 2,310ms
[2024-08-04T18:12:49.945+0300][24,766s][info ][gc] GC(179) Pause Young (Normal) (G1 Evacuation Pause) 625M->12M(1024M) 2,414ms
[2024-08-04T18:12:50.044+0300][24,866s][info ][gc] GC(180) Pause Young (Normal) (G1 Evacuation Pause) 625M->12M(1024M) 2,206ms
[2024-08-04T18:12:50.156+0300][24,977s][info ][gc] GC(181) Pause Young (Normal) (G1 Evacuation Pause) 625M->12M(1024M) 2,496ms
[2024-08-04T18:12:50.263+0300][25,084s][info ][gc] GC(182) Pause Young (Normal) (G1 Evacuation Pause) 625M->12M(1024M) 2,140ms
[2024-08-04T18:12:50.377+0300][25,199s][info ][gc] GC(183) Pause Young (Normal) (G1 Evacuation Pause) 625M->12M(1024M) 2,194ms
[2024-08-04T18:12:50.489+0300][25,310s][info ][gc] GC(184) Pause Young (Normal) (G1 Evacuation Pause) 625M->12M(1024M) 2,082ms
[2024-08-04T18:12:50.601+0300][25,422s][info ][gc] GC(185) Pause Young (Normal) (G1 Evacuation Pause) 625M->12M(1024M) 2,296ms
[2024-08-04T18:12:50.703+0300][25,524s][info ][gc] GC(186) Pause Young (Normal) (G1 Evacuation Pause) 625M->12M(1024M) 2,192ms
[2024-08-04T18:12:50.799+0300][25,620s][info ][gc] GC(187) Pause Young (Normal) (G1 Evacuation Pause) 625M->12M(1024M) 2,614ms
[2024-08-04T18:12:50.910+0300][25,731s][info ][gc] GC(188) Pause Young (Normal) (G1 Evacuation Pause) 625M->12M(1024M) 2,369ms
[2024-08-04T18:12:51.006+0300][25,827s][info ][gc] GC(189) Pause Young (Normal) (G1 Evacuation Pause) 625M->12M(1024M) 1,975ms
[2024-08-04T18:12:51.118+0300][25,939s][info ][gc] GC(190) Pause Young (Normal) (G1 Evacuation Pause) 625M->12M(1024M) 2,367ms
[2024-08-04T18:12:51.228+0300][26,050s][info ][gc] GC(191) Pause Young (Normal) (G1 Evacuation Pause) 625M->12M(1024M) 2,245ms
[2024-08-04T18:12:51.340+0300][26,161s][info ][gc] GC(192) Pause Young (Normal) (G1 Evacuation Pause) 625M->12M(1024M) 1,935ms
[2024-08-04T18:12:51.453+0300][26,275s][info ][gc] GC(193) Pause Young (Normal) (G1 Evacuation Pause) 625M->12M(1024M) 2,491ms
[2024-08-04T18:12:51.563+0300][26,385s][info ][gc] GC(194) Pause Young (Normal) (G1 Evacuation Pause) 625M->12M(1024M) 2,094ms
[2024-08-04T18:12:51.665+0300][26,486s][info ][gc] GC(195) Pause Young (Normal) (G1 Evacuation Pause) 625M->12M(1024M) 2,458ms
[2024-08-04T18:12:51.777+0300][26,598s][info ][gc] GC(196) Pause Young (Normal) (G1 Evacuation Pause) 625M->12M(1024M) 2,377ms
[2024-08-04T18:12:51.889+0300][26,710s][info ][gc] GC(197) Pause Young (Normal) (G1 Evacuation Pause) 625M->12M(1024M) 2,201ms
[2024-08-04T18:12:51.991+0300][26,812s][info ][gc] GC(198) Pause Young (Normal) (G1 Evacuation Pause) 625M->12M(1024M) 2,196ms
[2024-08-04T18:12:52.099+0300][26,920s][info ][gc] GC(199) Pause Young (Normal) (G1 Evacuation Pause) 625M->12M(1024M) 1,775ms
[2024-08-04T18:12:52.212+0300][27,033s][info ][gc] GC(200) Pause Young (Normal) (G1 Evacuation Pause) 625M->12M(1024M) 1,897ms
[2024-08-04T18:12:52.315+0300][27,136s][info ][gc] GC(201) Pause Young (Normal) (G1 Evacuation Pause) 625M->12M(1024M) 2,244ms
[2024-08-04T18:12:52.429+0300][27,250s][info ][gc] GC(202) Pause Young (Normal) (G1 Evacuation Pause) 625M->12M(1024M) 1,926ms
[2024-08-04T18:12:52.535+0300][27,357s][info ][gc] GC(203) Pause Young (Normal) (G1 Evacuation Pause) 625M->12M(1024M) 2,231ms
[2024-08-04T18:12:52.647+0300][27,469s][info ][gc] GC(204) Pause Young (Normal) (G1 Evacuation Pause) 625M->12M(1024M) 2,272ms
[2024-08-04T18:12:52.755+0300][27,576s][info ][gc] GC(205) Pause Young (Normal) (G1 Evacuation Pause) 625M->12M(1024M) 2,187ms
[2024-08-04T18:12:52.857+0300][27,678s][info ][gc] GC(206) Pause Young (Normal) (G1 Evacuation Pause) 625M->12M(1024M) 2,043ms
[2024-08-04T18:12:52.970+0300][27,792s][info ][gc] GC(207) Pause Young (Normal) (G1 Evacuation Pause) 625M->12M(1024M) 2,036ms
[2024-08-04T18:12:53.083+0300][27,905s][info ][gc] GC(208) Pause Young (Normal) (G1 Evacuation Pause) 625M->12M(1024M) 2,097ms
[2024-08-04T18:12:53.189+0300][28,010s][info ][gc] GC(209) Pause Young (Normal) (G1 Evacuation Pause) 625M->12M(1024M) 2,206ms
[2024-08-04T18:12:53.303+0300][28,125s][info ][gc] GC(210) Pause Young (Normal) (G1 Evacuation Pause) 625M->12M(1024M) 2,024ms
[2024-08-04T18:12:53.423+0300][28,245s][info ][gc] GC(211) Pause Young (Normal) (G1 Evacuation Pause) 625M->12M(1024M) 2,227ms
[2024-08-04T18:12:53.532+0300][28,354s][info ][gc] GC(212) Pause Young (Normal) (G1 Evacuation Pause) 625M->12M(1024M) 2,540ms
[2024-08-04T18:12:53.642+0300][28,464s][info ][gc] GC(213) Pause Young (Normal) (G1 Evacuation Pause) 625M->12M(1024M) 2,140ms
[2024-08-04T18:12:53.758+0300][28,580s][info ][gc] GC(214) Pause Young (Normal) (G1 Evacuation Pause) 625M->13M(1024M) 1,833ms
[2024-08-04T18:12:53.869+0300][28,691s][info ][gc] GC(215) Pause Young (Normal) (G1 Evacuation Pause) 626M->13M(1024M) 2,515ms
[2024-08-04T18:12:53.988+0300][28,810s][info ][gc] GC(216) Pause Young (Normal) (G1 Evacuation Pause) 626M->13M(1024M) 2,119ms
[2024-08-04T18:12:54.097+0300][28,918s][info ][gc] GC(217) Pause Young (Normal) (G1 Evacuation Pause) 626M->13M(1024M) 2,184ms
[2024-08-04T18:12:54.212+0300][29,033s][info ][gc] GC(218) Pause Young (Normal) (G1 Evacuation Pause) 626M->13M(1024M) 1,967ms
[2024-08-04T18:12:54.328+0300][29,149s][info ][gc] GC(219) Pause Young (Normal) (G1 Evacuation Pause) 626M->13M(1024M) 2,112ms
[2024-08-04T18:12:54.445+0300][29,266s][info ][gc] GC(220) Pause Young (Normal) (G1 Evacuation Pause) 626M->13M(1024M) 2,291ms
[2024-08-04T18:12:54.560+0300][29,382s][info ][gc] GC(221) Pause Young (Normal) (G1 Evacuation Pause) 626M->13M(1024M) 1,786ms
[2024-08-04T18:12:54.681+0300][29,502s][info ][gc] GC(222) Pause Young (Normal) (G1 Evacuation Pause) 626M->13M(1024M) 2,044ms
[2024-08-04T18:12:54.795+0300][29,616s][info ][gc] GC(223) Pause Young (Normal) (G1 Evacuation Pause) 626M->13M(1024M) 2,067ms
[2024-08-04T18:12:54.914+0300][29,736s][info ][gc] GC(224) Pause Young (Normal) (G1 Evacuation Pause) 626M->13M(1024M) 2,158ms
[2024-08-04T18:12:55.039+0300][29,860s][info ][gc] GC(225) Pause Young (Normal) (G1 Evacuation Pause) 626M->13M(1024M) 2,107ms
[2024-08-04T18:12:55.161+0300][29,983s][info ][gc] GC(226) Pause Young (Normal) (G1 Evacuation Pause) 626M->13M(1024M) 2,217ms
[2024-08-04T18:12:55.276+0300][30,097s][info ][gc] GC(227) Pause Young (Normal) (G1 Evacuation Pause) 626M->13M(1024M) 2,181ms
[2024-08-04T18:12:55.401+0300][30,222s][info ][gc] GC(228) Pause Young (Normal) (G1 Evacuation Pause) 626M->13M(1024M) 1,851ms
[2024-08-04T18:12:55.525+0300][30,347s][info ][gc] GC(229) Pause Young (Normal) (G1 Evacuation Pause) 626M->13M(1024M) 1,872ms
[2024-08-04T18:12:55.649+0300][30,471s][info ][gc] GC(230) Pause Young (Normal) (G1 Evacuation Pause) 626M->13M(1024M) 1,919ms
[2024-08-04T18:12:55.776+0300][30,597s][info ][gc] GC(231) Pause Young (Normal) (G1 Evacuation Pause) 626M->13M(1024M) 2,434ms
[2024-08-04T18:12:55.901+0300][30,722s][info ][gc] GC(232) Pause Young (Normal) (G1 Evacuation Pause) 626M->13M(1024M) 2,136ms
[2024-08-04T18:12:56.029+0300][30,850s][info ][gc] GC(233) Pause Young (Normal) (G1 Evacuation Pause) 626M->13M(1024M) 2,019ms
[2024-08-04T18:12:56.149+0300][30,970s][info ][gc] GC(234) Pause Young (Normal) (G1 Evacuation Pause) 626M->13M(1024M) 2,554ms
[2024-08-04T18:12:56.271+0300][31,092s][info ][gc] GC(235) Pause Young (Normal) (G1 Evacuation Pause) 626M->13M(1024M) 2,472ms
[2024-08-04T18:12:56.395+0300][31,217s][info ][gc] GC(236) Pause Young (Normal) (G1 Evacuation Pause) 626M->13M(1024M) 2,171ms
[2024-08-04T18:12:56.518+0300][31,339s][info ][gc] GC(237) Pause Young (Normal) (G1 Evacuation Pause) 626M->13M(1024M) 2,014ms
[2024-08-04T18:12:56.646+0300][31,467s][info ][gc] GC(238) Pause Young (Normal) (G1 Evacuation Pause) 626M->13M(1024M) 1,950ms
[2024-08-04T18:12:56.774+0300][31,595s][info ][gc] GC(239) Pause Young (Normal) (G1 Evacuation Pause) 626M->13M(1024M) 2,235ms
[2024-08-04T18:12:56.899+0300][31,720s][info ][gc] GC(240) Pause Young (Normal) (G1 Evacuation Pause) 626M->13M(1024M) 2,535ms
[2024-08-04T18:12:57.030+0300][31,852s][info ][gc] GC(241) Pause Young (Normal) (G1 Evacuation Pause) 626M->13M(1024M) 1,873ms
[2024-08-04T18:12:57.150+0300][31,971s][info ][gc] GC(242) Pause Young (Normal) (G1 Evacuation Pause) 626M->13M(1024M) 2,386ms
[2024-08-04T18:12:57.267+0300][32,088s][info ][gc] GC(243) Pause Young (Normal) (G1 Evacuation Pause) 626M->13M(1024M) 2,199ms
[2024-08-04T18:12:57.397+0300][32,218s][info ][gc] GC(244) Pause Young (Normal) (G1 Evacuation Pause) 626M->13M(1024M) 1,843ms
[2024-08-04T18:12:57.522+0300][32,344s][info ][gc] GC(245) Pause Young (Normal) (G1 Evacuation Pause) 626M->13M(1024M) 2,018ms
[2024-08-04T18:12:57.654+0300][32,475s][info ][gc] GC(246) Pause Young (Normal) (G1 Evacuation Pause) 626M->13M(1024M) 2,255ms
[2024-08-04T18:12:57.784+0300][32,605s][info ][gc] GC(247) Pause Young (Normal) (G1 Evacuation Pause) 626M->13M(1024M) 2,453ms
[2024-08-04T18:12:57.918+0300][32,739s][info ][gc] GC(248) Pause Young (Normal) (G1 Evacuation Pause) 626M->13M(1024M) 2,243ms
[2024-08-04T18:12:58.053+0300][32,874s][info ][gc] GC(249) Pause Young (Normal) (G1 Evacuation Pause) 626M->13M(1024M) 2,424ms
[2024-08-04T18:12:58.188+0300][33,010s][info ][gc] GC(250) Pause Young (Normal) (G1 Evacuation Pause) 626M->13M(1024M) 2,350ms
[2024-08-04T18:12:58.377+0300][33,198s][info ][gc] GC(251) Pause Young (Normal) (G1 Evacuation Pause) 626M->13M(1024M) 2,116ms
[2024-08-04T18:12:58.517+0300][33,338s][info ][gc] GC(252) Pause Young (Normal) (G1 Evacuation Pause) 626M->13M(1024M) 2,408ms
[2024-08-04T18:12:58.632+0300][33,453s][info ][gc] GC(253) Pause Young (Normal) (G1 Evacuation Pause) 626M->14M(1024M) 2,271ms
[2024-08-04T18:12:58.756+0300][33,577s][info ][gc] GC(254) Pause Young (Normal) (G1 Evacuation Pause) 627M->14M(1024M) 2,642ms
[2024-08-04T18:12:58.873+0300][33,694s][info ][gc] GC(255) Pause Young (Normal) (G1 Evacuation Pause) 627M->14M(1024M) 2,360ms
[2024-08-04T18:12:58.991+0300][33,812s][info ][gc] GC(256) Pause Young (Normal) (G1 Evacuation Pause) 627M->14M(1024M) 2,576ms
[2024-08-04T18:12:59.102+0300][33,923s][info ][gc] GC(257) Pause Young (Normal) (G1 Evacuation Pause) 627M->14M(1024M) 2,382ms
[2024-08-04T18:12:59.219+0300][34,040s][info ][gc] GC(258) Pause Young (Normal) (G1 Evacuation Pause) 627M->14M(1024M) 2,422ms
[2024-08-04T18:12:59.323+0300][34,144s][info ][gc] GC(259) Pause Young (Normal) (G1 Evacuation Pause) 627M->14M(1024M) 2,411ms
[2024-08-04T18:12:59.437+0300][34,258s][info ][gc] GC(260) Pause Young (Normal) (G1 Evacuation Pause) 627M->14M(1024M) 2,386ms
[2024-08-04T18:12:59.553+0300][34,375s][info ][gc] GC(261) Pause Young (Normal) (G1 Evacuation Pause) 627M->14M(1024M) 2,340ms
[2024-08-04T18:12:59.664+0300][34,486s][info ][gc] GC(262) Pause Young (Normal) (G1 Evacuation Pause) 627M->14M(1024M) 2,640ms
[2024-08-04T18:12:59.766+0300][34,587s][info ][gc] GC(263) Pause Young (Normal) (G1 Evacuation Pause) 626M->14M(1024M) 2,591ms
[2024-08-04T18:12:59.879+0300][34,701s][info ][gc] GC(264) Pause Young (Normal) (G1 Evacuation Pause) 626M->14M(1024M) 2,425ms
[2024-08-04T18:12:59.992+0300][34,814s][info ][gc] GC(265) Pause Young (Normal) (G1 Evacuation Pause) 626M->14M(1024M) 2,574ms
[2024-08-04T18:13:00.104+0300][34,926s][info ][gc] GC(266) Pause Young (Normal) (G1 Evacuation Pause) 626M->14M(1024M) 2,597ms
[2024-08-04T18:13:00.207+0300][35,029s][info ][gc] GC(267) Pause Young (Normal) (G1 Evacuation Pause) 627M->14M(1024M) 2,571ms
[2024-08-04T18:13:00.310+0300][35,132s][info ][gc] GC(268) Pause Young (Normal) (G1 Evacuation Pause) 627M->14M(1024M) 2,548ms
[2024-08-04T18:13:00.424+0300][35,245s][info ][gc] GC(269) Pause Young (Normal) (G1 Evacuation Pause) 627M->14M(1024M) 2,558ms
[2024-08-04T18:13:00.536+0300][35,358s][info ][gc] GC(270) Pause Young (Normal) (G1 Evacuation Pause) 627M->15M(1024M) 2,374ms
[2024-08-04T18:13:00.638+0300][35,459s][info ][gc] GC(271) Pause Young (Normal) (G1 Evacuation Pause) 628M->15M(1024M) 1,627ms
[2024-08-04T18:13:00.748+0300][35,570s][info ][gc] GC(272) Pause Young (Normal) (G1 Evacuation Pause) 628M->15M(1024M) 2,573ms
[2024-08-04T18:13:00.861+0300][35,682s][info ][gc] GC(273) Pause Young (Normal) (G1 Evacuation Pause) 628M->15M(1024M) 2,633ms
[2024-08-04T18:13:00.963+0300][35,784s][info ][gc] GC(274) Pause Young (Normal) (G1 Evacuation Pause) 628M->15M(1024M) 2,560ms
[2024-08-04T18:13:01.070+0300][35,892s][info ][gc] GC(275) Pause Young (Normal) (G1 Evacuation Pause) 628M->15M(1024M) 2,132ms
[2024-08-04T18:13:01.182+0300][36,003s][info ][gc] GC(276) Pause Young (Normal) (G1 Evacuation Pause) 628M->15M(1024M) 2,139ms
[2024-08-04T18:13:01.292+0300][36,113s][info ][gc] GC(277) Pause Young (Normal) (G1 Evacuation Pause) 628M->15M(1024M) 2,700ms
[2024-08-04T18:13:01.398+0300][36,219s][info ][gc] GC(278) Pause Young (Normal) (G1 Evacuation Pause) 628M->15M(1024M) 2,309ms
[2024-08-04T18:13:01.500+0300][36,322s][info ][gc] GC(279) Pause Young (Normal) (G1 Evacuation Pause) 628M->15M(1024M) 2,547ms
[2024-08-04T18:13:01.603+0300][36,425s][info ][gc] GC(280) Pause Young (Normal) (G1 Evacuation Pause) 628M->15M(1024M) 2,663ms
[2024-08-04T18:13:01.706+0300][36,527s][info ][gc] GC(281) Pause Young (Normal) (G1 Evacuation Pause) 628M->15M(1024M) 2,478ms
[2024-08-04T18:13:01.818+0300][36,640s][info ][gc] GC(282) Pause Young (Normal) (G1 Evacuation Pause) 628M->15M(1024M) 2,386ms
[2024-08-04T18:13:01.931+0300][36,752s][info ][gc] GC(283) Pause Young (Normal) (G1 Evacuation Pause) 628M->15M(1024M) 2,407ms
[2024-08-04T18:13:02.031+0300][36,852s][info ][gc] GC(284) Pause Young (Normal) (G1 Evacuation Pause) 628M->15M(1024M) 2,277ms
[2024-08-04T18:13:02.133+0300][36,955s][info ][gc] GC(285) Pause Young (Normal) (G1 Evacuation Pause) 628M->15M(1024M) 2,356ms
[2024-08-04T18:13:02.245+0300][37,066s][info ][gc] GC(286) Pause Young (Normal) (G1 Evacuation Pause) 628M->15M(1024M) 2,164ms
[2024-08-04T18:13:02.347+0300][37,168s][info ][gc] GC(287) Pause Young (Normal) (G1 Evacuation Pause) 628M->15M(1024M) 2,314ms
[2024-08-04T18:13:02.457+0300][37,278s][info ][gc] GC(288) Pause Young (Normal) (G1 Evacuation Pause) 628M->15M(1024M) 2,614ms
[2024-08-04T18:13:02.565+0300][37,386s][info ][gc] GC(289) Pause Young (Normal) (G1 Evacuation Pause) 628M->15M(1024M) 2,328ms
[2024-08-04T18:13:02.672+0300][37,493s][info ][gc] GC(290) Pause Young (Normal) (G1 Evacuation Pause) 628M->15M(1024M) 2,180ms
[2024-08-04T18:13:02.774+0300][37,595s][info ][gc] GC(291) Pause Young (Normal) (G1 Evacuation Pause) 628M->15M(1024M) 2,278ms
[2024-08-04T18:13:02.886+0300][37,707s][info ][gc] GC(292) Pause Young (Normal) (G1 Evacuation Pause) 628M->15M(1024M) 2,160ms
[2024-08-04T18:13:02.996+0300][37,817s][info ][gc] GC(293) Pause Young (Normal) (G1 Evacuation Pause) 628M->15M(1024M) 2,211ms
[2024-08-04T18:13:03.098+0300][37,920s][info ][gc] GC(294) Pause Young (Normal) (G1 Evacuation Pause) 628M->15M(1024M) 2,032ms
[2024-08-04T18:13:03.210+0300][38,031s][info ][gc] GC(295) Pause Young (Normal) (G1 Evacuation Pause) 628M->15M(1024M) 2,241ms
[2024-08-04T18:13:03.312+0300][38,133s][info ][gc] GC(296) Pause Young (Normal) (G1 Evacuation Pause) 628M->15M(1024M) 2,283ms
[2024-08-04T18:13:03.422+0300][38,243s][info ][gc] GC(297) Pause Young (Normal) (G1 Evacuation Pause) 628M->15M(1024M) 1,962ms
[2024-08-04T18:13:03.524+0300][38,346s][info ][gc] GC(298) Pause Young (Normal) (G1 Evacuation Pause) 628M->15M(1024M) 1,901ms
[2024-08-04T18:13:03.637+0300][38,458s][info ][gc] GC(299) Pause Young (Normal) (G1 Evacuation Pause) 628M->15M(1024M) 1,959ms
[2024-08-04T18:13:03.740+0300][38,562s][info ][gc] GC(300) Pause Young (Normal) (G1 Evacuation Pause) 628M->15M(1024M) 1,915ms
[2024-08-04T18:13:03.853+0300][38,674s][info ][gc] GC(301) Pause Young (Normal) (G1 Evacuation Pause) 628M->15M(1024M) 2,293ms
[2024-08-04T18:13:03.965+0300][38,787s][info ][gc] GC(302) Pause Young (Normal) (G1 Evacuation Pause) 628M->15M(1024M) 2,118ms
[2024-08-04T18:13:04.077+0300][38,899s][info ][gc] GC(303) Pause Young (Normal) (G1 Evacuation Pause) 628M->15M(1024M) 2,279ms
[2024-08-04T18:13:04.190+0300][39,011s][info ][gc] GC(304) Pause Young (Normal) (G1 Evacuation Pause) 628M->16M(1024M) 2,299ms
[2024-08-04T18:13:04.302+0300][39,123s][info ][gc] GC(305) Pause Young (Normal) (G1 Evacuation Pause) 629M->16M(1024M) 2,462ms
[2024-08-04T18:13:04.417+0300][39,238s][info ][gc] GC(306) Pause Young (Normal) (G1 Evacuation Pause) 629M->16M(1024M) 2,156ms
[2024-08-04T18:13:04.529+0300][39,350s][info ][gc] GC(307) Pause Young (Normal) (G1 Evacuation Pause) 629M->16M(1024M) 1,970ms
[2024-08-04T18:13:04.642+0300][39,463s][info ][gc] GC(308) Pause Young (Normal) (G1 Evacuation Pause) 629M->16M(1024M) 2,197ms
[2024-08-04T18:13:04.744+0300][39,565s][info ][gc] GC(309) Pause Young (Normal) (G1 Evacuation Pause) 629M->16M(1024M) 2,052ms
[2024-08-04T18:13:04.857+0300][39,678s][info ][gc] GC(310) Pause Young (Normal) (G1 Evacuation Pause) 629M->16M(1024M) 2,324ms
[2024-08-04T18:13:04.967+0300][39,788s][info ][gc] GC(311) Pause Young (Normal) (G1 Evacuation Pause) 629M->16M(1024M) 1,879ms
[2024-08-04T18:13:05.079+0300][39,901s][info ][gc] GC(312) Pause Young (Normal) (G1 Evacuation Pause) 629M->16M(1024M) 2,276ms
[2024-08-04T18:13:05.192+0300][40,013s][info ][gc] GC(313) Pause Young (Normal) (G1 Evacuation Pause) 629M->16M(1024M) 2,087ms
[2024-08-04T18:13:05.304+0300][40,125s][info ][gc] GC(314) Pause Young (Normal) (G1 Evacuation Pause) 629M->16M(1024M) 2,124ms
[2024-08-04T18:13:05.418+0300][40,239s][info ][gc] GC(315) Pause Young (Normal) (G1 Evacuation Pause) 629M->16M(1024M) 1,883ms
[2024-08-04T18:13:05.527+0300][40,348s][info ][gc] GC(316) Pause Young (Normal) (G1 Evacuation Pause) 629M->16M(1024M) 2,473ms
[2024-08-04T18:13:05.639+0300][40,460s][info ][gc] GC(317) Pause Young (Normal) (G1 Evacuation Pause) 629M->16M(1024M) 2,333ms
[2024-08-04T18:13:05.741+0300][40,562s][info ][gc] GC(318) Pause Young (Normal) (G1 Evacuation Pause) 629M->16M(1024M) 1,837ms
[2024-08-04T18:13:05.839+0300][40,660s][info ][gc] GC(319) Pause Young (Normal) (G1 Evacuation Pause) 629M->16M(1024M) 2,694ms
[2024-08-04T18:13:05.942+0300][40,763s][info ][gc] GC(320) Pause Young (Normal) (G1 Evacuation Pause) 629M->16M(1024M) 2,187ms
[2024-08-04T18:13:06.050+0300][40,871s][info ][gc] GC(321) Pause Young (Normal) (G1 Evacuation Pause) 629M->16M(1024M) 2,116ms
[2024-08-04T18:13:06.157+0300][40,978s][info ][gc] GC(322) Pause Young (Normal) (G1 Evacuation Pause) 629M->16M(1024M) 2,406ms
[2024-08-04T18:13:06.254+0300][41,075s][info ][gc] GC(323) Pause Young (Normal) (G1 Evacuation Pause) 629M->16M(1024M) 2,332ms
[2024-08-04T18:13:06.360+0300][41,181s][info ][gc] GC(324) Pause Young (Normal) (G1 Evacuation Pause) 629M->16M(1024M) 2,146ms
[2024-08-04T18:13:06.457+0300][41,279s][info ][gc] GC(325) Pause Young (Normal) (G1 Evacuation Pause) 629M->16M(1024M) 2,200ms
[2024-08-04T18:13:06.566+0300][41,387s][info ][gc] GC(326) Pause Young (Normal) (G1 Evacuation Pause) 629M->16M(1024M) 2,700ms
[2024-08-04T18:13:06.679+0300][41,500s][info ][gc] GC(327) Pause Young (Normal) (G1 Evacuation Pause) 629M->16M(1024M) 2,286ms
[2024-08-04T18:13:06.790+0300][41,612s][info ][gc] GC(328) Pause Young (Normal) (G1 Evacuation Pause) 629M->16M(1024M) 2,347ms
[2024-08-04T18:13:06.899+0300][41,720s][info ][gc] GC(329) Pause Young (Normal) (G1 Evacuation Pause) 629M->16M(1024M) 2,156ms
[2024-08-04T18:13:07.010+0300][41,831s][info ][gc] GC(330) Pause Young (Normal) (G1 Evacuation Pause) 629M->16M(1024M) 1,847ms
[2024-08-04T18:13:07.126+0300][41,947s][info ][gc] GC(331) Pause Young (Normal) (G1 Evacuation Pause) 629M->16M(1024M) 2,283ms
[2024-08-04T18:13:07.240+0300][42,061s][info ][gc] GC(332) Pause Young (Normal) (G1 Evacuation Pause) 629M->16M(1024M) 2,127ms
[2024-08-04T18:13:07.345+0300][42,166s][info ][gc] GC(333) Pause Young (Normal) (G1 Evacuation Pause) 629M->16M(1024M) 2,462ms
[2024-08-04T18:13:07.464+0300][42,285s][info ][gc] GC(334) Pause Young (Normal) (G1 Evacuation Pause) 629M->16M(1024M) 2,247ms
[2024-08-04T18:13:07.571+0300][42,392s][info ][gc] GC(335) Pause Young (Normal) (G1 Evacuation Pause) 629M->16M(1024M) 2,395ms
[2024-08-04T18:13:07.677+0300][42,498s][info ][gc] GC(336) Pause Young (Normal) (G1 Evacuation Pause) 629M->16M(1024M) 1,975ms
[2024-08-04T18:13:07.794+0300][42,615s][info ][gc] GC(337) Pause Young (Normal) (G1 Evacuation Pause) 629M->16M(1024M) 2,139ms
[2024-08-04T18:13:07.910+0300][42,731s][info ][gc] GC(338) Pause Young (Normal) (G1 Evacuation Pause) 629M->16M(1024M) 2,150ms
[2024-08-04T18:13:08.023+0300][42,844s][info ][gc] GC(339) Pause Young (Normal) (G1 Evacuation Pause) 629M->16M(1024M) 2,145ms
[2024-08-04T18:13:08.137+0300][42,958s][info ][gc] GC(340) Pause Young (Normal) (G1 Evacuation Pause) 629M->16M(1024M) 1,966ms
[2024-08-04T18:13:08.255+0300][43,076s][info ][gc] GC(341) Pause Young (Normal) (G1 Evacuation Pause) 629M->16M(1024M) 2,066ms
[2024-08-04T18:13:08.379+0300][43,200s][info ][gc] GC(342) Pause Young (Normal) (G1 Evacuation Pause) 629M->17M(1024M) 2,035ms
[2024-08-04T18:13:08.497+0300][43,318s][info ][gc] GC(343) Pause Young (Normal) (G1 Evacuation Pause) 630M->17M(1024M) 1,921ms
[2024-08-04T18:13:08.618+0300][43,439s][info ][gc] GC(344) Pause Young (Normal) (G1 Evacuation Pause) 630M->17M(1024M) 2,033ms
[2024-08-04T18:13:08.737+0300][43,558s][info ][gc] GC(345) Pause Young (Normal) (G1 Evacuation Pause) 630M->17M(1024M) 2,267ms
[2024-08-04T18:13:08.858+0300][43,680s][info ][gc] GC(346) Pause Young (Normal) (G1 Evacuation Pause) 630M->17M(1024M) 2,436ms
[2024-08-04T18:13:08.976+0300][43,797s][info ][gc] GC(347) Pause Young (Normal) (G1 Evacuation Pause) 630M->17M(1024M) 2,030ms
[2024-08-04T18:13:09.093+0300][43,914s][info ][gc] GC(348) Pause Young (Normal) (G1 Evacuation Pause) 630M->17M(1024M) 1,799ms
[2024-08-04T18:13:09.213+0300][44,034s][info ][gc] GC(349) Pause Young (Normal) (G1 Evacuation Pause) 630M->17M(1024M) 2,410ms
[2024-08-04T18:13:09.339+0300][44,160s][info ][gc] GC(350) Pause Young (Normal) (G1 Evacuation Pause) 630M->17M(1024M) 2,148ms
[2024-08-04T18:13:09.458+0300][44,279s][info ][gc] GC(351) Pause Young (Normal) (G1 Evacuation Pause) 630M->17M(1024M) 2,329ms
[2024-08-04T18:13:09.578+0300][44,399s][info ][gc] GC(352) Pause Young (Normal) (G1 Evacuation Pause) 630M->17M(1024M) 2,196ms
[2024-08-04T18:13:09.690+0300][44,511s][info ][gc] GC(353) Pause Young (Normal) (G1 Evacuation Pause) 630M->17M(1024M) 2,524ms
[2024-08-04T18:13:09.813+0300][44,635s][info ][gc] GC(354) Pause Young (Normal) (G1 Evacuation Pause) 630M->17M(1024M) 2,274ms
[2024-08-04T18:13:09.932+0300][44,753s][info ][gc] GC(355) Pause Young (Normal) (G1 Evacuation Pause) 630M->17M(1024M) 2,366ms
[2024-08-04T18:13:10.053+0300][44,874s][info ][gc] GC(356) Pause Young (Normal) (G1 Evacuation Pause) 630M->17M(1024M) 2,064ms
[2024-08-04T18:13:10.188+0300][45,009s][info ][gc] GC(357) Pause Young (Normal) (G1 Evacuation Pause) 630M->17M(1024M) 2,206ms
[2024-08-04T18:13:10.321+0300][45,143s][info ][gc] GC(358) Pause Young (Normal) (G1 Evacuation Pause) 630M->17M(1024M) 2,096ms
[2024-08-04T18:13:10.504+0300][45,326s][info ][gc] GC(359) Pause Young (Normal) (G1 Evacuation Pause) 630M->17M(1024M) 1,849ms
[2024-08-04T18:13:10.657+0300][45,478s][info ][gc] GC(360) Pause Young (Normal) (G1 Evacuation Pause) 630M->17M(1024M) 2,057ms
[2024-08-04T18:13:10.793+0300][45,614s][info ][gc] GC(361) Pause Young (Normal) (G1 Evacuation Pause) 630M->17M(1024M) 1,653ms
[2024-08-04T18:13:10.935+0300][45,757s][info ][gc] GC(362) Pause Young (Normal) (G1 Evacuation Pause) 630M->17M(1024M) 1,884ms
[2024-08-04T18:13:11.069+0300][45,891s][info ][gc] GC(363) Pause Young (Normal) (G1 Evacuation Pause) 630M->17M(1024M) 2,386ms
[2024-08-04T18:13:11.194+0300][46,016s][info ][gc] GC(364) Pause Young (Normal) (G1 Evacuation Pause) 630M->17M(1024M) 1,831ms
[2024-08-04T18:13:11.329+0300][46,150s][info ][gc] GC(365) Pause Young (Normal) (G1 Evacuation Pause) 630M->17M(1024M) 1,835ms
[2024-08-04T18:13:11.487+0300][46,308s][info ][gc] GC(366) Pause Young (Normal) (G1 Evacuation Pause) 630M->17M(1024M) 2,256ms
[2024-08-04T18:13:11.616+0300][46,437s][info ][gc] GC(367) Pause Young (Normal) (G1 Evacuation Pause) 630M->17M(1024M) 2,205ms
[2024-08-04T18:13:11.756+0300][46,578s][info ][gc] GC(368) Pause Young (Normal) (G1 Evacuation Pause) 630M->17M(1024M) 1,979ms
[2024-08-04T18:13:11.913+0300][46,734s][info ][gc] GC(369) Pause Young (Normal) (G1 Evacuation Pause) 630M->17M(1024M) 1,876ms
[2024-08-04T18:13:12.055+0300][46,876s][info ][gc] GC(370) Pause Young (Normal) (G1 Evacuation Pause) 630M->17M(1024M) 1,939ms
[2024-08-04T18:13:12.195+0300][47,017s][info ][gc] GC(371) Pause Young (Normal) (G1 Evacuation Pause) 630M->17M(1024M) 2,153ms
[2024-08-04T18:13:12.336+0300][47,157s][info ][gc] GC(372) Pause Young (Normal) (G1 Evacuation Pause) 630M->17M(1024M) 1,785ms
[2024-08-04T18:13:12.498+0300][47,320s][info ][gc] GC(373) Pause Young (Normal) (G1 Evacuation Pause) 630M->17M(1024M) 1,722ms
[2024-08-04T18:13:12.632+0300][47,453s][info ][gc] GC(374) Pause Young (Normal) (G1 Evacuation Pause) 630M->17M(1024M) 1,880ms
[2024-08-04T18:13:12.763+0300][47,585s][info ][gc] GC(375) Pause Young (Normal) (G1 Evacuation Pause) 630M->17M(1024M) 2,116ms
[2024-08-04T18:13:13.000+0300][47,821s][info ][gc] GC(376) Pause Young (Normal) (G1 Evacuation Pause) 630M->17M(1024M) 2,428ms
[2024-08-04T18:13:13.130+0300][47,951s][info ][gc] GC(377) Pause Young (Normal) (G1 Evacuation Pause) 630M->17M(1024M) 2,752ms
[2024-08-04T18:13:13.250+0300][48,072s][info ][gc] GC(378) Pause Young (Normal) (G1 Evacuation Pause) 630M->18M(1024M) 2,604ms
[2024-08-04T18:13:13.376+0300][48,198s][info ][gc] GC(379) Pause Young (Normal) (G1 Evacuation Pause) 631M->18M(1024M) 2,276ms
[2024-08-04T18:13:13.491+0300][48,312s][info ][gc] GC(380) Pause Young (Normal) (G1 Evacuation Pause) 631M->18M(1024M) 2,709ms
[2024-08-04T18:13:13.607+0300][48,428s][info ][gc] GC(381) Pause Young (Normal) (G1 Evacuation Pause) 631M->18M(1024M) 2,588ms
[2024-08-04T18:13:13.708+0300][48,529s][info ][gc] GC(382) Pause Young (Normal) (G1 Evacuation Pause) 631M->18M(1024M) 2,689ms
[2024-08-04T18:13:13.814+0300][48,636s][info ][gc] GC(383) Pause Young (Normal) (G1 Evacuation Pause) 631M->18M(1024M) 2,524ms
[2024-08-04T18:13:13.930+0300][48,751s][info ][gc] GC(384) Pause Young (Normal) (G1 Evacuation Pause) 631M->18M(1024M) 2,334ms
[2024-08-04T18:13:14.044+0300][48,866s][info ][gc] GC(385) Pause Young (Normal) (G1 Evacuation Pause) 631M->18M(1024M) 2,644ms
[2024-08-04T18:13:14.143+0300][48,964s][info ][gc] GC(386) Pause Young (Normal) (G1 Evacuation Pause) 631M->18M(1024M) 2,674ms
[2024-08-04T18:13:14.257+0300][49,078s][info ][gc] GC(387) Pause Young (Normal) (G1 Evacuation Pause) 631M->18M(1024M) 2,397ms
[2024-08-04T18:13:14.361+0300][49,182s][info ][gc] GC(388) Pause Young (Normal) (G1 Evacuation Pause) 630M->18M(1024M) 2,608ms
[2024-08-04T18:13:14.482+0300][49,303s][info ][gc] GC(389) Pause Young (Normal) (G1 Evacuation Pause) 630M->18M(1024M) 1,985ms
[2024-08-04T18:13:14.579+0300][49,400s][info ][gc] GC(390) Pause Young (Normal) (G1 Evacuation Pause) 630M->18M(1024M) 2,430ms
[2024-08-04T18:13:14.675+0300][49,497s][info ][gc] GC(391) Pause Young (Normal) (G1 Evacuation Pause) 630M->18M(1024M) 2,806ms
[2024-08-04T18:13:14.772+0300][49,594s][info ][gc] GC(392) Pause Young (Normal) (G1 Evacuation Pause) 631M->18M(1024M) 2,243ms
[2024-08-04T18:13:14.870+0300][49,691s][info ][gc] GC(393) Pause Young (Normal) (G1 Evacuation Pause) 631M->18M(1024M) 2,633ms
[2024-08-04T18:13:14.973+0300][49,795s][info ][gc] GC(394) Pause Young (Normal) (G1 Evacuation Pause) 631M->18M(1024M) 2,550ms
[2024-08-04T18:13:15.082+0300][49,903s][info ][gc] GC(395) Pause Young (Normal) (G1 Evacuation Pause) 631M->18M(1024M) 2,502ms
[2024-08-04T18:13:15.189+0300][50,010s][info ][gc] GC(396) Pause Young (Normal) (G1 Evacuation Pause) 631M->18M(1024M) 2,684ms
[2024-08-04T18:13:15.295+0300][50,117s][info ][gc] GC(397) Pause Young (Normal) (G1 Evacuation Pause) 631M->18M(1024M) 2,702ms
[2024-08-04T18:13:15.401+0300][50,222s][info ][gc] GC(398) Pause Young (Normal) (G1 Evacuation Pause) 631M->18M(1024M) 2,104ms
[2024-08-04T18:13:15.509+0300][50,330s][info ][gc] GC(399) Pause Young (Normal) (G1 Evacuation Pause) 631M->18M(1024M) 2,298ms
[2024-08-04T18:13:15.614+0300][50,435s][info ][gc] GC(400) Pause Young (Normal) (G1 Evacuation Pause) 631M->19M(1024M) 2,167ms
[2024-08-04T18:13:15.726+0300][50,548s][info ][gc] GC(401) Pause Young (Normal) (G1 Evacuation Pause) 632M->19M(1024M) 2,279ms
[2024-08-04T18:13:15.828+0300][50,650s][info ][gc] GC(402) Pause Young (Normal) (G1 Evacuation Pause) 632M->19M(1024M) 2,276ms
[2024-08-04T18:13:15.940+0300][50,762s][info ][gc] GC(403) Pause Young (Normal) (G1 Evacuation Pause) 632M->19M(1024M) 2,211ms
[2024-08-04T18:13:16.048+0300][50,870s][info ][gc] GC(404) Pause Young (Normal) (G1 Evacuation Pause) 632M->19M(1024M) 2,278ms
[2024-08-04T18:13:16.144+0300][50,965s][info ][gc] GC(405) Pause Young (Normal) (G1 Evacuation Pause) 632M->19M(1024M) 2,485ms
[2024-08-04T18:13:16.253+0300][51,074s][info ][gc] GC(406) Pause Young (Normal) (G1 Evacuation Pause) 632M->19M(1024M) 2,326ms
[2024-08-04T18:13:16.371+0300][51,192s][info ][gc] GC(407) Pause Young (Normal) (G1 Evacuation Pause) 632M->19M(1024M) 2,387ms
[2024-08-04T18:13:16.483+0300][51,304s][info ][gc] GC(408) Pause Young (Normal) (G1 Evacuation Pause) 632M->19M(1024M) 2,211ms
[2024-08-04T18:13:16.589+0300][51,411s][info ][gc] GC(409) Pause Young (Normal) (G1 Evacuation Pause) 632M->19M(1024M) 2,295ms
[2024-08-04T18:13:16.697+0300][51,518s][info ][gc] GC(410) Pause Young (Normal) (G1 Evacuation Pause) 632M->19M(1024M) 2,512ms
[2024-08-04T18:13:16.793+0300][51,614s][info ][gc] GC(411) Pause Young (Normal) (G1 Evacuation Pause) 632M->19M(1024M) 2,515ms
[2024-08-04T18:13:16.889+0300][51,711s][info ][gc] GC(412) Pause Young (Normal) (G1 Evacuation Pause) 632M->19M(1024M) 2,483ms
[2024-08-04T18:13:16.998+0300][51,819s][info ][gc] GC(413) Pause Young (Normal) (G1 Evacuation Pause) 632M->19M(1024M) 2,190ms
[2024-08-04T18:13:17.105+0300][51,926s][info ][gc] GC(414) Pause Young (Normal) (G1 Evacuation Pause) 632M->19M(1024M) 2,459ms
[2024-08-04T18:13:17.211+0300][52,032s][info ][gc] GC(415) Pause Young (Normal) (G1 Evacuation Pause) 632M->19M(1024M) 2,260ms
[2024-08-04T18:13:17.319+0300][52,140s][info ][gc] GC(416) Pause Young (Normal) (G1 Evacuation Pause) 632M->19M(1024M) 2,290ms
[2024-08-04T18:13:17.431+0300][52,253s][info ][gc] GC(417) Pause Young (Normal) (G1 Evacuation Pause) 632M->19M(1024M) 2,302ms
[2024-08-04T18:13:17.539+0300][52,360s][info ][gc] GC(418) Pause Young (Normal) (G1 Evacuation Pause) 632M->19M(1024M) 2,294ms
[2024-08-04T18:13:17.639+0300][52,460s][info ][gc] GC(419) Pause Young (Normal) (G1 Evacuation Pause) 632M->19M(1024M) 2,265ms
[2024-08-04T18:13:17.750+0300][52,571s][info ][gc] GC(420) Pause Young (Normal) (G1 Evacuation Pause) 632M->19M(1024M) 2,301ms
[2024-08-04T18:13:17.857+0300][52,678s][info ][gc] GC(421) Pause Young (Normal) (G1 Evacuation Pause) 632M->19M(1024M) 2,168ms
[2024-08-04T18:13:17.971+0300][52,792s][info ][gc] GC(422) Pause Young (Normal) (G1 Evacuation Pause) 632M->19M(1024M) 2,295ms
[2024-08-04T18:13:18.074+0300][52,896s][info ][gc] GC(423) Pause Young (Normal) (G1 Evacuation Pause) 632M->19M(1024M) 2,059ms
[2024-08-04T18:13:18.180+0300][53,001s][info ][gc] GC(424) Pause Young (Normal) (G1 Evacuation Pause) 632M->19M(1024M) 2,224ms
[2024-08-04T18:13:18.293+0300][53,114s][info ][gc] GC(425) Pause Young (Normal) (G1 Evacuation Pause) 632M->19M(1024M) 1,861ms
[2024-08-04T18:13:18.420+0300][53,241s][info ][gc] GC(426) Pause Young (Normal) (G1 Evacuation Pause) 632M->19M(1024M) 1,830ms
[2024-08-04T18:13:18.531+0300][53,353s][info ][gc] GC(427) Pause Young (Normal) (G1 Evacuation Pause) 632M->19M(1024M) 2,044ms
[2024-08-04T18:13:18.646+0300][53,467s][info ][gc] GC(428) Pause Young (Normal) (G1 Evacuation Pause) 632M->19M(1024M) 2,340ms
[2024-08-04T18:13:18.742+0300][53,563s][info ][gc] GC(429) Pause Young (Normal) (G1 Evacuation Pause) 632M->19M(1024M) 2,336ms
[2024-08-04T18:13:18.854+0300][53,675s][info ][gc] GC(430) Pause Young (Normal) (G1 Evacuation Pause) 632M->19M(1024M) 2,289ms
[2024-08-04T18:13:18.971+0300][53,792s][info ][gc] GC(431) Pause Young (Normal) (G1 Evacuation Pause) 632M->19M(1024M) 2,341ms
[2024-08-04T18:13:19.081+0300][53,902s][info ][gc] GC(432) Pause Young (Normal) (G1 Evacuation Pause) 632M->19M(1024M) 2,160ms
[2024-08-04T18:13:19.191+0300][54,012s][info ][gc] GC(433) Pause Young (Normal) (G1 Evacuation Pause) 632M->20M(1024M) 1,988ms
[2024-08-04T18:13:19.304+0300][54,125s][info ][gc] GC(434) Pause Young (Normal) (G1 Evacuation Pause) 633M->20M(1024M) 2,366ms
[2024-08-04T18:13:19.416+0300][54,237s][info ][gc] GC(435) Pause Young (Normal) (G1 Evacuation Pause) 633M->20M(1024M) 2,540ms
[2024-08-04T18:13:19.518+0300][54,339s][info ][gc] GC(436) Pause Young (Normal) (G1 Evacuation Pause) 633M->20M(1024M) 2,547ms
[2024-08-04T18:13:19.629+0300][54,450s][info ][gc] GC(437) Pause Young (Normal) (G1 Evacuation Pause) 633M->20M(1024M) 2,042ms
[2024-08-04T18:13:19.740+0300][54,562s][info ][gc] GC(438) Pause Young (Normal) (G1 Evacuation Pause) 633M->20M(1024M) 2,022ms
[2024-08-04T18:13:19.852+0300][54,674s][info ][gc] GC(439) Pause Young (Normal) (G1 Evacuation Pause) 633M->20M(1024M) 1,892ms
[2024-08-04T18:13:19.964+0300][54,786s][info ][gc] GC(440) Pause Young (Normal) (G1 Evacuation Pause) 633M->20M(1024M) 2,048ms
[2024-08-04T18:13:20.077+0300][54,899s][info ][gc] GC(441) Pause Young (Normal) (G1 Evacuation Pause) 633M->20M(1024M) 2,512ms
[2024-08-04T18:13:20.176+0300][54,997s][info ][gc] GC(442) Pause Young (Normal) (G1 Evacuation Pause) 633M->20M(1024M) 2,163ms
[2024-08-04T18:13:20.274+0300][55,095s][info ][gc] GC(443) Pause Young (Normal) (G1 Evacuation Pause) 633M->20M(1024M) 2,440ms
[2024-08-04T18:13:20.377+0300][55,198s][info ][gc] GC(444) Pause Young (Normal) (G1 Evacuation Pause) 633M->20M(1024M) 2,319ms
[2024-08-04T18:13:20.480+0300][55,301s][info ][gc] GC(445) Pause Young (Normal) (G1 Evacuation Pause) 633M->20M(1024M) 2,217ms
[2024-08-04T18:13:20.590+0300][55,411s][info ][gc] GC(446) Pause Young (Normal) (G1 Evacuation Pause) 633M->20M(1024M) 2,067ms
[2024-08-04T18:13:20.689+0300][55,510s][info ][gc] GC(447) Pause Young (Normal) (G1 Evacuation Pause) 633M->20M(1024M) 2,261ms
[2024-08-04T18:13:20.791+0300][55,612s][info ][gc] GC(448) Pause Young (Normal) (G1 Evacuation Pause) 633M->20M(1024M) 1,926ms
[2024-08-04T18:13:20.900+0300][55,721s][info ][gc] GC(449) Pause Young (Normal) (G1 Evacuation Pause) 633M->20M(1024M) 2,142ms
[2024-08-04T18:13:21.016+0300][55,837s][info ][gc] GC(450) Pause Young (Normal) (G1 Evacuation Pause) 633M->20M(1024M) 1,979ms
[2024-08-04T18:13:21.120+0300][55,941s][info ][gc] GC(451) Pause Young (Normal) (G1 Evacuation Pause) 633M->20M(1024M) 2,371ms
[2024-08-04T18:13:21.225+0300][56,046s][info ][gc] GC(452) Pause Young (Normal) (G1 Evacuation Pause) 633M->20M(1024M) 2,270ms
[2024-08-04T18:13:21.340+0300][56,161s][info ][gc] GC(453) Pause Young (Normal) (G1 Evacuation Pause) 633M->20M(1024M) 2,103ms
[2024-08-04T18:13:21.443+0300][56,264s][info ][gc] GC(454) Pause Young (Normal) (G1 Evacuation Pause) 633M->20M(1024M) 2,334ms
[2024-08-04T18:13:21.554+0300][56,375s][info ][gc] GC(455) Pause Young (Normal) (G1 Evacuation Pause) 633M->20M(1024M) 2,253ms
[2024-08-04T18:13:21.666+0300][56,487s][info ][gc] GC(456) Pause Young (Normal) (G1 Evacuation Pause) 633M->20M(1024M) 2,316ms
[2024-08-04T18:13:21.780+0300][56,601s][info ][gc] GC(457) Pause Young (Normal) (G1 Evacuation Pause) 633M->20M(1024M) 2,402ms
[2024-08-04T18:13:21.887+0300][56,708s][info ][gc] GC(458) Pause Young (Normal) (G1 Evacuation Pause) 633M->20M(1024M) 2,340ms
[2024-08-04T18:13:21.999+0300][56,820s][info ][gc] GC(459) Pause Young (Normal) (G1 Evacuation Pause) 633M->20M(1024M) 2,272ms
[2024-08-04T18:13:22.124+0300][56,946s][info ][gc] GC(460) Pause Young (Normal) (G1 Evacuation Pause) 633M->20M(1024M) 1,933ms
[2024-08-04T18:13:22.248+0300][57,069s][info ][gc] GC(461) Pause Young (Normal) (G1 Evacuation Pause) 633M->20M(1024M) 2,086ms
[2024-08-04T18:13:22.373+0300][57,194s][info ][gc] GC(462) Pause Young (Normal) (G1 Evacuation Pause) 633M->20M(1024M) 2,351ms
[2024-08-04T18:13:22.488+0300][57,309s][info ][gc] GC(463) Pause Young (Normal) (G1 Evacuation Pause) 633M->20M(1024M) 2,456ms
[2024-08-04T18:13:22.613+0300][57,435s][info ][gc] GC(464) Pause Young (Normal) (G1 Evacuation Pause) 633M->20M(1024M) 2,782ms
[2024-08-04T18:13:22.728+0300][57,549s][info ][gc] GC(465) Pause Young (Normal) (G1 Evacuation Pause) 633M->20M(1024M) 2,253ms
[2024-08-04T18:13:22.855+0300][57,677s][info ][gc] GC(466) Pause Young (Normal) (G1 Evacuation Pause) 633M->20M(1024M) 2,139ms
[2024-08-04T18:13:22.980+0300][57,802s][info ][gc] GC(467) Pause Young (Normal) (G1 Evacuation Pause) 633M->20M(1024M) 2,002ms
[2024-08-04T18:13:23.102+0300][57,924s][info ][gc] GC(468) Pause Young (Normal) (G1 Evacuation Pause) 633M->20M(1024M) 2,158ms
[2024-08-04T18:13:23.231+0300][58,052s][info ][gc] GC(469) Pause Young (Normal) (G1 Evacuation Pause) 633M->20M(1024M) 1,937ms
[2024-08-04T18:13:23.362+0300][58,183s][info ][gc] GC(470) Pause Young (Normal) (G1 Evacuation Pause) 633M->20M(1024M) 1,788ms
[2024-08-04T18:13:23.482+0300][58,303s][info ][gc] GC(471) Pause Young (Normal) (G1 Evacuation Pause) 633M->20M(1024M) 2,019ms
[2024-08-04T18:13:23.601+0300][58,423s][info ][gc] GC(472) Pause Young (Normal) (G1 Evacuation Pause) 633M->20M(1024M) 2,095ms
[2024-08-04T18:13:23.729+0300][58,550s][info ][gc] GC(473) Pause Young (Normal) (G1 Evacuation Pause) 633M->20M(1024M) 2,424ms
[2024-08-04T18:13:23.851+0300][58,673s][info ][gc] GC(474) Pause Young (Normal) (G1 Evacuation Pause) 633M->21M(1024M) 2,018ms
[2024-08-04T18:13:23.984+0300][58,805s][info ][gc] GC(475) Pause Young (Normal) (G1 Evacuation Pause) 634M->21M(1024M) 1,854ms
[2024-08-04T18:13:24.108+0300][58,929s][info ][gc] GC(476) Pause Young (Normal) (G1 Evacuation Pause) 634M->21M(1024M) 2,204ms
[2024-08-04T18:13:24.244+0300][59,066s][info ][gc] GC(477) Pause Young (Normal) (G1 Evacuation Pause) 634M->21M(1024M) 2,266ms
[2024-08-04T18:13:24.381+0300][59,202s][info ][gc] GC(478) Pause Young (Normal) (G1 Evacuation Pause) 634M->21M(1024M) 2,173ms
[2024-08-04T18:13:24.517+0300][59,339s][info ][gc] GC(479) Pause Young (Normal) (G1 Evacuation Pause) 634M->21M(1024M) 2,242ms
[2024-08-04T18:13:24.656+0300][59,478s][info ][gc] GC(480) Pause Young (Normal) (G1 Evacuation Pause) 634M->21M(1024M) 2,137ms
[2024-08-04T18:13:24.789+0300][59,611s][info ][gc] GC(481) Pause Young (Normal) (G1 Evacuation Pause) 634M->21M(1024M) 2,353ms
[2024-08-04T18:13:24.915+0300][59,737s][info ][gc] GC(482) Pause Young (Normal) (G1 Evacuation Pause) 634M->21M(1024M) 2,280ms
[2024-08-04T18:13:25.038+0300][59,859s][info ][gc] GC(483) Pause Young (Normal) (G1 Evacuation Pause) 634M->21M(1024M) 1,697ms
[2024-08-04T18:13:25.172+0300][59,993s][info ][gc] GC(484) Pause Young (Normal) (G1 Evacuation Pause) 634M->21M(1024M) 2,229ms
[2024-08-04T18:13:25.313+0300][60,134s][info ][gc] GC(485) Pause Young (Normal) (G1 Evacuation Pause) 634M->21M(1024M) 1,892ms
[2024-08-04T18:13:25.453+0300][60,274s][info ][gc] GC(486) Pause Young (Normal) (G1 Evacuation Pause) 634M->21M(1024M) 1,888ms
[2024-08-04T18:13:25.589+0300][60,410s][info ][gc] GC(487) Pause Young (Normal) (G1 Evacuation Pause) 634M->21M(1024M) 2,004ms
[2024-08-04T18:13:25.726+0300][60,548s][info ][gc] GC(488) Pause Young (Normal) (G1 Evacuation Pause) 634M->21M(1024M) 1,931ms
[2024-08-04T18:13:25.863+0300][60,684s][info ][gc] GC(489) Pause Young (Normal) (G1 Evacuation Pause) 634M->21M(1024M) 2,077ms
[2024-08-04T18:13:25.997+0300][60,818s][info ][gc] GC(490) Pause Young (Normal) (G1 Evacuation Pause) 634M->21M(1024M) 1,938ms
[2024-08-04T18:13:26.134+0300][60,955s][info ][gc] GC(491) Pause Young (Normal) (G1 Evacuation Pause) 634M->21M(1024M) 2,414ms
[2024-08-04T18:13:26.272+0300][61,093s][info ][gc] GC(492) Pause Young (Normal) (G1 Evacuation Pause) 634M->21M(1024M) 2,055ms
[2024-08-04T18:13:26.419+0300][61,240s][info ][gc] GC(493) Pause Young (Normal) (G1 Evacuation Pause) 634M->21M(1024M) 1,995ms
[2024-08-04T18:13:26.562+0300][61,383s][info ][gc] GC(494) Pause Young (Normal) (G1 Evacuation Pause) 634M->21M(1024M) 2,006ms
[2024-08-04T18:13:26.694+0300][61,515s][info ][gc] GC(495) Pause Young (Normal) (G1 Evacuation Pause) 634M->21M(1024M) 2,227ms
[2024-08-04T18:13:26.828+0300][61,649s][info ][gc] GC(496) Pause Young (Normal) (G1 Evacuation Pause) 634M->21M(1024M) 2,035ms
[2024-08-04T18:13:26.960+0300][61,782s][info ][gc] GC(497) Pause Young (Normal) (G1 Evacuation Pause) 634M->21M(1024M) 2,037ms
[2024-08-04T18:13:27.097+0300][61,919s][info ][gc] GC(498) Pause Young (Normal) (G1 Evacuation Pause) 634M->21M(1024M) 2,214ms
[2024-08-04T18:13:27.243+0300][62,064s][info ][gc] GC(499) Pause Young (Normal) (G1 Evacuation Pause) 634M->21M(1024M) 2,455ms
[2024-08-04T18:13:27.417+0300][62,239s][info ][gc] GC(500) Pause Young (Normal) (G1 Evacuation Pause) 634M->21M(1024M) 2,041ms
[2024-08-04T18:13:27.581+0300][62,402s][info ][gc] GC(501) Pause Young (Normal) (G1 Evacuation Pause) 634M->21M(1024M) 2,713ms
[2024-08-04T18:13:27.706+0300][62,528s][info ][gc] GC(502) Pause Young (Normal) (G1 Evacuation Pause) 634M->21M(1024M) 2,670ms
[2024-08-04T18:13:27.832+0300][62,653s][info ][gc] GC(503) Pause Young (Normal) (G1 Evacuation Pause) 634M->21M(1024M) 2,848ms
[2024-08-04T18:13:27.953+0300][62,774s][info ][gc] GC(504) Pause Young (Normal) (G1 Evacuation Pause) 634M->22M(1024M) 2,522ms
[2024-08-04T18:13:28.061+0300][62,883s][info ][gc] GC(505) Pause Young (Normal) (G1 Evacuation Pause) 635M->22M(1024M) 2,808ms
[2024-08-04T18:13:28.180+0300][63,002s][info ][gc] GC(506) Pause Young (Normal) (G1 Evacuation Pause) 635M->22M(1024M) 2,782ms
[2024-08-04T18:13:28.288+0300][63,109s][info ][gc] GC(507) Pause Young (Normal) (G1 Evacuation Pause) 635M->22M(1024M) 2,890ms
[2024-08-04T18:13:28.402+0300][63,223s][info ][gc] GC(508) Pause Young (Normal) (G1 Evacuation Pause) 635M->22M(1024M) 2,533ms
[2024-08-04T18:13:28.519+0300][63,340s][info ][gc] GC(509) Pause Young (Normal) (G1 Evacuation Pause) 635M->22M(1024M) 2,734ms
[2024-08-04T18:13:28.629+0300][63,450s][info ][gc] GC(510) Pause Young (Normal) (G1 Evacuation Pause) 635M->22M(1024M) 2,571ms
[2024-08-04T18:13:28.741+0300][63,562s][info ][gc] GC(511) Pause Young (Normal) (G1 Evacuation Pause) 635M->22M(1024M) 2,662ms
[2024-08-04T18:13:28.855+0300][63,676s][info ][gc] GC(512) Pause Young (Normal) (G1 Evacuation Pause) 634M->22M(1024M) 2,599ms
[2024-08-04T18:13:28.959+0300][63,781s][info ][gc] GC(513) Pause Young (Normal) (G1 Evacuation Pause) 634M->22M(1024M) 2,755ms
[2024-08-04T18:13:29.065+0300][63,887s][info ][gc] GC(514) Pause Young (Normal) (G1 Evacuation Pause) 634M->22M(1024M) 2,746ms
[2024-08-04T18:13:29.183+0300][64,005s][info ][gc] GC(515) Pause Young (Normal) (G1 Evacuation Pause) 634M->22M(1024M) 2,226ms
[2024-08-04T18:13:29.292+0300][64,113s][info ][gc] GC(516) Pause Young (Normal) (G1 Evacuation Pause) 634M->22M(1024M) 2,646ms
[2024-08-04T18:13:29.395+0300][64,216s][info ][gc] GC(517) Pause Young (Normal) (G1 Evacuation Pause) 635M->22M(1024M) 2,391ms
[2024-08-04T18:13:29.507+0300][64,328s][info ][gc] GC(518) Pause Young (Normal) (G1 Evacuation Pause) 635M->22M(1024M) 2,051ms
[2024-08-04T18:13:29.619+0300][64,440s][info ][gc] GC(519) Pause Young (Normal) (G1 Evacuation Pause) 635M->22M(1024M) 2,439ms
[2024-08-04T18:13:29.715+0300][64,536s][info ][gc] GC(520) Pause Young (Normal) (G1 Evacuation Pause) 635M->22M(1024M) 2,271ms
[2024-08-04T18:13:29.826+0300][64,647s][info ][gc] GC(521) Pause Young (Normal) (G1 Evacuation Pause) 635M->22M(1024M) 2,404ms
[2024-08-04T18:13:29.928+0300][64,750s][info ][gc] GC(522) Pause Young (Normal) (G1 Evacuation Pause) 635M->22M(1024M) 2,445ms
[2024-08-04T18:13:30.036+0300][64,857s][info ][gc] GC(523) Pause Young (Normal) (G1 Evacuation Pause) 635M->22M(1024M) 2,005ms
[2024-08-04T18:13:30.131+0300][64,952s][info ][gc] GC(524) Pause Young (Normal) (G1 Evacuation Pause) 635M->22M(1024M) 1,961ms
[2024-08-04T18:13:30.240+0300][65,062s][info ][gc] GC(525) Pause Young (Normal) (G1 Evacuation Pause) 635M->22M(1024M) 2,291ms
[2024-08-04T18:13:30.349+0300][65,170s][info ][gc] GC(526) Pause Young (Normal) (G1 Evacuation Pause) 635M->22M(1024M) 2,166ms
[2024-08-04T18:13:30.452+0300][65,274s][info ][gc] GC(527) Pause Young (Normal) (G1 Evacuation Pause) 635M->23M(1024M) 2,183ms
[2024-08-04T18:13:30.554+0300][65,375s][info ][gc] GC(528) Pause Young (Normal) (G1 Evacuation Pause) 636M->23M(1024M) 2,527ms
[2024-08-04T18:13:30.664+0300][65,485s][info ][gc] GC(529) Pause Young (Normal) (G1 Evacuation Pause) 636M->23M(1024M) 2,085ms
[2024-08-04T18:13:30.773+0300][65,594s][info ][gc] GC(530) Pause Young (Normal) (G1 Evacuation Pause) 636M->23M(1024M) 2,298ms
[2024-08-04T18:13:30.885+0300][65,706s][info ][gc] GC(531) Pause Young (Normal) (G1 Evacuation Pause) 636M->23M(1024M) 2,194ms
[2024-08-04T18:13:30.992+0300][65,813s][info ][gc] GC(532) Pause Young (Normal) (G1 Evacuation Pause) 636M->23M(1024M) 2,211ms
[2024-08-04T18:13:31.094+0300][65,915s][info ][gc] GC(533) Pause Young (Normal) (G1 Evacuation Pause) 636M->23M(1024M) 2,013ms
[2024-08-04T18:13:31.192+0300][66,013s][info ][gc] GC(534) Pause Young (Normal) (G1 Evacuation Pause) 636M->23M(1024M) 2,350ms
[2024-08-04T18:13:31.303+0300][66,124s][info ][gc] GC(535) Pause Young (Normal) (G1 Evacuation Pause) 636M->23M(1024M) 2,037ms
[2024-08-04T18:13:31.417+0300][66,239s][info ][gc] GC(536) Pause Young (Normal) (G1 Evacuation Pause) 636M->23M(1024M) 2,141ms
[2024-08-04T18:13:31.532+0300][66,354s][info ][gc] GC(537) Pause Young (Normal) (G1 Evacuation Pause) 636M->23M(1024M) 2,003ms
[2024-08-04T18:13:31.638+0300][66,459s][info ][gc] GC(538) Pause Young (Normal) (G1 Evacuation Pause) 636M->23M(1024M) 2,102ms
[2024-08-04T18:13:31.742+0300][66,563s][info ][gc] GC(539) Pause Young (Normal) (G1 Evacuation Pause) 636M->23M(1024M) 2,356ms
[2024-08-04T18:13:31.861+0300][66,682s][info ][gc] GC(540) Pause Young (Normal) (G1 Evacuation Pause) 636M->23M(1024M) 2,012ms
[2024-08-04T18:13:31.968+0300][66,789s][info ][gc] GC(541) Pause Young (Normal) (G1 Evacuation Pause) 636M->23M(1024M) 2,199ms
[2024-08-04T18:13:32.069+0300][66,891s][info ][gc] GC(542) Pause Young (Normal) (G1 Evacuation Pause) 636M->23M(1024M) 2,321ms
[2024-08-04T18:13:32.181+0300][67,002s][info ][gc] GC(543) Pause Young (Normal) (G1 Evacuation Pause) 636M->23M(1024M) 2,212ms
[2024-08-04T18:13:32.292+0300][67,113s][info ][gc] GC(544) Pause Young (Normal) (G1 Evacuation Pause) 636M->23M(1024M) 2,238ms
[2024-08-04T18:13:32.399+0300][67,220s][info ][gc] GC(545) Pause Young (Normal) (G1 Evacuation Pause) 636M->23M(1024M) 2,131ms
[2024-08-04T18:13:32.502+0300][67,323s][info ][gc] GC(546) Pause Young (Normal) (G1 Evacuation Pause) 636M->23M(1024M) 2,049ms
