[2024-08-04T18:13:54.695+0300][0.003s][info][gc] Using Parallel
[2024-08-04T18:13:55.057+0300][0,364s][info][gc] GC(0) Pause Young (Allocation Failure) 257M->2M(981M) 3,441ms
[2024-08-04T18:13:55.117+0300][0,425s][info][gc] GC(1) Pause Young (Allocation Failure) 258M->2M(981M) 1,559ms
[2024-08-04T18:13:55.171+0300][0,479s][info][gc] GC(2) Pause Young (Allocation Failure) 258M->2M(981M) 1,524ms
[2024-08-04T18:13:55.220+0300][0,527s][info][gc] GC(3) Pause Young (Allocation Failure) 258M->2M(981M) 1,329ms
[2024-08-04T18:13:55.317+0300][0,624s][info][gc] GC(4) Pause Young (Allocation Failure) 258M->2M(981M) 1,673ms
[2024-08-04T18:13:55.364+0300][0,672s][info][gc] GC(5) Pause Young (Allocation Failure) 258M->2M(1022M) 1,554ms
[2024-08-04T18:13:55.464+0300][0,771s][info][gc] GC(6) Pause Young (Allocation Failure) 339M->2M(1022M) 1,582ms
[2024-08-04T18:13:55.528+0300][0,835s][info][gc] GC(7) Pause Young (Allocation Failure) 339M->2M(1022M) 0,738ms
[2024-08-04T18:13:55.586+0300][0,893s][info][gc] GC(8) Pause Young (Allocation Failure) 339M->2M(1022M) 0,842ms
[2024-08-04T18:13:55.645+0300][0,952s][info][gc] GC(9) Pause Young (Allocation Failure) 339M->3M(1021M) 1,597ms
[2024-08-04T18:13:55.708+0300][1,015s][info][gc] GC(10) Pause Young (Allocation Failure) 339M->3M(1021M) 1,218ms
[2024-08-04T18:13:55.771+0300][1,078s][info][gc] GC(11) Pause Young (Allocation Failure) 339M->3M(1021M) 0,754ms
[2024-08-04T18:13:55.825+0300][1,132s][info][gc] GC(12) Pause Young (Allocation Failure) 339M->3M(1021M) 0,790ms
[2024-08-04T18:13:55.879+0300][1,186s][info][gc] GC(13) Pause Young (Allocation Failure) 339M->3M(1021M) 0,971ms
[2024-08-04T18:13:55.941+0300][1,248s][info][gc] GC(14) Pause Young (Allocation Failure) 339M->3M(1021M) 1,038ms
[2024-08-04T18:13:56.003+0300][1,311s][info][gc] GC(15) Pause Young (Allocation Failure) 339M->3M(1022M) 0,830ms
[2024-08-04T18:13:56.060+0300][1,367s][info][gc] GC(16) Pause Young (Allocation Failure) 340M->3M(1022M) 0,830ms
[2024-08-04T18:13:56.121+0300][1,428s][info][gc] GC(17) Pause Young (Allocation Failure) 340M->3M(1022M) 1,090ms
[2024-08-04T18:13:56.174+0300][1,482s][info][gc] GC(18) Pause Young (Allocation Failure) 340M->3M(1022M) 1,057ms
[2024-08-04T18:13:56.230+0300][1,538s][info][gc] GC(19) Pause Young (Allocation Failure) 340M->3M(1022M) 0,995ms
[2024-08-04T18:13:56.292+0300][1,599s][info][gc] GC(20) Pause Young (Allocation Failure) 340M->3M(1022M) 0,754ms
[2024-08-04T18:13:56.352+0300][1,660s][info][gc] GC(21) Pause Young (Allocation Failure) 340M->4M(1022M) 0,952ms
[2024-08-04T18:13:56.408+0300][1,716s][info][gc] GC(22) Pause Young (Allocation Failure) 341M->4M(1022M) 0,968ms
[2024-08-04T18:13:56.462+0300][1,770s][info][gc] GC(23) Pause Young (Allocation Failure) 341M->4M(1022M) 0,890ms
[2024-08-04T18:13:56.517+0300][1,824s][info][gc] GC(24) Pause Young (Allocation Failure) 342M->4M(1022M) 0,887ms
[2024-08-04T18:13:56.571+0300][1,879s][info][gc] GC(25) Pause Young (Allocation Failure) 342M->4M(1022M) 0,631ms
[2024-08-04T18:13:56.627+0300][1,935s][info][gc] GC(26) Pause Young (Allocation Failure) 342M->4M(1022M) 0,938ms
[2024-08-04T18:13:56.683+0300][1,991s][info][gc] GC(27) Pause Young (Allocation Failure) 342M->4M(1022M) 0,658ms
[2024-08-04T18:13:56.740+0300][2,047s][info][gc] GC(28) Pause Young (Allocation Failure) 342M->4M(1022M) 0,799ms
[2024-08-04T18:13:56.798+0300][2,106s][info][gc] GC(29) Pause Young (Allocation Failure) 342M->4M(1022M) 0,616ms
[2024-08-04T18:13:56.857+0300][2,165s][info][gc] GC(30) Pause Young (Allocation Failure) 342M->4M(1022M) 0,720ms
[2024-08-04T18:13:56.920+0300][2,228s][info][gc] GC(31) Pause Young (Allocation Failure) 342M->4M(1023M) 0,643ms
[2024-08-04T18:13:56.980+0300][2,288s][info][gc] GC(32) Pause Young (Allocation Failure) 343M->5M(1023M) 0,891ms
[2024-08-04T18:13:57.042+0300][2,349s][info][gc] GC(33) Pause Young (Allocation Failure) 344M->5M(1023M) 0,754ms
[2024-08-04T18:13:57.104+0300][2,412s][info][gc] GC(34) Pause Young (Allocation Failure) 344M->5M(1023M) 0,632ms
[2024-08-04T18:13:57.167+0300][2,475s][info][gc] GC(35) Pause Young (Allocation Failure) 344M->5M(1023M) 0,650ms
[2024-08-04T18:13:57.230+0300][2,537s][info][gc] GC(36) Pause Young (Allocation Failure) 344M->5M(1023M) 0,741ms
[2024-08-04T18:13:57.293+0300][2,600s][info][gc] GC(37) Pause Young (Allocation Failure) 344M->5M(1023M) 0,836ms
[2024-08-04T18:13:57.356+0300][2,663s][info][gc] GC(38) Pause Young (Allocation Failure) 344M->5M(1023M) 0,865ms
[2024-08-04T18:13:57.418+0300][2,726s][info][gc] GC(39) Pause Young (Allocation Failure) 344M->5M(1023M) 0,860ms
[2024-08-04T18:13:57.481+0300][2,788s][info][gc] GC(40) Pause Young (Allocation Failure) 344M->5M(1023M) 1,049ms
[2024-08-04T18:13:57.544+0300][2,851s][info][gc] GC(41) Pause Young (Allocation Failure) 344M->5M(1023M) 0,928ms
[2024-08-04T18:13:57.607+0300][2,914s][info][gc] GC(42) Pause Young (Allocation Failure) 344M->5M(1023M) 0,883ms
[2024-08-04T18:13:57.670+0300][2,977s][info][gc] GC(43) Pause Young (Allocation Failure) 344M->5M(1023M) 0,768ms
[2024-08-04T18:13:57.733+0300][3,041s][info][gc] GC(44) Pause Young (Allocation Failure) 344M->5M(1023M) 0,769ms
[2024-08-04T18:13:57.797+0300][3,104s][info][gc] GC(45) Pause Young (Allocation Failure) 344M->5M(1023M) 0,720ms
[2024-08-04T18:13:57.859+0300][3,167s][info][gc] GC(46) Pause Young (Allocation Failure) 344M->6M(1023M) 0,838ms
[2024-08-04T18:13:57.923+0300][3,231s][info][gc] GC(47) Pause Young (Allocation Failure) 345M->6M(1023M) 0,663ms
[2024-08-04T18:13:57.987+0300][3,295s][info][gc] GC(48) Pause Young (Allocation Failure) 345M->6M(1023M) 0,692ms
[2024-08-04T18:13:58.051+0300][3,359s][info][gc] GC(49) Pause Young (Allocation Failure) 345M->6M(1023M) 0,491ms
[2024-08-04T18:13:58.116+0300][3,423s][info][gc] GC(50) Pause Young (Allocation Failure) 346M->6M(1023M) 0,955ms
[2024-08-04T18:13:58.177+0300][3,484s][info][gc] GC(51) Pause Young (Allocation Failure) 346M->6M(1023M) 0,825ms
[2024-08-04T18:13:58.231+0300][3,539s][info][gc] GC(52) Pause Young (Allocation Failure) 346M->6M(1023M) 0,773ms
[2024-08-04T18:13:58.293+0300][3,600s][info][gc] GC(53) Pause Young (Allocation Failure) 346M->6M(1022M) 1,384ms
[2024-08-04T18:13:58.358+0300][3,665s][info][gc] GC(54) Pause Young (Allocation Failure) 345M->6M(1023M) 0,569ms
[2024-08-04T18:13:58.422+0300][3,730s][info][gc] GC(55) Pause Young (Allocation Failure) 345M->6M(1023M) 0,872ms
[2024-08-04T18:13:58.487+0300][3,795s][info][gc] GC(56) Pause Young (Allocation Failure) 346M->6M(1023M) 0,669ms
[2024-08-04T18:13:58.552+0300][3,859s][info][gc] GC(57) Pause Young (Allocation Failure) 346M->7M(1023M) 0,592ms
[2024-08-04T18:13:58.617+0300][3,925s][info][gc] GC(58) Pause Young (Allocation Failure) 347M->7M(1023M) 0,689ms
[2024-08-04T18:13:58.683+0300][3,991s][info][gc] GC(59) Pause Young (Allocation Failure) 347M->7M(1023M) 0,761ms
[2024-08-04T18:13:58.745+0300][4,053s][info][gc] GC(60) Pause Young (Allocation Failure) 347M->7M(1023M) 0,828ms
[2024-08-04T18:13:58.806+0300][4,113s][info][gc] GC(61) Pause Young (Allocation Failure) 347M->7M(1023M) 0,810ms
[2024-08-04T18:13:58.866+0300][4,174s][info][gc] GC(62) Pause Young (Allocation Failure) 347M->7M(1023M) 0,734ms
[2024-08-04T18:13:58.927+0300][4,234s][info][gc] GC(63) Pause Young (Allocation Failure) 347M->7M(1023M) 0,987ms
[2024-08-04T18:13:58.987+0300][4,295s][info][gc] GC(64) Pause Young (Allocation Failure) 347M->7M(1023M) 0,583ms
[2024-08-04T18:13:59.048+0300][4,355s][info][gc] GC(65) Pause Young (Allocation Failure) 347M->7M(1023M) 0,558ms
[2024-08-04T18:13:59.109+0300][4,416s][info][gc] GC(66) Pause Young (Allocation Failure) 347M->7M(1023M) 0,764ms
[2024-08-04T18:13:59.170+0300][4,477s][info][gc] GC(67) Pause Young (Allocation Failure) 347M->7M(1023M) 0,647ms
[2024-08-04T18:13:59.231+0300][4,539s][info][gc] GC(68) Pause Young (Allocation Failure) 347M->7M(1023M) 0,762ms
[2024-08-04T18:13:59.290+0300][4,597s][info][gc] GC(69) Pause Young (Allocation Failure) 347M->7M(1023M) 0,660ms
[2024-08-04T18:13:59.351+0300][4,658s][info][gc] GC(70) Pause Young (Allocation Failure) 347M->7M(1023M) 0,675ms
[2024-08-04T18:13:59.413+0300][4,721s][info][gc] GC(71) Pause Young (Allocation Failure) 347M->8M(1023M) 0,989ms
[2024-08-04T18:13:59.475+0300][4,783s][info][gc] GC(72) Pause Young (Allocation Failure) 348M->8M(1023M) 0,534ms
[2024-08-04T18:13:59.539+0300][4,846s][info][gc] GC(73) Pause Young (Allocation Failure) 348M->8M(1023M) 0,691ms
[2024-08-04T18:13:59.602+0300][4,909s][info][gc] GC(74) Pause Young (Allocation Failure) 348M->8M(1023M) 0,759ms
[2024-08-04T18:13:59.665+0300][4,972s][info][gc] GC(75) Pause Young (Allocation Failure) 348M->8M(1023M) 0,750ms
[2024-08-04T18:13:59.733+0300][5,040s][info][gc] GC(76) Pause Young (Allocation Failure) 348M->8M(1023M) 0,586ms
[2024-08-04T18:13:59.802+0300][5,109s][info][gc] GC(77) Pause Young (Allocation Failure) 348M->8M(1023M) 0,766ms
[2024-08-04T18:13:59.875+0300][5,183s][info][gc] GC(78) Pause Young (Allocation Failure) 348M->8M(1023M) 0,552ms
[2024-08-04T18:13:59.944+0300][5,251s][info][gc] GC(79) Pause Young (Allocation Failure) 348M->8M(1023M) 0,834ms
[2024-08-04T18:14:00.013+0300][5,321s][info][gc] GC(80) Pause Young (Allocation Failure) 348M->8M(1023M) 0,843ms
[2024-08-04T18:14:00.081+0300][5,388s][info][gc] GC(81) Pause Young (Allocation Failure) 348M->8M(1023M) 0,653ms
[2024-08-04T18:14:00.144+0300][5,452s][info][gc] GC(82) Pause Young (Allocation Failure) 348M->8M(1023M) 0,774ms
[2024-08-04T18:14:00.221+0300][5,528s][info][gc] GC(83) Pause Young (Allocation Failure) 348M->8M(1023M) 0,627ms
[2024-08-04T18:14:00.293+0300][5,601s][info][gc] GC(84) Pause Young (Allocation Failure) 348M->8M(1023M) 0,598ms
[2024-08-04T18:14:00.365+0300][5,672s][info][gc] GC(85) Pause Young (Allocation Failure) 348M->9M(1023M) 0,790ms
[2024-08-04T18:14:00.437+0300][5,745s][info][gc] GC(86) Pause Young (Allocation Failure) 349M->9M(1023M) 0,891ms
[2024-08-04T18:14:00.509+0300][5,816s][info][gc] GC(87) Pause Young (Allocation Failure) 349M->9M(1023M) 0,758ms
[2024-08-04T18:14:00.581+0300][5,888s][info][gc] GC(88) Pause Young (Allocation Failure) 349M->9M(1023M) 1,013ms
[2024-08-04T18:14:00.651+0300][5,959s][info][gc] GC(89) Pause Young (Allocation Failure) 349M->9M(1023M) 0,618ms
[2024-08-04T18:14:00.722+0300][6,029s][info][gc] GC(90) Pause Young (Allocation Failure) 349M->9M(1023M) 0,998ms
[2024-08-04T18:14:00.790+0300][6,097s][info][gc] GC(91) Pause Young (Allocation Failure) 349M->9M(1023M) 0,549ms
[2024-08-04T18:14:00.861+0300][6,169s][info][gc] GC(92) Pause Young (Allocation Failure) 349M->9M(1023M) 0,812ms
[2024-08-04T18:14:00.933+0300][6,240s][info][gc] GC(93) Pause Young (Allocation Failure) 349M->9M(1023M) 0,799ms
[2024-08-04T18:14:01.005+0300][6,313s][info][gc] GC(94) Pause Young (Allocation Failure) 349M->9M(1023M) 0,533ms
[2024-08-04T18:14:01.077+0300][6,385s][info][gc] GC(95) Pause Young (Allocation Failure) 349M->9M(1023M) 0,593ms
[2024-08-04T18:14:01.150+0300][6,458s][info][gc] GC(96) Pause Young (Allocation Failure) 349M->9M(1023M) 0,824ms
[2024-08-04T18:14:01.222+0300][6,530s][info][gc] GC(97) Pause Young (Allocation Failure) 349M->9M(1023M) 0,615ms
[2024-08-04T18:14:01.290+0300][6,598s][info][gc] GC(98) Pause Young (Allocation Failure) 349M->9M(1023M) 0,909ms
[2024-08-04T18:14:01.358+0300][6,666s][info][gc] GC(99) Pause Young (Allocation Failure) 349M->10M(1023M) 0,782ms
[2024-08-04T18:14:01.425+0300][6,732s][info][gc] GC(100) Pause Young (Allocation Failure) 350M->10M(1023M) 0,402ms
[2024-08-04T18:14:01.493+0300][6,801s][info][gc] GC(101) Pause Young (Allocation Failure) 350M->10M(1023M) 0,795ms
[2024-08-04T18:14:01.569+0300][6,876s][info][gc] GC(102) Pause Young (Allocation Failure) 350M->10M(1023M) 0,591ms
[2024-08-04T18:14:01.640+0300][6,947s][info][gc] GC(103) Pause Young (Allocation Failure) 350M->10M(1023M) 0,809ms
[2024-08-04T18:14:01.714+0300][7,021s][info][gc] GC(104) Pause Young (Allocation Failure) 350M->10M(1023M) 0,711ms
[2024-08-04T18:14:01.800+0300][7,107s][info][gc] GC(105) Pause Young (Allocation Failure) 350M->10M(1023M) 0,622ms
[2024-08-04T18:14:01.874+0300][7,181s][info][gc] GC(106) Pause Young (Allocation Failure) 350M->10M(1023M) 0,757ms
[2024-08-04T18:14:01.949+0300][7,256s][info][gc] GC(107) Pause Young (Allocation Failure) 350M->10M(1023M) 0,649ms
[2024-08-04T18:14:02.020+0300][7,328s][info][gc] GC(108) Pause Young (Allocation Failure) 350M->10M(1023M) 0,677ms
[2024-08-04T18:14:02.096+0300][7,404s][info][gc] GC(109) Pause Young (Allocation Failure) 350M->10M(1023M) 0,809ms
[2024-08-04T18:14:02.178+0300][7,486s][info][gc] GC(110) Pause Young (Allocation Failure) 350M->10M(1023M) 0,612ms
[2024-08-04T18:14:02.255+0300][7,562s][info][gc] GC(111) Pause Young (Allocation Failure) 350M->10M(1023M) 0,752ms
[2024-08-04T18:14:02.342+0300][7,650s][info][gc] GC(112) Pause Young (Allocation Failure) 350M->10M(1023M) 0,818ms
[2024-08-04T18:14:02.423+0300][7,731s][info][gc] GC(113) Pause Young (Allocation Failure) 350M->10M(1023M) 0,855ms
[2024-08-04T18:14:02.504+0300][7,811s][info][gc] GC(114) Pause Young (Allocation Failure) 350M->11M(1023M) 0,965ms
[2024-08-04T18:14:02.586+0300][7,893s][info][gc] GC(115) Pause Young (Allocation Failure) 351M->11M(1023M) 1,412ms
[2024-08-04T18:14:02.668+0300][7,975s][info][gc] GC(116) Pause Young (Allocation Failure) 351M->11M(1023M) 0,909ms
[2024-08-04T18:14:02.747+0300][8,054s][info][gc] GC(117) Pause Young (Allocation Failure) 351M->11M(1023M) 0,830ms
[2024-08-04T18:14:02.828+0300][8,136s][info][gc] GC(118) Pause Young (Allocation Failure) 351M->11M(1023M) 0,599ms
[2024-08-04T18:14:02.906+0300][8,213s][info][gc] GC(119) Pause Young (Allocation Failure) 351M->11M(1023M) 0,554ms
[2024-08-04T18:14:02.979+0300][8,286s][info][gc] GC(120) Pause Young (Allocation Failure) 351M->11M(1023M) 0,658ms
[2024-08-04T18:14:03.058+0300][8,366s][info][gc] GC(121) Pause Young (Allocation Failure) 351M->11M(1023M) 0,585ms
[2024-08-04T18:14:03.139+0300][8,446s][info][gc] GC(122) Pause Young (Allocation Failure) 351M->12M(1023M) 0,570ms
[2024-08-04T18:14:03.219+0300][8,526s][info][gc] GC(123) Pause Young (Allocation Failure) 352M->12M(1023M) 0,782ms
[2024-08-04T18:14:03.306+0300][8,614s][info][gc] GC(124) Pause Young (Allocation Failure) 352M->12M(1023M) 0,868ms
[2024-08-04T18:14:03.388+0300][8,695s][info][gc] GC(125) Pause Young (Allocation Failure) 352M->12M(1023M) 0,555ms
[2024-08-04T18:14:03.463+0300][8,770s][info][gc] GC(126) Pause Young (Allocation Failure) 352M->12M(1023M) 0,508ms
[2024-08-04T18:14:03.539+0300][8,847s][info][gc] GC(127) Pause Young (Allocation Failure) 352M->12M(1023M) 0,662ms
[2024-08-04T18:14:03.635+0300][8,943s][info][gc] GC(128) Pause Young (Allocation Failure) 352M->12M(1023M) 1,199ms
[2024-08-04T18:14:03.724+0300][9,031s][info][gc] GC(129) Pause Young (Allocation Failure) 352M->12M(1023M) 0,710ms
[2024-08-04T18:14:03.800+0300][9,108s][info][gc] GC(130) Pause Young (Allocation Failure) 352M->12M(1023M) 0,617ms
[2024-08-04T18:14:03.879+0300][9,186s][info][gc] GC(131) Pause Young (Allocation Failure) 352M->12M(1023M) 0,714ms
[2024-08-04T18:14:03.956+0300][9,263s][info][gc] GC(132) Pause Young (Allocation Failure) 352M->12M(1023M) 0,590ms
[2024-08-04T18:14:04.038+0300][9,345s][info][gc] GC(133) Pause Young (Allocation Failure) 352M->12M(1023M) 0,427ms
[2024-08-04T18:14:04.116+0300][9,423s][info][gc] GC(134) Pause Young (Allocation Failure) 352M->12M(1023M) 0,496ms
[2024-08-04T18:14:04.196+0300][9,503s][info][gc] GC(135) Pause Young (Allocation Failure) 352M->12M(1023M) 0,512ms
[2024-08-04T18:14:04.281+0300][9,588s][info][gc] GC(136) Pause Young (Allocation Failure) 352M->12M(1023M) 0,656ms
[2024-08-04T18:14:04.369+0300][9,677s][info][gc] GC(137) Pause Young (Allocation Failure) 352M->13M(1023M) 0,656ms
[2024-08-04T18:14:04.456+0300][9,763s][info][gc] GC(138) Pause Young (Allocation Failure) 353M->13M(1023M) 0,901ms
[2024-08-04T18:14:04.534+0300][9,842s][info][gc] GC(139) Pause Young (Allocation Failure) 353M->13M(1023M) 0,757ms
[2024-08-04T18:14:04.614+0300][9,922s][info][gc] GC(140) Pause Young (Allocation Failure) 353M->13M(1023M) 0,700ms
[2024-08-04T18:14:04.698+0300][10,006s][info][gc] GC(141) Pause Young (Allocation Failure) 353M->13M(1023M) 0,814ms
[2024-08-04T18:14:04.780+0300][10,087s][info][gc] GC(142) Pause Young (Allocation Failure) 353M->13M(1023M) 0,653ms
[2024-08-04T18:14:04.866+0300][10,173s][info][gc] GC(143) Pause Young (Allocation Failure) 353M->13M(1023M) 0,689ms
[2024-08-04T18:14:04.949+0300][10,256s][info][gc] GC(144) Pause Young (Allocation Failure) 353M->13M(1023M) 0,722ms
[2024-08-04T18:14:05.033+0300][10,340s][info][gc] GC(145) Pause Young (Allocation Failure) 353M->13M(1023M) 0,922ms
[2024-08-04T18:14:05.117+0300][10,424s][info][gc] GC(146) Pause Young (Allocation Failure) 353M->13M(1023M) 0,793ms
[2024-08-04T18:14:05.202+0300][10,509s][info][gc] GC(147) Pause Young (Allocation Failure) 353M->13M(1023M) 0,531ms
[2024-08-04T18:14:05.282+0300][10,589s][info][gc] GC(148) Pause Young (Allocation Failure) 353M->13M(1023M) 0,430ms
[2024-08-04T18:14:05.364+0300][10,671s][info][gc] GC(149) Pause Young (Allocation Failure) 353M->13M(1023M) 0,552ms
[2024-08-04T18:14:05.448+0300][10,755s][info][gc] GC(150) Pause Young (Allocation Failure) 353M->13M(1023M) 0,639ms
[2024-08-04T18:14:05.532+0300][10,839s][info][gc] GC(151) Pause Young (Allocation Failure) 353M->13M(1023M) 0,939ms
[2024-08-04T18:14:05.617+0300][10,925s][info][gc] GC(152) Pause Young (Allocation Failure) 353M->14M(1023M) 0,711ms
[2024-08-04T18:14:05.699+0300][11,006s][info][gc] GC(153) Pause Young (Allocation Failure) 354M->14M(1023M) 0,595ms
[2024-08-04T18:14:05.783+0300][11,090s][info][gc] GC(154) Pause Young (Allocation Failure) 354M->14M(1023M) 0,820ms
[2024-08-04T18:14:05.880+0300][11,187s][info][gc] GC(155) Pause Young (Allocation Failure) 354M->14M(1023M) 1,117ms
[2024-08-04T18:14:05.991+0300][11,298s][info][gc] GC(156) Pause Young (Allocation Failure) 354M->16M(1023M) 1,840ms
[2024-08-04T18:14:06.142+0300][11,449s][info][gc] GC(157) Pause Young (Allocation Failure) 356M->17M(1021M) 1,171ms
[2024-08-04T18:14:06.262+0300][11,569s][info][gc] GC(158) Pause Young (Allocation Failure) 355M->18M(1022M) 1,241ms
[2024-08-04T18:14:06.367+0300][11,674s][info][gc] GC(159) Pause Young (Allocation Failure) 356M->18M(1022M) 1,462ms
[2024-08-04T18:14:06.484+0300][11,791s][info][gc] GC(160) Pause Young (Allocation Failure) 356M->18M(1022M) 1,076ms
[2024-08-04T18:14:06.594+0300][11,901s][info][gc] GC(161) Pause Young (Allocation Failure) 356M->18M(1022M) 0,691ms
[2024-08-04T18:14:06.699+0300][12,006s][info][gc] GC(162) Pause Young (Allocation Failure) 356M->18M(1022M) 0,557ms
[2024-08-04T18:14:06.792+0300][12,100s][info][gc] GC(163) Pause Young (Allocation Failure) 356M->18M(1022M) 0,557ms
[2024-08-04T18:14:06.882+0300][12,189s][info][gc] GC(164) Pause Young (Allocation Failure) 356M->18M(1022M) 0,651ms
[2024-08-04T18:14:06.968+0300][12,275s][info][gc] GC(165) Pause Young (Allocation Failure) 356M->19M(1022M) 0,736ms
[2024-08-04T18:14:07.053+0300][12,361s][info][gc] GC(166) Pause Young (Allocation Failure) 357M->19M(1022M) 0,796ms
[2024-08-04T18:14:07.144+0300][12,452s][info][gc] GC(167) Pause Young (Allocation Failure) 357M->19M(1022M) 0,803ms
[2024-08-04T18:14:07.231+0300][12,539s][info][gc] GC(168) Pause Young (Allocation Failure) 357M->19M(1022M) 0,831ms
[2024-08-04T18:14:07.319+0300][12,626s][info][gc] GC(169) Pause Young (Allocation Failure) 357M->19M(1023M) 0,612ms
[2024-08-04T18:14:07.407+0300][12,715s][info][gc] GC(170) Pause Young (Allocation Failure) 357M->19M(1022M) 0,659ms
[2024-08-04T18:14:07.499+0300][12,806s][info][gc] GC(171) Pause Young (Allocation Failure) 357M->19M(1023M) 1,011ms
[2024-08-04T18:14:07.590+0300][12,898s][info][gc] GC(172) Pause Young (Allocation Failure) 358M->19M(1023M) 0,594ms
[2024-08-04T18:14:07.678+0300][12,985s][info][gc] GC(173) Pause Young (Allocation Failure) 358M->19M(1023M) 0,553ms
[2024-08-04T18:14:07.767+0300][13,074s][info][gc] GC(174) Pause Young (Allocation Failure) 358M->19M(1023M) 0,535ms
[2024-08-04T18:14:07.861+0300][13,169s][info][gc] GC(175) Pause Young (Allocation Failure) 358M->19M(1023M) 0,807ms
[2024-08-04T18:14:07.948+0300][13,256s][info][gc] GC(176) Pause Young (Allocation Failure) 358M->19M(1023M) 0,645ms
[2024-08-04T18:14:08.039+0300][13,347s][info][gc] GC(177) Pause Young (Allocation Failure) 358M->19M(1023M) 0,835ms
[2024-08-04T18:14:08.137+0300][13,444s][info][gc] GC(178) Pause Young (Allocation Failure) 358M->19M(1023M) 0,680ms
[2024-08-04T18:14:08.233+0300][13,540s][info][gc] GC(179) Pause Young (Allocation Failure) 358M->20M(1023M) 0,486ms
[2024-08-04T18:14:08.327+0300][13,634s][info][gc] GC(180) Pause Young (Allocation Failure) 359M->20M(1023M) 0,487ms
[2024-08-04T18:14:08.414+0300][13,721s][info][gc] GC(181) Pause Young (Allocation Failure) 359M->20M(1023M) 0,573ms
[2024-08-04T18:14:08.505+0300][13,812s][info][gc] GC(182) Pause Young (Allocation Failure) 359M->20M(1023M) 0,691ms
[2024-08-04T18:14:08.596+0300][13,904s][info][gc] GC(183) Pause Young (Allocation Failure) 359M->20M(1023M) 0,668ms
[2024-08-04T18:14:08.688+0300][13,995s][info][gc] GC(184) Pause Young (Allocation Failure) 359M->20M(1023M) 0,687ms
[2024-08-04T18:14:08.775+0300][14,083s][info][gc] GC(185) Pause Young (Allocation Failure) 359M->20M(1023M) 0,683ms
[2024-08-04T18:14:08.862+0300][14,169s][info][gc] GC(186) Pause Young (Allocation Failure) 359M->20M(1023M) 0,776ms
[2024-08-04T18:14:08.948+0300][14,256s][info][gc] GC(187) Pause Young (Allocation Failure) 359M->20M(1023M) 0,832ms
[2024-08-04T18:14:09.037+0300][14,344s][info][gc] GC(188) Pause Young (Allocation Failure) 359M->20M(1023M) 0,815ms
[2024-08-04T18:14:09.129+0300][14,437s][info][gc] GC(189) Pause Young (Allocation Failure) 359M->20M(1023M) 0,576ms
[2024-08-04T18:14:09.224+0300][14,532s][info][gc] GC(190) Pause Young (Allocation Failure) 360M->20M(1023M) 0,739ms
[2024-08-04T18:14:09.320+0300][14,628s][info][gc] GC(191) Pause Young (Allocation Failure) 360M->20M(1023M) 0,541ms
[2024-08-04T18:14:09.411+0300][14,718s][info][gc] GC(192) Pause Young (Allocation Failure) 360M->20M(1023M) 0,638ms
[2024-08-04T18:14:09.506+0300][14,814s][info][gc] GC(193) Pause Young (Allocation Failure) 360M->21M(1023M) 0,649ms
[2024-08-04T18:14:09.598+0300][14,905s][info][gc] GC(194) Pause Young (Allocation Failure) 361M->21M(1023M) 0,758ms
[2024-08-04T18:14:09.686+0300][14,993s][info][gc] GC(195) Pause Young (Allocation Failure) 361M->21M(1023M) 0,677ms
[2024-08-04T18:14:09.777+0300][15,084s][info][gc] GC(196) Pause Young (Allocation Failure) 361M->21M(1023M) 0,830ms
[2024-08-04T18:14:09.873+0300][15,180s][info][gc] GC(197) Pause Young (Allocation Failure) 361M->21M(1023M) 0,893ms
[2024-08-04T18:14:09.964+0300][15,272s][info][gc] GC(198) Pause Young (Allocation Failure) 361M->21M(1023M) 0,508ms
[2024-08-04T18:14:10.055+0300][15,363s][info][gc] GC(199) Pause Young (Allocation Failure) 361M->21M(1023M) 0,716ms
[2024-08-04T18:14:10.143+0300][15,451s][info][gc] GC(200) Pause Young (Allocation Failure) 361M->21M(1023M) 0,586ms
[2024-08-04T18:14:10.232+0300][15,539s][info][gc] GC(201) Pause Young (Allocation Failure) 361M->21M(1023M) 0,583ms
[2024-08-04T18:14:10.323+0300][15,631s][info][gc] GC(202) Pause Young (Allocation Failure) 361M->21M(1023M) 0,771ms
[2024-08-04T18:14:10.418+0300][15,725s][info][gc] GC(203) Pause Young (Allocation Failure) 361M->21M(1023M) 0,657ms
[2024-08-04T18:14:10.527+0300][15,835s][info][gc] GC(204) Pause Young (Allocation Failure) 361M->21M(1023M) 0,518ms
[2024-08-04T18:14:10.618+0300][15,925s][info][gc] GC(205) Pause Young (Allocation Failure) 361M->21M(1023M) 0,840ms
[2024-08-04T18:14:10.710+0300][16,018s][info][gc] GC(206) Pause Young (Allocation Failure) 361M->21M(1023M) 0,638ms
[2024-08-04T18:14:10.804+0300][16,112s][info][gc] GC(207) Pause Young (Allocation Failure) 361M->22M(1023M) 0,943ms
[2024-08-04T18:14:10.897+0300][16,205s][info][gc] GC(208) Pause Young (Allocation Failure) 362M->22M(1023M) 0,696ms
[2024-08-04T18:14:10.990+0300][16,298s][info][gc] GC(209) Pause Young (Allocation Failure) 362M->22M(1023M) 0,765ms
[2024-08-04T18:14:11.084+0300][16,391s][info][gc] GC(210) Pause Young (Allocation Failure) 362M->22M(1023M) 0,692ms
[2024-08-04T18:14:11.180+0300][16,488s][info][gc] GC(211) Pause Young (Allocation Failure) 362M->22M(1023M) 0,605ms
[2024-08-04T18:14:11.280+0300][16,588s][info][gc] GC(212) Pause Young (Allocation Failure) 362M->22M(1023M) 0,747ms
[2024-08-04T18:14:11.377+0300][16,685s][info][gc] GC(213) Pause Young (Allocation Failure) 362M->22M(1023M) 0,707ms
[2024-08-04T18:14:11.475+0300][16,782s][info][gc] GC(214) Pause Young (Allocation Failure) 362M->22M(1023M) 0,600ms
[2024-08-04T18:14:11.569+0300][16,877s][info][gc] GC(215) Pause Young (Allocation Failure) 362M->22M(1023M) 0,725ms
[2024-08-04T18:14:11.664+0300][16,971s][info][gc] GC(216) Pause Young (Allocation Failure) 362M->22M(1023M) 0,894ms
[2024-08-04T18:14:11.761+0300][17,068s][info][gc] GC(217) Pause Young (Allocation Failure) 362M->22M(1023M) 0,699ms
[2024-08-04T18:14:11.862+0300][17,169s][info][gc] GC(218) Pause Young (Allocation Failure) 362M->22M(1023M) 0,610ms
[2024-08-04T18:14:11.964+0300][17,271s][info][gc] GC(219) Pause Young (Allocation Failure) 362M->22M(1023M) 0,654ms
[2024-08-04T18:14:12.055+0300][17,362s][info][gc] GC(220) Pause Young (Allocation Failure) 362M->22M(1023M) 0,732ms
[2024-08-04T18:14:12.150+0300][17,457s][info][gc] GC(221) Pause Young (Allocation Failure) 362M->22M(1023M) 0,584ms
[2024-08-04T18:14:12.249+0300][17,556s][info][gc] GC(222) Pause Young (Allocation Failure) 362M->22M(1023M) 0,761ms
[2024-08-04T18:14:12.347+0300][17,654s][info][gc] GC(223) Pause Young (Allocation Failure) 362M->23M(1023M) 0,857ms
[2024-08-04T18:14:12.446+0300][17,754s][info][gc] GC(224) Pause Young (Allocation Failure) 363M->23M(1023M) 0,700ms
[2024-08-04T18:14:12.547+0300][17,854s][info][gc] GC(225) Pause Young (Allocation Failure) 363M->23M(1023M) 0,930ms
[2024-08-04T18:14:12.687+0300][17,994s][info][gc] GC(226) Pause Young (Allocation Failure) 363M->23M(1023M) 1,436ms
[2024-08-04T18:14:12.767+0300][18,075s][info][gc] GC(227) Pause Young (Allocation Failure) 363M->23M(1023M) 2,243ms
[2024-08-04T18:14:12.839+0300][18,147s][info][gc] GC(228) Pause Young (Allocation Failure) 363M->23M(1023M) 1,755ms
[2024-08-04T18:14:12.910+0300][18,217s][info][gc] GC(229) Pause Young (Allocation Failure) 363M->23M(1023M) 1,590ms
[2024-08-04T18:14:12.975+0300][18,282s][info][gc] GC(230) Pause Young (Allocation Failure) 363M->23M(1023M) 1,384ms
[2024-08-04T18:14:13.041+0300][18,348s][info][gc] GC(231) Pause Young (Allocation Failure) 363M->23M(1023M) 1,390ms
[2024-08-04T18:14:13.105+0300][18,413s][info][gc] GC(232) Pause Young (Allocation Failure) 363M->23M(1023M) 1,150ms
[2024-08-04T18:14:13.169+0300][18,477s][info][gc] GC(233) Pause Young (Allocation Failure) 363M->24M(1023M) 0,947ms
[2024-08-04T18:14:13.227+0300][18,535s][info][gc] GC(234) Pause Young (Allocation Failure) 364M->24M(1023M) 1,056ms
[2024-08-04T18:14:13.285+0300][18,592s][info][gc] GC(235) Pause Young (Allocation Failure) 364M->24M(1023M) 0,888ms
[2024-08-04T18:14:13.348+0300][18,655s][info][gc] GC(236) Pause Young (Allocation Failure) 364M->24M(1023M) 1,074ms
[2024-08-04T18:14:13.411+0300][18,719s][info][gc] GC(237) Pause Young (Allocation Failure) 364M->24M(1023M) 0,775ms
[2024-08-04T18:14:13.475+0300][18,782s][info][gc] GC(238) Pause Young (Allocation Failure) 364M->24M(1023M) 0,960ms
[2024-08-04T18:14:13.532+0300][18,839s][info][gc] GC(239) Pause Young (Allocation Failure) 364M->24M(1023M) 1,079ms
[2024-08-04T18:14:13.589+0300][18,897s][info][gc] GC(240) Pause Young (Allocation Failure) 364M->24M(1023M) 1,002ms
[2024-08-04T18:14:13.647+0300][18,954s][info][gc] GC(241) Pause Young (Allocation Failure) 364M->24M(1023M) 1,093ms
[2024-08-04T18:14:13.710+0300][19,017s][info][gc] GC(242) Pause Young (Allocation Failure) 364M->24M(1023M) 0,916ms
[2024-08-04T18:14:13.770+0300][19,078s][info][gc] GC(243) Pause Young (Allocation Failure) 364M->24M(1023M) 1,161ms
[2024-08-04T18:14:13.829+0300][19,137s][info][gc] GC(244) Pause Young (Allocation Failure) 364M->24M(1023M) 0,922ms
[2024-08-04T18:14:13.891+0300][19,199s][info][gc] GC(245) Pause Young (Allocation Failure) 364M->24M(1023M) 0,768ms
[2024-08-04T18:14:13.950+0300][19,258s][info][gc] GC(246) Pause Young (Allocation Failure) 364M->25M(1023M) 1,020ms
[2024-08-04T18:14:14.004+0300][19,312s][info][gc] GC(247) Pause Young (Allocation Failure) 365M->25M(1023M) 0,988ms
[2024-08-04T18:14:14.062+0300][19,369s][info][gc] GC(248) Pause Young (Allocation Failure) 365M->25M(1023M) 1,046ms
[2024-08-04T18:14:14.124+0300][19,431s][info][gc] GC(249) Pause Young (Allocation Failure) 365M->25M(1023M) 0,941ms
[2024-08-04T18:14:14.186+0300][19,493s][info][gc] GC(250) Pause Young (Allocation Failure) 365M->25M(1023M) 0,693ms
[2024-08-04T18:14:14.246+0300][19,554s][info][gc] GC(251) Pause Young (Allocation Failure) 365M->25M(1023M) 0,951ms
[2024-08-04T18:14:14.310+0300][19,617s][info][gc] GC(252) Pause Young (Allocation Failure) 365M->25M(1023M) 0,915ms
[2024-08-04T18:14:14.367+0300][19,674s][info][gc] GC(253) Pause Young (Allocation Failure) 365M->25M(1023M) 0,882ms
[2024-08-04T18:14:14.430+0300][19,737s][info][gc] GC(254) Pause Young (Allocation Failure) 365M->25M(1023M) 0,948ms
[2024-08-04T18:14:14.493+0300][19,800s][info][gc] GC(255) Pause Young (Allocation Failure) 365M->25M(1023M) 0,851ms
[2024-08-04T18:14:14.556+0300][19,863s][info][gc] GC(256) Pause Young (Allocation Failure) 365M->25M(1023M) 0,939ms
[2024-08-04T18:14:14.619+0300][19,926s][info][gc] GC(257) Pause Young (Allocation Failure) 365M->25M(1023M) 0,884ms
[2024-08-04T18:14:14.681+0300][19,988s][info][gc] GC(258) Pause Young (Allocation Failure) 365M->25M(1023M) 0,917ms
[2024-08-04T18:14:14.744+0300][20,051s][info][gc] GC(259) Pause Young (Allocation Failure) 365M->25M(1023M) 0,870ms
[2024-08-04T18:14:14.807+0300][20,114s][info][gc] GC(260) Pause Young (Allocation Failure) 365M->25M(1023M) 0,894ms
[2024-08-04T18:14:14.870+0300][20,177s][info][gc] GC(261) Pause Young (Allocation Failure) 365M->26M(1023M) 0,839ms
[2024-08-04T18:14:14.933+0300][20,241s][info][gc] GC(262) Pause Young (Allocation Failure) 366M->26M(1023M) 1,001ms
[2024-08-04T18:14:14.990+0300][20,297s][info][gc] GC(263) Pause Young (Allocation Failure) 366M->26M(1023M) 0,865ms
[2024-08-04T18:14:15.051+0300][20,358s][info][gc] GC(264) Pause Young (Allocation Failure) 366M->26M(1023M) 0,805ms
[2024-08-04T18:14:15.114+0300][20,421s][info][gc] GC(265) Pause Young (Allocation Failure) 366M->26M(1023M) 0,837ms
[2024-08-04T18:14:15.177+0300][20,484s][info][gc] GC(266) Pause Young (Allocation Failure) 366M->26M(1023M) 0,888ms
[2024-08-04T18:14:15.249+0300][20,557s][info][gc] GC(267) Pause Young (Allocation Failure) 366M->26M(1023M) 0,735ms
[2024-08-04T18:14:15.324+0300][20,631s][info][gc] GC(268) Pause Young (Allocation Failure) 366M->26M(1023M) 0,690ms
[2024-08-04T18:14:15.387+0300][20,694s][info][gc] GC(269) Pause Young (Allocation Failure) 366M->26M(1023M) 1,040ms
[2024-08-04T18:14:15.462+0300][20,770s][info][gc] GC(270) Pause Young (Allocation Failure) 366M->26M(1023M) 0,710ms
[2024-08-04T18:14:15.525+0300][20,832s][info][gc] GC(271) Pause Young (Allocation Failure) 366M->26M(1023M) 0,872ms
[2024-08-04T18:14:15.588+0300][20,895s][info][gc] GC(272) Pause Young (Allocation Failure) 366M->26M(1023M) 0,690ms
[2024-08-04T18:14:15.651+0300][20,959s][info][gc] GC(273) Pause Young (Allocation Failure) 366M->26M(1023M) 0,571ms
[2024-08-04T18:14:15.709+0300][21,017s][info][gc] GC(274) Pause Young (Allocation Failure) 366M->26M(1023M) 0,538ms
[2024-08-04T18:14:15.775+0300][21,083s][info][gc] GC(275) Pause Young (Allocation Failure) 366M->27M(1023M) 0,638ms
[2024-08-04T18:14:15.847+0300][21,154s][info][gc] GC(276) Pause Young (Allocation Failure) 367M->27M(1023M) 0,717ms
[2024-08-04T18:14:15.912+0300][21,219s][info][gc] GC(277) Pause Young (Allocation Failure) 367M->27M(1023M) 0,596ms
[2024-08-04T18:14:15.982+0300][21,289s][info][gc] GC(278) Pause Young (Allocation Failure) 367M->27M(1023M) 0,744ms
[2024-08-04T18:14:16.042+0300][21,349s][info][gc] GC(279) Pause Young (Allocation Failure) 367M->27M(1023M) 0,849ms
[2024-08-04T18:14:16.105+0300][21,413s][info][gc] GC(280) Pause Young (Allocation Failure) 367M->27M(1023M) 0,701ms
[2024-08-04T18:14:16.174+0300][21,482s][info][gc] GC(281) Pause Young (Allocation Failure) 367M->27M(1023M) 0,792ms
[2024-08-04T18:14:16.236+0300][21,543s][info][gc] GC(282) Pause Young (Allocation Failure) 367M->27M(1023M) 0,820ms
[2024-08-04T18:14:16.298+0300][21,605s][info][gc] GC(283) Pause Young (Allocation Failure) 367M->27M(1023M) 0,870ms
[2024-08-04T18:14:16.360+0300][21,667s][info][gc] GC(284) Pause Young (Allocation Failure) 367M->27M(1023M) 0,912ms
[2024-08-04T18:14:16.421+0300][21,729s][info][gc] GC(285) Pause Young (Allocation Failure) 367M->27M(1023M) 0,737ms
[2024-08-04T18:14:16.491+0300][21,798s][info][gc] GC(286) Pause Young (Allocation Failure) 367M->27M(1023M) 0,936ms
[2024-08-04T18:14:16.558+0300][21,866s][info][gc] GC(287) Pause Young (Allocation Failure) 367M->27M(1023M) 0,819ms
[2024-08-04T18:14:16.627+0300][21,934s][info][gc] GC(288) Pause Young (Allocation Failure) 367M->27M(1023M) 0,828ms
[2024-08-04T18:14:16.690+0300][21,997s][info][gc] GC(289) Pause Young (Allocation Failure) 367M->28M(1023M) 0,553ms
[2024-08-04T18:14:16.751+0300][22,058s][info][gc] GC(290) Pause Young (Allocation Failure) 368M->28M(1023M) 0,903ms
[2024-08-04T18:14:16.812+0300][22,119s][info][gc] GC(291) Pause Young (Allocation Failure) 368M->28M(1023M) 0,861ms
[2024-08-04T18:14:16.879+0300][22,186s][info][gc] GC(292) Pause Young (Allocation Failure) 368M->28M(1023M) 0,952ms
[2024-08-04T18:14:16.941+0300][22,248s][info][gc] GC(293) Pause Young (Allocation Failure) 368M->28M(1023M) 0,634ms
[2024-08-04T18:14:17.008+0300][22,316s][info][gc] GC(294) Pause Young (Allocation Failure) 368M->28M(1023M) 0,869ms
[2024-08-04T18:14:17.077+0300][22,385s][info][gc] GC(295) Pause Young (Allocation Failure) 368M->28M(1023M) 0,821ms
[2024-08-04T18:14:17.149+0300][22,456s][info][gc] GC(296) Pause Young (Allocation Failure) 368M->28M(1023M) 0,808ms
[2024-08-04T18:14:17.220+0300][22,527s][info][gc] GC(297) Pause Young (Allocation Failure) 368M->28M(1023M) 0,802ms
[2024-08-04T18:14:17.290+0300][22,597s][info][gc] GC(298) Pause Young (Allocation Failure) 368M->28M(1023M) 0,691ms
[2024-08-04T18:14:17.354+0300][22,661s][info][gc] GC(299) Pause Young (Allocation Failure) 368M->28M(1023M) 0,846ms
[2024-08-04T18:14:17.430+0300][22,737s][info][gc] GC(300) Pause Young (Allocation Failure) 368M->28M(1023M) 0,587ms
[2024-08-04T18:14:17.502+0300][22,810s][info][gc] GC(301) Pause Young (Allocation Failure) 368M->28M(1023M) 0,856ms
[2024-08-04T18:14:17.575+0300][22,882s][info][gc] GC(302) Pause Young (Allocation Failure) 368M->28M(1023M) 0,650ms
[2024-08-04T18:14:17.643+0300][22,951s][info][gc] GC(303) Pause Young (Allocation Failure) 368M->29M(1023M) 0,686ms
[2024-08-04T18:14:17.717+0300][23,025s][info][gc] GC(304) Pause Young (Allocation Failure) 369M->29M(1023M) 0,730ms
[2024-08-04T18:14:17.786+0300][23,093s][info][gc] GC(305) Pause Young (Allocation Failure) 369M->29M(1023M) 0,639ms
[2024-08-04T18:14:17.854+0300][23,161s][info][gc] GC(306) Pause Young (Allocation Failure) 369M->29M(1023M) 0,843ms
[2024-08-04T18:14:17.922+0300][23,229s][info][gc] GC(307) Pause Young (Allocation Failure) 369M->29M(1023M) 0,995ms
[2024-08-04T18:14:17.990+0300][23,297s][info][gc] GC(308) Pause Young (Allocation Failure) 369M->29M(1023M) 0,907ms
[2024-08-04T18:14:18.059+0300][23,366s][info][gc] GC(309) Pause Young (Allocation Failure) 369M->29M(1023M) 0,822ms
[2024-08-04T18:14:18.130+0300][23,437s][info][gc] GC(310) Pause Young (Allocation Failure) 369M->29M(1023M) 0,942ms
[2024-08-04T18:14:18.204+0300][23,512s][info][gc] GC(311) Pause Young (Allocation Failure) 369M->29M(1023M) 0,829ms
[2024-08-04T18:14:18.280+0300][23,587s][info][gc] GC(312) Pause Young (Allocation Failure) 369M->29M(1023M) 0,878ms
[2024-08-04T18:14:18.355+0300][23,663s][info][gc] GC(313) Pause Young (Allocation Failure) 369M->29M(1023M) 0,679ms
[2024-08-04T18:14:18.427+0300][23,735s][info][gc] GC(314) Pause Young (Allocation Failure) 369M->29M(1023M) 0,593ms
[2024-08-04T18:14:18.499+0300][23,806s][info][gc] GC(315) Pause Young (Allocation Failure) 369M->29M(1023M) 1,064ms
[2024-08-04T18:14:18.569+0300][23,877s][info][gc] GC(316) Pause Young (Allocation Failure) 369M->29M(1023M) 0,662ms
[2024-08-04T18:14:18.647+0300][23,955s][info][gc] GC(317) Pause Young (Allocation Failure) 369M->29M(1023M) 0,755ms
[2024-08-04T18:14:18.725+0300][24,032s][info][gc] GC(318) Pause Young (Allocation Failure) 369M->30M(1023M) 0,800ms
[2024-08-04T18:14:18.796+0300][24,104s][info][gc] GC(319) Pause Young (Allocation Failure) 370M->30M(1023M) 0,543ms
[2024-08-04T18:14:18.872+0300][24,180s][info][gc] GC(320) Pause Young (Allocation Failure) 370M->30M(1023M) 0,744ms
[2024-08-04T18:14:18.952+0300][24,259s][info][gc] GC(321) Pause Young (Allocation Failure) 370M->30M(1023M) 0,728ms
[2024-08-04T18:14:19.030+0300][24,337s][info][gc] GC(322) Pause Young (Allocation Failure) 370M->30M(1023M) 0,678ms
[2024-08-04T18:14:19.102+0300][24,410s][info][gc] GC(323) Pause Young (Allocation Failure) 370M->30M(1023M) 0,481ms
[2024-08-04T18:14:19.176+0300][24,483s][info][gc] GC(324) Pause Young (Allocation Failure) 370M->30M(1023M) 0,759ms
[2024-08-04T18:14:19.256+0300][24,563s][info][gc] GC(325) Pause Young (Allocation Failure) 370M->30M(1023M) 0,526ms
[2024-08-04T18:14:19.332+0300][24,639s][info][gc] GC(326) Pause Young (Allocation Failure) 370M->30M(1023M) 0,563ms
[2024-08-04T18:14:19.406+0300][24,713s][info][gc] GC(327) Pause Young (Allocation Failure) 370M->30M(1023M) 0,783ms
[2024-08-04T18:14:19.488+0300][24,795s][info][gc] GC(328) Pause Young (Allocation Failure) 370M->30M(1023M) 0,656ms
[2024-08-04T18:14:19.570+0300][24,877s][info][gc] GC(329) Pause Young (Allocation Failure) 370M->30M(1023M) 0,635ms
[2024-08-04T18:14:19.652+0300][24,960s][info][gc] GC(330) Pause Young (Allocation Failure) 370M->30M(1023M) 0,594ms
[2024-08-04T18:14:19.733+0300][25,041s][info][gc] GC(331) Pause Young (Allocation Failure) 370M->30M(1023M) 0,583ms
[2024-08-04T18:14:19.812+0300][25,119s][info][gc] GC(332) Pause Young (Allocation Failure) 370M->31M(1023M) 0,655ms
[2024-08-04T18:14:19.896+0300][25,204s][info][gc] GC(333) Pause Young (Allocation Failure) 371M->31M(1023M) 0,633ms
[2024-08-04T18:14:19.975+0300][25,282s][info][gc] GC(334) Pause Young (Allocation Failure) 371M->31M(1023M) 0,798ms
[2024-08-04T18:14:20.053+0300][25,361s][info][gc] GC(335) Pause Young (Allocation Failure) 371M->31M(1023M) 0,829ms
[2024-08-04T18:14:20.132+0300][25,439s][info][gc] GC(336) Pause Young (Allocation Failure) 371M->31M(1023M) 0,692ms
[2024-08-04T18:14:20.212+0300][25,520s][info][gc] GC(337) Pause Young (Allocation Failure) 371M->31M(1023M) 0,552ms
[2024-08-04T18:14:20.294+0300][25,601s][info][gc] GC(338) Pause Young (Allocation Failure) 371M->31M(1023M) 0,730ms
[2024-08-04T18:14:20.371+0300][25,679s][info][gc] GC(339) Pause Young (Allocation Failure) 371M->31M(1023M) 0,672ms
[2024-08-04T18:14:20.458+0300][25,765s][info][gc] GC(340) Pause Young (Allocation Failure) 371M->31M(1023M) 0,716ms
[2024-08-04T18:14:20.543+0300][25,851s][info][gc] GC(341) Pause Young (Allocation Failure) 371M->31M(1023M) 0,579ms
[2024-08-04T18:14:20.626+0300][25,933s][info][gc] GC(342) Pause Young (Allocation Failure) 371M->31M(1023M) 0,709ms
[2024-08-04T18:14:20.711+0300][26,018s][info][gc] GC(343) Pause Young (Allocation Failure) 371M->31M(1023M) 0,750ms
[2024-08-04T18:14:20.794+0300][26,102s][info][gc] GC(344) Pause Young (Allocation Failure) 371M->31M(1023M) 0,807ms
[2024-08-04T18:14:20.873+0300][26,181s][info][gc] GC(345) Pause Young (Allocation Failure) 371M->31M(1023M) 0,742ms
[2024-08-04T18:14:20.957+0300][26,264s][info][gc] GC(346) Pause Young (Allocation Failure) 371M->31M(1023M) 0,788ms
[2024-08-04T18:14:21.041+0300][26,348s][info][gc] GC(347) Pause Young (Allocation Failure) 371M->32M(1023M) 0,699ms
[2024-08-04T18:14:21.120+0300][26,427s][info][gc] GC(348) Pause Young (Allocation Failure) 372M->32M(1023M) 0,748ms
[2024-08-04T18:14:21.199+0300][26,506s][info][gc] GC(349) Pause Young (Allocation Failure) 372M->32M(1023M) 0,725ms
[2024-08-04T18:14:21.279+0300][26,587s][info][gc] GC(350) Pause Young (Allocation Failure) 372M->32M(1023M) 0,631ms
[2024-08-04T18:14:21.364+0300][26,672s][info][gc] GC(351) Pause Young (Allocation Failure) 372M->32M(1023M) 0,801ms
[2024-08-04T18:14:21.449+0300][26,756s][info][gc] GC(352) Pause Young (Allocation Failure) 372M->32M(1023M) 0,742ms
[2024-08-04T18:14:21.533+0300][26,840s][info][gc] GC(353) Pause Young (Allocation Failure) 372M->32M(1023M) 0,769ms
[2024-08-04T18:14:21.614+0300][26,921s][info][gc] GC(354) Pause Young (Allocation Failure) 372M->32M(1023M) 0,500ms
[2024-08-04T18:14:21.694+0300][27,002s][info][gc] GC(355) Pause Young (Allocation Failure) 372M->32M(1023M) 0,768ms
[2024-08-04T18:14:21.775+0300][27,083s][info][gc] GC(356) Pause Young (Allocation Failure) 372M->32M(1023M) 0,875ms
[2024-08-04T18:14:21.857+0300][27,164s][info][gc] GC(357) Pause Young (Allocation Failure) 372M->32M(1023M) 0,749ms
[2024-08-04T18:14:21.938+0300][27,246s][info][gc] GC(358) Pause Young (Allocation Failure) 372M->32M(1023M) 0,771ms
[2024-08-04T18:14:22.025+0300][27,332s][info][gc] GC(359) Pause Young (Allocation Failure) 372M->32M(1023M) 0,914ms
[2024-08-04T18:14:22.111+0300][27,418s][info][gc] GC(360) Pause Young (Allocation Failure) 372M->32M(1023M) 0,691ms
[2024-08-04T18:14:22.192+0300][27,500s][info][gc] GC(361) Pause Young (Allocation Failure) 372M->32M(1023M) 0,812ms
[2024-08-04T18:14:22.275+0300][27,582s][info][gc] GC(362) Pause Young (Allocation Failure) 372M->33M(1023M) 0,804ms
[2024-08-04T18:14:22.361+0300][27,669s][info][gc] GC(363) Pause Young (Allocation Failure) 373M->33M(1023M) 0,644ms
[2024-08-04T18:14:22.452+0300][27,759s][info][gc] GC(364) Pause Young (Allocation Failure) 373M->33M(1023M) 0,590ms
[2024-08-04T18:14:22.541+0300][27,848s][info][gc] GC(365) Pause Young (Allocation Failure) 373M->33M(1023M) 0,767ms
[2024-08-04T18:14:22.631+0300][27,938s][info][gc] GC(366) Pause Young (Allocation Failure) 373M->33M(1023M) 0,863ms
[2024-08-04T18:14:22.720+0300][28,027s][info][gc] GC(367) Pause Young (Allocation Failure) 373M->33M(1023M) 0,669ms
[2024-08-04T18:14:22.806+0300][28,113s][info][gc] GC(368) Pause Young (Allocation Failure) 373M->33M(1023M) 0,690ms
[2024-08-04T18:14:22.891+0300][28,198s][info][gc] GC(369) Pause Young (Allocation Failure) 373M->33M(1023M) 0,837ms
[2024-08-04T18:14:22.977+0300][28,285s][info][gc] GC(370) Pause Young (Allocation Failure) 373M->33M(1023M) 0,635ms
[2024-08-04T18:14:23.066+0300][28,373s][info][gc] GC(371) Pause Young (Allocation Failure) 373M->33M(1023M) 0,604ms
[2024-08-04T18:14:23.152+0300][28,459s][info][gc] GC(372) Pause Young (Allocation Failure) 373M->33M(1023M) 0,575ms
[2024-08-04T18:14:23.238+0300][28,546s][info][gc] GC(373) Pause Young (Allocation Failure) 373M->33M(1023M) 0,494ms
[2024-08-04T18:14:23.329+0300][28,636s][info][gc] GC(374) Pause Young (Allocation Failure) 373M->33M(1023M) 0,481ms
[2024-08-04T18:14:23.416+0300][28,723s][info][gc] GC(375) Pause Young (Allocation Failure) 373M->34M(1023M) 0,690ms
[2024-08-04T18:14:23.504+0300][28,811s][info][gc] GC(376) Pause Young (Allocation Failure) 374M->34M(1023M) 0,567ms
[2024-08-04T18:14:23.591+0300][28,898s][info][gc] GC(377) Pause Young (Allocation Failure) 374M->34M(1023M) 0,898ms
[2024-08-04T18:14:23.682+0300][28,990s][info][gc] GC(378) Pause Young (Allocation Failure) 374M->34M(1023M) 0,776ms
[2024-08-04T18:14:23.773+0300][29,080s][info][gc] GC(379) Pause Young (Allocation Failure) 374M->34M(1023M) 0,817ms
[2024-08-04T18:14:23.865+0300][29,172s][info][gc] GC(380) Pause Young (Allocation Failure) 374M->34M(1023M) 0,774ms
[2024-08-04T18:14:23.955+0300][29,262s][info][gc] GC(381) Pause Young (Allocation Failure) 374M->34M(1023M) 0,558ms
[2024-08-04T18:14:24.047+0300][29,354s][info][gc] GC(382) Pause Young (Allocation Failure) 374M->34M(1023M) 0,646ms
[2024-08-04T18:14:24.135+0300][29,443s][info][gc] GC(383) Pause Young (Allocation Failure) 374M->34M(1023M) 0,745ms
[2024-08-04T18:14:24.224+0300][29,532s][info][gc] GC(384) Pause Young (Allocation Failure) 374M->34M(1023M) 0,586ms
[2024-08-04T18:14:24.313+0300][29,620s][info][gc] GC(385) Pause Young (Allocation Failure) 374M->34M(1023M) 0,497ms
[2024-08-04T18:14:24.401+0300][29,708s][info][gc] GC(386) Pause Young (Allocation Failure) 374M->34M(1023M) 0,526ms
[2024-08-04T18:14:24.494+0300][29,801s][info][gc] GC(387) Pause Young (Allocation Failure) 374M->34M(1023M) 0,677ms
[2024-08-04T18:14:24.585+0300][29,893s][info][gc] GC(388) Pause Young (Allocation Failure) 374M->34M(1023M) 0,789ms
[2024-08-04T18:14:24.672+0300][29,980s][info][gc] GC(389) Pause Young (Allocation Failure) 374M->35M(1023M) 0,775ms
[2024-08-04T18:14:24.760+0300][30,067s][info][gc] GC(390) Pause Young (Allocation Failure) 375M->35M(1023M) 0,749ms
[2024-08-04T18:14:24.846+0300][30,154s][info][gc] GC(391) Pause Young (Allocation Failure) 375M->35M(1023M) 0,737ms
[2024-08-04T18:14:24.938+0300][30,245s][info][gc] GC(392) Pause Young (Allocation Failure) 375M->35M(1023M) 0,776ms
[2024-08-04T18:14:25.030+0300][30,338s][info][gc] GC(393) Pause Young (Allocation Failure) 375M->35M(1023M) 0,884ms
[2024-08-04T18:14:25.122+0300][30,430s][info][gc] GC(394) Pause Young (Allocation Failure) 375M->35M(1023M) 0,812ms
[2024-08-04T18:14:25.209+0300][30,517s][info][gc] GC(395) Pause Young (Allocation Failure) 375M->35M(1023M) 0,575ms
[2024-08-04T18:14:25.301+0300][30,609s][info][gc] GC(396) Pause Young (Allocation Failure) 375M->35M(1023M) 0,787ms
[2024-08-04T18:14:25.389+0300][30,697s][info][gc] GC(397) Pause Young (Allocation Failure) 375M->35M(1023M) 0,763ms
[2024-08-04T18:14:25.481+0300][30,789s][info][gc] GC(398) Pause Young (Allocation Failure) 375M->35M(1023M) 0,960ms
[2024-08-04T18:14:25.573+0300][30,881s][info][gc] GC(399) Pause Young (Allocation Failure) 375M->35M(1023M) 0,674ms
[2024-08-04T18:14:25.665+0300][30,973s][info][gc] GC(400) Pause Young (Allocation Failure) 375M->35M(1023M) 0,532ms
[2024-08-04T18:14:25.756+0300][31,063s][info][gc] GC(401) Pause Young (Allocation Failure) 375M->35M(1023M) 0,938ms
[2024-08-04T18:14:25.848+0300][31,156s][info][gc] GC(402) Pause Young (Allocation Failure) 375M->35M(1023M) 0,754ms
[2024-08-04T18:14:25.941+0300][31,249s][info][gc] GC(403) Pause Young (Allocation Failure) 375M->36M(1023M) 0,948ms
[2024-08-04T18:14:26.030+0300][31,338s][info][gc] GC(404) Pause Young (Allocation Failure) 376M->36M(1023M) 0,813ms
[2024-08-04T18:14:26.118+0300][31,426s][info][gc] GC(405) Pause Young (Allocation Failure) 376M->36M(1023M) 0,787ms
[2024-08-04T18:14:26.207+0300][31,514s][info][gc] GC(406) Pause Young (Allocation Failure) 376M->36M(1023M) 0,641ms
[2024-08-04T18:14:26.301+0300][31,608s][info][gc] GC(407) Pause Young (Allocation Failure) 376M->36M(1023M) 0,890ms
[2024-08-04T18:14:26.390+0300][31,697s][info][gc] GC(408) Pause Young (Allocation Failure) 376M->36M(1023M) 0,751ms
[2024-08-04T18:14:26.484+0300][31,792s][info][gc] GC(409) Pause Young (Allocation Failure) 376M->36M(1023M) 0,695ms
[2024-08-04T18:14:26.578+0300][31,886s][info][gc] GC(410) Pause Young (Allocation Failure) 376M->36M(1023M) 0,729ms
[2024-08-04T18:14:26.672+0300][31,979s][info][gc] GC(411) Pause Young (Allocation Failure) 376M->36M(1023M) 0,824ms
[2024-08-04T18:14:26.761+0300][32,068s][info][gc] GC(412) Pause Young (Allocation Failure) 376M->36M(1023M) 0,766ms
[2024-08-04T18:14:26.855+0300][32,162s][info][gc] GC(413) Pause Young (Allocation Failure) 376M->36M(1023M) 0,724ms
[2024-08-04T18:14:26.949+0300][32,257s][info][gc] GC(414) Pause Young (Allocation Failure) 376M->36M(1023M) 0,738ms
[2024-08-04T18:14:27.044+0300][32,352s][info][gc] GC(415) Pause Young (Allocation Failure) 376M->36M(1023M) 0,917ms
[2024-08-04T18:14:27.134+0300][32,441s][info][gc] GC(416) Pause Young (Allocation Failure) 376M->36M(1023M) 0,773ms
[2024-08-04T18:14:27.228+0300][32,535s][info][gc] GC(417) Pause Young (Allocation Failure) 376M->36M(1023M) 0,818ms
[2024-08-04T18:14:27.322+0300][32,630s][info][gc] GC(418) Pause Young (Allocation Failure) 376M->36M(1023M) 0,704ms
[2024-08-04T18:14:27.419+0300][32,726s][info][gc] GC(419) Pause Young (Allocation Failure) 376M->37M(1023M) 0,618ms
[2024-08-04T18:14:27.515+0300][32,822s][info][gc] GC(420) Pause Young (Allocation Failure) 377M->37M(1023M) 0,842ms
[2024-08-04T18:14:27.610+0300][32,918s][info][gc] GC(421) Pause Young (Allocation Failure) 377M->37M(1023M) 0,767ms
[2024-08-04T18:14:27.705+0300][33,013s][info][gc] GC(422) Pause Young (Allocation Failure) 377M->37M(1023M) 0,887ms
[2024-08-04T18:14:27.801+0300][33,108s][info][gc] GC(423) Pause Young (Allocation Failure) 377M->37M(1023M) 0,917ms
[2024-08-04T18:14:27.891+0300][33,198s][info][gc] GC(424) Pause Young (Allocation Failure) 377M->37M(1023M) 0,816ms
[2024-08-04T18:14:27.984+0300][33,291s][info][gc] GC(425) Pause Young (Allocation Failure) 377M->37M(1023M) 0,673ms
[2024-08-04T18:14:28.078+0300][33,385s][info][gc] GC(426) Pause Young (Allocation Failure) 377M->37M(1023M) 0,574ms
[2024-08-04T18:14:28.176+0300][33,484s][info][gc] GC(427) Pause Young (Allocation Failure) 377M->37M(1023M) 0,952ms
[2024-08-04T18:14:28.271+0300][33,578s][info][gc] GC(428) Pause Young (Allocation Failure) 377M->37M(1023M) 0,583ms
[2024-08-04T18:14:28.365+0300][33,672s][info][gc] GC(429) Pause Young (Allocation Failure) 377M->37M(1023M) 0,719ms
[2024-08-04T18:14:28.460+0300][33,768s][info][gc] GC(430) Pause Young (Allocation Failure) 377M->37M(1023M) 0,595ms
[2024-08-04T18:14:28.551+0300][33,859s][info][gc] GC(431) Pause Young (Allocation Failure) 377M->37M(1023M) 0,666ms
[2024-08-04T18:14:28.647+0300][33,954s][info][gc] GC(432) Pause Young (Allocation Failure) 377M->37M(1023M) 0,745ms
[2024-08-04T18:14:28.742+0300][34,050s][info][gc] GC(433) Pause Young (Allocation Failure) 377M->38M(1023M) 0,829ms
[2024-08-04T18:14:28.834+0300][34,141s][info][gc] GC(434) Pause Young (Allocation Failure) 378M->38M(1023M) 0,688ms
[2024-08-04T18:14:28.929+0300][34,237s][info][gc] GC(435) Pause Young (Allocation Failure) 378M->38M(1023M) 0,793ms
[2024-08-04T18:14:29.025+0300][34,332s][info][gc] GC(436) Pause Young (Allocation Failure) 378M->38M(1023M) 0,966ms
[2024-08-04T18:14:29.121+0300][34,428s][info][gc] GC(437) Pause Young (Allocation Failure) 378M->38M(1023M) 0,559ms
[2024-08-04T18:14:29.212+0300][34,520s][info][gc] GC(438) Pause Young (Allocation Failure) 378M->38M(1023M) 0,828ms
[2024-08-04T18:14:29.304+0300][34,611s][info][gc] GC(439) Pause Young (Allocation Failure) 378M->38M(1023M) 0,764ms
[2024-08-04T18:14:29.399+0300][34,706s][info][gc] GC(440) Pause Young (Allocation Failure) 378M->38M(1023M) 0,850ms
[2024-08-04T18:14:29.494+0300][34,801s][info][gc] GC(441) Pause Young (Allocation Failure) 378M->38M(1023M) 0,792ms
[2024-08-04T18:14:29.588+0300][34,896s][info][gc] GC(442) Pause Young (Allocation Failure) 378M->38M(1023M) 0,905ms
[2024-08-04T18:14:29.685+0300][34,992s][info][gc] GC(443) Pause Young (Allocation Failure) 378M->38M(1023M) 0,981ms
[2024-08-04T18:14:29.782+0300][35,089s][info][gc] GC(444) Pause Young (Allocation Failure) 378M->38M(1023M) 0,735ms
[2024-08-04T18:14:29.878+0300][35,186s][info][gc] GC(445) Pause Young (Allocation Failure) 378M->38M(1023M) 0,795ms
[2024-08-04T18:14:29.975+0300][35,282s][info][gc] GC(446) Pause Young (Allocation Failure) 378M->38M(1023M) 0,912ms
[2024-08-04T18:14:30.072+0300][35,380s][info][gc] GC(447) Pause Young (Allocation Failure) 378M->39M(1023M) 0,748ms
[2024-08-04T18:14:30.169+0300][35,476s][info][gc] GC(448) Pause Young (Allocation Failure) 379M->39M(1023M) 0,614ms
[2024-08-04T18:14:30.263+0300][35,571s][info][gc] GC(449) Pause Young (Allocation Failure) 379M->39M(1023M) 0,709ms
[2024-08-04T18:14:30.361+0300][35,668s][info][gc] GC(450) Pause Young (Allocation Failure) 379M->39M(1023M) 0,745ms
[2024-08-04T18:14:30.479+0300][35,786s][info][gc] GC(451) Pause Young (Allocation Failure) 379M->39M(1023M) 1,670ms
[2024-08-04T18:14:30.552+0300][35,860s][info][gc] GC(452) Pause Young (Allocation Failure) 379M->39M(1023M) 2,366ms
[2024-08-04T18:14:30.616+0300][35,924s][info][gc] GC(453) Pause Young (Allocation Failure) 379M->39M(1023M) 1,500ms
[2024-08-04T18:14:30.684+0300][35,991s][info][gc] GC(454) Pause Young (Allocation Failure) 379M->39M(1023M) 1,333ms
[2024-08-04T18:14:30.750+0300][36,057s][info][gc] GC(455) Pause Young (Allocation Failure) 379M->39M(1023M) 1,513ms
[2024-08-04T18:14:30.815+0300][36,122s][info][gc] GC(456) Pause Young (Allocation Failure) 379M->39M(1023M) 1,218ms
[2024-08-04T18:14:30.880+0300][36,187s][info][gc] GC(457) Pause Young (Allocation Failure) 379M->40M(1023M) 1,307ms
[2024-08-04T18:14:30.941+0300][36,249s][info][gc] GC(458) Pause Young (Allocation Failure) 380M->40M(1023M) 1,135ms
[2024-08-04T18:14:31.000+0300][36,307s][info][gc] GC(459) Pause Young (Allocation Failure) 380M->40M(1023M) 1,060ms
[2024-08-04T18:14:31.058+0300][36,365s][info][gc] GC(460) Pause Young (Allocation Failure) 380M->40M(1023M) 1,078ms
[2024-08-04T18:14:31.122+0300][36,429s][info][gc] GC(461) Pause Young (Allocation Failure) 380M->40M(1023M) 1,065ms
[2024-08-04T18:14:31.180+0300][36,488s][info][gc] GC(462) Pause Young (Allocation Failure) 380M->40M(1023M) 1,040ms
[2024-08-04T18:14:31.241+0300][36,549s][info][gc] GC(463) Pause Young (Allocation Failure) 380M->40M(1023M) 0,966ms
[2024-08-04T18:14:31.304+0300][36,612s][info][gc] GC(464) Pause Young (Allocation Failure) 380M->40M(1023M) 1,003ms
[2024-08-04T18:14:31.362+0300][36,669s][info][gc] GC(465) Pause Young (Allocation Failure) 380M->40M(1023M) 1,033ms
[2024-08-04T18:14:31.419+0300][36,726s][info][gc] GC(466) Pause Young (Allocation Failure) 380M->40M(1023M) 0,844ms
[2024-08-04T18:14:31.482+0300][36,789s][info][gc] GC(467) Pause Young (Allocation Failure) 380M->40M(1023M) 0,770ms
[2024-08-04T18:14:31.545+0300][36,853s][info][gc] GC(468) Pause Young (Allocation Failure) 380M->40M(1023M) 0,952ms
[2024-08-04T18:14:31.602+0300][36,910s][info][gc] GC(469) Pause Young (Allocation Failure) 380M->40M(1023M) 0,765ms
[2024-08-04T18:14:31.665+0300][36,973s][info][gc] GC(470) Pause Young (Allocation Failure) 380M->40M(1023M) 0,923ms
[2024-08-04T18:14:31.719+0300][37,027s][info][gc] GC(471) Pause Young (Allocation Failure) 380M->41M(1023M) 0,857ms
[2024-08-04T18:14:31.778+0300][37,086s][info][gc] GC(472) Pause Young (Allocation Failure) 381M->41M(1023M) 0,957ms
[2024-08-04T18:14:31.838+0300][37,145s][info][gc] GC(473) Pause Young (Allocation Failure) 381M->41M(1023M) 0,856ms
[2024-08-04T18:14:31.894+0300][37,201s][info][gc] GC(474) Pause Young (Allocation Failure) 381M->41M(1023M) 0,868ms
[2024-08-04T18:14:31.950+0300][37,257s][info][gc] GC(475) Pause Young (Allocation Failure) 381M->41M(1023M) 0,831ms
[2024-08-04T18:14:32.003+0300][37,310s][info][gc] GC(476) Pause Young (Allocation Failure) 381M->41M(1023M) 0,914ms
[2024-08-04T18:14:32.059+0300][37,366s][info][gc] GC(477) Pause Young (Allocation Failure) 381M->41M(1023M) 0,909ms
[2024-08-04T18:14:32.115+0300][37,422s][info][gc] GC(478) Pause Young (Allocation Failure) 381M->41M(1023M) 0,866ms
[2024-08-04T18:14:32.178+0300][37,485s][info][gc] GC(479) Pause Young (Allocation Failure) 381M->41M(1023M) 0,925ms
[2024-08-04T18:14:32.234+0300][37,541s][info][gc] GC(480) Pause Young (Allocation Failure) 381M->41M(1023M) 0,919ms
[2024-08-04T18:14:32.294+0300][37,602s][info][gc] GC(481) Pause Young (Allocation Failure) 381M->41M(1023M) 1,197ms
[2024-08-04T18:14:32.356+0300][37,663s][info][gc] GC(482) Pause Young (Allocation Failure) 381M->41M(1023M) 0,825ms
[2024-08-04T18:14:32.418+0300][37,725s][info][gc] GC(483) Pause Young (Allocation Failure) 381M->41M(1023M) 0,934ms
[2024-08-04T18:14:32.478+0300][37,786s][info][gc] GC(484) Pause Young (Allocation Failure) 381M->41M(1023M) 0,766ms
[2024-08-04T18:14:32.538+0300][37,846s][info][gc] GC(485) Pause Young (Allocation Failure) 381M->42M(1023M) 0,940ms
[2024-08-04T18:14:32.592+0300][37,899s][info][gc] GC(486) Pause Young (Allocation Failure) 382M->42M(1023M) 0,734ms
[2024-08-04T18:14:32.651+0300][37,959s][info][gc] GC(487) Pause Young (Allocation Failure) 382M->42M(1023M) 0,915ms
[2024-08-04T18:14:32.711+0300][38,018s][info][gc] GC(488) Pause Young (Allocation Failure) 382M->42M(1023M) 0,893ms
[2024-08-04T18:14:32.773+0300][38,081s][info][gc] GC(489) Pause Young (Allocation Failure) 382M->42M(1023M) 0,734ms
[2024-08-04T18:14:32.836+0300][38,144s][info][gc] GC(490) Pause Young (Allocation Failure) 382M->42M(1023M) 0,774ms
[2024-08-04T18:14:32.899+0300][38,207s][info][gc] GC(491) Pause Young (Allocation Failure) 382M->42M(1023M) 1,008ms
[2024-08-04T18:14:32.962+0300][38,270s][info][gc] GC(492) Pause Young (Allocation Failure) 382M->42M(1023M) 1,086ms
[2024-08-04T18:14:33.019+0300][38,327s][info][gc] GC(493) Pause Young (Allocation Failure) 382M->42M(1023M) 1,013ms
[2024-08-04T18:14:33.082+0300][38,389s][info][gc] GC(494) Pause Young (Allocation Failure) 382M->42M(1023M) 0,778ms
[2024-08-04T18:14:33.141+0300][38,449s][info][gc] GC(495) Pause Young (Allocation Failure) 382M->42M(1023M) 0,933ms
[2024-08-04T18:14:33.203+0300][38,510s][info][gc] GC(496) Pause Young (Allocation Failure) 382M->42M(1023M) 0,934ms
[2024-08-04T18:14:33.267+0300][38,574s][info][gc] GC(497) Pause Young (Allocation Failure) 382M->42M(1023M) 0,955ms
[2024-08-04T18:14:33.331+0300][38,638s][info][gc] GC(498) Pause Young (Allocation Failure) 382M->42M(1023M) 0,939ms
[2024-08-04T18:14:33.395+0300][38,702s][info][gc] GC(499) Pause Young (Allocation Failure) 382M->43M(1023M) 0,965ms
[2024-08-04T18:14:33.460+0300][38,767s][info][gc] GC(500) Pause Young (Allocation Failure) 383M->43M(1023M) 0,690ms
[2024-08-04T18:14:33.524+0300][38,832s][info][gc] GC(501) Pause Young (Allocation Failure) 383M->43M(1023M) 0,870ms
[2024-08-04T18:14:33.590+0300][38,897s][info][gc] GC(502) Pause Young (Allocation Failure) 383M->43M(1023M) 0,880ms
[2024-08-04T18:14:33.654+0300][38,961s][info][gc] GC(503) Pause Young (Allocation Failure) 383M->43M(1023M) 1,068ms
[2024-08-04T18:14:33.719+0300][39,026s][info][gc] GC(504) Pause Young (Allocation Failure) 383M->43M(1023M) 0,873ms
[2024-08-04T18:14:33.783+0300][39,090s][info][gc] GC(505) Pause Young (Allocation Failure) 383M->43M(1023M) 0,788ms
[2024-08-04T18:14:33.839+0300][39,147s][info][gc] GC(506) Pause Young (Allocation Failure) 383M->43M(1023M) 0,873ms
[2024-08-04T18:14:33.896+0300][39,204s][info][gc] GC(507) Pause Young (Allocation Failure) 383M->43M(1023M) 0,653ms
[2024-08-04T18:14:33.959+0300][39,266s][info][gc] GC(508) Pause Young (Allocation Failure) 383M->43M(1023M) 0,852ms
[2024-08-04T18:14:34.025+0300][39,332s][info][gc] GC(509) Pause Young (Allocation Failure) 383M->43M(1023M) 0,865ms
[2024-08-04T18:14:34.092+0300][39,399s][info][gc] GC(510) Pause Young (Allocation Failure) 383M->43M(1023M) 0,667ms
[2024-08-04T18:14:34.158+0300][39,466s][info][gc] GC(511) Pause Young (Allocation Failure) 383M->43M(1023M) 0,863ms
[2024-08-04T18:14:34.227+0300][39,535s][info][gc] GC(512) Pause Young (Allocation Failure) 383M->43M(1023M) 0,672ms
[2024-08-04T18:14:34.295+0300][39,603s][info][gc] GC(513) Pause Young (Allocation Failure) 383M->44M(1023M) 0,614ms
[2024-08-04T18:14:34.359+0300][39,666s][info][gc] GC(514) Pause Young (Allocation Failure) 384M->44M(1023M) 1,049ms
[2024-08-04T18:14:34.421+0300][39,729s][info][gc] GC(515) Pause Young (Allocation Failure) 384M->44M(1023M) 0,748ms
[2024-08-04T18:14:34.488+0300][39,796s][info][gc] GC(516) Pause Young (Allocation Failure) 384M->44M(1023M) 0,704ms
[2024-08-04T18:14:34.549+0300][39,856s][info][gc] GC(517) Pause Young (Allocation Failure) 384M->44M(1023M) 0,669ms
[2024-08-04T18:14:34.611+0300][39,918s][info][gc] GC(518) Pause Young (Allocation Failure) 384M->44M(1023M) 0,838ms
[2024-08-04T18:14:34.672+0300][39,980s][info][gc] GC(519) Pause Young (Allocation Failure) 384M->44M(1023M) 0,830ms
[2024-08-04T18:14:34.739+0300][40,046s][info][gc] GC(520) Pause Young (Allocation Failure) 384M->44M(1023M) 0,872ms
[2024-08-04T18:14:34.807+0300][40,115s][info][gc] GC(521) Pause Young (Allocation Failure) 384M->44M(1023M) 0,662ms
[2024-08-04T18:14:34.876+0300][40,184s][info][gc] GC(522) Pause Young (Allocation Failure) 384M->44M(1023M) 0,835ms
[2024-08-04T18:14:34.949+0300][40,256s][info][gc] GC(523) Pause Young (Allocation Failure) 384M->44M(1023M) 0,855ms
[2024-08-04T18:14:35.022+0300][40,330s][info][gc] GC(524) Pause Young (Allocation Failure) 384M->44M(1023M) 0,860ms
[2024-08-04T18:14:35.090+0300][40,398s][info][gc] GC(525) Pause Young (Allocation Failure) 384M->44M(1023M) 0,701ms
[2024-08-04T18:14:35.161+0300][40,469s][info][gc] GC(526) Pause Young (Allocation Failure) 384M->44M(1023M) 0,766ms
[2024-08-04T18:14:35.234+0300][40,541s][info][gc] GC(527) Pause Young (Allocation Failure) 384M->44M(1023M) 0,772ms
[2024-08-04T18:14:35.300+0300][40,607s][info][gc] GC(528) Pause Young (Allocation Failure) 384M->45M(1023M) 0,675ms
[2024-08-04T18:14:35.366+0300][40,674s][info][gc] GC(529) Pause Young (Allocation Failure) 385M->45M(1023M) 0,779ms
[2024-08-04T18:14:35.435+0300][40,742s][info][gc] GC(530) Pause Young (Allocation Failure) 385M->45M(1023M) 0,770ms
[2024-08-04T18:14:35.506+0300][40,814s][info][gc] GC(531) Pause Young (Allocation Failure) 385M->45M(1023M) 0,902ms
[2024-08-04T18:14:35.577+0300][40,884s][info][gc] GC(532) Pause Young (Allocation Failure) 385M->45M(1023M) 0,684ms
[2024-08-04T18:14:35.647+0300][40,954s][info][gc] GC(533) Pause Young (Allocation Failure) 385M->45M(1023M) 0,736ms
[2024-08-04T18:14:35.721+0300][41,029s][info][gc] GC(534) Pause Young (Allocation Failure) 385M->45M(1023M) 0,737ms
[2024-08-04T18:14:35.797+0300][41,105s][info][gc] GC(535) Pause Young (Allocation Failure) 385M->45M(1023M) 0,800ms
[2024-08-04T18:14:35.872+0300][41,180s][info][gc] GC(536) Pause Young (Allocation Failure) 385M->45M(1023M) 0,725ms
[2024-08-04T18:14:35.941+0300][41,248s][info][gc] GC(537) Pause Young (Allocation Failure) 385M->45M(1023M) 0,857ms
[2024-08-04T18:14:36.013+0300][41,320s][info][gc] GC(538) Pause Young (Allocation Failure) 385M->45M(1023M) 0,858ms
[2024-08-04T18:14:36.084+0300][41,391s][info][gc] GC(539) Pause Young (Allocation Failure) 385M->45M(1023M) 0,849ms
[2024-08-04T18:14:36.155+0300][41,463s][info][gc] GC(540) Pause Young (Allocation Failure) 385M->45M(1023M) 0,822ms
[2024-08-04T18:14:36.231+0300][41,539s][info][gc] GC(541) Pause Young (Allocation Failure) 385M->45M(1023M) 0,642ms
[2024-08-04T18:14:36.304+0300][41,612s][info][gc] GC(542) Pause Young (Allocation Failure) 385M->45M(1023M) 0,936ms
[2024-08-04T18:14:36.382+0300][41,689s][info][gc] GC(543) Pause Young (Allocation Failure) 385M->46M(1023M) 0,779ms
[2024-08-04T18:14:36.454+0300][41,761s][info][gc] GC(544) Pause Young (Allocation Failure) 386M->46M(1023M) 0,879ms
[2024-08-04T18:14:36.532+0300][41,840s][info][gc] GC(545) Pause Young (Allocation Failure) 386M->46M(1023M) 0,774ms
[2024-08-04T18:14:36.612+0300][41,919s][info][gc] GC(546) Pause Young (Allocation Failure) 386M->46M(1023M) 0,619ms
[2024-08-04T18:14:36.695+0300][42,002s][info][gc] GC(547) Pause Young (Allocation Failure) 386M->46M(1023M) 0,720ms
[2024-08-04T18:14:36.770+0300][42,077s][info][gc] GC(548) Pause Young (Allocation Failure) 386M->46M(1023M) 0,824ms
[2024-08-04T18:14:36.842+0300][42,149s][info][gc] GC(549) Pause Young (Allocation Failure) 386M->46M(1023M) 0,634ms
[2024-08-04T18:14:36.915+0300][42,222s][info][gc] GC(550) Pause Young (Allocation Failure) 386M->46M(1023M) 0,747ms
[2024-08-04T18:14:36.990+0300][42,297s][info][gc] GC(551) Pause Young (Allocation Failure) 386M->46M(1023M) 0,783ms
[2024-08-04T18:14:37.070+0300][42,377s][info][gc] GC(552) Pause Young (Allocation Failure) 386M->46M(1023M) 0,835ms
[2024-08-04T18:14:37.146+0300][42,453s][info][gc] GC(553) Pause Young (Allocation Failure) 386M->46M(1023M) 0,887ms
[2024-08-04T18:14:37.227+0300][42,534s][info][gc] GC(554) Pause Young (Allocation Failure) 386M->46M(1023M) 0,832ms
[2024-08-04T18:14:37.308+0300][42,616s][info][gc] GC(555) Pause Young (Allocation Failure) 386M->46M(1023M) 0,805ms
[2024-08-04T18:14:37.387+0300][42,694s][info][gc] GC(556) Pause Young (Allocation Failure) 386M->46M(1023M) 0,936ms
[2024-08-04T18:14:37.467+0300][42,774s][info][gc] GC(557) Pause Young (Allocation Failure) 386M->47M(1023M) 0,822ms
[2024-08-04T18:14:37.549+0300][42,856s][info][gc] GC(558) Pause Young (Allocation Failure) 387M->47M(1023M) 0,864ms
[2024-08-04T18:14:37.625+0300][42,933s][info][gc] GC(559) Pause Young (Allocation Failure) 387M->47M(1023M) 0,584ms
[2024-08-04T18:14:37.709+0300][43,017s][info][gc] GC(560) Pause Young (Allocation Failure) 387M->47M(1023M) 0,778ms
[2024-08-04T18:14:37.793+0300][43,101s][info][gc] GC(561) Pause Young (Allocation Failure) 387M->47M(1023M) 0,855ms
[2024-08-04T18:14:37.878+0300][43,186s][info][gc] GC(562) Pause Young (Allocation Failure) 387M->47M(1023M) 0,820ms
[2024-08-04T18:14:37.963+0300][43,270s][info][gc] GC(563) Pause Young (Allocation Failure) 387M->47M(1023M) 1,046ms
[2024-08-04T18:14:38.040+0300][43,348s][info][gc] GC(564) Pause Young (Allocation Failure) 387M->47M(1023M) 0,853ms
[2024-08-04T18:14:38.124+0300][43,431s][info][gc] GC(565) Pause Young (Allocation Failure) 387M->47M(1023M) 0,783ms
[2024-08-04T18:14:38.208+0300][43,516s][info][gc] GC(566) Pause Young (Allocation Failure) 387M->47M(1023M) 0,710ms
[2024-08-04T18:14:38.292+0300][43,600s][info][gc] GC(567) Pause Young (Allocation Failure) 387M->47M(1023M) 0,693ms
[2024-08-04T18:14:38.377+0300][43,685s][info][gc] GC(568) Pause Young (Allocation Failure) 387M->47M(1023M) 0,811ms
[2024-08-04T18:14:38.463+0300][43,770s][info][gc] GC(569) Pause Young (Allocation Failure) 387M->47M(1023M) 0,771ms
[2024-08-04T18:14:38.543+0300][43,850s][info][gc] GC(570) Pause Young (Allocation Failure) 387M->48M(1023M) 0,810ms
[2024-08-04T18:14:38.626+0300][43,933s][info][gc] GC(571) Pause Young (Allocation Failure) 388M->48M(1023M) 0,926ms
[2024-08-04T18:14:38.707+0300][44,015s][info][gc] GC(572) Pause Young (Allocation Failure) 388M->48M(1023M) 0,783ms
[2024-08-04T18:14:38.787+0300][44,094s][info][gc] GC(573) Pause Young (Allocation Failure) 388M->48M(1023M) 0,790ms
[2024-08-04T18:14:38.873+0300][44,181s][info][gc] GC(574) Pause Young (Allocation Failure) 388M->48M(1023M) 0,983ms
[2024-08-04T18:14:38.959+0300][44,267s][info][gc] GC(575) Pause Young (Allocation Failure) 388M->48M(1023M) 0,665ms
[2024-08-04T18:14:39.040+0300][44,348s][info][gc] GC(576) Pause Young (Allocation Failure) 388M->48M(1023M) 0,909ms
[2024-08-04T18:14:39.126+0300][44,434s][info][gc] GC(577) Pause Young (Allocation Failure) 388M->48M(1023M) 0,725ms
[2024-08-04T18:14:39.209+0300][44,516s][info][gc] GC(578) Pause Young (Allocation Failure) 388M->48M(1023M) 1,063ms
[2024-08-04T18:14:39.295+0300][44,603s][info][gc] GC(579) Pause Young (Allocation Failure) 388M->48M(1023M) 0,654ms
[2024-08-04T18:14:39.382+0300][44,690s][info][gc] GC(580) Pause Young (Allocation Failure) 388M->48M(1023M) 0,823ms
[2024-08-04T18:14:39.471+0300][44,779s][info][gc] GC(581) Pause Young (Allocation Failure) 388M->48M(1023M) 0,659ms
[2024-08-04T18:14:39.557+0300][44,864s][info][gc] GC(582) Pause Young (Allocation Failure) 388M->48M(1023M) 0,818ms
[2024-08-04T18:14:39.641+0300][44,948s][info][gc] GC(583) Pause Young (Allocation Failure) 388M->48M(1023M) 0,812ms
[2024-08-04T18:14:39.727+0300][45,034s][info][gc] GC(584) Pause Young (Allocation Failure) 388M->48M(1023M) 0,557ms
[2024-08-04T18:14:39.810+0300][45,117s][info][gc] GC(585) Pause Young (Allocation Failure) 388M->49M(1023M) 0,756ms
[2024-08-04T18:14:39.897+0300][45,204s][info][gc] GC(586) Pause Young (Allocation Failure) 389M->49M(1023M) 0,596ms
[2024-08-04T18:14:39.985+0300][45,293s][info][gc] GC(587) Pause Young (Allocation Failure) 389M->49M(1023M) 0,721ms
[2024-08-04T18:14:40.074+0300][45,381s][info][gc] GC(588) Pause Young (Allocation Failure) 389M->49M(1023M) 0,784ms
[2024-08-04T18:14:40.161+0300][45,468s][info][gc] GC(589) Pause Young (Allocation Failure) 389M->49M(1023M) 0,884ms
[2024-08-04T18:14:40.248+0300][45,555s][info][gc] GC(590) Pause Young (Allocation Failure) 389M->49M(1023M) 0,737ms
[2024-08-04T18:14:40.335+0300][45,642s][info][gc] GC(591) Pause Young (Allocation Failure) 389M->49M(1023M) 0,842ms
[2024-08-04T18:14:40.417+0300][45,724s][info][gc] GC(592) Pause Young (Allocation Failure) 389M->49M(1023M) 0,515ms
[2024-08-04T18:14:40.505+0300][45,813s][info][gc] GC(593) Pause Young (Allocation Failure) 389M->49M(1023M) 0,833ms
[2024-08-04T18:14:40.591+0300][45,898s][info][gc] GC(594) Pause Young (Allocation Failure) 389M->49M(1023M) 0,680ms
[2024-08-04T18:14:40.674+0300][45,981s][info][gc] GC(595) Pause Young (Allocation Failure) 389M->49M(1023M) 0,652ms
[2024-08-04T18:14:40.759+0300][46,066s][info][gc] GC(596) Pause Young (Allocation Failure) 389M->49M(1023M) 0,793ms
[2024-08-04T18:14:40.845+0300][46,152s][info][gc] GC(597) Pause Young (Allocation Failure) 389M->49M(1023M) 0,731ms
[2024-08-04T18:14:40.935+0300][46,242s][info][gc] GC(598) Pause Young (Allocation Failure) 389M->49M(1023M) 0,754ms
[2024-08-04T18:14:41.026+0300][46,333s][info][gc] GC(599) Pause Young (Allocation Failure) 389M->50M(1023M) 0,767ms
[2024-08-04T18:14:41.117+0300][46,424s][info][gc] GC(600) Pause Young (Allocation Failure) 390M->50M(1023M) 0,866ms
[2024-08-04T18:14:41.208+0300][46,515s][info][gc] GC(601) Pause Young (Allocation Failure) 390M->50M(1023M) 0,641ms
[2024-08-04T18:14:41.299+0300][46,607s][info][gc] GC(602) Pause Young (Allocation Failure) 390M->50M(1023M) 0,720ms
[2024-08-04T18:14:41.391+0300][46,699s][info][gc] GC(603) Pause Young (Allocation Failure) 390M->50M(1023M) 0,809ms
[2024-08-04T18:14:41.484+0300][46,792s][info][gc] GC(604) Pause Young (Allocation Failure) 390M->50M(1023M) 0,658ms
[2024-08-04T18:14:41.576+0300][46,883s][info][gc] GC(605) Pause Young (Allocation Failure) 390M->50M(1023M) 0,724ms
[2024-08-04T18:14:41.667+0300][46,975s][info][gc] GC(606) Pause Young (Allocation Failure) 390M->50M(1023M) 0,738ms
[2024-08-04T18:14:41.756+0300][47,064s][info][gc] GC(607) Pause Young (Allocation Failure) 390M->50M(1023M) 0,831ms
[2024-08-04T18:14:41.847+0300][47,154s][info][gc] GC(608) Pause Young (Allocation Failure) 390M->50M(1023M) 0,991ms
[2024-08-04T18:14:41.940+0300][47,247s][info][gc] GC(609) Pause Young (Allocation Failure) 390M->50M(1023M) 0,556ms
[2024-08-04T18:14:42.034+0300][47,341s][info][gc] GC(610) Pause Young (Allocation Failure) 390M->50M(1023M) 0,825ms
[2024-08-04T18:14:42.127+0300][47,435s][info][gc] GC(611) Pause Young (Allocation Failure) 390M->50M(1023M) 0,835ms
[2024-08-04T18:14:42.213+0300][47,520s][info][gc] GC(612) Pause Young (Allocation Failure) 390M->50M(1023M) 0,805ms
[2024-08-04T18:14:42.302+0300][47,610s][info][gc] GC(613) Pause Young (Allocation Failure) 390M->50M(1023M) 0,741ms
[2024-08-04T18:14:42.388+0300][47,695s][info][gc] GC(614) Pause Young (Allocation Failure) 390M->51M(1023M) 0,817ms
[2024-08-04T18:14:42.474+0300][47,782s][info][gc] GC(615) Pause Young (Allocation Failure) 391M->51M(1023M) 0,880ms
[2024-08-04T18:14:42.565+0300][47,873s][info][gc] GC(616) Pause Young (Allocation Failure) 391M->51M(1023M) 0,460ms
[2024-08-04T18:14:42.651+0300][47,959s][info][gc] GC(617) Pause Young (Allocation Failure) 391M->51M(1023M) 0,629ms
[2024-08-04T18:14:42.738+0300][48,046s][info][gc] GC(618) Pause Young (Allocation Failure) 391M->51M(1023M) 0,801ms
[2024-08-04T18:14:42.829+0300][48,137s][info][gc] GC(619) Pause Young (Allocation Failure) 391M->51M(1023M) 0,894ms
[2024-08-04T18:14:42.921+0300][48,229s][info][gc] GC(620) Pause Young (Allocation Failure) 391M->51M(1023M) 0,809ms
[2024-08-04T18:14:43.013+0300][48,321s][info][gc] GC(621) Pause Young (Allocation Failure) 391M->51M(1023M) 0,784ms
[2024-08-04T18:14:43.104+0300][48,412s][info][gc] GC(622) Pause Young (Allocation Failure) 391M->51M(1023M) 0,588ms
[2024-08-04T18:14:43.192+0300][48,499s][info][gc] GC(623) Pause Young (Allocation Failure) 391M->51M(1023M) 0,906ms
[2024-08-04T18:14:43.283+0300][48,591s][info][gc] GC(624) Pause Young (Allocation Failure) 391M->51M(1023M) 0,827ms
[2024-08-04T18:14:43.370+0300][48,678s][info][gc] GC(625) Pause Young (Allocation Failure) 391M->51M(1023M) 0,570ms
[2024-08-04T18:14:43.459+0300][48,767s][info][gc] GC(626) Pause Young (Allocation Failure) 391M->51M(1023M) 0,611ms
[2024-08-04T18:14:43.552+0300][48,859s][info][gc] GC(627) Pause Young (Allocation Failure) 391M->51M(1023M) 0,780ms
[2024-08-04T18:14:43.645+0300][48,953s][info][gc] GC(628) Pause Young (Allocation Failure) 391M->52M(1023M) 0,755ms
[2024-08-04T18:14:43.739+0300][49,046s][info][gc] GC(629) Pause Young (Allocation Failure) 392M->52M(1023M) 0,608ms
[2024-08-04T18:14:43.831+0300][49,139s][info][gc] GC(630) Pause Young (Allocation Failure) 392M->52M(1023M) 0,751ms
[2024-08-04T18:14:43.924+0300][49,232s][info][gc] GC(631) Pause Young (Allocation Failure) 392M->52M(1023M) 0,857ms
[2024-08-04T18:14:44.017+0300][49,324s][info][gc] GC(632) Pause Young (Allocation Failure) 392M->52M(1023M) 0,745ms
[2024-08-04T18:14:44.110+0300][49,418s][info][gc] GC(633) Pause Young (Allocation Failure) 392M->52M(1023M) 0,591ms
[2024-08-04T18:14:44.203+0300][49,510s][info][gc] GC(634) Pause Young (Allocation Failure) 392M->52M(1023M) 0,773ms
[2024-08-04T18:14:44.292+0300][49,599s][info][gc] GC(635) Pause Young (Allocation Failure) 392M->52M(1023M) 0,814ms
[2024-08-04T18:14:44.385+0300][49,693s][info][gc] GC(636) Pause Young (Allocation Failure) 392M->52M(1023M) 0,770ms
[2024-08-04T18:14:44.482+0300][49,789s][info][gc] GC(637) Pause Young (Allocation Failure) 392M->52M(1023M) 0,647ms
[2024-08-04T18:14:44.570+0300][49,878s][info][gc] GC(638) Pause Young (Allocation Failure) 392M->52M(1023M) 0,816ms
[2024-08-04T18:14:44.663+0300][49,970s][info][gc] GC(639) Pause Young (Allocation Failure) 392M->52M(1023M) 1,032ms
[2024-08-04T18:14:44.752+0300][50,059s][info][gc] GC(640) Pause Young (Allocation Failure) 392M->52M(1023M) 0,653ms
[2024-08-04T18:14:44.842+0300][50,150s][info][gc] GC(641) Pause Young (Allocation Failure) 392M->52M(1023M) 0,713ms
[2024-08-04T18:14:44.935+0300][50,242s][info][gc] GC(642) Pause Young (Allocation Failure) 392M->53M(1023M) 0,853ms
[2024-08-04T18:14:45.028+0300][50,336s][info][gc] GC(643) Pause Young (Allocation Failure) 393M->53M(1023M) 0,789ms
[2024-08-04T18:14:45.121+0300][50,429s][info][gc] GC(644) Pause Young (Allocation Failure) 393M->53M(1023M) 0,988ms
[2024-08-04T18:14:45.211+0300][50,518s][info][gc] GC(645) Pause Young (Allocation Failure) 393M->53M(1023M) 0,888ms
[2024-08-04T18:14:45.303+0300][50,610s][info][gc] GC(646) Pause Young (Allocation Failure) 393M->53M(1023M) 0,587ms
[2024-08-04T18:14:45.397+0300][50,705s][info][gc] GC(647) Pause Young (Allocation Failure) 393M->53M(1023M) 0,779ms
[2024-08-04T18:14:45.489+0300][50,797s][info][gc] GC(648) Pause Young (Allocation Failure) 393M->53M(1023M) 0,646ms
[2024-08-04T18:14:45.589+0300][50,897s][info][gc] GC(649) Pause Young (Allocation Failure) 393M->53M(1023M) 0,885ms
[2024-08-04T18:14:45.680+0300][50,987s][info][gc] GC(650) Pause Young (Allocation Failure) 393M->53M(1023M) 0,886ms
[2024-08-04T18:14:45.773+0300][51,080s][info][gc] GC(651) Pause Young (Allocation Failure) 393M->53M(1023M) 0,617ms
[2024-08-04T18:14:45.864+0300][51,171s][info][gc] GC(652) Pause Young (Allocation Failure) 393M->53M(1023M) 0,863ms
[2024-08-04T18:14:45.954+0300][51,262s][info][gc] GC(653) Pause Young (Allocation Failure) 393M->53M(1023M) 0,732ms
[2024-08-04T18:14:46.049+0300][51,356s][info][gc] GC(654) Pause Young (Allocation Failure) 393M->53M(1023M) 0,816ms
[2024-08-04T18:14:46.139+0300][51,446s][info][gc] GC(655) Pause Young (Allocation Failure) 393M->53M(1023M) 0,639ms
[2024-08-04T18:14:46.229+0300][51,536s][info][gc] GC(656) Pause Young (Allocation Failure) 393M->54M(1023M) 0,778ms
[2024-08-04T18:14:46.320+0300][51,627s][info][gc] GC(657) Pause Young (Allocation Failure) 394M->54M(1023M) 0,924ms
[2024-08-04T18:14:46.414+0300][51,722s][info][gc] GC(658) Pause Young (Allocation Failure) 394M->54M(1023M) 0,749ms
[2024-08-04T18:14:46.507+0300][51,815s][info][gc] GC(659) Pause Young (Allocation Failure) 394M->54M(1023M) 0,704ms
[2024-08-04T18:14:46.600+0300][51,908s][info][gc] GC(660) Pause Young (Allocation Failure) 394M->54M(1023M) 0,610ms
[2024-08-04T18:14:46.692+0300][51,999s][info][gc] GC(661) Pause Young (Allocation Failure) 394M->54M(1023M) 0,816ms
[2024-08-04T18:14:46.784+0300][52,091s][info][gc] GC(662) Pause Young (Allocation Failure) 394M->54M(1023M) 0,671ms
[2024-08-04T18:14:46.880+0300][52,187s][info][gc] GC(663) Pause Young (Allocation Failure) 394M->54M(1023M) 0,811ms
[2024-08-04T18:14:46.971+0300][52,278s][info][gc] GC(664) Pause Young (Allocation Failure) 394M->54M(1023M) 0,807ms
[2024-08-04T18:14:47.065+0300][52,373s][info][gc] GC(665) Pause Young (Allocation Failure) 394M->54M(1023M) 0,761ms
[2024-08-04T18:14:47.157+0300][52,464s][info][gc] GC(666) Pause Young (Allocation Failure) 394M->54M(1023M) 0,709ms
[2024-08-04T18:14:47.253+0300][52,561s][info][gc] GC(667) Pause Young (Allocation Failure) 394M->54M(1023M) 0,818ms
[2024-08-04T18:14:47.350+0300][52,658s][info][gc] GC(668) Pause Young (Allocation Failure) 394M->54M(1023M) 0,737ms
[2024-08-04T18:14:47.443+0300][52,751s][info][gc] GC(669) Pause Young (Allocation Failure) 394M->54M(1023M) 0,586ms
[2024-08-04T18:14:47.541+0300][52,849s][info][gc] GC(670) Pause Young (Allocation Failure) 394M->54M(1023M) 0,788ms
[2024-08-04T18:14:47.638+0300][52,946s][info][gc] GC(671) Pause Young (Allocation Failure) 394M->54M(1023M) 0,769ms
[2024-08-04T18:14:47.734+0300][53,042s][info][gc] GC(672) Pause Young (Allocation Failure) 394M->55M(1023M) 0,765ms
[2024-08-04T18:14:47.830+0300][53,137s][info][gc] GC(673) Pause Young (Allocation Failure) 395M->55M(1023M) 0,642ms
[2024-08-04T18:14:47.926+0300][53,233s][info][gc] GC(674) Pause Young (Allocation Failure) 395M->55M(1023M) 0,757ms
[2024-08-04T18:14:48.020+0300][53,327s][info][gc] GC(675) Pause Young (Allocation Failure) 395M->55M(1023M) 1,435ms
[2024-08-04T18:14:48.097+0300][53,405s][info][gc] GC(676) Pause Young (Allocation Failure) 395M->55M(1023M) 1,944ms
[2024-08-04T18:14:48.158+0300][53,465s][info][gc] GC(677) Pause Young (Allocation Failure) 395M->55M(1023M) 1,839ms
[2024-08-04T18:14:48.226+0300][53,533s][info][gc] GC(678) Pause Young (Allocation Failure) 395M->55M(1023M) 1,536ms
[2024-08-04T18:14:48.286+0300][53,593s][info][gc] GC(679) Pause Young (Allocation Failure) 395M->55M(1023M) 1,319ms
[2024-08-04T18:14:48.349+0300][53,656s][info][gc] GC(680) Pause Young (Allocation Failure) 395M->55M(1023M) 1,338ms
[2024-08-04T18:14:48.412+0300][53,719s][info][gc] GC(681) Pause Young (Allocation Failure) 395M->55M(1023M) 1,033ms
[2024-08-04T18:14:48.476+0300][53,784s][info][gc] GC(682) Pause Young (Allocation Failure) 395M->56M(1023M) 0,869ms
[2024-08-04T18:14:48.539+0300][53,847s][info][gc] GC(683) Pause Young (Allocation Failure) 396M->56M(1023M) 1,022ms
[2024-08-04T18:14:48.602+0300][53,910s][info][gc] GC(684) Pause Young (Allocation Failure) 396M->56M(1023M) 1,059ms
[2024-08-04T18:14:48.659+0300][53,967s][info][gc] GC(685) Pause Young (Allocation Failure) 396M->56M(1023M) 1,158ms
[2024-08-04T18:14:48.717+0300][54,024s][info][gc] GC(686) Pause Young (Allocation Failure) 396M->56M(1023M) 1,107ms
[2024-08-04T18:14:48.779+0300][54,087s][info][gc] GC(687) Pause Young (Allocation Failure) 396M->56M(1023M) 1,043ms
[2024-08-04T18:14:48.833+0300][54,140s][info][gc] GC(688) Pause Young (Allocation Failure) 396M->56M(1023M) 0,795ms
[2024-08-04T18:14:48.886+0300][54,193s][info][gc] GC(689) Pause Young (Allocation Failure) 396M->56M(1023M) 0,777ms
[2024-08-04T18:14:48.945+0300][54,253s][info][gc] GC(690) Pause Young (Allocation Failure) 396M->56M(1023M) 1,024ms
[2024-08-04T18:14:48.998+0300][54,306s][info][gc] GC(691) Pause Young (Allocation Failure) 396M->56M(1023M) 0,985ms
[2024-08-04T18:14:49.061+0300][54,368s][info][gc] GC(692) Pause Young (Allocation Failure) 396M->56M(1023M) 0,806ms
[2024-08-04T18:14:49.117+0300][54,424s][info][gc] GC(693) Pause Young (Allocation Failure) 396M->56M(1023M) 0,816ms
[2024-08-04T18:14:49.173+0300][54,480s][info][gc] GC(694) Pause Young (Allocation Failure) 396M->56M(1023M) 0,918ms
[2024-08-04T18:14:49.235+0300][54,543s][info][gc] GC(695) Pause Young (Allocation Failure) 396M->56M(1023M) 0,775ms
[2024-08-04T18:14:49.292+0300][54,599s][info][gc] GC(696) Pause Young (Allocation Failure) 396M->57M(1023M) 0,842ms
[2024-08-04T18:14:49.348+0300][54,655s][info][gc] GC(697) Pause Young (Allocation Failure) 397M->57M(1023M) 0,837ms
[2024-08-04T18:14:49.404+0300][54,711s][info][gc] GC(698) Pause Young (Allocation Failure) 397M->57M(1023M) 0,673ms
[2024-08-04T18:14:49.466+0300][54,773s][info][gc] GC(699) Pause Young (Allocation Failure) 397M->57M(1023M) 0,805ms
[2024-08-04T18:14:49.527+0300][54,835s][info][gc] GC(700) Pause Young (Allocation Failure) 397M->57M(1023M) 0,747ms
[2024-08-04T18:14:49.587+0300][54,895s][info][gc] GC(701) Pause Young (Allocation Failure) 397M->57M(1023M) 0,851ms
[2024-08-04T18:14:49.644+0300][54,951s][info][gc] GC(702) Pause Young (Allocation Failure) 397M->57M(1023M) 0,857ms
[2024-08-04T18:14:49.700+0300][55,007s][info][gc] GC(703) Pause Young (Allocation Failure) 397M->57M(1023M) 0,908ms
[2024-08-04T18:14:49.756+0300][55,063s][info][gc] GC(704) Pause Young (Allocation Failure) 397M->57M(1023M) 0,846ms
[2024-08-04T18:14:49.812+0300][55,119s][info][gc] GC(705) Pause Young (Allocation Failure) 397M->57M(1023M) 0,815ms
[2024-08-04T18:14:49.873+0300][55,181s][info][gc] GC(706) Pause Young (Allocation Failure) 397M->57M(1023M) 0,797ms
[2024-08-04T18:14:49.937+0300][55,244s][info][gc] GC(707) Pause Young (Allocation Failure) 397M->57M(1023M) 0,755ms
[2024-08-04T18:14:50.000+0300][55,307s][info][gc] GC(708) Pause Young (Allocation Failure) 397M->57M(1023M) 0,793ms
[2024-08-04T18:14:50.061+0300][55,369s][info][gc] GC(709) Pause Young (Allocation Failure) 397M->57M(1023M) 1,032ms
[2024-08-04T18:14:50.123+0300][55,431s][info][gc] GC(710) Pause Young (Allocation Failure) 397M->58M(1023M) 0,730ms
[2024-08-04T18:14:50.180+0300][55,487s][info][gc] GC(711) Pause Young (Allocation Failure) 398M->58M(1023M) 0,972ms
[2024-08-04T18:14:50.243+0300][55,550s][info][gc] GC(712) Pause Young (Allocation Failure) 398M->58M(1023M) 0,914ms
[2024-08-04T18:14:50.306+0300][55,613s][info][gc] GC(713) Pause Young (Allocation Failure) 398M->58M(1023M) 0,696ms
[2024-08-04T18:14:50.363+0300][55,670s][info][gc] GC(714) Pause Young (Allocation Failure) 398M->58M(1023M) 0,769ms
[2024-08-04T18:14:50.420+0300][55,727s][info][gc] GC(715) Pause Young (Allocation Failure) 398M->58M(1023M) 0,701ms
[2024-08-04T18:14:50.484+0300][55,791s][info][gc] GC(716) Pause Young (Allocation Failure) 398M->58M(1023M) 0,673ms
[2024-08-04T18:14:50.541+0300][55,849s][info][gc] GC(717) Pause Young (Allocation Failure) 398M->58M(1023M) 0,725ms
[2024-08-04T18:14:50.604+0300][55,911s][info][gc] GC(718) Pause Young (Allocation Failure) 398M->58M(1023M) 0,663ms
[2024-08-04T18:14:50.667+0300][55,975s][info][gc] GC(719) Pause Young (Allocation Failure) 398M->58M(1023M) 0,604ms
[2024-08-04T18:14:50.725+0300][56,032s][info][gc] GC(720) Pause Young (Allocation Failure) 398M->58M(1023M) 0,631ms
[2024-08-04T18:14:50.789+0300][56,096s][info][gc] GC(721) Pause Young (Allocation Failure) 398M->58M(1023M) 0,662ms
[2024-08-04T18:14:50.847+0300][56,155s][info][gc] GC(722) Pause Young (Allocation Failure) 398M->58M(1023M) 0,581ms
[2024-08-04T18:14:50.912+0300][56,219s][info][gc] GC(723) Pause Young (Allocation Failure) 398M->58M(1023M) 0,784ms
[2024-08-04T18:14:50.971+0300][56,278s][info][gc] GC(724) Pause Young (Allocation Failure) 398M->58M(1023M) 0,805ms
[2024-08-04T18:14:51.037+0300][56,344s][info][gc] GC(725) Pause Young (Allocation Failure) 398M->59M(1023M) 0,963ms
[2024-08-04T18:14:51.103+0300][56,410s][info][gc] GC(726) Pause Young (Allocation Failure) 399M->59M(1023M) 0,613ms
[2024-08-04T18:14:51.164+0300][56,471s][info][gc] GC(727) Pause Young (Allocation Failure) 399M->59M(1023M) 0,549ms
[2024-08-04T18:14:51.226+0300][56,533s][info][gc] GC(728) Pause Young (Allocation Failure) 399M->59M(1023M) 0,636ms
[2024-08-04T18:14:51.292+0300][56,600s][info][gc] GC(729) Pause Young (Allocation Failure) 399M->59M(1023M) 0,750ms
[2024-08-04T18:14:51.360+0300][56,667s][info][gc] GC(730) Pause Young (Allocation Failure) 399M->59M(1023M) 0,783ms
[2024-08-04T18:14:51.426+0300][56,734s][info][gc] GC(731) Pause Young (Allocation Failure) 399M->59M(1023M) 0,725ms
[2024-08-04T18:14:51.494+0300][56,802s][info][gc] GC(732) Pause Young (Allocation Failure) 399M->59M(1023M) 0,767ms
[2024-08-04T18:14:51.558+0300][56,865s][info][gc] GC(733) Pause Young (Allocation Failure) 399M->59M(1023M) 0,552ms
[2024-08-04T18:14:51.628+0300][56,935s][info][gc] GC(734) Pause Young (Allocation Failure) 399M->59M(1023M) 0,666ms
[2024-08-04T18:14:51.697+0300][57,005s][info][gc] GC(735) Pause Young (Allocation Failure) 399M->59M(1023M) 0,814ms
[2024-08-04T18:14:51.766+0300][57,073s][info][gc] GC(736) Pause Young (Allocation Failure) 399M->59M(1023M) 0,787ms
[2024-08-04T18:14:51.835+0300][57,142s][info][gc] GC(737) Pause Young (Allocation Failure) 399M->59M(1023M) 0,786ms
[2024-08-04T18:14:51.899+0300][57,206s][info][gc] GC(738) Pause Young (Allocation Failure) 399M->59M(1023M) 0,641ms
[2024-08-04T18:14:51.968+0300][57,276s][info][gc] GC(739) Pause Young (Allocation Failure) 399M->60M(1023M) 0,791ms
[2024-08-04T18:14:52.032+0300][57,340s][info][gc] GC(740) Pause Young (Allocation Failure) 400M->60M(1023M) 0,718ms
[2024-08-04T18:14:52.098+0300][57,405s][info][gc] GC(741) Pause Young (Allocation Failure) 400M->60M(1023M) 0,755ms
[2024-08-04T18:14:52.167+0300][57,475s][info][gc] GC(742) Pause Young (Allocation Failure) 400M->60M(1023M) 0,759ms
[2024-08-04T18:14:52.232+0300][57,539s][info][gc] GC(743) Pause Young (Allocation Failure) 400M->60M(1023M) 0,600ms
[2024-08-04T18:14:52.296+0300][57,603s][info][gc] GC(744) Pause Young (Allocation Failure) 400M->60M(1023M) 0,671ms
[2024-08-04T18:14:52.360+0300][57,668s][info][gc] GC(745) Pause Young (Allocation Failure) 400M->60M(1023M) 0,810ms
[2024-08-04T18:14:52.425+0300][57,732s][info][gc] GC(746) Pause Young (Allocation Failure) 400M->60M(1023M) 0,453ms
[2024-08-04T18:14:52.492+0300][57,800s][info][gc] GC(747) Pause Young (Allocation Failure) 400M->60M(1023M) 0,550ms
[2024-08-04T18:14:52.571+0300][57,878s][info][gc] GC(748) Pause Young (Allocation Failure) 400M->60M(1023M) 0,750ms
[2024-08-04T18:14:52.641+0300][57,949s][info][gc] GC(749) Pause Young (Allocation Failure) 400M->60M(1023M) 0,710ms
[2024-08-04T18:14:52.705+0300][58,012s][info][gc] GC(750) Pause Young (Allocation Failure) 400M->60M(1023M) 0,701ms
[2024-08-04T18:14:52.770+0300][58,077s][info][gc] GC(751) Pause Young (Allocation Failure) 400M->60M(1023M) 0,965ms
[2024-08-04T18:14:52.839+0300][58,146s][info][gc] GC(752) Pause Young (Allocation Failure) 400M->60M(1023M) 0,838ms
[2024-08-04T18:14:52.908+0300][58,216s][info][gc] GC(753) Pause Young (Allocation Failure) 400M->60M(1023M) 0,645ms
[2024-08-04T18:14:52.980+0300][58,288s][info][gc] GC(754) Pause Young (Allocation Failure) 400M->61M(1023M) 0,702ms
[2024-08-04T18:14:53.057+0300][58,364s][info][gc] GC(755) Pause Young (Allocation Failure) 401M->61M(1023M) 0,889ms
[2024-08-04T18:14:53.127+0300][58,435s][info][gc] GC(756) Pause Young (Allocation Failure) 401M->61M(1023M) 0,776ms
[2024-08-04T18:14:53.201+0300][58,508s][info][gc] GC(757) Pause Young (Allocation Failure) 401M->61M(1023M) 0,908ms
[2024-08-04T18:14:53.272+0300][58,579s][info][gc] GC(758) Pause Young (Allocation Failure) 401M->61M(1023M) 0,596ms
[2024-08-04T18:14:53.345+0300][58,652s][info][gc] GC(759) Pause Young (Allocation Failure) 401M->61M(1023M) 0,607ms
[2024-08-04T18:14:53.430+0300][58,737s][info][gc] GC(760) Pause Young (Allocation Failure) 401M->61M(1023M) 0,840ms
[2024-08-04T18:14:53.516+0300][58,823s][info][gc] GC(761) Pause Young (Allocation Failure) 401M->61M(1023M) 0,528ms
[2024-08-04T18:14:53.586+0300][58,894s][info][gc] GC(762) Pause Young (Allocation Failure) 401M->61M(1023M) 0,650ms
[2024-08-04T18:14:53.660+0300][58,968s][info][gc] GC(763) Pause Young (Allocation Failure) 401M->61M(1023M) 0,532ms
[2024-08-04T18:14:53.742+0300][59,050s][info][gc] GC(764) Pause Young (Allocation Failure) 401M->61M(1023M) 0,777ms
[2024-08-04T18:14:53.821+0300][59,129s][info][gc] GC(765) Pause Young (Allocation Failure) 401M->61M(1023M) 0,835ms
[2024-08-04T18:14:53.899+0300][59,206s][info][gc] GC(766) Pause Young (Allocation Failure) 401M->61M(1023M) 0,848ms
[2024-08-04T18:14:53.977+0300][59,285s][info][gc] GC(767) Pause Young (Allocation Failure) 401M->61M(1023M) 0,733ms
[2024-08-04T18:14:54.056+0300][59,363s][info][gc] GC(768) Pause Young (Allocation Failure) 401M->62M(1023M) 0,825ms
[2024-08-04T18:14:54.135+0300][59,442s][info][gc] GC(769) Pause Young (Allocation Failure) 402M->62M(1023M) 0,820ms
[2024-08-04T18:14:54.209+0300][59,516s][info][gc] GC(770) Pause Young (Allocation Failure) 402M->62M(1023M) 0,798ms
[2024-08-04T18:14:54.283+0300][59,591s][info][gc] GC(771) Pause Young (Allocation Failure) 402M->62M(1023M) 0,648ms
[2024-08-04T18:14:54.358+0300][59,665s][info][gc] GC(772) Pause Young (Allocation Failure) 402M->62M(1023M) 0,761ms
[2024-08-04T18:14:54.439+0300][59,746s][info][gc] GC(773) Pause Young (Allocation Failure) 402M->62M(1023M) 0,707ms
[2024-08-04T18:14:54.524+0300][59,831s][info][gc] GC(774) Pause Young (Allocation Failure) 402M->62M(1023M) 0,776ms
[2024-08-04T18:14:54.597+0300][59,904s][info][gc] GC(775) Pause Young (Allocation Failure) 402M->62M(1023M) 0,826ms
[2024-08-04T18:14:54.674+0300][59,982s][info][gc] GC(776) Pause Young (Allocation Failure) 402M->62M(1023M) 0,788ms
[2024-08-04T18:14:54.747+0300][60,055s][info][gc] GC(777) Pause Young (Allocation Failure) 402M->62M(1023M) 0,665ms
[2024-08-04T18:14:54.821+0300][60,129s][info][gc] GC(778) Pause Young (Allocation Failure) 402M->62M(1023M) 0,953ms
[2024-08-04T18:14:54.901+0300][60,208s][info][gc] GC(779) Pause Young (Allocation Failure) 402M->62M(1023M) 0,828ms
[2024-08-04T18:14:54.975+0300][60,283s][info][gc] GC(780) Pause Young (Allocation Failure) 402M->62M(1023M) 0,717ms
[2024-08-04T18:14:55.050+0300][60,357s][info][gc] GC(781) Pause Young (Allocation Failure) 402M->62M(1023M) 0,840ms
[2024-08-04T18:14:55.124+0300][60,432s][info][gc] GC(782) Pause Young (Allocation Failure) 402M->63M(1023M) 0,800ms
[2024-08-04T18:14:55.205+0300][60,512s][info][gc] GC(783) Pause Young (Allocation Failure) 403M->63M(1023M) 0,890ms
[2024-08-04T18:14:55.286+0300][60,593s][info][gc] GC(784) Pause Young (Allocation Failure) 403M->63M(1023M) 0,671ms
[2024-08-04T18:14:55.367+0300][60,674s][info][gc] GC(785) Pause Young (Allocation Failure) 403M->63M(1023M) 0,868ms
[2024-08-04T18:14:55.454+0300][60,761s][info][gc] GC(786) Pause Young (Allocation Failure) 403M->63M(1023M) 0,822ms
[2024-08-04T18:14:55.533+0300][60,840s][info][gc] GC(787) Pause Young (Allocation Failure) 403M->63M(1023M) 0,969ms
[2024-08-04T18:14:55.611+0300][60,918s][info][gc] GC(788) Pause Young (Allocation Failure) 403M->63M(1023M) 0,878ms
[2024-08-04T18:14:55.687+0300][60,995s][info][gc] GC(789) Pause Young (Allocation Failure) 403M->63M(1023M) 0,669ms
[2024-08-04T18:14:55.766+0300][61,073s][info][gc] GC(790) Pause Young (Allocation Failure) 403M->63M(1023M) 0,706ms
[2024-08-04T18:14:55.849+0300][61,156s][info][gc] GC(791) Pause Young (Allocation Failure) 403M->63M(1023M) 0,579ms
[2024-08-04T18:14:55.929+0300][61,236s][info][gc] GC(792) Pause Young (Allocation Failure) 403M->63M(1023M) 0,575ms
[2024-08-04T18:14:56.014+0300][61,321s][info][gc] GC(793) Pause Young (Allocation Failure) 403M->63M(1023M) 0,784ms
[2024-08-04T18:14:56.098+0300][61,405s][info][gc] GC(794) Pause Young (Allocation Failure) 403M->63M(1023M) 0,804ms
[2024-08-04T18:14:56.177+0300][61,485s][info][gc] GC(795) Pause Young (Allocation Failure) 403M->63M(1023M) 0,820ms
[2024-08-04T18:14:56.261+0300][61,569s][info][gc] GC(796) Pause Young (Allocation Failure) 403M->63M(1023M) 0,864ms
[2024-08-04T18:14:56.341+0300][61,649s][info][gc] GC(797) Pause Young (Allocation Failure) 403M->64M(1023M) 0,975ms
[2024-08-04T18:14:56.424+0300][61,731s][info][gc] GC(798) Pause Young (Allocation Failure) 404M->64M(1023M) 0,789ms
[2024-08-04T18:14:56.512+0300][61,819s][info][gc] GC(799) Pause Young (Allocation Failure) 404M->64M(1023M) 0,686ms
[2024-08-04T18:14:56.597+0300][61,905s][info][gc] GC(800) Pause Young (Allocation Failure) 404M->64M(1023M) 0,802ms
[2024-08-04T18:14:56.683+0300][61,990s][info][gc] GC(801) Pause Young (Allocation Failure) 404M->64M(1023M) 0,871ms
[2024-08-04T18:14:56.773+0300][62,081s][info][gc] GC(802) Pause Young (Allocation Failure) 404M->64M(1023M) 0,660ms
[2024-08-04T18:14:56.859+0300][62,166s][info][gc] GC(803) Pause Young (Allocation Failure) 404M->64M(1023M) 1,022ms
[2024-08-04T18:14:56.949+0300][62,257s][info][gc] GC(804) Pause Young (Allocation Failure) 404M->64M(1023M) 0,879ms
[2024-08-04T18:14:57.036+0300][62,343s][info][gc] GC(805) Pause Young (Allocation Failure) 404M->64M(1023M) 0,714ms
[2024-08-04T18:14:57.123+0300][62,430s][info][gc] GC(806) Pause Young (Allocation Failure) 404M->64M(1023M) 1,126ms
[2024-08-04T18:14:57.214+0300][62,522s][info][gc] GC(807) Pause Young (Allocation Failure) 404M->64M(1023M) 0,795ms
[2024-08-04T18:14:57.303+0300][62,610s][info][gc] GC(808) Pause Young (Allocation Failure) 404M->64M(1023M) 0,991ms
[2024-08-04T18:14:57.395+0300][62,703s][info][gc] GC(809) Pause Young (Allocation Failure) 404M->64M(1023M) 0,637ms
[2024-08-04T18:14:57.487+0300][62,795s][info][gc] GC(810) Pause Young (Allocation Failure) 404M->64M(1023M) 0,771ms
[2024-08-04T18:14:57.576+0300][62,884s][info][gc] GC(811) Pause Young (Allocation Failure) 404M->65M(1023M) 0,794ms
[2024-08-04T18:14:57.669+0300][62,977s][info][gc] GC(812) Pause Young (Allocation Failure) 405M->65M(1023M) 0,965ms
[2024-08-04T18:14:57.762+0300][63,070s][info][gc] GC(813) Pause Young (Allocation Failure) 405M->65M(1023M) 0,862ms
[2024-08-04T18:14:57.849+0300][63,157s][info][gc] GC(814) Pause Young (Allocation Failure) 405M->65M(1023M) 0,799ms
[2024-08-04T18:14:57.938+0300][63,246s][info][gc] GC(815) Pause Young (Allocation Failure) 405M->65M(1023M) 0,866ms
[2024-08-04T18:14:58.031+0300][63,339s][info][gc] GC(816) Pause Young (Allocation Failure) 405M->65M(1023M) 1,017ms
[2024-08-04T18:14:58.125+0300][63,432s][info][gc] GC(817) Pause Young (Allocation Failure) 405M->65M(1023M) 0,890ms
[2024-08-04T18:14:58.213+0300][63,521s][info][gc] GC(818) Pause Young (Allocation Failure) 405M->65M(1023M) 0,733ms
[2024-08-04T18:14:58.307+0300][63,615s][info][gc] GC(819) Pause Young (Allocation Failure) 405M->65M(1023M) 0,801ms
[2024-08-04T18:14:58.397+0300][63,704s][info][gc] GC(820) Pause Young (Allocation Failure) 405M->65M(1023M) 0,703ms
[2024-08-04T18:14:58.493+0300][63,800s][info][gc] GC(821) Pause Young (Allocation Failure) 405M->65M(1023M) 0,599ms
[2024-08-04T18:14:58.591+0300][63,899s][info][gc] GC(822) Pause Young (Allocation Failure) 405M->65M(1023M) 0,761ms
[2024-08-04T18:14:58.687+0300][63,995s][info][gc] GC(823) Pause Young (Allocation Failure) 405M->65M(1023M) 0,680ms
[2024-08-04T18:14:58.780+0300][64,088s][info][gc] GC(824) Pause Young (Allocation Failure) 405M->65M(1023M) 0,623ms
[2024-08-04T18:14:58.872+0300][64,180s][info][gc] GC(825) Pause Young (Allocation Failure) 405M->66M(1023M) 0,608ms
[2024-08-04T18:14:58.968+0300][64,275s][info][gc] GC(826) Pause Young (Allocation Failure) 406M->66M(1023M) 0,531ms
[2024-08-04T18:14:59.060+0300][64,368s][info][gc] GC(827) Pause Young (Allocation Failure) 406M->66M(1023M) 0,636ms
[2024-08-04T18:14:59.153+0300][64,460s][info][gc] GC(828) Pause Young (Allocation Failure) 406M->66M(1023M) 0,701ms
[2024-08-04T18:14:59.250+0300][64,558s][info][gc] GC(829) Pause Young (Allocation Failure) 406M->66M(1023M) 0,866ms
[2024-08-04T18:14:59.346+0300][64,653s][info][gc] GC(830) Pause Young (Allocation Failure) 406M->66M(1023M) 0,584ms
[2024-08-04T18:14:59.442+0300][64,750s][info][gc] GC(831) Pause Young (Allocation Failure) 406M->66M(1023M) 0,696ms
[2024-08-04T18:14:59.536+0300][64,843s][info][gc] GC(832) Pause Young (Allocation Failure) 406M->66M(1023M) 0,753ms
[2024-08-04T18:14:59.629+0300][64,936s][info][gc] GC(833) Pause Young (Allocation Failure) 406M->66M(1023M) 0,860ms
[2024-08-04T18:14:59.721+0300][65,028s][info][gc] GC(834) Pause Young (Allocation Failure) 406M->66M(1023M) 0,798ms
[2024-08-04T18:14:59.809+0300][65,116s][info][gc] GC(835) Pause Young (Allocation Failure) 406M->66M(1023M) 0,661ms
[2024-08-04T18:14:59.901+0300][65,208s][info][gc] GC(836) Pause Young (Allocation Failure) 406M->66M(1023M) 0,962ms
[2024-08-04T18:14:59.997+0300][65,304s][info][gc] GC(837) Pause Young (Allocation Failure) 406M->66M(1023M) 0,600ms
[2024-08-04T18:15:00.094+0300][65,401s][info][gc] GC(838) Pause Young (Allocation Failure) 406M->66M(1023M) 0,966ms
[2024-08-04T18:15:00.186+0300][65,493s][info][gc] GC(839) Pause Young (Allocation Failure) 406M->67M(1023M) 0,831ms
[2024-08-04T18:15:00.284+0300][65,591s][info][gc] GC(840) Pause Young (Allocation Failure) 407M->67M(1023M) 0,753ms
[2024-08-04T18:15:00.381+0300][65,688s][info][gc] GC(841) Pause Young (Allocation Failure) 407M->67M(1023M) 0,831ms
[2024-08-04T18:15:00.481+0300][65,789s][info][gc] GC(842) Pause Young (Allocation Failure) 407M->67M(1023M) 0,584ms
[2024-08-04T18:15:00.587+0300][65,895s][info][gc] GC(843) Pause Young (Allocation Failure) 407M->67M(1023M) 0,991ms
[2024-08-04T18:15:00.680+0300][65,987s][info][gc] GC(844) Pause Young (Allocation Failure) 407M->67M(1023M) 0,555ms
[2024-08-04T18:15:00.773+0300][66,081s][info][gc] GC(845) Pause Young (Allocation Failure) 407M->67M(1023M) 0,828ms
[2024-08-04T18:15:00.863+0300][66,171s][info][gc] GC(846) Pause Young (Allocation Failure) 407M->67M(1023M) 0,795ms
[2024-08-04T18:15:00.953+0300][66,260s][info][gc] GC(847) Pause Young (Allocation Failure) 407M->67M(1023M) 0,733ms
[2024-08-04T18:15:01.049+0300][66,356s][info][gc] GC(848) Pause Young (Allocation Failure) 407M->67M(1023M) 0,858ms
[2024-08-04T18:15:01.144+0300][66,451s][info][gc] GC(849) Pause Young (Allocation Failure) 407M->67M(1023M) 0,889ms
[2024-08-04T18:15:01.241+0300][66,548s][info][gc] GC(850) Pause Young (Allocation Failure) 407M->67M(1023M) 0,777ms
[2024-08-04T18:15:01.334+0300][66,641s][info][gc] GC(851) Pause Young (Allocation Failure) 407M->67M(1023M) 0,829ms
[2024-08-04T18:15:01.427+0300][66,734s][info][gc] GC(852) Pause Young (Allocation Failure) 407M->67M(1023M) 0,689ms
[2024-08-04T18:15:01.520+0300][66,828s][info][gc] GC(853) Pause Young (Allocation Failure) 407M->68M(1023M) 0,769ms
[2024-08-04T18:15:01.613+0300][66,920s][info][gc] GC(854) Pause Young (Allocation Failure) 408M->68M(1023M) 0,774ms
[2024-08-04T18:15:01.708+0300][67,016s][info][gc] GC(855) Pause Young (Allocation Failure) 408M->67M(1023M) 0,776ms
[2024-08-04T18:15:01.803+0300][67,111s][info][gc] GC(856) Pause Young (Allocation Failure) 407M->68M(1023M) 0,974ms
[2024-08-04T18:15:01.899+0300][67,206s][info][gc] GC(857) Pause Young (Allocation Failure) 408M->68M(1023M) 0,815ms
[2024-08-04T18:15:01.995+0300][67,302s][info][gc] GC(858) Pause Young (Allocation Failure) 408M->68M(1023M) 0,675ms
[2024-08-04T18:15:02.091+0300][67,398s][info][gc] GC(859) Pause Young (Allocation Failure) 408M->68M(1023M) 0,586ms
[2024-08-04T18:15:02.187+0300][67,494s][info][gc] GC(860) Pause Young (Allocation Failure) 408M->68M(1023M) 0,941ms
[2024-08-04T18:15:02.283+0300][67,590s][info][gc] GC(861) Pause Young (Allocation Failure) 408M->68M(1023M) 0,706ms
[2024-08-04T18:15:02.375+0300][67,682s][info][gc] GC(862) Pause Young (Allocation Failure) 408M->68M(1023M) 0,798ms
[2024-08-04T18:15:02.471+0300][67,778s][info][gc] GC(863) Pause Young (Allocation Failure) 408M->68M(1023M) 0,778ms
[2024-08-04T18:15:02.567+0300][67,875s][info][gc] GC(864) Pause Young (Allocation Failure) 408M->68M(1023M) 0,830ms
[2024-08-04T18:15:02.664+0300][67,972s][info][gc] GC(865) Pause Young (Allocation Failure) 408M->68M(1023M) 0,559ms
[2024-08-04T18:15:02.757+0300][68,064s][info][gc] GC(866) Pause Young (Allocation Failure) 408M->68M(1023M) 0,625ms
[2024-08-04T18:15:02.853+0300][68,160s][info][gc] GC(867) Pause Young (Allocation Failure) 408M->68M(1023M) 0,584ms
[2024-08-04T18:15:02.945+0300][68,253s][info][gc] GC(868) Pause Young (Allocation Failure) 408M->69M(1023M) 0,874ms
[2024-08-04T18:15:03.039+0300][68,346s][info][gc] GC(869) Pause Young (Allocation Failure) 409M->69M(1023M) 0,892ms
[2024-08-04T18:15:03.135+0300][68,442s][info][gc] GC(870) Pause Young (Allocation Failure) 409M->69M(1023M) 0,591ms
[2024-08-04T18:15:03.231+0300][68,539s][info][gc] GC(871) Pause Young (Allocation Failure) 409M->69M(1023M) 0,752ms
[2024-08-04T18:15:03.328+0300][68,635s][info][gc] GC(872) Pause Young (Allocation Failure) 409M->69M(1023M) 0,776ms
[2024-08-04T18:15:03.425+0300][68,733s][info][gc] GC(873) Pause Young (Allocation Failure) 409M->69M(1023M) 0,783ms
[2024-08-04T18:15:03.526+0300][68,833s][info][gc] GC(874) Pause Young (Allocation Failure) 409M->69M(1023M) 0,739ms
[2024-08-04T18:15:03.624+0300][68,931s][info][gc] GC(875) Pause Young (Allocation Failure) 409M->69M(1023M) 0,777ms
[2024-08-04T18:15:03.720+0300][69,027s][info][gc] GC(876) Pause Young (Allocation Failure) 409M->69M(1023M) 0,942ms
[2024-08-04T18:15:03.818+0300][69,126s][info][gc] GC(877) Pause Young (Allocation Failure) 409M->69M(1023M) 0,812ms
[2024-08-04T18:15:03.917+0300][69,225s][info][gc] GC(878) Pause Young (Allocation Failure) 409M->69M(1023M) 0,734ms
[2024-08-04T18:15:04.016+0300][69,324s][info][gc] GC(879) Pause Young (Allocation Failure) 409M->69M(1023M) 0,659ms
[2024-08-04T18:15:04.115+0300][69,423s][info][gc] GC(880) Pause Young (Allocation Failure) 409M->69M(1023M) 0,583ms
[2024-08-04T18:15:04.212+0300][69,520s][info][gc] GC(881) Pause Young (Allocation Failure) 409M->69M(1023M) 0,807ms
[2024-08-04T18:15:04.311+0300][69,618s][info][gc] GC(882) Pause Young (Allocation Failure) 409M->70M(1023M) 0,924ms
[2024-08-04T18:15:04.406+0300][69,713s][info][gc] GC(883) Pause Young (Allocation Failure) 410M->69M(1023M) 0,844ms
[2024-08-04T18:15:04.504+0300][69,811s][info][gc] GC(884) Pause Young (Allocation Failure) 409M->70M(1023M) 0,830ms
[2024-08-04T18:15:04.602+0300][69,909s][info][gc] GC(885) Pause Young (Allocation Failure) 410M->70M(1023M) 0,762ms
[2024-08-04T18:15:04.695+0300][70,003s][info][gc] GC(886) Pause Young (Allocation Failure) 410M->70M(1023M) 0,815ms
[2024-08-04T18:15:04.789+0300][70,096s][info][gc] GC(887) Pause Young (Allocation Failure) 410M->70M(1023M) 0,745ms
[2024-08-04T18:15:04.883+0300][70,190s][info][gc] GC(888) Pause Young (Allocation Failure) 410M->70M(1023M) 0,771ms
[2024-08-04T18:15:04.976+0300][70,284s][info][gc] GC(889) Pause Young (Allocation Failure) 410M->70M(1023M) 0,568ms
[2024-08-04T18:15:05.075+0300][70,382s][info][gc] GC(890) Pause Young (Allocation Failure) 410M->70M(1023M) 0,745ms
[2024-08-04T18:15:05.169+0300][70,476s][info][gc] GC(891) Pause Young (Allocation Failure) 410M->70M(1023M) 0,787ms
[2024-08-04T18:15:05.264+0300][70,571s][info][gc] GC(892) Pause Young (Allocation Failure) 410M->70M(1023M) 0,718ms
[2024-08-04T18:15:05.358+0300][70,665s][info][gc] GC(893) Pause Young (Allocation Failure) 410M->70M(1023M) 0,712ms
[2024-08-04T18:15:05.455+0300][70,762s][info][gc] GC(894) Pause Young (Allocation Failure) 410M->70M(1023M) 0,739ms
[2024-08-04T18:15:05.550+0300][70,857s][info][gc] GC(895) Pause Young (Allocation Failure) 410M->70M(1023M) 0,921ms
[2024-08-04T18:15:05.649+0300][70,957s][info][gc] GC(896) Pause Young (Allocation Failure) 410M->71M(1023M) 0,789ms
[2024-08-04T18:15:05.748+0300][71,055s][info][gc] GC(897) Pause Young (Allocation Failure) 411M->71M(1023M) 0,597ms
[2024-08-04T18:15:05.847+0300][71,154s][info][gc] GC(898) Pause Young (Allocation Failure) 411M->71M(1023M) 0,659ms
[2024-08-04T18:15:05.941+0300][71,249s][info][gc] GC(899) Pause Young (Allocation Failure) 411M->71M(1023M) 0,503ms
[2024-08-04T18:15:06.053+0300][71,361s][info][gc] GC(900) Pause Young (Allocation Failure) 411M->71M(1023M) 1,793ms
[2024-08-04T18:15:06.125+0300][71,433s][info][gc] GC(901) Pause Young (Allocation Failure) 411M->71M(1023M) 2,637ms
[2024-08-04T18:15:06.187+0300][71,495s][info][gc] GC(902) Pause Young (Allocation Failure) 411M->71M(1023M) 1,548ms
[2024-08-04T18:15:06.249+0300][71,556s][info][gc] GC(903) Pause Young (Allocation Failure) 411M->71M(1022M) 1,482ms
[2024-08-04T18:15:06.314+0300][71,622s][info][gc] GC(904) Pause Young (Allocation Failure) 410M->71M(1023M) 1,190ms
[2024-08-04T18:15:06.374+0300][71,681s][info][gc] GC(905) Pause Young (Allocation Failure) 410M->71M(1023M) 1,249ms
[2024-08-04T18:15:06.438+0300][71,746s][info][gc] GC(906) Pause Young (Allocation Failure) 410M->72M(1023M) 0,963ms
[2024-08-04T18:15:06.502+0300][71,810s][info][gc] GC(907) Pause Young (Allocation Failure) 411M->72M(1023M) 0,962ms
[2024-08-04T18:15:06.566+0300][71,873s][info][gc] GC(908) Pause Young (Allocation Failure) 411M->72M(1023M) 1,014ms
[2024-08-04T18:15:06.630+0300][71,937s][info][gc] GC(909) Pause Young (Allocation Failure) 411M->72M(1023M) 0,984ms
[2024-08-04T18:15:06.694+0300][72,001s][info][gc] GC(910) Pause Young (Allocation Failure) 412M->72M(1023M) 1,075ms
[2024-08-04T18:15:06.757+0300][72,064s][info][gc] GC(911) Pause Young (Allocation Failure) 412M->72M(1023M) 0,969ms
[2024-08-04T18:15:06.814+0300][72,122s][info][gc] GC(912) Pause Young (Allocation Failure) 412M->72M(1023M) 0,864ms
[2024-08-04T18:15:06.871+0300][72,179s][info][gc] GC(913) Pause Young (Allocation Failure) 412M->72M(1023M) 0,844ms
[2024-08-04T18:15:06.934+0300][72,241s][info][gc] GC(914) Pause Young (Allocation Failure) 412M->72M(1023M) 1,169ms
[2024-08-04T18:15:06.996+0300][72,303s][info][gc] GC(915) Pause Young (Allocation Failure) 412M->72M(1023M) 0,809ms
[2024-08-04T18:15:07.052+0300][72,360s][info][gc] GC(916) Pause Young (Allocation Failure) 412M->72M(1023M) 1,012ms
[2024-08-04T18:15:07.108+0300][72,416s][info][gc] GC(917) Pause Young (Allocation Failure) 412M->72M(1023M) 0,942ms
[2024-08-04T18:15:07.170+0300][72,478s][info][gc] GC(918) Pause Young (Allocation Failure) 412M->72M(1023M) 0,730ms
[2024-08-04T18:15:07.227+0300][72,534s][info][gc] GC(919) Pause Young (Allocation Failure) 412M->72M(1023M) 1,009ms
[2024-08-04T18:15:07.290+0300][72,597s][info][gc] GC(920) Pause Young (Allocation Failure) 412M->73M(1023M) 0,937ms
[2024-08-04T18:15:07.352+0300][72,659s][info][gc] GC(921) Pause Young (Allocation Failure) 413M->73M(1023M) 0,912ms
[2024-08-04T18:15:07.414+0300][72,722s][info][gc] GC(922) Pause Young (Allocation Failure) 413M->73M(1023M) 0,901ms
[2024-08-04T18:15:07.477+0300][72,785s][info][gc] GC(923) Pause Young (Allocation Failure) 413M->73M(1023M) 0,988ms
[2024-08-04T18:15:07.540+0300][72,847s][info][gc] GC(924) Pause Young (Allocation Failure) 413M->73M(1023M) 0,691ms
[2024-08-04T18:15:07.596+0300][72,903s][info][gc] GC(925) Pause Young (Allocation Failure) 413M->73M(1023M) 0,851ms
[2024-08-04T18:15:07.658+0300][72,965s][info][gc] GC(926) Pause Young (Allocation Failure) 413M->73M(1023M) 0,638ms
[2024-08-04T18:15:07.714+0300][73,021s][info][gc] GC(927) Pause Young (Allocation Failure) 413M->73M(1023M) 0,925ms
[2024-08-04T18:15:07.771+0300][73,078s][info][gc] GC(928) Pause Young (Allocation Failure) 413M->73M(1023M) 0,950ms
[2024-08-04T18:15:07.827+0300][73,135s][info][gc] GC(929) Pause Young (Allocation Failure) 413M->73M(1023M) 0,851ms
[2024-08-04T18:15:07.890+0300][73,197s][info][gc] GC(930) Pause Young (Allocation Failure) 413M->73M(1023M) 0,776ms
[2024-08-04T18:15:07.952+0300][73,260s][info][gc] GC(931) Pause Young (Allocation Failure) 413M->73M(1023M) 0,891ms
[2024-08-04T18:15:08.015+0300][73,323s][info][gc] GC(932) Pause Young (Allocation Failure) 413M->73M(1023M) 0,763ms
[2024-08-04T18:15:08.072+0300][73,379s][info][gc] GC(933) Pause Young (Allocation Failure) 413M->73M(1023M) 0,971ms
[2024-08-04T18:15:08.134+0300][73,441s][info][gc] GC(934) Pause Young (Allocation Failure) 413M->74M(1023M) 0,825ms
[2024-08-04T18:15:08.196+0300][73,503s][info][gc] GC(935) Pause Young (Allocation Failure) 414M->74M(1023M) 0,888ms
[2024-08-04T18:15:08.257+0300][73,565s][info][gc] GC(936) Pause Young (Allocation Failure) 414M->74M(1023M) 0,809ms
[2024-08-04T18:15:08.320+0300][73,627s][info][gc] GC(937) Pause Young (Allocation Failure) 414M->74M(1023M) 0,863ms
[2024-08-04T18:15:08.376+0300][73,683s][info][gc] GC(938) Pause Young (Allocation Failure) 414M->74M(1023M) 0,900ms
[2024-08-04T18:15:08.438+0300][73,745s][info][gc] GC(939) Pause Young (Allocation Failure) 414M->74M(1023M) 0,910ms
[2024-08-04T18:15:08.500+0300][73,807s][info][gc] GC(940) Pause Young (Allocation Failure) 414M->74M(1023M) 0,870ms
[2024-08-04T18:15:08.563+0300][73,870s][info][gc] GC(941) Pause Young (Allocation Failure) 414M->74M(1023M) 0,959ms
[2024-08-04T18:15:08.619+0300][73,927s][info][gc] GC(942) Pause Young (Allocation Failure) 414M->74M(1023M) 0,848ms
[2024-08-04T18:15:08.682+0300][73,989s][info][gc] GC(943) Pause Young (Allocation Failure) 414M->74M(1023M) 1,017ms
[2024-08-04T18:15:08.745+0300][74,053s][info][gc] GC(944) Pause Young (Allocation Failure) 414M->74M(1023M) 0,825ms
[2024-08-04T18:15:08.803+0300][74,110s][info][gc] GC(945) Pause Young (Allocation Failure) 414M->74M(1023M) 0,676ms
[2024-08-04T18:15:08.861+0300][74,168s][info][gc] GC(946) Pause Young (Allocation Failure) 414M->74M(1023M) 0,808ms
[2024-08-04T18:15:08.924+0300][74,232s][info][gc] GC(947) Pause Young (Allocation Failure) 414M->74M(1023M) 0,775ms
[2024-08-04T18:15:08.988+0300][74,296s][info][gc] GC(948) Pause Young (Allocation Failure) 414M->75M(1023M) 0,660ms
[2024-08-04T18:15:09.046+0300][74,353s][info][gc] GC(949) Pause Young (Allocation Failure) 415M->74M(1023M) 0,624ms
[2024-08-04T18:15:09.103+0300][74,411s][info][gc] GC(950) Pause Young (Allocation Failure) 414M->75M(1023M) 0,753ms
[2024-08-04T18:15:09.161+0300][74,469s][info][gc] GC(951) Pause Young (Allocation Failure) 415M->75M(1023M) 0,808ms
[2024-08-04T18:15:09.223+0300][74,530s][info][gc] GC(952) Pause Young (Allocation Failure) 415M->75M(1023M) 0,911ms
[2024-08-04T18:15:09.288+0300][74,595s][info][gc] GC(953) Pause Young (Allocation Failure) 415M->75M(1023M) 0,590ms
[2024-08-04T18:15:09.346+0300][74,654s][info][gc] GC(954) Pause Young (Allocation Failure) 415M->75M(1023M) 0,870ms
[2024-08-04T18:15:09.405+0300][74,713s][info][gc] GC(955) Pause Young (Allocation Failure) 415M->75M(1023M) 0,861ms
[2024-08-04T18:15:09.472+0300][74,779s][info][gc] GC(956) Pause Young (Allocation Failure) 415M->75M(1023M) 0,790ms
[2024-08-04T18:15:09.538+0300][74,845s][info][gc] GC(957) Pause Young (Allocation Failure) 415M->75M(1023M) 0,797ms
[2024-08-04T18:15:09.604+0300][74,911s][info][gc] GC(958) Pause Young (Allocation Failure) 415M->75M(1023M) 0,706ms
[2024-08-04T18:15:09.670+0300][74,977s][info][gc] GC(959) Pause Young (Allocation Failure) 415M->75M(1023M) 0,832ms
[2024-08-04T18:15:09.736+0300][75,043s][info][gc] GC(960) Pause Young (Allocation Failure) 415M->75M(1023M) 0,810ms
[2024-08-04T18:15:09.799+0300][75,107s][info][gc] GC(961) Pause Young (Allocation Failure) 415M->75M(1023M) 0,904ms
[2024-08-04T18:15:09.862+0300][75,170s][info][gc] GC(962) Pause Young (Allocation Failure) 415M->76M(1023M) 0,909ms
[2024-08-04T18:15:09.923+0300][75,231s][info][gc] GC(963) Pause Young (Allocation Failure) 416M->75M(1023M) 0,704ms
[2024-08-04T18:15:09.985+0300][75,293s][info][gc] GC(964) Pause Young (Allocation Failure) 415M->76M(1023M) 0,795ms
[2024-08-04T18:15:10.053+0300][75,360s][info][gc] GC(965) Pause Young (Allocation Failure) 416M->76M(1023M) 0,718ms
[2024-08-04T18:15:10.120+0300][75,427s][info][gc] GC(966) Pause Young (Allocation Failure) 416M->76M(1023M) 0,903ms
[2024-08-04T18:15:10.183+0300][75,490s][info][gc] GC(967) Pause Young (Allocation Failure) 416M->76M(1023M) 0,775ms
[2024-08-04T18:15:10.252+0300][75,560s][info][gc] GC(968) Pause Young (Allocation Failure) 416M->76M(1023M) 0,663ms
[2024-08-04T18:15:10.322+0300][75,629s][info][gc] GC(969) Pause Young (Allocation Failure) 416M->76M(1023M) 0,900ms
[2024-08-04T18:15:10.392+0300][75,700s][info][gc] GC(970) Pause Young (Allocation Failure) 416M->76M(1023M) 0,562ms
[2024-08-04T18:15:10.464+0300][75,772s][info][gc] GC(971) Pause Young (Allocation Failure) 416M->76M(1023M) 0,658ms
[2024-08-04T18:15:10.531+0300][75,838s][info][gc] GC(972) Pause Young (Allocation Failure) 416M->76M(1023M) 0,949ms
[2024-08-04T18:15:10.599+0300][75,906s][info][gc] GC(973) Pause Young (Allocation Failure) 416M->76M(1023M) 0,924ms
[2024-08-04T18:15:10.662+0300][75,969s][info][gc] GC(974) Pause Young (Allocation Failure) 416M->76M(1023M) 0,900ms
[2024-08-04T18:15:10.731+0300][76,038s][info][gc] GC(975) Pause Young (Allocation Failure) 416M->76M(1023M) 0,890ms
[2024-08-04T18:15:10.801+0300][76,108s][info][gc] GC(976) Pause Young (Allocation Failure) 416M->77M(1023M) 0,711ms
[2024-08-04T18:15:10.867+0300][76,175s][info][gc] GC(977) Pause Young (Allocation Failure) 417M->77M(1023M) 0,727ms
[2024-08-04T18:15:10.941+0300][76,249s][info][gc] GC(978) Pause Young (Allocation Failure) 417M->77M(1023M) 1,052ms
[2024-08-04T18:15:11.014+0300][76,321s][info][gc] GC(979) Pause Young (Allocation Failure) 417M->77M(1023M) 0,671ms
[2024-08-04T18:15:11.088+0300][76,396s][info][gc] GC(980) Pause Young (Allocation Failure) 417M->77M(1023M) 0,907ms
[2024-08-04T18:15:11.162+0300][76,470s][info][gc] GC(981) Pause Young (Allocation Failure) 417M->77M(1023M) 0,662ms
[2024-08-04T18:15:11.231+0300][76,539s][info][gc] GC(982) Pause Young (Allocation Failure) 417M->77M(1023M) 0,678ms
[2024-08-04T18:15:11.298+0300][76,606s][info][gc] GC(983) Pause Young (Allocation Failure) 417M->77M(1023M) 0,880ms
[2024-08-04T18:15:11.366+0300][76,674s][info][gc] GC(984) Pause Young (Allocation Failure) 417M->77M(1023M) 0,869ms
[2024-08-04T18:15:11.436+0300][76,744s][info][gc] GC(985) Pause Young (Allocation Failure) 417M->77M(1023M) 0,844ms
[2024-08-04T18:15:11.507+0300][76,815s][info][gc] GC(986) Pause Young (Allocation Failure) 417M->77M(1023M) 0,818ms
[2024-08-04T18:15:11.580+0300][76,888s][info][gc] GC(987) Pause Young (Allocation Failure) 417M->77M(1023M) 0,912ms
[2024-08-04T18:15:11.658+0300][76,966s][info][gc] GC(988) Pause Young (Allocation Failure) 417M->77M(1023M) 1,035ms
[2024-08-04T18:15:11.738+0300][77,045s][info][gc] GC(989) Pause Young (Allocation Failure) 417M->77M(1023M) 0,988ms
[2024-08-04T18:15:11.818+0300][77,125s][info][gc] GC(990) Pause Young (Allocation Failure) 417M->77M(1023M) 0,744ms
[2024-08-04T18:15:11.893+0300][77,201s][info][gc] GC(991) Pause Young (Allocation Failure) 417M->78M(1023M) 0,646ms
[2024-08-04T18:15:11.975+0300][77,282s][info][gc] GC(992) Pause Young (Allocation Failure) 418M->77M(1023M) 0,910ms
[2024-08-04T18:15:12.051+0300][77,359s][info][gc] GC(993) Pause Young (Allocation Failure) 417M->78M(1023M) 0,982ms
[2024-08-04T18:15:12.133+0300][77,440s][info][gc] GC(994) Pause Young (Allocation Failure) 418M->78M(1023M) 0,660ms
[2024-08-04T18:15:12.214+0300][77,521s][info][gc] GC(995) Pause Young (Allocation Failure) 418M->78M(1023M) 0,716ms
[2024-08-04T18:15:12.291+0300][77,598s][info][gc] GC(996) Pause Young (Allocation Failure) 418M->78M(1023M) 0,773ms
[2024-08-04T18:15:12.368+0300][77,676s][info][gc] GC(997) Pause Young (Allocation Failure) 418M->78M(1023M) 0,639ms
[2024-08-04T18:15:12.451+0300][77,759s][info][gc] GC(998) Pause Young (Allocation Failure) 418M->78M(1023M) 0,692ms
[2024-08-04T18:15:12.528+0300][77,836s][info][gc] GC(999) Pause Young (Allocation Failure) 418M->78M(1023M) 0,660ms
[2024-08-04T18:15:12.612+0300][77,919s][info][gc] GC(1000) Pause Young (Allocation Failure) 418M->78M(1023M) 0,669ms
[2024-08-04T18:15:12.690+0300][77,998s][info][gc] GC(1001) Pause Young (Allocation Failure) 418M->78M(1023M) 0,940ms
[2024-08-04T18:15:12.766+0300][78,073s][info][gc] GC(1002) Pause Young (Allocation Failure) 418M->78M(1023M) 0,661ms
[2024-08-04T18:15:12.849+0300][78,157s][info][gc] GC(1003) Pause Young (Allocation Failure) 418M->78M(1023M) 0,540ms
[2024-08-04T18:15:12.929+0300][78,237s][info][gc] GC(1004) Pause Young (Allocation Failure) 418M->78M(1023M) 0,738ms
[2024-08-04T18:15:13.014+0300][78,321s][info][gc] GC(1005) Pause Young (Allocation Failure) 418M->78M(1023M) 0,585ms
[2024-08-04T18:15:13.100+0300][78,407s][info][gc] GC(1006) Pause Young (Allocation Failure) 418M->79M(1023M) 0,725ms
[2024-08-04T18:15:13.187+0300][78,495s][info][gc] GC(1007) Pause Young (Allocation Failure) 419M->79M(1023M) 0,620ms
[2024-08-04T18:15:13.273+0300][78,581s][info][gc] GC(1008) Pause Young (Allocation Failure) 419M->79M(1023M) 0,610ms
[2024-08-04T18:15:13.360+0300][78,668s][info][gc] GC(1009) Pause Young (Allocation Failure) 419M->79M(1023M) 0,724ms
[2024-08-04T18:15:13.448+0300][78,755s][info][gc] GC(1010) Pause Young (Allocation Failure) 419M->79M(1023M) 0,647ms
[2024-08-04T18:15:13.532+0300][78,840s][info][gc] GC(1011) Pause Young (Allocation Failure) 419M->79M(1023M) 0,770ms
[2024-08-04T18:15:13.612+0300][78,919s][info][gc] GC(1012) Pause Young (Allocation Failure) 419M->79M(1023M) 0,751ms
[2024-08-04T18:15:13.696+0300][79,004s][info][gc] GC(1013) Pause Young (Allocation Failure) 419M->79M(1023M) 0,940ms
[2024-08-04T18:15:13.776+0300][79,083s][info][gc] GC(1014) Pause Young (Allocation Failure) 419M->79M(1023M) 0,779ms
[2024-08-04T18:15:13.863+0300][79,170s][info][gc] GC(1015) Pause Young (Allocation Failure) 419M->79M(1023M) 1,109ms
[2024-08-04T18:15:13.949+0300][79,257s][info][gc] GC(1016) Pause Young (Allocation Failure) 419M->79M(1023M) 0,879ms
[2024-08-04T18:15:14.031+0300][79,338s][info][gc] GC(1017) Pause Young (Allocation Failure) 419M->79M(1023M) 0,840ms
[2024-08-04T18:15:14.119+0300][79,427s][info][gc] GC(1018) Pause Young (Allocation Failure) 419M->79M(1023M) 0,853ms
[2024-08-04T18:15:14.208+0300][79,515s][info][gc] GC(1019) Pause Young (Allocation Failure) 419M->80M(1023M) 0,618ms
[2024-08-04T18:15:14.298+0300][79,606s][info][gc] GC(1020) Pause Young (Allocation Failure) 420M->80M(1023M) 0,719ms
[2024-08-04T18:15:14.387+0300][79,695s][info][gc] GC(1021) Pause Young (Allocation Failure) 420M->80M(1023M) 0,671ms
[2024-08-04T18:15:14.478+0300][79,786s][info][gc] GC(1022) Pause Young (Allocation Failure) 420M->80M(1023M) 0,743ms
[2024-08-04T18:15:14.565+0300][79,873s][info][gc] GC(1023) Pause Young (Allocation Failure) 420M->80M(1023M) 0,611ms
[2024-08-04T18:15:14.653+0300][79,961s][info][gc] GC(1024) Pause Young (Allocation Failure) 420M->80M(1023M) 0,610ms
[2024-08-04T18:15:14.742+0300][80,050s][info][gc] GC(1025) Pause Young (Allocation Failure) 420M->80M(1023M) 0,867ms
[2024-08-04T18:15:14.827+0300][80,135s][info][gc] GC(1026) Pause Young (Allocation Failure) 420M->80M(1023M) 0,853ms
[2024-08-04T18:15:14.915+0300][80,222s][info][gc] GC(1027) Pause Young (Allocation Failure) 420M->80M(1023M) 0,684ms
[2024-08-04T18:15:15.004+0300][80,311s][info][gc] GC(1028) Pause Young (Allocation Failure) 420M->80M(1023M) 0,640ms
[2024-08-04T18:15:15.089+0300][80,397s][info][gc] GC(1029) Pause Young (Allocation Failure) 420M->80M(1023M) 0,648ms
[2024-08-04T18:15:15.178+0300][80,486s][info][gc] GC(1030) Pause Young (Allocation Failure) 420M->80M(1023M) 0,770ms
[2024-08-04T18:15:15.270+0300][80,577s][info][gc] GC(1031) Pause Young (Allocation Failure) 420M->80M(1023M) 0,582ms
[2024-08-04T18:15:15.355+0300][80,662s][info][gc] GC(1032) Pause Young (Allocation Failure) 420M->80M(1023M) 0,713ms
[2024-08-04T18:15:15.442+0300][80,749s][info][gc] GC(1033) Pause Young (Allocation Failure) 420M->80M(1023M) 0,799ms
[2024-08-04T18:15:15.527+0300][80,835s][info][gc] GC(1034) Pause Young (Allocation Failure) 420M->81M(1023M) 0,630ms
[2024-08-04T18:15:15.622+0300][80,929s][info][gc] GC(1035) Pause Young (Allocation Failure) 421M->81M(1023M) 0,852ms
[2024-08-04T18:15:15.707+0300][81,014s][info][gc] GC(1036) Pause Young (Allocation Failure) 421M->81M(1023M) 0,868ms
[2024-08-04T18:15:15.791+0300][81,099s][info][gc] GC(1037) Pause Young (Allocation Failure) 421M->81M(1023M) 0,971ms
[2024-08-04T18:15:15.876+0300][81,183s][info][gc] GC(1038) Pause Young (Allocation Failure) 421M->81M(1023M) 0,674ms
[2024-08-04T18:15:15.965+0300][81,272s][info][gc] GC(1039) Pause Young (Allocation Failure) 421M->81M(1023M) 0,820ms
[2024-08-04T18:15:16.055+0300][81,362s][info][gc] GC(1040) Pause Young (Allocation Failure) 421M->81M(1023M) 0,662ms
[2024-08-04T18:15:16.140+0300][81,447s][info][gc] GC(1041) Pause Young (Allocation Failure) 421M->81M(1023M) 0,638ms
[2024-08-04T18:15:16.229+0300][81,537s][info][gc] GC(1042) Pause Young (Allocation Failure) 421M->81M(1023M) 0,785ms
[2024-08-04T18:15:16.320+0300][81,628s][info][gc] GC(1043) Pause Young (Allocation Failure) 421M->81M(1023M) 0,543ms
[2024-08-04T18:15:16.411+0300][81,718s][info][gc] GC(1044) Pause Young (Allocation Failure) 421M->81M(1023M) 0,606ms
[2024-08-04T18:15:16.498+0300][81,806s][info][gc] GC(1045) Pause Young (Allocation Failure) 421M->81M(1023M) 0,874ms
[2024-08-04T18:15:16.584+0300][81,892s][info][gc] GC(1046) Pause Young (Allocation Failure) 421M->81M(1023M) 0,576ms
[2024-08-04T18:15:16.671+0300][81,978s][info][gc] GC(1047) Pause Young (Allocation Failure) 421M->81M(1023M) 0,954ms
[2024-08-04T18:15:16.761+0300][82,068s][info][gc] GC(1048) Pause Young (Allocation Failure) 421M->82M(1023M) 0,705ms
[2024-08-04T18:15:16.852+0300][82,160s][info][gc] GC(1049) Pause Young (Allocation Failure) 422M->82M(1023M) 0,742ms
[2024-08-04T18:15:16.942+0300][82,250s][info][gc] GC(1050) Pause Young (Allocation Failure) 422M->82M(1023M) 0,792ms
[2024-08-04T18:15:17.029+0300][82,337s][info][gc] GC(1051) Pause Young (Allocation Failure) 422M->82M(1023M) 0,897ms
[2024-08-04T18:15:17.120+0300][82,428s][info][gc] GC(1052) Pause Young (Allocation Failure) 422M->82M(1023M) 0,570ms
[2024-08-04T18:15:17.208+0300][82,515s][info][gc] GC(1053) Pause Young (Allocation Failure) 422M->82M(1023M) 0,850ms
[2024-08-04T18:15:17.296+0300][82,603s][info][gc] GC(1054) Pause Young (Allocation Failure) 422M->82M(1023M) 0,575ms
[2024-08-04T18:15:17.387+0300][82,694s][info][gc] GC(1055) Pause Young (Allocation Failure) 422M->82M(1023M) 0,742ms
[2024-08-04T18:15:17.478+0300][82,786s][info][gc] GC(1056) Pause Young (Allocation Failure) 422M->82M(1023M) 0,817ms
[2024-08-04T18:15:17.571+0300][82,878s][info][gc] GC(1057) Pause Young (Allocation Failure) 422M->82M(1023M) 0,841ms
[2024-08-04T18:15:17.664+0300][82,971s][info][gc] GC(1058) Pause Young (Allocation Failure) 422M->82M(1023M) 0,794ms
[2024-08-04T18:15:17.752+0300][83,059s][info][gc] GC(1059) Pause Young (Allocation Failure) 422M->82M(1023M) 0,683ms
[2024-08-04T18:15:17.840+0300][83,147s][info][gc] GC(1060) Pause Young (Allocation Failure) 422M->82M(1023M) 0,783ms
[2024-08-04T18:15:17.932+0300][83,239s][info][gc] GC(1061) Pause Young (Allocation Failure) 422M->82M(1023M) 0,773ms
[2024-08-04T18:15:18.025+0300][83,332s][info][gc] GC(1062) Pause Young (Allocation Failure) 422M->83M(1023M) 0,785ms
[2024-08-04T18:15:18.113+0300][83,420s][info][gc] GC(1063) Pause Young (Allocation Failure) 423M->83M(1023M) 0,740ms
[2024-08-04T18:15:18.201+0300][83,509s][info][gc] GC(1064) Pause Young (Allocation Failure) 423M->83M(1023M) 0,850ms
[2024-08-04T18:15:18.291+0300][83,598s][info][gc] GC(1065) Pause Young (Allocation Failure) 423M->83M(1023M) 1,021ms
[2024-08-04T18:15:18.381+0300][83,688s][info][gc] GC(1066) Pause Young (Allocation Failure) 423M->83M(1023M) 0,766ms
[2024-08-04T18:15:18.472+0300][83,779s][info][gc] GC(1067) Pause Young (Allocation Failure) 423M->83M(1023M) 0,738ms
[2024-08-04T18:15:18.565+0300][83,873s][info][gc] GC(1068) Pause Young (Allocation Failure) 423M->83M(1023M) 0,767ms
[2024-08-04T18:15:18.656+0300][83,963s][info][gc] GC(1069) Pause Young (Allocation Failure) 423M->83M(1023M) 0,805ms
[2024-08-04T18:15:18.746+0300][84,053s][info][gc] GC(1070) Pause Young (Allocation Failure) 423M->83M(1023M) 0,736ms
[2024-08-04T18:15:18.836+0300][84,143s][info][gc] GC(1071) Pause Young (Allocation Failure) 423M->83M(1023M) 0,619ms
[2024-08-04T18:15:18.930+0300][84,238s][info][gc] GC(1072) Pause Young (Allocation Failure) 423M->83M(1023M) 0,715ms
[2024-08-04T18:15:19.022+0300][84,330s][info][gc] GC(1073) Pause Young (Allocation Failure) 423M->83M(1023M) 0,807ms
[2024-08-04T18:15:19.119+0300][84,426s][info][gc] GC(1074) Pause Young (Allocation Failure) 423M->83M(1023M) 0,825ms
[2024-08-04T18:15:19.216+0300][84,523s][info][gc] GC(1075) Pause Young (Allocation Failure) 423M->84M(1023M) 0,927ms
[2024-08-04T18:15:19.308+0300][84,615s][info][gc] GC(1076) Pause Young (Allocation Failure) 424M->84M(1023M) 0,768ms
[2024-08-04T18:15:19.401+0300][84,708s][info][gc] GC(1077) Pause Young (Allocation Failure) 424M->84M(1023M) 0,828ms
[2024-08-04T18:15:19.500+0300][84,807s][info][gc] GC(1078) Pause Young (Allocation Failure) 424M->84M(1023M) 0,789ms
[2024-08-04T18:15:19.592+0300][84,899s][info][gc] GC(1079) Pause Young (Allocation Failure) 424M->84M(1023M) 0,596ms
[2024-08-04T18:15:19.683+0300][84,990s][info][gc] GC(1080) Pause Young (Allocation Failure) 424M->84M(1023M) 0,581ms
[2024-08-04T18:15:19.779+0300][85,086s][info][gc] GC(1081) Pause Young (Allocation Failure) 424M->84M(1023M) 0,973ms
[2024-08-04T18:15:19.871+0300][85,178s][info][gc] GC(1082) Pause Young (Allocation Failure) 424M->84M(1023M) 0,947ms
[2024-08-04T18:15:19.962+0300][85,269s][info][gc] GC(1083) Pause Young (Allocation Failure) 424M->84M(1023M) 0,554ms
[2024-08-04T18:15:20.056+0300][85,363s][info][gc] GC(1084) Pause Young (Allocation Failure) 424M->84M(1023M) 0,829ms
[2024-08-04T18:15:20.149+0300][85,457s][info][gc] GC(1085) Pause Young (Allocation Failure) 424M->84M(1023M) 0,859ms
[2024-08-04T18:15:20.250+0300][85,558s][info][gc] GC(1086) Pause Young (Allocation Failure) 424M->84M(1023M) 0,704ms
[2024-08-04T18:15:20.349+0300][85,657s][info][gc] GC(1087) Pause Young (Allocation Failure) 424M->84M(1023M) 0,936ms
[2024-08-04T18:15:20.449+0300][85,756s][info][gc] GC(1088) Pause Young (Allocation Failure) 424M->84M(1023M) 0,997ms
[2024-08-04T18:15:20.545+0300][85,853s][info][gc] GC(1089) Pause Young (Allocation Failure) 424M->84M(1023M) 0,768ms
[2024-08-04T18:15:20.641+0300][85,949s][info][gc] GC(1090) Pause Young (Allocation Failure) 424M->85M(1023M) 0,801ms
[2024-08-04T18:15:20.735+0300][86,043s][info][gc] GC(1091) Pause Young (Allocation Failure) 425M->84M(1023M) 0,701ms
[2024-08-04T18:15:20.826+0300][86,133s][info][gc] GC(1092) Pause Young (Allocation Failure) 424M->85M(1023M) 0,724ms
[2024-08-04T18:15:20.922+0300][86,229s][info][gc] GC(1093) Pause Young (Allocation Failure) 425M->85M(1023M) 0,734ms
[2024-08-04T18:15:21.016+0300][86,323s][info][gc] GC(1094) Pause Young (Allocation Failure) 425M->85M(1023M) 0,772ms
[2024-08-04T18:15:21.111+0300][86,419s][info][gc] GC(1095) Pause Young (Allocation Failure) 425M->85M(1023M) 0,761ms
[2024-08-04T18:15:21.202+0300][86,510s][info][gc] GC(1096) Pause Young (Allocation Failure) 425M->85M(1023M) 0,639ms
[2024-08-04T18:15:21.296+0300][86,603s][info][gc] GC(1097) Pause Young (Allocation Failure) 425M->85M(1023M) 0,608ms
[2024-08-04T18:15:21.390+0300][86,697s][info][gc] GC(1098) Pause Young (Allocation Failure) 425M->85M(1023M) 0,597ms
[2024-08-04T18:15:21.487+0300][86,795s][info][gc] GC(1099) Pause Young (Allocation Failure) 425M->85M(1023M) 0,674ms
[2024-08-04T18:15:21.580+0300][86,887s][info][gc] GC(1100) Pause Young (Allocation Failure) 425M->85M(1023M) 0,760ms
[2024-08-04T18:15:21.677+0300][86,985s][info][gc] GC(1101) Pause Young (Allocation Failure) 425M->85M(1023M) 0,784ms
[2024-08-04T18:15:21.771+0300][87,078s][info][gc] GC(1102) Pause Young (Allocation Failure) 425M->85M(1023M) 0,820ms
[2024-08-04T18:15:21.869+0300][87,176s][info][gc] GC(1103) Pause Young (Allocation Failure) 425M->86M(1023M) 0,765ms
[2024-08-04T18:15:21.961+0300][87,268s][info][gc] GC(1104) Pause Young (Allocation Failure) 426M->86M(1023M) 0,607ms
[2024-08-04T18:15:22.057+0300][87,364s][info][gc] GC(1105) Pause Young (Allocation Failure) 426M->86M(1023M) 0,935ms
[2024-08-04T18:15:22.152+0300][87,459s][info][gc] GC(1106) Pause Young (Allocation Failure) 426M->86M(1023M) 0,926ms
[2024-08-04T18:15:22.251+0300][87,559s][info][gc] GC(1107) Pause Young (Allocation Failure) 426M->86M(1023M) 0,778ms
[2024-08-04T18:15:22.348+0300][87,655s][info][gc] GC(1108) Pause Young (Allocation Failure) 426M->86M(1023M) 0,558ms
[2024-08-04T18:15:22.442+0300][87,750s][info][gc] GC(1109) Pause Young (Allocation Failure) 426M->86M(1023M) 0,785ms
[2024-08-04T18:15:22.539+0300][87,846s][info][gc] GC(1110) Pause Young (Allocation Failure) 426M->86M(1023M) 0,953ms
[2024-08-04T18:15:22.635+0300][87,942s][info][gc] GC(1111) Pause Young (Allocation Failure) 426M->86M(1023M) 0,832ms
[2024-08-04T18:15:22.732+0300][88,039s][info][gc] GC(1112) Pause Young (Allocation Failure) 426M->86M(1023M) 0,826ms
[2024-08-04T18:15:22.826+0300][88,133s][info][gc] GC(1113) Pause Young (Allocation Failure) 426M->86M(1023M) 0,933ms
[2024-08-04T18:15:22.919+0300][88,226s][info][gc] GC(1114) Pause Young (Allocation Failure) 426M->86M(1023M) 0,860ms
[2024-08-04T18:15:23.016+0300][88,323s][info][gc] GC(1115) Pause Young (Allocation Failure) 426M->86M(1023M) 0,896ms
[2024-08-04T18:15:23.109+0300][88,416s][info][gc] GC(1116) Pause Young (Allocation Failure) 426M->86M(1023M) 0,742ms
[2024-08-04T18:15:23.206+0300][88,514s][info][gc] GC(1117) Pause Young (Allocation Failure) 426M->86M(1023M) 0,696ms
[2024-08-04T18:15:23.304+0300][88,611s][info][gc] GC(1118) Pause Young (Allocation Failure) 426M->86M(1023M) 0,869ms
[2024-08-04T18:15:23.401+0300][88,709s][info][gc] GC(1119) Pause Young (Allocation Failure) 426M->86M(1023M) 0,699ms
[2024-08-04T18:15:23.501+0300][88,809s][info][gc] GC(1120) Pause Young (Allocation Failure) 426M->87M(1023M) 0,870ms
[2024-08-04T18:15:23.595+0300][88,903s][info][gc] GC(1121) Pause Young (Allocation Failure) 427M->87M(1023M) 0,750ms
[2024-08-04T18:15:23.694+0300][89,001s][info][gc] GC(1122) Pause Young (Allocation Failure) 427M->87M(1023M) 0,693ms
[2024-08-04T18:15:23.788+0300][89,096s][info][gc] GC(1123) Pause Young (Allocation Failure) 427M->87M(1023M) 0,767ms
[2024-08-04T18:15:23.889+0300][89,197s][info][gc] GC(1124) Pause Young (Allocation Failure) 427M->87M(1023M) 1,338ms
[2024-08-04T18:15:23.965+0300][89,272s][info][gc] GC(1125) Pause Young (Allocation Failure) 427M->87M(1023M) 1,865ms
[2024-08-04T18:15:24.036+0300][89,343s][info][gc] GC(1126) Pause Young (Allocation Failure) 427M->87M(1023M) 1,710ms
[2024-08-04T18:15:24.097+0300][89,405s][info][gc] GC(1127) Pause Young (Allocation Failure) 427M->87M(1022M) 1,278ms
[2024-08-04T18:15:24.159+0300][89,466s][info][gc] GC(1128) Pause Young (Allocation Failure) 426M->87M(1023M) 1,154ms
[2024-08-04T18:15:24.220+0300][89,528s][info][gc] GC(1129) Pause Young (Allocation Failure) 426M->88M(1023M) 1,097ms
[2024-08-04T18:15:24.281+0300][89,588s][info][gc] GC(1130) Pause Young (Allocation Failure) 427M->88M(1023M) 0,932ms
[2024-08-04T18:15:24.335+0300][89,643s][info][gc] GC(1131) Pause Young (Allocation Failure) 427M->88M(1023M) 0,902ms
[2024-08-04T18:15:24.396+0300][89,703s][info][gc] GC(1132) Pause Young (Allocation Failure) 427M->88M(1023M) 1,071ms
[2024-08-04T18:15:24.452+0300][89,759s][info][gc] GC(1133) Pause Young (Allocation Failure) 427M->88M(1023M) 0,853ms
[2024-08-04T18:15:24.515+0300][89,823s][info][gc] GC(1134) Pause Young (Allocation Failure) 427M->88M(1023M) 0,877ms
[2024-08-04T18:15:24.579+0300][89,886s][info][gc] GC(1135) Pause Young (Allocation Failure) 427M->88M(1023M) 0,951ms
[2024-08-04T18:15:24.643+0300][89,951s][info][gc] GC(1136) Pause Young (Allocation Failure) 428M->88M(1023M) 0,903ms
[2024-08-04T18:15:24.706+0300][90,014s][info][gc] GC(1137) Pause Young (Allocation Failure) 428M->88M(1023M) 0,800ms
[2024-08-04T18:15:24.770+0300][90,077s][info][gc] GC(1138) Pause Young (Allocation Failure) 428M->88M(1023M) 1,035ms
[2024-08-04T18:15:24.833+0300][90,141s][info][gc] GC(1139) Pause Young (Allocation Failure) 428M->88M(1023M) 1,000ms
[2024-08-04T18:15:24.897+0300][90,204s][info][gc] GC(1140) Pause Young (Allocation Failure) 428M->88M(1023M) 0,947ms
[2024-08-04T18:15:24.959+0300][90,267s][info][gc] GC(1141) Pause Young (Allocation Failure) 428M->88M(1023M) 0,857ms
[2024-08-04T18:15:25.022+0300][90,330s][info][gc] GC(1142) Pause Young (Allocation Failure) 428M->89M(1023M) 1,067ms
[2024-08-04T18:15:25.085+0300][90,392s][info][gc] GC(1143) Pause Young (Allocation Failure) 429M->89M(1023M) 0,886ms
[2024-08-04T18:15:25.145+0300][90,453s][info][gc] GC(1144) Pause Young (Allocation Failure) 429M->89M(1023M) 1,157ms
[2024-08-04T18:15:25.202+0300][90,509s][info][gc] GC(1145) Pause Young (Allocation Failure) 429M->89M(1023M) 1,047ms
[2024-08-04T18:15:25.260+0300][90,568s][info][gc] GC(1146) Pause Young (Allocation Failure) 429M->89M(1023M) 0,973ms
[2024-08-04T18:15:25.313+0300][90,621s][info][gc] GC(1147) Pause Young (Allocation Failure) 429M->89M(1023M) 0,913ms
[2024-08-04T18:15:25.372+0300][90,680s][info][gc] GC(1148) Pause Young (Allocation Failure) 429M->89M(1023M) 0,835ms
[2024-08-04T18:15:25.425+0300][90,733s][info][gc] GC(1149) Pause Young (Allocation Failure) 429M->89M(1023M) 0,809ms
[2024-08-04T18:15:25.480+0300][90,788s][info][gc] GC(1150) Pause Young (Allocation Failure) 429M->89M(1023M) 0,819ms
[2024-08-04T18:15:25.540+0300][90,848s][info][gc] GC(1151) Pause Young (Allocation Failure) 429M->89M(1023M) 0,779ms
[2024-08-04T18:15:25.595+0300][90,902s][info][gc] GC(1152) Pause Young (Allocation Failure) 429M->89M(1023M) 0,727ms
[2024-08-04T18:15:25.648+0300][90,956s][info][gc] GC(1153) Pause Young (Allocation Failure) 429M->89M(1023M) 0,942ms
[2024-08-04T18:15:25.707+0300][91,015s][info][gc] GC(1154) Pause Young (Allocation Failure) 429M->89M(1023M) 0,761ms
[2024-08-04T18:15:25.771+0300][91,079s][info][gc] GC(1155) Pause Young (Allocation Failure) 429M->89M(1023M) 1,022ms
[2024-08-04T18:15:25.830+0300][91,137s][info][gc] GC(1156) Pause Young (Allocation Failure) 429M->90M(1023M) 0,864ms
[2024-08-04T18:15:25.889+0300][91,197s][info][gc] GC(1157) Pause Young (Allocation Failure) 430M->90M(1023M) 0,843ms
[2024-08-04T18:15:25.952+0300][91,260s][info][gc] GC(1158) Pause Young (Allocation Failure) 430M->90M(1023M) 0,869ms
[2024-08-04T18:15:26.015+0300][91,322s][info][gc] GC(1159) Pause Young (Allocation Failure) 430M->90M(1023M) 0,854ms
[2024-08-04T18:15:26.078+0300][91,385s][info][gc] GC(1160) Pause Young (Allocation Failure) 430M->90M(1023M) 0,699ms
[2024-08-04T18:15:26.135+0300][91,442s][info][gc] GC(1161) Pause Young (Allocation Failure) 430M->90M(1023M) 0,952ms
[2024-08-04T18:15:26.198+0300][91,505s][info][gc] GC(1162) Pause Young (Allocation Failure) 430M->90M(1023M) 0,841ms
[2024-08-04T18:15:26.260+0300][91,567s][info][gc] GC(1163) Pause Young (Allocation Failure) 430M->90M(1023M) 0,745ms
[2024-08-04T18:15:26.318+0300][91,625s][info][gc] GC(1164) Pause Young (Allocation Failure) 430M->90M(1023M) 0,912ms
[2024-08-04T18:15:26.375+0300][91,683s][info][gc] GC(1165) Pause Young (Allocation Failure) 430M->90M(1023M) 0,756ms
[2024-08-04T18:15:26.439+0300][91,747s][info][gc] GC(1166) Pause Young (Allocation Failure) 430M->90M(1023M) 0,842ms
[2024-08-04T18:15:26.502+0300][91,810s][info][gc] GC(1167) Pause Young (Allocation Failure) 430M->90M(1023M) 0,721ms
[2024-08-04T18:15:26.566+0300][91,873s][info][gc] GC(1168) Pause Young (Allocation Failure) 430M->90M(1023M) 0,741ms
[2024-08-04T18:15:26.624+0300][91,932s][info][gc] GC(1169) Pause Young (Allocation Failure) 430M->90M(1023M) 0,705ms
[2024-08-04T18:15:26.683+0300][91,991s][info][gc] GC(1170) Pause Young (Allocation Failure) 430M->90M(1023M) 0,853ms
[2024-08-04T18:15:26.744+0300][92,052s][info][gc] GC(1171) Pause Young (Allocation Failure) 430M->91M(1023M) 0,869ms
[2024-08-04T18:15:26.805+0300][92,113s][info][gc] GC(1172) Pause Young (Allocation Failure) 431M->91M(1023M) 0,657ms
[2024-08-04T18:15:26.868+0300][92,175s][info][gc] GC(1173) Pause Young (Allocation Failure) 431M->91M(1023M) 0,562ms
[2024-08-04T18:15:26.935+0300][92,242s][info][gc] GC(1174) Pause Young (Allocation Failure) 431M->91M(1023M) 0,830ms
[2024-08-04T18:15:26.996+0300][92,304s][info][gc] GC(1175) Pause Young (Allocation Failure) 431M->91M(1023M) 0,716ms
[2024-08-04T18:15:27.059+0300][92,366s][info][gc] GC(1176) Pause Young (Allocation Failure) 431M->91M(1023M) 0,789ms
[2024-08-04T18:15:27.125+0300][92,433s][info][gc] GC(1177) Pause Young (Allocation Failure) 431M->91M(1023M) 0,658ms
[2024-08-04T18:15:27.195+0300][92,502s][info][gc] GC(1178) Pause Young (Allocation Failure) 431M->91M(1023M) 0,827ms
[2024-08-04T18:15:27.263+0300][92,571s][info][gc] GC(1179) Pause Young (Allocation Failure) 431M->91M(1023M) 0,731ms
[2024-08-04T18:15:27.333+0300][92,640s][info][gc] GC(1180) Pause Young (Allocation Failure) 431M->91M(1023M) 0,623ms
[2024-08-04T18:15:27.402+0300][92,709s][info][gc] GC(1181) Pause Young (Allocation Failure) 431M->91M(1023M) 0,588ms
[2024-08-04T18:15:27.473+0300][92,781s][info][gc] GC(1182) Pause Young (Allocation Failure) 431M->91M(1023M) 0,460ms
[2024-08-04T18:15:27.537+0300][92,844s][info][gc] GC(1183) Pause Young (Allocation Failure) 431M->91M(1023M) 0,775ms
[2024-08-04T18:15:27.606+0300][92,913s][info][gc] GC(1184) Pause Young (Allocation Failure) 431M->91M(1023M) 0,738ms
[2024-08-04T18:15:27.675+0300][92,982s][info][gc] GC(1185) Pause Young (Allocation Failure) 431M->92M(1023M) 0,648ms
[2024-08-04T18:15:27.739+0300][93,047s][info][gc] GC(1186) Pause Young (Allocation Failure) 432M->92M(1023M) 0,542ms
[2024-08-04T18:15:27.809+0300][93,117s][info][gc] GC(1187) Pause Young (Allocation Failure) 432M->92M(1023M) 0,690ms
[2024-08-04T18:15:27.875+0300][93,182s][info][gc] GC(1188) Pause Young (Allocation Failure) 432M->92M(1023M) 0,909ms
[2024-08-04T18:15:27.941+0300][93,248s][info][gc] GC(1189) Pause Young (Allocation Failure) 432M->92M(1023M) 0,877ms
[2024-08-04T18:15:28.008+0300][93,316s][info][gc] GC(1190) Pause Young (Allocation Failure) 432M->92M(1023M) 0,808ms
[2024-08-04T18:15:28.082+0300][93,389s][info][gc] GC(1191) Pause Young (Allocation Failure) 432M->92M(1023M) 0,987ms
[2024-08-04T18:15:28.154+0300][93,461s][info][gc] GC(1192) Pause Young (Allocation Failure) 432M->92M(1023M) 0,891ms
[2024-08-04T18:15:28.227+0300][93,535s][info][gc] GC(1193) Pause Young (Allocation Failure) 432M->92M(1023M) 0,729ms
[2024-08-04T18:15:28.301+0300][93,609s][info][gc] GC(1194) Pause Young (Allocation Failure) 432M->92M(1023M) 0,758ms
[2024-08-04T18:15:28.371+0300][93,678s][info][gc] GC(1195) Pause Young (Allocation Failure) 432M->92M(1023M) 0,727ms
[2024-08-04T18:15:28.442+0300][93,749s][info][gc] GC(1196) Pause Young (Allocation Failure) 432M->92M(1023M) 0,738ms
[2024-08-04T18:15:28.512+0300][93,819s][info][gc] GC(1197) Pause Young (Allocation Failure) 432M->92M(1023M) 0,818ms
[2024-08-04T18:15:28.588+0300][93,895s][info][gc] GC(1198) Pause Young (Allocation Failure) 432M->93M(1023M) 1,056ms
[2024-08-04T18:15:28.664+0300][93,971s][info][gc] GC(1199) Pause Young (Allocation Failure) 433M->93M(1023M) 1,030ms
[2024-08-04T18:15:28.740+0300][94,047s][info][gc] GC(1200) Pause Young (Allocation Failure) 433M->93M(1023M) 0,722ms
[2024-08-04T18:15:28.815+0300][94,123s][info][gc] GC(1201) Pause Young (Allocation Failure) 433M->93M(1023M) 0,529ms
[2024-08-04T18:15:28.892+0300][94,200s][info][gc] GC(1202) Pause Young (Allocation Failure) 433M->93M(1023M) 0,761ms
[2024-08-04T18:15:28.965+0300][94,273s][info][gc] GC(1203) Pause Young (Allocation Failure) 433M->93M(1023M) 0,947ms
[2024-08-04T18:15:29.037+0300][94,344s][info][gc] GC(1204) Pause Young (Allocation Failure) 433M->93M(1023M) 0,838ms
[2024-08-04T18:15:29.108+0300][94,416s][info][gc] GC(1205) Pause Young (Allocation Failure) 433M->93M(1023M) 0,770ms
[2024-08-04T18:15:29.181+0300][94,488s][info][gc] GC(1206) Pause Young (Allocation Failure) 433M->93M(1023M) 0,922ms
[2024-08-04T18:15:29.253+0300][94,561s][info][gc] GC(1207) Pause Young (Allocation Failure) 433M->93M(1023M) 0,876ms
[2024-08-04T18:15:29.327+0300][94,634s][info][gc] GC(1208) Pause Young (Allocation Failure) 433M->93M(1023M) 0,696ms
[2024-08-04T18:15:29.400+0300][94,708s][info][gc] GC(1209) Pause Young (Allocation Failure) 433M->93M(1023M) 1,051ms
[2024-08-04T18:15:29.475+0300][94,783s][info][gc] GC(1210) Pause Young (Allocation Failure) 433M->93M(1023M) 0,771ms
[2024-08-04T18:15:29.555+0300][94,862s][info][gc] GC(1211) Pause Young (Allocation Failure) 433M->93M(1023M) 0,865ms
[2024-08-04T18:15:29.635+0300][94,942s][info][gc] GC(1212) Pause Young (Allocation Failure) 433M->94M(1023M) 0,923ms
[2024-08-04T18:15:29.710+0300][95,017s][info][gc] GC(1213) Pause Young (Allocation Failure) 434M->94M(1023M) 0,664ms
[2024-08-04T18:15:29.791+0300][95,099s][info][gc] GC(1214) Pause Young (Allocation Failure) 434M->94M(1023M) 1,441ms
[2024-08-04T18:15:29.872+0300][95,179s][info][gc] GC(1215) Pause Young (Allocation Failure) 434M->94M(1023M) 0,651ms
[2024-08-04T18:15:29.952+0300][95,260s][info][gc] GC(1216) Pause Young (Allocation Failure) 434M->94M(1023M) 1,062ms
[2024-08-04T18:15:30.032+0300][95,340s][info][gc] GC(1217) Pause Young (Allocation Failure) 434M->94M(1023M) 0,911ms
[2024-08-04T18:15:30.113+0300][95,420s][info][gc] GC(1218) Pause Young (Allocation Failure) 434M->94M(1023M) 0,713ms
[2024-08-04T18:15:30.194+0300][95,501s][info][gc] GC(1219) Pause Young (Allocation Failure) 434M->94M(1023M) 0,990ms
