[2024-08-04T18:16:03.934+0300][0.005s][info][gc] Using Serial
[2024-08-04T18:16:04.305+0300][0,376s][info][gc] GC(0) Pause Young (Allocation Failure) 274M->2M(989M) 9,997ms
[2024-08-04T18:16:04.368+0300][0,439s][info][gc] GC(1) Pause Young (Allocation Failure) 275M->2M(989M) 3,663ms
[2024-08-04T18:16:04.424+0300][0,495s][info][gc] GC(2) Pause Young (Allocation Failure) 275M->2M(989M) 2,114ms
[2024-08-04T18:16:04.477+0300][0,547s][info][gc] GC(3) Pause Young (Allocation Failure) 275M->2M(989M) 2,935ms
[2024-08-04T18:16:04.570+0300][0,641s][info][gc] GC(4) Pause Young (Allocation Failure) 275M->2M(989M) 3,000ms
[2024-08-04T18:16:04.620+0300][0,690s][info][gc] GC(5) Pause Young (Allocation Failure) 275M->2M(989M) 1,792ms
[2024-08-04T18:16:04.667+0300][0,737s][info][gc] GC(6) Pause Young (Allocation Failure) 275M->2M(989M) 1,840ms
[2024-08-04T18:16:04.714+0300][0,784s][info][gc] GC(7) Pause Young (Allocation Failure) 275M->2M(989M) 2,076ms
[2024-08-04T18:16:04.764+0300][0,834s][info][gc] GC(8) Pause Young (Allocation Failure) 275M->2M(989M) 1,926ms
[2024-08-04T18:16:04.817+0300][0,887s][info][gc] GC(9) Pause Young (Allocation Failure) 275M->2M(989M) 3,319ms
[2024-08-04T18:16:04.869+0300][0,940s][info][gc] GC(10) Pause Young (Allocation Failure) 275M->2M(989M) 3,449ms
[2024-08-04T18:16:04.922+0300][0,993s][info][gc] GC(11) Pause Young (Allocation Failure) 275M->2M(989M) 3,405ms
[2024-08-04T18:16:04.976+0300][1,046s][info][gc] GC(12) Pause Young (Allocation Failure) 275M->2M(989M) 3,521ms
[2024-08-04T18:16:05.029+0300][1,099s][info][gc] GC(13) Pause Young (Allocation Failure) 275M->2M(989M) 3,542ms
[2024-08-04T18:16:05.080+0300][1,151s][info][gc] GC(14) Pause Young (Allocation Failure) 275M->2M(989M) 3,564ms
[2024-08-04T18:16:05.133+0300][1,204s][info][gc] GC(15) Pause Young (Allocation Failure) 275M->2M(989M) 5,318ms
[2024-08-04T18:16:05.180+0300][1,250s][info][gc] GC(16) Pause Young (Allocation Failure) 275M->2M(989M) 1,647ms
[2024-08-04T18:16:05.228+0300][1,298s][info][gc] GC(17) Pause Young (Allocation Failure) 275M->2M(989M) 1,461ms
[2024-08-04T18:16:05.277+0300][1,347s][info][gc] GC(18) Pause Young (Allocation Failure) 275M->2M(989M) 1,370ms
[2024-08-04T18:16:05.326+0300][1,396s][info][gc] GC(19) Pause Young (Allocation Failure) 275M->2M(989M) 1,297ms
[2024-08-04T18:16:05.375+0300][1,445s][info][gc] GC(20) Pause Young (Allocation Failure) 275M->2M(989M) 0,853ms
[2024-08-04T18:16:05.423+0300][1,494s][info][gc] GC(21) Pause Young (Allocation Failure) 275M->2M(989M) 1,210ms
[2024-08-04T18:16:05.468+0300][1,538s][info][gc] GC(22) Pause Young (Allocation Failure) 275M->2M(989M) 1,156ms
[2024-08-04T18:16:05.512+0300][1,583s][info][gc] GC(23) Pause Young (Allocation Failure) 275M->2M(989M) 1,119ms
[2024-08-04T18:16:05.558+0300][1,628s][info][gc] GC(24) Pause Young (Allocation Failure) 276M->2M(989M) 1,120ms
[2024-08-04T18:16:05.601+0300][1,672s][info][gc] GC(25) Pause Young (Allocation Failure) 276M->2M(989M) 1,067ms
[2024-08-04T18:16:05.649+0300][1,719s][info][gc] GC(26) Pause Young (Allocation Failure) 276M->2M(989M) 1,039ms
[2024-08-04T18:16:05.694+0300][1,764s][info][gc] GC(27) Pause Young (Allocation Failure) 276M->3M(989M) 1,142ms
[2024-08-04T18:16:05.738+0300][1,808s][info][gc] GC(28) Pause Young (Allocation Failure) 276M->3M(989M) 1,081ms
[2024-08-04T18:16:05.786+0300][1,856s][info][gc] GC(29) Pause Young (Allocation Failure) 276M->3M(989M) 1,052ms
[2024-08-04T18:16:05.835+0300][1,905s][info][gc] GC(30) Pause Young (Allocation Failure) 276M->3M(989M) 1,055ms
[2024-08-04T18:16:05.884+0300][1,954s][info][gc] GC(31) Pause Young (Allocation Failure) 276M->3M(989M) 1,021ms
[2024-08-04T18:16:05.931+0300][2,002s][info][gc] GC(32) Pause Young (Allocation Failure) 276M->3M(989M) 0,984ms
[2024-08-04T18:16:05.975+0300][2,046s][info][gc] GC(33) Pause Young (Allocation Failure) 276M->3M(989M) 0,977ms
[2024-08-04T18:16:06.023+0300][2,093s][info][gc] GC(34) Pause Young (Allocation Failure) 276M->3M(989M) 0,938ms
[2024-08-04T18:16:06.072+0300][2,142s][info][gc] GC(35) Pause Young (Allocation Failure) 276M->3M(989M) 0,938ms
[2024-08-04T18:16:06.120+0300][2,190s][info][gc] GC(36) Pause Young (Allocation Failure) 276M->3M(989M) 0,927ms
[2024-08-04T18:16:06.168+0300][2,238s][info][gc] GC(37) Pause Young (Allocation Failure) 276M->3M(989M) 0,903ms
[2024-08-04T18:16:06.218+0300][2,289s][info][gc] GC(38) Pause Young (Allocation Failure) 276M->3M(989M) 0,825ms
[2024-08-04T18:16:06.266+0300][2,336s][info][gc] GC(39) Pause Young (Allocation Failure) 276M->3M(989M) 0,884ms
[2024-08-04T18:16:06.314+0300][2,384s][info][gc] GC(40) Pause Young (Allocation Failure) 276M->3M(989M) 0,899ms
[2024-08-04T18:16:06.362+0300][2,432s][info][gc] GC(41) Pause Young (Allocation Failure) 276M->3M(989M) 0,849ms
[2024-08-04T18:16:06.411+0300][2,481s][info][gc] GC(42) Pause Young (Allocation Failure) 276M->3M(989M) 0,875ms
[2024-08-04T18:16:06.461+0300][2,531s][info][gc] GC(43) Pause Young (Allocation Failure) 276M->3M(989M) 0,669ms
[2024-08-04T18:16:06.509+0300][2,579s][info][gc] GC(44) Pause Young (Allocation Failure) 276M->3M(989M) 0,861ms
[2024-08-04T18:16:06.558+0300][2,628s][info][gc] GC(45) Pause Young (Allocation Failure) 276M->3M(989M) 0,786ms
[2024-08-04T18:16:06.607+0300][2,677s][info][gc] GC(46) Pause Young (Allocation Failure) 276M->3M(989M) 0,695ms
[2024-08-04T18:16:06.654+0300][2,725s][info][gc] GC(47) Pause Young (Allocation Failure) 276M->3M(989M) 0,800ms
[2024-08-04T18:16:06.703+0300][2,773s][info][gc] GC(48) Pause Young (Allocation Failure) 276M->3M(989M) 0,791ms
[2024-08-04T18:16:06.750+0300][2,820s][info][gc] GC(49) Pause Young (Allocation Failure) 276M->3M(989M) 0,758ms
[2024-08-04T18:16:06.797+0300][2,867s][info][gc] GC(50) Pause Young (Allocation Failure) 276M->3M(989M) 0,746ms
[2024-08-04T18:16:06.844+0300][2,914s][info][gc] GC(51) Pause Young (Allocation Failure) 276M->3M(989M) 0,743ms
[2024-08-04T18:16:06.889+0300][2,959s][info][gc] GC(52) Pause Young (Allocation Failure) 276M->3M(989M) 0,735ms
[2024-08-04T18:16:06.936+0300][3,006s][info][gc] GC(53) Pause Young (Allocation Failure) 276M->3M(989M) 0,719ms
[2024-08-04T18:16:06.983+0300][3,053s][info][gc] GC(54) Pause Young (Allocation Failure) 276M->3M(989M) 0,730ms
[2024-08-04T18:16:07.031+0300][3,101s][info][gc] GC(55) Pause Young (Allocation Failure) 276M->3M(989M) 0,720ms
[2024-08-04T18:16:07.078+0300][3,148s][info][gc] GC(56) Pause Young (Allocation Failure) 276M->3M(989M) 0,715ms
[2024-08-04T18:16:07.121+0300][3,191s][info][gc] GC(57) Pause Young (Allocation Failure) 276M->3M(989M) 0,703ms
[2024-08-04T18:16:07.163+0300][3,233s][info][gc] GC(58) Pause Young (Allocation Failure) 276M->3M(989M) 0,699ms
[2024-08-04T18:16:07.206+0300][3,277s][info][gc] GC(59) Pause Young (Allocation Failure) 276M->3M(989M) 0,716ms
[2024-08-04T18:16:07.248+0300][3,318s][info][gc] GC(60) Pause Young (Allocation Failure) 276M->3M(989M) 0,694ms
[2024-08-04T18:16:07.295+0300][3,365s][info][gc] GC(61) Pause Young (Allocation Failure) 276M->3M(989M) 0,694ms
[2024-08-04T18:16:07.343+0300][3,413s][info][gc] GC(62) Pause Young (Allocation Failure) 276M->3M(989M) 0,817ms
[2024-08-04T18:16:07.391+0300][3,461s][info][gc] GC(63) Pause Young (Allocation Failure) 277M->3M(989M) 0,836ms
[2024-08-04T18:16:07.439+0300][3,509s][info][gc] GC(64) Pause Young (Allocation Failure) 277M->3M(989M) 0,831ms
[2024-08-04T18:16:07.481+0300][3,551s][info][gc] GC(65) Pause Young (Allocation Failure) 277M->3M(989M) 0,786ms
[2024-08-04T18:16:07.527+0300][3,598s][info][gc] GC(66) Pause Young (Allocation Failure) 277M->3M(989M) 0,768ms
[2024-08-04T18:16:07.574+0300][3,645s][info][gc] GC(67) Pause Young (Allocation Failure) 277M->4M(989M) 0,805ms
[2024-08-04T18:16:07.617+0300][3,687s][info][gc] GC(68) Pause Young (Allocation Failure) 277M->4M(989M) 0,762ms
[2024-08-04T18:16:07.659+0300][3,729s][info][gc] GC(69) Pause Young (Allocation Failure) 277M->4M(989M) 0,763ms
[2024-08-04T18:16:07.701+0300][3,771s][info][gc] GC(70) Pause Young (Allocation Failure) 277M->4M(989M) 0,751ms
[2024-08-04T18:16:07.743+0300][3,813s][info][gc] GC(71) Pause Young (Allocation Failure) 277M->4M(989M) 0,747ms
[2024-08-04T18:16:07.790+0300][3,860s][info][gc] GC(72) Pause Young (Allocation Failure) 277M->4M(989M) 0,766ms
[2024-08-04T18:16:07.837+0300][3,907s][info][gc] GC(73) Pause Young (Allocation Failure) 277M->4M(989M) 0,745ms
[2024-08-04T18:16:07.885+0300][3,955s][info][gc] GC(74) Pause Young (Allocation Failure) 277M->4M(989M) 0,731ms
[2024-08-04T18:16:07.934+0300][4,004s][info][gc] GC(75) Pause Young (Allocation Failure) 277M->4M(989M) 0,727ms
[2024-08-04T18:16:07.982+0300][4,052s][info][gc] GC(76) Pause Young (Allocation Failure) 277M->4M(989M) 0,729ms
[2024-08-04T18:16:08.025+0300][4,095s][info][gc] GC(77) Pause Young (Allocation Failure) 277M->4M(989M) 0,949ms
[2024-08-04T18:16:08.068+0300][4,138s][info][gc] GC(78) Pause Young (Allocation Failure) 277M->4M(989M) 0,628ms
[2024-08-04T18:16:08.111+0300][4,181s][info][gc] GC(79) Pause Young (Allocation Failure) 277M->4M(989M) 0,634ms
[2024-08-04T18:16:08.158+0300][4,228s][info][gc] GC(80) Pause Young (Allocation Failure) 277M->4M(989M) 0,630ms
[2024-08-04T18:16:08.200+0300][4,270s][info][gc] GC(81) Pause Young (Allocation Failure) 277M->4M(989M) 0,616ms
[2024-08-04T18:16:08.247+0300][4,317s][info][gc] GC(82) Pause Young (Allocation Failure) 277M->4M(989M) 0,617ms
[2024-08-04T18:16:08.294+0300][4,364s][info][gc] GC(83) Pause Young (Allocation Failure) 277M->4M(989M) 0,607ms
[2024-08-04T18:16:08.339+0300][4,410s][info][gc] GC(84) Pause Young (Allocation Failure) 277M->4M(989M) 0,611ms
[2024-08-04T18:16:08.386+0300][4,456s][info][gc] GC(85) Pause Young (Allocation Failure) 277M->4M(989M) 0,613ms
[2024-08-04T18:16:08.432+0300][4,502s][info][gc] GC(86) Pause Young (Allocation Failure) 277M->4M(989M) 0,598ms
[2024-08-04T18:16:08.479+0300][4,550s][info][gc] GC(87) Pause Young (Allocation Failure) 277M->4M(989M) 0,601ms
[2024-08-04T18:16:08.527+0300][4,597s][info][gc] GC(88) Pause Young (Allocation Failure) 277M->4M(989M) 0,622ms
[2024-08-04T18:16:08.573+0300][4,643s][info][gc] GC(89) Pause Young (Allocation Failure) 277M->4M(989M) 0,598ms
[2024-08-04T18:16:08.619+0300][4,689s][info][gc] GC(90) Pause Young (Allocation Failure) 277M->4M(989M) 0,592ms
[2024-08-04T18:16:08.667+0300][4,737s][info][gc] GC(91) Pause Young (Allocation Failure) 277M->4M(989M) 0,629ms
[2024-08-04T18:16:08.714+0300][4,784s][info][gc] GC(92) Pause Young (Allocation Failure) 277M->4M(989M) 0,616ms
[2024-08-04T18:16:08.762+0300][4,833s][info][gc] GC(93) Pause Young (Allocation Failure) 277M->4M(989M) 0,611ms
[2024-08-04T18:16:08.810+0300][4,880s][info][gc] GC(94) Pause Young (Allocation Failure) 277M->4M(989M) 0,587ms
[2024-08-04T18:16:08.858+0300][4,928s][info][gc] GC(95) Pause Young (Allocation Failure) 277M->4M(989M) 0,580ms
[2024-08-04T18:16:08.905+0300][4,976s][info][gc] GC(96) Pause Young (Allocation Failure) 277M->4M(989M) 0,588ms
[2024-08-04T18:16:08.953+0300][5,023s][info][gc] GC(97) Pause Young (Allocation Failure) 277M->4M(989M) 0,580ms
[2024-08-04T18:16:09.000+0300][5,071s][info][gc] GC(98) Pause Young (Allocation Failure) 277M->4M(989M) 0,577ms
[2024-08-04T18:16:09.047+0300][5,117s][info][gc] GC(99) Pause Young (Allocation Failure) 277M->4M(989M) 0,567ms
[2024-08-04T18:16:09.096+0300][5,166s][info][gc] GC(100) Pause Young (Allocation Failure) 277M->4M(989M) 0,587ms
[2024-08-04T18:16:09.143+0300][5,213s][info][gc] GC(101) Pause Young (Allocation Failure) 277M->4M(989M) 0,571ms
[2024-08-04T18:16:09.190+0300][5,260s][info][gc] GC(102) Pause Young (Allocation Failure) 277M->4M(989M) 0,590ms
[2024-08-04T18:16:09.236+0300][5,306s][info][gc] GC(103) Pause Young (Allocation Failure) 277M->4M(989M) 0,579ms
[2024-08-04T18:16:09.283+0300][5,353s][info][gc] GC(104) Pause Young (Allocation Failure) 277M->4M(989M) 0,584ms
[2024-08-04T18:16:09.331+0300][5,401s][info][gc] GC(105) Pause Young (Allocation Failure) 277M->4M(989M) 0,590ms
[2024-08-04T18:16:09.377+0300][5,447s][info][gc] GC(106) Pause Young (Allocation Failure) 277M->4M(989M) 0,588ms
[2024-08-04T18:16:09.419+0300][5,489s][info][gc] GC(107) Pause Young (Allocation Failure) 277M->4M(989M) 0,609ms
[2024-08-04T18:16:09.465+0300][5,535s][info][gc] GC(108) Pause Young (Allocation Failure) 277M->4M(989M) 0,585ms
[2024-08-04T18:16:09.507+0300][5,577s][info][gc] GC(109) Pause Young (Allocation Failure) 277M->4M(989M) 0,577ms
[2024-08-04T18:16:09.553+0300][5,624s][info][gc] GC(110) Pause Young (Allocation Failure) 277M->4M(989M) 0,570ms
[2024-08-04T18:16:09.602+0300][5,672s][info][gc] GC(111) Pause Young (Allocation Failure) 277M->4M(989M) 0,577ms
[2024-08-04T18:16:09.650+0300][5,720s][info][gc] GC(112) Pause Young (Allocation Failure) 277M->4M(989M) 0,433ms
[2024-08-04T18:16:09.697+0300][5,768s][info][gc] GC(113) Pause Young (Allocation Failure) 277M->4M(989M) 0,574ms
[2024-08-04T18:16:09.744+0300][5,815s][info][gc] GC(114) Pause Young (Allocation Failure) 277M->4M(989M) 0,573ms
[2024-08-04T18:16:09.791+0300][5,861s][info][gc] GC(115) Pause Young (Allocation Failure) 277M->4M(989M) 0,582ms
[2024-08-04T18:16:09.838+0300][5,909s][info][gc] GC(116) Pause Young (Allocation Failure) 277M->4M(989M) 0,592ms
[2024-08-04T18:16:09.887+0300][5,957s][info][gc] GC(117) Pause Young (Allocation Failure) 277M->4M(989M) 0,568ms
[2024-08-04T18:16:09.929+0300][5,999s][info][gc] GC(118) Pause Young (Allocation Failure) 277M->4M(989M) 0,553ms
[2024-08-04T18:16:09.970+0300][6,041s][info][gc] GC(119) Pause Young (Allocation Failure) 277M->4M(989M) 0,563ms
[2024-08-04T18:16:10.012+0300][6,082s][info][gc] GC(120) Pause Young (Allocation Failure) 277M->4M(989M) 0,537ms
[2024-08-04T18:16:10.059+0300][6,129s][info][gc] GC(121) Pause Young (Allocation Failure) 277M->4M(989M) 0,542ms
[2024-08-04T18:16:10.108+0300][6,178s][info][gc] GC(122) Pause Young (Allocation Failure) 277M->4M(989M) 0,540ms
[2024-08-04T18:16:10.155+0300][6,225s][info][gc] GC(123) Pause Young (Allocation Failure) 277M->4M(989M) 0,541ms
[2024-08-04T18:16:10.197+0300][6,267s][info][gc] GC(124) Pause Young (Allocation Failure) 277M->4M(989M) 0,534ms
[2024-08-04T18:16:10.242+0300][6,313s][info][gc] GC(125) Pause Young (Allocation Failure) 277M->4M(989M) 0,641ms
[2024-08-04T18:16:10.291+0300][6,361s][info][gc] GC(126) Pause Young (Allocation Failure) 277M->4M(989M) 0,558ms
[2024-08-04T18:16:10.338+0300][6,408s][info][gc] GC(127) Pause Young (Allocation Failure) 277M->4M(989M) 0,540ms
[2024-08-04T18:16:10.379+0300][6,449s][info][gc] GC(128) Pause Young (Allocation Failure) 277M->4M(989M) 0,317ms
[2024-08-04T18:16:10.421+0300][6,492s][info][gc] GC(129) Pause Young (Allocation Failure) 277M->4M(989M) 0,534ms
[2024-08-04T18:16:10.464+0300][6,534s][info][gc] GC(130) Pause Young (Allocation Failure) 277M->4M(989M) 0,527ms
[2024-08-04T18:16:10.506+0300][6,576s][info][gc] GC(131) Pause Young (Allocation Failure) 277M->4M(989M) 0,534ms
[2024-08-04T18:16:10.553+0300][6,624s][info][gc] GC(132) Pause Young (Allocation Failure) 277M->4M(989M) 0,523ms
[2024-08-04T18:16:10.601+0300][6,672s][info][gc] GC(133) Pause Young (Allocation Failure) 277M->4M(989M) 0,524ms
[2024-08-04T18:16:10.649+0300][6,719s][info][gc] GC(134) Pause Young (Allocation Failure) 277M->4M(989M) 0,519ms
[2024-08-04T18:16:10.697+0300][6,767s][info][gc] GC(135) Pause Young (Allocation Failure) 277M->4M(989M) 0,525ms
[2024-08-04T18:16:10.739+0300][6,809s][info][gc] GC(136) Pause Young (Allocation Failure) 277M->4M(989M) 0,551ms
[2024-08-04T18:16:10.785+0300][6,855s][info][gc] GC(137) Pause Young (Allocation Failure) 277M->4M(989M) 0,518ms
[2024-08-04T18:16:10.831+0300][6,902s][info][gc] GC(138) Pause Young (Allocation Failure) 277M->4M(989M) 0,541ms
[2024-08-04T18:16:10.880+0300][6,950s][info][gc] GC(139) Pause Young (Allocation Failure) 277M->4M(989M) 0,285ms
[2024-08-04T18:16:10.927+0300][6,997s][info][gc] GC(140) Pause Young (Allocation Failure) 277M->4M(989M) 0,532ms
[2024-08-04T18:16:10.973+0300][7,043s][info][gc] GC(141) Pause Young (Allocation Failure) 277M->5M(989M) 0,682ms
[2024-08-04T18:16:11.020+0300][7,090s][info][gc] GC(142) Pause Young (Allocation Failure) 278M->5M(989M) 0,688ms
[2024-08-04T18:16:11.066+0300][7,136s][info][gc] GC(143) Pause Young (Allocation Failure) 278M->5M(989M) 0,677ms
[2024-08-04T18:16:11.114+0300][7,184s][info][gc] GC(144) Pause Young (Allocation Failure) 278M->5M(989M) 0,684ms
[2024-08-04T18:16:11.161+0300][7,231s][info][gc] GC(145) Pause Young (Allocation Failure) 278M->5M(989M) 0,738ms
[2024-08-04T18:16:11.209+0300][7,279s][info][gc] GC(146) Pause Young (Allocation Failure) 278M->5M(989M) 0,678ms
[2024-08-04T18:16:11.252+0300][7,322s][info][gc] GC(147) Pause Young (Allocation Failure) 278M->5M(989M) 0,674ms
[2024-08-04T18:16:11.295+0300][7,365s][info][gc] GC(148) Pause Young (Allocation Failure) 278M->5M(989M) 0,692ms
[2024-08-04T18:16:11.341+0300][7,412s][info][gc] GC(149) Pause Young (Allocation Failure) 278M->5M(989M) 0,668ms
[2024-08-04T18:16:11.389+0300][7,459s][info][gc] GC(150) Pause Young (Allocation Failure) 278M->5M(989M) 0,665ms
[2024-08-04T18:16:11.436+0300][7,507s][info][gc] GC(151) Pause Young (Allocation Failure) 278M->5M(989M) 0,661ms
[2024-08-04T18:16:11.484+0300][7,555s][info][gc] GC(152) Pause Young (Allocation Failure) 278M->5M(989M) 0,659ms
[2024-08-04T18:16:11.531+0300][7,602s][info][gc] GC(153) Pause Young (Allocation Failure) 278M->5M(989M) 0,665ms
[2024-08-04T18:16:11.573+0300][7,644s][info][gc] GC(154) Pause Young (Allocation Failure) 278M->5M(989M) 0,661ms
[2024-08-04T18:16:11.620+0300][7,690s][info][gc] GC(155) Pause Young (Allocation Failure) 278M->5M(989M) 0,653ms
[2024-08-04T18:16:11.668+0300][7,738s][info][gc] GC(156) Pause Young (Allocation Failure) 278M->5M(989M) 1,066ms
[2024-08-04T18:16:11.715+0300][7,785s][info][gc] GC(157) Pause Young (Allocation Failure) 278M->5M(989M) 0,514ms
[2024-08-04T18:16:11.761+0300][7,831s][info][gc] GC(158) Pause Young (Allocation Failure) 278M->5M(989M) 0,501ms
[2024-08-04T18:16:11.807+0300][7,877s][info][gc] GC(159) Pause Young (Allocation Failure) 278M->5M(989M) 0,502ms
[2024-08-04T18:16:11.854+0300][7,924s][info][gc] GC(160) Pause Young (Allocation Failure) 278M->5M(989M) 0,516ms
[2024-08-04T18:16:11.901+0300][7,971s][info][gc] GC(161) Pause Young (Allocation Failure) 278M->5M(989M) 0,504ms
[2024-08-04T18:16:11.947+0300][8,018s][info][gc] GC(162) Pause Young (Allocation Failure) 278M->5M(989M) 0,497ms
[2024-08-04T18:16:11.994+0300][8,064s][info][gc] GC(163) Pause Young (Allocation Failure) 278M->5M(989M) 0,494ms
[2024-08-04T18:16:12.040+0300][8,111s][info][gc] GC(164) Pause Young (Allocation Failure) 278M->5M(989M) 0,499ms
[2024-08-04T18:16:12.088+0300][8,158s][info][gc] GC(165) Pause Young (Allocation Failure) 278M->5M(989M) 0,523ms
[2024-08-04T18:16:12.135+0300][8,206s][info][gc] GC(166) Pause Young (Allocation Failure) 278M->5M(989M) 0,497ms
[2024-08-04T18:16:12.182+0300][8,252s][info][gc] GC(167) Pause Young (Allocation Failure) 278M->5M(989M) 0,493ms
[2024-08-04T18:16:12.229+0300][8,300s][info][gc] GC(168) Pause Young (Allocation Failure) 278M->5M(989M) 0,495ms
[2024-08-04T18:16:12.277+0300][8,347s][info][gc] GC(169) Pause Young (Allocation Failure) 278M->5M(989M) 0,483ms
[2024-08-04T18:16:12.324+0300][8,394s][info][gc] GC(170) Pause Young (Allocation Failure) 278M->5M(989M) 0,500ms
[2024-08-04T18:16:12.371+0300][8,441s][info][gc] GC(171) Pause Young (Allocation Failure) 278M->5M(989M) 0,491ms
[2024-08-04T18:16:12.413+0300][8,483s][info][gc] GC(172) Pause Young (Allocation Failure) 278M->5M(989M) 0,486ms
[2024-08-04T18:16:12.455+0300][8,525s][info][gc] GC(173) Pause Young (Allocation Failure) 278M->5M(989M) 0,486ms
[2024-08-04T18:16:12.503+0300][8,573s][info][gc] GC(174) Pause Young (Allocation Failure) 278M->5M(989M) 0,487ms
[2024-08-04T18:16:12.550+0300][8,621s][info][gc] GC(175) Pause Young (Allocation Failure) 278M->5M(989M) 0,508ms
[2024-08-04T18:16:12.598+0300][8,668s][info][gc] GC(176) Pause Young (Allocation Failure) 278M->5M(989M) 0,492ms
[2024-08-04T18:16:12.645+0300][8,715s][info][gc] GC(177) Pause Young (Allocation Failure) 278M->5M(989M) 0,484ms
[2024-08-04T18:16:12.693+0300][8,763s][info][gc] GC(178) Pause Young (Allocation Failure) 278M->5M(989M) 0,484ms
[2024-08-04T18:16:12.742+0300][8,812s][info][gc] GC(179) Pause Young (Allocation Failure) 278M->5M(989M) 0,486ms
[2024-08-04T18:16:12.790+0300][8,860s][info][gc] GC(180) Pause Young (Allocation Failure) 278M->5M(989M) 0,481ms
[2024-08-04T18:16:12.841+0300][8,912s][info][gc] GC(181) Pause Young (Allocation Failure) 278M->5M(989M) 0,493ms
[2024-08-04T18:16:12.895+0300][8,965s][info][gc] GC(182) Pause Young (Allocation Failure) 278M->5M(989M) 0,354ms
[2024-08-04T18:16:12.950+0300][9,020s][info][gc] GC(183) Pause Young (Allocation Failure) 278M->5M(989M) 0,360ms
[2024-08-04T18:16:13.001+0300][9,071s][info][gc] GC(184) Pause Young (Allocation Failure) 278M->5M(989M) 0,484ms
[2024-08-04T18:16:13.051+0300][9,122s][info][gc] GC(185) Pause Young (Allocation Failure) 278M->5M(989M) 0,480ms
[2024-08-04T18:16:13.102+0300][9,173s][info][gc] GC(186) Pause Young (Allocation Failure) 278M->5M(989M) 0,496ms
[2024-08-04T18:16:13.153+0300][9,223s][info][gc] GC(187) Pause Young (Allocation Failure) 278M->5M(989M) 0,477ms
[2024-08-04T18:16:13.202+0300][9,272s][info][gc] GC(188) Pause Young (Allocation Failure) 278M->5M(989M) 0,474ms
[2024-08-04T18:16:13.251+0300][9,321s][info][gc] GC(189) Pause Young (Allocation Failure) 278M->5M(989M) 0,478ms
[2024-08-04T18:16:13.301+0300][9,371s][info][gc] GC(190) Pause Young (Allocation Failure) 278M->5M(989M) 0,481ms
[2024-08-04T18:16:13.350+0300][9,421s][info][gc] GC(191) Pause Young (Allocation Failure) 278M->5M(989M) 0,492ms
[2024-08-04T18:16:13.400+0300][9,470s][info][gc] GC(192) Pause Young (Allocation Failure) 278M->5M(989M) 0,472ms
[2024-08-04T18:16:13.450+0300][9,520s][info][gc] GC(193) Pause Young (Allocation Failure) 278M->5M(989M) 0,381ms
[2024-08-04T18:16:13.500+0300][9,570s][info][gc] GC(194) Pause Young (Allocation Failure) 278M->5M(989M) 0,472ms
[2024-08-04T18:16:13.543+0300][9,613s][info][gc] GC(195) Pause Young (Allocation Failure) 278M->5M(989M) 0,476ms
[2024-08-04T18:16:13.585+0300][9,656s][info][gc] GC(196) Pause Young (Allocation Failure) 278M->5M(989M) 0,464ms
[2024-08-04T18:16:13.645+0300][9,716s][info][gc] GC(197) Pause Young (Allocation Failure) 278M->5M(989M) 0,477ms
[2024-08-04T18:16:13.692+0300][9,763s][info][gc] GC(198) Pause Young (Allocation Failure) 278M->5M(989M) 0,468ms
[2024-08-04T18:16:13.739+0300][9,809s][info][gc] GC(199) Pause Young (Allocation Failure) 278M->5M(989M) 0,469ms
[2024-08-04T18:16:13.787+0300][9,857s][info][gc] GC(200) Pause Young (Allocation Failure) 278M->5M(989M) 0,469ms
[2024-08-04T18:16:13.834+0300][9,904s][info][gc] GC(201) Pause Young (Allocation Failure) 278M->5M(989M) 0,475ms
[2024-08-04T18:16:13.881+0300][9,951s][info][gc] GC(202) Pause Young (Allocation Failure) 278M->5M(989M) 0,466ms
[2024-08-04T18:16:13.928+0300][9,998s][info][gc] GC(203) Pause Young (Allocation Failure) 278M->5M(989M) 0,460ms
[2024-08-04T18:16:13.976+0300][10,046s][info][gc] GC(204) Pause Young (Allocation Failure) 278M->5M(989M) 0,488ms
[2024-08-04T18:16:14.025+0300][10,095s][info][gc] GC(205) Pause Young (Allocation Failure) 278M->5M(989M) 0,465ms
[2024-08-04T18:16:14.072+0300][10,143s][info][gc] GC(206) Pause Young (Allocation Failure) 278M->5M(989M) 0,466ms
[2024-08-04T18:16:14.121+0300][10,191s][info][gc] GC(207) Pause Young (Allocation Failure) 278M->5M(989M) 0,464ms
[2024-08-04T18:16:14.167+0300][10,237s][info][gc] GC(208) Pause Young (Allocation Failure) 278M->5M(989M) 0,461ms
[2024-08-04T18:16:14.215+0300][10,285s][info][gc] GC(209) Pause Young (Allocation Failure) 278M->5M(989M) 0,478ms
[2024-08-04T18:16:14.263+0300][10,333s][info][gc] GC(210) Pause Young (Allocation Failure) 278M->5M(989M) 0,469ms
[2024-08-04T18:16:14.311+0300][10,382s][info][gc] GC(211) Pause Young (Allocation Failure) 278M->5M(989M) 0,467ms
[2024-08-04T18:16:14.360+0300][10,430s][info][gc] GC(212) Pause Young (Allocation Failure) 278M->5M(989M) 0,458ms
[2024-08-04T18:16:14.408+0300][10,478s][info][gc] GC(213) Pause Young (Allocation Failure) 278M->5M(989M) 0,459ms
[2024-08-04T18:16:14.456+0300][10,527s][info][gc] GC(214) Pause Young (Allocation Failure) 278M->5M(989M) 0,462ms
[2024-08-04T18:16:14.505+0300][10,575s][info][gc] GC(215) Pause Young (Allocation Failure) 278M->5M(989M) 0,463ms
[2024-08-04T18:16:14.555+0300][10,625s][info][gc] GC(216) Pause Young (Allocation Failure) 278M->5M(989M) 0,461ms
[2024-08-04T18:16:14.604+0300][10,674s][info][gc] GC(217) Pause Young (Allocation Failure) 278M->5M(989M) 0,450ms
[2024-08-04T18:16:14.652+0300][10,722s][info][gc] GC(218) Pause Young (Allocation Failure) 278M->5M(989M) 0,456ms
[2024-08-04T18:16:14.701+0300][10,771s][info][gc] GC(219) Pause Young (Allocation Failure) 278M->5M(989M) 0,458ms
[2024-08-04T18:16:14.750+0300][10,821s][info][gc] GC(220) Pause Young (Allocation Failure) 278M->5M(989M) 0,498ms
[2024-08-04T18:16:14.800+0300][10,870s][info][gc] GC(221) Pause Young (Allocation Failure) 278M->5M(989M) 0,452ms
[2024-08-04T18:16:14.849+0300][10,919s][info][gc] GC(222) Pause Young (Allocation Failure) 278M->5M(989M) 0,456ms
[2024-08-04T18:16:14.899+0300][10,969s][info][gc] GC(223) Pause Young (Allocation Failure) 278M->5M(989M) 0,472ms
[2024-08-04T18:16:14.947+0300][11,017s][info][gc] GC(224) Pause Young (Allocation Failure) 278M->5M(989M) 0,513ms
[2024-08-04T18:16:14.991+0300][11,061s][info][gc] GC(225) Pause Young (Allocation Failure) 278M->5M(989M) 0,447ms
[2024-08-04T18:16:15.035+0300][11,105s][info][gc] GC(226) Pause Young (Allocation Failure) 278M->5M(989M) 0,455ms
[2024-08-04T18:16:15.078+0300][11,149s][info][gc] GC(227) Pause Young (Allocation Failure) 278M->5M(989M) 0,486ms
[2024-08-04T18:16:15.126+0300][11,196s][info][gc] GC(228) Pause Young (Allocation Failure) 278M->5M(989M) 0,448ms
[2024-08-04T18:16:15.174+0300][11,245s][info][gc] GC(229) Pause Young (Allocation Failure) 278M->5M(989M) 0,609ms
[2024-08-04T18:16:15.224+0300][11,294s][info][gc] GC(230) Pause Young (Allocation Failure) 278M->5M(989M) 0,446ms
[2024-08-04T18:16:15.272+0300][11,342s][info][gc] GC(231) Pause Young (Allocation Failure) 278M->5M(989M) 0,448ms
[2024-08-04T18:16:15.321+0300][11,391s][info][gc] GC(232) Pause Young (Allocation Failure) 278M->5M(989M) 0,446ms
[2024-08-04T18:16:15.372+0300][11,442s][info][gc] GC(233) Pause Young (Allocation Failure) 278M->5M(989M) 0,441ms
[2024-08-04T18:16:15.421+0300][11,491s][info][gc] GC(234) Pause Young (Allocation Failure) 278M->5M(989M) 0,445ms
[2024-08-04T18:16:15.469+0300][11,539s][info][gc] GC(235) Pause Young (Allocation Failure) 278M->5M(989M) 0,442ms
[2024-08-04T18:16:15.519+0300][11,589s][info][gc] GC(236) Pause Young (Allocation Failure) 278M->5M(989M) 0,452ms
[2024-08-04T18:16:15.569+0300][11,639s][info][gc] GC(237) Pause Young (Allocation Failure) 278M->5M(989M) 0,530ms
[2024-08-04T18:16:15.618+0300][11,688s][info][gc] GC(238) Pause Young (Allocation Failure) 278M->5M(989M) 0,439ms
[2024-08-04T18:16:15.667+0300][11,737s][info][gc] GC(239) Pause Young (Allocation Failure) 278M->5M(989M) 0,446ms
[2024-08-04T18:16:15.713+0300][11,783s][info][gc] GC(240) Pause Young (Allocation Failure) 278M->5M(989M) 0,445ms
[2024-08-04T18:16:15.760+0300][11,831s][info][gc] GC(241) Pause Young (Allocation Failure) 278M->5M(989M) 0,446ms
[2024-08-04T18:16:15.809+0300][11,880s][info][gc] GC(242) Pause Young (Allocation Failure) 278M->5M(989M) 0,444ms
[2024-08-04T18:16:15.854+0300][11,925s][info][gc] GC(243) Pause Young (Allocation Failure) 278M->5M(989M) 0,479ms
[2024-08-04T18:16:15.899+0300][11,969s][info][gc] GC(244) Pause Young (Allocation Failure) 278M->5M(989M) 0,445ms
[2024-08-04T18:16:15.944+0300][12,014s][info][gc] GC(245) Pause Young (Allocation Failure) 278M->5M(989M) 0,444ms
[2024-08-04T18:16:15.992+0300][12,063s][info][gc] GC(246) Pause Young (Allocation Failure) 278M->5M(989M) 0,448ms
[2024-08-04T18:16:16.043+0300][12,113s][info][gc] GC(247) Pause Young (Allocation Failure) 278M->5M(989M) 0,441ms
[2024-08-04T18:16:16.093+0300][12,163s][info][gc] GC(248) Pause Young (Allocation Failure) 278M->5M(989M) 0,442ms
[2024-08-04T18:16:16.142+0300][12,212s][info][gc] GC(249) Pause Young (Allocation Failure) 278M->5M(989M) 0,435ms
[2024-08-04T18:16:16.191+0300][12,261s][info][gc] GC(250) Pause Young (Allocation Failure) 278M->5M(989M) 0,441ms
[2024-08-04T18:16:16.244+0300][12,314s][info][gc] GC(251) Pause Young (Allocation Failure) 278M->5M(989M) 0,437ms
[2024-08-04T18:16:16.293+0300][12,363s][info][gc] GC(252) Pause Young (Allocation Failure) 278M->5M(989M) 0,437ms
[2024-08-04T18:16:16.338+0300][12,408s][info][gc] GC(253) Pause Young (Allocation Failure) 278M->5M(989M) 0,435ms
[2024-08-04T18:16:16.386+0300][12,456s][info][gc] GC(254) Pause Young (Allocation Failure) 278M->5M(989M) 0,438ms
[2024-08-04T18:16:16.431+0300][12,501s][info][gc] GC(255) Pause Young (Allocation Failure) 278M->5M(989M) 0,436ms
[2024-08-04T18:16:16.480+0300][12,550s][info][gc] GC(256) Pause Young (Allocation Failure) 278M->5M(989M) 0,434ms
[2024-08-04T18:16:16.529+0300][12,599s][info][gc] GC(257) Pause Young (Allocation Failure) 278M->5M(989M) 0,436ms
[2024-08-04T18:16:16.578+0300][12,648s][info][gc] GC(258) Pause Young (Allocation Failure) 278M->5M(989M) 0,438ms
[2024-08-04T18:16:16.622+0300][12,692s][info][gc] GC(259) Pause Young (Allocation Failure) 278M->5M(989M) 0,432ms
[2024-08-04T18:16:16.671+0300][12,741s][info][gc] GC(260) Pause Young (Allocation Failure) 278M->5M(989M) 0,439ms
[2024-08-04T18:16:16.720+0300][12,790s][info][gc] GC(261) Pause Young (Allocation Failure) 278M->5M(989M) 0,434ms
[2024-08-04T18:16:16.769+0300][12,840s][info][gc] GC(262) Pause Young (Allocation Failure) 278M->5M(989M) 0,435ms
[2024-08-04T18:16:16.819+0300][12,889s][info][gc] GC(263) Pause Young (Allocation Failure) 278M->5M(989M) 0,437ms
[2024-08-04T18:16:16.869+0300][12,939s][info][gc] GC(264) Pause Young (Allocation Failure) 278M->5M(989M) 0,437ms
[2024-08-04T18:16:16.919+0300][12,989s][info][gc] GC(265) Pause Young (Allocation Failure) 278M->5M(989M) 0,459ms
[2024-08-04T18:16:16.966+0300][13,036s][info][gc] GC(266) Pause Young (Allocation Failure) 278M->5M(989M) 0,433ms
[2024-08-04T18:16:17.015+0300][13,085s][info][gc] GC(267) Pause Young (Allocation Failure) 278M->5M(989M) 0,527ms
[2024-08-04T18:16:17.064+0300][13,134s][info][gc] GC(268) Pause Young (Allocation Failure) 278M->6M(989M) 1,607ms
[2024-08-04T18:16:17.118+0300][13,188s][info][gc] GC(269) Pause Young (Allocation Failure) 279M->6M(989M) 2,182ms
[2024-08-04T18:16:17.174+0300][13,244s][info][gc] GC(270) Pause Young (Allocation Failure) 279M->6M(989M) 3,079ms
[2024-08-04T18:16:17.231+0300][13,301s][info][gc] GC(271) Pause Young (Allocation Failure) 279M->7M(989M) 2,931ms
[2024-08-04T18:16:17.315+0300][13,386s][info][gc] GC(272) Pause Young (Allocation Failure) 280M->7M(989M) 2,415ms
[2024-08-04T18:16:17.381+0300][13,451s][info][gc] GC(273) Pause Young (Allocation Failure) 280M->7M(989M) 2,811ms
[2024-08-04T18:16:17.443+0300][13,513s][info][gc] GC(274) Pause Young (Allocation Failure) 280M->7M(989M) 3,303ms
[2024-08-04T18:16:17.507+0300][13,577s][info][gc] GC(275) Pause Young (Allocation Failure) 280M->8M(989M) 3,225ms
[2024-08-04T18:16:17.570+0300][13,641s][info][gc] GC(276) Pause Young (Allocation Failure) 281M->8M(989M) 3,586ms
[2024-08-04T18:16:17.635+0300][13,705s][info][gc] GC(277) Pause Young (Allocation Failure) 281M->8M(989M) 3,244ms
[2024-08-04T18:16:17.699+0300][13,770s][info][gc] GC(278) Pause Young (Allocation Failure) 281M->8M(989M) 6,170ms
[2024-08-04T18:16:17.805+0300][13,875s][info][gc] GC(279) Pause Young (Allocation Failure) 281M->8M(989M) 7,304ms
[2024-08-04T18:16:17.891+0300][13,961s][info][gc] GC(280) Pause Young (Allocation Failure) 281M->8M(989M) 6,751ms
[2024-08-04T18:16:17.952+0300][14,022s][info][gc] GC(281) Pause Young (Allocation Failure) 281M->8M(989M) 7,789ms
[2024-08-04T18:16:18.005+0300][14,075s][info][gc] GC(282) Pause Young (Allocation Failure) 281M->8M(989M) 7,621ms
[2024-08-04T18:16:18.055+0300][14,126s][info][gc] GC(283) Pause Young (Allocation Failure) 281M->8M(989M) 7,544ms
[2024-08-04T18:16:18.113+0300][14,183s][info][gc] GC(284) Pause Young (Allocation Failure) 281M->8M(989M) 7,924ms
[2024-08-04T18:16:18.166+0300][14,236s][info][gc] GC(285) Pause Young (Allocation Failure) 281M->8M(989M) 6,843ms
[2024-08-04T18:16:18.218+0300][14,288s][info][gc] GC(286) Pause Young (Allocation Failure) 281M->8M(989M) 5,408ms
[2024-08-04T18:16:18.265+0300][14,335s][info][gc] GC(287) Pause Young (Allocation Failure) 282M->8M(989M) 2,874ms
[2024-08-04T18:16:18.320+0300][14,390s][info][gc] GC(288) Pause Young (Allocation Failure) 282M->9M(989M) 5,946ms
[2024-08-04T18:16:18.374+0300][14,445s][info][gc] GC(289) Pause Young (Allocation Failure) 282M->9M(989M) 4,427ms
[2024-08-04T18:16:18.428+0300][14,498s][info][gc] GC(290) Pause Young (Allocation Failure) 282M->9M(989M) 4,079ms
[2024-08-04T18:16:18.480+0300][14,550s][info][gc] GC(291) Pause Young (Allocation Failure) 282M->9M(989M) 3,749ms
[2024-08-04T18:16:18.525+0300][14,595s][info][gc] GC(292) Pause Young (Allocation Failure) 282M->9M(989M) 2,454ms
[2024-08-04T18:16:18.574+0300][14,644s][info][gc] GC(293) Pause Young (Allocation Failure) 282M->9M(989M) 1,996ms
[2024-08-04T18:16:18.626+0300][14,696s][info][gc] GC(294) Pause Young (Allocation Failure) 282M->9M(989M) 2,677ms
[2024-08-04T18:16:18.677+0300][14,747s][info][gc] GC(295) Pause Young (Allocation Failure) 282M->9M(989M) 2,421ms
[2024-08-04T18:16:18.728+0300][14,799s][info][gc] GC(296) Pause Young (Allocation Failure) 282M->9M(989M) 2,161ms
[2024-08-04T18:16:18.779+0300][14,850s][info][gc] GC(297) Pause Young (Allocation Failure) 282M->9M(989M) 2,046ms
[2024-08-04T18:16:18.829+0300][14,900s][info][gc] GC(298) Pause Young (Allocation Failure) 282M->9M(989M) 1,903ms
[2024-08-04T18:16:18.880+0300][14,950s][info][gc] GC(299) Pause Young (Allocation Failure) 282M->9M(989M) 1,884ms
[2024-08-04T18:16:18.930+0300][15,000s][info][gc] GC(300) Pause Young (Allocation Failure) 282M->9M(989M) 1,774ms
[2024-08-04T18:16:18.980+0300][15,050s][info][gc] GC(301) Pause Young (Allocation Failure) 282M->9M(989M) 1,729ms
[2024-08-04T18:16:19.030+0300][15,101s][info][gc] GC(302) Pause Young (Allocation Failure) 282M->9M(989M) 1,733ms
[2024-08-04T18:16:19.081+0300][15,151s][info][gc] GC(303) Pause Young (Allocation Failure) 282M->9M(989M) 1,674ms
[2024-08-04T18:16:19.131+0300][15,201s][info][gc] GC(304) Pause Young (Allocation Failure) 282M->9M(989M) 1,684ms
[2024-08-04T18:16:19.180+0300][15,250s][info][gc] GC(305) Pause Young (Allocation Failure) 282M->9M(989M) 1,613ms
[2024-08-04T18:16:19.228+0300][15,298s][info][gc] GC(306) Pause Young (Allocation Failure) 282M->9M(989M) 1,590ms
[2024-08-04T18:16:19.276+0300][15,347s][info][gc] GC(307) Pause Young (Allocation Failure) 282M->9M(989M) 1,575ms
[2024-08-04T18:16:19.324+0300][15,395s][info][gc] GC(308) Pause Young (Allocation Failure) 282M->9M(989M) 1,524ms
[2024-08-04T18:16:19.373+0300][15,443s][info][gc] GC(309) Pause Young (Allocation Failure) 282M->9M(989M) 1,779ms
[2024-08-04T18:16:19.422+0300][15,492s][info][gc] GC(310) Pause Young (Allocation Failure) 282M->9M(989M) 1,152ms
[2024-08-04T18:16:19.464+0300][15,535s][info][gc] GC(311) Pause Young (Allocation Failure) 282M->9M(989M) 1,089ms
[2024-08-04T18:16:19.507+0300][15,578s][info][gc] GC(312) Pause Young (Allocation Failure) 282M->9M(989M) 1,077ms
[2024-08-04T18:16:19.555+0300][15,625s][info][gc] GC(313) Pause Young (Allocation Failure) 282M->9M(989M) 1,134ms
[2024-08-04T18:16:19.597+0300][15,668s][info][gc] GC(314) Pause Young (Allocation Failure) 282M->9M(989M) 1,100ms
[2024-08-04T18:16:19.645+0300][15,716s][info][gc] GC(315) Pause Young (Allocation Failure) 282M->9M(989M) 1,090ms
[2024-08-04T18:16:19.688+0300][15,759s][info][gc] GC(316) Pause Young (Allocation Failure) 282M->9M(989M) 1,050ms
[2024-08-04T18:16:19.732+0300][15,802s][info][gc] GC(317) Pause Young (Allocation Failure) 282M->9M(989M) 1,057ms
[2024-08-04T18:16:19.774+0300][15,845s][info][gc] GC(318) Pause Young (Allocation Failure) 282M->9M(989M) 1,043ms
[2024-08-04T18:16:19.817+0300][15,887s][info][gc] GC(319) Pause Young (Allocation Failure) 282M->9M(989M) 1,029ms
[2024-08-04T18:16:19.865+0300][15,935s][info][gc] GC(320) Pause Young (Allocation Failure) 282M->9M(989M) 1,020ms
[2024-08-04T18:16:19.913+0300][15,983s][info][gc] GC(321) Pause Young (Allocation Failure) 282M->9M(989M) 0,999ms
[2024-08-04T18:16:19.956+0300][16,026s][info][gc] GC(322) Pause Young (Allocation Failure) 282M->9M(989M) 0,993ms
[2024-08-04T18:16:20.004+0300][16,074s][info][gc] GC(323) Pause Young (Allocation Failure) 282M->9M(989M) 0,979ms
[2024-08-04T18:16:20.052+0300][16,123s][info][gc] GC(324) Pause Young (Allocation Failure) 282M->9M(989M) 0,977ms
[2024-08-04T18:16:20.101+0300][16,171s][info][gc] GC(325) Pause Young (Allocation Failure) 282M->9M(989M) 0,999ms
[2024-08-04T18:16:20.148+0300][16,218s][info][gc] GC(326) Pause Young (Allocation Failure) 282M->9M(989M) 0,972ms
[2024-08-04T18:16:20.195+0300][16,266s][info][gc] GC(327) Pause Young (Allocation Failure) 282M->9M(989M) 0,960ms
[2024-08-04T18:16:20.239+0300][16,309s][info][gc] GC(328) Pause Young (Allocation Failure) 282M->9M(989M) 0,975ms
[2024-08-04T18:16:20.285+0300][16,356s][info][gc] GC(329) Pause Young (Allocation Failure) 282M->9M(989M) 0,943ms
[2024-08-04T18:16:20.333+0300][16,403s][info][gc] GC(330) Pause Young (Allocation Failure) 282M->9M(989M) 0,924ms
[2024-08-04T18:16:20.381+0300][16,451s][info][gc] GC(331) Pause Young (Allocation Failure) 282M->9M(989M) 1,257ms
[2024-08-04T18:16:20.423+0300][16,493s][info][gc] GC(332) Pause Young (Allocation Failure) 282M->9M(989M) 0,931ms
[2024-08-04T18:16:20.466+0300][16,536s][info][gc] GC(333) Pause Young (Allocation Failure) 282M->9M(989M) 0,886ms
[2024-08-04T18:16:20.508+0300][16,578s][info][gc] GC(334) Pause Young (Allocation Failure) 282M->9M(989M) 0,875ms
[2024-08-04T18:16:20.551+0300][16,621s][info][gc] GC(335) Pause Young (Allocation Failure) 282M->9M(989M) 0,896ms
[2024-08-04T18:16:20.598+0300][16,669s][info][gc] GC(336) Pause Young (Allocation Failure) 282M->9M(989M) 0,883ms
[2024-08-04T18:16:20.646+0300][16,716s][info][gc] GC(337) Pause Young (Allocation Failure) 282M->9M(989M) 0,886ms
[2024-08-04T18:16:20.690+0300][16,760s][info][gc] GC(338) Pause Young (Allocation Failure) 282M->9M(989M) 1,148ms
[2024-08-04T18:16:20.740+0300][16,810s][info][gc] GC(339) Pause Young (Allocation Failure) 283M->9M(989M) 0,889ms
[2024-08-04T18:16:20.788+0300][16,858s][info][gc] GC(340) Pause Young (Allocation Failure) 283M->9M(989M) 0,838ms
[2024-08-04T18:16:20.835+0300][16,905s][info][gc] GC(341) Pause Young (Allocation Failure) 283M->9M(989M) 0,878ms
[2024-08-04T18:16:20.884+0300][16,954s][info][gc] GC(342) Pause Young (Allocation Failure) 283M->9M(989M) 0,842ms
[2024-08-04T18:16:20.927+0300][16,997s][info][gc] GC(343) Pause Young (Allocation Failure) 283M->9M(989M) 0,862ms
[2024-08-04T18:16:20.969+0300][17,040s][info][gc] GC(344) Pause Young (Allocation Failure) 283M->10M(989M) 0,825ms
[2024-08-04T18:16:21.018+0300][17,089s][info][gc] GC(345) Pause Young (Allocation Failure) 283M->10M(989M) 0,859ms
[2024-08-04T18:16:21.065+0300][17,136s][info][gc] GC(346) Pause Young (Allocation Failure) 283M->10M(989M) 0,828ms
[2024-08-04T18:16:21.108+0300][17,178s][info][gc] GC(347) Pause Young (Allocation Failure) 283M->10M(989M) 0,812ms
[2024-08-04T18:16:21.150+0300][17,221s][info][gc] GC(348) Pause Young (Allocation Failure) 283M->10M(989M) 0,844ms
[2024-08-04T18:16:21.192+0300][17,263s][info][gc] GC(349) Pause Young (Allocation Failure) 283M->10M(989M) 1,050ms
[2024-08-04T18:16:21.236+0300][17,306s][info][gc] GC(350) Pause Young (Allocation Failure) 283M->10M(989M) 0,805ms
[2024-08-04T18:16:21.283+0300][17,353s][info][gc] GC(351) Pause Young (Allocation Failure) 283M->10M(989M) 0,825ms
[2024-08-04T18:16:21.331+0300][17,401s][info][gc] GC(352) Pause Young (Allocation Failure) 283M->10M(989M) 0,817ms
[2024-08-04T18:16:21.378+0300][17,449s][info][gc] GC(353) Pause Young (Allocation Failure) 283M->10M(989M) 0,826ms
[2024-08-04T18:16:21.426+0300][17,497s][info][gc] GC(354) Pause Young (Allocation Failure) 283M->10M(989M) 0,820ms
[2024-08-04T18:16:21.473+0300][17,543s][info][gc] GC(355) Pause Young (Allocation Failure) 283M->10M(989M) 0,780ms
[2024-08-04T18:16:21.520+0300][17,590s][info][gc] GC(356) Pause Young (Allocation Failure) 283M->10M(989M) 0,774ms
[2024-08-04T18:16:21.567+0300][17,637s][info][gc] GC(357) Pause Young (Allocation Failure) 283M->10M(989M) 0,809ms
[2024-08-04T18:16:21.615+0300][17,685s][info][gc] GC(358) Pause Young (Allocation Failure) 283M->10M(989M) 0,841ms
[2024-08-04T18:16:21.657+0300][17,728s][info][gc] GC(359) Pause Young (Allocation Failure) 283M->10M(989M) 0,784ms
[2024-08-04T18:16:21.700+0300][17,770s][info][gc] GC(360) Pause Young (Allocation Failure) 283M->10M(989M) 0,770ms
[2024-08-04T18:16:21.743+0300][17,813s][info][gc] GC(361) Pause Young (Allocation Failure) 283M->10M(989M) 0,766ms
[2024-08-04T18:16:21.790+0300][17,860s][info][gc] GC(362) Pause Young (Allocation Failure) 283M->10M(989M) 0,794ms
[2024-08-04T18:16:21.833+0300][17,903s][info][gc] GC(363) Pause Young (Allocation Failure) 283M->10M(989M) 0,759ms
[2024-08-04T18:16:21.875+0300][17,945s][info][gc] GC(364) Pause Young (Allocation Failure) 283M->10M(989M) 0,789ms
[2024-08-04T18:16:21.921+0300][17,992s][info][gc] GC(365) Pause Young (Allocation Failure) 283M->10M(989M) 0,750ms
[2024-08-04T18:16:21.969+0300][18,039s][info][gc] GC(366) Pause Young (Allocation Failure) 283M->10M(989M) 0,752ms
[2024-08-04T18:16:22.010+0300][18,081s][info][gc] GC(367) Pause Young (Allocation Failure) 283M->10M(989M) 0,787ms
[2024-08-04T18:16:22.056+0300][18,127s][info][gc] GC(368) Pause Young (Allocation Failure) 283M->10M(989M) 0,744ms
[2024-08-04T18:16:22.103+0300][18,174s][info][gc] GC(369) Pause Young (Allocation Failure) 283M->10M(989M) 0,753ms
[2024-08-04T18:16:22.150+0300][18,220s][info][gc] GC(370) Pause Young (Allocation Failure) 283M->10M(989M) 0,745ms
[2024-08-04T18:16:22.192+0300][18,262s][info][gc] GC(371) Pause Young (Allocation Failure) 283M->10M(989M) 0,740ms
[2024-08-04T18:16:22.234+0300][18,304s][info][gc] GC(372) Pause Young (Allocation Failure) 283M->10M(989M) 0,737ms
[2024-08-04T18:16:22.280+0300][18,350s][info][gc] GC(373) Pause Young (Allocation Failure) 283M->10M(989M) 0,764ms
[2024-08-04T18:16:22.322+0300][18,392s][info][gc] GC(374) Pause Young (Allocation Failure) 283M->10M(989M) 0,739ms
[2024-08-04T18:16:22.364+0300][18,434s][info][gc] GC(375) Pause Young (Allocation Failure) 283M->10M(989M) 0,729ms
[2024-08-04T18:16:22.411+0300][18,481s][info][gc] GC(376) Pause Young (Allocation Failure) 283M->10M(989M) 1,043ms
[2024-08-04T18:16:22.458+0300][18,528s][info][gc] GC(377) Pause Young (Allocation Failure) 283M->10M(989M) 0,730ms
[2024-08-04T18:16:22.506+0300][18,577s][info][gc] GC(378) Pause Young (Allocation Failure) 283M->10M(989M) 0,750ms
[2024-08-04T18:16:22.553+0300][18,623s][info][gc] GC(379) Pause Young (Allocation Failure) 283M->10M(989M) 0,733ms
[2024-08-04T18:16:22.597+0300][18,668s][info][gc] GC(380) Pause Young (Allocation Failure) 283M->10M(989M) 0,708ms
[2024-08-04T18:16:22.645+0300][18,715s][info][gc] GC(381) Pause Young (Allocation Failure) 283M->10M(989M) 0,750ms
[2024-08-04T18:16:22.692+0300][18,762s][info][gc] GC(382) Pause Young (Allocation Failure) 283M->10M(989M) 0,724ms
[2024-08-04T18:16:22.740+0300][18,810s][info][gc] GC(383) Pause Young (Allocation Failure) 283M->10M(989M) 0,719ms
[2024-08-04T18:16:22.787+0300][18,857s][info][gc] GC(384) Pause Young (Allocation Failure) 283M->10M(989M) 0,747ms
[2024-08-04T18:16:22.829+0300][18,899s][info][gc] GC(385) Pause Young (Allocation Failure) 283M->10M(989M) 0,726ms
[2024-08-04T18:16:22.876+0300][18,946s][info][gc] GC(386) Pause Young (Allocation Failure) 283M->10M(989M) 0,739ms
[2024-08-04T18:16:22.923+0300][18,993s][info][gc] GC(387) Pause Young (Allocation Failure) 283M->10M(989M) 0,753ms
[2024-08-04T18:16:22.970+0300][19,040s][info][gc] GC(388) Pause Young (Allocation Failure) 283M->10M(989M) 0,711ms
[2024-08-04T18:16:23.017+0300][19,087s][info][gc] GC(389) Pause Young (Allocation Failure) 283M->10M(989M) 0,707ms
[2024-08-04T18:16:23.064+0300][19,135s][info][gc] GC(390) Pause Young (Allocation Failure) 283M->10M(989M) 0,725ms
[2024-08-04T18:16:23.111+0300][19,181s][info][gc] GC(391) Pause Young (Allocation Failure) 283M->10M(989M) 0,769ms
[2024-08-04T18:16:23.158+0300][19,228s][info][gc] GC(392) Pause Young (Allocation Failure) 283M->10M(989M) 0,957ms
[2024-08-04T18:16:23.204+0300][19,275s][info][gc] GC(393) Pause Young (Allocation Failure) 283M->10M(989M) 0,705ms
[2024-08-04T18:16:23.246+0300][19,316s][info][gc] GC(394) Pause Young (Allocation Failure) 283M->10M(989M) 0,704ms
[2024-08-04T18:16:23.288+0300][19,358s][info][gc] GC(395) Pause Young (Allocation Failure) 283M->10M(989M) 0,697ms
[2024-08-04T18:16:23.330+0300][19,401s][info][gc] GC(396) Pause Young (Allocation Failure) 283M->10M(989M) 0,713ms
[2024-08-04T18:16:23.378+0300][19,448s][info][gc] GC(397) Pause Young (Allocation Failure) 283M->10M(989M) 0,712ms
[2024-08-04T18:16:23.420+0300][19,491s][info][gc] GC(398) Pause Young (Allocation Failure) 283M->10M(989M) 0,687ms
[2024-08-04T18:16:23.463+0300][19,533s][info][gc] GC(399) Pause Young (Allocation Failure) 283M->10M(989M) 0,750ms
[2024-08-04T18:16:23.505+0300][19,575s][info][gc] GC(400) Pause Young (Allocation Failure) 283M->10M(989M) 0,684ms
[2024-08-04T18:16:23.548+0300][19,618s][info][gc] GC(401) Pause Young (Allocation Failure) 283M->10M(989M) 0,682ms
[2024-08-04T18:16:23.590+0300][19,661s][info][gc] GC(402) Pause Young (Allocation Failure) 283M->10M(989M) 0,719ms
[2024-08-04T18:16:23.635+0300][19,705s][info][gc] GC(403) Pause Young (Allocation Failure) 283M->10M(989M) 0,770ms
[2024-08-04T18:16:23.682+0300][19,752s][info][gc] GC(404) Pause Young (Allocation Failure) 283M->10M(989M) 0,734ms
[2024-08-04T18:16:23.724+0300][19,794s][info][gc] GC(405) Pause Young (Allocation Failure) 283M->10M(989M) 0,699ms
[2024-08-04T18:16:23.772+0300][19,842s][info][gc] GC(406) Pause Young (Allocation Failure) 283M->10M(989M) 0,645ms
[2024-08-04T18:16:23.819+0300][19,889s][info][gc] GC(407) Pause Young (Allocation Failure) 283M->10M(989M) 0,721ms
[2024-08-04T18:16:23.861+0300][19,931s][info][gc] GC(408) Pause Young (Allocation Failure) 283M->10M(989M) 0,691ms
[2024-08-04T18:16:23.908+0300][19,979s][info][gc] GC(409) Pause Young (Allocation Failure) 283M->10M(989M) 0,690ms
[2024-08-04T18:16:23.956+0300][20,026s][info][gc] GC(410) Pause Young (Allocation Failure) 283M->10M(989M) 0,707ms
[2024-08-04T18:16:24.004+0300][20,074s][info][gc] GC(411) Pause Young (Allocation Failure) 283M->10M(989M) 0,689ms
[2024-08-04T18:16:24.052+0300][20,123s][info][gc] GC(412) Pause Young (Allocation Failure) 283M->10M(989M) 0,746ms
[2024-08-04T18:16:24.096+0300][20,166s][info][gc] GC(413) Pause Young (Allocation Failure) 283M->10M(989M) 0,690ms
[2024-08-04T18:16:24.145+0300][20,215s][info][gc] GC(414) Pause Young (Allocation Failure) 283M->10M(989M) 0,683ms
[2024-08-04T18:16:24.195+0300][20,265s][info][gc] GC(415) Pause Young (Allocation Failure) 283M->10M(989M) 0,737ms
[2024-08-04T18:16:24.238+0300][20,308s][info][gc] GC(416) Pause Young (Allocation Failure) 283M->10M(989M) 0,695ms
[2024-08-04T18:16:24.282+0300][20,353s][info][gc] GC(417) Pause Young (Allocation Failure) 283M->10M(989M) 0,760ms
[2024-08-04T18:16:24.326+0300][20,396s][info][gc] GC(418) Pause Young (Allocation Failure) 283M->10M(989M) 0,685ms
[2024-08-04T18:16:24.374+0300][20,444s][info][gc] GC(419) Pause Young (Allocation Failure) 283M->10M(989M) 0,675ms
[2024-08-04T18:16:24.416+0300][20,486s][info][gc] GC(420) Pause Young (Allocation Failure) 283M->10M(989M) 0,664ms
[2024-08-04T18:16:24.461+0300][20,531s][info][gc] GC(421) Pause Young (Allocation Failure) 283M->10M(989M) 0,659ms
[2024-08-04T18:16:24.507+0300][20,577s][info][gc] GC(422) Pause Young (Allocation Failure) 283M->10M(989M) 0,664ms
[2024-08-04T18:16:24.555+0300][20,625s][info][gc] GC(423) Pause Young (Allocation Failure) 283M->10M(989M) 0,677ms
[2024-08-04T18:16:24.603+0300][20,673s][info][gc] GC(424) Pause Young (Allocation Failure) 283M->10M(989M) 1,026ms
[2024-08-04T18:16:24.650+0300][20,720s][info][gc] GC(425) Pause Young (Allocation Failure) 283M->10M(989M) 0,717ms
[2024-08-04T18:16:24.692+0300][20,762s][info][gc] GC(426) Pause Young (Allocation Failure) 283M->10M(989M) 0,683ms
[2024-08-04T18:16:24.739+0300][20,809s][info][gc] GC(427) Pause Young (Allocation Failure) 283M->10M(989M) 0,775ms
[2024-08-04T18:16:24.783+0300][20,853s][info][gc] GC(428) Pause Young (Allocation Failure) 283M->10M(989M) 0,692ms
[2024-08-04T18:16:24.825+0300][20,895s][info][gc] GC(429) Pause Young (Allocation Failure) 283M->10M(989M) 0,683ms
[2024-08-04T18:16:24.871+0300][20,942s][info][gc] GC(430) Pause Young (Allocation Failure) 283M->10M(989M) 0,688ms
[2024-08-04T18:16:24.914+0300][20,984s][info][gc] GC(431) Pause Young (Allocation Failure) 283M->10M(989M) 0,677ms
[2024-08-04T18:16:24.960+0300][21,031s][info][gc] GC(432) Pause Young (Allocation Failure) 283M->10M(989M) 0,786ms
[2024-08-04T18:16:25.004+0300][21,074s][info][gc] GC(433) Pause Young (Allocation Failure) 283M->10M(989M) 0,684ms
[2024-08-04T18:16:25.052+0300][21,123s][info][gc] GC(434) Pause Young (Allocation Failure) 283M->10M(989M) 0,711ms
[2024-08-04T18:16:25.100+0300][21,171s][info][gc] GC(435) Pause Young (Allocation Failure) 283M->10M(989M) 0,694ms
[2024-08-04T18:16:25.148+0300][21,218s][info][gc] GC(436) Pause Young (Allocation Failure) 283M->10M(989M) 0,677ms
[2024-08-04T18:16:25.195+0300][21,265s][info][gc] GC(437) Pause Young (Allocation Failure) 283M->10M(989M) 0,672ms
[2024-08-04T18:16:25.237+0300][21,307s][info][gc] GC(438) Pause Young (Allocation Failure) 283M->10M(989M) 0,685ms
[2024-08-04T18:16:25.284+0300][21,354s][info][gc] GC(439) Pause Young (Allocation Failure) 283M->10M(989M) 0,674ms
[2024-08-04T18:16:25.326+0300][21,396s][info][gc] GC(440) Pause Young (Allocation Failure) 283M->10M(989M) 0,586ms
[2024-08-04T18:16:25.372+0300][21,443s][info][gc] GC(441) Pause Young (Allocation Failure) 283M->10M(989M) 0,647ms
[2024-08-04T18:16:25.415+0300][21,485s][info][gc] GC(442) Pause Young (Allocation Failure) 283M->10M(989M) 0,644ms
[2024-08-04T18:16:25.457+0300][21,527s][info][gc] GC(443) Pause Young (Allocation Failure) 283M->10M(989M) 0,629ms
[2024-08-04T18:16:25.499+0300][21,569s][info][gc] GC(444) Pause Young (Allocation Failure) 283M->10M(989M) 0,644ms
[2024-08-04T18:16:25.541+0300][21,611s][info][gc] GC(445) Pause Young (Allocation Failure) 283M->10M(989M) 0,635ms
[2024-08-04T18:16:25.588+0300][21,658s][info][gc] GC(446) Pause Young (Allocation Failure) 283M->10M(989M) 0,640ms
[2024-08-04T18:16:25.634+0300][21,704s][info][gc] GC(447) Pause Young (Allocation Failure) 283M->10M(989M) 0,670ms
[2024-08-04T18:16:25.678+0300][21,748s][info][gc] GC(448) Pause Young (Allocation Failure) 283M->10M(989M) 0,723ms
[2024-08-04T18:16:25.721+0300][21,791s][info][gc] GC(449) Pause Young (Allocation Failure) 283M->10M(989M) 0,642ms
[2024-08-04T18:16:25.766+0300][21,837s][info][gc] GC(450) Pause Young (Allocation Failure) 283M->10M(989M) 0,661ms
[2024-08-04T18:16:25.809+0300][21,880s][info][gc] GC(451) Pause Young (Allocation Failure) 283M->10M(989M) 0,632ms
[2024-08-04T18:16:25.856+0300][21,926s][info][gc] GC(452) Pause Young (Allocation Failure) 283M->10M(989M) 0,631ms
[2024-08-04T18:16:25.903+0300][21,973s][info][gc] GC(453) Pause Young (Allocation Failure) 283M->10M(989M) 0,887ms
[2024-08-04T18:16:25.950+0300][22,020s][info][gc] GC(454) Pause Young (Allocation Failure) 284M->10M(989M) 0,843ms
[2024-08-04T18:16:25.992+0300][22,063s][info][gc] GC(455) Pause Young (Allocation Failure) 284M->10M(989M) 0,753ms
[2024-08-04T18:16:26.035+0300][22,105s][info][gc] GC(456) Pause Young (Allocation Failure) 284M->10M(989M) 0,760ms
[2024-08-04T18:16:26.082+0300][22,153s][info][gc] GC(457) Pause Young (Allocation Failure) 284M->10M(989M) 0,817ms
[2024-08-04T18:16:26.129+0300][22,199s][info][gc] GC(458) Pause Young (Allocation Failure) 284M->10M(989M) 0,726ms
[2024-08-04T18:16:26.176+0300][22,246s][info][gc] GC(459) Pause Young (Allocation Failure) 284M->10M(989M) 0,752ms
[2024-08-04T18:16:26.223+0300][22,293s][info][gc] GC(460) Pause Young (Allocation Failure) 284M->10M(989M) 0,777ms
[2024-08-04T18:16:26.271+0300][22,341s][info][gc] GC(461) Pause Young (Allocation Failure) 284M->10M(989M) 0,843ms
[2024-08-04T18:16:26.317+0300][22,387s][info][gc] GC(462) Pause Young (Allocation Failure) 284M->11M(989M) 0,787ms
[2024-08-04T18:16:26.359+0300][22,429s][info][gc] GC(463) Pause Young (Allocation Failure) 284M->11M(989M) 0,757ms
[2024-08-04T18:16:26.401+0300][22,471s][info][gc] GC(464) Pause Young (Allocation Failure) 284M->11M(989M) 0,712ms
[2024-08-04T18:16:26.443+0300][22,514s][info][gc] GC(465) Pause Young (Allocation Failure) 284M->11M(989M) 0,741ms
[2024-08-04T18:16:26.486+0300][22,556s][info][gc] GC(466) Pause Young (Allocation Failure) 284M->11M(989M) 0,765ms
[2024-08-04T18:16:26.535+0300][22,605s][info][gc] GC(467) Pause Young (Allocation Failure) 284M->11M(989M) 0,748ms
[2024-08-04T18:16:26.583+0300][22,653s][info][gc] GC(468) Pause Young (Allocation Failure) 284M->11M(989M) 0,748ms
[2024-08-04T18:16:26.631+0300][22,702s][info][gc] GC(469) Pause Young (Allocation Failure) 284M->11M(989M) 0,869ms
[2024-08-04T18:16:26.679+0300][22,749s][info][gc] GC(470) Pause Young (Allocation Failure) 284M->11M(989M) 0,830ms
[2024-08-04T18:16:26.727+0300][22,797s][info][gc] GC(471) Pause Young (Allocation Failure) 284M->11M(989M) 0,794ms
[2024-08-04T18:16:26.770+0300][22,841s][info][gc] GC(472) Pause Young (Allocation Failure) 284M->11M(989M) 0,876ms
[2024-08-04T18:16:26.818+0300][22,888s][info][gc] GC(473) Pause Young (Allocation Failure) 284M->11M(989M) 0,755ms
[2024-08-04T18:16:26.865+0300][22,935s][info][gc] GC(474) Pause Young (Allocation Failure) 284M->11M(989M) 0,811ms
[2024-08-04T18:16:26.912+0300][22,983s][info][gc] GC(475) Pause Young (Allocation Failure) 284M->11M(989M) 0,848ms
[2024-08-04T18:16:26.955+0300][23,026s][info][gc] GC(476) Pause Young (Allocation Failure) 284M->11M(989M) 0,744ms
[2024-08-04T18:16:27.003+0300][23,073s][info][gc] GC(477) Pause Young (Allocation Failure) 284M->11M(989M) 0,726ms
[2024-08-04T18:16:27.051+0300][23,121s][info][gc] GC(478) Pause Young (Allocation Failure) 284M->11M(989M) 0,729ms
[2024-08-04T18:16:27.099+0300][23,170s][info][gc] GC(479) Pause Young (Allocation Failure) 284M->11M(989M) 0,806ms
[2024-08-04T18:16:27.147+0300][23,218s][info][gc] GC(480) Pause Young (Allocation Failure) 284M->11M(989M) 0,728ms
[2024-08-04T18:16:27.192+0300][23,262s][info][gc] GC(481) Pause Young (Allocation Failure) 284M->11M(989M) 0,725ms
[2024-08-04T18:16:27.239+0300][23,309s][info][gc] GC(482) Pause Young (Allocation Failure) 284M->11M(989M) 0,730ms
[2024-08-04T18:16:27.282+0300][23,353s][info][gc] GC(483) Pause Young (Allocation Failure) 284M->11M(989M) 0,870ms
[2024-08-04T18:16:27.326+0300][23,396s][info][gc] GC(484) Pause Young (Allocation Failure) 284M->11M(989M) 0,787ms
[2024-08-04T18:16:27.369+0300][23,439s][info][gc] GC(485) Pause Young (Allocation Failure) 284M->11M(989M) 0,691ms
[2024-08-04T18:16:27.412+0300][23,482s][info][gc] GC(486) Pause Young (Allocation Failure) 284M->11M(989M) 0,698ms
[2024-08-04T18:16:27.455+0300][23,526s][info][gc] GC(487) Pause Young (Allocation Failure) 284M->11M(989M) 0,686ms
[2024-08-04T18:16:27.498+0300][23,569s][info][gc] GC(488) Pause Young (Allocation Failure) 284M->11M(989M) 0,776ms
[2024-08-04T18:16:27.547+0300][23,617s][info][gc] GC(489) Pause Young (Allocation Failure) 284M->11M(989M) 0,722ms
[2024-08-04T18:16:27.594+0300][23,665s][info][gc] GC(490) Pause Young (Allocation Failure) 284M->11M(989M) 0,724ms
[2024-08-04T18:16:27.640+0300][23,710s][info][gc] GC(491) Pause Young (Allocation Failure) 284M->11M(989M) 0,882ms
[2024-08-04T18:16:27.684+0300][23,754s][info][gc] GC(492) Pause Young (Allocation Failure) 284M->11M(989M) 0,748ms
[2024-08-04T18:16:27.731+0300][23,801s][info][gc] GC(493) Pause Young (Allocation Failure) 284M->11M(989M) 0,813ms
[2024-08-04T18:16:27.776+0300][23,846s][info][gc] GC(494) Pause Young (Allocation Failure) 284M->11M(989M) 0,844ms
[2024-08-04T18:16:27.825+0300][23,895s][info][gc] GC(495) Pause Young (Allocation Failure) 284M->11M(989M) 0,792ms
[2024-08-04T18:16:27.879+0300][23,950s][info][gc] GC(496) Pause Young (Allocation Failure) 284M->11M(989M) 0,920ms
[2024-08-04T18:16:27.931+0300][24,001s][info][gc] GC(497) Pause Young (Allocation Failure) 284M->11M(989M) 0,776ms
[2024-08-04T18:16:27.979+0300][24,049s][info][gc] GC(498) Pause Young (Allocation Failure) 284M->11M(989M) 0,873ms
[2024-08-04T18:16:28.027+0300][24,097s][info][gc] GC(499) Pause Young (Allocation Failure) 284M->11M(989M) 0,792ms
[2024-08-04T18:16:28.081+0300][24,152s][info][gc] GC(500) Pause Young (Allocation Failure) 284M->11M(989M) 0,848ms
[2024-08-04T18:16:28.130+0300][24,200s][info][gc] GC(501) Pause Young (Allocation Failure) 284M->11M(989M) 0,846ms
[2024-08-04T18:16:28.201+0300][24,271s][info][gc] GC(502) Pause Young (Allocation Failure) 284M->11M(989M) 0,828ms
[2024-08-04T18:16:28.252+0300][24,323s][info][gc] GC(503) Pause Young (Allocation Failure) 284M->11M(989M) 0,722ms
[2024-08-04T18:16:28.305+0300][24,375s][info][gc] GC(504) Pause Young (Allocation Failure) 284M->11M(989M) 0,642ms
[2024-08-04T18:16:28.360+0300][24,431s][info][gc] GC(505) Pause Young (Allocation Failure) 284M->11M(989M) 0,620ms
[2024-08-04T18:16:28.407+0300][24,477s][info][gc] GC(506) Pause Young (Allocation Failure) 284M->11M(989M) 0,865ms
[2024-08-04T18:16:28.475+0300][24,545s][info][gc] GC(507) Pause Young (Allocation Failure) 284M->11M(989M) 0,364ms
[2024-08-04T18:16:28.517+0300][24,588s][info][gc] GC(508) Pause Young (Allocation Failure) 284M->11M(989M) 0,334ms
[2024-08-04T18:16:28.563+0300][24,634s][info][gc] GC(509) Pause Young (Allocation Failure) 284M->11M(989M) 0,336ms
[2024-08-04T18:16:28.614+0300][24,684s][info][gc] GC(510) Pause Young (Allocation Failure) 284M->11M(989M) 0,369ms
[2024-08-04T18:16:28.664+0300][24,735s][info][gc] GC(511) Pause Young (Allocation Failure) 284M->11M(989M) 0,344ms
[2024-08-04T18:16:28.711+0300][24,781s][info][gc] GC(512) Pause Young (Allocation Failure) 284M->11M(989M) 0,345ms
[2024-08-04T18:16:28.763+0300][24,833s][info][gc] GC(513) Pause Young (Allocation Failure) 284M->11M(989M) 0,363ms
[2024-08-04T18:16:28.808+0300][24,879s][info][gc] GC(514) Pause Young (Allocation Failure) 284M->11M(989M) 0,340ms
[2024-08-04T18:16:28.858+0300][24,928s][info][gc] GC(515) Pause Young (Allocation Failure) 284M->11M(989M) 0,342ms
[2024-08-04T18:16:28.907+0300][24,977s][info][gc] GC(516) Pause Young (Allocation Failure) 284M->11M(989M) 0,340ms
[2024-08-04T18:16:28.951+0300][25,022s][info][gc] GC(517) Pause Young (Allocation Failure) 284M->11M(989M) 0,345ms
[2024-08-04T18:16:28.996+0300][25,066s][info][gc] GC(518) Pause Young (Allocation Failure) 284M->11M(989M) 0,342ms
[2024-08-04T18:16:29.043+0300][25,114s][info][gc] GC(519) Pause Young (Allocation Failure) 284M->11M(989M) 0,340ms
[2024-08-04T18:16:29.092+0300][25,162s][info][gc] GC(520) Pause Young (Allocation Failure) 284M->11M(989M) 0,338ms
[2024-08-04T18:16:29.138+0300][25,208s][info][gc] GC(521) Pause Young (Allocation Failure) 284M->11M(989M) 0,341ms
[2024-08-04T18:16:29.183+0300][25,254s][info][gc] GC(522) Pause Young (Allocation Failure) 284M->11M(989M) 0,343ms
[2024-08-04T18:16:29.227+0300][25,297s][info][gc] GC(523) Pause Young (Allocation Failure) 284M->11M(989M) 0,330ms
[2024-08-04T18:16:29.277+0300][25,347s][info][gc] GC(524) Pause Young (Allocation Failure) 284M->11M(989M) 0,339ms
[2024-08-04T18:16:29.323+0300][25,393s][info][gc] GC(525) Pause Young (Allocation Failure) 284M->11M(989M) 0,334ms
[2024-08-04T18:16:29.369+0300][25,440s][info][gc] GC(526) Pause Young (Allocation Failure) 284M->11M(989M) 0,345ms
[2024-08-04T18:16:29.416+0300][25,486s][info][gc] GC(527) Pause Young (Allocation Failure) 284M->11M(989M) 0,327ms
[2024-08-04T18:16:29.465+0300][25,536s][info][gc] GC(528) Pause Young (Allocation Failure) 284M->11M(989M) 0,342ms
[2024-08-04T18:16:29.516+0300][25,587s][info][gc] GC(529) Pause Young (Allocation Failure) 284M->11M(989M) 0,341ms
[2024-08-04T18:16:29.568+0300][25,638s][info][gc] GC(530) Pause Young (Allocation Failure) 284M->11M(989M) 0,345ms
[2024-08-04T18:16:29.617+0300][25,688s][info][gc] GC(531) Pause Young (Allocation Failure) 284M->11M(989M) 0,364ms
[2024-08-04T18:16:29.668+0300][25,738s][info][gc] GC(532) Pause Young (Allocation Failure) 284M->11M(989M) 0,343ms
[2024-08-04T18:16:29.715+0300][25,785s][info][gc] GC(533) Pause Young (Allocation Failure) 284M->11M(989M) 0,336ms
[2024-08-04T18:16:29.767+0300][25,837s][info][gc] GC(534) Pause Young (Allocation Failure) 284M->11M(989M) 0,346ms
[2024-08-04T18:16:29.815+0300][25,885s][info][gc] GC(535) Pause Young (Allocation Failure) 284M->11M(989M) 0,342ms
[2024-08-04T18:16:29.858+0300][25,929s][info][gc] GC(536) Pause Young (Allocation Failure) 284M->11M(989M) 0,351ms
[2024-08-04T18:16:29.903+0300][25,974s][info][gc] GC(537) Pause Young (Allocation Failure) 284M->11M(989M) 0,345ms
[2024-08-04T18:16:29.953+0300][26,024s][info][gc] GC(538) Pause Young (Allocation Failure) 284M->11M(989M) 0,348ms
[2024-08-04T18:16:30.002+0300][26,073s][info][gc] GC(539) Pause Young (Allocation Failure) 284M->11M(989M) 0,355ms
[2024-08-04T18:16:30.051+0300][26,121s][info][gc] GC(540) Pause Young (Allocation Failure) 284M->11M(989M) 0,332ms
[2024-08-04T18:16:30.095+0300][26,165s][info][gc] GC(541) Pause Young (Allocation Failure) 284M->11M(989M) 0,329ms
[2024-08-04T18:16:30.141+0300][26,211s][info][gc] GC(542) Pause Young (Allocation Failure) 284M->11M(989M) 0,338ms
[2024-08-04T18:16:30.192+0300][26,263s][info][gc] GC(543) Pause Young (Allocation Failure) 284M->11M(989M) 0,334ms
[2024-08-04T18:16:30.242+0300][26,313s][info][gc] GC(544) Pause Young (Allocation Failure) 284M->11M(989M) 0,361ms
[2024-08-04T18:16:30.291+0300][26,362s][info][gc] GC(545) Pause Young (Allocation Failure) 284M->11M(989M) 0,329ms
[2024-08-04T18:16:30.339+0300][26,410s][info][gc] GC(546) Pause Young (Allocation Failure) 284M->11M(989M) 0,332ms
[2024-08-04T18:16:30.385+0300][26,455s][info][gc] GC(547) Pause Young (Allocation Failure) 284M->11M(989M) 0,336ms
[2024-08-04T18:16:30.436+0300][26,506s][info][gc] GC(548) Pause Young (Allocation Failure) 284M->11M(989M) 0,332ms
[2024-08-04T18:16:30.483+0300][26,554s][info][gc] GC(549) Pause Young (Allocation Failure) 284M->11M(989M) 0,328ms
[2024-08-04T18:16:30.534+0300][26,605s][info][gc] GC(550) Pause Young (Allocation Failure) 284M->11M(989M) 0,333ms
[2024-08-04T18:16:30.588+0300][26,658s][info][gc] GC(551) Pause Young (Allocation Failure) 284M->11M(989M) 0,338ms
[2024-08-04T18:16:30.641+0300][26,711s][info][gc] GC(552) Pause Young (Allocation Failure) 284M->11M(989M) 0,625ms
[2024-08-04T18:16:30.694+0300][26,764s][info][gc] GC(553) Pause Young (Allocation Failure) 284M->11M(989M) 0,586ms
[2024-08-04T18:16:30.745+0300][26,815s][info][gc] GC(554) Pause Young (Allocation Failure) 284M->11M(989M) 0,621ms
[2024-08-04T18:16:30.795+0300][26,865s][info][gc] GC(555) Pause Young (Allocation Failure) 284M->11M(989M) 0,599ms
[2024-08-04T18:16:30.844+0300][26,914s][info][gc] GC(556) Pause Young (Allocation Failure) 284M->11M(989M) 0,592ms
[2024-08-04T18:16:30.893+0300][26,964s][info][gc] GC(557) Pause Young (Allocation Failure) 284M->11M(989M) 0,589ms
[2024-08-04T18:16:30.939+0300][27,009s][info][gc] GC(558) Pause Young (Allocation Failure) 284M->11M(989M) 0,583ms
[2024-08-04T18:16:31.022+0300][27,092s][info][gc] GC(559) Pause Young (Allocation Failure) 284M->11M(989M) 1,484ms
[2024-08-04T18:16:31.076+0300][27,147s][info][gc] GC(560) Pause Young (Allocation Failure) 284M->11M(989M) 1,006ms
[2024-08-04T18:16:31.126+0300][27,197s][info][gc] GC(561) Pause Young (Allocation Failure) 284M->11M(989M) 1,166ms
[2024-08-04T18:16:31.175+0300][27,245s][info][gc] GC(562) Pause Young (Allocation Failure) 284M->11M(989M) 1,274ms
[2024-08-04T18:16:31.220+0300][27,290s][info][gc] GC(563) Pause Young (Allocation Failure) 284M->11M(989M) 1,341ms
[2024-08-04T18:16:31.267+0300][27,337s][info][gc] GC(564) Pause Young (Allocation Failure) 284M->11M(989M) 1,465ms
[2024-08-04T18:16:31.314+0300][27,384s][info][gc] GC(565) Pause Young (Allocation Failure) 285M->11M(989M) 1,467ms
[2024-08-04T18:16:31.360+0300][27,430s][info][gc] GC(566) Pause Young (Allocation Failure) 285M->12M(989M) 1,575ms
[2024-08-04T18:16:31.405+0300][27,475s][info][gc] GC(567) Pause Young (Allocation Failure) 285M->12M(989M) 1,634ms
[2024-08-04T18:16:31.451+0300][27,522s][info][gc] GC(568) Pause Young (Allocation Failure) 285M->12M(989M) 1,730ms
[2024-08-04T18:16:31.498+0300][27,568s][info][gc] GC(569) Pause Young (Allocation Failure) 285M->12M(989M) 1,763ms
[2024-08-04T18:16:31.541+0300][27,612s][info][gc] GC(570) Pause Young (Allocation Failure) 285M->12M(989M) 1,872ms
[2024-08-04T18:16:31.584+0300][27,654s][info][gc] GC(571) Pause Young (Allocation Failure) 285M->12M(989M) 1,884ms
[2024-08-04T18:16:31.637+0300][27,707s][info][gc] GC(572) Pause Young (Allocation Failure) 285M->12M(989M) 1,994ms
[2024-08-04T18:16:31.687+0300][27,758s][info][gc] GC(573) Pause Young (Allocation Failure) 285M->12M(989M) 2,054ms
[2024-08-04T18:16:31.737+0300][27,807s][info][gc] GC(574) Pause Young (Allocation Failure) 285M->12M(989M) 2,287ms
[2024-08-04T18:16:31.786+0300][27,857s][info][gc] GC(575) Pause Young (Allocation Failure) 285M->12M(989M) 2,110ms
[2024-08-04T18:16:31.832+0300][27,902s][info][gc] GC(576) Pause Young (Allocation Failure) 285M->12M(989M) 1,767ms
[2024-08-04T18:16:31.882+0300][27,952s][info][gc] GC(577) Pause Young (Allocation Failure) 285M->12M(989M) 1,642ms
[2024-08-04T18:16:31.931+0300][28,001s][info][gc] GC(578) Pause Young (Allocation Failure) 285M->12M(989M) 1,599ms
[2024-08-04T18:16:31.979+0300][28,049s][info][gc] GC(579) Pause Young (Allocation Failure) 285M->12M(989M) 1,568ms
[2024-08-04T18:16:32.022+0300][28,092s][info][gc] GC(580) Pause Young (Allocation Failure) 285M->12M(989M) 1,425ms
[2024-08-04T18:16:32.065+0300][28,135s][info][gc] GC(581) Pause Young (Allocation Failure) 285M->12M(989M) 1,365ms
[2024-08-04T18:16:32.114+0300][28,184s][info][gc] GC(582) Pause Young (Allocation Failure) 285M->12M(989M) 1,365ms
[2024-08-04T18:16:32.162+0300][28,233s][info][gc] GC(583) Pause Young (Allocation Failure) 285M->12M(989M) 1,349ms
[2024-08-04T18:16:32.211+0300][28,282s][info][gc] GC(584) Pause Young (Allocation Failure) 285M->12M(989M) 1,256ms
[2024-08-04T18:16:32.259+0300][28,330s][info][gc] GC(585) Pause Young (Allocation Failure) 285M->12M(989M) 1,276ms
[2024-08-04T18:16:32.302+0300][28,373s][info][gc] GC(586) Pause Young (Allocation Failure) 285M->12M(989M) 1,232ms
[2024-08-04T18:16:32.346+0300][28,416s][info][gc] GC(587) Pause Young (Allocation Failure) 285M->12M(989M) 1,187ms
[2024-08-04T18:16:32.391+0300][28,461s][info][gc] GC(588) Pause Young (Allocation Failure) 285M->12M(989M) 1,190ms
[2024-08-04T18:16:32.436+0300][28,506s][info][gc] GC(589) Pause Young (Allocation Failure) 285M->12M(989M) 1,102ms
[2024-08-04T18:16:32.480+0300][28,551s][info][gc] GC(590) Pause Young (Allocation Failure) 285M->12M(989M) 1,105ms
[2024-08-04T18:16:32.525+0300][28,596s][info][gc] GC(591) Pause Young (Allocation Failure) 285M->12M(989M) 1,090ms
[2024-08-04T18:16:32.570+0300][28,640s][info][gc] GC(592) Pause Young (Allocation Failure) 285M->12M(989M) 1,062ms
[2024-08-04T18:16:32.614+0300][28,684s][info][gc] GC(593) Pause Young (Allocation Failure) 285M->12M(989M) 0,580ms
[2024-08-04T18:16:32.658+0300][28,728s][info][gc] GC(594) Pause Young (Allocation Failure) 285M->12M(989M) 0,553ms
[2024-08-04T18:16:32.703+0300][28,773s][info][gc] GC(595) Pause Young (Allocation Failure) 285M->12M(989M) 0,546ms
[2024-08-04T18:16:32.747+0300][28,817s][info][gc] GC(596) Pause Young (Allocation Failure) 285M->12M(989M) 0,545ms
[2024-08-04T18:16:32.788+0300][28,859s][info][gc] GC(597) Pause Young (Allocation Failure) 285M->12M(989M) 0,524ms
[2024-08-04T18:16:32.830+0300][28,901s][info][gc] GC(598) Pause Young (Allocation Failure) 285M->12M(989M) 0,551ms
[2024-08-04T18:16:32.874+0300][28,945s][info][gc] GC(599) Pause Young (Allocation Failure) 285M->12M(989M) 0,529ms
[2024-08-04T18:16:32.916+0300][28,987s][info][gc] GC(600) Pause Young (Allocation Failure) 285M->12M(989M) 0,515ms
[2024-08-04T18:16:32.958+0300][29,028s][info][gc] GC(601) Pause Young (Allocation Failure) 285M->12M(989M) 0,506ms
[2024-08-04T18:16:33.000+0300][29,070s][info][gc] GC(602) Pause Young (Allocation Failure) 285M->12M(989M) 0,506ms
[2024-08-04T18:16:33.041+0300][29,111s][info][gc] GC(603) Pause Young (Allocation Failure) 285M->12M(989M) 0,481ms
[2024-08-04T18:16:33.082+0300][29,153s][info][gc] GC(604) Pause Young (Allocation Failure) 285M->12M(989M) 0,514ms
[2024-08-04T18:16:33.129+0300][29,200s][info][gc] GC(605) Pause Young (Allocation Failure) 285M->12M(989M) 0,496ms
[2024-08-04T18:16:33.175+0300][29,246s][info][gc] GC(606) Pause Young (Allocation Failure) 285M->12M(989M) 0,477ms
[2024-08-04T18:16:33.221+0300][29,291s][info][gc] GC(607) Pause Young (Allocation Failure) 285M->12M(989M) 0,489ms
[2024-08-04T18:16:33.263+0300][29,333s][info][gc] GC(608) Pause Young (Allocation Failure) 285M->12M(989M) 0,484ms
[2024-08-04T18:16:33.309+0300][29,380s][info][gc] GC(609) Pause Young (Allocation Failure) 285M->12M(989M) 0,481ms
[2024-08-04T18:16:33.351+0300][29,421s][info][gc] GC(610) Pause Young (Allocation Failure) 285M->12M(989M) 0,481ms
[2024-08-04T18:16:33.399+0300][29,469s][info][gc] GC(611) Pause Young (Allocation Failure) 285M->12M(989M) 0,482ms
[2024-08-04T18:16:33.443+0300][29,513s][info][gc] GC(612) Pause Young (Allocation Failure) 285M->12M(989M) 0,465ms
[2024-08-04T18:16:33.484+0300][29,555s][info][gc] GC(613) Pause Young (Allocation Failure) 285M->12M(989M) 0,470ms
[2024-08-04T18:16:33.526+0300][29,596s][info][gc] GC(614) Pause Young (Allocation Failure) 285M->12M(989M) 0,463ms
[2024-08-04T18:16:33.574+0300][29,644s][info][gc] GC(615) Pause Young (Allocation Failure) 285M->12M(989M) 0,470ms
[2024-08-04T18:16:33.620+0300][29,690s][info][gc] GC(616) Pause Young (Allocation Failure) 285M->12M(989M) 0,922ms
[2024-08-04T18:16:33.670+0300][29,740s][info][gc] GC(617) Pause Young (Allocation Failure) 285M->12M(989M) 0,886ms
[2024-08-04T18:16:33.717+0300][29,788s][info][gc] GC(618) Pause Young (Allocation Failure) 285M->12M(989M) 0,887ms
[2024-08-04T18:16:33.765+0300][29,836s][info][gc] GC(619) Pause Young (Allocation Failure) 285M->12M(989M) 0,748ms
[2024-08-04T18:16:33.813+0300][29,883s][info][gc] GC(620) Pause Young (Allocation Failure) 285M->12M(989M) 0,873ms
[2024-08-04T18:16:33.856+0300][29,927s][info][gc] GC(621) Pause Young (Allocation Failure) 286M->12M(989M) 0,887ms
[2024-08-04T18:16:33.901+0300][29,972s][info][gc] GC(622) Pause Young (Allocation Failure) 286M->12M(989M) 0,866ms
[2024-08-04T18:16:33.944+0300][30,014s][info][gc] GC(623) Pause Young (Allocation Failure) 286M->12M(989M) 0,880ms
[2024-08-04T18:16:33.987+0300][30,057s][info][gc] GC(624) Pause Young (Allocation Failure) 286M->12M(989M) 0,896ms
[2024-08-04T18:16:34.028+0300][30,099s][info][gc] GC(625) Pause Young (Allocation Failure) 286M->13M(989M) 0,847ms
[2024-08-04T18:16:34.070+0300][30,141s][info][gc] GC(626) Pause Young (Allocation Failure) 286M->13M(989M) 0,860ms
[2024-08-04T18:16:34.118+0300][30,189s][info][gc] GC(627) Pause Young (Allocation Failure) 286M->13M(989M) 0,880ms
[2024-08-04T18:16:34.161+0300][30,231s][info][gc] GC(628) Pause Young (Allocation Failure) 286M->13M(989M) 0,846ms
[2024-08-04T18:16:34.203+0300][30,273s][info][gc] GC(629) Pause Young (Allocation Failure) 286M->13M(989M) 0,857ms
[2024-08-04T18:16:34.251+0300][30,321s][info][gc] GC(630) Pause Young (Allocation Failure) 286M->13M(989M) 0,868ms
[2024-08-04T18:16:34.299+0300][30,370s][info][gc] GC(631) Pause Young (Allocation Failure) 286M->13M(989M) 0,927ms
[2024-08-04T18:16:34.348+0300][30,419s][info][gc] GC(632) Pause Young (Allocation Failure) 286M->13M(989M) 0,800ms
[2024-08-04T18:16:34.398+0300][30,468s][info][gc] GC(633) Pause Young (Allocation Failure) 286M->13M(989M) 0,803ms
[2024-08-04T18:16:34.447+0300][30,517s][info][gc] GC(634) Pause Young (Allocation Failure) 286M->13M(989M) 0,880ms
[2024-08-04T18:16:34.495+0300][30,565s][info][gc] GC(635) Pause Young (Allocation Failure) 286M->13M(989M) 0,829ms
[2024-08-04T18:16:34.541+0300][30,612s][info][gc] GC(636) Pause Young (Allocation Failure) 286M->13M(989M) 0,873ms
[2024-08-04T18:16:34.586+0300][30,656s][info][gc] GC(637) Pause Young (Allocation Failure) 286M->13M(989M) 0,791ms
[2024-08-04T18:16:34.633+0300][30,703s][info][gc] GC(638) Pause Young (Allocation Failure) 286M->13M(989M) 0,816ms
[2024-08-04T18:16:34.678+0300][30,748s][info][gc] GC(639) Pause Young (Allocation Failure) 286M->13M(989M) 0,794ms
[2024-08-04T18:16:34.723+0300][30,794s][info][gc] GC(640) Pause Young (Allocation Failure) 286M->13M(989M) 0,611ms
[2024-08-04T18:16:34.773+0300][30,843s][info][gc] GC(641) Pause Young (Allocation Failure) 286M->13M(989M) 0,783ms
[2024-08-04T18:16:34.822+0300][30,892s][info][gc] GC(642) Pause Young (Allocation Failure) 286M->13M(989M) 0,785ms
[2024-08-04T18:16:34.872+0300][30,942s][info][gc] GC(643) Pause Young (Allocation Failure) 286M->13M(989M) 0,797ms
[2024-08-04T18:16:34.920+0300][30,990s][info][gc] GC(644) Pause Young (Allocation Failure) 286M->13M(989M) 0,770ms
[2024-08-04T18:16:34.962+0300][31,033s][info][gc] GC(645) Pause Young (Allocation Failure) 286M->13M(989M) 0,819ms
[2024-08-04T18:16:35.005+0300][31,075s][info][gc] GC(646) Pause Young (Allocation Failure) 286M->13M(989M) 0,773ms
[2024-08-04T18:16:35.052+0300][31,123s][info][gc] GC(647) Pause Young (Allocation Failure) 286M->13M(989M) 0,768ms
[2024-08-04T18:16:35.096+0300][31,166s][info][gc] GC(648) Pause Young (Allocation Failure) 286M->13M(989M) 0,762ms
[2024-08-04T18:16:35.141+0300][31,211s][info][gc] GC(649) Pause Young (Allocation Failure) 286M->13M(989M) 0,760ms
[2024-08-04T18:16:35.185+0300][31,255s][info][gc] GC(650) Pause Young (Allocation Failure) 286M->13M(989M) 0,757ms
[2024-08-04T18:16:35.230+0300][31,300s][info][gc] GC(651) Pause Young (Allocation Failure) 286M->13M(989M) 0,750ms
[2024-08-04T18:16:35.273+0300][31,344s][info][gc] GC(652) Pause Young (Allocation Failure) 286M->13M(989M) 0,763ms
[2024-08-04T18:16:35.318+0300][31,388s][info][gc] GC(653) Pause Young (Allocation Failure) 286M->13M(989M) 0,752ms
[2024-08-04T18:16:35.363+0300][31,433s][info][gc] GC(654) Pause Young (Allocation Failure) 286M->13M(989M) 0,781ms
[2024-08-04T18:16:35.406+0300][31,476s][info][gc] GC(655) Pause Young (Allocation Failure) 286M->13M(989M) 0,756ms
[2024-08-04T18:16:35.448+0300][31,518s][info][gc] GC(656) Pause Young (Allocation Failure) 286M->13M(989M) 0,737ms
[2024-08-04T18:16:35.490+0300][31,560s][info][gc] GC(657) Pause Young (Allocation Failure) 286M->13M(989M) 0,734ms
[2024-08-04T18:16:35.537+0300][31,607s][info][gc] GC(658) Pause Young (Allocation Failure) 286M->13M(989M) 0,736ms
[2024-08-04T18:16:35.585+0300][31,655s][info][gc] GC(659) Pause Young (Allocation Failure) 286M->13M(989M) 0,730ms
[2024-08-04T18:16:35.636+0300][31,706s][info][gc] GC(660) Pause Young (Allocation Failure) 286M->13M(989M) 0,771ms
[2024-08-04T18:16:35.685+0300][31,755s][info][gc] GC(661) Pause Young (Allocation Failure) 286M->13M(989M) 0,723ms
[2024-08-04T18:16:35.732+0300][31,803s][info][gc] GC(662) Pause Young (Allocation Failure) 286M->13M(989M) 0,720ms
[2024-08-04T18:16:35.777+0300][31,847s][info][gc] GC(663) Pause Young (Allocation Failure) 286M->13M(989M) 0,725ms
[2024-08-04T18:16:35.822+0300][31,892s][info][gc] GC(664) Pause Young (Allocation Failure) 286M->13M(989M) 0,724ms
[2024-08-04T18:16:35.865+0300][31,935s][info][gc] GC(665) Pause Young (Allocation Failure) 286M->13M(989M) 0,711ms
[2024-08-04T18:16:35.907+0300][31,977s][info][gc] GC(666) Pause Young (Allocation Failure) 286M->13M(989M) 0,741ms
[2024-08-04T18:16:35.954+0300][32,024s][info][gc] GC(667) Pause Young (Allocation Failure) 286M->13M(989M) 0,719ms
[2024-08-04T18:16:35.999+0300][32,070s][info][gc] GC(668) Pause Young (Allocation Failure) 286M->13M(989M) 0,714ms
[2024-08-04T18:16:36.046+0300][32,117s][info][gc] GC(669) Pause Young (Allocation Failure) 286M->13M(989M) 0,731ms
[2024-08-04T18:16:36.095+0300][32,166s][info][gc] GC(670) Pause Young (Allocation Failure) 286M->13M(989M) 0,706ms
[2024-08-04T18:16:36.144+0300][32,214s][info][gc] GC(671) Pause Young (Allocation Failure) 286M->13M(989M) 0,718ms
[2024-08-04T18:16:36.191+0300][32,261s][info][gc] GC(672) Pause Young (Allocation Failure) 286M->13M(989M) 0,706ms
[2024-08-04T18:16:36.238+0300][32,309s][info][gc] GC(673) Pause Young (Allocation Failure) 286M->13M(989M) 0,714ms
[2024-08-04T18:16:36.286+0300][32,356s][info][gc] GC(674) Pause Young (Allocation Failure) 286M->13M(989M) 0,701ms
[2024-08-04T18:16:36.329+0300][32,400s][info][gc] GC(675) Pause Young (Allocation Failure) 286M->13M(989M) 0,701ms
[2024-08-04T18:16:36.374+0300][32,444s][info][gc] GC(676) Pause Young (Allocation Failure) 286M->13M(989M) 0,696ms
[2024-08-04T18:16:36.417+0300][32,488s][info][gc] GC(677) Pause Young (Allocation Failure) 286M->13M(989M) 0,693ms
[2024-08-04T18:16:36.459+0300][32,529s][info][gc] GC(678) Pause Young (Allocation Failure) 286M->13M(989M) 0,697ms
[2024-08-04T18:16:36.506+0300][32,576s][info][gc] GC(679) Pause Young (Allocation Failure) 286M->13M(989M) 0,710ms
[2024-08-04T18:16:36.553+0300][32,624s][info][gc] GC(680) Pause Young (Allocation Failure) 286M->13M(989M) 0,688ms
[2024-08-04T18:16:36.603+0300][32,673s][info][gc] GC(681) Pause Young (Allocation Failure) 286M->13M(989M) 0,730ms
[2024-08-04T18:16:36.654+0300][32,724s][info][gc] GC(682) Pause Young (Allocation Failure) 286M->13M(989M) 0,728ms
[2024-08-04T18:16:36.703+0300][32,773s][info][gc] GC(683) Pause Young (Allocation Failure) 286M->13M(989M) 0,719ms
[2024-08-04T18:16:36.751+0300][32,821s][info][gc] GC(684) Pause Young (Allocation Failure) 286M->13M(989M) 0,713ms
[2024-08-04T18:16:36.800+0300][32,870s][info][gc] GC(685) Pause Young (Allocation Failure) 286M->13M(989M) 0,696ms
[2024-08-04T18:16:36.848+0300][32,918s][info][gc] GC(686) Pause Young (Allocation Failure) 286M->13M(989M) 0,703ms
[2024-08-04T18:16:36.896+0300][32,967s][info][gc] GC(687) Pause Young (Allocation Failure) 286M->13M(989M) 0,703ms
[2024-08-04T18:16:36.946+0300][33,016s][info][gc] GC(688) Pause Young (Allocation Failure) 286M->13M(989M) 0,685ms
[2024-08-04T18:16:36.993+0300][33,064s][info][gc] GC(689) Pause Young (Allocation Failure) 286M->13M(989M) 0,684ms
[2024-08-04T18:16:37.035+0300][33,106s][info][gc] GC(690) Pause Young (Allocation Failure) 286M->13M(989M) 0,683ms
[2024-08-04T18:16:37.077+0300][33,148s][info][gc] GC(691) Pause Young (Allocation Failure) 286M->13M(989M) 0,688ms
[2024-08-04T18:16:37.126+0300][33,197s][info][gc] GC(692) Pause Young (Allocation Failure) 286M->13M(989M) 0,697ms
[2024-08-04T18:16:37.173+0300][33,244s][info][gc] GC(693) Pause Young (Allocation Failure) 286M->13M(989M) 0,681ms
[2024-08-04T18:16:37.220+0300][33,291s][info][gc] GC(694) Pause Young (Allocation Failure) 286M->13M(989M) 0,672ms
[2024-08-04T18:16:37.262+0300][33,333s][info][gc] GC(695) Pause Young (Allocation Failure) 286M->13M(989M) 0,702ms
[2024-08-04T18:16:37.306+0300][33,376s][info][gc] GC(696) Pause Young (Allocation Failure) 286M->13M(989M) 0,680ms
[2024-08-04T18:16:37.350+0300][33,420s][info][gc] GC(697) Pause Young (Allocation Failure) 286M->13M(989M) 0,677ms
[2024-08-04T18:16:37.393+0300][33,463s][info][gc] GC(698) Pause Young (Allocation Failure) 286M->13M(989M) 0,854ms
[2024-08-04T18:16:37.436+0300][33,507s][info][gc] GC(699) Pause Young (Allocation Failure) 286M->13M(989M) 0,669ms
[2024-08-04T18:16:37.483+0300][33,553s][info][gc] GC(700) Pause Young (Allocation Failure) 286M->13M(989M) 0,672ms
[2024-08-04T18:16:37.532+0300][33,602s][info][gc] GC(701) Pause Young (Allocation Failure) 286M->13M(989M) 0,672ms
[2024-08-04T18:16:37.580+0300][33,650s][info][gc] GC(702) Pause Young (Allocation Failure) 286M->13M(989M) 0,663ms
[2024-08-04T18:16:37.630+0300][33,701s][info][gc] GC(703) Pause Young (Allocation Failure) 286M->13M(989M) 0,724ms
[2024-08-04T18:16:37.679+0300][33,749s][info][gc] GC(704) Pause Young (Allocation Failure) 286M->13M(989M) 0,662ms
[2024-08-04T18:16:37.728+0300][33,798s][info][gc] GC(705) Pause Young (Allocation Failure) 286M->13M(989M) 0,663ms
[2024-08-04T18:16:37.778+0300][33,848s][info][gc] GC(706) Pause Young (Allocation Failure) 286M->13M(989M) 0,660ms
[2024-08-04T18:16:37.826+0300][33,896s][info][gc] GC(707) Pause Young (Allocation Failure) 286M->13M(989M) 0,661ms
[2024-08-04T18:16:37.874+0300][33,944s][info][gc] GC(708) Pause Young (Allocation Failure) 286M->13M(989M) 0,655ms
[2024-08-04T18:16:37.923+0300][33,993s][info][gc] GC(709) Pause Young (Allocation Failure) 286M->13M(989M) 0,590ms
[2024-08-04T18:16:37.972+0300][34,042s][info][gc] GC(710) Pause Young (Allocation Failure) 286M->13M(989M) 0,659ms
[2024-08-04T18:16:38.020+0300][34,090s][info][gc] GC(711) Pause Young (Allocation Failure) 286M->13M(989M) 0,658ms
[2024-08-04T18:16:38.066+0300][34,137s][info][gc] GC(712) Pause Young (Allocation Failure) 286M->13M(989M) 0,677ms
[2024-08-04T18:16:38.114+0300][34,185s][info][gc] GC(713) Pause Young (Allocation Failure) 286M->13M(989M) 0,677ms
[2024-08-04T18:16:38.164+0300][34,234s][info][gc] GC(714) Pause Young (Allocation Failure) 286M->13M(989M) 0,653ms
[2024-08-04T18:16:38.210+0300][34,280s][info][gc] GC(715) Pause Young (Allocation Failure) 286M->13M(989M) 0,659ms
[2024-08-04T18:16:38.252+0300][34,323s][info][gc] GC(716) Pause Young (Allocation Failure) 286M->13M(989M) 0,656ms
[2024-08-04T18:16:38.297+0300][34,367s][info][gc] GC(717) Pause Young (Allocation Failure) 286M->13M(989M) 0,650ms
[2024-08-04T18:16:38.341+0300][34,411s][info][gc] GC(718) Pause Young (Allocation Failure) 286M->13M(989M) 0,650ms
[2024-08-04T18:16:38.385+0300][34,456s][info][gc] GC(719) Pause Young (Allocation Failure) 286M->13M(989M) 0,647ms
[2024-08-04T18:16:38.429+0300][34,500s][info][gc] GC(720) Pause Young (Allocation Failure) 286M->13M(989M) 0,651ms
[2024-08-04T18:16:38.472+0300][34,542s][info][gc] GC(721) Pause Young (Allocation Failure) 286M->13M(989M) 0,646ms
[2024-08-04T18:16:38.517+0300][34,587s][info][gc] GC(722) Pause Young (Allocation Failure) 286M->13M(989M) 0,653ms
[2024-08-04T18:16:38.562+0300][34,632s][info][gc] GC(723) Pause Young (Allocation Failure) 286M->13M(989M) 0,644ms
[2024-08-04T18:16:38.608+0300][34,678s][info][gc] GC(724) Pause Young (Allocation Failure) 286M->13M(989M) 0,431ms
[2024-08-04T18:16:38.657+0300][34,727s][info][gc] GC(725) Pause Young (Allocation Failure) 286M->13M(989M) 0,398ms
[2024-08-04T18:16:38.704+0300][34,774s][info][gc] GC(726) Pause Young (Allocation Failure) 286M->13M(989M) 0,367ms
[2024-08-04T18:16:38.749+0300][34,819s][info][gc] GC(727) Pause Young (Allocation Failure) 286M->13M(989M) 0,380ms
[2024-08-04T18:16:38.798+0300][34,868s][info][gc] GC(728) Pause Young (Allocation Failure) 286M->13M(989M) 0,380ms
[2024-08-04T18:16:38.846+0300][34,916s][info][gc] GC(729) Pause Young (Allocation Failure) 286M->13M(989M) 0,375ms
[2024-08-04T18:16:38.896+0300][34,966s][info][gc] GC(730) Pause Young (Allocation Failure) 286M->13M(989M) 0,377ms
[2024-08-04T18:16:38.940+0300][35,010s][info][gc] GC(731) Pause Young (Allocation Failure) 286M->13M(989M) 0,379ms
[2024-08-04T18:16:38.986+0300][35,056s][info][gc] GC(732) Pause Young (Allocation Failure) 286M->13M(989M) 0,371ms
[2024-08-04T18:16:39.031+0300][35,101s][info][gc] GC(733) Pause Young (Allocation Failure) 286M->13M(989M) 0,374ms
[2024-08-04T18:16:39.076+0300][35,146s][info][gc] GC(734) Pause Young (Allocation Failure) 286M->13M(989M) 0,371ms
[2024-08-04T18:16:39.121+0300][35,191s][info][gc] GC(735) Pause Young (Allocation Failure) 286M->13M(989M) 0,369ms
[2024-08-04T18:16:39.166+0300][35,236s][info][gc] GC(736) Pause Young (Allocation Failure) 287M->13M(989M) 0,363ms
[2024-08-04T18:16:39.210+0300][35,280s][info][gc] GC(737) Pause Young (Allocation Failure) 287M->13M(989M) 0,380ms
[2024-08-04T18:16:39.255+0300][35,325s][info][gc] GC(738) Pause Young (Allocation Failure) 287M->13M(989M) 0,373ms
[2024-08-04T18:16:39.303+0300][35,373s][info][gc] GC(739) Pause Young (Allocation Failure) 287M->13M(989M) 0,374ms
[2024-08-04T18:16:39.345+0300][35,416s][info][gc] GC(740) Pause Young (Allocation Failure) 287M->13M(989M) 0,361ms
[2024-08-04T18:16:39.388+0300][35,459s][info][gc] GC(741) Pause Young (Allocation Failure) 287M->13M(989M) 0,362ms
[2024-08-04T18:16:39.431+0300][35,501s][info][gc] GC(742) Pause Young (Allocation Failure) 287M->13M(989M) 0,358ms
[2024-08-04T18:16:39.473+0300][35,544s][info][gc] GC(743) Pause Young (Allocation Failure) 287M->13M(989M) 0,351ms
[2024-08-04T18:16:39.521+0300][35,591s][info][gc] GC(744) Pause Young (Allocation Failure) 287M->13M(989M) 0,359ms
[2024-08-04T18:16:39.565+0300][35,636s][info][gc] GC(745) Pause Young (Allocation Failure) 287M->14M(989M) 0,355ms
[2024-08-04T18:16:39.613+0300][35,684s][info][gc] GC(746) Pause Young (Allocation Failure) 287M->14M(989M) 0,667ms
[2024-08-04T18:16:39.664+0300][35,734s][info][gc] GC(747) Pause Young (Allocation Failure) 287M->14M(989M) 0,628ms
[2024-08-04T18:16:39.715+0300][35,785s][info][gc] GC(748) Pause Young (Allocation Failure) 287M->14M(989M) 0,652ms
[2024-08-04T18:16:39.766+0300][35,836s][info][gc] GC(749) Pause Young (Allocation Failure) 287M->14M(989M) 0,648ms
[2024-08-04T18:16:39.809+0300][35,879s][info][gc] GC(750) Pause Young (Allocation Failure) 287M->14M(989M) 0,624ms
[2024-08-04T18:16:39.851+0300][35,922s][info][gc] GC(751) Pause Young (Allocation Failure) 287M->14M(989M) 0,624ms
[2024-08-04T18:16:39.896+0300][35,966s][info][gc] GC(752) Pause Young (Allocation Failure) 287M->14M(989M) 0,629ms
[2024-08-04T18:16:39.939+0300][36,009s][info][gc] GC(753) Pause Young (Allocation Failure) 287M->14M(989M) 0,629ms
[2024-08-04T18:16:39.984+0300][36,055s][info][gc] GC(754) Pause Young (Allocation Failure) 287M->14M(989M) 0,622ms
[2024-08-04T18:16:40.030+0300][36,100s][info][gc] GC(755) Pause Young (Allocation Failure) 287M->14M(989M) 0,612ms
[2024-08-04T18:16:40.074+0300][36,144s][info][gc] GC(756) Pause Young (Allocation Failure) 287M->14M(989M) 0,627ms
[2024-08-04T18:16:40.118+0300][36,189s][info][gc] GC(757) Pause Young (Allocation Failure) 287M->14M(989M) 0,639ms
[2024-08-04T18:16:40.167+0300][36,237s][info][gc] GC(758) Pause Young (Allocation Failure) 287M->14M(989M) 0,620ms
[2024-08-04T18:16:40.216+0300][36,286s][info][gc] GC(759) Pause Young (Allocation Failure) 287M->14M(989M) 0,617ms
[2024-08-04T18:16:40.265+0300][36,335s][info][gc] GC(760) Pause Young (Allocation Failure) 287M->14M(989M) 0,630ms
[2024-08-04T18:16:40.314+0300][36,385s][info][gc] GC(761) Pause Young (Allocation Failure) 287M->14M(989M) 0,651ms
[2024-08-04T18:16:40.358+0300][36,428s][info][gc] GC(762) Pause Young (Allocation Failure) 287M->14M(989M) 0,612ms
[2024-08-04T18:16:40.406+0300][36,476s][info][gc] GC(763) Pause Young (Allocation Failure) 287M->14M(989M) 0,615ms
[2024-08-04T18:16:40.454+0300][36,525s][info][gc] GC(764) Pause Young (Allocation Failure) 287M->14M(989M) 0,626ms
[2024-08-04T18:16:40.503+0300][36,573s][info][gc] GC(765) Pause Young (Allocation Failure) 287M->14M(989M) 0,643ms
[2024-08-04T18:16:40.551+0300][36,621s][info][gc] GC(766) Pause Young (Allocation Failure) 287M->14M(989M) 0,614ms
[2024-08-04T18:16:40.594+0300][36,665s][info][gc] GC(767) Pause Young (Allocation Failure) 287M->14M(989M) 0,636ms
[2024-08-04T18:16:40.645+0300][36,716s][info][gc] GC(768) Pause Young (Allocation Failure) 287M->14M(989M) 0,648ms
[2024-08-04T18:16:40.696+0300][36,767s][info][gc] GC(769) Pause Young (Allocation Failure) 287M->14M(989M) 0,609ms
[2024-08-04T18:16:40.747+0300][36,818s][info][gc] GC(770) Pause Young (Allocation Failure) 287M->14M(989M) 0,635ms
[2024-08-04T18:16:40.799+0300][36,869s][info][gc] GC(771) Pause Young (Allocation Failure) 287M->14M(989M) 0,614ms
[2024-08-04T18:16:40.847+0300][36,918s][info][gc] GC(772) Pause Young (Allocation Failure) 287M->14M(989M) 0,610ms
[2024-08-04T18:16:40.891+0300][36,961s][info][gc] GC(773) Pause Young (Allocation Failure) 287M->14M(989M) 0,650ms
[2024-08-04T18:16:40.939+0300][37,010s][info][gc] GC(774) Pause Young (Allocation Failure) 287M->14M(989M) 0,615ms
[2024-08-04T18:16:40.990+0300][37,060s][info][gc] GC(775) Pause Young (Allocation Failure) 287M->14M(989M) 0,606ms
[2024-08-04T18:16:41.041+0300][37,111s][info][gc] GC(776) Pause Young (Allocation Failure) 287M->14M(989M) 0,612ms
[2024-08-04T18:16:41.090+0300][37,160s][info][gc] GC(777) Pause Young (Allocation Failure) 287M->14M(989M) 0,607ms
[2024-08-04T18:16:41.140+0300][37,210s][info][gc] GC(778) Pause Young (Allocation Failure) 287M->14M(989M) 0,616ms
[2024-08-04T18:16:41.190+0300][37,260s][info][gc] GC(779) Pause Young (Allocation Failure) 287M->14M(989M) 0,626ms
[2024-08-04T18:16:41.240+0300][37,310s][info][gc] GC(780) Pause Young (Allocation Failure) 287M->14M(989M) 0,598ms
[2024-08-04T18:16:41.290+0300][37,360s][info][gc] GC(781) Pause Young (Allocation Failure) 287M->14M(989M) 0,602ms
[2024-08-04T18:16:41.339+0300][37,410s][info][gc] GC(782) Pause Young (Allocation Failure) 287M->14M(989M) 0,610ms
[2024-08-04T18:16:41.390+0300][37,460s][info][gc] GC(783) Pause Young (Allocation Failure) 287M->14M(989M) 0,594ms
[2024-08-04T18:16:41.439+0300][37,509s][info][gc] GC(784) Pause Young (Allocation Failure) 287M->14M(989M) 0,627ms
[2024-08-04T18:16:41.488+0300][37,558s][info][gc] GC(785) Pause Young (Allocation Failure) 287M->14M(989M) 0,604ms
[2024-08-04T18:16:41.532+0300][37,603s][info][gc] GC(786) Pause Young (Allocation Failure) 287M->14M(989M) 0,605ms
[2024-08-04T18:16:41.578+0300][37,648s][info][gc] GC(787) Pause Young (Allocation Failure) 287M->14M(989M) 0,613ms
[2024-08-04T18:16:41.627+0300][37,698s][info][gc] GC(788) Pause Young (Allocation Failure) 287M->14M(989M) 0,383ms
[2024-08-04T18:16:41.679+0300][37,749s][info][gc] GC(789) Pause Young (Allocation Failure) 287M->14M(989M) 0,366ms
[2024-08-04T18:16:41.731+0300][37,801s][info][gc] GC(790) Pause Young (Allocation Failure) 287M->14M(989M) 0,364ms
[2024-08-04T18:16:41.783+0300][37,853s][info][gc] GC(791) Pause Young (Allocation Failure) 287M->14M(989M) 0,364ms
[2024-08-04T18:16:41.832+0300][37,902s][info][gc] GC(792) Pause Young (Allocation Failure) 287M->14M(989M) 0,357ms
[2024-08-04T18:16:41.877+0300][37,948s][info][gc] GC(793) Pause Young (Allocation Failure) 287M->14M(989M) 0,361ms
[2024-08-04T18:16:41.925+0300][37,995s][info][gc] GC(794) Pause Young (Allocation Failure) 287M->14M(989M) 0,379ms
[2024-08-04T18:16:41.976+0300][38,047s][info][gc] GC(795) Pause Young (Allocation Failure) 287M->14M(989M) 0,354ms
[2024-08-04T18:16:42.028+0300][38,099s][info][gc] GC(796) Pause Young (Allocation Failure) 287M->14M(989M) 0,364ms
[2024-08-04T18:16:42.076+0300][38,146s][info][gc] GC(797) Pause Young (Allocation Failure) 287M->14M(989M) 0,364ms
[2024-08-04T18:16:42.128+0300][38,198s][info][gc] GC(798) Pause Young (Allocation Failure) 287M->14M(989M) 0,650ms
[2024-08-04T18:16:42.180+0300][38,250s][info][gc] GC(799) Pause Young (Allocation Failure) 287M->14M(989M) 0,626ms
[2024-08-04T18:16:42.232+0300][38,302s][info][gc] GC(800) Pause Young (Allocation Failure) 287M->14M(989M) 0,616ms
[2024-08-04T18:16:42.282+0300][38,353s][info][gc] GC(801) Pause Young (Allocation Failure) 287M->14M(989M) 0,641ms
[2024-08-04T18:16:42.333+0300][38,403s][info][gc] GC(802) Pause Young (Allocation Failure) 287M->14M(989M) 0,609ms
[2024-08-04T18:16:42.385+0300][38,455s][info][gc] GC(803) Pause Young (Allocation Failure) 287M->14M(989M) 0,719ms
[2024-08-04T18:16:42.434+0300][38,505s][info][gc] GC(804) Pause Young (Allocation Failure) 287M->14M(989M) 0,624ms
[2024-08-04T18:16:42.485+0300][38,556s][info][gc] GC(805) Pause Young (Allocation Failure) 287M->14M(989M) 0,601ms
[2024-08-04T18:16:42.537+0300][38,607s][info][gc] GC(806) Pause Young (Allocation Failure) 287M->14M(989M) 0,598ms
[2024-08-04T18:16:42.587+0300][38,657s][info][gc] GC(807) Pause Young (Allocation Failure) 287M->14M(989M) 0,619ms
[2024-08-04T18:16:42.640+0300][38,711s][info][gc] GC(808) Pause Young (Allocation Failure) 287M->14M(989M) 0,632ms
[2024-08-04T18:16:42.692+0300][38,763s][info][gc] GC(809) Pause Young (Allocation Failure) 287M->14M(989M) 0,600ms
[2024-08-04T18:16:42.744+0300][38,814s][info][gc] GC(810) Pause Young (Allocation Failure) 287M->14M(989M) 0,721ms
[2024-08-04T18:16:42.797+0300][38,867s][info][gc] GC(811) Pause Young (Allocation Failure) 287M->14M(989M) 0,601ms
[2024-08-04T18:16:42.853+0300][38,923s][info][gc] GC(812) Pause Young (Allocation Failure) 287M->14M(989M) 0,661ms
[2024-08-04T18:16:42.906+0300][38,976s][info][gc] GC(813) Pause Young (Allocation Failure) 287M->14M(989M) 0,609ms
[2024-08-04T18:16:42.959+0300][39,029s][info][gc] GC(814) Pause Young (Allocation Failure) 287M->14M(989M) 0,624ms
[2024-08-04T18:16:43.012+0300][39,083s][info][gc] GC(815) Pause Young (Allocation Failure) 287M->14M(989M) 0,600ms
[2024-08-04T18:16:43.058+0300][39,128s][info][gc] GC(816) Pause Young (Allocation Failure) 287M->14M(989M) 0,606ms
[2024-08-04T18:16:43.105+0300][39,175s][info][gc] GC(817) Pause Young (Allocation Failure) 287M->14M(989M) 0,591ms
[2024-08-04T18:16:43.156+0300][39,227s][info][gc] GC(818) Pause Young (Allocation Failure) 287M->14M(989M) 0,602ms
[2024-08-04T18:16:43.207+0300][39,278s][info][gc] GC(819) Pause Young (Allocation Failure) 287M->14M(989M) 0,590ms
[2024-08-04T18:16:43.256+0300][39,326s][info][gc] GC(820) Pause Young (Allocation Failure) 287M->14M(989M) 0,598ms
[2024-08-04T18:16:43.308+0300][39,378s][info][gc] GC(821) Pause Young (Allocation Failure) 287M->14M(989M) 0,581ms
[2024-08-04T18:16:43.362+0300][39,433s][info][gc] GC(822) Pause Young (Allocation Failure) 287M->14M(989M) 0,622ms
[2024-08-04T18:16:43.416+0300][39,486s][info][gc] GC(823) Pause Young (Allocation Failure) 287M->14M(989M) 0,605ms
[2024-08-04T18:16:43.468+0300][39,539s][info][gc] GC(824) Pause Young (Allocation Failure) 287M->14M(989M) 0,661ms
[2024-08-04T18:16:43.521+0300][39,591s][info][gc] GC(825) Pause Young (Allocation Failure) 287M->14M(989M) 0,618ms
[2024-08-04T18:16:43.573+0300][39,643s][info][gc] GC(826) Pause Young (Allocation Failure) 287M->14M(989M) 0,586ms
[2024-08-04T18:16:43.626+0300][39,696s][info][gc] GC(827) Pause Young (Allocation Failure) 287M->14M(989M) 0,394ms
[2024-08-04T18:16:43.672+0300][39,743s][info][gc] GC(828) Pause Young (Allocation Failure) 287M->14M(989M) 0,357ms
[2024-08-04T18:16:43.723+0300][39,793s][info][gc] GC(829) Pause Young (Allocation Failure) 287M->14M(989M) 0,352ms
[2024-08-04T18:16:43.770+0300][39,840s][info][gc] GC(830) Pause Young (Allocation Failure) 287M->14M(989M) 0,373ms
[2024-08-04T18:16:43.818+0300][39,888s][info][gc] GC(831) Pause Young (Allocation Failure) 287M->14M(989M) 0,356ms
[2024-08-04T18:16:43.865+0300][39,935s][info][gc] GC(832) Pause Young (Allocation Failure) 287M->14M(989M) 0,356ms
[2024-08-04T18:16:43.911+0300][39,981s][info][gc] GC(833) Pause Young (Allocation Failure) 287M->14M(989M) 0,356ms
[2024-08-04T18:16:43.962+0300][40,032s][info][gc] GC(834) Pause Young (Allocation Failure) 287M->14M(989M) 0,344ms
[2024-08-04T18:16:44.012+0300][40,082s][info][gc] GC(835) Pause Young (Allocation Failure) 287M->14M(989M) 0,357ms
[2024-08-04T18:16:44.058+0300][40,129s][info][gc] GC(836) Pause Young (Allocation Failure) 287M->14M(989M) 0,350ms
[2024-08-04T18:16:44.104+0300][40,175s][info][gc] GC(837) Pause Young (Allocation Failure) 287M->14M(989M) 0,354ms
[2024-08-04T18:16:44.159+0300][40,229s][info][gc] GC(838) Pause Young (Allocation Failure) 287M->14M(989M) 0,414ms
[2024-08-04T18:16:44.225+0300][40,295s][info][gc] GC(839) Pause Young (Allocation Failure) 287M->14M(989M) 0,551ms
[2024-08-04T18:16:44.276+0300][40,346s][info][gc] GC(840) Pause Young (Allocation Failure) 287M->14M(989M) 0,559ms
[2024-08-04T18:16:44.328+0300][40,398s][info][gc] GC(841) Pause Young (Allocation Failure) 287M->14M(989M) 0,619ms
[2024-08-04T18:16:44.372+0300][40,443s][info][gc] GC(842) Pause Young (Allocation Failure) 287M->14M(989M) 0,647ms
[2024-08-04T18:16:44.423+0300][40,493s][info][gc] GC(843) Pause Young (Allocation Failure) 287M->14M(989M) 0,708ms
[2024-08-04T18:16:44.468+0300][40,538s][info][gc] GC(844) Pause Young (Allocation Failure) 287M->14M(989M) 0,720ms
[2024-08-04T18:16:44.513+0300][40,583s][info][gc] GC(845) Pause Young (Allocation Failure) 287M->14M(989M) 0,735ms
[2024-08-04T18:16:44.563+0300][40,633s][info][gc] GC(846) Pause Young (Allocation Failure) 288M->15M(989M) 0,794ms
[2024-08-04T18:16:44.608+0300][40,678s][info][gc] GC(847) Pause Young (Allocation Failure) 288M->15M(989M) 1,046ms
[2024-08-04T18:16:44.658+0300][40,728s][info][gc] GC(848) Pause Young (Allocation Failure) 288M->15M(989M) 0,869ms
[2024-08-04T18:16:44.702+0300][40,773s][info][gc] GC(849) Pause Young (Allocation Failure) 288M->15M(989M) 0,910ms
[2024-08-04T18:16:44.748+0300][40,818s][info][gc] GC(850) Pause Young (Allocation Failure) 288M->15M(989M) 0,953ms
[2024-08-04T18:16:44.796+0300][40,867s][info][gc] GC(851) Pause Young (Allocation Failure) 288M->15M(989M) 0,939ms
[2024-08-04T18:16:44.841+0300][40,911s][info][gc] GC(852) Pause Young (Allocation Failure) 288M->15M(989M) 0,954ms
[2024-08-04T18:16:44.885+0300][40,955s][info][gc] GC(853) Pause Young (Allocation Failure) 288M->15M(989M) 1,057ms
[2024-08-04T18:16:44.935+0300][41,005s][info][gc] GC(854) Pause Young (Allocation Failure) 288M->15M(989M) 1,003ms
[2024-08-04T18:16:44.979+0300][41,049s][info][gc] GC(855) Pause Young (Allocation Failure) 288M->15M(989M) 0,878ms
[2024-08-04T18:16:45.023+0300][41,093s][info][gc] GC(856) Pause Young (Allocation Failure) 288M->15M(989M) 0,790ms
[2024-08-04T18:16:45.067+0300][41,137s][info][gc] GC(857) Pause Young (Allocation Failure) 288M->15M(989M) 0,767ms
[2024-08-04T18:16:45.111+0300][41,181s][info][gc] GC(858) Pause Young (Allocation Failure) 288M->15M(989M) 0,735ms
[2024-08-04T18:16:45.159+0300][41,229s][info][gc] GC(859) Pause Young (Allocation Failure) 288M->15M(989M) 0,704ms
[2024-08-04T18:16:45.203+0300][41,273s][info][gc] GC(860) Pause Young (Allocation Failure) 288M->15M(989M) 0,695ms
[2024-08-04T18:16:45.247+0300][41,317s][info][gc] GC(861) Pause Young (Allocation Failure) 288M->15M(989M) 0,685ms
[2024-08-04T18:16:45.295+0300][41,365s][info][gc] GC(862) Pause Young (Allocation Failure) 288M->15M(989M) 0,671ms
[2024-08-04T18:16:45.338+0300][41,409s][info][gc] GC(863) Pause Young (Allocation Failure) 288M->15M(989M) 0,644ms
[2024-08-04T18:16:45.382+0300][41,452s][info][gc] GC(864) Pause Young (Allocation Failure) 288M->15M(989M) 0,617ms
[2024-08-04T18:16:45.426+0300][41,496s][info][gc] GC(865) Pause Young (Allocation Failure) 288M->15M(989M) 0,622ms
[2024-08-04T18:16:45.469+0300][41,539s][info][gc] GC(866) Pause Young (Allocation Failure) 288M->15M(989M) 0,585ms
[2024-08-04T18:16:45.512+0300][41,582s][info][gc] GC(867) Pause Young (Allocation Failure) 288M->15M(989M) 0,576ms
[2024-08-04T18:16:45.556+0300][41,626s][info][gc] GC(868) Pause Young (Allocation Failure) 288M->15M(989M) 0,592ms
[2024-08-04T18:16:45.599+0300][41,670s][info][gc] GC(869) Pause Young (Allocation Failure) 288M->15M(989M) 0,585ms
[2024-08-04T18:16:45.649+0300][41,719s][info][gc] GC(870) Pause Young (Allocation Failure) 288M->15M(989M) 1,141ms
[2024-08-04T18:16:45.698+0300][41,768s][info][gc] GC(871) Pause Young (Allocation Failure) 288M->15M(989M) 1,077ms
[2024-08-04T18:16:45.747+0300][41,817s][info][gc] GC(872) Pause Young (Allocation Failure) 288M->15M(989M) 1,124ms
[2024-08-04T18:16:45.796+0300][41,866s][info][gc] GC(873) Pause Young (Allocation Failure) 288M->15M(989M) 1,063ms
[2024-08-04T18:16:45.845+0300][41,915s][info][gc] GC(874) Pause Young (Allocation Failure) 288M->15M(989M) 1,031ms
[2024-08-04T18:16:45.894+0300][41,964s][info][gc] GC(875) Pause Young (Allocation Failure) 288M->15M(989M) 1,047ms
[2024-08-04T18:16:45.941+0300][42,011s][info][gc] GC(876) Pause Young (Allocation Failure) 288M->15M(989M) 1,023ms
[2024-08-04T18:16:45.982+0300][42,053s][info][gc] GC(877) Pause Young (Allocation Failure) 288M->15M(989M) 1,014ms
[2024-08-04T18:16:46.024+0300][42,095s][info][gc] GC(878) Pause Young (Allocation Failure) 288M->15M(989M) 0,988ms
[2024-08-04T18:16:46.067+0300][42,137s][info][gc] GC(879) Pause Young (Allocation Failure) 288M->15M(989M) 1,006ms
[2024-08-04T18:16:46.114+0300][42,184s][info][gc] GC(880) Pause Young (Allocation Failure) 288M->15M(989M) 0,983ms
[2024-08-04T18:16:46.162+0300][42,232s][info][gc] GC(881) Pause Young (Allocation Failure) 288M->15M(989M) 0,968ms
[2024-08-04T18:16:46.204+0300][42,275s][info][gc] GC(882) Pause Young (Allocation Failure) 288M->15M(989M) 0,956ms
[2024-08-04T18:16:46.251+0300][42,321s][info][gc] GC(883) Pause Young (Allocation Failure) 288M->15M(989M) 0,983ms
[2024-08-04T18:16:46.298+0300][42,368s][info][gc] GC(884) Pause Young (Allocation Failure) 288M->15M(989M) 0,967ms
[2024-08-04T18:16:46.339+0300][42,410s][info][gc] GC(885) Pause Young (Allocation Failure) 288M->15M(989M) 0,934ms
[2024-08-04T18:16:46.386+0300][42,456s][info][gc] GC(886) Pause Young (Allocation Failure) 288M->15M(989M) 0,913ms
[2024-08-04T18:16:46.429+0300][42,499s][info][gc] GC(887) Pause Young (Allocation Failure) 288M->15M(989M) 0,927ms
[2024-08-04T18:16:46.476+0300][42,546s][info][gc] GC(888) Pause Young (Allocation Failure) 288M->15M(989M) 0,922ms
[2024-08-04T18:16:46.518+0300][42,588s][info][gc] GC(889) Pause Young (Allocation Failure) 288M->15M(989M) 0,984ms
[2024-08-04T18:16:46.564+0300][42,635s][info][gc] GC(890) Pause Young (Allocation Failure) 288M->15M(989M) 0,898ms
[2024-08-04T18:16:46.612+0300][42,682s][info][gc] GC(891) Pause Young (Allocation Failure) 288M->15M(989M) 0,928ms
[2024-08-04T18:16:46.659+0300][42,729s][info][gc] GC(892) Pause Young (Allocation Failure) 288M->15M(989M) 0,928ms
[2024-08-04T18:16:46.706+0300][42,777s][info][gc] GC(893) Pause Young (Allocation Failure) 288M->15M(989M) 0,921ms
[2024-08-04T18:16:46.748+0300][42,819s][info][gc] GC(894) Pause Young (Allocation Failure) 288M->15M(989M) 1,097ms
[2024-08-04T18:16:46.803+0300][42,873s][info][gc] GC(895) Pause Young (Allocation Failure) 288M->15M(989M) 0,873ms
[2024-08-04T18:16:46.848+0300][42,919s][info][gc] GC(896) Pause Young (Allocation Failure) 288M->15M(989M) 0,887ms
[2024-08-04T18:16:46.900+0300][42,970s][info][gc] GC(897) Pause Young (Allocation Failure) 288M->15M(989M) 0,918ms
[2024-08-04T18:16:46.948+0300][43,019s][info][gc] GC(898) Pause Young (Allocation Failure) 288M->15M(989M) 1,171ms
[2024-08-04T18:16:46.996+0300][43,067s][info][gc] GC(899) Pause Young (Allocation Failure) 288M->15M(989M) 1,201ms
[2024-08-04T18:16:47.042+0300][43,113s][info][gc] GC(900) Pause Young (Allocation Failure) 288M->15M(989M) 1,087ms
[2024-08-04T18:16:47.085+0300][43,155s][info][gc] GC(901) Pause Young (Allocation Failure) 288M->15M(989M) 1,173ms
[2024-08-04T18:16:47.135+0300][43,205s][info][gc] GC(902) Pause Young (Allocation Failure) 288M->15M(989M) 1,192ms
[2024-08-04T18:16:47.183+0300][43,253s][info][gc] GC(903) Pause Young (Allocation Failure) 289M->15M(989M) 1,135ms
[2024-08-04T18:16:47.232+0300][43,302s][info][gc] GC(904) Pause Young (Allocation Failure) 289M->15M(989M) 1,032ms
[2024-08-04T18:16:47.280+0300][43,350s][info][gc] GC(905) Pause Young (Allocation Failure) 289M->15M(989M) 1,034ms
[2024-08-04T18:16:47.330+0300][43,400s][info][gc] GC(906) Pause Young (Allocation Failure) 289M->15M(989M) 1,114ms
[2024-08-04T18:16:47.379+0300][43,450s][info][gc] GC(907) Pause Young (Allocation Failure) 289M->15M(989M) 1,026ms
[2024-08-04T18:16:47.431+0300][43,501s][info][gc] GC(908) Pause Young (Allocation Failure) 289M->16M(989M) 1,104ms
[2024-08-04T18:16:47.480+0300][43,551s][info][gc] GC(909) Pause Young (Allocation Failure) 289M->16M(989M) 1,003ms
[2024-08-04T18:16:47.529+0300][43,599s][info][gc] GC(910) Pause Young (Allocation Failure) 289M->16M(989M) 1,021ms
[2024-08-04T18:16:47.577+0300][43,648s][info][gc] GC(911) Pause Young (Allocation Failure) 289M->16M(989M) 1,060ms
[2024-08-04T18:16:47.628+0300][43,698s][info][gc] GC(912) Pause Young (Allocation Failure) 289M->16M(989M) 1,127ms
[2024-08-04T18:16:47.676+0300][43,746s][info][gc] GC(913) Pause Young (Allocation Failure) 289M->16M(989M) 1,075ms
[2024-08-04T18:16:47.725+0300][43,795s][info][gc] GC(914) Pause Young (Allocation Failure) 289M->16M(989M) 0,872ms
[2024-08-04T18:16:47.774+0300][43,844s][info][gc] GC(915) Pause Young (Allocation Failure) 289M->16M(989M) 1,054ms
[2024-08-04T18:16:47.822+0300][43,893s][info][gc] GC(916) Pause Young (Allocation Failure) 289M->16M(989M) 1,086ms
[2024-08-04T18:16:47.872+0300][43,942s][info][gc] GC(917) Pause Young (Allocation Failure) 289M->16M(989M) 1,064ms
[2024-08-04T18:16:47.921+0300][43,991s][info][gc] GC(918) Pause Young (Allocation Failure) 289M->16M(989M) 1,008ms
[2024-08-04T18:16:47.970+0300][44,041s][info][gc] GC(919) Pause Young (Allocation Failure) 289M->16M(989M) 1,101ms
[2024-08-04T18:16:48.019+0300][44,089s][info][gc] GC(920) Pause Young (Allocation Failure) 289M->16M(989M) 0,977ms
[2024-08-04T18:16:48.066+0300][44,137s][info][gc] GC(921) Pause Young (Allocation Failure) 289M->16M(989M) 1,086ms
[2024-08-04T18:16:48.115+0300][44,185s][info][gc] GC(922) Pause Young (Allocation Failure) 289M->16M(989M) 1,005ms
[2024-08-04T18:16:48.164+0300][44,234s][info][gc] GC(923) Pause Young (Allocation Failure) 289M->16M(989M) 0,944ms
[2024-08-04T18:16:48.212+0300][44,283s][info][gc] GC(924) Pause Young (Allocation Failure) 289M->16M(989M) 0,996ms
[2024-08-04T18:16:48.262+0300][44,332s][info][gc] GC(925) Pause Young (Allocation Failure) 289M->16M(989M) 0,958ms
[2024-08-04T18:16:48.310+0300][44,380s][info][gc] GC(926) Pause Young (Allocation Failure) 289M->16M(989M) 1,045ms
[2024-08-04T18:16:48.359+0300][44,429s][info][gc] GC(927) Pause Young (Allocation Failure) 289M->16M(989M) 1,033ms
[2024-08-04T18:16:48.408+0300][44,478s][info][gc] GC(928) Pause Young (Allocation Failure) 289M->16M(989M) 0,914ms
[2024-08-04T18:16:48.457+0300][44,527s][info][gc] GC(929) Pause Young (Allocation Failure) 289M->16M(989M) 0,969ms
[2024-08-04T18:16:48.505+0300][44,576s][info][gc] GC(930) Pause Young (Allocation Failure) 289M->16M(989M) 0,916ms
[2024-08-04T18:16:48.554+0300][44,624s][info][gc] GC(931) Pause Young (Allocation Failure) 289M->16M(989M) 0,911ms
[2024-08-04T18:16:48.603+0300][44,673s][info][gc] GC(932) Pause Young (Allocation Failure) 289M->16M(989M) 1,033ms
[2024-08-04T18:16:48.653+0300][44,723s][info][gc] GC(933) Pause Young (Allocation Failure) 289M->16M(989M) 1,004ms
[2024-08-04T18:16:48.702+0300][44,772s][info][gc] GC(934) Pause Young (Allocation Failure) 289M->16M(989M) 1,088ms
[2024-08-04T18:16:48.751+0300][44,821s][info][gc] GC(935) Pause Young (Allocation Failure) 289M->16M(989M) 1,117ms
[2024-08-04T18:16:48.800+0300][44,870s][info][gc] GC(936) Pause Young (Allocation Failure) 289M->16M(989M) 0,997ms
[2024-08-04T18:16:48.848+0300][44,918s][info][gc] GC(937) Pause Young (Allocation Failure) 289M->16M(989M) 1,062ms
[2024-08-04T18:16:48.897+0300][44,967s][info][gc] GC(938) Pause Young (Allocation Failure) 289M->16M(989M) 1,170ms
[2024-08-04T18:16:48.945+0300][45,015s][info][gc] GC(939) Pause Young (Allocation Failure) 289M->16M(989M) 1,060ms
[2024-08-04T18:16:48.992+0300][45,063s][info][gc] GC(940) Pause Young (Allocation Failure) 289M->16M(989M) 0,965ms
[2024-08-04T18:16:49.039+0300][45,110s][info][gc] GC(941) Pause Young (Allocation Failure) 289M->16M(989M) 0,917ms
[2024-08-04T18:16:49.082+0300][45,152s][info][gc] GC(942) Pause Young (Allocation Failure) 289M->16M(989M) 1,045ms
[2024-08-04T18:16:49.126+0300][45,196s][info][gc] GC(943) Pause Young (Allocation Failure) 289M->16M(989M) 0,983ms
[2024-08-04T18:16:49.170+0300][45,240s][info][gc] GC(944) Pause Young (Allocation Failure) 289M->16M(989M) 0,919ms
[2024-08-04T18:16:49.213+0300][45,284s][info][gc] GC(945) Pause Young (Allocation Failure) 289M->16M(989M) 1,010ms
[2024-08-04T18:16:49.258+0300][45,328s][info][gc] GC(946) Pause Young (Allocation Failure) 289M->16M(989M) 0,952ms
[2024-08-04T18:16:49.302+0300][45,372s][info][gc] GC(947) Pause Young (Allocation Failure) 289M->16M(989M) 0,948ms
[2024-08-04T18:16:49.346+0300][45,416s][info][gc] GC(948) Pause Young (Allocation Failure) 289M->16M(989M) 1,038ms
[2024-08-04T18:16:49.390+0300][45,461s][info][gc] GC(949) Pause Young (Allocation Failure) 289M->16M(989M) 0,884ms
[2024-08-04T18:16:49.434+0300][45,504s][info][gc] GC(950) Pause Young (Allocation Failure) 289M->16M(989M) 0,917ms
[2024-08-04T18:16:49.478+0300][45,548s][info][gc] GC(951) Pause Young (Allocation Failure) 289M->16M(989M) 0,927ms
[2024-08-04T18:16:49.521+0300][45,592s][info][gc] GC(952) Pause Young (Allocation Failure) 289M->16M(989M) 0,855ms
[2024-08-04T18:16:49.565+0300][45,635s][info][gc] GC(953) Pause Young (Allocation Failure) 289M->16M(989M) 0,855ms
[2024-08-04T18:16:49.608+0300][45,678s][info][gc] GC(954) Pause Young (Allocation Failure) 289M->16M(989M) 1,099ms
[2024-08-04T18:16:49.654+0300][45,724s][info][gc] GC(955) Pause Young (Allocation Failure) 289M->16M(989M) 1,010ms
[2024-08-04T18:16:49.698+0300][45,768s][info][gc] GC(956) Pause Young (Allocation Failure) 289M->16M(989M) 0,765ms
[2024-08-04T18:16:49.741+0300][45,812s][info][gc] GC(957) Pause Young (Allocation Failure) 289M->16M(989M) 0,962ms
[2024-08-04T18:16:49.785+0300][45,855s][info][gc] GC(958) Pause Young (Allocation Failure) 289M->16M(989M) 0,935ms
[2024-08-04T18:16:49.829+0300][45,899s][info][gc] GC(959) Pause Young (Allocation Failure) 289M->16M(989M) 0,955ms
[2024-08-04T18:16:49.872+0300][45,943s][info][gc] GC(960) Pause Young (Allocation Failure) 289M->16M(989M) 0,862ms
[2024-08-04T18:16:49.916+0300][45,986s][info][gc] GC(961) Pause Young (Allocation Failure) 289M->16M(989M) 1,027ms
[2024-08-04T18:16:49.960+0300][46,031s][info][gc] GC(962) Pause Young (Allocation Failure) 289M->16M(989M) 0,958ms
[2024-08-04T18:16:50.004+0300][46,074s][info][gc] GC(963) Pause Young (Allocation Failure) 289M->16M(989M) 0,845ms
[2024-08-04T18:16:50.048+0300][46,118s][info][gc] GC(964) Pause Young (Allocation Failure) 289M->16M(989M) 0,844ms
[2024-08-04T18:16:50.092+0300][46,162s][info][gc] GC(965) Pause Young (Allocation Failure) 289M->16M(989M) 0,918ms
[2024-08-04T18:16:50.135+0300][46,205s][info][gc] GC(966) Pause Young (Allocation Failure) 289M->16M(989M) 0,857ms
[2024-08-04T18:16:50.179+0300][46,249s][info][gc] GC(967) Pause Young (Allocation Failure) 289M->16M(989M) 0,681ms
[2024-08-04T18:16:50.223+0300][46,293s][info][gc] GC(968) Pause Young (Allocation Failure) 289M->16M(989M) 0,981ms
[2024-08-04T18:16:50.264+0300][46,335s][info][gc] GC(969) Pause Young (Allocation Failure) 289M->16M(989M) 0,837ms
[2024-08-04T18:16:50.306+0300][46,376s][info][gc] GC(970) Pause Young (Allocation Failure) 289M->16M(989M) 0,881ms
[2024-08-04T18:16:50.348+0300][46,418s][info][gc] GC(971) Pause Young (Allocation Failure) 289M->16M(989M) 0,919ms
[2024-08-04T18:16:50.395+0300][46,465s][info][gc] GC(972) Pause Young (Allocation Failure) 289M->16M(989M) 0,859ms
[2024-08-04T18:16:50.436+0300][46,507s][info][gc] GC(973) Pause Young (Allocation Failure) 289M->16M(989M) 0,806ms
[2024-08-04T18:16:50.478+0300][46,549s][info][gc] GC(974) Pause Young (Allocation Failure) 289M->16M(989M) 0,925ms
[2024-08-04T18:16:50.529+0300][46,600s][info][gc] GC(975) Pause Young (Allocation Failure) 289M->16M(989M) 0,838ms
[2024-08-04T18:16:50.577+0300][46,647s][info][gc] GC(976) Pause Young (Allocation Failure) 289M->16M(989M) 0,897ms
[2024-08-04T18:16:50.628+0300][46,698s][info][gc] GC(977) Pause Young (Allocation Failure) 289M->16M(989M) 0,930ms
[2024-08-04T18:16:50.679+0300][46,750s][info][gc] GC(978) Pause Young (Allocation Failure) 289M->16M(989M) 0,921ms
[2024-08-04T18:16:50.729+0300][46,799s][info][gc] GC(979) Pause Young (Allocation Failure) 289M->16M(989M) 0,476ms
[2024-08-04T18:16:50.777+0300][46,848s][info][gc] GC(980) Pause Young (Allocation Failure) 289M->16M(989M) 0,920ms
[2024-08-04T18:16:50.827+0300][46,898s][info][gc] GC(981) Pause Young (Allocation Failure) 289M->16M(989M) 0,909ms
[2024-08-04T18:16:50.877+0300][46,947s][info][gc] GC(982) Pause Young (Allocation Failure) 289M->16M(989M) 0,802ms
[2024-08-04T18:16:50.925+0300][46,996s][info][gc] GC(983) Pause Young (Allocation Failure) 289M->16M(989M) 0,798ms
[2024-08-04T18:16:50.974+0300][47,045s][info][gc] GC(984) Pause Young (Allocation Failure) 289M->16M(989M) 0,935ms
[2024-08-04T18:16:51.023+0300][47,093s][info][gc] GC(985) Pause Young (Allocation Failure) 289M->16M(989M) 0,810ms
[2024-08-04T18:16:51.071+0300][47,142s][info][gc] GC(986) Pause Young (Allocation Failure) 289M->16M(989M) 0,787ms
[2024-08-04T18:16:51.119+0300][47,190s][info][gc] GC(987) Pause Young (Allocation Failure) 289M->16M(989M) 0,893ms
[2024-08-04T18:16:51.166+0300][47,237s][info][gc] GC(988) Pause Young (Allocation Failure) 289M->16M(989M) 0,810ms
[2024-08-04T18:16:51.214+0300][47,284s][info][gc] GC(989) Pause Young (Allocation Failure) 289M->16M(989M) 0,867ms
[2024-08-04T18:16:51.257+0300][47,327s][info][gc] GC(990) Pause Young (Allocation Failure) 289M->16M(989M) 0,792ms
[2024-08-04T18:16:51.299+0300][47,369s][info][gc] GC(991) Pause Young (Allocation Failure) 289M->16M(989M) 0,817ms
[2024-08-04T18:16:51.346+0300][47,416s][info][gc] GC(992) Pause Young (Allocation Failure) 289M->16M(989M) 0,892ms
[2024-08-04T18:16:51.388+0300][47,459s][info][gc] GC(993) Pause Young (Allocation Failure) 289M->16M(989M) 0,785ms
[2024-08-04T18:16:51.431+0300][47,502s][info][gc] GC(994) Pause Young (Allocation Failure) 289M->16M(989M) 0,774ms
[2024-08-04T18:16:51.473+0300][47,544s][info][gc] GC(995) Pause Young (Allocation Failure) 289M->16M(989M) 0,859ms
[2024-08-04T18:16:51.521+0300][47,592s][info][gc] GC(996) Pause Young (Allocation Failure) 289M->16M(989M) 0,851ms
[2024-08-04T18:16:51.569+0300][47,639s][info][gc] GC(997) Pause Young (Allocation Failure) 289M->16M(989M) 0,801ms
[2024-08-04T18:16:51.619+0300][47,690s][info][gc] GC(998) Pause Young (Allocation Failure) 289M->16M(989M) 0,908ms
[2024-08-04T18:16:51.668+0300][47,738s][info][gc] GC(999) Pause Young (Allocation Failure) 289M->16M(989M) 1,147ms
[2024-08-04T18:16:51.717+0300][47,787s][info][gc] GC(1000) Pause Young (Allocation Failure) 289M->16M(989M) 0,874ms
[2024-08-04T18:16:51.761+0300][47,831s][info][gc] GC(1001) Pause Young (Allocation Failure) 289M->16M(989M) 0,883ms
[2024-08-04T18:16:51.805+0300][47,875s][info][gc] GC(1002) Pause Young (Allocation Failure) 289M->16M(989M) 0,787ms
[2024-08-04T18:16:51.848+0300][47,918s][info][gc] GC(1003) Pause Young (Allocation Failure) 289M->16M(989M) 0,897ms
[2024-08-04T18:16:51.890+0300][47,960s][info][gc] GC(1004) Pause Young (Allocation Failure) 289M->16M(989M) 0,769ms
[2024-08-04T18:16:51.932+0300][48,002s][info][gc] GC(1005) Pause Young (Allocation Failure) 289M->16M(989M) 0,754ms
[2024-08-04T18:16:51.979+0300][48,049s][info][gc] GC(1006) Pause Young (Allocation Failure) 289M->16M(989M) 0,935ms
[2024-08-04T18:16:52.026+0300][48,096s][info][gc] GC(1007) Pause Young (Allocation Failure) 289M->16M(989M) 0,799ms
[2024-08-04T18:16:52.074+0300][48,144s][info][gc] GC(1008) Pause Young (Allocation Failure) 289M->16M(989M) 0,761ms
[2024-08-04T18:16:52.121+0300][48,191s][info][gc] GC(1009) Pause Young (Allocation Failure) 289M->16M(989M) 0,860ms
[2024-08-04T18:16:52.164+0300][48,234s][info][gc] GC(1010) Pause Young (Allocation Failure) 289M->16M(989M) 0,771ms
[2024-08-04T18:16:52.211+0300][48,281s][info][gc] GC(1011) Pause Young (Allocation Failure) 289M->16M(989M) 0,885ms
[2024-08-04T18:16:52.258+0300][48,329s][info][gc] GC(1012) Pause Young (Allocation Failure) 289M->16M(989M) 0,787ms
[2024-08-04T18:16:52.305+0300][48,376s][info][gc] GC(1013) Pause Young (Allocation Failure) 289M->16M(989M) 0,770ms
[2024-08-04T18:16:52.354+0300][48,424s][info][gc] GC(1014) Pause Young (Allocation Failure) 289M->16M(989M) 0,951ms
[2024-08-04T18:16:52.403+0300][48,473s][info][gc] GC(1015) Pause Young (Allocation Failure) 289M->16M(989M) 0,889ms
[2024-08-04T18:16:52.452+0300][48,522s][info][gc] GC(1016) Pause Young (Allocation Failure) 289M->16M(989M) 0,905ms
[2024-08-04T18:16:52.501+0300][48,572s][info][gc] GC(1017) Pause Young (Allocation Failure) 289M->16M(989M) 0,719ms
[2024-08-04T18:16:52.550+0300][48,621s][info][gc] GC(1018) Pause Young (Allocation Failure) 289M->16M(989M) 0,889ms
[2024-08-04T18:16:52.599+0300][48,670s][info][gc] GC(1019) Pause Young (Allocation Failure) 289M->16M(989M) 0,880ms
[2024-08-04T18:16:52.652+0300][48,723s][info][gc] GC(1020) Pause Young (Allocation Failure) 289M->16M(989M) 0,918ms
[2024-08-04T18:16:52.704+0300][48,774s][info][gc] GC(1021) Pause Young (Allocation Failure) 290M->16M(989M) 0,879ms
[2024-08-04T18:16:52.753+0300][48,824s][info][gc] GC(1022) Pause Young (Allocation Failure) 290M->16M(989M) 0,847ms
[2024-08-04T18:16:52.802+0300][48,872s][info][gc] GC(1023) Pause Young (Allocation Failure) 290M->16M(989M) 0,488ms
[2024-08-04T18:16:52.854+0300][48,924s][info][gc] GC(1024) Pause Young (Allocation Failure) 290M->16M(989M) 0,820ms
[2024-08-04T18:16:52.916+0300][48,986s][info][gc] GC(1025) Pause Young (Allocation Failure) 290M->16M(989M) 0,640ms
[2024-08-04T18:16:52.964+0300][49,034s][info][gc] GC(1026) Pause Young (Allocation Failure) 290M->16M(989M) 0,853ms
[2024-08-04T18:16:53.007+0300][49,077s][info][gc] GC(1027) Pause Young (Allocation Failure) 290M->16M(989M) 0,857ms
[2024-08-04T18:16:53.049+0300][49,119s][info][gc] GC(1028) Pause Young (Allocation Failure) 290M->16M(989M) 0,736ms
[2024-08-04T18:16:53.096+0300][49,166s][info][gc] GC(1029) Pause Young (Allocation Failure) 290M->17M(989M) 0,839ms
[2024-08-04T18:16:53.138+0300][49,209s][info][gc] GC(1030) Pause Young (Allocation Failure) 290M->17M(989M) 0,786ms
[2024-08-04T18:16:53.186+0300][49,256s][info][gc] GC(1031) Pause Young (Allocation Failure) 290M->17M(989M) 0,731ms
[2024-08-04T18:16:53.228+0300][49,298s][info][gc] GC(1032) Pause Young (Allocation Failure) 290M->17M(989M) 0,836ms
[2024-08-04T18:16:53.276+0300][49,347s][info][gc] GC(1033) Pause Young (Allocation Failure) 290M->17M(989M) 0,774ms
[2024-08-04T18:16:53.324+0300][49,394s][info][gc] GC(1034) Pause Young (Allocation Failure) 290M->17M(989M) 0,857ms
[2024-08-04T18:16:53.372+0300][49,442s][info][gc] GC(1035) Pause Young (Allocation Failure) 290M->17M(989M) 0,851ms
[2024-08-04T18:16:53.419+0300][49,490s][info][gc] GC(1036) Pause Young (Allocation Failure) 290M->17M(989M) 0,720ms
[2024-08-04T18:16:53.465+0300][49,536s][info][gc] GC(1037) Pause Young (Allocation Failure) 290M->17M(989M) 0,753ms
[2024-08-04T18:16:53.512+0300][49,582s][info][gc] GC(1038) Pause Young (Allocation Failure) 290M->17M(989M) 0,820ms
[2024-08-04T18:16:53.555+0300][49,625s][info][gc] GC(1039) Pause Young (Allocation Failure) 290M->17M(989M) 0,807ms
[2024-08-04T18:16:53.602+0300][49,673s][info][gc] GC(1040) Pause Young (Allocation Failure) 290M->17M(989M) 0,901ms
[2024-08-04T18:16:53.648+0300][49,718s][info][gc] GC(1041) Pause Young (Allocation Failure) 290M->17M(989M) 1,202ms
[2024-08-04T18:16:53.695+0300][49,766s][info][gc] GC(1042) Pause Young (Allocation Failure) 290M->17M(989M) 0,766ms
[2024-08-04T18:16:53.743+0300][49,814s][info][gc] GC(1043) Pause Young (Allocation Failure) 290M->17M(989M) 0,825ms
[2024-08-04T18:16:53.791+0300][49,861s][info][gc] GC(1044) Pause Young (Allocation Failure) 290M->17M(989M) 0,871ms
[2024-08-04T18:16:53.834+0300][49,904s][info][gc] GC(1045) Pause Young (Allocation Failure) 290M->17M(989M) 0,710ms
[2024-08-04T18:16:53.877+0300][49,947s][info][gc] GC(1046) Pause Young (Allocation Failure) 290M->17M(989M) 0,825ms
[2024-08-04T18:16:53.925+0300][49,995s][info][gc] GC(1047) Pause Young (Allocation Failure) 290M->17M(989M) 0,763ms
[2024-08-04T18:16:53.968+0300][50,039s][info][gc] GC(1048) Pause Young (Allocation Failure) 290M->17M(989M) 0,769ms
[2024-08-04T18:16:54.016+0300][50,086s][info][gc] GC(1049) Pause Young (Allocation Failure) 290M->17M(989M) 0,830ms
[2024-08-04T18:16:54.064+0300][50,134s][info][gc] GC(1050) Pause Young (Allocation Failure) 290M->17M(989M) 0,754ms
[2024-08-04T18:16:54.112+0300][50,182s][info][gc] GC(1051) Pause Young (Allocation Failure) 290M->17M(989M) 0,808ms
[2024-08-04T18:16:54.160+0300][50,230s][info][gc] GC(1052) Pause Young (Allocation Failure) 290M->17M(989M) 0,820ms
[2024-08-04T18:16:54.206+0300][50,277s][info][gc] GC(1053) Pause Young (Allocation Failure) 290M->17M(989M) 0,831ms
[2024-08-04T18:16:54.255+0300][50,325s][info][gc] GC(1054) Pause Young (Allocation Failure) 290M->17M(989M) 0,850ms
[2024-08-04T18:16:54.303+0300][50,373s][info][gc] GC(1055) Pause Young (Allocation Failure) 290M->17M(989M) 0,791ms
[2024-08-04T18:16:54.351+0300][50,421s][info][gc] GC(1056) Pause Young (Allocation Failure) 290M->17M(989M) 0,836ms
[2024-08-04T18:16:54.394+0300][50,464s][info][gc] GC(1057) Pause Young (Allocation Failure) 290M->17M(989M) 0,744ms
[2024-08-04T18:16:54.441+0300][50,511s][info][gc] GC(1058) Pause Young (Allocation Failure) 290M->17M(989M) 0,707ms
[2024-08-04T18:16:54.485+0300][50,555s][info][gc] GC(1059) Pause Young (Allocation Failure) 290M->17M(989M) 0,805ms
[2024-08-04T18:16:54.533+0300][50,603s][info][gc] GC(1060) Pause Young (Allocation Failure) 290M->17M(989M) 0,711ms
[2024-08-04T18:16:54.580+0300][50,651s][info][gc] GC(1061) Pause Young (Allocation Failure) 290M->17M(989M) 0,736ms
[2024-08-04T18:16:54.626+0300][50,696s][info][gc] GC(1062) Pause Young (Allocation Failure) 290M->17M(989M) 1,176ms
[2024-08-04T18:16:54.676+0300][50,746s][info][gc] GC(1063) Pause Young (Allocation Failure) 290M->17M(989M) 0,813ms
[2024-08-04T18:16:54.719+0300][50,789s][info][gc] GC(1064) Pause Young (Allocation Failure) 290M->17M(989M) 0,862ms
[2024-08-04T18:16:54.762+0300][50,832s][info][gc] GC(1065) Pause Young (Allocation Failure) 290M->17M(989M) 0,814ms
[2024-08-04T18:16:54.810+0300][50,880s][info][gc] GC(1066) Pause Young (Allocation Failure) 290M->17M(989M) 0,734ms
[2024-08-04T18:16:54.855+0300][50,926s][info][gc] GC(1067) Pause Young (Allocation Failure) 290M->17M(989M) 0,795ms
[2024-08-04T18:16:54.899+0300][50,969s][info][gc] GC(1068) Pause Young (Allocation Failure) 290M->17M(989M) 0,787ms
[2024-08-04T18:16:54.961+0300][51,032s][info][gc] GC(1069) Pause Young (Allocation Failure) 290M->17M(989M) 0,797ms
[2024-08-04T18:16:55.011+0300][51,082s][info][gc] GC(1070) Pause Young (Allocation Failure) 290M->17M(989M) 0,882ms
[2024-08-04T18:16:55.061+0300][51,132s][info][gc] GC(1071) Pause Young (Allocation Failure) 290M->17M(989M) 0,798ms
[2024-08-04T18:16:55.111+0300][51,182s][info][gc] GC(1072) Pause Young (Allocation Failure) 290M->17M(989M) 0,837ms
[2024-08-04T18:16:55.162+0300][51,232s][info][gc] GC(1073) Pause Young (Allocation Failure) 290M->17M(989M) 0,813ms
[2024-08-04T18:16:55.212+0300][51,282s][info][gc] GC(1074) Pause Young (Allocation Failure) 290M->17M(989M) 0,855ms
[2024-08-04T18:16:55.262+0300][51,332s][info][gc] GC(1075) Pause Young (Allocation Failure) 290M->17M(989M) 0,809ms
[2024-08-04T18:16:55.311+0300][51,382s][info][gc] GC(1076) Pause Young (Allocation Failure) 290M->17M(989M) 0,798ms
[2024-08-04T18:16:55.361+0300][51,432s][info][gc] GC(1077) Pause Young (Allocation Failure) 290M->17M(989M) 0,802ms
[2024-08-04T18:16:55.411+0300][51,481s][info][gc] GC(1078) Pause Young (Allocation Failure) 290M->17M(989M) 0,800ms
[2024-08-04T18:16:55.461+0300][51,531s][info][gc] GC(1079) Pause Young (Allocation Failure) 290M->17M(989M) 0,808ms
[2024-08-04T18:16:55.511+0300][51,581s][info][gc] GC(1080) Pause Young (Allocation Failure) 290M->17M(989M) 0,824ms
[2024-08-04T18:16:55.561+0300][51,631s][info][gc] GC(1081) Pause Young (Allocation Failure) 290M->17M(989M) 0,796ms
[2024-08-04T18:16:55.611+0300][51,682s][info][gc] GC(1082) Pause Young (Allocation Failure) 290M->17M(989M) 0,761ms
[2024-08-04T18:16:55.666+0300][51,736s][info][gc] GC(1083) Pause Young (Allocation Failure) 290M->17M(989M) 1,199ms
[2024-08-04T18:16:55.716+0300][51,786s][info][gc] GC(1084) Pause Young (Allocation Failure) 290M->17M(989M) 0,863ms
[2024-08-04T18:16:55.767+0300][51,837s][info][gc] GC(1085) Pause Young (Allocation Failure) 290M->17M(989M) 0,855ms
[2024-08-04T18:16:55.817+0300][51,887s][info][gc] GC(1086) Pause Young (Allocation Failure) 290M->17M(989M) 0,873ms
[2024-08-04T18:16:55.868+0300][51,938s][info][gc] GC(1087) Pause Young (Allocation Failure) 290M->17M(989M) 0,858ms
[2024-08-04T18:16:55.917+0300][51,987s][info][gc] GC(1088) Pause Young (Allocation Failure) 290M->17M(989M) 0,813ms
[2024-08-04T18:16:55.964+0300][52,034s][info][gc] GC(1089) Pause Young (Allocation Failure) 290M->17M(989M) 0,782ms
[2024-08-04T18:16:56.012+0300][52,082s][info][gc] GC(1090) Pause Young (Allocation Failure) 290M->17M(989M) 0,436ms
[2024-08-04T18:16:56.061+0300][52,131s][info][gc] GC(1091) Pause Young (Allocation Failure) 290M->17M(989M) 0,838ms
[2024-08-04T18:16:56.104+0300][52,175s][info][gc] GC(1092) Pause Young (Allocation Failure) 290M->17M(989M) 0,785ms
[2024-08-04T18:16:56.152+0300][52,222s][info][gc] GC(1093) Pause Young (Allocation Failure) 290M->17M(989M) 0,840ms
[2024-08-04T18:16:56.201+0300][52,271s][info][gc] GC(1094) Pause Young (Allocation Failure) 290M->17M(989M) 0,864ms
[2024-08-04T18:16:56.249+0300][52,319s][info][gc] GC(1095) Pause Young (Allocation Failure) 290M->17M(989M) 0,843ms
[2024-08-04T18:16:56.296+0300][52,367s][info][gc] GC(1096) Pause Young (Allocation Failure) 290M->17M(989M) 0,824ms
[2024-08-04T18:16:56.340+0300][52,411s][info][gc] GC(1097) Pause Young (Allocation Failure) 290M->17M(989M) 0,850ms
[2024-08-04T18:16:56.389+0300][52,459s][info][gc] GC(1098) Pause Young (Allocation Failure) 290M->17M(989M) 0,795ms
[2024-08-04T18:16:56.437+0300][52,508s][info][gc] GC(1099) Pause Young (Allocation Failure) 290M->17M(989M) 0,683ms
[2024-08-04T18:16:56.485+0300][52,556s][info][gc] GC(1100) Pause Young (Allocation Failure) 290M->17M(989M) 0,701ms
[2024-08-04T18:16:56.534+0300][52,604s][info][gc] GC(1101) Pause Young (Allocation Failure) 290M->17M(989M) 0,766ms
[2024-08-04T18:16:56.582+0300][52,652s][info][gc] GC(1102) Pause Young (Allocation Failure) 290M->17M(989M) 0,691ms
[2024-08-04T18:16:56.632+0300][52,702s][info][gc] GC(1103) Pause Young (Allocation Failure) 290M->17M(989M) 0,655ms
[2024-08-04T18:16:56.683+0300][52,753s][info][gc] GC(1104) Pause Young (Allocation Failure) 290M->17M(989M) 0,793ms
[2024-08-04T18:16:56.727+0300][52,798s][info][gc] GC(1105) Pause Young (Allocation Failure) 290M->17M(989M) 0,708ms
[2024-08-04T18:16:56.770+0300][52,841s][info][gc] GC(1106) Pause Young (Allocation Failure) 290M->17M(989M) 0,815ms
[2024-08-04T18:16:56.819+0300][52,889s][info][gc] GC(1107) Pause Young (Allocation Failure) 290M->17M(989M) 0,675ms
[2024-08-04T18:16:56.862+0300][52,933s][info][gc] GC(1108) Pause Young (Allocation Failure) 290M->17M(989M) 0,749ms
[2024-08-04T18:16:56.910+0300][52,980s][info][gc] GC(1109) Pause Young (Allocation Failure) 290M->17M(989M) 0,780ms
[2024-08-04T18:16:56.958+0300][53,029s][info][gc] GC(1110) Pause Young (Allocation Failure) 290M->17M(989M) 0,821ms
[2024-08-04T18:16:57.007+0300][53,077s][info][gc] GC(1111) Pause Young (Allocation Failure) 290M->17M(989M) 0,768ms
[2024-08-04T18:16:57.051+0300][53,121s][info][gc] GC(1112) Pause Young (Allocation Failure) 290M->17M(989M) 0,774ms
[2024-08-04T18:16:57.095+0300][53,165s][info][gc] GC(1113) Pause Young (Allocation Failure) 290M->17M(989M) 0,697ms
[2024-08-04T18:16:57.138+0300][53,209s][info][gc] GC(1114) Pause Young (Allocation Failure) 290M->17M(989M) 0,799ms
[2024-08-04T18:16:57.182+0300][53,252s][info][gc] GC(1115) Pause Young (Allocation Failure) 290M->17M(989M) 0,683ms
[2024-08-04T18:16:57.226+0300][53,296s][info][gc] GC(1116) Pause Young (Allocation Failure) 290M->17M(989M) 0,674ms
[2024-08-04T18:16:57.270+0300][53,340s][info][gc] GC(1117) Pause Young (Allocation Failure) 290M->17M(989M) 0,784ms
[2024-08-04T18:16:57.342+0300][53,412s][info][gc] GC(1118) Pause Young (Allocation Failure) 290M->17M(989M) 1,458ms
[2024-08-04T18:16:57.394+0300][53,464s][info][gc] GC(1119) Pause Young (Allocation Failure) 290M->17M(989M) 1,651ms
[2024-08-04T18:16:57.441+0300][53,511s][info][gc] GC(1120) Pause Young (Allocation Failure) 290M->17M(989M) 1,687ms
[2024-08-04T18:16:57.487+0300][53,558s][info][gc] GC(1121) Pause Young (Allocation Failure) 290M->17M(989M) 1,813ms
[2024-08-04T18:16:57.538+0300][53,608s][info][gc] GC(1122) Pause Young (Allocation Failure) 290M->17M(989M) 1,933ms
[2024-08-04T18:16:57.583+0300][53,654s][info][gc] GC(1123) Pause Young (Allocation Failure) 290M->17M(989M) 2,082ms
[2024-08-04T18:16:57.632+0300][53,702s][info][gc] GC(1124) Pause Young (Allocation Failure) 290M->17M(989M) 2,246ms
[2024-08-04T18:16:57.679+0300][53,749s][info][gc] GC(1125) Pause Young (Allocation Failure) 290M->17M(989M) 2,344ms
[2024-08-04T18:16:57.726+0300][53,796s][info][gc] GC(1126) Pause Young (Allocation Failure) 291M->17M(989M) 2,392ms
[2024-08-04T18:16:57.771+0300][53,841s][info][gc] GC(1127) Pause Young (Allocation Failure) 291M->18M(989M) 2,490ms
[2024-08-04T18:16:57.818+0300][53,888s][info][gc] GC(1128) Pause Young (Allocation Failure) 291M->18M(989M) 2,576ms
[2024-08-04T18:16:57.863+0300][53,934s][info][gc] GC(1129) Pause Young (Allocation Failure) 291M->18M(989M) 1,908ms
[2024-08-04T18:16:57.916+0300][53,986s][info][gc] GC(1130) Pause Young (Allocation Failure) 291M->18M(989M) 2,743ms
[2024-08-04T18:16:57.967+0300][54,037s][info][gc] GC(1131) Pause Young (Allocation Failure) 291M->18M(989M) 2,836ms
[2024-08-04T18:16:58.014+0300][54,084s][info][gc] GC(1132) Pause Young (Allocation Failure) 291M->18M(989M) 2,912ms
[2024-08-04T18:16:58.062+0300][54,132s][info][gc] GC(1133) Pause Young (Allocation Failure) 291M->18M(989M) 4,966ms
[2024-08-04T18:16:58.108+0300][54,178s][info][gc] GC(1134) Pause Young (Allocation Failure) 291M->18M(989M) 2,731ms
[2024-08-04T18:16:58.158+0300][54,228s][info][gc] GC(1135) Pause Young (Allocation Failure) 291M->18M(989M) 1,880ms
[2024-08-04T18:16:58.209+0300][54,279s][info][gc] GC(1136) Pause Young (Allocation Failure) 291M->18M(989M) 2,277ms
[2024-08-04T18:16:58.258+0300][54,328s][info][gc] GC(1137) Pause Young (Allocation Failure) 291M->18M(989M) 2,124ms
[2024-08-04T18:16:58.302+0300][54,373s][info][gc] GC(1138) Pause Young (Allocation Failure) 291M->18M(989M) 2,071ms
[2024-08-04T18:16:58.345+0300][54,416s][info][gc] GC(1139) Pause Young (Allocation Failure) 291M->18M(989M) 1,972ms
[2024-08-04T18:16:58.389+0300][54,460s][info][gc] GC(1140) Pause Young (Allocation Failure) 291M->18M(989M) 1,890ms
[2024-08-04T18:16:58.439+0300][54,509s][info][gc] GC(1141) Pause Young (Allocation Failure) 291M->18M(989M) 1,880ms
[2024-08-04T18:16:58.487+0300][54,558s][info][gc] GC(1142) Pause Young (Allocation Failure) 291M->18M(989M) 1,918ms
[2024-08-04T18:16:58.536+0300][54,606s][info][gc] GC(1143) Pause Young (Allocation Failure) 291M->18M(989M) 1,772ms
[2024-08-04T18:16:58.580+0300][54,650s][info][gc] GC(1144) Pause Young (Allocation Failure) 291M->18M(989M) 1,757ms
[2024-08-04T18:16:58.627+0300][54,698s][info][gc] GC(1145) Pause Young (Allocation Failure) 291M->18M(989M) 1,748ms
[2024-08-04T18:16:58.673+0300][54,743s][info][gc] GC(1146) Pause Young (Allocation Failure) 291M->18M(989M) 1,670ms
[2024-08-04T18:16:58.718+0300][54,788s][info][gc] GC(1147) Pause Young (Allocation Failure) 291M->18M(989M) 1,573ms
[2024-08-04T18:16:58.762+0300][54,833s][info][gc] GC(1148) Pause Young (Allocation Failure) 291M->18M(989M) 1,626ms
[2024-08-04T18:16:58.805+0300][54,876s][info][gc] GC(1149) Pause Young (Allocation Failure) 291M->18M(989M) 1,579ms
[2024-08-04T18:16:58.854+0300][54,924s][info][gc] GC(1150) Pause Young (Allocation Failure) 291M->18M(989M) 1,446ms
[2024-08-04T18:16:58.897+0300][54,968s][info][gc] GC(1151) Pause Young (Allocation Failure) 291M->18M(989M) 1,515ms
[2024-08-04T18:16:58.941+0300][55,011s][info][gc] GC(1152) Pause Young (Allocation Failure) 291M->18M(989M) 1,539ms
[2024-08-04T18:16:58.989+0300][55,060s][info][gc] GC(1153) Pause Young (Allocation Failure) 291M->18M(989M) 1,477ms
[2024-08-04T18:16:59.037+0300][55,107s][info][gc] GC(1154) Pause Young (Allocation Failure) 291M->18M(989M) 1,464ms
[2024-08-04T18:16:59.086+0300][55,156s][info][gc] GC(1155) Pause Young (Allocation Failure) 291M->18M(989M) 1,432ms
[2024-08-04T18:16:59.129+0300][55,199s][info][gc] GC(1156) Pause Young (Allocation Failure) 291M->18M(989M) 1,435ms
[2024-08-04T18:16:59.171+0300][55,241s][info][gc] GC(1157) Pause Young (Allocation Failure) 291M->18M(989M) 1,442ms
[2024-08-04T18:16:59.214+0300][55,284s][info][gc] GC(1158) Pause Young (Allocation Failure) 291M->18M(989M) 1,299ms
[2024-08-04T18:16:59.262+0300][55,332s][info][gc] GC(1159) Pause Young (Allocation Failure) 291M->18M(989M) 1,339ms
[2024-08-04T18:16:59.306+0300][55,376s][info][gc] GC(1160) Pause Young (Allocation Failure) 291M->18M(989M) 1,319ms
[2024-08-04T18:16:59.350+0300][55,420s][info][gc] GC(1161) Pause Young (Allocation Failure) 291M->18M(989M) 1,298ms
[2024-08-04T18:16:59.397+0300][55,468s][info][gc] GC(1162) Pause Young (Allocation Failure) 291M->18M(989M) 1,331ms
[2024-08-04T18:16:59.446+0300][55,517s][info][gc] GC(1163) Pause Young (Allocation Failure) 291M->18M(989M) 1,282ms
[2024-08-04T18:16:59.495+0300][55,566s][info][gc] GC(1164) Pause Young (Allocation Failure) 291M->18M(989M) 1,246ms
[2024-08-04T18:16:59.544+0300][55,615s][info][gc] GC(1165) Pause Young (Allocation Failure) 291M->18M(989M) 1,313ms
[2024-08-04T18:16:59.593+0300][55,664s][info][gc] GC(1166) Pause Young (Allocation Failure) 291M->18M(989M) 1,237ms
[2024-08-04T18:16:59.643+0300][55,713s][info][gc] GC(1167) Pause Young (Allocation Failure) 291M->18M(989M) 1,376ms
[2024-08-04T18:16:59.691+0300][55,761s][info][gc] GC(1168) Pause Young (Allocation Failure) 291M->18M(989M) 1,254ms
[2024-08-04T18:16:59.733+0300][55,804s][info][gc] GC(1169) Pause Young (Allocation Failure) 291M->18M(989M) 1,238ms
[2024-08-04T18:16:59.776+0300][55,846s][info][gc] GC(1170) Pause Young (Allocation Failure) 291M->18M(989M) 1,271ms
[2024-08-04T18:16:59.819+0300][55,889s][info][gc] GC(1171) Pause Young (Allocation Failure) 291M->18M(989M) 1,193ms
[2024-08-04T18:16:59.861+0300][55,931s][info][gc] GC(1172) Pause Young (Allocation Failure) 291M->18M(989M) 1,178ms
[2024-08-04T18:16:59.903+0300][55,973s][info][gc] GC(1173) Pause Young (Allocation Failure) 291M->18M(989M) 1,262ms
[2024-08-04T18:16:59.946+0300][56,016s][info][gc] GC(1174) Pause Young (Allocation Failure) 291M->18M(989M) 1,276ms
[2024-08-04T18:16:59.993+0300][56,063s][info][gc] GC(1175) Pause Young (Allocation Failure) 291M->18M(989M) 1,171ms
[2024-08-04T18:17:00.037+0300][56,107s][info][gc] GC(1176) Pause Young (Allocation Failure) 291M->18M(989M) 1,229ms
[2024-08-04T18:17:00.081+0300][56,151s][info][gc] GC(1177) Pause Young (Allocation Failure) 291M->18M(989M) 1,122ms
[2024-08-04T18:17:00.125+0300][56,195s][info][gc] GC(1178) Pause Young (Allocation Failure) 291M->18M(989M) 1,403ms
[2024-08-04T18:17:00.170+0300][56,240s][info][gc] GC(1179) Pause Young (Allocation Failure) 291M->18M(989M) 1,229ms
[2024-08-04T18:17:00.214+0300][56,284s][info][gc] GC(1180) Pause Young (Allocation Failure) 291M->18M(989M) 1,090ms
[2024-08-04T18:17:00.258+0300][56,328s][info][gc] GC(1181) Pause Young (Allocation Failure) 291M->18M(989M) 1,083ms
[2024-08-04T18:17:00.302+0300][56,372s][info][gc] GC(1182) Pause Young (Allocation Failure) 291M->18M(989M) 1,164ms
[2024-08-04T18:17:00.346+0300][56,416s][info][gc] GC(1183) Pause Young (Allocation Failure) 291M->18M(989M) 1,133ms
[2024-08-04T18:17:00.391+0300][56,461s][info][gc] GC(1184) Pause Young (Allocation Failure) 291M->18M(989M) 1,170ms
[2024-08-04T18:17:00.435+0300][56,505s][info][gc] GC(1185) Pause Young (Allocation Failure) 292M->18M(989M) 1,084ms
[2024-08-04T18:17:00.478+0300][56,549s][info][gc] GC(1186) Pause Young (Allocation Failure) 292M->18M(989M) 1,052ms
[2024-08-04T18:17:00.522+0300][56,593s][info][gc] GC(1187) Pause Young (Allocation Failure) 292M->18M(989M) 1,126ms
[2024-08-04T18:17:00.567+0300][56,637s][info][gc] GC(1188) Pause Young (Allocation Failure) 292M->18M(989M) 1,107ms
[2024-08-04T18:17:00.611+0300][56,682s][info][gc] GC(1189) Pause Young (Allocation Failure) 292M->18M(989M) 1,003ms
[2024-08-04T18:17:00.656+0300][56,727s][info][gc] GC(1190) Pause Young (Allocation Failure) 292M->19M(989M) 1,131ms
[2024-08-04T18:17:00.698+0300][56,769s][info][gc] GC(1191) Pause Young (Allocation Failure) 292M->19M(989M) 0,892ms
[2024-08-04T18:17:00.745+0300][56,815s][info][gc] GC(1192) Pause Young (Allocation Failure) 292M->19M(989M) 0,564ms
[2024-08-04T18:17:00.792+0300][56,863s][info][gc] GC(1193) Pause Young (Allocation Failure) 292M->19M(989M) 1,456ms
[2024-08-04T18:17:00.840+0300][56,910s][info][gc] GC(1194) Pause Young (Allocation Failure) 292M->19M(989M) 1,127ms
[2024-08-04T18:17:00.887+0300][56,957s][info][gc] GC(1195) Pause Young (Allocation Failure) 292M->19M(989M) 1,126ms
[2024-08-04T18:17:00.934+0300][57,004s][info][gc] GC(1196) Pause Young (Allocation Failure) 292M->19M(989M) 1,109ms
[2024-08-04T18:17:00.980+0300][57,050s][info][gc] GC(1197) Pause Young (Allocation Failure) 292M->19M(989M) 1,047ms
[2024-08-04T18:17:01.022+0300][57,092s][info][gc] GC(1198) Pause Young (Allocation Failure) 292M->19M(989M) 1,089ms
[2024-08-04T18:17:01.070+0300][57,140s][info][gc] GC(1199) Pause Young (Allocation Failure) 292M->19M(989M) 0,975ms
[2024-08-04T18:17:01.114+0300][57,184s][info][gc] GC(1200) Pause Young (Allocation Failure) 292M->19M(989M) 0,993ms
[2024-08-04T18:17:01.157+0300][57,227s][info][gc] GC(1201) Pause Young (Allocation Failure) 292M->19M(989M) 1,070ms
[2024-08-04T18:17:01.199+0300][57,269s][info][gc] GC(1202) Pause Young (Allocation Failure) 292M->19M(989M) 0,976ms
[2024-08-04T18:17:01.246+0300][57,316s][info][gc] GC(1203) Pause Young (Allocation Failure) 292M->19M(989M) 1,063ms
[2024-08-04T18:17:01.294+0300][57,364s][info][gc] GC(1204) Pause Young (Allocation Failure) 292M->19M(989M) 1,039ms
[2024-08-04T18:17:01.341+0300][57,412s][info][gc] GC(1205) Pause Young (Allocation Failure) 292M->19M(989M) 0,981ms
[2024-08-04T18:17:01.383+0300][57,454s][info][gc] GC(1206) Pause Young (Allocation Failure) 292M->19M(989M) 0,964ms
[2024-08-04T18:17:01.430+0300][57,500s][info][gc] GC(1207) Pause Young (Allocation Failure) 292M->19M(989M) 1,048ms
[2024-08-04T18:17:01.478+0300][57,548s][info][gc] GC(1208) Pause Young (Allocation Failure) 292M->19M(989M) 0,993ms
[2024-08-04T18:17:01.519+0300][57,590s][info][gc] GC(1209) Pause Young (Allocation Failure) 292M->19M(989M) 0,950ms
[2024-08-04T18:17:01.561+0300][57,632s][info][gc] GC(1210) Pause Young (Allocation Failure) 292M->19M(989M) 1,007ms
[2024-08-04T18:17:01.604+0300][57,675s][info][gc] GC(1211) Pause Young (Allocation Failure) 292M->19M(989M) 1,240ms
[2024-08-04T18:17:01.648+0300][57,718s][info][gc] GC(1212) Pause Young (Allocation Failure) 292M->19M(989M) 1,325ms
[2024-08-04T18:17:01.696+0300][57,766s][info][gc] GC(1213) Pause Young (Allocation Failure) 292M->19M(989M) 1,004ms
[2024-08-04T18:17:01.743+0300][57,813s][info][gc] GC(1214) Pause Young (Allocation Failure) 292M->19M(989M) 0,980ms
[2024-08-04T18:17:01.791+0300][57,861s][info][gc] GC(1215) Pause Young (Allocation Failure) 292M->19M(989M) 1,089ms
[2024-08-04T18:17:01.833+0300][57,904s][info][gc] GC(1216) Pause Young (Allocation Failure) 292M->19M(989M) 1,096ms
[2024-08-04T18:17:01.880+0300][57,950s][info][gc] GC(1217) Pause Young (Allocation Failure) 292M->19M(989M) 1,021ms
[2024-08-04T18:17:01.927+0300][57,998s][info][gc] GC(1218) Pause Young (Allocation Failure) 292M->19M(989M) 0,996ms
[2024-08-04T18:17:01.974+0300][58,044s][info][gc] GC(1219) Pause Young (Allocation Failure) 292M->19M(989M) 1,018ms
[2024-08-04T18:17:02.016+0300][58,086s][info][gc] GC(1220) Pause Young (Allocation Failure) 292M->19M(989M) 0,902ms
[2024-08-04T18:17:02.063+0300][58,133s][info][gc] GC(1221) Pause Young (Allocation Failure) 292M->19M(989M) 0,989ms
[2024-08-04T18:17:02.106+0300][58,176s][info][gc] GC(1222) Pause Young (Allocation Failure) 292M->19M(989M) 0,931ms
[2024-08-04T18:17:02.148+0300][58,218s][info][gc] GC(1223) Pause Young (Allocation Failure) 292M->19M(989M) 0,908ms
[2024-08-04T18:17:02.194+0300][58,265s][info][gc] GC(1224) Pause Young (Allocation Failure) 292M->19M(989M) 1,003ms
[2024-08-04T18:17:02.242+0300][58,312s][info][gc] GC(1225) Pause Young (Allocation Failure) 292M->19M(989M) 0,876ms
[2024-08-04T18:17:02.284+0300][58,354s][info][gc] GC(1226) Pause Young (Allocation Failure) 292M->19M(989M) 0,946ms
[2024-08-04T18:17:02.326+0300][58,397s][info][gc] GC(1227) Pause Young (Allocation Failure) 292M->19M(989M) 0,926ms
[2024-08-04T18:17:02.369+0300][58,440s][info][gc] GC(1228) Pause Young (Allocation Failure) 292M->19M(989M) 0,918ms
[2024-08-04T18:17:02.412+0300][58,482s][info][gc] GC(1229) Pause Young (Allocation Failure) 292M->19M(989M) 0,941ms
[2024-08-04T18:17:02.455+0300][58,525s][info][gc] GC(1230) Pause Young (Allocation Failure) 292M->19M(989M) 0,894ms
[2024-08-04T18:17:02.497+0300][58,567s][info][gc] GC(1231) Pause Young (Allocation Failure) 292M->19M(989M) 0,877ms
[2024-08-04T18:17:02.544+0300][58,614s][info][gc] GC(1232) Pause Young (Allocation Failure) 292M->19M(989M) 0,917ms
[2024-08-04T18:17:02.591+0300][58,661s][info][gc] GC(1233) Pause Young (Allocation Failure) 292M->19M(989M) 0,874ms
[2024-08-04T18:17:02.640+0300][58,710s][info][gc] GC(1234) Pause Young (Allocation Failure) 292M->19M(989M) 1,012ms
[2024-08-04T18:17:02.688+0300][58,758s][info][gc] GC(1235) Pause Young (Allocation Failure) 292M->19M(989M) 0,951ms
[2024-08-04T18:17:02.730+0300][58,800s][info][gc] GC(1236) Pause Young (Allocation Failure) 292M->19M(989M) 0,853ms
[2024-08-04T18:17:02.773+0300][58,843s][info][gc] GC(1237) Pause Young (Allocation Failure) 292M->19M(989M) 1,062ms
[2024-08-04T18:17:02.815+0300][58,885s][info][gc] GC(1238) Pause Young (Allocation Failure) 292M->19M(989M) 0,949ms
[2024-08-04T18:17:02.860+0300][58,931s][info][gc] GC(1239) Pause Young (Allocation Failure) 292M->19M(989M) 0,962ms
[2024-08-04T18:17:02.908+0300][58,978s][info][gc] GC(1240) Pause Young (Allocation Failure) 292M->19M(989M) 0,764ms
[2024-08-04T18:17:02.956+0300][59,026s][info][gc] GC(1241) Pause Young (Allocation Failure) 292M->19M(989M) 0,942ms
[2024-08-04T18:17:02.999+0300][59,069s][info][gc] GC(1242) Pause Young (Allocation Failure) 292M->19M(989M) 0,984ms
[2024-08-04T18:17:03.042+0300][59,112s][info][gc] GC(1243) Pause Young (Allocation Failure) 292M->19M(989M) 0,942ms
[2024-08-04T18:17:03.086+0300][59,156s][info][gc] GC(1244) Pause Young (Allocation Failure) 292M->19M(989M) 0,926ms
[2024-08-04T18:17:03.134+0300][59,204s][info][gc] GC(1245) Pause Young (Allocation Failure) 292M->19M(989M) 0,906ms
[2024-08-04T18:17:03.183+0300][59,253s][info][gc] GC(1246) Pause Young (Allocation Failure) 292M->19M(989M) 1,021ms
[2024-08-04T18:17:03.225+0300][59,296s][info][gc] GC(1247) Pause Young (Allocation Failure) 292M->19M(989M) 0,872ms
[2024-08-04T18:17:03.268+0300][59,338s][info][gc] GC(1248) Pause Young (Allocation Failure) 292M->19M(989M) 0,849ms
[2024-08-04T18:17:03.311+0300][59,381s][info][gc] GC(1249) Pause Young (Allocation Failure) 292M->19M(989M) 0,970ms
[2024-08-04T18:17:03.354+0300][59,424s][info][gc] GC(1250) Pause Young (Allocation Failure) 292M->19M(989M) 0,872ms
[2024-08-04T18:17:03.396+0300][59,466s][info][gc] GC(1251) Pause Young (Allocation Failure) 292M->19M(989M) 0,825ms
[2024-08-04T18:17:03.443+0300][59,514s][info][gc] GC(1252) Pause Young (Allocation Failure) 292M->19M(989M) 0,938ms
[2024-08-04T18:17:03.492+0300][59,562s][info][gc] GC(1253) Pause Young (Allocation Failure) 292M->19M(989M) 0,824ms
[2024-08-04T18:17:03.539+0300][59,609s][info][gc] GC(1254) Pause Young (Allocation Failure) 292M->19M(989M) 0,904ms
[2024-08-04T18:17:03.587+0300][59,658s][info][gc] GC(1255) Pause Young (Allocation Failure) 292M->19M(989M) 0,876ms
[2024-08-04T18:17:03.630+0300][59,700s][info][gc] GC(1256) Pause Young (Allocation Failure) 292M->19M(989M) 0,958ms
[2024-08-04T18:17:03.673+0300][59,743s][info][gc] GC(1257) Pause Young (Allocation Failure) 292M->19M(989M) 0,909ms
[2024-08-04T18:17:03.715+0300][59,785s][info][gc] GC(1258) Pause Young (Allocation Failure) 292M->19M(989M) 0,904ms
[2024-08-04T18:17:03.757+0300][59,827s][info][gc] GC(1259) Pause Young (Allocation Failure) 292M->19M(989M) 0,918ms
[2024-08-04T18:17:03.803+0300][59,873s][info][gc] GC(1260) Pause Young (Allocation Failure) 292M->19M(989M) 0,944ms
[2024-08-04T18:17:03.845+0300][59,915s][info][gc] GC(1261) Pause Young (Allocation Failure) 292M->19M(989M) 0,852ms
[2024-08-04T18:17:03.892+0300][59,962s][info][gc] GC(1262) Pause Young (Allocation Failure) 292M->19M(989M) 0,909ms
[2024-08-04T18:17:03.941+0300][60,011s][info][gc] GC(1263) Pause Young (Allocation Failure) 292M->19M(989M) 0,894ms
[2024-08-04T18:17:03.990+0300][60,060s][info][gc] GC(1264) Pause Young (Allocation Failure) 292M->19M(989M) 0,895ms
[2024-08-04T18:17:04.038+0300][60,109s][info][gc] GC(1265) Pause Young (Allocation Failure) 292M->19M(989M) 0,816ms
[2024-08-04T18:17:04.087+0300][60,157s][info][gc] GC(1266) Pause Young (Allocation Failure) 292M->19M(989M) 0,894ms
[2024-08-04T18:17:04.136+0300][60,206s][info][gc] GC(1267) Pause Young (Allocation Failure) 292M->19M(989M) 0,853ms
[2024-08-04T18:17:04.185+0300][60,255s][info][gc] GC(1268) Pause Young (Allocation Failure) 292M->19M(989M) 0,904ms
[2024-08-04T18:17:04.233+0300][60,304s][info][gc] GC(1269) Pause Young (Allocation Failure) 292M->19M(989M) 0,837ms
[2024-08-04T18:17:04.282+0300][60,352s][info][gc] GC(1270) Pause Young (Allocation Failure) 292M->19M(989M) 0,891ms
[2024-08-04T18:17:04.330+0300][60,401s][info][gc] GC(1271) Pause Young (Allocation Failure) 292M->19M(989M) 0,922ms
[2024-08-04T18:17:04.379+0300][60,450s][info][gc] GC(1272) Pause Young (Allocation Failure) 292M->19M(989M) 0,851ms
[2024-08-04T18:17:04.428+0300][60,498s][info][gc] GC(1273) Pause Young (Allocation Failure) 292M->19M(989M) 0,894ms
[2024-08-04T18:17:04.477+0300][60,547s][info][gc] GC(1274) Pause Young (Allocation Failure) 292M->19M(989M) 0,810ms
[2024-08-04T18:17:04.526+0300][60,596s][info][gc] GC(1275) Pause Young (Allocation Failure) 292M->19M(989M) 0,877ms
[2024-08-04T18:17:04.575+0300][60,645s][info][gc] GC(1276) Pause Young (Allocation Failure) 292M->19M(989M) 0,935ms
[2024-08-04T18:17:04.624+0300][60,694s][info][gc] GC(1277) Pause Young (Allocation Failure) 292M->19M(989M) 0,939ms
[2024-08-04T18:17:04.673+0300][60,743s][info][gc] GC(1278) Pause Young (Allocation Failure) 292M->19M(989M) 0,894ms
[2024-08-04T18:17:04.721+0300][60,792s][info][gc] GC(1279) Pause Young (Allocation Failure) 292M->19M(989M) 0,809ms
[2024-08-04T18:17:04.771+0300][60,841s][info][gc] GC(1280) Pause Young (Allocation Failure) 292M->19M(989M) 0,929ms
[2024-08-04T18:17:04.820+0300][60,891s][info][gc] GC(1281) Pause Young (Allocation Failure) 292M->19M(989M) 0,888ms
[2024-08-04T18:17:04.869+0300][60,939s][info][gc] GC(1282) Pause Young (Allocation Failure) 292M->19M(989M) 0,773ms
[2024-08-04T18:17:04.918+0300][60,988s][info][gc] GC(1283) Pause Young (Allocation Failure) 292M->19M(989M) 0,805ms
[2024-08-04T18:17:04.967+0300][61,037s][info][gc] GC(1284) Pause Young (Allocation Failure) 292M->19M(989M) 0,925ms
[2024-08-04T18:17:05.016+0300][61,086s][info][gc] GC(1285) Pause Young (Allocation Failure) 292M->19M(989M) 0,808ms
[2024-08-04T18:17:05.064+0300][61,135s][info][gc] GC(1286) Pause Young (Allocation Failure) 292M->19M(989M) 0,856ms
[2024-08-04T18:17:05.113+0300][61,183s][info][gc] GC(1287) Pause Young (Allocation Failure) 292M->19M(989M) 0,738ms
[2024-08-04T18:17:05.162+0300][61,232s][info][gc] GC(1288) Pause Young (Allocation Failure) 292M->19M(989M) 0,791ms
[2024-08-04T18:17:05.211+0300][61,281s][info][gc] GC(1289) Pause Young (Allocation Failure) 292M->19M(989M) 0,891ms
[2024-08-04T18:17:05.260+0300][61,330s][info][gc] GC(1290) Pause Young (Allocation Failure) 292M->19M(989M) 0,810ms
[2024-08-04T18:17:05.309+0300][61,379s][info][gc] GC(1291) Pause Young (Allocation Failure) 292M->19M(989M) 0,859ms
[2024-08-04T18:17:05.358+0300][61,428s][info][gc] GC(1292) Pause Young (Allocation Failure) 292M->19M(989M) 0,802ms
[2024-08-04T18:17:05.406+0300][61,477s][info][gc] GC(1293) Pause Young (Allocation Failure) 292M->19M(989M) 0,768ms
[2024-08-04T18:17:05.455+0300][61,526s][info][gc] GC(1294) Pause Young (Allocation Failure) 292M->19M(989M) 0,828ms
[2024-08-04T18:17:05.504+0300][61,575s][info][gc] GC(1295) Pause Young (Allocation Failure) 292M->19M(989M) 0,767ms
[2024-08-04T18:17:05.553+0300][61,623s][info][gc] GC(1296) Pause Young (Allocation Failure) 292M->19M(989M) 0,880ms
[2024-08-04T18:17:05.602+0300][61,673s][info][gc] GC(1297) Pause Young (Allocation Failure) 292M->19M(989M) 0,885ms
[2024-08-04T18:17:05.652+0300][61,722s][info][gc] GC(1298) Pause Young (Allocation Failure) 292M->19M(989M) 0,922ms
[2024-08-04T18:17:05.701+0300][61,771s][info][gc] GC(1299) Pause Young (Allocation Failure) 292M->19M(989M) 0,871ms
[2024-08-04T18:17:05.749+0300][61,820s][info][gc] GC(1300) Pause Young (Allocation Failure) 292M->19M(989M) 1,198ms
[2024-08-04T18:17:05.796+0300][61,866s][info][gc] GC(1301) Pause Young (Allocation Failure) 292M->19M(989M) 0,670ms
[2024-08-04T18:17:05.843+0300][61,913s][info][gc] GC(1302) Pause Young (Allocation Failure) 292M->19M(989M) 0,904ms
[2024-08-04T18:17:05.885+0300][61,955s][info][gc] GC(1303) Pause Young (Allocation Failure) 292M->19M(989M) 0,771ms
[2024-08-04T18:17:05.932+0300][62,002s][info][gc] GC(1304) Pause Young (Allocation Failure) 292M->19M(989M) 0,911ms
[2024-08-04T18:17:05.975+0300][62,045s][info][gc] GC(1305) Pause Young (Allocation Failure) 293M->19M(989M) 0,906ms
[2024-08-04T18:17:06.019+0300][62,089s][info][gc] GC(1306) Pause Young (Allocation Failure) 293M->19M(989M) 0,775ms
[2024-08-04T18:17:06.064+0300][62,134s][info][gc] GC(1307) Pause Young (Allocation Failure) 293M->19M(989M) 0,859ms
[2024-08-04T18:17:06.108+0300][62,178s][info][gc] GC(1308) Pause Young (Allocation Failure) 293M->19M(989M) 0,783ms
[2024-08-04T18:17:06.151+0300][62,221s][info][gc] GC(1309) Pause Young (Allocation Failure) 293M->19M(989M) 0,835ms
[2024-08-04T18:17:06.194+0300][62,264s][info][gc] GC(1310) Pause Young (Allocation Failure) 293M->19M(989M) 0,845ms
[2024-08-04T18:17:06.237+0300][62,307s][info][gc] GC(1311) Pause Young (Allocation Failure) 293M->19M(989M) 0,858ms
[2024-08-04T18:17:06.284+0300][62,355s][info][gc] GC(1312) Pause Young (Allocation Failure) 293M->19M(989M) 0,767ms
[2024-08-04T18:17:06.331+0300][62,401s][info][gc] GC(1313) Pause Young (Allocation Failure) 293M->20M(989M) 0,863ms
[2024-08-04T18:17:06.374+0300][62,445s][info][gc] GC(1314) Pause Young (Allocation Failure) 293M->20M(989M) 0,825ms
[2024-08-04T18:17:06.421+0300][62,492s][info][gc] GC(1315) Pause Young (Allocation Failure) 293M->20M(989M) 0,738ms
[2024-08-04T18:17:06.469+0300][62,539s][info][gc] GC(1316) Pause Young (Allocation Failure) 293M->20M(989M) 0,812ms
[2024-08-04T18:17:06.516+0300][62,587s][info][gc] GC(1317) Pause Young (Allocation Failure) 293M->20M(989M) 0,751ms
[2024-08-04T18:17:06.564+0300][62,634s][info][gc] GC(1318) Pause Young (Allocation Failure) 293M->20M(989M) 0,838ms
[2024-08-04T18:17:06.611+0300][62,681s][info][gc] GC(1319) Pause Young (Allocation Failure) 293M->20M(989M) 1,080ms
[2024-08-04T18:17:06.655+0300][62,726s][info][gc] GC(1320) Pause Young (Allocation Failure) 293M->20M(989M) 0,871ms
[2024-08-04T18:17:06.702+0300][62,772s][info][gc] GC(1321) Pause Young (Allocation Failure) 293M->20M(989M) 0,838ms
[2024-08-04T18:17:06.744+0300][62,815s][info][gc] GC(1322) Pause Young (Allocation Failure) 293M->20M(989M) 0,735ms
[2024-08-04T18:17:06.787+0300][62,857s][info][gc] GC(1323) Pause Young (Allocation Failure) 293M->20M(989M) 0,839ms
[2024-08-04T18:17:06.834+0300][62,905s][info][gc] GC(1324) Pause Young (Allocation Failure) 293M->20M(989M) 0,898ms
[2024-08-04T18:17:06.877+0300][62,947s][info][gc] GC(1325) Pause Young (Allocation Failure) 293M->20M(989M) 0,738ms
[2024-08-04T18:17:06.923+0300][62,993s][info][gc] GC(1326) Pause Young (Allocation Failure) 293M->20M(989M) 0,760ms
[2024-08-04T18:17:06.970+0300][63,040s][info][gc] GC(1327) Pause Young (Allocation Failure) 293M->20M(989M) 0,839ms
[2024-08-04T18:17:07.017+0300][63,087s][info][gc] GC(1328) Pause Young (Allocation Failure) 293M->20M(989M) 0,739ms
[2024-08-04T18:17:07.065+0300][63,135s][info][gc] GC(1329) Pause Young (Allocation Failure) 293M->20M(989M) 0,809ms
[2024-08-04T18:17:07.113+0300][63,183s][info][gc] GC(1330) Pause Young (Allocation Failure) 293M->20M(989M) 0,752ms
[2024-08-04T18:17:07.160+0300][63,231s][info][gc] GC(1331) Pause Young (Allocation Failure) 293M->20M(989M) 0,761ms
[2024-08-04T18:17:07.204+0300][63,274s][info][gc] GC(1332) Pause Young (Allocation Failure) 293M->20M(989M) 0,804ms
[2024-08-04T18:17:07.247+0300][63,317s][info][gc] GC(1333) Pause Young (Allocation Failure) 293M->20M(989M) 0,762ms
[2024-08-04T18:17:07.295+0300][63,365s][info][gc] GC(1334) Pause Young (Allocation Failure) 293M->20M(989M) 0,875ms
[2024-08-04T18:17:07.342+0300][63,413s][info][gc] GC(1335) Pause Young (Allocation Failure) 293M->20M(989M) 0,861ms
[2024-08-04T18:17:07.390+0300][63,460s][info][gc] GC(1336) Pause Young (Allocation Failure) 293M->20M(989M) 0,809ms
[2024-08-04T18:17:07.437+0300][63,507s][info][gc] GC(1337) Pause Young (Allocation Failure) 293M->20M(989M) 0,802ms
[2024-08-04T18:17:07.485+0300][63,555s][info][gc] GC(1338) Pause Young (Allocation Failure) 293M->20M(989M) 0,808ms
[2024-08-04T18:17:07.533+0300][63,603s][info][gc] GC(1339) Pause Young (Allocation Failure) 293M->20M(989M) 0,726ms
[2024-08-04T18:17:07.581+0300][63,651s][info][gc] GC(1340) Pause Young (Allocation Failure) 293M->20M(989M) 0,824ms
[2024-08-04T18:17:07.628+0300][63,699s][info][gc] GC(1341) Pause Young (Allocation Failure) 293M->20M(989M) 0,869ms
[2024-08-04T18:17:07.672+0300][63,742s][info][gc] GC(1342) Pause Young (Allocation Failure) 293M->20M(989M) 0,730ms
[2024-08-04T18:17:07.715+0300][63,785s][info][gc] GC(1343) Pause Young (Allocation Failure) 293M->20M(989M) 0,812ms
[2024-08-04T18:17:07.757+0300][63,828s][info][gc] GC(1344) Pause Young (Allocation Failure) 293M->20M(989M) 0,864ms
[2024-08-04T18:17:07.800+0300][63,870s][info][gc] GC(1345) Pause Young (Allocation Failure) 293M->20M(989M) 0,750ms
[2024-08-04T18:17:07.848+0300][63,918s][info][gc] GC(1346) Pause Young (Allocation Failure) 293M->20M(989M) 0,831ms
[2024-08-04T18:17:07.891+0300][63,961s][info][gc] GC(1347) Pause Young (Allocation Failure) 293M->20M(989M) 0,824ms
[2024-08-04T18:17:07.934+0300][64,004s][info][gc] GC(1348) Pause Young (Allocation Failure) 293M->20M(989M) 0,716ms
[2024-08-04T18:17:07.977+0300][64,047s][info][gc] GC(1349) Pause Young (Allocation Failure) 293M->20M(989M) 0,835ms
[2024-08-04T18:17:08.024+0300][64,094s][info][gc] GC(1350) Pause Young (Allocation Failure) 293M->20M(989M) 0,818ms
[2024-08-04T18:17:08.071+0300][64,141s][info][gc] GC(1351) Pause Young (Allocation Failure) 293M->20M(989M) 0,822ms
[2024-08-04T18:17:08.115+0300][64,185s][info][gc] GC(1352) Pause Young (Allocation Failure) 293M->20M(989M) 0,895ms
[2024-08-04T18:17:08.157+0300][64,228s][info][gc] GC(1353) Pause Young (Allocation Failure) 293M->20M(989M) 0,800ms
[2024-08-04T18:17:08.201+0300][64,271s][info][gc] GC(1354) Pause Young (Allocation Failure) 293M->20M(989M) 0,923ms
[2024-08-04T18:17:08.244+0300][64,314s][info][gc] GC(1355) Pause Young (Allocation Failure) 293M->20M(989M) 0,795ms
[2024-08-04T18:17:08.286+0300][64,357s][info][gc] GC(1356) Pause Young (Allocation Failure) 293M->20M(989M) 0,438ms
[2024-08-04T18:17:08.330+0300][64,400s][info][gc] GC(1357) Pause Young (Allocation Failure) 293M->20M(989M) 0,808ms
[2024-08-04T18:17:08.377+0300][64,448s][info][gc] GC(1358) Pause Young (Allocation Failure) 293M->20M(989M) 0,767ms
[2024-08-04T18:17:08.425+0300][64,495s][info][gc] GC(1359) Pause Young (Allocation Failure) 293M->20M(989M) 0,696ms
[2024-08-04T18:17:08.468+0300][64,538s][info][gc] GC(1360) Pause Young (Allocation Failure) 293M->20M(989M) 0,711ms
[2024-08-04T18:17:08.511+0300][64,581s][info][gc] GC(1361) Pause Young (Allocation Failure) 293M->20M(989M) 0,745ms
[2024-08-04T18:17:08.558+0300][64,628s][info][gc] GC(1362) Pause Young (Allocation Failure) 293M->20M(989M) 0,702ms
[2024-08-04T18:17:08.607+0300][64,677s][info][gc] GC(1363) Pause Young (Allocation Failure) 293M->20M(989M) 1,057ms
[2024-08-04T18:17:08.651+0300][64,721s][info][gc] GC(1364) Pause Young (Allocation Failure) 293M->20M(989M) 0,835ms
[2024-08-04T18:17:08.694+0300][64,764s][info][gc] GC(1365) Pause Young (Allocation Failure) 293M->20M(989M) 0,786ms
[2024-08-04T18:17:08.738+0300][64,808s][info][gc] GC(1366) Pause Young (Allocation Failure) 293M->20M(989M) 0,762ms
[2024-08-04T18:17:08.784+0300][64,854s][info][gc] GC(1367) Pause Young (Allocation Failure) 293M->20M(989M) 0,808ms
[2024-08-04T18:17:08.829+0300][64,899s][info][gc] GC(1368) Pause Young (Allocation Failure) 293M->20M(989M) 0,731ms
[2024-08-04T18:17:08.875+0300][64,945s][info][gc] GC(1369) Pause Young (Allocation Failure) 293M->20M(989M) 0,827ms
[2024-08-04T18:17:08.925+0300][64,995s][info][gc] GC(1370) Pause Young (Allocation Failure) 293M->20M(989M) 0,751ms
[2024-08-04T18:17:08.975+0300][65,045s][info][gc] GC(1371) Pause Young (Allocation Failure) 293M->20M(989M) 0,754ms
[2024-08-04T18:17:09.025+0300][65,095s][info][gc] GC(1372) Pause Young (Allocation Failure) 293M->20M(989M) 0,718ms
[2024-08-04T18:17:09.075+0300][65,145s][info][gc] GC(1373) Pause Young (Allocation Failure) 293M->20M(989M) 0,722ms
[2024-08-04T18:17:09.125+0300][65,195s][info][gc] GC(1374) Pause Young (Allocation Failure) 293M->20M(989M) 0,766ms
[2024-08-04T18:17:09.175+0300][65,245s][info][gc] GC(1375) Pause Young (Allocation Failure) 293M->20M(989M) 0,694ms
[2024-08-04T18:17:09.225+0300][65,295s][info][gc] GC(1376) Pause Young (Allocation Failure) 293M->20M(989M) 0,696ms
[2024-08-04T18:17:09.275+0300][65,345s][info][gc] GC(1377) Pause Young (Allocation Failure) 293M->20M(989M) 0,749ms
[2024-08-04T18:17:09.324+0300][65,394s][info][gc] GC(1378) Pause Young (Allocation Failure) 293M->20M(989M) 0,727ms
[2024-08-04T18:17:09.374+0300][65,444s][info][gc] GC(1379) Pause Young (Allocation Failure) 293M->20M(989M) 0,793ms
[2024-08-04T18:17:09.423+0300][65,494s][info][gc] GC(1380) Pause Young (Allocation Failure) 293M->20M(989M) 0,684ms
[2024-08-04T18:17:09.475+0300][65,545s][info][gc] GC(1381) Pause Young (Allocation Failure) 293M->20M(989M) 0,843ms
[2024-08-04T18:17:09.525+0300][65,595s][info][gc] GC(1382) Pause Young (Allocation Failure) 293M->20M(989M) 0,627ms
[2024-08-04T18:17:09.575+0300][65,645s][info][gc] GC(1383) Pause Young (Allocation Failure) 293M->20M(989M) 0,841ms
[2024-08-04T18:17:09.625+0300][65,696s][info][gc] GC(1384) Pause Young (Allocation Failure) 293M->20M(989M) 0,832ms
[2024-08-04T18:17:09.675+0300][65,745s][info][gc] GC(1385) Pause Young (Allocation Failure) 293M->20M(989M) 0,688ms
[2024-08-04T18:17:09.726+0300][65,796s][info][gc] GC(1386) Pause Young (Allocation Failure) 293M->20M(989M) 0,694ms
[2024-08-04T18:17:09.776+0300][65,846s][info][gc] GC(1387) Pause Young (Allocation Failure) 293M->20M(989M) 0,800ms
[2024-08-04T18:17:09.824+0300][65,895s][info][gc] GC(1388) Pause Young (Allocation Failure) 293M->20M(989M) 0,617ms
[2024-08-04T18:17:09.875+0300][65,945s][info][gc] GC(1389) Pause Young (Allocation Failure) 293M->20M(989M) 0,814ms
[2024-08-04T18:17:09.923+0300][65,993s][info][gc] GC(1390) Pause Young (Allocation Failure) 293M->20M(989M) 0,681ms
[2024-08-04T18:17:09.967+0300][66,037s][info][gc] GC(1391) Pause Young (Allocation Failure) 293M->20M(989M) 0,738ms
[2024-08-04T18:17:10.010+0300][66,080s][info][gc] GC(1392) Pause Young (Allocation Failure) 293M->20M(989M) 0,669ms
[2024-08-04T18:17:10.059+0300][66,129s][info][gc] GC(1393) Pause Young (Allocation Failure) 293M->20M(989M) 0,817ms
[2024-08-04T18:17:10.107+0300][66,178s][info][gc] GC(1394) Pause Young (Allocation Failure) 293M->20M(989M) 0,783ms
[2024-08-04T18:17:10.153+0300][66,223s][info][gc] GC(1395) Pause Young (Allocation Failure) 293M->20M(989M) 0,735ms
[2024-08-04T18:17:10.199+0300][66,269s][info][gc] GC(1396) Pause Young (Allocation Failure) 293M->20M(989M) 0,725ms
[2024-08-04T18:17:10.249+0300][66,319s][info][gc] GC(1397) Pause Young (Allocation Failure) 293M->20M(989M) 0,897ms
[2024-08-04T18:17:10.325+0300][66,395s][info][gc] GC(1398) Pause Young (Allocation Failure) 293M->20M(989M) 1,553ms
[2024-08-04T18:17:10.381+0300][66,451s][info][gc] GC(1399) Pause Young (Allocation Failure) 293M->20M(989M) 1,654ms
[2024-08-04T18:17:10.436+0300][66,506s][info][gc] GC(1400) Pause Young (Allocation Failure) 293M->20M(989M) 1,354ms
[2024-08-04T18:17:10.488+0300][66,559s][info][gc] GC(1401) Pause Young (Allocation Failure) 293M->20M(989M) 1,899ms
[2024-08-04T18:17:10.541+0300][66,612s][info][gc] GC(1402) Pause Young (Allocation Failure) 293M->20M(989M) 2,015ms
[2024-08-04T18:17:10.593+0300][66,664s][info][gc] GC(1403) Pause Young (Allocation Failure) 293M->20M(989M) 2,124ms
[2024-08-04T18:17:10.646+0300][66,716s][info][gc] GC(1404) Pause Young (Allocation Failure) 293M->20M(989M) 2,254ms
[2024-08-04T18:17:10.698+0300][66,768s][info][gc] GC(1405) Pause Young (Allocation Failure) 293M->20M(989M) 2,347ms
[2024-08-04T18:17:10.752+0300][66,822s][info][gc] GC(1406) Pause Young (Allocation Failure) 293M->20M(989M) 3,686ms
[2024-08-04T18:17:10.803+0300][66,873s][info][gc] GC(1407) Pause Young (Allocation Failure) 294M->20M(989M) 2,552ms
[2024-08-04T18:17:10.855+0300][66,925s][info][gc] GC(1408) Pause Young (Allocation Failure) 294M->21M(989M) 2,630ms
[2024-08-04T18:17:10.906+0300][66,977s][info][gc] GC(1409) Pause Young (Allocation Failure) 294M->21M(989M) 2,763ms
[2024-08-04T18:17:10.959+0300][67,029s][info][gc] GC(1410) Pause Young (Allocation Failure) 294M->21M(989M) 2,824ms
[2024-08-04T18:17:11.015+0300][67,085s][info][gc] GC(1411) Pause Young (Allocation Failure) 294M->21M(989M) 7,295ms
[2024-08-04T18:17:11.067+0300][67,138s][info][gc] GC(1412) Pause Young (Allocation Failure) 294M->21M(989M) 3,192ms
[2024-08-04T18:17:11.119+0300][67,189s][info][gc] GC(1413) Pause Young (Allocation Failure) 294M->21M(989M) 2,984ms
[2024-08-04T18:17:11.171+0300][67,241s][info][gc] GC(1414) Pause Young (Allocation Failure) 294M->21M(989M) 2,587ms
[2024-08-04T18:17:11.221+0300][67,292s][info][gc] GC(1415) Pause Young (Allocation Failure) 294M->21M(989M) 2,340ms
[2024-08-04T18:17:11.272+0300][67,343s][info][gc] GC(1416) Pause Young (Allocation Failure) 294M->21M(989M) 2,232ms
[2024-08-04T18:17:11.324+0300][67,394s][info][gc] GC(1417) Pause Young (Allocation Failure) 294M->21M(989M) 2,230ms
[2024-08-04T18:17:11.375+0300][67,445s][info][gc] GC(1418) Pause Young (Allocation Failure) 294M->21M(989M) 2,066ms
[2024-08-04T18:17:11.424+0300][67,495s][info][gc] GC(1419) Pause Young (Allocation Failure) 294M->21M(989M) 1,313ms
[2024-08-04T18:17:11.475+0300][67,545s][info][gc] GC(1420) Pause Young (Allocation Failure) 294M->21M(989M) 1,985ms
[2024-08-04T18:17:11.525+0300][67,596s][info][gc] GC(1421) Pause Young (Allocation Failure) 294M->21M(989M) 1,951ms
[2024-08-04T18:17:11.576+0300][67,646s][info][gc] GC(1422) Pause Young (Allocation Failure) 294M->21M(989M) 1,765ms
[2024-08-04T18:17:11.623+0300][67,693s][info][gc] GC(1423) Pause Young (Allocation Failure) 294M->21M(989M) 2,340ms
[2024-08-04T18:17:11.668+0300][67,738s][info][gc] GC(1424) Pause Young (Allocation Failure) 294M->21M(989M) 1,537ms
[2024-08-04T18:17:11.713+0300][67,783s][info][gc] GC(1425) Pause Young (Allocation Failure) 294M->21M(989M) 1,676ms
[2024-08-04T18:17:11.759+0300][67,829s][info][gc] GC(1426) Pause Young (Allocation Failure) 294M->21M(989M) 1,710ms
[2024-08-04T18:17:11.803+0300][67,873s][info][gc] GC(1427) Pause Young (Allocation Failure) 294M->21M(989M) 1,711ms
[2024-08-04T18:17:11.853+0300][67,923s][info][gc] GC(1428) Pause Young (Allocation Failure) 294M->21M(989M) 1,599ms
[2024-08-04T18:17:11.896+0300][67,966s][info][gc] GC(1429) Pause Young (Allocation Failure) 294M->21M(989M) 1,562ms
[2024-08-04T18:17:11.958+0300][68,028s][info][gc] GC(1430) Pause Young (Allocation Failure) 294M->21M(989M) 1,196ms
[2024-08-04T18:17:12.019+0300][68,090s][info][gc] GC(1431) Pause Young (Allocation Failure) 294M->21M(989M) 1,569ms
[2024-08-04T18:17:12.063+0300][68,133s][info][gc] GC(1432) Pause Young (Allocation Failure) 294M->21M(989M) 1,552ms
[2024-08-04T18:17:12.108+0300][68,178s][info][gc] GC(1433) Pause Young (Allocation Failure) 294M->21M(989M) 1,532ms
[2024-08-04T18:17:12.153+0300][68,223s][info][gc] GC(1434) Pause Young (Allocation Failure) 294M->21M(989M) 1,455ms
[2024-08-04T18:17:12.199+0300][68,269s][info][gc] GC(1435) Pause Young (Allocation Failure) 294M->21M(989M) 1,382ms
[2024-08-04T18:17:12.247+0300][68,318s][info][gc] GC(1436) Pause Young (Allocation Failure) 294M->21M(989M) 1,438ms
[2024-08-04T18:17:12.297+0300][68,367s][info][gc] GC(1437) Pause Young (Allocation Failure) 294M->21M(989M) 1,319ms
[2024-08-04T18:17:12.344+0300][68,415s][info][gc] GC(1438) Pause Young (Allocation Failure) 294M->21M(989M) 1,406ms
[2024-08-04T18:17:12.393+0300][68,463s][info][gc] GC(1439) Pause Young (Allocation Failure) 294M->21M(989M) 1,386ms
[2024-08-04T18:17:12.443+0300][68,513s][info][gc] GC(1440) Pause Young (Allocation Failure) 294M->21M(989M) 1,396ms
[2024-08-04T18:17:12.491+0300][68,561s][info][gc] GC(1441) Pause Young (Allocation Failure) 294M->21M(989M) 1,405ms
[2024-08-04T18:17:12.535+0300][68,605s][info][gc] GC(1442) Pause Young (Allocation Failure) 294M->21M(989M) 1,387ms
[2024-08-04T18:17:12.584+0300][68,654s][info][gc] GC(1443) Pause Young (Allocation Failure) 294M->21M(989M) 1,332ms
[2024-08-04T18:17:12.635+0300][68,705s][info][gc] GC(1444) Pause Young (Allocation Failure) 294M->21M(989M) 0,703ms
[2024-08-04T18:17:12.687+0300][68,757s][info][gc] GC(1445) Pause Young (Allocation Failure) 294M->21M(989M) 1,141ms
[2024-08-04T18:17:12.735+0300][68,805s][info][gc] GC(1446) Pause Young (Allocation Failure) 294M->21M(989M) 1,117ms
[2024-08-04T18:17:12.784+0300][68,854s][info][gc] GC(1447) Pause Young (Allocation Failure) 294M->21M(989M) 0,926ms
[2024-08-04T18:17:12.832+0300][68,903s][info][gc] GC(1448) Pause Young (Allocation Failure) 294M->21M(989M) 0,519ms
[2024-08-04T18:17:12.877+0300][68,948s][info][gc] GC(1449) Pause Young (Allocation Failure) 294M->21M(989M) 0,501ms
[2024-08-04T18:17:12.923+0300][68,993s][info][gc] GC(1450) Pause Young (Allocation Failure) 294M->21M(989M) 1,053ms
[2024-08-04T18:17:12.967+0300][69,038s][info][gc] GC(1451) Pause Young (Allocation Failure) 294M->21M(989M) 0,906ms
[2024-08-04T18:17:13.016+0300][69,086s][info][gc] GC(1452) Pause Young (Allocation Failure) 294M->21M(989M) 0,913ms
[2024-08-04T18:17:13.065+0300][69,136s][info][gc] GC(1453) Pause Young (Allocation Failure) 294M->21M(989M) 0,905ms
[2024-08-04T18:17:13.116+0300][69,186s][info][gc] GC(1454) Pause Young (Allocation Failure) 294M->21M(989M) 0,895ms
[2024-08-04T18:17:13.165+0300][69,235s][info][gc] GC(1455) Pause Young (Allocation Failure) 294M->21M(989M) 0,893ms
[2024-08-04T18:17:13.215+0300][69,285s][info][gc] GC(1456) Pause Young (Allocation Failure) 294M->21M(989M) 0,931ms
[2024-08-04T18:17:13.264+0300][69,334s][info][gc] GC(1457) Pause Young (Allocation Failure) 294M->21M(989M) 0,881ms
[2024-08-04T18:17:13.313+0300][69,383s][info][gc] GC(1458) Pause Young (Allocation Failure) 294M->21M(989M) 0,502ms
[2024-08-04T18:17:13.356+0300][69,426s][info][gc] GC(1459) Pause Young (Allocation Failure) 294M->21M(989M) 0,478ms
[2024-08-04T18:17:13.405+0300][69,476s][info][gc] GC(1460) Pause Young (Allocation Failure) 294M->21M(989M) 0,480ms
[2024-08-04T18:17:13.453+0300][69,523s][info][gc] GC(1461) Pause Young (Allocation Failure) 294M->21M(989M) 0,464ms
[2024-08-04T18:17:13.502+0300][69,572s][info][gc] GC(1462) Pause Young (Allocation Failure) 294M->21M(989M) 0,484ms
[2024-08-04T18:17:13.544+0300][69,614s][info][gc] GC(1463) Pause Young (Allocation Failure) 294M->21M(989M) 0,447ms
[2024-08-04T18:17:13.586+0300][69,656s][info][gc] GC(1464) Pause Young (Allocation Failure) 294M->21M(989M) 0,461ms
