[2024-08-04T16:19:26.514+0300][0.005s][info][gc] Using G1
[2024-08-04T16:19:26.515+0300][0.006s][debug][gc] ConcGCThreads: 3 offset 22
[2024-08-04T16:19:26.515+0300][0.006s][debug][gc] ParallelGCThreads: 10
[2024-08-04T16:19:26.515+0300][0.007s][debug][gc] Initialize mark stack with 4096 chunks, maximum 524288
[2024-08-04T16:19:26.687+0300][0,179s][info ][gc] GC(0) Pause Young (Normal) (G1 Evacuation Pause) 91M->24M(1664M) 21,256ms
[2024-08-04T16:19:26.734+0300][0,225s][info ][gc] GC(1) Pause Young (Normal) (G1 Evacuation Pause) 105M->49M(1664M) 26,105ms
[2024-08-04T16:19:26.791+0300][0,282s][info ][gc] GC(2) Pause Young (Normal) (G1 Evacuation Pause) 128M->72M(1664M) 23,913ms
[2024-08-04T16:19:26.856+0300][0,348s][info ][gc] GC(3) Pause Young (Normal) (G1 Evacuation Pause) 155M->99M(1664M) 28,373ms
[2024-08-04T16:19:26.927+0300][0,419s][info ][gc] GC(4) Pause Young (Normal) (G1 Evacuation Pause) 200M->121M(1664M) 22,231ms
[2024-08-04T16:19:27.007+0300][0,499s][info ][gc] GC(5) Pause Young (Normal) (G1 Evacuation Pause) 242M->159M(1664M) 29,168ms
[2024-08-04T16:19:27.134+0300][0,626s][info ][gc] GC(6) Pause Young (Normal) (G1 Evacuation Pause) 331M->215M(1664M) 42,870ms
[2024-08-04T16:19:27.248+0300][0,740s][info ][gc] GC(7) Pause Young (Normal) (G1 Evacuation Pause) 387M->251M(1664M) 40,299ms
[2024-08-04T16:19:27.385+0300][0,877s][info ][gc] GC(8) Pause Young (Normal) (G1 Evacuation Pause) 475M->315M(1664M) 33,697ms
[2024-08-04T16:19:27.556+0300][1,047s][info ][gc] GC(9) Pause Young (Normal) (G1 Evacuation Pause) 564M->366M(1664M) 46,860ms
[2024-08-04T16:19:27.735+0300][1,226s][info ][gc] GC(10) Pause Young (Normal) (G1 Evacuation Pause) 661M->427M(1664M) 50,025ms
[2024-08-04T16:19:27.933+0300][1,424s][info ][gc] GC(11) Pause Young (Normal) (G1 Evacuation Pause) 767M->497M(1664M) 57,864ms
[2024-08-04T16:19:28.131+0300][1,622s][info ][gc] GC(12) Pause Young (Normal) (G1 Evacuation Pause) 885M->505M(1664M) 38,477ms
[2024-08-04T16:19:28.756+0300][2,247s][info ][gc] GC(13) Pause Young (Normal) (G1 Evacuation Pause) 1448M->492M(1664M) 33,653ms
[2024-08-04T16:19:29.158+0300][2,650s][info ][gc] GC(14) Pause Young (Normal) (G1 Evacuation Pause) 1447M->481M(1664M) 20,893ms
[2024-08-04T16:19:29.562+0300][3,054s][info ][gc] GC(15) Pause Young (Normal) (G1 Evacuation Pause) 1448M->473M(1664M) 18,886ms
[2024-08-04T16:19:29.967+0300][3,458s][info ][gc] GC(16) Pause Young (Normal) (G1 Evacuation Pause) 1448M->465M(1664M) 15,894ms
[2024-08-04T16:19:30.371+0300][3,863s][info ][gc] GC(17) Pause Young (Normal) (G1 Evacuation Pause) 1448M->459M(1664M) 12,970ms
[2024-08-04T16:19:30.776+0300][4,267s][info ][gc] GC(18) Pause Young (Normal) (G1 Evacuation Pause) 1447M->455M(1664M) 10,826ms
[2024-08-04T16:19:31.181+0300][4,672s][info ][gc] GC(19) Pause Young (Normal) (G1 Evacuation Pause) 1447M->452M(1664M) 9,263ms
[2024-08-04T16:19:31.681+0300][5,172s][info ][gc] GC(20) Pause Young (Normal) (G1 Evacuation Pause) 1447M->653M(1664M) 106,657ms
[2024-08-04T16:19:32.074+0300][5,566s][info ][gc] GC(21) Pause Young (Normal) (G1 Evacuation Pause) 1454M->688M(1664M) 72,717ms
[2024-08-04T16:19:32.419+0300][5,910s][info ][gc] GC(22) Pause Young (Normal) (G1 Evacuation Pause) 1408M->675M(1664M) 57,044ms
[2024-08-04T16:19:32.736+0300][6,227s][info ][gc] GC(23) Pause Young (Normal) (G1 Evacuation Pause) 1398M->619M(1664M) 27,945ms
[2024-08-04T16:19:33.062+0300][6,553s][info ][gc] GC(24) Pause Young (Normal) (G1 Evacuation Pause) 1415M->577M(1664M) 8,138ms
[2024-08-04T16:19:33.500+0300][6,992s][info ][gc] GC(25) Pause Young (Normal) (G1 Evacuation Pause) 1458M->752M(1664M) 88,838ms
[2024-08-04T16:19:33.825+0300][7,316s][info ][gc] GC(26) Pause Young (Normal) (G1 Evacuation Pause) 1425M->753M(1664M) 55,323ms
