[2024-08-04T16:20:05.624+0300][0.005s][info][gc] Using G1
[2024-08-04T16:20:05.625+0300][0.006s][debug][gc] ConcGCThreads: 3 offset 22
[2024-08-04T16:20:05.625+0300][0.006s][debug][gc] ParallelGCThreads: 10
[2024-08-04T16:20:05.625+0300][0.006s][debug][gc] Initialize mark stack with 4096 chunks, maximum 524288
[2024-08-04T16:20:05.842+0300][0,223s][info ][gc] GC(0) Pause Young (Normal) (G1 Evacuation Pause) 111M->32M(1984M) 24,475ms
[2024-08-04T16:20:05.897+0300][0,278s][info ][gc] GC(1) Pause Young (Normal) (G1 Evacuation Pause) 123M->55M(1984M) 34,214ms
[2024-08-04T16:20:05.962+0300][0,342s][info ][gc] GC(2) Pause Young (Normal) (G1 Evacuation Pause) 148M->82M(1984M) 25,438ms
[2024-08-04T16:20:06.019+0300][0,400s][info ][gc] GC(3) Pause Young (Normal) (G1 Evacuation Pause) 179M->113M(1984M) 16,610ms
[2024-08-04T16:20:06.104+0300][0,485s][info ][gc] GC(4) Pause Young (Normal) (G1 Evacuation Pause) 231M->151M(1984M) 33,829ms
[2024-08-04T16:20:06.189+0300][0,570s][info ][gc] GC(5) Pause Young (Normal) (G1 Evacuation Pause) 277M->178M(1984M) 28,544ms
[2024-08-04T16:20:06.282+0300][0,663s][info ][gc] GC(6) Pause Young (Normal) (G1 Evacuation Pause) 318M->227M(1984M) 32,934ms
[2024-08-04T16:20:06.415+0300][0,796s][info ][gc] GC(7) Pause Young (Normal) (G1 Evacuation Pause) 418M->268M(1984M) 35,934ms
[2024-08-04T16:20:06.540+0300][0,921s][info ][gc] GC(8) Pause Young (Normal) (G1 Evacuation Pause) 472M->328M(1984M) 28,542ms
[2024-08-04T16:20:06.727+0300][1,108s][info ][gc] GC(9) Pause Young (Normal) (G1 Evacuation Pause) 608M->384M(1984M) 46,179ms
[2024-08-04T16:20:06.915+0300][1,295s][info ][gc] GC(10) Pause Young (Normal) (G1 Evacuation Pause) 690M->448M(1984M) 59,402ms
[2024-08-04T16:20:07.117+0300][1,498s][info ][gc] GC(11) Pause Young (Normal) (G1 Evacuation Pause) 789M->518M(1984M) 65,138ms
[2024-08-04T16:20:07.331+0300][1,712s][info ][gc] GC(12) Pause Young (Normal) (G1 Evacuation Pause) 912M->544M(1984M) 35,569ms
[2024-08-04T16:20:08.142+0300][2,523s][info ][gc] GC(13) Pause Young (Normal) (G1 Evacuation Pause) 1678M->587M(1984M) 65,760ms
[2024-08-04T16:20:08.640+0300][3,021s][info ][gc] GC(14) Pause Young (Normal) (G1 Evacuation Pause) 1678M->604M(1984M) 61,803ms
[2024-08-04T16:20:09.138+0300][3,518s][info ][gc] GC(15) Pause Young (Normal) (G1 Evacuation Pause) 1678M->617M(1984M) 63,306ms
[2024-08-04T16:20:09.621+0300][4,002s][info ][gc] GC(16) Pause Young (Normal) (G1 Evacuation Pause) 1678M->628M(1984M) 60,353ms
[2024-08-04T16:20:10.108+0300][4,488s][info ][gc] GC(17) Pause Young (Normal) (G1 Evacuation Pause) 1678M->636M(1984M) 68,185ms
[2024-08-04T16:20:10.607+0300][4,988s][info ][gc] GC(18) Pause Young (Normal) (G1 Evacuation Pause) 1678M->640M(1984M) 83,975ms
[2024-08-04T16:20:11.090+0300][5,471s][info ][gc] GC(19) Pause Young (Normal) (G1 Evacuation Pause) 1660M->645M(1984M) 77,073ms
[2024-08-04T16:20:11.575+0300][5,956s][info ][gc] GC(20) Pause Young (Normal) (G1 Evacuation Pause) 1647M->652M(1984M) 85,285ms
[2024-08-04T16:20:12.053+0300][6,434s][info ][gc] GC(21) Pause Young (Normal) (G1 Evacuation Pause) 1642M->658M(1984M) 83,667ms
[2024-08-04T16:20:12.516+0300][6,897s][info ][gc] GC(22) Pause Young (Normal) (G1 Evacuation Pause) 1641M->660M(1984M) 71,465ms
[2024-08-04T16:20:12.976+0300][7,357s][info ][gc] GC(23) Pause Young (Normal) (G1 Evacuation Pause) 1644M->660M(1984M) 67,475ms
[2024-08-04T16:20:13.435+0300][7,816s][info ][gc] GC(24) Pause Young (Normal) (G1 Evacuation Pause) 1649M->656M(1984M) 64,199ms
