[2024-08-04T16:19:49.647+0300][0.005s][info][gc] Using G1
[2024-08-04T16:19:49.648+0300][0.006s][debug][gc] ConcGCThreads: 3 offset 22
[2024-08-04T16:19:49.648+0300][0.006s][debug][gc] ParallelGCThreads: 10
[2024-08-04T16:19:49.648+0300][0.007s][debug][gc] Initialize mark stack with 4096 chunks, maximum 524288
[2024-08-04T16:19:49.835+0300][0,194s][info ][gc] GC(0) Pause Young (Normal) (G1 Evacuation Pause) 104M->30M(1856M) 24,550ms
[2024-08-04T16:19:49.892+0300][0,250s][info ][gc] GC(1) Pause Young (Normal) (G1 Evacuation Pause) 115M->53M(1856M) 37,485ms
[2024-08-04T16:19:49.957+0300][0,315s][info ][gc] GC(2) Pause Young (Normal) (G1 Evacuation Pause) 140M->77M(1856M) 28,398ms
[2024-08-04T16:19:50.012+0300][0,370s][info ][gc] GC(3) Pause Young (Normal) (G1 Evacuation Pause) 168M->105M(1856M) 17,045ms
[2024-08-04T16:19:50.091+0300][0,450s][info ][gc] GC(4) Pause Young (Normal) (G1 Evacuation Pause) 219M->143M(1856M) 28,747ms
[2024-08-04T16:19:50.171+0300][0,529s][info ][gc] GC(5) Pause Young (Normal) (G1 Evacuation Pause) 267M->170M(1856M) 24,067ms
[2024-08-04T16:19:50.262+0300][0,620s][info ][gc] GC(6) Pause Young (Normal) (G1 Evacuation Pause) 310M->219M(1856M) 31,414ms
[2024-08-04T16:19:50.384+0300][0,743s][info ][gc] GC(7) Pause Young (Normal) (G1 Evacuation Pause) 405M->259M(1856M) 28,227ms
[2024-08-04T16:19:50.515+0300][0,873s][info ][gc] GC(8) Pause Young (Normal) (G1 Evacuation Pause) 466M->319M(1856M) 29,169ms
[2024-08-04T16:19:50.703+0300][1,061s][info ][gc] GC(9) Pause Young (Normal) (G1 Evacuation Pause) 597M->375M(1856M) 40,102ms
[2024-08-04T16:19:50.894+0300][1,253s][info ][gc] GC(10) Pause Young (Normal) (G1 Evacuation Pause) 686M->438M(1856M) 60,082ms
[2024-08-04T16:19:51.092+0300][1,451s][info ][gc] GC(11) Pause Young (Normal) (G1 Evacuation Pause) 783M->510M(1856M) 61,744ms
[2024-08-04T16:19:51.294+0300][1,653s][info ][gc] GC(12) Pause Young (Normal) (G1 Evacuation Pause) 908M->531M(1856M) 36,714ms
[2024-08-04T16:19:52.030+0300][2,388s][info ][gc] GC(13) Pause Young (Normal) (G1 Evacuation Pause) 1588M->554M(1856M) 54,631ms
[2024-08-04T16:19:52.492+0300][2,850s][info ][gc] GC(14) Pause Young (Normal) (G1 Evacuation Pause) 1587M->558M(1856M) 50,613ms
[2024-08-04T16:19:52.956+0300][3,315s][info ][gc] GC(15) Pause Young (Normal) (G1 Evacuation Pause) 1587M->563M(1856M) 51,071ms
[2024-08-04T16:19:53.413+0300][3,772s][info ][gc] GC(16) Pause Young (Normal) (G1 Evacuation Pause) 1587M->566M(1856M) 48,950ms
[2024-08-04T16:19:53.871+0300][4,229s][info ][gc] GC(17) Pause Young (Normal) (G1 Evacuation Pause) 1588M->568M(1856M) 49,570ms
[2024-08-04T16:19:54.331+0300][4,690s][info ][gc] GC(18) Pause Young (Normal) (G1 Evacuation Pause) 1587M->571M(1856M) 54,397ms
[2024-08-04T16:19:54.794+0300][5,153s][info ][gc] GC(19) Pause Young (Normal) (G1 Evacuation Pause) 1588M->572M(1856M) 56,744ms
[2024-08-04T16:19:55.252+0300][5,611s][info ][gc] GC(20) Pause Young (Normal) (G1 Evacuation Pause) 1587M->574M(1856M) 54,158ms
[2024-08-04T16:19:55.710+0300][6,068s][info ][gc] GC(21) Pause Young (Normal) (G1 Evacuation Pause) 1588M->575M(1856M) 53,236ms
[2024-08-04T16:19:56.178+0300][6,537s][info ][gc] GC(22) Pause Young (Normal) (G1 Evacuation Pause) 1588M->575M(1856M) 63,016ms
[2024-08-04T16:19:56.645+0300][7,004s][info ][gc] GC(23) Pause Young (Normal) (G1 Evacuation Pause) 1587M->577M(1856M) 59,237ms
[2024-08-04T16:19:57.102+0300][7,461s][info ][gc] GC(24) Pause Young (Normal) (G1 Evacuation Pause) 1588M->576M(1856M) 54,347ms
