[2024-08-04T16:19:34.288+0300][0.002s][info][gc] Using G1
[2024-08-04T16:19:34.289+0300][0.003s][debug][gc] ConcGCThreads: 3 offset 22
[2024-08-04T16:19:34.289+0300][0.003s][debug][gc] ParallelGCThreads: 10
[2024-08-04T16:19:34.289+0300][0.003s][debug][gc] Initialize mark stack with 4096 chunks, maximum 524288
[2024-08-04T16:19:34.463+0300][0,178s][info ][gc] GC(0) Pause Young (Normal) (G1 Evacuation Pause) 98M->29M(1728M) 24,237ms
[2024-08-04T16:19:34.512+0300][0,226s][info ][gc] GC(1) Pause Young (Normal) (G1 Evacuation Pause) 109M->50M(1728M) 29,981ms
[2024-08-04T16:19:34.576+0300][0,290s][info ][gc] GC(2) Pause Young (Normal) (G1 Evacuation Pause) 132M->74M(1728M) 29,470ms
[2024-08-04T16:19:34.638+0300][0,352s][info ][gc] GC(3) Pause Young (Normal) (G1 Evacuation Pause) 160M->102M(1728M) 25,697ms
[2024-08-04T16:19:34.704+0300][0,418s][info ][gc] GC(4) Pause Young (Normal) (G1 Evacuation Pause) 204M->124M(1728M) 17,514ms
[2024-08-04T16:19:34.781+0300][0,496s][info ][gc] GC(5) Pause Young (Normal) (G1 Evacuation Pause) 245M->162M(1728M) 26,822ms
[2024-08-04T16:19:34.906+0300][0,620s][info ][gc] GC(6) Pause Young (Normal) (G1 Evacuation Pause) 335M->218M(1728M) 40,261ms
[2024-08-04T16:19:35.008+0300][0,722s][info ][gc] GC(7) Pause Young (Normal) (G1 Evacuation Pause) 392M->254M(1728M) 27,560ms
[2024-08-04T16:19:35.139+0300][0,853s][info ][gc] GC(8) Pause Young (Normal) (G1 Evacuation Pause) 469M->317M(1728M) 30,038ms
[2024-08-04T16:19:35.308+0300][1,022s][info ][gc] GC(9) Pause Young (Normal) (G1 Evacuation Pause) 577M->370M(1728M) 42,209ms
[2024-08-04T16:19:35.505+0300][1,220s][info ][gc] GC(10) Pause Young (Normal) (G1 Evacuation Pause) 678M->433M(1728M) 61,960ms
[2024-08-04T16:19:35.685+0300][1,399s][info ][gc] GC(11) Pause Young (Normal) (G1 Evacuation Pause) 775M->502M(1728M) 44,193ms
[2024-08-04T16:19:35.897+0300][1,611s][info ][gc] GC(12) Pause Young (Normal) (G1 Evacuation Pause) 905M->518M(1728M) 42,111ms
[2024-08-04T16:19:36.546+0300][2,261s][info ][gc] GC(13) Pause Young (Normal) (G1 Evacuation Pause) 1497M->519M(1728M) 34,544ms
[2024-08-04T16:19:36.974+0300][2,688s][info ][gc] GC(14) Pause Young (Normal) (G1 Evacuation Pause) 1497M->513M(1728M) 37,882ms
[2024-08-04T16:19:37.401+0300][3,115s][info ][gc] GC(15) Pause Young (Normal) (G1 Evacuation Pause) 1497M->508M(1728M) 34,656ms
[2024-08-04T16:19:37.826+0300][3,540s][info ][gc] GC(16) Pause Young (Normal) (G1 Evacuation Pause) 1497M->506M(1728M) 30,573ms
[2024-08-04T16:19:38.248+0300][3,962s][info ][gc] GC(17) Pause Young (Normal) (G1 Evacuation Pause) 1497M->501M(1728M) 27,423ms
[2024-08-04T16:19:38.669+0300][4,383s][info ][gc] GC(18) Pause Young (Normal) (G1 Evacuation Pause) 1497M->500M(1728M) 25,225ms
[2024-08-04T16:19:39.093+0300][4,807s][info ][gc] GC(19) Pause Young (Normal) (G1 Evacuation Pause) 1497M->495M(1728M) 25,905ms
[2024-08-04T16:19:39.519+0300][5,233s][info ][gc] GC(20) Pause Young (Normal) (G1 Evacuation Pause) 1497M->496M(1728M) 26,960ms
[2024-08-04T16:19:39.944+0300][5,659s][info ][gc] GC(21) Pause Young (Normal) (G1 Evacuation Pause) 1497M->494M(1728M) 26,585ms
[2024-08-04T16:19:40.370+0300][6,084s][info ][gc] GC(22) Pause Young (Normal) (G1 Evacuation Pause) 1497M->492M(1728M) 25,439ms
[2024-08-04T16:19:40.794+0300][6,508s][info ][gc] GC(23) Pause Young (Normal) (G1 Evacuation Pause) 1497M->492M(1728M) 23,563ms
[2024-08-04T16:19:41.217+0300][6,931s][info ][gc] GC(24) Pause Young (Normal) (G1 Evacuation Pause) 1497M->492M(1728M) 22,898ms
[2024-08-04T16:19:41.641+0300][7,355s][info ][gc] GC(25) Pause Young (Normal) (G1 Evacuation Pause) 1497M->490M(1728M) 23,085ms
