[2024-08-04T16:36:26.523+0300][0.005s][info][gc] Using Parallel
[2024-08-04T16:36:27.139+0300][0,621s][info][gc] GC(0) Pause Young (Allocation Failure) 705M->140M(2699M) 138,544ms
[2024-08-04T16:36:27.401+0300][0,882s][info][gc] GC(1) Pause Young (Allocation Failure) 844M->108M(2699M) 96,874ms
[2024-08-04T16:36:27.727+0300][1,209s][info][gc] GC(2) Pause Young (Allocation Failure) 813M->249M(2699M) 190,018ms
[2024-08-04T16:36:27.993+0300][1,474s][info][gc] GC(3) Pause Young (Allocation Failure) 954M->298M(2699M) 132,571ms
[2024-08-04T16:36:28.226+0300][1,708s][info][gc] GC(4) Pause Young (Allocation Failure) 1002M->286M(2687M) 96,573ms
[2024-08-04T16:36:28.405+0300][1,886s][info][gc] GC(5) Pause Young (Allocation Failure) 990M->225M(2452M) 44,071ms
[2024-08-04T16:36:28.656+0300][2,138s][info][gc] GC(6) Pause Young (Allocation Failure) 672M->315M(2570M) 168,441ms
[2024-08-04T16:36:28.849+0300][2,331s][info][gc] GC(7) Pause Young (Allocation Failure) 761M->404M(2551M) 69,743ms
[2024-08-04T16:36:29.007+0300][2,489s][info][gc] GC(8) Pause Young (Allocation Failure) 841M->290M(2565M) 34,065ms
[2024-08-04T16:36:29.214+0300][2,695s][info][gc] GC(9) Pause Young (Allocation Failure) 727M->377M(2566M) 85,507ms
[2024-08-04T16:36:29.360+0300][2,842s][info][gc] GC(10) Pause Young (Allocation Failure) 818M->264M(2365M) 21,875ms
[2024-08-04T16:36:29.588+0300][3,069s][info][gc] GC(11) Pause Young (Allocation Failure) 705M->352M(2572M) 106,016ms
[2024-08-04T16:36:29.724+0300][3,206s][info][gc] GC(12) Pause Young (Allocation Failure) 796M->287M(2565M) 11,147ms
[2024-08-04T16:36:29.922+0300][3,404s][info][gc] GC(13) Pause Young (Allocation Failure) 731M->376M(2580M) 75,689ms
[2024-08-04T16:36:30.059+0300][3,541s][info][gc] GC(14) Pause Young (Allocation Failure) 832M->288M(2569M) 3,763ms
[2024-08-04T16:36:30.238+0300][3,720s][info][gc] GC(15) Pause Young (Allocation Failure) 744M->380M(2589M) 53,797ms
[2024-08-04T16:36:30.494+0300][3,975s][info][gc] GC(16) Pause Young (Allocation Failure) 850M->474M(2575M) 126,026ms
[2024-08-04T16:36:30.662+0300][4,143s][info][gc] GC(17) Pause Young (Allocation Failure) 945M->459M(2611M) 35,211ms
[2024-08-04T16:36:30.896+0300][4,377s][info][gc] GC(18) Pause Young (Allocation Failure) 979M->563M(2602M) 91,040ms
[2024-08-04T16:36:31.084+0300][4,565s][info][gc] GC(19) Pause Young (Allocation Failure) 1083M->545M(2627M) 41,477ms
[2024-08-04T16:36:31.356+0300][4,838s][info][gc] GC(20) Pause Young (Allocation Failure) 1097M->656M(2618M) 120,144ms
[2024-08-04T16:36:31.562+0300][5,043s][info][gc] GC(21) Pause Young (Allocation Failure) 1208M->651M(2636M) 50,702ms
[2024-08-04T16:36:31.736+0300][5,218s][info][gc] GC(22) Pause Young (Allocation Failure) 1224M->564M(2630M) 14,188ms
[2024-08-04T16:36:31.983+0300][5,464s][info][gc] GC(23) Pause Young (Allocation Failure) 1137M->678M(2631M) 87,417ms
[2024-08-04T16:36:32.165+0300][5,646s][info][gc] GC(24) Pause Young (Allocation Failure) 1247M->609M(2631M) 22,539ms
[2024-08-04T16:36:32.396+0300][5,878s][info][gc] GC(25) Pause Young (Allocation Failure) 1177M->723M(2631M) 74,426ms
[2024-08-04T16:36:32.600+0300][6,082s][info][gc] GC(26) Pause Young (Allocation Failure) 1293M->681M(2632M) 43,683ms
[2024-08-04T16:36:32.873+0300][6,355s][info][gc] GC(27) Pause Young (Allocation Failure) 1251M->795M(2636M) 115,552ms
