[2024-08-04T16:35:32.947+0300][0.002s][info][gc] Using Parallel
[2024-08-04T16:35:33.185+0300][0,240s][info][gc] GC(0) Pause Young (Allocation Failure) 193M->39M(736M) 44,831ms
[2024-08-04T16:35:33.315+0300][0,370s][info][gc] GC(1) Pause Young (Allocation Failure) 231M->79M(736M) 91,560ms
[2024-08-04T16:35:33.407+0300][0,462s][info][gc] GC(2) Pause Young (Allocation Failure) 271M->120M(736M) 57,319ms
[2024-08-04T16:35:33.516+0300][0,571s][info][gc] GC(3) Pause Young (Allocation Failure) 312M->162M(736M) 75,050ms
[2024-08-04T16:35:33.614+0300][0,669s][info][gc] GC(4) Pause Young (Allocation Failure) 354M->200M(736M) 63,389ms
[2024-08-04T16:35:33.720+0300][0,775s][info][gc] GC(5) Pause Young (Allocation Failure) 392M->209M(630M) 58,866ms
[2024-08-04T16:35:33.753+0300][0,808s][info][gc] GC(6) Pause Young (Allocation Failure) 295M->226M(683M) 16,665ms
[2024-08-04T16:35:33.796+0300][0,851s][info][gc] GC(7) Pause Young (Allocation Failure) 312M->244M(683M) 27,037ms
[2024-08-04T16:35:33.855+0300][0,910s][info][gc] GC(8) Pause Young (Allocation Failure) 330M->261M(683M) 42,329ms
[2024-08-04T16:35:33.967+0300][1,022s][info][gc] GC(9) Pause Young (Allocation Failure) 347M->278M(683M) 67,633ms
[2024-08-04T16:35:34.012+0300][1,067s][info][gc] GC(10) Pause Young (Allocation Failure) 364M->295M(683M) 29,052ms
[2024-08-04T16:35:34.049+0300][1,104s][info][gc] GC(11) Pause Young (Allocation Failure) 381M->313M(683M) 17,492ms
[2024-08-04T16:35:34.084+0300][1,139s][info][gc] GC(12) Pause Young (Allocation Failure) 399M->330M(683M) 18,340ms
[2024-08-04T16:35:34.119+0300][1,174s][info][gc] GC(13) Pause Young (Allocation Failure) 416M->347M(683M) 18,598ms
[2024-08-04T16:35:34.154+0300][1,209s][info][gc] GC(14) Pause Young (Allocation Failure) 433M->365M(683M) 18,276ms
[2024-08-04T16:35:34.189+0300][1,244s][info][gc] GC(15) Pause Young (Allocation Failure) 451M->382M(683M) 18,451ms
[2024-08-04T16:35:34.231+0300][1,286s][info][gc] GC(16) Pause Young (Allocation Failure) 468M->399M(683M) 26,016ms
[2024-08-04T16:35:34.258+0300][1,313s][info][gc] GC(17) Pause Young (Allocation Failure) 485M->392M(684M) 6,837ms
[2024-08-04T16:35:34.293+0300][1,348s][info][gc] GC(18) Pause Young (Allocation Failure) 480M->409M(683M) 19,069ms
[2024-08-04T16:35:34.329+0300][1,384s][info][gc] GC(19) Pause Young (Allocation Failure) 497M->427M(691M) 19,199ms
[2024-08-04T16:35:34.372+0300][1,427s][info][gc] GC(20) Pause Young (Allocation Failure) 526M->447M(688M) 23,827ms
[2024-08-04T16:35:34.415+0300][1,470s][info][gc] GC(21) Pause Young (Allocation Failure) 546M->467M(698M) 24,343ms
[2024-08-04T16:35:34.462+0300][1,517s][info][gc] GC(22) Pause Young (Allocation Failure) 579M->489M(694M) 25,287ms
[2024-08-04T16:35:34.511+0300][1,566s][info][gc] GC(23) Pause Young (Allocation Failure) 602M->512M(705M) 28,164ms
[2024-08-04T16:35:34.720+0300][1,775s][debug][gc] GC(24) Shrinking ParOldGen from 524288K by 84992K to 439296K
[2024-08-04T16:35:34.720+0300][1,775s][info ][gc] GC(24) Pause Full (Ergonomics) 512M->166M(619M) 209,044ms
[2024-08-04T16:35:34.804+0300][1,859s][info ][gc] GC(25) Pause Young (Allocation Failure) 293M->192M(626M) 13,588ms
[2024-08-04T16:35:34.859+0300][1,914s][info ][gc] GC(26) Pause Young (Allocation Failure) 326M->219M(622M) 29,303ms
[2024-08-04T16:35:34.897+0300][1,952s][info ][gc] GC(27) Pause Young (Allocation Failure) 353M->199M(628M) 6,235ms
[2024-08-04T16:35:34.948+0300][2,003s][info ][gc] GC(28) Pause Young (Allocation Failure) 342M->228M(628M) 24,852ms
[2024-08-04T16:35:35.016+0300][2,071s][info ][gc] GC(29) Pause Young (Allocation Failure) 371M->257M(631M) 41,317ms
[2024-08-04T16:35:35.080+0300][2,135s][info ][gc] GC(30) Pause Young (Allocation Failure) 404M->286M(630M) 36,512ms
[2024-08-04T16:35:35.140+0300][2,195s][info ][gc] GC(31) Pause Young (Allocation Failure) 434M->316M(633M) 33,797ms
[2024-08-04T16:35:35.203+0300][2,258s][info ][gc] GC(32) Pause Young (Allocation Failure) 468M->346M(632M) 34,295ms
[2024-08-04T16:35:35.271+0300][2,326s][info ][gc] GC(33) Pause Young (Allocation Failure) 498M->377M(635M) 40,130ms
[2024-08-04T16:35:35.313+0300][2,368s][info ][gc] GC(34) Pause Young (Allocation Failure) 532M->360M(634M) 10,203ms
[2024-08-04T16:35:35.379+0300][2,434s][info ][gc] GC(35) Pause Young (Allocation Failure) 516M->392M(635M) 37,645ms
[2024-08-04T16:35:35.465+0300][2,520s][info ][gc] GC(36) Pause Young (Allocation Failure) 549M->423M(635M) 57,254ms
[2024-08-04T16:35:35.580+0300][2,635s][debug][gc] GC(37) Shrinking ParOldGen from 439296K by 4608K to 434688K
[2024-08-04T16:35:35.581+0300][2,636s][info ][gc] GC(37) Pause Full (Ergonomics) 423M->113M(631M) 115,009ms
[2024-08-04T16:35:35.631+0300][2,686s][info ][gc] GC(38) Pause Young (Allocation Failure) 271M->145M(631M) 22,305ms
[2024-08-04T16:35:35.717+0300][2,772s][info ][gc] GC(39) Pause Young (Allocation Failure) 303M->177M(632M) 55,820ms
[2024-08-04T16:35:35.799+0300][2,854s][info ][gc] GC(40) Pause Young (Allocation Failure) 335M->208M(631M) 53,350ms
[2024-08-04T16:35:35.835+0300][2,890s][info ][gc] GC(41) Pause Young (Allocation Failure) 367M->178M(627M) 3,606ms
[2024-08-04T16:35:35.885+0300][2,940s][info ][gc] GC(42) Pause Young (Allocation Failure) 333M->209M(630M) 22,168ms
[2024-08-04T16:35:35.956+0300][3,011s][info ][gc] GC(43) Pause Young (Allocation Failure) 364M->241M(631M) 42,744ms
[2024-08-04T16:35:36.031+0300][3,086s][info ][gc] GC(44) Pause Young (Allocation Failure) 397M->272M(630M) 46,949ms
[2024-08-04T16:35:36.107+0300][3,162s][info ][gc] GC(45) Pause Young (Allocation Failure) 428M->303M(632M) 46,960ms
[2024-08-04T16:35:36.168+0300][3,223s][info ][gc] GC(46) Pause Young (Allocation Failure) 462M->335M(631M) 32,162ms
[2024-08-04T16:35:36.229+0300][3,284s][info ][gc] GC(47) Pause Young (Allocation Failure) 494M->367M(633M) 32,822ms
[2024-08-04T16:35:36.272+0300][3,327s][info ][gc] GC(48) Pause Young (Allocation Failure) 527M->356M(632M) 10,332ms
[2024-08-04T16:35:36.335+0300][3,390s][info ][gc] GC(49) Pause Young (Allocation Failure) 516M->388M(633M) 34,092ms
[2024-08-04T16:35:36.406+0300][3,461s][info ][gc] GC(50) Pause Young (Allocation Failure) 550M->420M(633M) 41,412ms
[2024-08-04T16:35:36.535+0300][3,590s][debug][gc] GC(51) Expanding ParOldGen from 434688K by 46592K to 481280K
[2024-08-04T16:35:36.535+0300][3,590s][info ][gc] GC(51) Pause Full (Ergonomics) 420M->121M(679M) 128,502ms
[2024-08-04T16:35:36.582+0300][3,637s][info ][gc] GC(52) Pause Young (Allocation Failure) 284M->154M(679M) 17,130ms
[2024-08-04T16:35:36.659+0300][3,714s][info ][gc] GC(53) Pause Young (Allocation Failure) 317M->187M(680M) 47,061ms
[2024-08-04T16:35:36.736+0300][3,791s][info ][gc] GC(54) Pause Young (Allocation Failure) 350M->220M(679M) 46,963ms
[2024-08-04T16:35:36.779+0300][3,834s][info ][gc] GC(55) Pause Young (Allocation Failure) 383M->201M(678M) 9,723ms
[2024-08-04T16:35:36.842+0300][3,897s][info ][gc] GC(56) Pause Young (Allocation Failure) 363M->233M(679M) 33,279ms
[2024-08-04T16:35:36.918+0300][3,973s][info ][gc] GC(57) Pause Young (Allocation Failure) 395M->266M(679M) 46,937ms
[2024-08-04T16:35:36.984+0300][4,039s][info ][gc] GC(58) Pause Young (Allocation Failure) 429M->299M(679M) 35,866ms
[2024-08-04T16:35:37.057+0300][4,112s][info ][gc] GC(59) Pause Young (Allocation Failure) 462M->331M(680M) 43,205ms
[2024-08-04T16:35:37.124+0300][4,179s][info ][gc] GC(60) Pause Young (Allocation Failure) 495M->364M(680M) 36,973ms
[2024-08-04T16:35:37.162+0300][4,217s][info ][gc] GC(61) Pause Young (Allocation Failure) 528M->340M(676M) 5,817ms
[2024-08-04T16:35:37.219+0300][4,274s][info ][gc] GC(62) Pause Young (Allocation Failure) 501M->372M(678M) 27,715ms
[2024-08-04T16:35:37.297+0300][4,352s][info ][gc] GC(63) Pause Young (Allocation Failure) 533M->404M(679M) 47,620ms
[2024-08-04T16:35:37.371+0300][4,426s][info ][gc] GC(64) Pause Young (Allocation Failure) 566M->437M(678M) 44,513ms
[2024-08-04T16:35:37.437+0300][4,492s][info ][gc] GC(65) Pause Young (Allocation Failure) 598M->469M(680M) 36,405ms
[2024-08-04T16:35:37.605+0300][4,660s][debug][gc] GC(66) Expanding ParOldGen from 481280K by 43008K to 524288K
[2024-08-04T16:35:37.605+0300][4,660s][info ][gc] GC(66) Pause Full (Ergonomics) 469M->174M(721M) 167,895ms
[2024-08-04T16:35:37.656+0300][4,711s][info ][gc] GC(67) Pause Young (Allocation Failure) 337M->206M(722M) 20,873ms
[2024-08-04T16:35:37.694+0300][4,749s][info ][gc] GC(68) Pause Young (Allocation Failure) 371M->175M(678M) 4,344ms
[2024-08-04T16:35:37.747+0300][4,802s][info ][gc] GC(69) Pause Young (Allocation Failure) 340M->208M(719M) 22,025ms
[2024-08-04T16:35:37.824+0300][4,879s][info ][gc] GC(70) Pause Young (Allocation Failure) 366M->240M(719M) 48,300ms
[2024-08-04T16:35:37.896+0300][4,951s][info ][gc] GC(71) Pause Young (Allocation Failure) 398M->272M(720M) 43,841ms
[2024-08-04T16:35:37.957+0300][5,011s][info ][gc] GC(72) Pause Young (Allocation Failure) 431M->304M(719M) 31,218ms
[2024-08-04T16:35:38.016+0300][5,071s][info ][gc] GC(73) Pause Young (Allocation Failure) 463M->336M(721M) 30,847ms
[2024-08-04T16:35:38.078+0300][5,133s][info ][gc] GC(74) Pause Young (Allocation Failure) 498M->368M(720M) 32,046ms
[2024-08-04T16:35:38.126+0300][5,181s][info ][gc] GC(75) Pause Young (Allocation Failure) 530M->360M(722M) 15,574ms
[2024-08-04T16:35:38.196+0300][5,251s][info ][gc] GC(76) Pause Young (Allocation Failure) 524M->393M(721M) 40,855ms
[2024-08-04T16:35:38.262+0300][5,317s][info ][gc] GC(77) Pause Young (Allocation Failure) 557M->426M(723M) 36,547ms
[2024-08-04T16:35:38.340+0300][5,395s][info ][gc] GC(78) Pause Young (Allocation Failure) 592M->459M(722M) 48,003ms
[2024-08-04T16:35:38.418+0300][5,473s][info ][gc] GC(79) Pause Young (Allocation Failure) 625M->492M(723M) 47,169ms
[2024-08-04T16:35:38.599+0300][5,654s][info ][gc] GC(80) Pause Full (Ergonomics) 492M->193M(723M) 180,648ms
[2024-08-04T16:35:38.650+0300][5,705s][info ][gc] GC(81) Pause Young (Allocation Failure) 359M->226M(723M) 20,397ms
[2024-08-04T16:35:38.699+0300][5,754s][info ][gc] GC(82) Pause Young (Allocation Failure) 393M->215M(723M) 15,358ms
[2024-08-04T16:35:38.768+0300][5,823s][info ][gc] GC(83) Pause Young (Allocation Failure) 382M->248M(723M) 39,343ms
[2024-08-04T16:35:38.847+0300][5,902s][info ][gc] GC(84) Pause Young (Allocation Failure) 415M->282M(723M) 47,901ms
[2024-08-04T16:35:38.920+0300][5,975s][info ][gc] GC(85) Pause Young (Allocation Failure) 449M->315M(724M) 41,716ms
[2024-08-04T16:35:38.988+0300][6,043s][info ][gc] GC(86) Pause Young (Allocation Failure) 483M->349M(723M) 37,020ms
[2024-08-04T16:35:39.065+0300][6,120s][info ][gc] GC(87) Pause Young (Allocation Failure) 516M->382M(724M) 46,219ms
[2024-08-04T16:35:39.113+0300][6,168s][info ][gc] GC(88) Pause Young (Allocation Failure) 551M->370M(724M) 14,304ms
[2024-08-04T16:35:39.180+0300][6,235s][info ][gc] GC(89) Pause Young (Allocation Failure) 539M->404M(724M) 36,110ms
[2024-08-04T16:35:39.265+0300][6,320s][info ][gc] GC(90) Pause Young (Allocation Failure) 572M->438M(724M) 54,245ms
[2024-08-04T16:35:39.329+0300][6,384s][info ][gc] GC(91) Pause Young (Allocation Failure) 606M->471M(724M) 33,295ms
[2024-08-04T16:35:39.397+0300][6,452s][info ][gc] GC(92) Pause Young (Allocation Failure) 640M->505M(724M) 37,834ms
[2024-08-04T16:35:39.588+0300][6,643s][info ][gc] GC(93) Pause Full (Ergonomics) 505M->192M(724M) 190,422ms
[2024-08-04T16:35:39.639+0300][6,694s][info ][gc] GC(94) Pause Young (Allocation Failure) 361M->226M(724M) 20,279ms
[2024-08-04T16:35:39.693+0300][6,748s][info ][gc] GC(95) Pause Young (Allocation Failure) 395M->214M(724M) 19,578ms
[2024-08-04T16:35:39.765+0300][6,820s][info ][gc] GC(96) Pause Young (Allocation Failure) 383M->248M(724M) 40,819ms
[2024-08-04T16:35:39.842+0300][6,897s][info ][gc] GC(97) Pause Young (Allocation Failure) 417M->282M(724M) 46,937ms
[2024-08-04T16:35:39.921+0300][6,976s][info ][gc] GC(98) Pause Young (Allocation Failure) 451M->316M(724M) 48,044ms
[2024-08-04T16:35:40.000+0300][7,055s][info ][gc] GC(99) Pause Young (Allocation Failure) 485M->350M(725M) 47,774ms
[2024-08-04T16:35:40.076+0300][7,131s][info ][gc] GC(100) Pause Young (Allocation Failure) 520M->384M(725M) 44,999ms
[2024-08-04T16:35:40.125+0300][7,180s][info ][gc] GC(101) Pause Young (Allocation Failure) 554M->374M(724M) 15,230ms
[2024-08-04T16:35:40.195+0300][7,250s][info ][gc] GC(102) Pause Young (Allocation Failure) 544M->408M(725M) 39,265ms
[2024-08-04T16:35:40.277+0300][7,332s][info ][gc] GC(103) Pause Young (Allocation Failure) 578M->442M(725M) 50,523ms
[2024-08-04T16:35:40.354+0300][7,409s][info ][gc] GC(104) Pause Young (Allocation Failure) 612M->476M(725M) 46,659ms
[2024-08-04T16:35:40.423+0300][7,478s][info ][gc] GC(105) Pause Young (Allocation Failure) 646M->510M(725M) 37,924ms
[2024-08-04T16:35:40.597+0300][7,652s][info ][gc] GC(106) Pause Full (Ergonomics) 510M->196M(725M) 173,912ms
[2024-08-04T16:35:40.655+0300][7,710s][info ][gc] GC(107) Pause Young (Allocation Failure) 367M->230M(726M) 26,167ms
[2024-08-04T16:35:40.712+0300][7,767s][info ][gc] GC(108) Pause Young (Allocation Failure) 402M->223M(725M) 23,068ms
