[2024-08-04T16:35:23.518+0300][0.005s][info][gc] Using Parallel
[2024-08-04T16:35:23.716+0300][0,203s][info][gc] GC(0) Pause Young (Allocation Failure) 129M->26M(491M) 25,574ms
[2024-08-04T16:35:23.801+0300][0,288s][info][gc] GC(1) Pause Young (Allocation Failure) 155M->53M(491M) 58,342ms
[2024-08-04T16:35:23.869+0300][0,356s][info][gc] GC(2) Pause Young (Allocation Failure) 182M->81M(491M) 44,834ms
[2024-08-04T16:35:23.933+0300][0,420s][info][gc] GC(3) Pause Young (Allocation Failure) 209M->109M(491M) 40,323ms
[2024-08-04T16:35:24.014+0300][0,501s][info][gc] GC(4) Pause Young (Allocation Failure) 237M->134M(491M) 57,311ms
[2024-08-04T16:35:24.104+0300][0,591s][info][gc] GC(5) Pause Young (Allocation Failure) 263M->163M(420M) 66,366ms
[2024-08-04T16:35:24.133+0300][0,619s][info][gc] GC(6) Pause Young (Allocation Failure) 221M->175M(455M) 17,686ms
[2024-08-04T16:35:24.165+0300][0,652s][info][gc] GC(7) Pause Young (Allocation Failure) 232M->186M(455M) 20,755ms
[2024-08-04T16:35:24.215+0300][0,702s][info][gc] GC(8) Pause Young (Allocation Failure) 244M->198M(455M) 35,892ms
[2024-08-04T16:35:24.258+0300][0,745s][info][gc] GC(9) Pause Young (Allocation Failure) 255M->210M(455M) 32,050ms
[2024-08-04T16:35:24.324+0300][0,811s][info][gc] GC(10) Pause Young (Allocation Failure) 267M->249M(455M) 55,977ms
[2024-08-04T16:35:24.394+0300][0,881s][info][gc] GC(11) Pause Young (Allocation Failure) 307M->261M(455M) 59,416ms
[2024-08-04T16:35:24.432+0300][0,919s][info][gc] GC(12) Pause Young (Allocation Failure) 318M->259M(455M) 7,183ms
[2024-08-04T16:35:24.467+0300][0,954s][info][gc] GC(13) Pause Young (Allocation Failure) 317M->271M(455M) 23,287ms
[2024-08-04T16:35:24.491+0300][0,978s][info][gc] GC(14) Pause Young (Allocation Failure) 328M->282M(455M) 12,748ms
[2024-08-04T16:35:24.515+0300][1,002s][info][gc] GC(15) Pause Young (Allocation Failure) 340M->294M(455M) 12,482ms
[2024-08-04T16:35:24.541+0300][1,028s][info][gc] GC(16) Pause Young (Allocation Failure) 352M->306M(455M) 14,413ms
[2024-08-04T16:35:24.566+0300][1,052s][info][gc] GC(17) Pause Young (Allocation Failure) 363M->317M(455M) 12,911ms
[2024-08-04T16:35:24.673+0300][1,160s][debug][gc] GC(18) Shrinking ParOldGen from 349696K by 53248K to 296448K
[2024-08-04T16:35:24.673+0300][1,160s][info ][gc] GC(18) Pause Full (Ergonomics) 317M->104M(403M) 107,654ms
[2024-08-04T16:35:24.691+0300][1,178s][info ][gc] GC(19) Pause Young (Allocation Failure) 161M->116M(403M) 6,243ms
[2024-08-04T16:35:24.717+0300][1,203s][info ][gc] GC(20) Pause Young (Allocation Failure) 173M->127M(403M) 13,678ms
[2024-08-04T16:35:24.742+0300][1,229s][info ][gc] GC(21) Pause Young (Allocation Failure) 185M->139M(403M) 13,728ms
[2024-08-04T16:35:24.771+0300][1,257s][info ][gc] GC(22) Pause Young (Allocation Failure) 196M->150M(403M) 14,450ms
[2024-08-04T16:35:24.800+0300][1,287s][info ][gc] GC(23) Pause Young (Allocation Failure) 208M->162M(406M) 17,609ms
[2024-08-04T16:35:24.829+0300][1,316s][info ][gc] GC(24) Pause Young (Allocation Failure) 222M->174M(404M) 17,042ms
[2024-08-04T16:35:24.861+0300][1,348s][info ][gc] GC(25) Pause Young (Allocation Failure) 234M->186M(410M) 20,110ms
[2024-08-04T16:35:24.895+0300][1,382s][info ][gc] GC(26) Pause Young (Allocation Failure) 255M->200M(408M) 20,188ms
[2024-08-04T16:35:24.930+0300][1,417s][info ][gc] GC(27) Pause Young (Allocation Failure) 269M->214M(415M) 20,757ms
[2024-08-04T16:35:24.966+0300][1,452s][info ][gc] GC(28) Pause Young (Allocation Failure) 292M->230M(412M) 20,490ms
[2024-08-04T16:35:24.989+0300][1,475s][info ][gc] GC(29) Pause Young (Allocation Failure) 308M->220M(418M) 4,957ms
[2024-08-04T16:35:25.021+0300][1,508s][info ][gc] GC(30) Pause Young (Allocation Failure) 306M->238M(417M) 16,250ms
[2024-08-04T16:35:25.063+0300][1,550s][info ][gc] GC(31) Pause Young (Allocation Failure) 324M->255M(422M) 25,081ms
[2024-08-04T16:35:25.100+0300][1,586s][info ][gc] GC(32) Pause Young (Allocation Failure) 347M->274M(420M) 19,690ms
[2024-08-04T16:35:25.137+0300][1,623s][info ][gc] GC(33) Pause Young (Allocation Failure) 366M->292M(424M) 19,557ms
[2024-08-04T16:35:25.238+0300][1,724s][debug][gc] GC(34) Expanding ParOldGen from 296448K by 29184K to 325632K
[2024-08-04T16:35:25.238+0300][1,725s][info ][gc] GC(34) Pause Full (Ergonomics) 292M->114M(452M) 100,967ms
[2024-08-04T16:35:25.269+0300][1,756s][info ][gc] GC(35) Pause Young (Allocation Failure) 213M->134M(454M) 12,187ms
[2024-08-04T16:35:25.318+0300][1,805s][info ][gc] GC(36) Pause Young (Allocation Failure) 235M->154M(453M) 29,619ms
[2024-08-04T16:35:25.367+0300][1,854s][info ][gc] GC(37) Pause Young (Allocation Failure) 255M->175M(455M) 30,213ms
[2024-08-04T16:35:25.419+0300][1,906s][info ][gc] GC(38) Pause Young (Allocation Failure) 278M->195M(454M) 31,878ms
[2024-08-04T16:35:25.471+0300][1,958s][info ][gc] GC(39) Pause Young (Allocation Failure) 298M->216M(456M) 32,970ms
[2024-08-04T16:35:25.522+0300][2,009s][info ][gc] GC(40) Pause Young (Allocation Failure) 321M->237M(455M) 31,601ms
[2024-08-04T16:35:25.561+0300][2,048s][info ][gc] GC(41) Pause Young (Allocation Failure) 342M->236M(457M) 12,272ms
[2024-08-04T16:35:25.614+0300][2,101s][info ][gc] GC(42) Pause Young (Allocation Failure) 343M->257M(456M) 33,893ms
[2024-08-04T16:35:25.670+0300][2,157s][info ][gc] GC(43) Pause Young (Allocation Failure) 364M->279M(457M) 36,342ms
[2024-08-04T16:35:25.722+0300][2,209s][info ][gc] GC(44) Pause Young (Allocation Failure) 387M->300M(457M) 32,115ms
[2024-08-04T16:35:25.773+0300][2,260s][info ][gc] GC(45) Pause Young (Allocation Failure) 409M->322M(458M) 31,471ms
[2024-08-04T16:35:25.927+0300][2,414s][debug][gc] GC(46) Expanding ParOldGen from 325632K by 24064K to 349696K
[2024-08-04T16:35:25.927+0300][2,414s][info ][gc] GC(46) Pause Full (Ergonomics) 322M->142M(481M) 153,417ms
[2024-08-04T16:35:25.995+0300][2,482s][info ][gc] GC(47) Pause Young (Allocation Failure) 252M->164M(481M) 11,311ms
[2024-08-04T16:35:26.045+0300][2,532s][info ][gc] GC(48) Pause Young (Allocation Failure) 274M->186M(481M) 29,899ms
[2024-08-04T16:35:26.125+0300][2,612s][info ][gc] GC(49) Pause Young (Allocation Failure) 296M->208M(482M) 32,296ms
[2024-08-04T16:35:26.179+0300][2,666s][info ][gc] GC(50) Pause Young (Allocation Failure) 319M->230M(482M) 32,725ms
[2024-08-04T16:35:26.212+0300][2,699s][info ][gc] GC(51) Pause Young (Allocation Failure) 341M->222M(481M) 9,105ms
[2024-08-04T16:35:26.261+0300][2,747s][info ][gc] GC(52) Pause Young (Allocation Failure) 333M->245M(482M) 28,148ms
[2024-08-04T16:35:26.316+0300][2,802s][info ][gc] GC(53) Pause Young (Allocation Failure) 355M->267M(482M) 33,842ms
[2024-08-04T16:35:26.367+0300][2,854s][info ][gc] GC(54) Pause Young (Allocation Failure) 378M->289M(482M) 31,522ms
[2024-08-04T16:35:26.421+0300][2,908s][info ][gc] GC(55) Pause Young (Allocation Failure) 401M->312M(483M) 32,407ms
[2024-08-04T16:35:26.474+0300][2,961s][info ][gc] GC(56) Pause Young (Allocation Failure) 424M->334M(482M) 32,266ms
[2024-08-04T16:35:26.641+0300][3,128s][info ][gc] GC(57) Pause Full (Ergonomics) 334M->162M(483M) 167,102ms
[2024-08-04T16:35:26.677+0300][3,164s][info ][gc] GC(58) Pause Young (Allocation Failure) 274M->184M(483M) 15,253ms
[2024-08-04T16:35:26.730+0300][3,217s][info ][gc] GC(59) Pause Young (Allocation Failure) 297M->207M(483M) 31,284ms
[2024-08-04T16:35:26.781+0300][3,268s][info ][gc] GC(60) Pause Young (Allocation Failure) 320M->230M(483M) 29,966ms
[2024-08-04T16:35:26.812+0300][3,299s][info ][gc] GC(61) Pause Young (Allocation Failure) 343M->221M(482M) 7,273ms
[2024-08-04T16:35:26.859+0300][3,346s][info ][gc] GC(62) Pause Young (Allocation Failure) 334M->244M(483M) 25,838ms
[2024-08-04T16:35:26.914+0300][3,400s][info ][gc] GC(63) Pause Young (Allocation Failure) 356M->266M(483M) 34,374ms
[2024-08-04T16:35:26.965+0300][3,452s][info ][gc] GC(64) Pause Young (Allocation Failure) 379M->289M(483M) 30,024ms
[2024-08-04T16:35:27.017+0300][3,503s][info ][gc] GC(65) Pause Young (Allocation Failure) 402M->312M(483M) 30,320ms
[2024-08-04T16:35:27.065+0300][3,551s][info ][gc] GC(66) Pause Young (Allocation Failure) 425M->334M(483M) 27,352ms
[2024-08-04T16:35:27.227+0300][3,714s][info ][gc] GC(67) Pause Full (Ergonomics) 334M->163M(483M) 162,197ms
[2024-08-04T16:35:27.262+0300][3,748s][info ][gc] GC(68) Pause Young (Allocation Failure) 277M->186M(483M) 11,304ms
[2024-08-04T16:35:27.313+0300][3,800s][info ][gc] GC(69) Pause Young (Allocation Failure) 300M->209M(484M) 30,294ms
[2024-08-04T16:35:27.371+0300][3,858s][info ][gc] GC(70) Pause Young (Allocation Failure) 323M->232M(484M) 35,543ms
[2024-08-04T16:35:27.420+0300][3,907s][info ][gc] GC(71) Pause Young (Allocation Failure) 346M->226M(484M) 13,284ms
[2024-08-04T16:35:27.471+0300][3,958s][info ][gc] GC(72) Pause Young (Allocation Failure) 340M->249M(484M) 28,653ms
[2024-08-04T16:35:27.527+0300][4,014s][info ][gc] GC(73) Pause Young (Allocation Failure) 363M->271M(484M) 34,857ms
[2024-08-04T16:35:27.572+0300][4,059s][info ][gc] GC(74) Pause Young (Allocation Failure) 386M->294M(484M) 23,952ms
[2024-08-04T16:35:27.616+0300][4,103s][info ][gc] GC(75) Pause Young (Allocation Failure) 409M->318M(484M) 23,195ms
[2024-08-04T16:35:27.662+0300][4,149s][info ][gc] GC(76) Pause Young (Allocation Failure) 432M->340M(484M) 24,988ms
[2024-08-04T16:35:27.823+0300][4,310s][info ][gc] GC(77) Pause Full (Ergonomics) 340M->167M(484M) 160,883ms
[2024-08-04T16:35:27.857+0300][4,344s][info ][gc] GC(78) Pause Young (Allocation Failure) 283M->191M(484M) 11,869ms
[2024-08-04T16:35:27.912+0300][4,399s][info ][gc] GC(79) Pause Young (Allocation Failure) 306M->214M(484M) 34,593ms
[2024-08-04T16:35:27.966+0300][4,453s][info ][gc] GC(80) Pause Young (Allocation Failure) 329M->237M(484M) 33,094ms
[2024-08-04T16:35:28.005+0300][4,492s][info ][gc] GC(81) Pause Young (Allocation Failure) 353M->236M(485M) 14,814ms
[2024-08-04T16:35:28.061+0300][4,547s][info ][gc] GC(82) Pause Young (Allocation Failure) 352M->259M(484M) 34,277ms
[2024-08-04T16:35:28.115+0300][4,602s][info ][gc] GC(83) Pause Young (Allocation Failure) 375M->283M(485M) 33,050ms
[2024-08-04T16:35:28.171+0300][4,658s][info ][gc] GC(84) Pause Young (Allocation Failure) 400M->306M(485M) 34,578ms
[2024-08-04T16:35:28.224+0300][4,711s][info ][gc] GC(85) Pause Young (Allocation Failure) 423M->330M(485M) 31,229ms
[2024-08-04T16:35:28.277+0300][4,764s][info ][gc] GC(86) Pause Young (Allocation Failure) 447M->353M(485M) 30,958ms
[2024-08-04T16:35:28.452+0300][4,939s][info ][gc] GC(87) Pause Full (Ergonomics) 353M->175M(485M) 175,178ms
[2024-08-04T16:35:28.488+0300][4,975s][info ][gc] GC(88) Pause Young (Allocation Failure) 293M->199M(485M) 14,549ms
[2024-08-04T16:35:28.547+0300][5,034s][info ][gc] GC(89) Pause Young (Allocation Failure) 316M->222M(485M) 37,693ms
[2024-08-04T16:35:28.579+0300][5,066s][info ][gc] GC(90) Pause Young (Allocation Failure) 340M->207M(467M) 6,387ms
[2024-08-04T16:35:28.630+0300][5,117s][info ][gc] GC(91) Pause Young (Allocation Failure) 324M->230M(483M) 29,383ms
[2024-08-04T16:35:28.690+0300][5,177s][info ][gc] GC(92) Pause Young (Allocation Failure) 343M->253M(483M) 40,023ms
[2024-08-04T16:35:28.735+0300][5,221s][info ][gc] GC(93) Pause Young (Allocation Failure) 365M->275M(484M) 23,317ms
[2024-08-04T16:35:28.778+0300][5,265s][info ][gc] GC(94) Pause Young (Allocation Failure) 389M->298M(483M) 22,949ms
[2024-08-04T16:35:28.823+0300][5,310s][info ][gc] GC(95) Pause Young (Allocation Failure) 412M->321M(484M) 23,714ms
[2024-08-04T16:35:28.875+0300][5,362s][info ][gc] GC(96) Pause Young (Allocation Failure) 436M->344M(484M) 31,101ms
[2024-08-04T16:35:29.066+0300][5,553s][info ][gc] GC(97) Pause Full (Ergonomics) 344M->181M(484M) 191,231ms
[2024-08-04T16:35:29.105+0300][5,592s][info ][gc] GC(98) Pause Young (Allocation Failure) 297M->204M(484M) 16,240ms
[2024-08-04T16:35:29.156+0300][5,643s][info ][gc] GC(99) Pause Young (Allocation Failure) 320M->228M(484M) 30,439ms
[2024-08-04T16:35:29.190+0300][5,677s][info ][gc] GC(100) Pause Young (Allocation Failure) 343M->217M(470M) 8,674ms
[2024-08-04T16:35:29.236+0300][5,723s][info ][gc] GC(101) Pause Young (Allocation Failure) 333M->240M(483M) 24,956ms
[2024-08-04T16:35:29.285+0300][5,772s][info ][gc] GC(102) Pause Young (Allocation Failure) 354M->263M(483M) 27,912ms
[2024-08-04T16:35:29.330+0300][5,817s][info ][gc] GC(103) Pause Young (Allocation Failure) 376M->286M(484M) 24,140ms
[2024-08-04T16:35:29.381+0300][5,868s][info ][gc] GC(104) Pause Young (Allocation Failure) 400M->309M(483M) 30,259ms
[2024-08-04T16:35:29.435+0300][5,922s][info ][gc] GC(105) Pause Young (Allocation Failure) 423M->332M(484M) 33,307ms
[2024-08-04T16:35:29.601+0300][6,088s][info ][gc] GC(106) Pause Full (Ergonomics) 332M->163M(484M) 165,312ms
[2024-08-04T16:35:29.636+0300][6,123s][info ][gc] GC(107) Pause Young (Allocation Failure) 278M->186M(484M) 14,853ms
[2024-08-04T16:35:29.691+0300][6,177s][info ][gc] GC(108) Pause Young (Allocation Failure) 302M->209M(484M) 33,118ms
[2024-08-04T16:35:29.736+0300][6,223s][info ][gc] GC(109) Pause Young (Allocation Failure) 325M->233M(484M) 24,177ms
[2024-08-04T16:35:29.773+0300][6,260s][info ][gc] GC(110) Pause Young (Allocation Failure) 348M->227M(484M) 12,836ms
[2024-08-04T16:35:29.816+0300][6,303s][info ][gc] GC(111) Pause Young (Allocation Failure) 343M->250M(484M) 21,753ms
[2024-08-04T16:35:29.878+0300][6,364s][info ][gc] GC(112) Pause Young (Allocation Failure) 366M->273M(484M) 32,108ms
[2024-08-04T16:35:29.931+0300][6,418s][info ][gc] GC(113) Pause Young (Allocation Failure) 389M->297M(484M) 32,232ms
[2024-08-04T16:35:29.984+0300][6,471s][info ][gc] GC(114) Pause Young (Allocation Failure) 412M->320M(484M) 31,316ms
[2024-08-04T16:35:30.028+0300][6,515s][info ][gc] GC(115) Pause Young (Allocation Failure) 435M->343M(485M) 23,008ms
[2024-08-04T16:35:30.198+0300][6,685s][info ][gc] GC(116) Pause Full (Ergonomics) 343M->169M(484M) 170,026ms
[2024-08-04T16:35:30.243+0300][6,730s][info ][gc] GC(117) Pause Young (Allocation Failure) 285M->193M(485M) 23,014ms
[2024-08-04T16:35:30.301+0300][6,788s][info ][gc] GC(118) Pause Young (Allocation Failure) 309M->216M(485M) 36,497ms
[2024-08-04T16:35:30.328+0300][6,815s][info ][gc] GC(119) Pause Young (Allocation Failure) 333M->194M(479M) 2,976ms
[2024-08-04T16:35:30.363+0300][6,850s][info ][gc] GC(120) Pause Young (Allocation Failure) 305M->216M(482M) 14,807ms
[2024-08-04T16:35:30.417+0300][6,904s][info ][gc] GC(121) Pause Young (Allocation Failure) 327M->238M(482M) 32,619ms
[2024-08-04T16:35:30.471+0300][6,958s][info ][gc] GC(122) Pause Young (Allocation Failure) 349M->261M(482M) 32,936ms
[2024-08-04T16:35:30.524+0300][7,011s][info ][gc] GC(123) Pause Young (Allocation Failure) 372M->283M(483M) 32,590ms
[2024-08-04T16:35:30.579+0300][7,066s][info ][gc] GC(124) Pause Young (Allocation Failure) 396M->306M(483M) 33,694ms
[2024-08-04T16:35:30.634+0300][7,121s][info ][gc] GC(125) Pause Young (Allocation Failure) 418M->328M(483M) 32,837ms
[2024-08-04T16:35:30.812+0300][7,299s][info ][gc] GC(126) Pause Full (Ergonomics) 328M->171M(483M) 178,169ms
[2024-08-04T16:35:30.887+0300][7,374s][info ][gc] GC(127) Pause Young (Allocation Failure) 284M->194M(483M) 18,655ms
[2024-08-04T16:35:30.943+0300][7,430s][info ][gc] GC(128) Pause Young (Allocation Failure) 308M->217M(483M) 33,958ms
[2024-08-04T16:35:30.971+0300][7,458s][info ][gc] GC(129) Pause Young (Allocation Failure) 330M->196M(478M) 3,878ms
[2024-08-04T16:35:31.006+0300][7,493s][info ][gc] GC(130) Pause Young (Allocation Failure) 304M->217M(481M) 15,462ms
[2024-08-04T16:35:31.060+0300][7,547s][info ][gc] GC(131) Pause Young (Allocation Failure) 326M->239M(481M) 33,070ms
[2024-08-04T16:35:31.114+0300][7,601s][info ][gc] GC(132) Pause Young (Allocation Failure) 349M->261M(481M) 32,927ms
[2024-08-04T16:35:31.168+0300][7,655s][info ][gc] GC(133) Pause Young (Allocation Failure) 371M->283M(482M) 33,234ms
[2024-08-04T16:35:31.221+0300][7,708s][info ][gc] GC(134) Pause Young (Allocation Failure) 394M->305M(482M) 32,259ms
[2024-08-04T16:35:31.271+0300][7,757s][info ][gc] GC(135) Pause Young (Allocation Failure) 416M->328M(482M) 29,190ms
[2024-08-04T16:35:31.428+0300][7,915s][info ][gc] GC(136) Pause Full (Ergonomics) 328M->169M(482M) 157,688ms
[2024-08-04T16:35:31.463+0300][7,950s][info ][gc] GC(137) Pause Young (Allocation Failure) 281M->192M(483M) 14,825ms
[2024-08-04T16:35:31.520+0300][8,007s][info ][gc] GC(138) Pause Young (Allocation Failure) 304M->214M(482M) 35,970ms
[2024-08-04T16:35:31.577+0300][8,064s][info ][gc] GC(139) Pause Young (Allocation Failure) 326M->237M(483M) 35,285ms
[2024-08-04T16:35:31.616+0300][8,103s][info ][gc] GC(140) Pause Young (Allocation Failure) 350M->235M(483M) 14,698ms
[2024-08-04T16:35:31.672+0300][8,159s][info ][gc] GC(141) Pause Young (Allocation Failure) 348M->258M(484M) 35,119ms
[2024-08-04T16:35:31.732+0300][8,219s][info ][gc] GC(142) Pause Young (Allocation Failure) 373M->281M(484M) 38,772ms
[2024-08-04T16:35:31.793+0300][8,280s][info ][gc] GC(143) Pause Young (Allocation Failure) 396M->304M(484M) 39,353ms
[2024-08-04T16:35:31.851+0300][8,338s][info ][gc] GC(144) Pause Young (Allocation Failure) 419M->327M(484M) 36,411ms
[2024-08-04T16:35:31.903+0300][8,390s][info ][gc] GC(145) Pause Young (Allocation Failure) 442M->350M(484M) 29,866ms
[2024-08-04T16:35:32.080+0300][8,567s][info ][gc] GC(146) Pause Full (Ergonomics) 350M->172M(484M) 176,611ms
[2024-08-04T16:35:32.120+0300][8,606s][info ][gc] GC(147) Pause Young (Allocation Failure) 287M->195M(484M) 18,776ms
[2024-08-04T16:35:32.186+0300][8,673s][info ][gc] GC(148) Pause Young (Allocation Failure) 310M->218M(484M) 44,492ms
[2024-08-04T16:35:32.216+0300][8,703s][info ][gc] GC(149) Pause Young (Allocation Failure) 334M->198M(479M) 4,605ms
[2024-08-04T16:35:32.256+0300][8,743s][info ][gc] GC(150) Pause Young (Allocation Failure) 309M->220M(482M) 19,725ms
[2024-08-04T16:35:32.317+0300][8,804s][info ][gc] GC(151) Pause Young (Allocation Failure) 331M->242M(482M) 40,326ms
[2024-08-04T16:35:32.379+0300][8,866s][info ][gc] GC(152) Pause Young (Allocation Failure) 353M->265M(482M) 40,526ms
[2024-08-04T16:35:32.440+0300][8,927s][info ][gc] GC(153) Pause Young (Allocation Failure) 376M->287M(483M) 40,123ms
[2024-08-04T16:35:32.483+0300][8,970s][info ][gc] GC(154) Pause Young (Allocation Failure) 399M->310M(482M) 22,795ms
[2024-08-04T16:35:32.527+0300][9,014s][info ][gc] GC(155) Pause Young (Allocation Failure) 422M->332M(483M) 23,849ms
[2024-08-04T16:35:32.695+0300][9,182s][info ][gc] GC(156) Pause Full (Ergonomics) 332M->173M(483M) 167,815ms
[2024-08-04T16:35:32.731+0300][9,217s][info ][gc] GC(157) Pause Young (Allocation Failure) 286M->196M(483M) 15,111ms
[2024-08-04T16:35:32.801+0300][9,287s][info ][gc] GC(158) Pause Young (Allocation Failure) 309M->218M(483M) 30,987ms
[2024-08-04T16:35:32.829+0300][9,316s][info ][gc] GC(159) Pause Young (Allocation Failure) 332M->199M(478M) 4,142ms
[2024-08-04T16:35:32.866+0300][9,353s][info ][gc] GC(160) Pause Young (Allocation Failure) 307M->221M(481M) 16,777ms
