[2024-08-04T16:35:40.804+0300][0.002s][info][gc] Using Parallel
[2024-08-04T16:35:41.090+0300][0,289s][info][gc] GC(0) Pause Young (Allocation Failure) 257M->52M(981M) 66,848ms
[2024-08-04T16:35:41.258+0300][0,456s][info][gc] GC(1) Pause Young (Allocation Failure) 308M->106M(981M) 116,583ms
[2024-08-04T16:35:41.382+0300][0,580s][info][gc] GC(2) Pause Young (Allocation Failure) 362M->161M(981M) 76,927ms
[2024-08-04T16:35:41.499+0300][0,697s][info][gc] GC(3) Pause Young (Allocation Failure) 417M->212M(981M) 71,005ms
[2024-08-04T16:35:41.636+0300][0,835s][info][gc] GC(4) Pause Young (Allocation Failure) 468M->235M(981M) 79,347ms
[2024-08-04T16:35:41.787+0300][0,985s][info][gc] GC(5) Pause Young (Allocation Failure) 491M->286M(839M) 103,658ms
[2024-08-04T16:35:41.853+0300][1,051s][info][gc] GC(6) Pause Young (Allocation Failure) 400M->309M(910M) 44,892ms
[2024-08-04T16:35:41.955+0300][1,153s][info][gc] GC(7) Pause Young (Allocation Failure) 423M->332M(910M) 75,940ms
[2024-08-04T16:35:42.120+0300][1,318s][info][gc] GC(8) Pause Young (Allocation Failure) 446M->355M(910M) 144,153ms
[2024-08-04T16:35:42.182+0300][1,380s][info][gc] GC(9) Pause Young (Allocation Failure) 469M->378M(910M) 40,687ms
[2024-08-04T16:35:42.237+0300][1,436s][info][gc] GC(10) Pause Young (Allocation Failure) 492M->401M(910M) 34,289ms
[2024-08-04T16:35:42.271+0300][1,469s][info][gc] GC(11) Pause Young (Allocation Failure) 515M->394M(910M) 8,733ms
[2024-08-04T16:35:42.314+0300][1,512s][info][gc] GC(12) Pause Young (Allocation Failure) 508M->417M(910M) 21,736ms
[2024-08-04T16:35:42.363+0300][1,561s][info][gc] GC(13) Pause Young (Allocation Failure) 531M->440M(910M) 27,760ms
[2024-08-04T16:35:42.410+0300][1,608s][info][gc] GC(14) Pause Young (Allocation Failure) 554M->463M(910M) 25,707ms
[2024-08-04T16:35:42.457+0300][1,655s][info][gc] GC(15) Pause Young (Allocation Failure) 577M->486M(910M) 25,305ms
[2024-08-04T16:35:42.504+0300][1,702s][info][gc] GC(16) Pause Young (Allocation Failure) 600M->509M(910M) 25,133ms
[2024-08-04T16:35:42.551+0300][1,750s][info][gc] GC(17) Pause Young (Allocation Failure) 623M->532M(910M) 26,325ms
[2024-08-04T16:35:42.601+0300][1,799s][info][gc] GC(18) Pause Young (Allocation Failure) 646M->554M(910M) 27,832ms
[2024-08-04T16:35:42.650+0300][1,848s][info][gc] GC(19) Pause Young (Allocation Failure) 668M->577M(912M) 28,000ms
[2024-08-04T16:35:42.687+0300][1,886s][info][gc] GC(20) Pause Young (Allocation Failure) 693M->575M(910M) 10,251ms
[2024-08-04T16:35:42.732+0300][1,930s][info][gc] GC(21) Pause Young (Allocation Failure) 690M->598M(919M) 23,252ms
[2024-08-04T16:35:42.783+0300][1,981s][info][gc] GC(22) Pause Young (Allocation Failure) 726M->624M(915M) 26,662ms
[2024-08-04T16:35:42.841+0300][2,039s][info][gc] GC(23) Pause Young (Allocation Failure) 752M->649M(929M) 34,579ms
[2024-08-04T16:35:42.906+0300][2,104s][info][gc] GC(24) Pause Young (Allocation Failure) 796M->679M(924M) 37,600ms
[2024-08-04T16:35:43.126+0300][2,324s][debug][gc] GC(25) Shrinking ParOldGen from 699392K by 189440K to 509952K
[2024-08-04T16:35:43.126+0300][2,324s][info ][gc] GC(25) Pause Full (Ergonomics) 679M->160M(749M) 219,581ms
[2024-08-04T16:35:43.173+0300][2,371s][info ][gc] GC(26) Pause Young (Allocation Failure) 321M->193M(749M) 16,877ms
[2024-08-04T16:35:43.244+0300][2,442s][info ][gc] GC(27) Pause Young (Allocation Failure) 354M->225M(758M) 41,356ms
[2024-08-04T16:35:43.290+0300][2,489s][info ][gc] GC(28) Pause Young (Allocation Failure) 400M->215M(754M) 10,757ms
[2024-08-04T16:35:43.362+0300][2,561s][info ][gc] GC(29) Pause Young (Allocation Failure) 390M->250M(764M) 40,220ms
[2024-08-04T16:35:43.446+0300][2,644s][info ][gc] GC(30) Pause Young (Allocation Failure) 438M->287M(761M) 48,720ms
[2024-08-04T16:35:43.534+0300][2,732s][info ][gc] GC(31) Pause Young (Allocation Failure) 476M->325M(769M) 53,250ms
[2024-08-04T16:35:43.616+0300][2,815s][info ][gc] GC(32) Pause Young (Allocation Failure) 525M->365M(767M) 45,767ms
[2024-08-04T16:35:43.663+0300][2,861s][info ][gc] GC(33) Pause Young (Allocation Failure) 565M->336M(769M) 6,605ms
[2024-08-04T16:35:43.730+0300][2,929s][info ][gc] GC(34) Pause Young (Allocation Failure) 539M->377M(770M) 30,734ms
[2024-08-04T16:35:43.821+0300][3,019s][info ][gc] GC(35) Pause Young (Allocation Failure) 580M->417M(771M) 53,107ms
[2024-08-04T16:35:43.910+0300][3,108s][info ][gc] GC(36) Pause Young (Allocation Failure) 622M->458M(770M) 51,461ms
[2024-08-04T16:35:43.999+0300][3,197s][info ][gc] GC(37) Pause Young (Allocation Failure) 663M->499M(773M) 51,811ms
[2024-08-04T16:35:44.217+0300][3,416s][debug][gc] GC(38) Expanding ParOldGen from 509952K by 128000K to 637952K
[2024-08-04T16:35:44.217+0300][3,416s][info ][gc] GC(38) Pause Full (Ergonomics) 499M->210M(897M) 218,211ms
[2024-08-04T16:35:44.272+0300][3,471s][info ][gc] GC(39) Pause Young (Allocation Failure) 418M->224M(896M) 9,448ms
[2024-08-04T16:35:44.348+0300][3,546s][info ][gc] GC(40) Pause Young (Allocation Failure) 431M->266M(897M) 37,219ms
[2024-08-04T16:35:44.448+0300][3,646s][info ][gc] GC(41) Pause Young (Allocation Failure) 473M->307M(898M) 62,163ms
[2024-08-04T16:35:44.544+0300][3,742s][info ][gc] GC(42) Pause Young (Allocation Failure) 516M->349M(897M) 57,635ms
[2024-08-04T16:35:44.638+0300][3,837s][info ][gc] GC(43) Pause Young (Allocation Failure) 557M->391M(899M) 56,599ms
[2024-08-04T16:35:44.695+0300][3,894s][info ][gc] GC(44) Pause Young (Allocation Failure) 601M->370M(898M) 15,124ms
[2024-08-04T16:35:44.776+0300][3,974s][info ][gc] GC(45) Pause Young (Allocation Failure) 580M->412M(899M) 42,183ms
[2024-08-04T16:35:44.870+0300][4,069s][info ][gc] GC(46) Pause Young (Allocation Failure) 624M->455M(899M) 55,535ms
[2024-08-04T16:35:44.965+0300][4,163s][info ][gc] GC(47) Pause Young (Allocation Failure) 667M->497M(900M) 55,498ms
[2024-08-04T16:35:45.058+0300][4,257s][info ][gc] GC(48) Pause Young (Allocation Failure) 709M->540M(899M) 55,010ms
[2024-08-04T16:35:45.121+0300][4,319s][info ][gc] GC(49) Pause Young (Allocation Failure) 752M->528M(902M) 20,462ms
[2024-08-04T16:35:45.209+0300][4,407s][info ][gc] GC(50) Pause Young (Allocation Failure) 744M->571M(900M) 49,041ms
[2024-08-04T16:35:45.306+0300][4,504s][info ][gc] GC(51) Pause Young (Allocation Failure) 787M->615M(902M) 57,782ms
[2024-08-04T16:35:45.480+0300][4,678s][debug][gc] GC(52) Shrinking ParOldGen from 637952K by 9728K to 628224K
[2024-08-04T16:35:45.480+0300][4,679s][info ][gc] GC(52) Pause Full (Ergonomics) 615M->154M(892M) 174,253ms
[2024-08-04T16:35:45.590+0300][4,789s][info ][gc] GC(53) Pause Young (Allocation Failure) 371M->197M(893M) 20,063ms
[2024-08-04T16:35:45.637+0300][4,835s][info ][gc] GC(54) Pause Young (Allocation Failure) 415M->157M(835M) 3,618ms
[2024-08-04T16:35:45.706+0300][4,904s][info ][gc] GC(55) Pause Young (Allocation Failure) 375M->201M(888M) 29,700ms
[2024-08-04T16:35:45.798+0300][4,997s][info ][gc] GC(56) Pause Young (Allocation Failure) 411M->243M(889M) 54,664ms
[2024-08-04T16:35:45.890+0300][5,088s][info ][gc] GC(57) Pause Young (Allocation Failure) 453M->285M(890M) 53,273ms
[2024-08-04T16:35:45.977+0300][5,175s][info ][gc] GC(58) Pause Young (Allocation Failure) 497M->327M(889M) 48,495ms
[2024-08-04T16:35:46.026+0300][5,224s][info ][gc] GC(59) Pause Young (Allocation Failure) 539M->299M(888M) 7,646ms
[2024-08-04T16:35:46.103+0300][5,301s][info ][gc] GC(60) Pause Young (Allocation Failure) 510M->341M(889M) 38,736ms
[2024-08-04T16:35:46.206+0300][5,404s][info ][gc] GC(61) Pause Young (Allocation Failure) 552M->383M(890M) 64,393ms
[2024-08-04T16:35:46.287+0300][5,485s][info ][gc] GC(62) Pause Young (Allocation Failure) 596M->426M(890M) 42,528ms
[2024-08-04T16:35:46.367+0300][5,565s][info ][gc] GC(63) Pause Young (Allocation Failure) 639M->469M(891M) 41,358ms
[2024-08-04T16:35:46.422+0300][5,620s][info ][gc] GC(64) Pause Young (Allocation Failure) 683M->451M(891M) 12,725ms
[2024-08-04T16:35:46.497+0300][5,696s][info ][gc] GC(65) Pause Young (Allocation Failure) 665M->494M(892M) 36,177ms
[2024-08-04T16:35:46.585+0300][5,784s][info ][gc] GC(66) Pause Young (Allocation Failure) 710M->537M(892M) 48,665ms
[2024-08-04T16:35:46.674+0300][5,872s][info ][gc] GC(67) Pause Young (Allocation Failure) 753M->581M(892M) 49,487ms
[2024-08-04T16:35:46.762+0300][5,960s][info ][gc] GC(68) Pause Young (Allocation Failure) 797M->624M(892M) 48,290ms
[2024-08-04T16:35:46.994+0300][6,193s][debug][gc] GC(69) Expanding ParOldGen from 628224K by 71168K to 699392K
[2024-08-04T16:35:46.994+0300][6,193s][info ][gc] GC(69) Pause Full (Ergonomics) 624M->234M(962M) 232,488ms
[2024-08-04T16:35:47.061+0300][6,259s][info ][gc] GC(70) Pause Young (Allocation Failure) 452M->274M(962M) 23,577ms
[2024-08-04T16:35:47.147+0300][6,346s][info ][gc] GC(71) Pause Young (Allocation Failure) 492M->317M(964M) 47,057ms
[2024-08-04T16:35:47.235+0300][6,433s][info ][gc] GC(72) Pause Young (Allocation Failure) 539M->362M(964M) 46,863ms
[2024-08-04T16:35:47.323+0300][6,521s][info ][gc] GC(73) Pause Young (Allocation Failure) 584M->406M(965M) 47,608ms
[2024-08-04T16:35:47.375+0300][6,573s][info ][gc] GC(74) Pause Young (Allocation Failure) 629M->377M(921M) 8,216ms
[2024-08-04T16:35:47.447+0300][6,645s][info ][gc] GC(75) Pause Young (Allocation Failure) 599M->422M(962M) 32,018ms
[2024-08-04T16:35:47.537+0300][6,735s][info ][gc] GC(76) Pause Young (Allocation Failure) 640M->465M(962M) 50,095ms
[2024-08-04T16:35:47.636+0300][6,835s][info ][gc] GC(77) Pause Young (Allocation Failure) 683M->509M(963M) 59,517ms
[2024-08-04T16:35:47.727+0300][6,926s][info ][gc] GC(78) Pause Young (Allocation Failure) 728M->553M(962M) 50,995ms
[2024-08-04T16:35:47.788+0300][6,986s][info ][gc] GC(79) Pause Young (Allocation Failure) 771M->542M(964M) 17,184ms
[2024-08-04T16:35:47.870+0300][7,068s][info ][gc] GC(80) Pause Young (Allocation Failure) 763M->586M(963M) 41,840ms
[2024-08-04T16:35:47.958+0300][7,156s][info ][gc] GC(81) Pause Young (Allocation Failure) 807M->630M(965M) 48,077ms
[2024-08-04T16:35:48.064+0300][7,262s][info ][gc] GC(82) Pause Young (Allocation Failure) 853M->675M(964M) 65,571ms
[2024-08-04T16:35:48.268+0300][7,467s][info ][gc] GC(83) Pause Full (Ergonomics) 675M->202M(965M) 204,186ms
[2024-08-04T16:35:48.318+0300][7,517s][info ][gc] GC(84) Pause Young (Allocation Failure) 425M->211M(915M) 6,674ms
