[2024-08-04T16:36:20.961+0300][0.002s][info][gc] Using Parallel
[2024-08-04T16:36:21.506+0300][0,548s][info][gc] GC(0) Pause Young (Allocation Failure) 641M->128M(2453M) 109,371ms
[2024-08-04T16:36:21.734+0300][0,775s][info][gc] GC(1) Pause Young (Allocation Failure) 768M->81M(2453M) 77,000ms
[2024-08-04T16:36:22.002+0300][1,043s][info][gc] GC(2) Pause Young (Allocation Failure) 721M->210M(2453M) 140,589ms
[2024-08-04T16:36:22.224+0300][1,266s][info][gc] GC(3) Pause Young (Allocation Failure) 850M->218M(2453M) 101,132ms
[2024-08-04T16:36:22.396+0300][1,437s][info][gc] GC(4) Pause Young (Allocation Failure) 858M->153M(2388M) 45,089ms
[2024-08-04T16:36:22.652+0300][1,693s][info][gc] GC(5) Pause Young (Allocation Failure) 793M->281M(2277M) 136,158ms
[2024-08-04T16:36:22.801+0300][1,842s][info][gc] GC(6) Pause Young (Allocation Failure) 680M->159M(2118M) 71,261ms
[2024-08-04T16:36:22.929+0300][1,970s][info][gc] GC(7) Pause Young (Allocation Failure) 558M->239M(2339M) 52,208ms
[2024-08-04T16:36:23.090+0300][2,132s][info][gc] GC(8) Pause Young (Allocation Failure) 636M->319M(2275M) 86,640ms
[2024-08-04T16:36:23.189+0300][2,230s][info][gc] GC(9) Pause Young (Allocation Failure) 716M->196M(2326M) 21,342ms
[2024-08-04T16:36:23.356+0300][2,398s][info][gc] GC(10) Pause Young (Allocation Failure) 580M->273M(2324M) 95,794ms
[2024-08-04T16:36:23.434+0300][2,475s][info][gc] GC(11) Pause Young (Allocation Failure) 657M->198M(2326M) 2,929ms
[2024-08-04T16:36:23.556+0300][2,598s][info][gc] GC(12) Pause Young (Allocation Failure) 593M->277M(2331M) 48,360ms
[2024-08-04T16:36:23.744+0300][2,786s][info][gc] GC(13) Pause Young (Allocation Failure) 672M->356M(2354M) 112,749ms
[2024-08-04T16:36:23.848+0300][2,889s][info][gc] GC(14) Pause Young (Allocation Failure) 786M->320M(2343M) 20,034ms
[2024-08-04T16:36:24.014+0300][3,055s][info][gc] GC(15) Pause Young (Allocation Failure) 750M->406M(2369M) 81,013ms
[2024-08-04T16:36:24.112+0300][3,153s][info][gc] GC(16) Pause Young (Allocation Failure) 867M->340M(2358M) 10,181ms
[2024-08-04T16:36:24.265+0300][3,307s][info][gc] GC(17) Pause Young (Allocation Failure) 801M->433M(2375M) 67,500ms
[2024-08-04T16:36:24.362+0300][3,403s][info][gc] GC(18) Pause Young (Allocation Failure) 910M->347M(2369M) 5,065ms
[2024-08-04T16:36:24.513+0300][3,555s][info][gc] GC(19) Pause Young (Allocation Failure) 824M->442M(2376M) 62,775ms
[2024-08-04T16:36:24.724+0300][3,765s][info][gc] GC(20) Pause Young (Allocation Failure) 924M->539M(2373M) 120,774ms
[2024-08-04T16:36:24.857+0300][3,898s][info][gc] GC(21) Pause Young (Allocation Failure) 1021M->535M(2382M) 40,831ms
[2024-08-04T16:36:25.064+0300][4,105s][info][gc] GC(22) Pause Young (Allocation Failure) 1029M->635M(2378M) 114,421ms
[2024-08-04T16:36:25.198+0300][4,240s][info][gc] GC(23) Pause Young (Allocation Failure) 1129M->625M(2391M) 40,097ms
[2024-08-04T16:36:25.406+0300][4,447s][info][gc] GC(24) Pause Young (Allocation Failure) 1134M->727M(2385M) 112,661ms
[2024-08-04T16:36:25.544+0300][4,585s][info][gc] GC(25) Pause Young (Allocation Failure) 1236M->716M(2397M) 40,595ms
[2024-08-04T16:36:25.756+0300][4,797s][info][gc] GC(26) Pause Young (Allocation Failure) 1239M->821M(2392M) 114,423ms
[2024-08-04T16:36:25.902+0300][4,944s][info][gc] GC(27) Pause Young (Allocation Failure) 1344M->816M(2400M) 46,535ms
[2024-08-04T16:36:26.011+0300][5,052s][info][gc] GC(28) Pause Young (Allocation Failure) 1346M->720M(2241M) 5,838ms
[2024-08-04T16:36:26.181+0300][5,222s][info][gc] GC(29) Pause Young (Allocation Failure) 1251M->826M(2391M) 71,557ms
[2024-08-04T16:36:26.291+0300][5,332s][info][gc] GC(30) Pause Young (Allocation Failure) 1343M->732M(2236M) 10,323ms
