[2024-08-04T16:36:48.841+0300][0.005s][info][gc] Using Parallel
[2024-08-04T16:36:49.618+0300][0,782s][info][gc] GC(0) Pause Young (Allocation Failure) 961M->191M(3680M) 159,556ms
[2024-08-04T16:36:50.015+0300][1,179s][info][gc] GC(1) Pause Young (Allocation Failure) 1151M->215M(3680M) 162,615ms
[2024-08-04T16:36:50.336+0300][1,500s][info][gc] GC(2) Pause Young (Allocation Failure) 1175M->229M(3680M) 135,931ms
[2024-08-04T16:36:50.652+0300][1,816s][info][gc] GC(3) Pause Young (Allocation Failure) 1189M->234M(3680M) 131,519ms
[2024-08-04T16:36:50.962+0300][2,126s][info][gc] GC(4) Pause Young (Allocation Failure) 1194M->230M(3676M) 128,174ms
[2024-08-04T16:36:51.260+0300][2,424s][info][gc] GC(5) Pause Young (Allocation Failure) 1190M->220M(3598M) 116,564ms
[2024-08-04T16:36:51.574+0300][2,738s][info][gc] GC(6) Pause Young (Allocation Failure) 1094M->194M(3518M) 149,328ms
[2024-08-04T16:36:51.764+0300][2,928s][info][gc] GC(7) Pause Young (Allocation Failure) 1068M->167M(3598M) 25,818ms
[2024-08-04T16:36:51.938+0300][3,102s][info][gc] GC(8) Pause Young (Allocation Failure) 988M->130M(3401M) 13,333ms
[2024-08-04T16:36:52.202+0300][3,366s][info][gc] GC(9) Pause Young (Allocation Failure) 951M->294M(3579M) 112,081ms
[2024-08-04T16:36:52.418+0300][3,582s][info][gc] GC(10) Pause Young (Allocation Failure) 1070M->248M(3588M) 67,008ms
[2024-08-04T16:36:52.611+0300][3,775s][info][gc] GC(11) Pause Young (Allocation Failure) 1024M->202M(3602M) 45,511ms
[2024-08-04T16:36:52.801+0300][3,965s][info][gc] GC(12) Pause Young (Allocation Failure) 1003M->160M(3412M) 38,043ms
[2024-08-04T16:36:52.961+0300][4,125s][info][gc] GC(13) Pause Young (Allocation Failure) 962M->119M(3582M) 5,958ms
[2024-08-04T16:36:53.199+0300][4,363s][info][gc] GC(14) Pause Young (Allocation Failure) 900M->276M(3497M) 93,009ms
[2024-08-04T16:36:53.406+0300][4,570s][info][gc] GC(15) Pause Young (Allocation Failure) 1057M->240M(3600M) 57,025ms
[2024-08-04T16:36:53.603+0300][4,767s][info][gc] GC(16) Pause Young (Allocation Failure) 1028M->196M(3588M) 45,124ms
