[2024-08-04T16:36:15.066+0300][0.005s][info][gc] Using Parallel
[2024-08-04T16:36:15.613+0300][0,552s][info][gc] GC(0) Pause Young (Allocation Failure) 577M->116M(2208M) 124,085ms
[2024-08-04T16:36:15.932+0300][0,871s][info][gc] GC(1) Pause Young (Allocation Failure) 692M->238M(2208M) 202,196ms
[2024-08-04T16:36:16.181+0300][1,119s][info][gc] GC(2) Pause Young (Allocation Failure) 814M->293M(2208M) 123,895ms
[2024-08-04T16:36:16.357+0300][1,296s][info][gc] GC(3) Pause Young (Allocation Failure) 869M->261M(2208M) 66,158ms
[2024-08-04T16:36:16.610+0300][1,548s][info][gc] GC(4) Pause Young (Allocation Failure) 837M->376M(2208M) 145,661ms
[2024-08-04T16:36:16.792+0300][1,731s][info][gc] GC(5) Pause Young (Allocation Failure) 952M->374M(1912M) 67,742ms
[2024-08-04T16:36:17.025+0300][1,964s][info][gc] GC(6) Pause Young (Allocation Failure) 654M->430M(2060M) 181,237ms
[2024-08-04T16:36:17.126+0300][2,065s][info][gc] GC(7) Pause Young (Allocation Failure) 710M->486M(2062M) 48,926ms
[2024-08-04T16:36:17.198+0300][2,137s][info][gc] GC(8) Pause Young (Allocation Failure) 778M->343M(1855M) 14,450ms
[2024-08-04T16:36:17.300+0300][2,239s][info][gc] GC(9) Pause Young (Allocation Failure) 635M->401M(2062M) 47,432ms
[2024-08-04T16:36:17.447+0300][2,385s][info][gc] GC(10) Pause Young (Allocation Failure) 680M->457M(2056M) 95,086ms
[2024-08-04T16:36:17.553+0300][2,492s][info][gc] GC(11) Pause Young (Allocation Failure) 736M->513M(2065M) 54,440ms
[2024-08-04T16:36:17.632+0300][2,571s][info][gc] GC(12) Pause Young (Allocation Failure) 801M->510M(2062M) 22,471ms
[2024-08-04T16:36:17.738+0300][2,676s][info][gc] GC(13) Pause Young (Allocation Failure) 797M->567M(2073M) 52,406ms
[2024-08-04T16:36:17.860+0300][2,799s][info][gc] GC(14) Pause Young (Allocation Failure) 869M->628M(2068M) 65,217ms
[2024-08-04T16:36:17.939+0300][2,878s][info][gc] GC(15) Pause Young (Allocation Failure) 930M->597M(2082M) 19,125ms
[2024-08-04T16:36:18.080+0300][3,018s][info][gc] GC(16) Pause Young (Allocation Failure) 919M->661M(2080M) 80,645ms
[2024-08-04T16:36:18.202+0300][3,141s][info][gc] GC(17) Pause Young (Allocation Failure) 983M->726M(2100M) 62,365ms
[2024-08-04T16:36:18.285+0300][3,224s][info][gc] GC(18) Pause Young (Allocation Failure) 1077M->688M(2091M) 15,046ms
[2024-08-04T16:36:18.403+0300][3,342s][info][gc] GC(19) Pause Young (Allocation Failure) 1039M->759M(2113M) 52,938ms
[2024-08-04T16:36:18.553+0300][3,492s][info][gc] GC(20) Pause Young (Allocation Failure) 1134M->834M(2102M) 79,524ms
[2024-08-04T16:36:18.648+0300][3,587s][info][gc] GC(21) Pause Young (Allocation Failure) 1209M->804M(2129M) 21,649ms
[2024-08-04T16:36:18.795+0300][3,733s][info][gc] GC(22) Pause Young (Allocation Failure) 1217M->887M(2124M) 69,507ms
[2024-08-04T16:36:18.882+0300][3,821s][info][gc] GC(23) Pause Young (Allocation Failure) 1300M->814M(2132M) 7,793ms
[2024-08-04T16:36:19.021+0300][3,960s][info][gc] GC(24) Pause Young (Allocation Failure) 1242M->899M(2134M) 58,932ms
[2024-08-04T16:36:19.211+0300][4,150s][info][gc] GC(25) Pause Young (Allocation Failure) 1327M->985M(2141M) 110,816ms
[2024-08-04T16:36:19.327+0300][4,266s][info][gc] GC(26) Pause Young (Allocation Failure) 1424M->966M(2137M) 32,019ms
[2024-08-04T16:36:19.508+0300][4,447s][info][gc] GC(27) Pause Young (Allocation Failure) 1405M->1054M(2152M) 99,277ms
[2024-08-04T16:36:19.618+0300][4,557s][info][gc] GC(28) Pause Young (Allocation Failure) 1516M->1012M(2150M) 20,573ms
[2024-08-04T16:36:19.790+0300][4,729s][info][gc] GC(29) Pause Young (Allocation Failure) 1474M->1105M(2154M) 86,197ms
[2024-08-04T16:36:19.896+0300][4,834s][info][gc] GC(30) Pause Young (Allocation Failure) 1574M->1043M(2154M) 15,519ms
[2024-08-04T16:36:20.046+0300][4,985s][info][gc] GC(31) Pause Young (Allocation Failure) 1512M->1137M(2152M) 63,220ms
[2024-08-04T16:36:20.150+0300][5,089s][info][gc] GC(32) Pause Young (Allocation Failure) 1605M->1059M(2021M) 13,833ms
[2024-08-04T16:36:20.294+0300][5,233s][info][gc] GC(33) Pause Young (Allocation Failure) 1527M->1153M(2148M) 57,247ms
[2024-08-04T16:36:20.387+0300][5,326s][info][gc] GC(34) Pause Young (Allocation Failure) 1614M->1060M(1998M) 3,257ms
[2024-08-04T16:36:20.526+0300][5,465s][info][gc] GC(35) Pause Young (Allocation Failure) 1521M->1152M(2143M) 54,155ms
[2024-08-04T16:36:20.723+0300][5,661s][info][gc] GC(36) Pause Young (Allocation Failure) 1603M->1243M(2145M) 112,877ms
