[2024-08-04T16:35:55.663+0300][0.004s][info][gc] Using Parallel
[2024-08-04T16:35:56.058+0300][0,399s][info][gc] GC(0) Pause Young (Allocation Failure) 385M->77M(1472M) 75,602ms
[2024-08-04T16:35:56.276+0300][0,617s][info][gc] GC(1) Pause Young (Allocation Failure) 461M->159M(1472M) 142,126ms
[2024-08-04T16:35:56.396+0300][0,737s][info][gc] GC(2) Pause Young (Allocation Failure) 543M->133M(1472M) 37,109ms
[2024-08-04T16:35:56.592+0300][0,934s][info][gc] GC(3) Pause Young (Allocation Failure) 517M->210M(1472M) 120,215ms
[2024-08-04T16:35:56.781+0300][1,123s][info][gc] GC(4) Pause Young (Allocation Failure) 594M->287M(1472M) 116,756ms
[2024-08-04T16:35:56.911+0300][1,253s][info][gc] GC(5) Pause Young (Allocation Failure) 671M->290M(1259M) 56,466ms
[2024-08-04T16:35:57.027+0300][1,369s][info][gc] GC(6) Pause Young (Allocation Failure) 461M->324M(1365M) 85,246ms
[2024-08-04T16:35:57.242+0300][1,584s][info][gc] GC(7) Pause Young (Allocation Failure) 495M->359M(1373M) 183,875ms
[2024-08-04T16:35:57.323+0300][1,665s][info][gc] GC(8) Pause Young (Allocation Failure) 537M->394M(1365M) 48,264ms
[2024-08-04T16:35:57.417+0300][1,758s][info][gc] GC(9) Pause Young (Allocation Failure) 573M->430M(1379M) 60,335ms
[2024-08-04T16:35:57.463+0300][1,805s][info][gc] GC(10) Pause Young (Allocation Failure) 627M->368M(1229M) 5,581ms
[2024-08-04T16:35:57.549+0300][1,890s][info][gc] GC(11) Pause Young (Allocation Failure) 564M->407M(1369M) 27,687ms
[2024-08-04T16:35:57.644+0300][1,986s][info][gc] GC(12) Pause Young (Allocation Failure) 587M->443M(1370M) 61,840ms
[2024-08-04T16:35:57.720+0300][2,061s][info][gc] GC(13) Pause Young (Allocation Failure) 623M->479M(1372M) 42,929ms
[2024-08-04T16:35:57.796+0300][2,137s][info][gc] GC(14) Pause Young (Allocation Failure) 662M->516M(1370M) 42,656ms
[2024-08-04T16:35:57.883+0300][2,224s][info][gc] GC(15) Pause Young (Allocation Failure) 699M->553M(1378M) 52,941ms
[2024-08-04T16:35:57.939+0300][2,281s][info][gc] GC(16) Pause Young (Allocation Failure) 746M->547M(1375M) 17,498ms
[2024-08-04T16:35:58.027+0300][2,368s][info][gc] GC(17) Pause Young (Allocation Failure) 740M->586M(1386M) 51,954ms
[2024-08-04T16:35:58.128+0300][2,469s][info][gc] GC(18) Pause Young (Allocation Failure) 794M->627M(1381M) 62,229ms
[2024-08-04T16:35:58.209+0300][2,550s][info][gc] GC(19) Pause Young (Allocation Failure) 835M->669M(1398M) 43,498ms
[2024-08-04T16:35:58.302+0300][2,643s][info][gc] GC(20) Pause Young (Allocation Failure) 899M->715M(1392M) 51,086ms
[2024-08-04T16:35:58.368+0300][2,710s][info][gc] GC(21) Pause Young (Allocation Failure) 946M->712M(1409M) 21,426ms
[2024-08-04T16:35:58.469+0300][2,810s][info][gc] GC(22) Pause Young (Allocation Failure) 966M->763M(1404M) 54,745ms
[2024-08-04T16:35:58.573+0300][2,915s][info][gc] GC(23) Pause Young (Allocation Failure) 1017M->814M(1422M) 58,220ms
[2024-08-04T16:35:58.688+0300][3,030s][info][gc] GC(24) Pause Young (Allocation Failure) 1092M->870M(1416M) 64,593ms
[2024-08-04T16:35:58.769+0300][3,110s][info][gc] GC(25) Pause Young (Allocation Failure) 1148M->869M(1432M) 26,452ms
[2024-08-04T16:35:58.891+0300][3,232s][info][gc] GC(26) Pause Young (Allocation Failure) 1169M->929M(1427M) 68,220ms
[2024-08-04T16:35:59.013+0300][3,355s][info][gc] GC(27) Pause Young (Allocation Failure) 1229M->989M(1438M) 67,731ms
[2024-08-04T16:35:59.098+0300][3,440s][info][gc] GC(28) Pause Young (Allocation Failure) 1302M->965M(1435M) 24,042ms
[2024-08-04T16:35:59.208+0300][3,550s][info][gc] GC(29) Pause Young (Allocation Failure) 1278M->1027M(1439M) 54,000ms
[2024-08-04T16:35:59.393+0300][3,734s][debug][gc] GC(30) Shrinking ParOldGen from 1048576K by 406016K to 642560K
[2024-08-04T16:35:59.393+0300][3,734s][info ][gc] GC(30) Pause Full (Ergonomics) 1027M->135M(1042M) 184,426ms
[2024-08-04T16:35:59.490+0300][3,832s][info ][gc] GC(31) Pause Young (Allocation Failure) 453M->199M(1044M) 36,347ms
[2024-08-04T16:35:59.564+0300][3,905s][info ][gc] GC(32) Pause Young (Allocation Failure) 519M->160M(972M) 12,598ms
[2024-08-04T16:35:59.699+0300][4,040s][info ][gc] GC(33) Pause Young (Allocation Failure) 480M->224M(1042M) 77,158ms
[2024-08-04T16:35:59.821+0300][4,163s][info ][gc] GC(34) Pause Young (Allocation Failure) 542M->288M(1042M) 65,057ms
[2024-08-04T16:35:59.890+0300][4,232s][info ][gc] GC(35) Pause Young (Allocation Failure) 606M->238M(1038M) 7,927ms
[2024-08-04T16:35:59.995+0300][4,337s][info ][gc] GC(36) Pause Young (Allocation Failure) 552M->301M(1040M) 48,767ms
[2024-08-04T16:36:00.140+0300][4,482s][info ][gc] GC(37) Pause Young (Allocation Failure) 615M->364M(1041M) 88,520ms
[2024-08-04T16:36:00.204+0300][4,545s][info ][gc] GC(38) Pause Young (Allocation Failure) 679M->303M(944M) 3,628ms
[2024-08-04T16:36:00.297+0300][4,638s][info ][gc] GC(39) Pause Young (Allocation Failure) 617M->366M(1037M) 36,496ms
[2024-08-04T16:36:00.428+0300][4,769s][info ][gc] GC(40) Pause Young (Allocation Failure) 673M->427M(1037M) 75,030ms
[2024-08-04T16:36:00.551+0300][4,893s][info ][gc] GC(41) Pause Young (Allocation Failure) 734M->489M(1038M) 68,025ms
[2024-08-04T16:36:00.635+0300][4,976s][info ][gc] GC(42) Pause Young (Allocation Failure) 798M->475M(1037M) 22,884ms
[2024-08-04T16:36:00.748+0300][5,090s][info ][gc] GC(43) Pause Young (Allocation Failure) 784M->537M(1043M) 57,350ms
[2024-08-04T16:36:00.902+0300][5,243s][info ][gc] GC(44) Pause Young (Allocation Failure) 857M->601M(1043M) 96,280ms
[2024-08-04T16:36:01.109+0300][5,450s][debug][gc] GC(45) Expanding ParOldGen from 642560K by 157696K to 800256K
[2024-08-04T16:36:01.109+0300][5,450s][info ][gc] GC(45) Pause Full (Ergonomics) 601M->210M(1197M) 206,823ms
[2024-08-04T16:36:01.192+0300][5,534s][info ][gc] GC(46) Pause Young (Allocation Failure) 530M->246M(1197M) 22,161ms
[2024-08-04T16:36:01.319+0300][5,661s][info ][gc] GC(47) Pause Young (Allocation Failure) 566M->310M(1198M) 68,732ms
[2024-08-04T16:36:01.449+0300][5,791s][info ][gc] GC(48) Pause Young (Allocation Failure) 632M->374M(1168M) 71,614ms
[2024-08-04T16:36:01.526+0300][5,867s][info ][gc] GC(49) Pause Young (Allocation Failure) 696M->337M(1197M) 14,493ms
[2024-08-04T16:36:01.638+0300][5,980s][info ][gc] GC(50) Pause Young (Allocation Failure) 657M->401M(1197M) 55,346ms
[2024-08-04T16:36:01.770+0300][6,112s][info ][gc] GC(51) Pause Young (Allocation Failure) 721M->466M(1197M) 73,674ms
[2024-08-04T16:36:01.842+0300][6,184s][info ][gc] GC(52) Pause Young (Allocation Failure) 786M->419M(1119M) 10,382ms
[2024-08-04T16:36:01.942+0300][6,284s][info ][gc] GC(53) Pause Young (Allocation Failure) 739M->483M(1194M) 42,737ms
[2024-08-04T16:36:02.083+0300][6,424s][info ][gc] GC(54) Pause Young (Allocation Failure) 798M->547M(1195M) 83,347ms
[2024-08-04T16:36:02.148+0300][6,489s][info ][gc] GC(55) Pause Young (Allocation Failure) 862M->490M(1188M) 4,642ms
