[2024-08-04T16:36:08.683+0300][0.003s][info][gc] Using Parallel
[2024-08-04T16:36:09.151+0300][0,472s][info][gc] GC(0) Pause Young (Allocation Failure) 513M->104M(1963M) 94,150ms
[2024-08-04T16:36:09.408+0300][0,729s][info][gc] GC(1) Pause Young (Allocation Failure) 616M->209M(1963M) 155,969ms
[2024-08-04T16:36:09.622+0300][0,942s][info][gc] GC(2) Pause Young (Allocation Failure) 721M->237M(1963M) 102,443ms
[2024-08-04T16:36:09.867+0300][1,187s][info][gc] GC(3) Pause Young (Allocation Failure) 750M->340M(1963M) 147,079ms
[2024-08-04T16:36:10.060+0300][1,380s][info][gc] GC(4) Pause Young (Allocation Failure) 852M->372M(1963M) 96,273ms
[2024-08-04T16:36:10.301+0300][1,621s][info][gc] GC(5) Pause Young (Allocation Failure) 884M->475M(1678M) 148,390ms
[2024-08-04T16:36:10.405+0300][1,725s][info][gc] GC(6) Pause Young (Allocation Failure) 702M->453M(1820M) 56,043ms
[2024-08-04T16:36:10.591+0300][1,911s][info][gc] GC(7) Pause Young (Allocation Failure) 681M->499M(1820M) 145,239ms
[2024-08-04T16:36:10.671+0300][1,992s][info][gc] GC(8) Pause Young (Allocation Failure) 727M->545M(1820M) 39,222ms
[2024-08-04T16:36:10.805+0300][2,125s][info][gc] GC(9) Pause Young (Allocation Failure) 772M->590M(1821M) 92,747ms
[2024-08-04T16:36:10.855+0300][2,175s][info][gc] GC(10) Pause Young (Allocation Failure) 818M->508M(1820M) 5,090ms
[2024-08-04T16:36:10.944+0300][2,264s][info][gc] GC(11) Pause Young (Allocation Failure) 736M->553M(1820M) 47,636ms
[2024-08-04T16:36:11.065+0300][2,385s][info][gc] GC(12) Pause Young (Allocation Failure) 781M->599M(1820M) 80,238ms
[2024-08-04T16:36:11.154+0300][2,474s][info][gc] GC(13) Pause Young (Allocation Failure) 826M->644M(1820M) 47,737ms
[2024-08-04T16:36:11.242+0300][2,563s][info][gc] GC(14) Pause Young (Allocation Failure) 872M->690M(1820M) 45,964ms
[2024-08-04T16:36:11.303+0300][2,623s][info][gc] GC(15) Pause Young (Allocation Failure) 917M->679M(1827M) 16,127ms
[2024-08-04T16:36:11.404+0300][2,724s][info][gc] GC(16) Pause Young (Allocation Failure) 916M->727M(1823M) 57,886ms
[2024-08-04T16:36:11.513+0300][2,833s][info][gc] GC(17) Pause Young (Allocation Failure) 964M->774M(1842M) 65,070ms
[2024-08-04T16:36:11.610+0300][2,930s][info][gc] GC(18) Pause Young (Allocation Failure) 1038M->827M(1835M) 47,922ms
[2024-08-04T16:36:11.682+0300][3,002s][info][gc] GC(19) Pause Young (Allocation Failure) 1091M->808M(1856M) 21,109ms
[2024-08-04T16:36:11.797+0300][3,117s][info][gc] GC(20) Pause Young (Allocation Failure) 1102M->867M(1851M) 60,763ms
[2024-08-04T16:36:11.931+0300][3,251s][info][gc] GC(21) Pause Young (Allocation Failure) 1161M->926M(1875M) 80,909ms
[2024-08-04T16:36:12.002+0300][3,322s][info][gc] GC(22) Pause Young (Allocation Failure) 1254M->883M(1866M) 9,111ms
[2024-08-04T16:36:12.111+0300][3,431s][info][gc] GC(23) Pause Young (Allocation Failure) 1211M->948M(1887M) 49,226ms
[2024-08-04T16:36:12.240+0300][3,560s][info][gc] GC(24) Pause Young (Allocation Failure) 1299M->1019M(1877M) 65,061ms
[2024-08-04T16:36:12.316+0300][3,636s][info][gc] GC(25) Pause Young (Allocation Failure) 1369M->969M(1895M) 10,385ms
[2024-08-04T16:36:12.446+0300][3,766s][info][gc] GC(26) Pause Young (Allocation Failure) 1345M->1044M(1894M) 61,798ms
[2024-08-04T16:36:12.611+0300][3,931s][info][gc] GC(27) Pause Young (Allocation Failure) 1420M->1119M(1902M) 97,335ms
[2024-08-04T16:36:12.707+0300][4,027s][info][gc] GC(28) Pause Young (Allocation Failure) 1507M->1091M(1899M) 22,248ms
[2024-08-04T16:36:12.845+0300][4,165s][info][gc] GC(29) Pause Young (Allocation Failure) 1479M->1168M(1910M) 67,827ms
[2024-08-04T16:36:12.926+0300][4,246s][info][gc] GC(30) Pause Young (Allocation Failure) 1573M->1094M(1774M) 4,275ms
[2024-08-04T16:36:13.053+0300][4,373s][info][gc] GC(31) Pause Young (Allocation Failure) 1499M->1175M(1905M) 54,488ms
[2024-08-04T16:36:13.231+0300][4,551s][info][gc] GC(32) Pause Young (Allocation Failure) 1575M->1255M(1906M) 105,133ms
[2024-08-04T16:36:13.328+0300][4,648s][info][gc] GC(33) Pause Young (Allocation Failure) 1655M->1218M(1912M) 22,125ms
[2024-08-04T16:36:13.482+0300][4,802s][info][gc] GC(34) Pause Young (Allocation Failure) 1624M->1300M(1907M) 80,777ms
[2024-08-04T16:36:13.563+0300][4,883s][info][gc] GC(35) Pause Young (Allocation Failure) 1705M->1222M(1906M) 5,293ms
[2024-08-04T16:36:13.686+0300][5,007s][info][gc] GC(36) Pause Young (Allocation Failure) 1627M->1303M(1851M) 50,533ms
[2024-08-04T16:36:13.870+0300][5,190s][info][gc] GC(37) Pause Young (Allocation Failure) 1708M->1384M(1908M) 111,181ms
[2024-08-04T16:36:14.211+0300][5,531s][debug][gc] GC(38) Shrinking ParOldGen from 1398272K by 498176K to 900096K
[2024-08-04T16:36:14.211+0300][5,531s][info ][gc] GC(38) Pause Full (Ergonomics) 1384M->202M(1421M) 340,854ms
[2024-08-04T16:36:14.309+0300][5,630s][info ][gc] GC(39) Pause Young (Allocation Failure) 604M->247M(1426M) 22,213ms
[2024-08-04T16:36:14.452+0300][5,773s][info ][gc] GC(40) Pause Young (Allocation Failure) 654M->328M(1421M) 68,317ms
[2024-08-04T16:36:14.535+0300][5,855s][info ][gc] GC(41) Pause Young (Allocation Failure) 736M->253M(1422M) 5,713ms
[2024-08-04T16:36:14.662+0300][5,983s][info ][gc] GC(42) Pause Young (Allocation Failure) 660M->334M(1368M) 53,946ms
[2024-08-04T16:36:14.847+0300][6,167s][info ][gc] GC(43) Pause Young (Allocation Failure) 742M->416M(1421M) 111,618ms
