[2024-08-04T16:35:12.738+0300][0.005s][info][gc] Using Parallel
[2024-08-04T16:35:12.898+0300][0,164s][info][gc] GC(0) Pause Young (Allocation Failure) 65M->14M(245M) 23,340ms
[2024-08-04T16:35:12.949+0300][0,215s][info][gc] GC(1) Pause Young (Allocation Failure) 78M->27M(245M) 38,137ms
[2024-08-04T16:35:12.990+0300][0,256s][info][gc] GC(2) Pause Young (Allocation Failure) 91M->40M(245M) 29,077ms
[2024-08-04T16:35:13.031+0300][0,297s][info][gc] GC(3) Pause Young (Allocation Failure) 104M->54M(245M) 29,361ms
[2024-08-04T16:35:13.077+0300][0,343s][info][gc] GC(4) Pause Young (Allocation Failure) 118M->68M(245M) 33,832ms
[2024-08-04T16:35:13.113+0300][0,379s][info][gc] GC(5) Pause Young (Allocation Failure) 132M->81M(210M) 23,574ms
[2024-08-04T16:35:13.130+0300][0,396s][info][gc] GC(6) Pause Young (Allocation Failure) 110M->87M(228M) 11,655ms
[2024-08-04T16:35:13.152+0300][0,419s][info][gc] GC(7) Pause Young (Allocation Failure) 116M->93M(228M) 15,750ms
[2024-08-04T16:35:13.193+0300][0,460s][info][gc] GC(8) Pause Young (Allocation Failure) 122M->111M(228M) 35,498ms
[2024-08-04T16:35:13.229+0300][0,496s][info][gc] GC(9) Pause Young (Allocation Failure) 140M->117M(228M) 30,172ms
[2024-08-04T16:35:13.270+0300][0,536s][info][gc] GC(10) Pause Young (Allocation Failure) 146M->123M(228M) 34,380ms
[2024-08-04T16:35:13.285+0300][0,552s][info][gc] GC(11) Pause Young (Allocation Failure) 152M->129M(228M) 9,979ms
[2024-08-04T16:35:13.304+0300][0,570s][info][gc] GC(12) Pause Young (Allocation Failure) 158M->135M(228M) 12,697ms
[2024-08-04T16:35:13.323+0300][0,590s][info][gc] GC(13) Pause Young (Allocation Failure) 164M->140M(228M) 14,193ms
[2024-08-04T16:35:13.343+0300][0,609s][info][gc] GC(14) Pause Young (Allocation Failure) 169M->146M(228M) 12,982ms
[2024-08-04T16:35:13.365+0300][0,631s][info][gc] GC(15) Pause Young (Allocation Failure) 175M->152M(228M) 13,253ms
[2024-08-04T16:35:13.399+0300][0,666s][info][gc] GC(16) Pause Young (Allocation Failure) 181M->177M(228M) 29,104ms
[2024-08-04T16:35:13.625+0300][0,892s][info][gc] GC(17) Pause Full (Ergonomics) 177M->150M(228M) 226,099ms
[2024-08-04T16:35:13.637+0300][0,903s][info][gc] GC(18) Pause Young (Allocation Failure) 179M->156M(228M) 5,054ms
[2024-08-04T16:35:13.659+0300][0,925s][info][gc] GC(19) Pause Young (Allocation Failure) 185M->162M(228M) 16,113ms
[2024-08-04T16:35:13.886+0300][1,152s][info][gc] GC(20) Pause Full (Ergonomics) 162M->162M(228M) 226,812ms
[2024-08-04T16:35:14.072+0300][1,339s][info][gc] GC(21) Pause Full (Ergonomics) 191M->167M(228M) 180,668ms
[2024-08-04T16:35:14.250+0300][1,516s][info][gc] GC(22) Pause Full (Ergonomics) 196M->173M(228M) 171,805ms
[2024-08-04T16:35:14.430+0300][1,696s][info][gc] GC(23) Pause Full (Ergonomics) 199M->178M(228M) 174,413ms
[2024-08-04T16:35:14.612+0300][1,879s][info][gc] GC(24) Pause Full (Ergonomics) 199M->183M(228M) 177,715ms
[2024-08-04T16:35:14.796+0300][2,063s][info][gc] GC(25) Pause Full (Ergonomics) 199M->186M(228M) 180,444ms
[2024-08-04T16:35:14.984+0300][2,250s][info][gc] GC(26) Pause Full (Ergonomics) 199M->189M(228M) 185,000ms
[2024-08-04T16:35:15.173+0300][2,439s][info][gc] GC(27) Pause Full (Ergonomics) 199M->191M(228M) 186,485ms
[2024-08-04T16:35:15.364+0300][2,631s][info][gc] GC(28) Pause Full (Ergonomics) 199M->193M(228M) 188,994ms
[2024-08-04T16:35:15.564+0300][2,830s][info][gc] GC(29) Pause Full (Ergonomics) 199M->194M(228M) 198,180ms
[2024-08-04T16:35:15.755+0300][3,022s][info][gc] GC(30) Pause Full (Ergonomics) 199M->195M(228M) 190,392ms
[2024-08-04T16:35:15.949+0300][3,215s][info][gc] GC(31) Pause Full (Ergonomics) 199M->196M(228M) 192,265ms
[2024-08-04T16:35:16.142+0300][3,408s][info][gc] GC(32) Pause Full (Ergonomics) 199M->197M(228M) 192,133ms
[2024-08-04T16:35:16.335+0300][3,601s][info][gc] GC(33) Pause Full (Ergonomics) 199M->197M(228M) 191,966ms
[2024-08-04T16:35:16.530+0300][3,797s][info][gc] GC(34) Pause Full (Ergonomics) 199M->198M(228M) 193,872ms
[2024-08-04T16:35:16.725+0300][3,991s][info][gc] GC(35) Pause Full (Ergonomics) 199M->198M(228M) 193,827ms
[2024-08-04T16:35:16.919+0300][4,185s][info][gc] GC(36) Pause Full (Ergonomics) 199M->198M(228M) 193,499ms
[2024-08-04T16:35:17.114+0300][4,380s][info][gc] GC(37) Pause Full (Ergonomics) 199M->199M(228M) 194,244ms
[2024-08-04T16:35:17.309+0300][4,575s][info][gc] GC(38) Pause Full (Ergonomics) 199M->199M(228M) 194,419ms
[2024-08-04T16:35:17.505+0300][4,771s][info][gc] GC(39) Pause Full (Ergonomics) 199M->199M(228M) 195,717ms
[2024-08-04T16:35:17.699+0300][4,966s][info][gc] GC(40) Pause Full (Ergonomics) 199M->199M(228M) 194,106ms
[2024-08-04T16:35:17.896+0300][5,163s][info][gc] GC(41) Pause Full (Ergonomics) 199M->199M(228M) 196,189ms
[2024-08-04T16:35:18.091+0300][5,357s][info][gc] GC(42) Pause Full (Ergonomics) 199M->199M(228M) 194,261ms
[2024-08-04T16:35:18.286+0300][5,552s][info][gc] GC(43) Pause Full (Ergonomics) 199M->199M(228M) 194,737ms
[2024-08-04T16:35:18.483+0300][5,749s][info][gc] GC(44) Pause Full (Ergonomics) 199M->199M(228M) 196,490ms
[2024-08-04T16:35:18.677+0300][5,944s][info][gc] GC(45) Pause Full (Ergonomics) 199M->199M(228M) 194,095ms
[2024-08-04T16:35:18.871+0300][6,138s][info][gc] GC(46) Pause Full (Ergonomics) 199M->199M(228M) 193,533ms
[2024-08-04T16:35:19.066+0300][6,333s][info][gc] GC(47) Pause Full (Ergonomics) 199M->199M(228M) 195,072ms
[2024-08-04T16:35:19.261+0300][6,527s][info][gc] GC(48) Pause Full (Ergonomics) 199M->199M(228M) 194,229ms
[2024-08-04T16:35:19.457+0300][6,724s][info][gc] GC(49) Pause Full (Ergonomics) 199M->199M(228M) 196,346ms
[2024-08-04T16:35:19.669+0300][6,935s][info][gc] GC(50) Pause Full (Ergonomics) 199M->199M(228M) 211,091ms
[2024-08-04T16:35:19.864+0300][7,130s][info][gc] GC(51) Pause Full (Ergonomics) 199M->199M(228M) 194,765ms
[2024-08-04T16:35:20.062+0300][7,328s][info][gc] GC(52) Pause Full (Ergonomics) 199M->199M(228M) 197,713ms
[2024-08-04T16:35:20.267+0300][7,533s][info][gc] GC(53) Pause Full (Ergonomics) 199M->199M(228M) 204,490ms
[2024-08-04T16:35:20.463+0300][7,729s][info][gc] GC(54) Pause Full (Ergonomics) 199M->199M(228M) 196,004ms
[2024-08-04T16:35:20.659+0300][7,925s][info][gc] GC(55) Pause Full (Ergonomics) 199M->199M(228M) 195,797ms
[2024-08-04T16:35:20.858+0300][8,124s][info][gc] GC(56) Pause Full (Ergonomics) 199M->199M(228M) 198,396ms
[2024-08-04T16:35:21.055+0300][8,321s][info][gc] GC(57) Pause Full (Ergonomics) 199M->199M(228M) 196,889ms
[2024-08-04T16:35:21.250+0300][8,517s][info][gc] GC(58) Pause Full (Ergonomics) 199M->199M(228M) 195,417ms
[2024-08-04T16:35:21.447+0300][8,713s][info][gc] GC(59) Pause Full (Ergonomics) 199M->199M(228M) 195,821ms
[2024-08-04T16:35:21.643+0300][8,909s][info][gc] GC(60) Pause Full (Ergonomics) 199M->199M(228M) 196,010ms
[2024-08-04T16:35:21.839+0300][9,105s][info][gc] GC(61) Pause Full (Ergonomics) 199M->199M(228M) 195,553ms
[2024-08-04T16:35:22.034+0300][9,300s][info][gc] GC(62) Pause Full (Ergonomics) 199M->199M(228M) 194,721ms
[2024-08-04T16:35:22.231+0300][9,497s][info][gc] GC(63) Pause Full (Ergonomics) 199M->199M(228M) 196,923ms
[2024-08-04T16:35:22.426+0300][9,693s][info][gc] GC(64) Pause Full (Ergonomics) 199M->199M(228M) 195,176ms
[2024-08-04T16:35:22.624+0300][9,891s][info][gc] GC(65) Pause Full (Ergonomics) 199M->199M(228M) 197,708ms
[2024-08-04T16:35:22.820+0300][10,086s][info][gc] GC(66) Pause Full (Ergonomics) 199M->199M(228M) 195,185ms
[2024-08-04T16:35:23.014+0300][10,280s][info][gc] GC(67) Pause Full (Ergonomics) 199M->199M(228M) 193,869ms
[2024-08-04T16:35:23.210+0300][10,477s][info][gc] GC(68) Pause Full (Ergonomics) 199M->199M(228M) 196,289ms
[2024-08-04T16:35:23.428+0300][10,694s][info][gc] GC(69) Pause Full (Ergonomics) 199M->199M(228M) 217,122ms
[2024-08-04T16:35:23.453+0300][10,719s][debug][gc] GC(70) Shrinking ParOldGen from 175104K by 89088K to 86016K
[2024-08-04T16:35:23.453+0300][10,719s][info ][gc] GC(70) Pause Full (Ergonomics) 199M->1M(141M) 23,738ms
