[2024-08-04T16:36:43.720+0300][0.005s][info][gc] Using Parallel
[2024-08-04T16:36:44.512+0300][0,797s][info][gc] GC(0) Pause Young (Allocation Failure) 897M->179M(3435M) 172,368ms
[2024-08-04T16:36:44.853+0300][1,138s][info][gc] GC(1) Pause Young (Allocation Failure) 1076M->189M(3435M) 143,305ms
[2024-08-04T16:36:45.128+0300][1,413s][info][gc] GC(2) Pause Young (Allocation Failure) 1086M->178M(3435M) 98,876ms
[2024-08-04T16:36:45.407+0300][1,692s][info][gc] GC(3) Pause Young (Allocation Failure) 1074M->155M(3435M) 107,585ms
[2024-08-04T16:36:45.648+0300][1,933s][info][gc] GC(4) Pause Young (Allocation Failure) 1052M->133M(3379M) 69,015ms
[2024-08-04T16:36:45.880+0300][2,165s][info][gc] GC(5) Pause Young (Allocation Failure) 1030M->111M(3371M) 63,074ms
[2024-08-04T16:36:46.278+0300][2,563s][info][gc] GC(6) Pause Young (Allocation Failure) 892M->267M(3361M) 253,650ms
[2024-08-04T16:36:46.485+0300][2,770s][info][gc] GC(7) Pause Young (Allocation Failure) 1048M->222M(3362M) 58,532ms
[2024-08-04T16:36:46.664+0300][2,948s][info][gc] GC(8) Pause Young (Allocation Failure) 973M->171M(3361M) 37,070ms
[2024-08-04T16:36:46.826+0300][3,111s][info][gc] GC(9) Pause Young (Allocation Failure) 921M->119M(3351M) 20,041ms
[2024-08-04T16:36:47.072+0300][3,357s][info][gc] GC(10) Pause Young (Allocation Failure) 861M->268M(3357M) 107,662ms
[2024-08-04T16:36:47.271+0300][3,556s][info][gc] GC(11) Pause Young (Allocation Failure) 1009M->258M(3364M) 58,896ms
[2024-08-04T16:36:47.453+0300][3,738s][info][gc] GC(12) Pause Young (Allocation Failure) 1007M->206M(3358M) 39,290ms
[2024-08-04T16:36:47.620+0300][3,905s][info][gc] GC(13) Pause Young (Allocation Failure) 955M->154M(3355M) 24,646ms
[2024-08-04T16:36:47.875+0300][4,160s][info][gc] GC(14) Pause Young (Allocation Failure) 903M->304M(3288M) 116,403ms
[2024-08-04T16:36:48.073+0300][4,358s][info][gc] GC(15) Pause Young (Allocation Failure) 1053M->287M(3363M) 56,070ms
[2024-08-04T16:36:48.255+0300][4,540s][info][gc] GC(16) Pause Young (Allocation Failure) 1036M->235M(3358M) 39,856ms
[2024-08-04T16:36:48.420+0300][4,705s][info][gc] GC(17) Pause Young (Allocation Failure) 984M->184M(3358M) 23,742ms
[2024-08-04T16:36:48.655+0300][4,940s][info][gc] GC(18) Pause Young (Allocation Failure) 935M->334M(3292M) 94,952ms
