[2024-08-04T16:36:53.917+0300][0.002s][info][gc] Using Parallel
[2024-08-04T16:36:54.765+0300][0,850s][info][gc] GC(0) Pause Young (Allocation Failure) 1025M->203M(3925M) 193,535ms
[2024-08-04T16:36:55.163+0300][1,247s][info][gc] GC(1) Pause Young (Allocation Failure) 1227M->241M(3925M) 166,010ms
[2024-08-04T16:36:55.527+0300][1,612s][info][gc] GC(2) Pause Young (Allocation Failure) 1265M->283M(3925M) 167,665ms
[2024-08-04T16:36:55.885+0300][1,970s][info][gc] GC(3) Pause Young (Allocation Failure) 1307M->327M(3925M) 162,453ms
[2024-08-04T16:36:56.250+0300][2,335s][info][gc] GC(4) Pause Young (Allocation Failure) 1351M->376M(3925M) 161,776ms
[2024-08-04T16:36:56.604+0300][2,689s][info][gc] GC(5) Pause Young (Allocation Failure) 1400M->427M(3810M) 161,469ms
[2024-08-04T16:36:56.977+0300][3,062s][info][gc] GC(6) Pause Young (Allocation Failure) 1336M->459M(3807M) 201,233ms
[2024-08-04T16:36:57.288+0300][3,373s][info][gc] GC(7) Pause Young (Allocation Failure) 1368M->440M(3843M) 57,443ms
[2024-08-04T16:36:57.588+0300][3,673s][info][gc] GC(8) Pause Young (Allocation Failure) 1316M->413M(3728M) 55,249ms
[2024-08-04T16:36:57.891+0300][3,976s][info][gc] GC(9) Pause Young (Allocation Failure) 1289M->387M(3822M) 56,124ms
[2024-08-04T16:36:58.164+0300][4,248s][info][gc] GC(10) Pause Young (Allocation Failure) 1224M->353M(3628M) 35,946ms
[2024-08-04T16:36:58.420+0300][4,504s][info][gc] GC(11) Pause Young (Allocation Failure) 1190M->319M(3792M) 21,707ms
[2024-08-04T16:36:58.740+0300][4,825s][info][gc] GC(12) Pause Young (Allocation Failure) 1104M->476M(3806M) 102,801ms
[2024-08-04T16:36:59.031+0300][5,116s][info][gc] GC(13) Pause Young (Allocation Failure) 1261M->458M(3828M) 72,092ms
[2024-08-04T16:36:59.319+0300][5,403s][info][gc] GC(14) Pause Young (Allocation Failure) 1278M->421M(3819M) 58,147ms
[2024-08-04T16:36:59.598+0300][5,683s][info][gc] GC(15) Pause Young (Allocation Failure) 1241M->383M(3825M) 49,058ms
[2024-08-04T16:36:59.848+0300][5,933s][info][gc] GC(16) Pause Young (Allocation Failure) 1212M->347M(3588M) 18,258ms
