[2024-08-04T21:19:48.238+0300][0.005s][info][gc] Using Parallel
[2024-08-04T21:19:48.685+0300][0,453s][info][gc] GC(0) Pause Young (Allocation Failure) 449M->89M(1717M) 97,058ms
[2024-08-04T21:19:48.915+0300][0,683s][info][gc] GC(1) Pause Young (Allocation Failure) 537M->184M(1717M) 140,025ms
[2024-08-04T21:19:49.079+0300][0,846s][info][gc] GC(2) Pause Young (Allocation Failure) 632M->185M(1717M) 67,280ms
[2024-08-04T21:19:49.307+0300][1,074s][info][gc] GC(3) Pause Young (Allocation Failure) 633M->275M(1717M) 137,893ms
[2024-08-04T21:19:49.440+0300][1,207s][info][gc] GC(4) Pause Young (Allocation Failure) 723M->254M(1697M) 47,683ms
[2024-08-04T21:19:49.646+0300][1,414s][info][gc] GC(5) Pause Young (Allocation Failure) 702M->343M(1489M) 119,301ms
[2024-08-04T21:19:49.765+0300][1,533s][info][gc] GC(6) Pause Young (Allocation Failure) 542M->383M(1593M) 82,423ms
[2024-08-04T21:19:49.959+0300][1,727s][info][gc] GC(7) Pause Young (Allocation Failure) 582M->423M(1593M) 157,373ms
[2024-08-04T21:19:50.015+0300][1,782s][info][gc] GC(8) Pause Young (Allocation Failure) 622M->309M(1593M) 13,786ms
[2024-08-04T21:19:50.078+0300][1,845s][info][gc] GC(9) Pause Young (Allocation Failure) 508M->349M(1593M) 26,547ms
[2024-08-04T21:19:50.186+0300][1,953s][info][gc] GC(10) Pause Young (Allocation Failure) 548M->389M(1593M) 71,395ms
[2024-08-04T21:19:50.283+0300][2,051s][info][gc] GC(11) Pause Young (Allocation Failure) 588M->429M(1593M) 42,081ms
[2024-08-04T21:19:50.387+0300][2,155s][info][gc] GC(12) Pause Young (Allocation Failure) 628M->469M(1593M) 55,220ms
[2024-08-04T21:19:50.441+0300][2,208s][info][gc] GC(13) Pause Young (Allocation Failure) 668M->452M(1593M) 13,883ms
[2024-08-04T21:19:50.518+0300][2,286s][info][gc] GC(14) Pause Young (Allocation Failure) 651M->492M(1593M) 40,782ms
[2024-08-04T21:19:50.610+0300][2,377s][info][gc] GC(15) Pause Young (Allocation Failure) 691M->532M(1595M) 55,304ms
[2024-08-04T21:19:50.701+0300][2,469s][info][gc] GC(16) Pause Young (Allocation Failure) 733M->572M(1593M) 55,145ms
[2024-08-04T21:19:50.792+0300][2,559s][info][gc] GC(17) Pause Young (Allocation Failure) 773M->612M(1609M) 53,997ms
[2024-08-04T21:19:50.851+0300][2,619s][info][gc] GC(18) Pause Young (Allocation Failure) 836M->598M(1602M) 15,353ms
[2024-08-04T21:19:50.941+0300][2,709s][info][gc] GC(19) Pause Young (Allocation Failure) 822M->643M(1622M) 49,401ms
[2024-08-04T21:19:51.057+0300][2,824s][info][gc] GC(20) Pause Young (Allocation Failure) 891M->693M(1613M) 70,207ms
[2024-08-04T21:19:51.154+0300][2,922s][info][gc] GC(21) Pause Young (Allocation Failure) 941M->742M(1639M) 52,203ms
[2024-08-04T21:19:51.227+0300][2,995s][info][gc] GC(22) Pause Young (Allocation Failure) 1025M->718M(1630M) 16,202ms
[2024-08-04T21:19:51.337+0300][3,104s][info][gc] GC(23) Pause Young (Allocation Failure) 1000M->775M(1651M) 57,623ms
[2024-08-04T21:19:51.468+0300][3,235s][info][gc] GC(24) Pause Young (Allocation Failure) 1082M->836M(1642M) 74,444ms
[2024-08-04T21:19:51.532+0300][3,300s][info][gc] GC(25) Pause Young (Allocation Failure) 1143M->778M(1655M) 4,600ms
[2024-08-04T21:19:51.632+0300][3,399s][info][gc] GC(26) Pause Young (Allocation Failure) 1104M->843M(1656M) 40,658ms
[2024-08-04T21:19:51.793+0300][3,560s][info][gc] GC(27) Pause Young (Allocation Failure) 1169M->908M(1663M) 100,545ms
[2024-08-04T21:19:51.919+0300][3,686s][info][gc] GC(28) Pause Young (Allocation Failure) 1244M->976M(1660M) 64,826ms
[2024-08-04T21:19:52.024+0300][3,791s][info][gc] GC(29) Pause Young (Allocation Failure) 1312M->975M(1668M) 40,873ms
[2024-08-04T21:19:52.188+0300][3,956s][info][gc] GC(30) Pause Young (Allocation Failure) 1322M->1045M(1665M) 101,483ms
[2024-08-04T21:19:52.259+0300][4,027s][info][gc] GC(31) Pause Young (Allocation Failure) 1392M->979M(1665M) 5,006ms
[2024-08-04T21:19:52.369+0300][4,136s][info][gc] GC(32) Pause Young (Allocation Failure) 1327M->1049M(1667M) 46,359ms
[2024-08-04T21:19:52.528+0300][4,295s][info][gc] GC(33) Pause Young (Allocation Failure) 1397M->1118M(1669M) 96,201ms
[2024-08-04T21:19:52.603+0300][4,370s][info][gc] GC(34) Pause Young (Allocation Failure) 1469M->1060M(1668M) 8,374ms
[2024-08-04T21:19:52.721+0300][4,488s][info][gc] GC(35) Pause Young (Allocation Failure) 1411M->1131M(1668M) 54,382ms
[2024-08-04T21:19:52.878+0300][4,646s][info][gc] GC(36) Pause Young (Allocation Failure) 1481M->1201M(1668M) 92,805ms
[2024-08-04T21:19:53.186+0300][4,953s][debug][gc] GC(37) Shrinking ParOldGen from 1223680K by 417280K to 806400K
[2024-08-04T21:19:53.186+0300][4,953s][info ][gc] GC(37) Pause Full (Ergonomics) 1201M->188M(1262M) 307,244ms
[2024-08-04T21:19:53.265+0300][5,032s][info ][gc] GC(38) Pause Young (Allocation Failure) 540M->209M(1262M) 10,687ms
[2024-08-04T21:19:53.390+0300][5,157s][info ][gc] GC(39) Pause Young (Allocation Failure) 561M->280M(1263M) 60,721ms
[2024-08-04T21:19:53.551+0300][5,318s][info ][gc] GC(40) Pause Young (Allocation Failure) 634M->351M(1263M) 96,465ms
[2024-08-04T21:19:53.634+0300][5,402s][info ][gc] GC(41) Pause Young (Allocation Failure) 705M->311M(1265M) 16,111ms
[2024-08-04T21:19:53.764+0300][5,532s][info ][gc] GC(42) Pause Young (Allocation Failure) 668M->383M(1263M) 65,383ms
[2024-08-04T21:19:53.925+0300][5,692s][info ][gc] GC(43) Pause Young (Allocation Failure) 739M->454M(1265M) 95,878ms
[2024-08-04T21:19:54.016+0300][5,783s][info ][gc] GC(44) Pause Young (Allocation Failure) 813M->427M(1265M) 22,207ms
[2024-08-04T21:19:54.159+0300][5,926s][info ][gc] GC(45) Pause Young (Allocation Failure) 786M->499M(1269M) 77,874ms
[2024-08-04T21:19:54.296+0300][6,064s][info ][gc] GC(46) Pause Young (Allocation Failure) 866M->572M(1228M) 70,877ms
[2024-08-04T21:19:54.396+0300][6,163s][info ][gc] GC(47) Pause Young (Allocation Failure) 939M->561M(1273M) 30,563ms
[2024-08-04T21:19:54.547+0300][6,314s][info ][gc] GC(48) Pause Young (Allocation Failure) 931M->635M(1269M) 83,833ms
[2024-08-04T21:19:54.622+0300][6,389s][info ][gc] GC(49) Pause Young (Allocation Failure) 1005M->569M(1265M) 5,140ms
