[2024-08-04T21:19:54.833+0300][0.004s][info][gc] Using Parallel
[2024-08-04T21:19:55.367+0300][0,538s][info][gc] GC(0) Pause Young (Allocation Failure) 513M->104M(1963M) 119,865ms
[2024-08-04T21:19:55.631+0300][0,802s][info][gc] GC(1) Pause Young (Allocation Failure) 616M->209M(1963M) 161,734ms
[2024-08-04T21:19:55.849+0300][1,020s][info][gc] GC(2) Pause Young (Allocation Failure) 721M->237M(1963M) 111,631ms
[2024-08-04T21:19:56.109+0300][1,280s][info][gc] GC(3) Pause Young (Allocation Failure) 750M->340M(1963M) 163,532ms
[2024-08-04T21:19:56.304+0300][1,475s][info][gc] GC(4) Pause Young (Allocation Failure) 852M->372M(1963M) 98,996ms
[2024-08-04T21:19:56.558+0300][1,729s][info][gc] GC(5) Pause Young (Allocation Failure) 884M->475M(1678M) 160,635ms
[2024-08-04T21:19:56.665+0300][1,836s][info][gc] GC(6) Pause Young (Allocation Failure) 702M->453M(1820M) 59,895ms
[2024-08-04T21:19:56.891+0300][2,062s][info][gc] GC(7) Pause Young (Allocation Failure) 681M->499M(1820M) 180,853ms
[2024-08-04T21:19:56.974+0300][2,145s][info][gc] GC(8) Pause Young (Allocation Failure) 726M->545M(1820M) 39,011ms
[2024-08-04T21:19:57.089+0300][2,260s][info][gc] GC(9) Pause Young (Allocation Failure) 772M->590M(1821M) 70,489ms
[2024-08-04T21:19:57.144+0300][2,315s][info][gc] GC(10) Pause Young (Allocation Failure) 818M->508M(1820M) 6,896ms
[2024-08-04T21:19:57.225+0300][2,396s][info][gc] GC(11) Pause Young (Allocation Failure) 736M->553M(1820M) 36,448ms
[2024-08-04T21:19:57.341+0300][2,512s][info][gc] GC(12) Pause Young (Allocation Failure) 781M->599M(1820M) 71,126ms
[2024-08-04T21:19:57.432+0300][2,603s][info][gc] GC(13) Pause Young (Allocation Failure) 826M->644M(1820M) 46,491ms
[2024-08-04T21:19:57.540+0300][2,711s][info][gc] GC(14) Pause Young (Allocation Failure) 872M->690M(1820M) 64,226ms
[2024-08-04T21:19:57.605+0300][2,776s][info][gc] GC(15) Pause Young (Allocation Failure) 918M->679M(1828M) 16,612ms
[2024-08-04T21:19:57.696+0300][2,867s][info][gc] GC(16) Pause Young (Allocation Failure) 917M->727M(1823M) 45,087ms
[2024-08-04T21:19:57.809+0300][2,980s][info][gc] GC(17) Pause Young (Allocation Failure) 965M->774M(1842M) 66,026ms
[2024-08-04T21:19:57.913+0300][3,084s][info][gc] GC(18) Pause Young (Allocation Failure) 1038M->827M(1835M) 52,046ms
[2024-08-04T21:19:57.989+0300][3,160s][info][gc] GC(19) Pause Young (Allocation Failure) 1091M->808M(1856M) 21,860ms
[2024-08-04T21:19:58.108+0300][3,279s][info][gc] GC(20) Pause Young (Allocation Failure) 1102M->867M(1851M) 61,644ms
[2024-08-04T21:19:58.251+0300][3,422s][info][gc] GC(21) Pause Young (Allocation Failure) 1161M->926M(1876M) 84,873ms
[2024-08-04T21:19:58.328+0300][3,499s][info][gc] GC(22) Pause Young (Allocation Failure) 1255M->883M(1866M) 9,419ms
[2024-08-04T21:19:58.446+0300][3,617s][info][gc] GC(23) Pause Young (Allocation Failure) 1212M->949M(1887M) 54,467ms
[2024-08-04T21:19:58.604+0300][3,775s][info][gc] GC(24) Pause Young (Allocation Failure) 1300M->1020M(1877M) 89,367ms
[2024-08-04T21:19:58.688+0300][3,859s][info][gc] GC(25) Pause Young (Allocation Failure) 1370M->970M(1895M) 12,199ms
[2024-08-04T21:19:58.824+0300][3,996s][info][gc] GC(26) Pause Young (Allocation Failure) 1346M->1045M(1894M) 63,857ms
[2024-08-04T21:19:59.000+0300][4,171s][info][gc] GC(27) Pause Young (Allocation Failure) 1421M->1120M(1902M) 102,514ms
[2024-08-04T21:19:59.101+0300][4,272s][info][gc] GC(28) Pause Young (Allocation Failure) 1508M->1092M(1899M) 22,720ms
[2024-08-04T21:19:59.276+0300][4,447s][info][gc] GC(29) Pause Young (Allocation Failure) 1480M->1170M(1910M) 99,679ms
[2024-08-04T21:19:59.362+0300][4,533s][info][gc] GC(30) Pause Young (Allocation Failure) 1575M->1097M(1775M) 4,669ms
[2024-08-04T21:19:59.498+0300][4,670s][info][gc] GC(31) Pause Young (Allocation Failure) 1502M->1178M(1906M) 58,168ms
[2024-08-04T21:19:59.693+0300][4,864s][info][gc] GC(32) Pause Young (Allocation Failure) 1578M->1258M(1907M) 116,299ms
[2024-08-04T21:19:59.796+0300][4,967s][info][gc] GC(33) Pause Young (Allocation Failure) 1658M->1222M(1912M) 23,114ms
[2024-08-04T21:19:59.961+0300][5,132s][info][gc] GC(34) Pause Young (Allocation Failure) 1628M->1303M(1907M) 86,061ms
[2024-08-04T21:20:00.047+0300][5,218s][info][gc] GC(35) Pause Young (Allocation Failure) 1709M->1227M(1907M) 4,458ms
[2024-08-04T21:20:00.168+0300][5,339s][info][gc] GC(36) Pause Young (Allocation Failure) 1632M->1308M(1852M) 42,956ms
[2024-08-04T21:20:00.350+0300][5,522s][info][gc] GC(37) Pause Young (Allocation Failure) 1713M->1389M(1907M) 103,707ms
[2024-08-04T21:20:00.644+0300][5,815s][debug][gc] GC(38) Shrinking ParOldGen from 1398272K by 502784K to 895488K
[2024-08-04T21:20:00.644+0300][5,815s][info ][gc] GC(38) Pause Full (Ergonomics) 1389M->203M(1417M) 293,621ms
[2024-08-04T21:20:00.742+0300][5,913s][info ][gc] GC(39) Pause Young (Allocation Failure) 606M->250M(1422M) 22,224ms
[2024-08-04T21:20:00.904+0300][6,075s][info ][gc] GC(40) Pause Young (Allocation Failure) 658M->331M(1417M) 88,522ms
[2024-08-04T21:20:00.987+0300][6,158s][info ][gc] GC(41) Pause Young (Allocation Failure) 739M->258M(1418M) 6,299ms
[2024-08-04T21:20:01.113+0300][6,284s][info ][gc] GC(42) Pause Young (Allocation Failure) 666M->340M(1365M) 52,634ms
[2024-08-04T21:20:01.295+0300][6,467s][info ][gc] GC(43) Pause Young (Allocation Failure) 748M->422M(1417M) 108,600ms
