[2024-08-04T21:20:57.123+0300][0.005s][info][gc] Using Parallel
[2024-08-04T21:20:57.994+0300][0,876s][info][gc] GC(0) Pause Young (Allocation Failure) 1217M->42M(4661M) 65,112ms
[2024-08-04T21:20:58.363+0300][1,245s][info][gc] GC(1) Pause Young (Allocation Failure) 1258M->82M(4661M) 110,045ms
[2024-08-04T21:20:58.727+0300][1,609s][info][gc] GC(2) Pause Young (Allocation Failure) 1298M->124M(4661M) 116,455ms
[2024-08-04T21:20:59.095+0300][1,977s][info][gc] GC(3) Pause Young (Allocation Failure) 1340M->165M(4661M) 137,686ms
[2024-08-04T21:20:59.481+0300][2,363s][info][gc] GC(4) Pause Young (Allocation Failure) 1381M->207M(4661M) 158,050ms
[2024-08-04T21:20:59.750+0300][2,632s][info][gc] GC(5) Pause Young (Allocation Failure) 1423M->52M(4574M) 35,298ms
[2024-08-04T21:21:00.080+0300][2,962s][info][gc] GC(6) Pause Young (Allocation Failure) 1181M->76M(4618M) 117,518ms
[2024-08-04T21:21:00.329+0300][3,211s][info][gc] GC(7) Pause Young (Allocation Failure) 1205M->100M(4629M) 35,002ms
[2024-08-04T21:21:00.598+0300][3,480s][info][gc] GC(8) Pause Young (Allocation Failure) 1243M->127M(4620M) 52,293ms
[2024-08-04T21:21:00.881+0300][3,763s][info][gc] GC(9) Pause Young (Allocation Failure) 1270M->155M(4648M) 65,627ms
[2024-08-04T21:21:01.189+0300][4,071s][info][gc] GC(10) Pause Young (Allocation Failure) 1339M->190M(4577M) 85,464ms
[2024-08-04T21:21:01.497+0300][4,379s][info][gc] GC(11) Pause Young (Allocation Failure) 1375M->225M(4603M) 84,108ms
[2024-08-04T21:21:01.723+0300][4,605s][info][gc] GC(12) Pause Young (Allocation Failure) 1362M->50M(4389M) 6,733ms
