[2024-08-04T21:19:08.431+0300][0.003s][info][gc] Using Parallel
[2024-08-04T21:19:08.622+0300][0,193s][info][gc] GC(0) Pause Young (Allocation Failure) 129M->26M(491M) 24,429ms
[2024-08-04T21:19:08.703+0300][0,274s][info][gc] GC(1) Pause Young (Allocation Failure) 155M->53M(491M) 54,998ms
[2024-08-04T21:19:08.774+0300][0,346s][info][gc] GC(2) Pause Young (Allocation Failure) 182M->81M(491M) 47,833ms
[2024-08-04T21:19:08.849+0300][0,421s][info][gc] GC(3) Pause Young (Allocation Failure) 209M->109M(491M) 51,972ms
[2024-08-04T21:19:08.923+0300][0,494s][info][gc] GC(4) Pause Young (Allocation Failure) 237M->134M(491M) 50,160ms
[2024-08-04T21:19:09.020+0300][0,592s][info][gc] GC(5) Pause Young (Allocation Failure) 263M->163M(420M) 74,481ms
[2024-08-04T21:19:09.050+0300][0,622s][info][gc] GC(6) Pause Young (Allocation Failure) 221M->175M(455M) 19,115ms
[2024-08-04T21:19:09.087+0300][0,659s][info][gc] GC(7) Pause Young (Allocation Failure) 232M->186M(455M) 24,784ms
[2024-08-04T21:19:09.137+0300][0,709s][info][gc] GC(8) Pause Young (Allocation Failure) 244M->198M(455M) 38,660ms
[2024-08-04T21:19:09.186+0300][0,758s][info][gc] GC(9) Pause Young (Allocation Failure) 255M->210M(455M) 37,090ms
[2024-08-04T21:19:09.245+0300][0,816s][info][gc] GC(10) Pause Young (Allocation Failure) 267M->249M(455M) 47,861ms
[2024-08-04T21:19:09.322+0300][0,894s][info][gc] GC(11) Pause Young (Allocation Failure) 307M->261M(455M) 66,894ms
[2024-08-04T21:19:09.361+0300][0,933s][info][gc] GC(12) Pause Young (Allocation Failure) 318M->259M(455M) 6,971ms
[2024-08-04T21:19:09.391+0300][0,963s][info][gc] GC(13) Pause Young (Allocation Failure) 317M->271M(455M) 18,756ms
[2024-08-04T21:19:09.423+0300][0,994s][info][gc] GC(14) Pause Young (Allocation Failure) 329M->283M(455M) 19,479ms
[2024-08-04T21:19:09.454+0300][1,026s][info][gc] GC(15) Pause Young (Allocation Failure) 340M->294M(455M) 19,604ms
[2024-08-04T21:19:09.486+0300][1,057s][info][gc] GC(16) Pause Young (Allocation Failure) 352M->306M(455M) 20,022ms
[2024-08-04T21:19:09.517+0300][1,088s][info][gc] GC(17) Pause Young (Allocation Failure) 363M->317M(455M) 19,111ms
[2024-08-04T21:19:09.634+0300][1,206s][debug][gc] GC(18) Shrinking ParOldGen from 349696K by 54272K to 295424K
[2024-08-04T21:19:09.634+0300][1,206s][info ][gc] GC(18) Pause Full (Ergonomics) 317M->104M(402M) 117,627ms
[2024-08-04T21:19:09.652+0300][1,223s][info ][gc] GC(19) Pause Young (Allocation Failure) 161M->116M(402M) 5,880ms
[2024-08-04T21:19:09.675+0300][1,246s][info ][gc] GC(20) Pause Young (Allocation Failure) 173M->127M(402M) 11,912ms
[2024-08-04T21:19:09.699+0300][1,270s][info ][gc] GC(21) Pause Young (Allocation Failure) 185M->139M(402M) 12,841ms
[2024-08-04T21:19:09.729+0300][1,300s][info ][gc] GC(22) Pause Young (Allocation Failure) 196M->150M(402M) 14,207ms
[2024-08-04T21:19:09.754+0300][1,326s][info ][gc] GC(23) Pause Young (Allocation Failure) 208M->162M(405M) 14,075ms
[2024-08-04T21:19:09.781+0300][1,353s][info ][gc] GC(24) Pause Young (Allocation Failure) 222M->174M(403M) 14,644ms
[2024-08-04T21:19:09.812+0300][1,384s][info ][gc] GC(25) Pause Young (Allocation Failure) 235M->186M(409M) 18,909ms
[2024-08-04T21:19:09.844+0300][1,415s][info ][gc] GC(26) Pause Young (Allocation Failure) 255M->200M(407M) 18,040ms
[2024-08-04T21:19:09.878+0300][1,450s][info ][gc] GC(27) Pause Young (Allocation Failure) 269M->214M(414M) 20,758ms
[2024-08-04T21:19:09.916+0300][1,488s][info ][gc] GC(28) Pause Young (Allocation Failure) 292M->230M(411M) 22,641ms
[2024-08-04T21:19:09.939+0300][1,511s][info ][gc] GC(29) Pause Young (Allocation Failure) 308M->220M(417M) 5,031ms
[2024-08-04T21:19:09.972+0300][1,544s][info ][gc] GC(30) Pause Young (Allocation Failure) 306M->238M(416M) 16,840ms
[2024-08-04T21:19:10.013+0300][1,585s][info ][gc] GC(31) Pause Young (Allocation Failure) 324M->255M(421M) 25,474ms
[2024-08-04T21:19:10.058+0300][1,630s][info ][gc] GC(32) Pause Young (Allocation Failure) 348M->274M(419M) 27,525ms
[2024-08-04T21:19:10.105+0300][1,676s][info ][gc] GC(33) Pause Young (Allocation Failure) 366M->292M(423M) 28,174ms
[2024-08-04T21:19:10.216+0300][1,787s][debug][gc] GC(34) Expanding ParOldGen from 295424K by 28672K to 324096K
[2024-08-04T21:19:10.216+0300][1,787s][info ][gc] GC(34) Pause Full (Ergonomics) 292M->114M(450M) 111,049ms
[2024-08-04T21:19:10.247+0300][1,818s][info ][gc] GC(35) Pause Young (Allocation Failure) 213M->134M(452M) 12,473ms
[2024-08-04T21:19:10.295+0300][1,866s][info ][gc] GC(36) Pause Young (Allocation Failure) 235M->154M(451M) 28,695ms
[2024-08-04T21:19:10.344+0300][1,916s][info ][gc] GC(37) Pause Young (Allocation Failure) 255M->175M(453M) 30,484ms
[2024-08-04T21:19:10.395+0300][1,966s][info ][gc] GC(38) Pause Young (Allocation Failure) 278M->195M(453M) 31,162ms
[2024-08-04T21:19:10.447+0300][2,019s][info ][gc] GC(39) Pause Young (Allocation Failure) 298M->216M(454M) 33,118ms
[2024-08-04T21:19:10.499+0300][2,071s][info ][gc] GC(40) Pause Young (Allocation Failure) 321M->237M(454M) 31,375ms
[2024-08-04T21:19:10.537+0300][2,108s][info ][gc] GC(41) Pause Young (Allocation Failure) 342M->236M(455M) 11,981ms
[2024-08-04T21:19:10.588+0300][2,159s][info ][gc] GC(42) Pause Young (Allocation Failure) 343M->257M(455M) 30,598ms
[2024-08-04T21:19:10.642+0300][2,214s][info ][gc] GC(43) Pause Young (Allocation Failure) 364M->279M(456M) 33,817ms
[2024-08-04T21:19:10.698+0300][2,269s][info ][gc] GC(44) Pause Young (Allocation Failure) 387M->300M(456M) 34,516ms
[2024-08-04T21:19:10.753+0300][2,325s][info ][gc] GC(45) Pause Young (Allocation Failure) 409M->322M(456M) 35,159ms
[2024-08-04T21:19:10.911+0300][2,482s][debug][gc] GC(46) Expanding ParOldGen from 324096K by 25600K to 349696K
[2024-08-04T21:19:10.911+0300][2,482s][info ][gc] GC(46) Pause Full (Ergonomics) 322M->142M(481M) 157,435ms
[2024-08-04T21:19:10.942+0300][2,513s][info ][gc] GC(47) Pause Young (Allocation Failure) 252M->164M(481M) 10,273ms
[2024-08-04T21:19:10.993+0300][2,564s][info ][gc] GC(48) Pause Young (Allocation Failure) 274M->186M(481M) 30,505ms
[2024-08-04T21:19:11.046+0300][2,617s][info ][gc] GC(49) Pause Young (Allocation Failure) 296M->208M(482M) 32,406ms
[2024-08-04T21:19:11.101+0300][2,672s][info ][gc] GC(50) Pause Young (Allocation Failure) 319M->230M(482M) 33,698ms
[2024-08-04T21:19:11.134+0300][2,705s][info ][gc] GC(51) Pause Young (Allocation Failure) 341M->222M(482M) 9,089ms
[2024-08-04T21:19:11.184+0300][2,755s][info ][gc] GC(52) Pause Young (Allocation Failure) 334M->245M(482M) 28,955ms
[2024-08-04T21:19:11.239+0300][2,811s][info ][gc] GC(53) Pause Young (Allocation Failure) 356M->267M(482M) 34,438ms
[2024-08-04T21:19:11.294+0300][2,866s][info ][gc] GC(54) Pause Young (Allocation Failure) 379M->290M(482M) 33,632ms
[2024-08-04T21:19:11.349+0300][2,920s][info ][gc] GC(55) Pause Young (Allocation Failure) 401M->312M(482M) 33,412ms
[2024-08-04T21:19:11.405+0300][2,977s][info ][gc] GC(56) Pause Young (Allocation Failure) 424M->334M(482M) 34,853ms
[2024-08-04T21:19:11.573+0300][3,144s][info ][gc] GC(57) Pause Full (Ergonomics) 334M->162M(483M) 167,660ms
[2024-08-04T21:19:11.608+0300][3,180s][info ][gc] GC(58) Pause Young (Allocation Failure) 275M->185M(483M) 14,184ms
[2024-08-04T21:19:11.664+0300][3,235s][info ][gc] GC(59) Pause Young (Allocation Failure) 297M->207M(483M) 34,745ms
[2024-08-04T21:19:11.723+0300][3,294s][info ][gc] GC(60) Pause Young (Allocation Failure) 320M->230M(483M) 37,432ms
[2024-08-04T21:19:11.759+0300][3,330s][info ][gc] GC(61) Pause Young (Allocation Failure) 343M->222M(482M) 11,668ms
[2024-08-04T21:19:11.816+0300][3,387s][info ][gc] GC(62) Pause Young (Allocation Failure) 334M->244M(483M) 35,863ms
[2024-08-04T21:19:11.880+0300][3,452s][info ][gc] GC(63) Pause Young (Allocation Failure) 357M->267M(483M) 43,132ms
[2024-08-04T21:19:11.945+0300][3,516s][info ][gc] GC(64) Pause Young (Allocation Failure) 380M->290M(483M) 43,419ms
[2024-08-04T21:19:12.005+0300][3,576s][info ][gc] GC(65) Pause Young (Allocation Failure) 402M->312M(483M) 38,744ms
[2024-08-04T21:19:12.067+0300][3,638s][info ][gc] GC(66) Pause Young (Allocation Failure) 426M->335M(483M) 40,747ms
[2024-08-04T21:19:12.219+0300][3,790s][info ][gc] GC(67) Pause Full (Ergonomics) 335M->164M(483M) 152,059ms
[2024-08-04T21:19:12.254+0300][3,826s][info ][gc] GC(68) Pause Young (Allocation Failure) 277M->186M(483M) 14,596ms
[2024-08-04T21:19:12.310+0300][3,882s][info ][gc] GC(69) Pause Young (Allocation Failure) 300M->209M(484M) 34,167ms
[2024-08-04T21:19:12.367+0300][3,939s][info ][gc] GC(70) Pause Young (Allocation Failure) 324M->232M(484M) 35,272ms
[2024-08-04T21:19:12.405+0300][3,977s][info ][gc] GC(71) Pause Young (Allocation Failure) 347M->226M(484M) 12,872ms
[2024-08-04T21:19:12.456+0300][4,028s][info ][gc] GC(72) Pause Young (Allocation Failure) 341M->249M(484M) 29,408ms
[2024-08-04T21:19:12.514+0300][4,085s][info ][gc] GC(73) Pause Young (Allocation Failure) 364M->272M(484M) 36,529ms
[2024-08-04T21:19:12.570+0300][4,142s][info ][gc] GC(74) Pause Young (Allocation Failure) 387M->295M(484M) 34,700ms
[2024-08-04T21:19:12.628+0300][4,199s][info ][gc] GC(75) Pause Young (Allocation Failure) 410M->318M(484M) 35,743ms
[2024-08-04T21:19:12.688+0300][4,259s][info ][gc] GC(76) Pause Young (Allocation Failure) 433M->341M(484M) 38,407ms
[2024-08-04T21:19:12.861+0300][4,433s][info ][gc] GC(77) Pause Full (Ergonomics) 341M->168M(484M) 173,438ms
[2024-08-04T21:19:12.897+0300][4,468s][info ][gc] GC(78) Pause Young (Allocation Failure) 283M->191M(484M) 14,638ms
[2024-08-04T21:19:12.955+0300][4,526s][info ][gc] GC(79) Pause Young (Allocation Failure) 307M->214M(484M) 35,771ms
[2024-08-04T21:19:13.010+0300][4,582s][info ][gc] GC(80) Pause Young (Allocation Failure) 330M->237M(484M) 34,274ms
[2024-08-04T21:19:13.050+0300][4,622s][info ][gc] GC(81) Pause Young (Allocation Failure) 353M->237M(485M) 15,464ms
[2024-08-04T21:19:13.107+0300][4,678s][info ][gc] GC(82) Pause Young (Allocation Failure) 353M->260M(485M) 34,585ms
[2024-08-04T21:19:13.167+0300][4,739s][info ][gc] GC(83) Pause Young (Allocation Failure) 377M->284M(485M) 38,234ms
[2024-08-04T21:19:13.227+0300][4,799s][info ][gc] GC(84) Pause Young (Allocation Failure) 401M->307M(485M) 37,654ms
[2024-08-04T21:19:13.287+0300][4,859s][info ][gc] GC(85) Pause Young (Allocation Failure) 424M->331M(485M) 37,889ms
[2024-08-04T21:19:13.444+0300][5,015s][info ][gc] GC(86) Pause Full (Ergonomics) 331M->152M(485M) 156,322ms
[2024-08-04T21:19:13.480+0300][5,051s][info ][gc] GC(87) Pause Young (Allocation Failure) 270M->176M(485M) 14,285ms
[2024-08-04T21:19:13.563+0300][5,134s][info ][gc] GC(88) Pause Young (Allocation Failure) 293M->200M(485M) 38,331ms
[2024-08-04T21:19:13.625+0300][5,196s][info ][gc] GC(89) Pause Young (Allocation Failure) 317M->223M(485M) 33,976ms
[2024-08-04T21:19:13.665+0300][5,237s][info ][gc] GC(90) Pause Young (Allocation Failure) 341M->208M(468M) 6,031ms
[2024-08-04T21:19:13.709+0300][5,280s][info ][gc] GC(91) Pause Young (Allocation Failure) 326M->232M(483M) 21,774ms
[2024-08-04T21:19:13.760+0300][5,332s][info ][gc] GC(92) Pause Young (Allocation Failure) 345M->254M(483M) 29,972ms
[2024-08-04T21:19:13.807+0300][5,378s][info ][gc] GC(93) Pause Young (Allocation Failure) 368M->277M(484M) 25,620ms
[2024-08-04T21:19:13.860+0300][5,432s][info ][gc] GC(94) Pause Young (Allocation Failure) 391M->300M(483M) 31,774ms
[2024-08-04T21:19:13.912+0300][5,483s][info ][gc] GC(95) Pause Young (Allocation Failure) 414M->323M(484M) 29,580ms
[2024-08-04T21:19:13.969+0300][5,541s][info ][gc] GC(96) Pause Young (Allocation Failure) 438M->346M(484M) 31,352ms
[2024-08-04T21:19:14.158+0300][5,730s][info ][gc] GC(97) Pause Full (Ergonomics) 346M->182M(484M) 188,906ms
[2024-08-04T21:19:14.195+0300][5,766s][info ][gc] GC(98) Pause Young (Allocation Failure) 298M->205M(484M) 15,296ms
[2024-08-04T21:19:14.251+0300][5,822s][info ][gc] GC(99) Pause Young (Allocation Failure) 321M->229M(485M) 34,374ms
[2024-08-04T21:19:14.285+0300][5,857s][info ][gc] GC(100) Pause Young (Allocation Failure) 345M->219M(471M) 9,815ms
[2024-08-04T21:19:14.335+0300][5,907s][info ][gc] GC(101) Pause Young (Allocation Failure) 335M->243M(484M) 28,747ms
[2024-08-04T21:19:14.392+0300][5,963s][info ][gc] GC(102) Pause Young (Allocation Failure) 357M->266M(484M) 35,111ms
[2024-08-04T21:19:14.443+0300][6,015s][info ][gc] GC(103) Pause Young (Allocation Failure) 380M->289M(484M) 30,585ms
[2024-08-04T21:19:14.492+0300][6,064s][info ][gc] GC(104) Pause Young (Allocation Failure) 403M->312M(484M) 27,410ms
[2024-08-04T21:19:14.540+0300][6,111s][info ][gc] GC(105) Pause Young (Allocation Failure) 426M->335M(484M) 25,675ms
[2024-08-04T21:19:14.699+0300][6,271s][info ][gc] GC(106) Pause Full (Ergonomics) 335M->165M(484M) 159,506ms
[2024-08-04T21:19:14.738+0300][6,310s][info ][gc] GC(107) Pause Young (Allocation Failure) 280M->188M(484M) 17,480ms
[2024-08-04T21:19:14.794+0300][6,366s][info ][gc] GC(108) Pause Young (Allocation Failure) 304M->211M(484M) 34,729ms
[2024-08-04T21:19:14.848+0300][6,420s][info ][gc] GC(109) Pause Young (Allocation Failure) 327M->235M(485M) 32,849ms
[2024-08-04T21:19:14.884+0300][6,456s][info ][gc] GC(110) Pause Young (Allocation Failure) 351M->231M(484M) 11,720ms
[2024-08-04T21:19:14.926+0300][6,498s][info ][gc] GC(111) Pause Young (Allocation Failure) 347M->254M(485M) 20,785ms
[2024-08-04T21:19:14.980+0300][6,552s][info ][gc] GC(112) Pause Young (Allocation Failure) 371M->278M(485M) 32,608ms
[2024-08-04T21:19:15.035+0300][6,607s][info ][gc] GC(113) Pause Young (Allocation Failure) 394M->301M(485M) 33,615ms
[2024-08-04T21:19:15.091+0300][6,663s][info ][gc] GC(114) Pause Young (Allocation Failure) 417M->324M(485M) 34,700ms
[2024-08-04T21:19:15.149+0300][6,720s][info ][gc] GC(115) Pause Young (Allocation Failure) 441M->348M(485M) 36,356ms
[2024-08-04T21:19:15.328+0300][6,899s][info ][gc] GC(116) Pause Full (Ergonomics) 348M->172M(485M) 178,614ms
[2024-08-04T21:19:15.362+0300][6,933s][info ][gc] GC(117) Pause Young (Allocation Failure) 289M->196M(485M) 12,435ms
[2024-08-04T21:19:15.415+0300][6,987s][info ][gc] GC(118) Pause Young (Allocation Failure) 312M->219M(485M) 32,145ms
[2024-08-04T21:19:15.443+0300][7,015s][info ][gc] GC(119) Pause Young (Allocation Failure) 336M->200M(479M) 3,866ms
[2024-08-04T21:19:15.483+0300][7,055s][info ][gc] GC(120) Pause Young (Allocation Failure) 312M->223M(482M) 19,349ms
[2024-08-04T21:19:15.539+0300][7,111s][info ][gc] GC(121) Pause Young (Allocation Failure) 334M->245M(483M) 35,532ms
[2024-08-04T21:19:15.597+0300][7,169s][info ][gc] GC(122) Pause Young (Allocation Failure) 357M->268M(483M) 37,402ms
[2024-08-04T21:19:15.654+0300][7,225s][info ][gc] GC(123) Pause Young (Allocation Failure) 380M->290M(483M) 35,491ms
[2024-08-04T21:19:15.708+0300][7,280s][info ][gc] GC(124) Pause Young (Allocation Failure) 404M->313M(483M) 33,663ms
[2024-08-04T21:19:15.765+0300][7,337s][info ][gc] GC(125) Pause Young (Allocation Failure) 426M->336M(484M) 36,249ms
[2024-08-04T21:19:15.948+0300][7,520s][info ][gc] GC(126) Pause Full (Ergonomics) 336M->176M(484M) 182,868ms
[2024-08-04T21:19:15.985+0300][7,556s][info ][gc] GC(127) Pause Young (Allocation Failure) 290M->199M(484M) 14,882ms
[2024-08-04T21:19:16.044+0300][7,615s][info ][gc] GC(128) Pause Young (Allocation Failure) 313M->222M(484M) 37,763ms
[2024-08-04T21:19:16.075+0300][7,647s][info ][gc] GC(129) Pause Young (Allocation Failure) 336M->206M(479M) 7,155ms
[2024-08-04T21:19:16.121+0300][7,693s][info ][gc] GC(130) Pause Young (Allocation Failure) 316M->228M(482M) 24,325ms
[2024-08-04T21:19:16.173+0300][7,745s][info ][gc] GC(131) Pause Young (Allocation Failure) 338M->250M(482M) 31,765ms
[2024-08-04T21:19:16.223+0300][7,795s][info ][gc] GC(132) Pause Young (Allocation Failure) 361M->272M(482M) 29,707ms
[2024-08-04T21:19:16.275+0300][7,847s][info ][gc] GC(133) Pause Young (Allocation Failure) 384M->295M(483M) 31,286ms
[2024-08-04T21:19:16.319+0300][7,891s][info ][gc] GC(134) Pause Young (Allocation Failure) 407M->317M(483M) 23,233ms
[2024-08-04T21:19:16.365+0300][7,936s][info ][gc] GC(135) Pause Young (Allocation Failure) 430M->340M(483M) 24,679ms
[2024-08-04T21:19:16.539+0300][8,110s][info ][gc] GC(136) Pause Full (Ergonomics) 340M->177M(483M) 174,012ms
[2024-08-04T21:19:16.576+0300][8,147s][info ][gc] GC(137) Pause Young (Allocation Failure) 290M->200M(484M) 15,968ms
[2024-08-04T21:19:16.639+0300][8,210s][info ][gc] GC(138) Pause Young (Allocation Failure) 314M->223M(483M) 33,001ms
[2024-08-04T21:19:16.672+0300][8,243s][info ][gc] GC(139) Pause Young (Allocation Failure) 337M->207M(480M) 8,439ms
[2024-08-04T21:19:16.719+0300][8,290s][info ][gc] GC(140) Pause Young (Allocation Failure) 317M->229M(482M) 25,963ms
[2024-08-04T21:19:16.782+0300][8,353s][info ][gc] GC(141) Pause Young (Allocation Failure) 340M->251M(482M) 42,083ms
[2024-08-04T21:19:16.846+0300][8,418s][info ][gc] GC(142) Pause Young (Allocation Failure) 363M->274M(482M) 43,226ms
[2024-08-04T21:19:16.910+0300][8,481s][info ][gc] GC(143) Pause Young (Allocation Failure) 385M->296M(483M) 42,046ms
[2024-08-04T21:19:16.974+0300][8,545s][info ][gc] GC(144) Pause Young (Allocation Failure) 408M->319M(482M) 42,784ms
[2024-08-04T21:19:17.036+0300][8,607s][info ][gc] GC(145) Pause Young (Allocation Failure) 431M->341M(483M) 33,197ms
[2024-08-04T21:19:17.218+0300][8,789s][info ][gc] GC(146) Pause Full (Ergonomics) 341M->177M(483M) 181,834ms
[2024-08-04T21:19:17.252+0300][8,824s][info ][gc] GC(147) Pause Young (Allocation Failure) 290M->200M(483M) 13,993ms
[2024-08-04T21:19:17.320+0300][8,891s][info ][gc] GC(148) Pause Young (Allocation Failure) 313M->223M(483M) 35,203ms
[2024-08-04T21:19:17.357+0300][8,928s][info ][gc] GC(149) Pause Young (Allocation Failure) 336M->207M(480M) 10,128ms
[2024-08-04T21:19:17.397+0300][8,969s][info ][gc] GC(150) Pause Young (Allocation Failure) 318M->230M(482M) 19,641ms
[2024-08-04T21:19:17.450+0300][9,022s][info ][gc] GC(151) Pause Young (Allocation Failure) 340M->252M(482M) 32,814ms
[2024-08-04T21:19:17.509+0300][9,081s][info ][gc] GC(152) Pause Young (Allocation Failure) 363M->274M(482M) 33,135ms
[2024-08-04T21:19:17.573+0300][9,144s][info ][gc] GC(153) Pause Young (Allocation Failure) 385M->296M(483M) 34,186ms
[2024-08-04T21:19:17.637+0300][9,208s][info ][gc] GC(154) Pause Young (Allocation Failure) 408M->319M(482M) 33,285ms
[2024-08-04T21:19:17.691+0300][9,263s][info ][gc] GC(155) Pause Young (Allocation Failure) 431M->341M(483M) 31,790ms
[2024-08-04T21:19:17.871+0300][9,442s][info ][gc] GC(156) Pause Full (Ergonomics) 341M->177M(483M) 179,507ms
[2024-08-04T21:19:17.905+0300][9,477s][info ][gc] GC(157) Pause Young (Allocation Failure) 290M->200M(483M) 13,863ms
[2024-08-04T21:19:17.973+0300][9,544s][info ][gc] GC(158) Pause Young (Allocation Failure) 313M->222M(483M) 37,040ms
[2024-08-04T21:19:18.003+0300][9,575s][info ][gc] GC(159) Pause Young (Allocation Failure) 335M->207M(480M) 6,918ms
[2024-08-04T21:19:18.046+0300][9,617s][info ][gc] GC(160) Pause Young (Allocation Failure) 317M->229M(482M) 21,972ms
