[2024-08-04T21:21:31.707+0300][0.005s][info][gc] Using Parallel
[2024-08-04T21:21:32.925+0300][1,222s][info][gc] GC(0) Pause Young (Allocation Failure) 1665M->127M(6379M) 159,673ms
[2024-08-04T21:21:33.354+0300][1,651s][info][gc] GC(1) Pause Young (Allocation Failure) 1791M->53M(6379M) 76,573ms
[2024-08-04T21:21:33.810+0300][2,107s][info][gc] GC(2) Pause Young (Allocation Failure) 1718M->185M(6379M) 139,117ms
[2024-08-04T21:21:34.201+0300][2,499s][info][gc] GC(3) Pause Young (Allocation Failure) 1850M->115M(6379M) 77,244ms
[2024-08-04T21:21:34.556+0300][2,854s][info][gc] GC(4) Pause Young (Allocation Failure) 1780M->45M(6379M) 38,858ms
[2024-08-04T21:21:34.995+0300][3,292s][info][gc] GC(5) Pause Young (Allocation Failure) 1710M->177M(6403M) 124,851ms
[2024-08-04T21:21:35.478+0300][3,775s][info][gc] GC(6) Pause Young (Allocation Failure) 1939M->126M(6428M) 147,617ms
[2024-08-04T21:21:35.830+0300][4,127s][info][gc] GC(7) Pause Young (Allocation Failure) 1889M->76M(6435M) 17,948ms
[2024-08-04T21:21:36.267+0300][4,564s][info][gc] GC(8) Pause Young (Allocation Failure) 1855M->231M(6411M) 101,902ms
