[2024-08-04T21:20:01.527+0300][0.005s][info][gc] Using Parallel
[2024-08-04T21:20:02.074+0300][0,552s][info][gc] GC(0) Pause Young (Allocation Failure) 577M->116M(2208M) 127,480ms
[2024-08-04T21:20:02.388+0300][0,867s][info][gc] GC(1) Pause Young (Allocation Failure) 692M->238M(2208M) 197,526ms
[2024-08-04T21:20:02.650+0300][1,128s][info][gc] GC(2) Pause Young (Allocation Failure) 814M->293M(2208M) 136,560ms
[2024-08-04T21:20:02.821+0300][1,300s][info][gc] GC(3) Pause Young (Allocation Failure) 869M->261M(2208M) 60,723ms
[2024-08-04T21:20:03.086+0300][1,564s][info][gc] GC(4) Pause Young (Allocation Failure) 837M->376M(2208M) 158,160ms
[2024-08-04T21:20:03.286+0300][1,764s][info][gc] GC(5) Pause Young (Allocation Failure) 952M->374M(1912M) 86,518ms
[2024-08-04T21:20:03.514+0300][1,992s][info][gc] GC(6) Pause Young (Allocation Failure) 654M->430M(2060M) 175,729ms
[2024-08-04T21:20:03.622+0300][2,100s][info][gc] GC(7) Pause Young (Allocation Failure) 710M->486M(2062M) 56,215ms
[2024-08-04T21:20:03.695+0300][2,173s][info][gc] GC(8) Pause Young (Allocation Failure) 778M->343M(1855M) 16,255ms
[2024-08-04T21:20:03.810+0300][2,288s][info][gc] GC(9) Pause Young (Allocation Failure) 635M->401M(2061M) 59,518ms
[2024-08-04T21:20:03.969+0300][2,447s][info][gc] GC(10) Pause Young (Allocation Failure) 679M->457M(2056M) 107,208ms
[2024-08-04T21:20:04.075+0300][2,553s][info][gc] GC(11) Pause Young (Allocation Failure) 735M->513M(2065M) 54,053ms
[2024-08-04T21:20:04.156+0300][2,635s][info][gc] GC(12) Pause Young (Allocation Failure) 801M->510M(2062M) 25,369ms
[2024-08-04T21:20:04.270+0300][2,748s][info][gc] GC(13) Pause Young (Allocation Failure) 797M->567M(2073M) 60,587ms
[2024-08-04T21:20:04.402+0300][2,880s][info][gc] GC(14) Pause Young (Allocation Failure) 869M->628M(2068M) 75,035ms
[2024-08-04T21:20:04.475+0300][2,954s][info][gc] GC(15) Pause Young (Allocation Failure) 929M->596M(2081M) 13,705ms
[2024-08-04T21:20:04.614+0300][3,093s][info][gc] GC(16) Pause Young (Allocation Failure) 918M->661M(2080M) 79,062ms
[2024-08-04T21:20:04.746+0300][3,224s][info][gc] GC(17) Pause Young (Allocation Failure) 982M->725M(2100M) 72,090ms
[2024-08-04T21:20:04.835+0300][3,313s][info][gc] GC(18) Pause Young (Allocation Failure) 1076M->687M(2091M) 15,691ms
[2024-08-04T21:20:04.967+0300][3,445s][info][gc] GC(19) Pause Young (Allocation Failure) 1038M->757M(2113M) 67,388ms
[2024-08-04T21:20:05.140+0300][3,618s][info][gc] GC(20) Pause Young (Allocation Failure) 1132M->832M(2102M) 101,976ms
[2024-08-04T21:20:05.234+0300][3,712s][info][gc] GC(21) Pause Young (Allocation Failure) 1207M->802M(2129M) 21,402ms
[2024-08-04T21:20:05.392+0300][3,870s][info][gc] GC(22) Pause Young (Allocation Failure) 1215M->885M(2124M) 80,159ms
[2024-08-04T21:20:05.480+0300][3,958s][info][gc] GC(23) Pause Young (Allocation Failure) 1298M->811M(2132M) 8,177ms
[2024-08-04T21:20:05.617+0300][4,095s][info][gc] GC(24) Pause Young (Allocation Failure) 1239M->897M(2134M) 57,174ms
[2024-08-04T21:20:05.806+0300][4,284s][info][gc] GC(25) Pause Young (Allocation Failure) 1325M->983M(2141M) 108,978ms
[2024-08-04T21:20:05.926+0300][4,404s][info][gc] GC(26) Pause Young (Allocation Failure) 1421M->963M(2137M) 35,090ms
[2024-08-04T21:20:06.106+0300][4,584s][info][gc] GC(27) Pause Young (Allocation Failure) 1402M->1051M(2151M) 97,086ms
[2024-08-04T21:20:06.216+0300][4,694s][info][gc] GC(28) Pause Young (Allocation Failure) 1512M->1008M(2149M) 20,760ms
[2024-08-04T21:20:06.389+0300][4,868s][info][gc] GC(29) Pause Young (Allocation Failure) 1469M->1100M(2154M) 86,918ms
[2024-08-04T21:20:06.495+0300][4,973s][info][gc] GC(30) Pause Young (Allocation Failure) 1569M->1037M(2154M) 14,439ms
[2024-08-04T21:20:06.663+0300][5,141s][info][gc] GC(31) Pause Young (Allocation Failure) 1506M->1131M(2151M) 79,676ms
[2024-08-04T21:20:06.762+0300][5,241s][info][gc] GC(32) Pause Young (Allocation Failure) 1597M->1052M(2017M) 8,916ms
[2024-08-04T21:20:06.916+0300][5,394s][info][gc] GC(33) Pause Young (Allocation Failure) 1518M->1146M(2148M) 66,379ms
[2024-08-04T21:20:07.114+0300][5,592s][info][gc] GC(34) Pause Young (Allocation Failure) 1606M->1238M(2088M) 113,251ms
[2024-08-04T21:20:07.251+0300][5,729s][info][gc] GC(35) Pause Young (Allocation Failure) 1698M->1236M(2150M) 47,994ms
[2024-08-04T21:20:07.454+0300][5,932s][info][gc] GC(36) Pause Young (Allocation Failure) 1696M->1329M(2149M) 116,498ms
