[2024-08-04T21:21:11.772+0300][0.005s][info][gc] Using Parallel
[2024-08-04T21:21:12.782+0300][1,015s][info][gc] GC(0) Pause Young (Allocation Failure) 1409M->79M(5397M) 90,215ms
[2024-08-04T21:21:13.251+0300][1,484s][info][gc] GC(1) Pause Young (Allocation Failure) 1487M->156M(5397M) 174,287ms
[2024-08-04T21:21:13.697+0300][1,930s][info][gc] GC(2) Pause Young (Allocation Failure) 1564M->236M(5397M) 174,277ms
[2024-08-04T21:21:14.071+0300][2,304s][info][gc] GC(3) Pause Young (Allocation Failure) 1644M->116M(5397M) 107,598ms
[2024-08-04T21:21:14.461+0300][2,694s][info][gc] GC(4) Pause Young (Allocation Failure) 1524M->196M(5357M) 125,846ms
[2024-08-04T21:21:14.795+0300][3,028s][info][gc] GC(5) Pause Young (Allocation Failure) 1604M->75M(5359M) 67,080ms
[2024-08-04T21:21:15.238+0300][3,471s][info][gc] GC(6) Pause Young (Allocation Failure) 1411M->141M(5361M) 193,312ms
[2024-08-04T21:21:15.567+0300][3,800s][info][gc] GC(7) Pause Young (Allocation Failure) 1477M->206M(5372M) 79,862ms
[2024-08-04T21:21:15.845+0300][4,078s][info][gc] GC(8) Pause Young (Allocation Failure) 1562M->75M(5148M) 20,473ms
[2024-08-04T21:21:16.173+0300][4,406s][info][gc] GC(9) Pause Young (Allocation Failure) 1431M->145M(5376M) 75,405ms
[2024-08-04T21:21:16.535+0300][4,768s][info][gc] GC(10) Pause Young (Allocation Failure) 1500M->214M(5366M) 107,687ms
