[2024-08-04T21:20:13.329+0300][0.002s][info][gc] Using Parallel
[2024-08-04T21:20:13.953+0300][0,626s][info][gc] GC(0) Pause Young (Allocation Failure) 705M->140M(2699M) 135,204ms
[2024-08-04T21:20:14.215+0300][0,888s][info][gc] GC(1) Pause Young (Allocation Failure) 844M->108M(2699M) 101,764ms
[2024-08-04T21:20:14.541+0300][1,214s][info][gc] GC(2) Pause Young (Allocation Failure) 813M->249M(2699M) 187,414ms
[2024-08-04T21:20:14.821+0300][1,494s][info][gc] GC(3) Pause Young (Allocation Failure) 954M->298M(2699M) 146,214ms
[2024-08-04T21:20:15.064+0300][1,737s][info][gc] GC(4) Pause Young (Allocation Failure) 1002M->286M(2687M) 101,300ms
[2024-08-04T21:20:15.242+0300][1,915s][info][gc] GC(5) Pause Young (Allocation Failure) 990M->225M(2452M) 44,731ms
[2024-08-04T21:20:15.486+0300][2,159s][info][gc] GC(6) Pause Young (Allocation Failure) 672M->315M(2570M) 160,920ms
[2024-08-04T21:20:15.679+0300][2,352s][info][gc] GC(7) Pause Young (Allocation Failure) 761M->404M(2551M) 69,834ms
[2024-08-04T21:20:15.846+0300][2,520s][info][gc] GC(8) Pause Young (Allocation Failure) 841M->290M(2565M) 43,489ms
[2024-08-04T21:20:16.064+0300][2,738s][info][gc] GC(9) Pause Young (Allocation Failure) 727M->377M(2566M) 96,776ms
[2024-08-04T21:20:16.211+0300][2,885s][info][gc] GC(10) Pause Young (Allocation Failure) 818M->264M(2366M) 22,455ms
[2024-08-04T21:20:16.421+0300][3,095s][info][gc] GC(11) Pause Young (Allocation Failure) 705M->352M(2573M) 87,645ms
[2024-08-04T21:20:16.559+0300][3,232s][info][gc] GC(12) Pause Young (Allocation Failure) 797M->287M(2565M) 11,476ms
[2024-08-04T21:20:16.755+0300][3,428s][info][gc] GC(13) Pause Young (Allocation Failure) 732M->376M(2580M) 72,991ms
[2024-08-04T21:20:16.889+0300][3,562s][info][gc] GC(14) Pause Young (Allocation Failure) 832M->289M(2569M) 4,613ms
[2024-08-04T21:20:17.085+0300][3,758s][info][gc] GC(15) Pause Young (Allocation Failure) 745M->380M(2589M) 69,757ms
[2024-08-04T21:20:17.350+0300][4,024s][info][gc] GC(16) Pause Young (Allocation Failure) 851M->475M(2575M) 135,504ms
[2024-08-04T21:20:17.515+0300][4,189s][info][gc] GC(17) Pause Young (Allocation Failure) 946M->460M(2611M) 31,881ms
[2024-08-04T21:20:17.770+0300][4,443s][info][gc] GC(18) Pause Young (Allocation Failure) 980M->565M(2602M) 111,206ms
[2024-08-04T21:20:17.961+0300][4,635s][info][gc] GC(19) Pause Young (Allocation Failure) 1085M->547M(2627M) 44,908ms
[2024-08-04T21:20:18.250+0300][4,923s][info][gc] GC(20) Pause Young (Allocation Failure) 1100M->658M(2618M) 135,334ms
[2024-08-04T21:20:18.459+0300][5,132s][info][gc] GC(21) Pause Young (Allocation Failure) 1210M->654M(2635M) 53,522ms
[2024-08-04T21:20:18.634+0300][5,308s][info][gc] GC(22) Pause Young (Allocation Failure) 1226M->567M(2630M) 14,137ms
[2024-08-04T21:20:18.894+0300][5,567s][info][gc] GC(23) Pause Young (Allocation Failure) 1139M->681M(2631M) 100,558ms
[2024-08-04T21:20:19.081+0300][5,754s][info][gc] GC(24) Pause Young (Allocation Failure) 1250M->613M(2631M) 26,766ms
[2024-08-04T21:20:19.353+0300][6,026s][info][gc] GC(25) Pause Young (Allocation Failure) 1181M->727M(2631M) 115,330ms
[2024-08-04T21:20:19.550+0300][6,224s][info][gc] GC(26) Pause Young (Allocation Failure) 1297M->685M(2632M) 37,190ms
[2024-08-04T21:20:19.827+0300][6,501s][info][gc] GC(27) Pause Young (Allocation Failure) 1256M->799M(2637M) 119,222ms
