[2024-08-04T21:21:26.701+0300][0.005s][info][gc] Using Parallel
[2024-08-04T21:21:27.871+0300][1,175s][info][gc] GC(0) Pause Young (Allocation Failure) 1601M->115M(6133M) 149,937ms
[2024-08-04T21:21:28.381+0300][1,685s][info][gc] GC(1) Pause Young (Allocation Failure) 1715M->230M(6133M) 175,898ms
[2024-08-04T21:21:28.816+0300][2,120s][info][gc] GC(2) Pause Young (Allocation Failure) 1830M->147M(6133M) 124,218ms
[2024-08-04T21:21:29.179+0300][2,483s][info][gc] GC(3) Pause Young (Allocation Failure) 1747M->64M(6133M) 61,584ms
[2024-08-04T21:21:29.618+0300][2,922s][info][gc] GC(4) Pause Young (Allocation Failure) 1664M->183M(6133M) 140,287ms
[2024-08-04T21:21:30.013+0300][3,317s][info][gc] GC(5) Pause Young (Allocation Failure) 1783M->100M(6147M) 93,157ms
[2024-08-04T21:21:30.584+0300][3,888s][info][gc] GC(6) Pause Young (Allocation Failure) 1722M->223M(6076M) 269,839ms
[2024-08-04T21:21:30.937+0300][4,241s][info][gc] GC(7) Pause Young (Allocation Failure) 1845M->145M(6146M) 46,592ms
[2024-08-04T21:21:31.258+0300][4,562s][info][gc] GC(8) Pause Young (Allocation Failure) 1764M->66M(5915M) 16,213ms
