[2024-08-04T21:20:47.292+0300][0.005s][info][gc] Using Parallel
[2024-08-04T21:20:48.185+0300][0,898s][info][gc] GC(0) Pause Young (Allocation Failure) 1079M->213M(4171M) 190,576ms
[2024-08-04T21:20:48.610+0300][1,324s][info][gc] GC(1) Pause Young (Allocation Failure) 1301M->263M(4171M) 188,095ms
[2024-08-04T21:20:48.879+0300][1,592s][info][gc] GC(2) Pause Young (Allocation Failure) 1351M->127M(4171M) 45,137ms
[2024-08-04T21:20:49.142+0300][1,855s][info][gc] GC(3) Pause Young (Allocation Failure) 1216M->144M(4171M) 58,514ms
[2024-08-04T21:20:49.422+0300][2,136s][info][gc] GC(4) Pause Young (Allocation Failure) 1232M->160M(4068M) 75,733ms
[2024-08-04T21:20:49.717+0300][2,430s][info][gc] GC(5) Pause Young (Allocation Failure) 1248M->176M(4092M) 89,997ms
[2024-08-04T21:20:50.006+0300][2,719s][info][gc] GC(6) Pause Young (Allocation Failure) 1090M->158M(4075M) 116,640ms
[2024-08-04T21:20:50.194+0300][2,907s][info][gc] GC(7) Pause Young (Allocation Failure) 1072M->139M(4094M) 15,667ms
[2024-08-04T21:20:50.379+0300][3,092s][info][gc] GC(8) Pause Young (Allocation Failure) 1073M->124M(4093M) 8,518ms
[2024-08-04T21:20:50.666+0300][3,379s][info][gc] GC(9) Pause Young (Allocation Failure) 1058M->311M(4050M) 113,899ms
[2024-08-04T21:20:50.913+0300][3,626s][info][gc] GC(10) Pause Young (Allocation Failure) 1203M->288M(3964M) 78,579ms
[2024-08-04T21:20:51.155+0300][3,868s][info][gc] GC(11) Pause Young (Allocation Failure) 1180M->265M(4067M) 72,718ms
[2024-08-04T21:20:51.388+0300][4,101s][info][gc] GC(12) Pause Young (Allocation Failure) 1142M->239M(4064M) 68,549ms
[2024-08-04T21:20:51.623+0300][4,336s][info][gc] GC(13) Pause Young (Allocation Failure) 1117M->213M(4093M) 68,313ms
[2024-08-04T21:20:51.854+0300][4,567s][info][gc] GC(14) Pause Young (Allocation Failure) 1134M->196M(4080M) 56,906ms
