[2024-08-04T21:20:07.714+0300][0.005s][info][gc] Using Parallel
[2024-08-04T21:20:08.305+0300][0,596s][info][gc] GC(0) Pause Young (Allocation Failure) 641M->128M(2453M) 130,464ms
[2024-08-04T21:20:08.538+0300][0,829s][info][gc] GC(1) Pause Young (Allocation Failure) 768M->81M(2453M) 84,650ms
[2024-08-04T21:20:08.831+0300][1,121s][info][gc] GC(2) Pause Young (Allocation Failure) 721M->210M(2453M) 165,901ms
[2024-08-04T21:20:09.057+0300][1,347s][info][gc] GC(3) Pause Young (Allocation Failure) 850M->218M(2453M) 104,628ms
[2024-08-04T21:20:09.223+0300][1,513s][info][gc] GC(4) Pause Young (Allocation Failure) 858M->153M(2388M) 40,374ms
[2024-08-04T21:20:09.477+0300][1,768s][info][gc] GC(5) Pause Young (Allocation Failure) 793M->281M(2277M) 134,385ms
[2024-08-04T21:20:09.621+0300][1,912s][info][gc] GC(6) Pause Young (Allocation Failure) 680M->159M(2118M) 67,050ms
[2024-08-04T21:20:09.759+0300][2,049s][info][gc] GC(7) Pause Young (Allocation Failure) 558M->239M(2339M) 62,826ms
[2024-08-04T21:20:09.917+0300][2,207s][info][gc] GC(8) Pause Young (Allocation Failure) 636M->318M(2275M) 84,661ms
[2024-08-04T21:20:10.015+0300][2,305s][info][gc] GC(9) Pause Young (Allocation Failure) 715M->196M(2326M) 21,101ms
[2024-08-04T21:20:10.171+0300][2,461s][info][gc] GC(10) Pause Young (Allocation Failure) 580M->273M(2324M) 84,991ms
[2024-08-04T21:20:10.248+0300][2,538s][info][gc] GC(11) Pause Young (Allocation Failure) 657M->197M(2326M) 2,531ms
[2024-08-04T21:20:10.367+0300][2,657s][info][gc] GC(12) Pause Young (Allocation Failure) 592M->277M(2331M) 45,790ms
[2024-08-04T21:20:10.549+0300][2,839s][info][gc] GC(13) Pause Young (Allocation Failure) 672M->356M(2354M) 108,644ms
[2024-08-04T21:20:10.652+0300][2,943s][info][gc] GC(14) Pause Young (Allocation Failure) 786M->320M(2343M) 20,602ms
[2024-08-04T21:20:10.819+0300][3,110s][info][gc] GC(15) Pause Young (Allocation Failure) 750M->406M(2369M) 86,972ms
[2024-08-04T21:20:10.918+0300][3,208s][info][gc] GC(16) Pause Young (Allocation Failure) 867M->340M(2358M) 10,389ms
[2024-08-04T21:20:11.069+0300][3,360s][info][gc] GC(17) Pause Young (Allocation Failure) 801M->433M(2375M) 66,330ms
[2024-08-04T21:20:11.168+0300][3,459s][info][gc] GC(18) Pause Young (Allocation Failure) 910M->347M(2369M) 7,265ms
[2024-08-04T21:20:11.330+0300][3,621s][info][gc] GC(19) Pause Young (Allocation Failure) 824M->442M(2376M) 73,230ms
[2024-08-04T21:20:11.551+0300][3,841s][info][gc] GC(20) Pause Young (Allocation Failure) 924M->539M(2373M) 131,191ms
[2024-08-04T21:20:11.688+0300][3,979s][info][gc] GC(21) Pause Young (Allocation Failure) 1021M->536M(2382M) 44,620ms
[2024-08-04T21:20:11.903+0300][4,193s][info][gc] GC(22) Pause Young (Allocation Failure) 1030M->634M(2378M) 121,871ms
[2024-08-04T21:20:12.040+0300][4,330s][info][gc] GC(23) Pause Young (Allocation Failure) 1128M->625M(2391M) 42,195ms
[2024-08-04T21:20:12.267+0300][4,557s][info][gc] GC(24) Pause Young (Allocation Failure) 1134M->727M(2385M) 131,963ms
[2024-08-04T21:20:12.404+0300][4,694s][info][gc] GC(25) Pause Young (Allocation Failure) 1236M->716M(2397M) 39,494ms
[2024-08-04T21:20:12.604+0300][4,895s][info][gc] GC(26) Pause Young (Allocation Failure) 1239M->821M(2392M) 103,040ms
[2024-08-04T21:20:12.747+0300][5,037s][info][gc] GC(27) Pause Young (Allocation Failure) 1344M->816M(2400M) 42,632ms
[2024-08-04T21:20:12.854+0300][5,144s][info][gc] GC(28) Pause Young (Allocation Failure) 1346M->720M(2241M) 5,391ms
[2024-08-04T21:20:13.033+0300][5,323s][info][gc] GC(29) Pause Young (Allocation Failure) 1251M->826M(2390M) 80,556ms
[2024-08-04T21:20:13.140+0300][5,430s][info][gc] GC(30) Pause Young (Allocation Failure) 1343M->732M(2236M) 8,814ms
