[2024-08-04T21:20:52.221+0300][0.005s][info][gc] Using Parallel
[2024-08-04T21:20:53.180+0300][0,964s][info][gc] GC(0) Pause Young (Allocation Failure) 1153M->232M(4416M) 205,481ms
[2024-08-04T21:20:53.513+0300][1,297s][info][gc] GC(1) Pause Young (Allocation Failure) 1384M->96M(4416M) 78,735ms
[2024-08-04T21:20:53.811+0300][1,595s][info][gc] GC(2) Pause Young (Allocation Failure) 1248M->125M(4416M) 70,378ms
[2024-08-04T21:20:54.140+0300][1,924s][info][gc] GC(3) Pause Young (Allocation Failure) 1277M->154M(4416M) 112,612ms
[2024-08-04T21:20:54.476+0300][2,260s][info][gc] GC(4) Pause Young (Allocation Failure) 1306M->183M(4367M) 119,267ms
[2024-08-04T21:20:54.826+0300][2,610s][info][gc] GC(5) Pause Young (Allocation Failure) 1335M->212M(4368M) 133,747ms
[2024-08-04T21:20:55.224+0300][3,008s][info][gc] GC(6) Pause Young (Allocation Failure) 1291M->227M(4379M) 195,181ms
[2024-08-04T21:20:55.502+0300][3,286s][info][gc] GC(7) Pause Young (Allocation Failure) 1306M->241M(4379M) 76,254ms
[2024-08-04T21:20:55.784+0300][3,568s][info][gc] GC(8) Pause Young (Allocation Failure) 1324M->256M(4335M) 76,737ms
[2024-08-04T21:20:56.073+0300][3,857s][info][gc] GC(9) Pause Young (Allocation Failure) 1339M->271M(4354M) 85,089ms
[2024-08-04T21:20:56.277+0300][4,061s][info][gc] GC(10) Pause Young (Allocation Failure) 1320M->78M(4124M) 4,564ms
[2024-08-04T21:20:56.487+0300][4,271s][info][gc] GC(11) Pause Young (Allocation Failure) 1127M->87M(4332M) 11,476ms
[2024-08-04T21:20:56.686+0300][4,470s][info][gc] GC(12) Pause Young (Allocation Failure) 1088M->85M(4083M) 9,367ms
[2024-08-04T21:20:56.886+0300][4,670s][info][gc] GC(13) Pause Young (Allocation Failure) 1086M->84M(4333M) 9,722ms
