[2024-08-04T21:18:57.459+0300][0.003s][info][gc] Using Parallel
[2024-08-04T21:18:57.593+0300][0,137s][info][gc] GC(0) Pause Young (Allocation Failure) 65M->14M(245M) 17,722ms
[2024-08-04T21:18:57.638+0300][0,182s][info][gc] GC(1) Pause Young (Allocation Failure) 78M->27M(245M) 31,687ms
[2024-08-04T21:18:57.675+0300][0,219s][info][gc] GC(2) Pause Young (Allocation Failure) 91M->40M(245M) 25,723ms
[2024-08-04T21:18:57.727+0300][0,271s][info][gc] GC(3) Pause Young (Allocation Failure) 104M->54M(245M) 40,207ms
[2024-08-04T21:18:57.785+0300][0,329s][info][gc] GC(4) Pause Young (Allocation Failure) 118M->68M(245M) 45,300ms
[2024-08-04T21:18:57.829+0300][0,373s][info][gc] GC(5) Pause Young (Allocation Failure) 132M->81M(210M) 31,270ms
[2024-08-04T21:18:57.849+0300][0,393s][info][gc] GC(6) Pause Young (Allocation Failure) 110M->87M(228M) 15,067ms
[2024-08-04T21:18:57.873+0300][0,417s][info][gc] GC(7) Pause Young (Allocation Failure) 116M->93M(228M) 17,540ms
[2024-08-04T21:18:57.937+0300][0,481s][info][gc] GC(8) Pause Young (Allocation Failure) 122M->111M(228M) 58,928ms
[2024-08-04T21:18:57.962+0300][0,506s][info][gc] GC(9) Pause Young (Allocation Failure) 140M->117M(228M) 16,837ms
[2024-08-04T21:18:57.979+0300][0,523s][info][gc] GC(10) Pause Young (Allocation Failure) 146M->123M(228M) 11,210ms
[2024-08-04T21:18:57.995+0300][0,539s][info][gc] GC(11) Pause Young (Allocation Failure) 152M->129M(228M) 9,573ms
[2024-08-04T21:18:58.011+0300][0,555s][info][gc] GC(12) Pause Young (Allocation Failure) 158M->135M(228M) 9,620ms
[2024-08-04T21:18:58.030+0300][0,574s][info][gc] GC(13) Pause Young (Allocation Failure) 164M->140M(228M) 10,182ms
[2024-08-04T21:18:58.046+0300][0,590s][info][gc] GC(14) Pause Young (Allocation Failure) 169M->146M(228M) 9,944ms
[2024-08-04T21:18:58.061+0300][0,605s][info][gc] GC(15) Pause Young (Allocation Failure) 175M->152M(228M) 9,477ms
[2024-08-04T21:18:58.090+0300][0,634s][info][gc] GC(16) Pause Young (Allocation Failure) 181M->177M(228M) 24,108ms
[2024-08-04T21:18:58.319+0300][0,863s][info][gc] GC(17) Pause Full (Ergonomics) 177M->150M(228M) 228,714ms
[2024-08-04T21:18:58.530+0300][1,073s][info][gc] GC(18) Pause Full (Ergonomics) 179M->156M(228M) 203,758ms
[2024-08-04T21:18:58.720+0300][1,264s][info][gc] GC(19) Pause Full (Ergonomics) 185M->162M(228M) 177,976ms
[2024-08-04T21:18:58.892+0300][1,436s][info][gc] GC(20) Pause Full (Ergonomics) 191M->167M(228M) 165,420ms
[2024-08-04T21:18:59.070+0300][1,614s][info][gc] GC(21) Pause Full (Ergonomics) 196M->173M(228M) 171,542ms
[2024-08-04T21:18:59.256+0300][1,800s][info][gc] GC(22) Pause Full (Ergonomics) 199M->178M(228M) 179,947ms
[2024-08-04T21:18:59.469+0300][2,013s][info][gc] GC(23) Pause Full (Ergonomics) 199M->183M(228M) 208,395ms
[2024-08-04T21:18:59.661+0300][2,205s][info][gc] GC(24) Pause Full (Ergonomics) 199M->186M(228M) 187,007ms
[2024-08-04T21:18:59.848+0300][2,392s][info][gc] GC(25) Pause Full (Ergonomics) 199M->189M(228M) 184,816ms
[2024-08-04T21:19:00.037+0300][2,581s][info][gc] GC(26) Pause Full (Ergonomics) 199M->191M(228M) 186,634ms
[2024-08-04T21:19:00.227+0300][2,771s][info][gc] GC(27) Pause Full (Ergonomics) 199M->193M(228M) 188,381ms
[2024-08-04T21:19:00.419+0300][2,963s][info][gc] GC(28) Pause Full (Ergonomics) 199M->194M(228M) 189,883ms
[2024-08-04T21:19:00.613+0300][3,157s][info][gc] GC(29) Pause Full (Ergonomics) 199M->195M(228M) 191,511ms
[2024-08-04T21:19:00.807+0300][3,351s][info][gc] GC(30) Pause Full (Ergonomics) 199M->196M(228M) 192,425ms
[2024-08-04T21:19:01.000+0300][3,544s][info][gc] GC(31) Pause Full (Ergonomics) 199M->197M(228M) 191,998ms
[2024-08-04T21:19:01.200+0300][3,744s][info][gc] GC(32) Pause Full (Ergonomics) 199M->197M(228M) 199,176ms
[2024-08-04T21:19:01.400+0300][3,944s][info][gc] GC(33) Pause Full (Ergonomics) 199M->198M(228M) 198,904ms
[2024-08-04T21:19:01.609+0300][4,153s][info][gc] GC(34) Pause Full (Ergonomics) 199M->198M(228M) 207,703ms
[2024-08-04T21:19:01.813+0300][4,357s][info][gc] GC(35) Pause Full (Ergonomics) 199M->198M(228M) 204,138ms
[2024-08-04T21:19:02.008+0300][4,552s][info][gc] GC(36) Pause Full (Ergonomics) 199M->199M(228M) 194,051ms
[2024-08-04T21:19:02.202+0300][4,746s][info][gc] GC(37) Pause Full (Ergonomics) 199M->199M(228M) 193,049ms
[2024-08-04T21:19:02.398+0300][4,942s][info][gc] GC(38) Pause Full (Ergonomics) 199M->199M(228M) 195,309ms
[2024-08-04T21:19:02.592+0300][5,136s][info][gc] GC(39) Pause Full (Ergonomics) 199M->199M(228M) 193,741ms
[2024-08-04T21:19:02.788+0300][5,332s][info][gc] GC(40) Pause Full (Ergonomics) 199M->199M(228M) 194,544ms
[2024-08-04T21:19:02.983+0300][5,527s][info][gc] GC(41) Pause Full (Ergonomics) 199M->199M(228M) 194,842ms
[2024-08-04T21:19:03.183+0300][5,727s][info][gc] GC(42) Pause Full (Ergonomics) 199M->199M(228M) 200,130ms
[2024-08-04T21:19:03.379+0300][5,923s][info][gc] GC(43) Pause Full (Ergonomics) 199M->199M(228M) 194,879ms
[2024-08-04T21:19:03.575+0300][6,119s][info][gc] GC(44) Pause Full (Ergonomics) 199M->199M(228M) 196,205ms
[2024-08-04T21:19:03.771+0300][6,315s][info][gc] GC(45) Pause Full (Ergonomics) 199M->199M(228M) 195,235ms
[2024-08-04T21:19:03.967+0300][6,511s][info][gc] GC(46) Pause Full (Ergonomics) 199M->199M(228M) 195,537ms
[2024-08-04T21:19:04.162+0300][6,706s][info][gc] GC(47) Pause Full (Ergonomics) 199M->199M(228M) 195,151ms
[2024-08-04T21:19:04.358+0300][6,902s][info][gc] GC(48) Pause Full (Ergonomics) 199M->199M(228M) 195,159ms
[2024-08-04T21:19:04.556+0300][7,100s][info][gc] GC(49) Pause Full (Ergonomics) 199M->199M(228M) 197,793ms
[2024-08-04T21:19:04.753+0300][7,297s][info][gc] GC(50) Pause Full (Ergonomics) 199M->199M(228M) 196,390ms
[2024-08-04T21:19:04.950+0300][7,494s][info][gc] GC(51) Pause Full (Ergonomics) 199M->199M(228M) 196,802ms
[2024-08-04T21:19:05.147+0300][7,691s][info][gc] GC(52) Pause Full (Ergonomics) 199M->199M(228M) 197,207ms
[2024-08-04T21:19:05.343+0300][7,887s][info][gc] GC(53) Pause Full (Ergonomics) 199M->199M(228M) 195,780ms
[2024-08-04T21:19:05.542+0300][8,086s][info][gc] GC(54) Pause Full (Ergonomics) 199M->199M(228M) 198,027ms
[2024-08-04T21:19:05.740+0300][8,283s][info][gc] GC(55) Pause Full (Ergonomics) 199M->199M(228M) 197,478ms
[2024-08-04T21:19:05.935+0300][8,479s][info][gc] GC(56) Pause Full (Ergonomics) 199M->199M(228M) 195,668ms
[2024-08-04T21:19:06.131+0300][8,675s][info][gc] GC(57) Pause Full (Ergonomics) 199M->199M(228M) 195,466ms
[2024-08-04T21:19:06.329+0300][8,873s][info][gc] GC(58) Pause Full (Ergonomics) 199M->199M(228M) 197,657ms
[2024-08-04T21:19:06.526+0300][9,070s][info][gc] GC(59) Pause Full (Ergonomics) 199M->199M(228M) 196,340ms
[2024-08-04T21:19:06.723+0300][9,267s][info][gc] GC(60) Pause Full (Ergonomics) 199M->199M(228M) 197,072ms
[2024-08-04T21:19:06.919+0300][9,463s][info][gc] GC(61) Pause Full (Ergonomics) 199M->199M(228M) 195,606ms
[2024-08-04T21:19:07.116+0300][9,660s][info][gc] GC(62) Pause Full (Ergonomics) 199M->199M(228M) 196,358ms
[2024-08-04T21:19:07.312+0300][9,856s][info][gc] GC(63) Pause Full (Ergonomics) 199M->199M(228M) 196,114ms
[2024-08-04T21:19:07.509+0300][10,053s][info][gc] GC(64) Pause Full (Ergonomics) 199M->199M(228M) 197,014ms
[2024-08-04T21:19:07.709+0300][10,253s][info][gc] GC(65) Pause Full (Ergonomics) 199M->199M(228M) 199,190ms
[2024-08-04T21:19:07.904+0300][10,448s][info][gc] GC(66) Pause Full (Ergonomics) 199M->199M(228M) 195,367ms
[2024-08-04T21:19:08.100+0300][10,644s][info][gc] GC(67) Pause Full (Ergonomics) 199M->199M(228M) 195,229ms
[2024-08-04T21:19:08.322+0300][10,866s][info][gc] GC(68) Pause Full (Ergonomics) 199M->199M(228M) 221,449ms
[2024-08-04T21:19:08.346+0300][10,890s][debug][gc] GC(69) Shrinking ParOldGen from 175104K by 86528K to 88576K
[2024-08-04T21:19:08.346+0300][10,890s][info ][gc] GC(69) Pause Full (Ergonomics) 199M->1M(143M) 23,093ms
