[2024-08-04T21:21:21.578+0300][0.005s][info][gc] Using Parallel
[2024-08-04T21:21:22.672+0300][1,098s][info][gc] GC(0) Pause Young (Allocation Failure) 1537M->103M(5888M) 111,275ms
[2024-08-04T21:21:23.187+0300][1,614s][info][gc] GC(1) Pause Young (Allocation Failure) 1639M->205M(5888M) 194,057ms
[2024-08-04T21:21:23.582+0300][2,009s][info][gc] GC(2) Pause Young (Allocation Failure) 1741M->110M(5888M) 96,768ms
[2024-08-04T21:21:24.032+0300][2,459s][info][gc] GC(3) Pause Young (Allocation Failure) 1646M->216M(5888M) 163,251ms
[2024-08-04T21:21:24.425+0300][2,852s][info][gc] GC(4) Pause Young (Allocation Failure) 1752M->120M(5888M) 104,275ms
[2024-08-04T21:21:24.865+0300][3,292s][info][gc] GC(5) Pause Young (Allocation Failure) 1656M->226M(5840M) 154,093ms
[2024-08-04T21:21:25.304+0300][3,731s][info][gc] GC(6) Pause Young (Allocation Failure) 1718M->121M(5673M) 157,551ms
[2024-08-04T21:21:25.684+0300][4,111s][info][gc] GC(7) Pause Young (Allocation Failure) 1613M->218M(5867M) 85,986ms
[2024-08-04T21:21:26.040+0300][4,466s][info][gc] GC(8) Pause Young (Allocation Failure) 1711M->114M(5865M) 58,111ms
[2024-08-04T21:21:26.438+0300][4,865s][info][gc] GC(9) Pause Young (Allocation Failure) 1606M->211M(5869M) 104,437ms
