[2024-08-04T21:39:47.630+0300][0.005s][info][gc] Using G1
[2024-08-04T21:39:47.631+0300][0.006s][debug][gc] ConcGCThreads: 3 offset 22
[2024-08-04T21:39:47.631+0300][0.006s][debug][gc] ParallelGCThreads: 10
[2024-08-04T21:39:47.632+0300][0.007s][debug][gc] Initialize mark stack with 4096 chunks, maximum 524288
[2024-08-04T21:39:48.052+0300][0,427s][info ][gc] GC(0) Pause Young (Normal) (G1 Evacuation Pause) 265M->256M(3072M) 104,256ms
[2024-08-04T21:39:48.219+0300][0,595s][info ][gc] GC(1) Pause Young (Normal) (G1 Evacuation Pause) 388M->335M(3072M) 71,304ms
[2024-08-04T21:39:48.324+0300][0,699s][info ][gc] GC(2) Pause Young (Normal) (G1 Evacuation Pause) 467M->324M(3072M) 8,194ms
[2024-08-04T21:39:48.451+0300][0,826s][info ][gc] GC(3) Pause Young (Normal) (G1 Evacuation Pause) 468M->368M(3072M) 29,525ms
[2024-08-04T21:39:48.585+0300][0,960s][info ][gc] GC(4) Pause Young (Normal) (G1 Evacuation Pause) 500M->433M(3072M) 46,217ms
[2024-08-04T21:39:48.686+0300][1,061s][info ][gc] GC(5) Pause Young (Normal) (G1 Evacuation Pause) 565M->426M(3072M) 9,920ms
[2024-08-04T21:39:48.808+0300][1,183s][info ][gc] GC(6) Pause Young (Normal) (G1 Evacuation Pause) 564M->463M(3072M) 29,217ms
[2024-08-04T21:39:48.941+0300][1,317s][info ][gc] GC(7) Pause Young (Normal) (G1 Evacuation Pause) 595M->528M(3072M) 45,291ms
[2024-08-04T21:39:49.041+0300][1,416s][info ][gc] GC(8) Pause Young (Normal) (G1 Evacuation Pause) 660M->519M(3072M) 9,580ms
