[2024-08-04T21:39:45.722+0300][0.005s][info][gc] Using G1
[2024-08-04T21:39:45.723+0300][0.006s][debug][gc] ConcGCThreads: 3 offset 22
[2024-08-04T21:39:45.723+0300][0.006s][debug][gc] ParallelGCThreads: 10
[2024-08-04T21:39:45.723+0300][0.006s][debug][gc] Initialize mark stack with 4096 chunks, maximum 524288
[2024-08-04T21:39:46.144+0300][0,427s][info ][gc] GC(0) Pause Young (Normal) (G1 Evacuation Pause) 253M->247M(2816M) 101,681ms
[2024-08-04T21:39:46.282+0300][0,565s][info ][gc] GC(1) Pause Young (Normal) (G1 Evacuation Pause) 369M->303M(2816M) 49,145ms
[2024-08-04T21:39:46.407+0300][0,689s][info ][gc] GC(2) Pause Young (Normal) (G1 Evacuation Pause) 425M->367M(2816M) 37,949ms
[2024-08-04T21:39:46.537+0300][0,820s][info ][gc] GC(3) Pause Young (Normal) (G1 Evacuation Pause) 489M->451M(2816M) 47,569ms
[2024-08-04T21:39:46.633+0300][0,916s][info ][gc] GC(4) Pause Young (Normal) (G1 Evacuation Pause) 573M->454M(2816M) 11,440ms
[2024-08-04T21:39:46.740+0300][1,023s][info ][gc] GC(5) Pause Young (Normal) (G1 Evacuation Pause) 576M->476M(2816M) 25,086ms
[2024-08-04T21:39:46.855+0300][1,138s][info ][gc] GC(6) Pause Young (Normal) (G1 Evacuation Pause) 598M->521M(2816M) 32,614ms
[2024-08-04T21:39:46.980+0300][1,262s][info ][gc] GC(7) Pause Young (Normal) (G1 Evacuation Pause) 643M->589M(2816M) 41,182ms
[2024-08-04T21:39:47.068+0300][1,351s][info ][gc] GC(8) Pause Young (Normal) (G1 Evacuation Pause) 711M->574M(2816M) 4,528ms
