[2024-08-04T21:39:26.248+0300][0.005s][info][gc] Using G1
[2024-08-04T21:39:26.248+0300][0.006s][debug][gc] ConcGCThreads: 3 offset 22
[2024-08-04T21:39:26.248+0300][0.006s][debug][gc] ParallelGCThreads: 10
[2024-08-04T21:39:26.249+0300][0.007s][debug][gc] Initialize mark stack with 4096 chunks, maximum 524288
[2024-08-04T21:39:26.415+0300][0,173s][info ][gc] GC(0) Pause Young (Normal) (G1 Evacuation Pause) 47M->45M(256M) 29,192ms
[2024-08-04T21:39:26.440+0300][0,198s][info ][gc] GC(1) Pause Young (Normal) (G1 Evacuation Pause) 65M->66M(256M) 11,258ms
[2024-08-04T21:39:26.482+0300][0,240s][info ][gc] GC(2) Pause Young (Normal) (G1 Evacuation Pause) 104M->105M(256M) 20,293ms
[2024-08-04T21:39:26.497+0300][0,254s][info ][gc] GC(3) Pause Young (Concurrent Start) (G1 Humongous Allocation) 117M->119M(256M) 8,137ms
[2024-08-04T21:39:26.497+0300][0,254s][info ][gc] GC(4) Concurrent Mark Cycle
[2024-08-04T21:39:26.556+0300][0,313s][debug][gc] GC(4) Reclaimed 34 empty regions
[2024-08-04T21:39:26.556+0300][0,313s][info ][gc] GC(4) Pause Remark 210M->176M(256M) 0,711ms
[2024-08-04T21:39:26.600+0300][0,358s][info ][gc] GC(5) Pause Young (Normal) (G1 Evacuation Pause) 177M->178M(256M) 43,322ms
[2024-08-04T21:39:26.621+0300][0,379s][info ][gc] GC(4) Pause Cleanup 194M->194M(256M) 0,145ms
[2024-08-04T21:39:26.622+0300][0,380s][info ][gc] GC(4) Concurrent Mark Cycle 125,171ms
[2024-08-04T21:39:26.637+0300][0,395s][info ][gc] GC(6) Pause Young (Prepare Mixed) (G1 Evacuation Pause) 201M->196M(256M) 11,133ms
[2024-08-04T21:39:26.659+0300][0,417s][info ][gc] GC(7) Pause Young (Mixed) (G1 Evacuation Pause) 213M->213M(256M) 10,368ms
[2024-08-04T21:39:26.674+0300][0,432s][info ][gc] GC(8) Pause Young (Concurrent Start) (G1 Evacuation Pause) 225M->227M(256M) 6,969ms
[2024-08-04T21:39:26.674+0300][0,432s][info ][gc] GC(9) Concurrent Mark Cycle
[2024-08-04T21:39:26.707+0300][0,464s][info ][gc] GC(10) Pause Young (Normal) (G1 Evacuation Pause) 237M->238M(256M) 6,409ms
[2024-08-04T21:39:26.722+0300][0,480s][info ][gc] GC(11) Pause Young (Normal) (G1 Evacuation Pause) (Evacuation Failure) 248M->253M(256M) 8,206ms
[2024-08-04T21:39:26.723+0300][0,481s][debug][gc] GC(9) Reclaimed 129 empty regions
[2024-08-04T21:39:26.723+0300][0,481s][info ][gc] GC(9) Pause Remark 253M->124M(256M) 0,615ms
[2024-08-04T21:39:26.726+0300][0,484s][info ][gc] GC(12) Pause Young (Normal) (G1 Evacuation Pause) 125M->125M(256M) 2,126ms
[2024-08-04T21:39:26.745+0300][0,503s][info ][gc] GC(9) Pause Cleanup 149M->149M(256M) 0,108ms
[2024-08-04T21:39:26.745+0300][0,503s][info ][gc] GC(9) Concurrent Mark Cycle 71,080ms
[2024-08-04T21:39:26.764+0300][0,522s][info ][gc] GC(13) Pause Young (Prepare Mixed) (G1 Evacuation Pause) 165M->130M(256M) 4,752ms
[2024-08-04T21:39:26.850+0300][0,608s][info ][gc] GC(14) Pause Young (Mixed) (G1 Evacuation Pause) (Evacuation Failure) 194M->197M(256M) 42,033ms
[2024-08-04T21:39:26.879+0300][0,636s][info ][gc] GC(15) Pause Young (Concurrent Start) (G1 Evacuation Pause) 216M->217M(256M) 16,100ms
[2024-08-04T21:39:26.879+0300][0,637s][info ][gc] GC(16) Concurrent Mark Cycle
[2024-08-04T21:39:26.899+0300][0,657s][info ][gc] GC(17) Pause Young (Normal) (G1 Evacuation Pause) 228M->229M(256M) 13,205ms
[2024-08-04T21:39:26.946+0300][0,703s][info ][gc] GC(18) Pause Young (Normal) (G1 Evacuation Pause) 239M->238M(256M) 3,287ms
[2024-08-04T21:39:26.958+0300][0,716s][info ][gc] GC(19) Pause Young (Normal) (G1 Evacuation Pause) (Evacuation Failure) 248M->252M(256M) 5,406ms
[2024-08-04T21:39:26.962+0300][0,720s][info ][gc] GC(20) Pause Young (Normal) (G1 Evacuation Pause) (Evacuation Failure) 254M->256M(256M) 2,554ms
[2024-08-04T21:39:26.962+0300][0,720s][debug][gc] GC(21) Clear Bitmap 0,213ms
[2024-08-04T21:39:26.984+0300][0,742s][info ][gc] GC(21) Pause Full (G1 Compaction Pause) 256M->58M(256M) 22,530ms
[2024-08-04T21:39:26.985+0300][0,742s][info ][gc] GC(16) Concurrent Mark Cycle 105,899ms
[2024-08-04T21:39:27.047+0300][0,805s][info ][gc] GC(22) Pause Young (Normal) (G1 Evacuation Pause) 120M->119M(256M) 20,078ms
[2024-08-04T21:39:27.090+0300][0,848s][info ][gc] GC(23) Pause Young (Normal) (G1 Evacuation Pause) 161M->135M(256M) 12,871ms
[2024-08-04T21:39:27.143+0300][0,901s][info ][gc] GC(24) Pause Young (Concurrent Start) (G1 Evacuation Pause) 174M->175M(256M) 27,593ms
[2024-08-04T21:39:27.143+0300][0,901s][info ][gc] GC(25) Concurrent Mark Cycle
[2024-08-04T21:39:27.176+0300][0,934s][info ][gc] GC(26) Pause Young (Normal) (G1 Evacuation Pause) 198M->199M(256M) 17,676ms
[2024-08-04T21:39:27.196+0300][0,954s][info ][gc] GC(27) Pause Young (Normal) (G1 Evacuation Pause) 215M->217M(256M) 8,870ms
[2024-08-04T21:39:27.204+0300][0,962s][debug][gc] GC(25) Reclaimed 70 empty regions
[2024-08-04T21:39:27.204+0300][0,962s][info ][gc] GC(25) Pause Remark 218M->149M(256M) 0,616ms
[2024-08-04T21:39:27.218+0300][0,976s][info ][gc] GC(28) Pause Young (Normal) (G1 Evacuation Pause) 158M->155M(256M) 4,771ms
[2024-08-04T21:39:27.231+0300][0,989s][info ][gc] GC(25) Pause Cleanup 174M->174M(256M) 0,107ms
[2024-08-04T21:39:27.232+0300][0,989s][info ][gc] GC(25) Concurrent Mark Cycle 88,338ms
[2024-08-04T21:39:27.255+0300][1,013s][info ][gc] GC(29) Pause Young (Prepare Mixed) (G1 Evacuation Pause) 186M->188M(256M) 16,147ms
[2024-08-04T21:39:27.301+0300][1,059s][info ][gc] GC(30) Pause Young (Mixed) (G1 Evacuation Pause) 208M->208M(256M) 15,880ms
[2024-08-04T21:39:27.319+0300][1,076s][info ][gc] GC(31) Pause Young (Concurrent Start) (G1 Evacuation Pause) 222M->223M(256M) 8,607ms
[2024-08-04T21:39:27.319+0300][1,077s][info ][gc] GC(32) Concurrent Mark Cycle
[2024-08-04T21:39:27.331+0300][1,089s][info ][gc] GC(33) Pause Young (Normal) (G1 Evacuation Pause) 232M->233M(256M) 6,661ms
[2024-08-04T21:39:27.344+0300][1,102s][info ][gc] GC(34) Pause Young (Normal) (G1 Evacuation Pause) 243M->243M(256M) 6,412ms
[2024-08-04T21:39:27.377+0300][1,135s][info ][gc] GC(35) Pause Young (Normal) (G1 Evacuation Pause) (Evacuation Failure) 253M->245M(256M) 2,158ms
[2024-08-04T21:39:27.389+0300][1,147s][info ][gc] GC(36) Pause Young (Normal) (G1 Evacuation Pause) (Evacuation Failure) 253M->255M(256M) 6,574ms
[2024-08-04T21:39:27.389+0300][1,147s][debug][gc] GC(37) Clear Bitmap 0,257ms
[2024-08-04T21:39:27.408+0300][1,166s][info ][gc] GC(37) Pause Full (G1 Compaction Pause) 255M->47M(256M) 19,221ms
[2024-08-04T21:39:27.408+0300][1,166s][info ][gc] GC(32) Concurrent Mark Cycle 89,769ms
[2024-08-04T21:39:27.492+0300][1,250s][info ][gc] GC(38) Pause Young (Normal) (G1 Evacuation Pause) 111M->111M(256M) 42,561ms
[2024-08-04T21:39:27.538+0300][1,296s][info ][gc] GC(39) Pause Young (Concurrent Start) (G1 Evacuation Pause) 154M->118M(256M) 15,870ms
[2024-08-04T21:39:27.538+0300][1,296s][info ][gc] GC(40) Concurrent Mark Cycle
[2024-08-04T21:39:27.562+0300][1,320s][debug][gc] GC(40) Reclaimed 64 empty regions
[2024-08-04T21:39:27.562+0300][1,320s][info ][gc] GC(40) Pause Remark 153M->89M(256M) 0,890ms
[2024-08-04T21:39:27.603+0300][1,361s][info ][gc] GC(41) Pause Young (Normal) (G1 Evacuation Pause) 98M->100M(256M) 33,750ms
[2024-08-04T21:39:27.609+0300][1,366s][info ][gc] GC(40) Pause Cleanup 103M->103M(256M) 0,194ms
[2024-08-04T21:39:27.609+0300][1,367s][info ][gc] GC(40) Concurrent Mark Cycle 70,921ms
[2024-08-04T21:39:27.684+0300][1,442s][info ][gc] GC(42) Pause Young (Prepare Mixed) (G1 Evacuation Pause) 148M->99M(256M) 5,094ms
[2024-08-04T21:39:27.751+0300][1,509s][info ][gc] GC(43) Pause Young (Mixed) (G1 Evacuation Pause) 153M->153M(256M) 31,818ms
[2024-08-04T21:39:27.792+0300][1,550s][info ][gc] GC(44) Pause Young (Concurrent Start) (G1 Evacuation Pause) 184M->185M(256M) 21,398ms
[2024-08-04T21:39:27.792+0300][1,550s][info ][gc] GC(45) Concurrent Mark Cycle
[2024-08-04T21:39:27.840+0300][1,598s][info ][gc] GC(46) Pause Young (Normal) (G1 Evacuation Pause) 205M->191M(256M) 5,429ms
[2024-08-04T21:39:27.864+0300][1,622s][info ][gc] GC(47) Pause Young (Normal) (G1 Evacuation Pause) 210M->211M(256M) 11,217ms
[2024-08-04T21:39:27.887+0300][1,644s][info ][gc] GC(48) Pause Young (Normal) (G1 Evacuation Pause) 223M->225M(256M) 7,259ms
[2024-08-04T21:39:27.895+0300][1,653s][debug][gc] GC(45) Reclaimed 53 empty regions
[2024-08-04T21:39:27.895+0300][1,653s][info ][gc] GC(45) Pause Remark 233M->180M(256M) 0,723ms
[2024-08-04T21:39:27.903+0300][1,661s][info ][gc] GC(49) Pause Young (Normal) (G1 Evacuation Pause) 182M->183M(256M) 5,945ms
[2024-08-04T21:39:27.927+0300][1,685s][info ][gc] GC(50) Pause Young (Normal) (G1 Evacuation Pause) 204M->205M(256M) 9,902ms
[2024-08-04T21:39:27.944+0300][1,701s][info ][gc] GC(51) Pause Young (Normal) (G1 Evacuation Pause) 219M->221M(256M) 7,650ms
[2024-08-04T21:39:27.948+0300][1,706s][info ][gc] GC(45) Pause Cleanup 227M->227M(256M) 0,135ms
[2024-08-04T21:39:27.948+0300][1,706s][info ][gc] GC(45) Concurrent Mark Cycle 155,780ms
[2024-08-04T21:39:27.956+0300][1,714s][info ][gc] GC(52) Pause Young (Prepare Mixed) (G1 Evacuation Pause) 230M->231M(256M) 5,970ms
[2024-08-04T21:39:27.968+0300][1,726s][info ][gc] GC(53) Pause Young (Mixed) (G1 Evacuation Pause) 241M->234M(256M) 2,884ms
[2024-08-04T21:39:27.981+0300][1,739s][info ][gc] GC(54) Pause Young (Concurrent Start) (G1 Evacuation Pause) (Evacuation Failure) 244M->249M(256M) 6,976ms
[2024-08-04T21:39:27.981+0300][1,739s][info ][gc] GC(55) Concurrent Mark Cycle
[2024-08-04T21:39:27.987+0300][1,745s][info ][gc] GC(56) Pause Young (Normal) (G1 Evacuation Pause) (Evacuation Failure) 252M->254M(256M) 3,784ms
[2024-08-04T21:39:27.988+0300][1,746s][debug][gc] GC(57) Clear Bitmap 0,261ms
[2024-08-04T21:39:28.011+0300][1,769s][info ][gc] GC(57) Pause Full (G1 Compaction Pause) 254M->54M(256M) 23,924ms
[2024-08-04T21:39:28.012+0300][1,769s][info ][gc] GC(55) Concurrent Mark Cycle 30,085ms
[2024-08-04T21:39:28.081+0300][1,839s][info ][gc] GC(58) Pause Young (Normal) (G1 Evacuation Pause) 115M->115M(256M) 32,002ms
[2024-08-04T21:39:28.122+0300][1,880s][info ][gc] GC(59) Pause Young (Concurrent Start) (G1 Evacuation Pause) 157M->125M(256M) 11,430ms
[2024-08-04T21:39:28.122+0300][1,880s][info ][gc] GC(60) Concurrent Mark Cycle
[2024-08-04T21:39:28.140+0300][1,898s][debug][gc] GC(60) Reclaimed 67 empty regions
[2024-08-04T21:39:28.140+0300][1,898s][info ][gc] GC(60) Pause Remark 152M->86M(256M) 0,808ms
[2024-08-04T21:39:28.175+0300][1,933s][info ][gc] GC(61) Pause Young (Normal) (G1 Evacuation Pause) 100M->102M(256M) 24,477ms
[2024-08-04T21:39:28.178+0300][1,936s][info ][gc] GC(60) Pause Cleanup 106M->106M(256M) 0,125ms
[2024-08-04T21:39:28.178+0300][1,936s][info ][gc] GC(60) Concurrent Mark Cycle 55,683ms
[2024-08-04T21:39:28.213+0300][1,971s][info ][gc] GC(62) Pause Young (Prepare Mixed) (G1 Evacuation Pause) 149M->101M(256M) 4,560ms
[2024-08-04T21:39:28.282+0300][2,040s][info ][gc] GC(63) Pause Young (Mixed) (G1 Evacuation Pause) 155M->155M(256M) 34,678ms
[2024-08-04T21:39:28.323+0300][2,081s][info ][gc] GC(64) Pause Young (Concurrent Start) (G1 Evacuation Pause) 186M->188M(256M) 21,322ms
[2024-08-04T21:39:28.323+0300][2,081s][info ][gc] GC(65) Concurrent Mark Cycle
[2024-08-04T21:39:28.370+0300][2,128s][info ][gc] GC(66) Pause Young (Normal) (G1 Evacuation Pause) 208M->193M(256M) 5,483ms
[2024-08-04T21:39:28.392+0300][2,150s][info ][gc] GC(67) Pause Young (Normal) (G1 Evacuation Pause) 212M->214M(256M) 8,891ms
[2024-08-04T21:39:28.406+0300][2,164s][info ][gc] GC(68) Pause Young (Normal) (G1 Evacuation Pause) 226M->228M(256M) 6,540ms
[2024-08-04T21:39:28.410+0300][2,168s][debug][gc] GC(65) Reclaimed 55 empty regions
[2024-08-04T21:39:28.410+0300][2,168s][info ][gc] GC(65) Pause Remark 234M->179M(256M) 0,588ms
[2024-08-04T21:39:28.419+0300][2,177s][info ][gc] GC(69) Pause Young (Normal) (G1 Evacuation Pause) 183M->184M(256M) 5,314ms
[2024-08-04T21:39:28.442+0300][2,200s][info ][gc] GC(70) Pause Young (Normal) (G1 Evacuation Pause) 205M->206M(256M) 9,427ms
[2024-08-04T21:39:28.447+0300][2,205s][info ][gc] GC(65) Pause Cleanup 214M->214M(256M) 0,109ms
[2024-08-04T21:39:28.448+0300][2,205s][info ][gc] GC(65) Concurrent Mark Cycle 124,312ms
[2024-08-04T21:39:28.459+0300][2,217s][info ][gc] GC(71) Pause Young (Prepare Mixed) (G1 Evacuation Pause) 220M->222M(256M) 7,868ms
[2024-08-04T21:39:28.472+0300][2,230s][info ][gc] GC(72) Pause Young (Mixed) (G1 Evacuation Pause) 231M->230M(256M) 7,167ms
[2024-08-04T21:39:28.484+0300][2,242s][info ][gc] GC(73) Pause Young (Concurrent Start) (G1 Evacuation Pause) 240M->232M(256M) 2,919ms
[2024-08-04T21:39:28.484+0300][2,242s][info ][gc] GC(74) Concurrent Mark Cycle
[2024-08-04T21:39:28.500+0300][2,258s][info ][gc] GC(75) Pause Young (Normal) (G1 Evacuation Pause) 242M->243M(256M) 9,085ms
[2024-08-04T21:39:28.519+0300][2,277s][info ][gc] GC(76) Pause Young (Normal) (G1 Evacuation Pause) (Evacuation Failure) 253M->255M(256M) 12,966ms
[2024-08-04T21:39:28.520+0300][2,278s][debug][gc] GC(77) Clear Bitmap 0,253ms
[2024-08-04T21:39:28.553+0300][2,310s][info ][gc] GC(77) Pause Full (G1 Compaction Pause) 255M->59M(256M) 33,080ms
[2024-08-04T21:39:28.553+0300][2,311s][info ][gc] GC(74) Concurrent Mark Cycle 68,428ms
[2024-08-04T21:39:28.625+0300][2,383s][info ][gc] GC(78) Pause Young (Normal) (G1 Evacuation Pause) 127M->126M(256M) 30,877ms
