[2024-08-04T21:39:43.843+0300][0.005s][info][gc] Using G1
[2024-08-04T21:39:43.844+0300][0.006s][debug][gc] ConcGCThreads: 3 offset 22
[2024-08-04T21:39:43.844+0300][0.006s][debug][gc] ParallelGCThreads: 10
[2024-08-04T21:39:43.844+0300][0.007s][debug][gc] Initialize mark stack with 4096 chunks, maximum 524288
[2024-08-04T21:39:44.245+0300][0,407s][info ][gc] GC(0) Pause Young (Normal) (G1 Evacuation Pause) 241M->233M(2560M) 92,767ms
[2024-08-04T21:39:44.355+0300][0,517s][info ][gc] GC(1) Pause Young (Normal) (G1 Evacuation Pause) 345M->267M(2560M) 27,699ms
[2024-08-04T21:39:44.462+0300][0,624s][info ][gc] GC(2) Pause Young (Normal) (G1 Evacuation Pause) 379M->298M(2560M) 26,625ms
[2024-08-04T21:39:44.571+0300][0,733s][info ][gc] GC(3) Pause Young (Normal) (G1 Evacuation Pause) 410M->340M(2560M) 33,020ms
[2024-08-04T21:39:44.685+0300][0,847s][info ][gc] GC(4) Pause Young (Normal) (G1 Evacuation Pause) 452M->394M(2560M) 38,334ms
[2024-08-04T21:39:44.804+0300][0,967s][info ][gc] GC(5) Pause Young (Normal) (G1 Evacuation Pause) 506M->459M(2560M) 44,099ms
[2024-08-04T21:39:44.931+0300][1,094s][info ][gc] GC(6) Pause Young (Normal) (G1 Evacuation Pause) 571M->536M(2560M) 50,366ms
[2024-08-04T21:39:45.062+0300][1,224s][info ][gc] GC(7) Pause Young (Normal) (G1 Evacuation Pause) 648M->624M(2560M) 55,745ms
[2024-08-04T21:39:45.149+0300][1,312s][info ][gc] GC(8) Pause Young (Normal) (G1 Evacuation Pause) 736M->619M(2560M) 9,409ms
[2024-08-04T21:39:45.347+0300][1,509s][info ][gc] GC(9) Pause Young (Normal) (G1 Evacuation Pause) 835M->633M(2560M) 18,724ms
