[2024-08-04T21:39:54.879+0300][0.002s][info][gc] Using G1
[2024-08-04T21:39:54.880+0300][0.003s][debug][gc] ConcGCThreads: 3 offset 22
[2024-08-04T21:39:54.880+0300][0.003s][debug][gc] ParallelGCThreads: 10
[2024-08-04T21:39:54.880+0300][0.003s][debug][gc] Initialize mark stack with 4096 chunks, maximum 524288
[2024-08-04T21:39:55.375+0300][0,498s][info ][gc] GC(0) Pause Young (Normal) (G1 Evacuation Pause) 317M->311M(4096M) 118,425ms
[2024-08-04T21:39:55.569+0300][0,693s][info ][gc] GC(1) Pause Young (Normal) (G1 Evacuation Pause) 489M->387M(4096M) 66,635ms
[2024-08-04T21:39:55.715+0300][0,839s][info ][gc] GC(2) Pause Young (Normal) (G1 Evacuation Pause) 565M->416M(4096M) 24,072ms
[2024-08-04T21:39:55.853+0300][0,977s][info ][gc] GC(3) Pause Young (Normal) (G1 Evacuation Pause) 594M->419M(4096M) 17,720ms
[2024-08-04T21:39:55.979+0300][1,103s][info ][gc] GC(4) Pause Young (Normal) (G1 Evacuation Pause) 597M->399M(4096M) 5,794ms
[2024-08-04T21:39:56.166+0300][1,290s][info ][gc] GC(5) Pause Young (Normal) (G1 Evacuation Pause) 597M->497M(4096M) 56,134ms
[2024-08-04T21:39:56.329+0300][1,453s][info ][gc] GC(6) Pause Young (Normal) (G1 Evacuation Pause) 675M->555M(4096M) 43,180ms
[2024-08-04T21:39:56.480+0300][1,603s][info ][gc] GC(7) Pause Young (Normal) (G1 Evacuation Pause) 733M->586M(4096M) 31,386ms
