[2024-08-04T21:39:34.102+0300][0.005s][info][gc] Using G1
[2024-08-04T21:39:34.103+0300][0.006s][debug][gc] ConcGCThreads: 3 offset 22
[2024-08-04T21:39:34.103+0300][0.006s][debug][gc] ParallelGCThreads: 10
[2024-08-04T21:39:34.104+0300][0.006s][debug][gc] Initialize mark stack with 4096 chunks, maximum 524288
[2024-08-04T21:39:34.379+0300][0,281s][info ][gc] GC(0) Pause Young (Normal) (G1 Evacuation Pause) 115M->113M(1280M) 69,360ms
[2024-08-04T21:39:34.500+0300][0,403s][info ][gc] GC(1) Pause Young (Normal) (G1 Evacuation Pause) 229M->224M(1280M) 43,619ms
[2024-08-04T21:39:34.571+0300][0,474s][info ][gc] GC(2) Pause Young (Normal) (G1 Evacuation Pause) 280M->282M(1280M) 28,178ms
[2024-08-04T21:39:34.625+0300][0,527s][info ][gc] GC(3) Pause Young (Normal) (G1 Evacuation Pause) 338M->303M(1280M) 13,088ms
[2024-08-04T21:39:34.692+0300][0,595s][info ][gc] GC(4) Pause Young (Normal) (G1 Evacuation Pause) 359M->361M(1280M) 30,997ms
[2024-08-04T21:39:34.754+0300][0,657s][info ][gc] GC(5) Pause Young (Normal) (G1 Evacuation Pause) 417M->394M(1280M) 18,248ms
[2024-08-04T21:39:34.802+0300][0,705s][info ][gc] GC(6) Pause Young (Normal) (G1 Evacuation Pause) 458M->388M(1280M) 3,484ms
[2024-08-04T21:39:34.919+0300][0,821s][info ][gc] GC(7) Pause Young (Normal) (G1 Evacuation Pause) 476M->477M(1280M) 52,086ms
[2024-08-04T21:39:35.011+0300][0,914s][info ][gc] GC(8) Pause Young (Normal) (G1 Evacuation Pause) 556M->535M(1280M) 38,548ms
[2024-08-04T21:39:35.112+0300][1,015s][info ][gc] GC(9) Pause Young (Normal) (G1 Evacuation Pause) 629M->586M(1280M) 36,783ms
[2024-08-04T21:39:35.664+0300][1,566s][info ][gc] GC(10) Pause Young (Normal) (G1 Evacuation Pause) 1099M->644M(1280M) 42,844ms
