[2024-08-04T21:39:49.462+0300][0.005s][info][gc] Using G1
[2024-08-04T21:39:49.464+0300][0.006s][debug][gc] ConcGCThreads: 3 offset 22
[2024-08-04T21:39:49.464+0300][0.006s][debug][gc] ParallelGCThreads: 10
[2024-08-04T21:39:49.464+0300][0.007s][debug][gc] Initialize mark stack with 4096 chunks, maximum 524288
[2024-08-04T21:39:49.918+0300][0,461s][info ][gc] GC(0) Pause Young (Normal) (G1 Evacuation Pause) 279M->271M(3328M) 91,813ms
[2024-08-04T21:39:50.061+0300][0,603s][info ][gc] GC(1) Pause Young (Normal) (G1 Evacuation Pause) 415M->277M(3328M) 37,086ms
[2024-08-04T21:39:50.201+0300][0,744s][info ][gc] GC(2) Pause Young (Normal) (G1 Evacuation Pause) 439M->342M(3328M) 30,974ms
[2024-08-04T21:39:50.307+0300][0,850s][info ][gc] GC(3) Pause Young (Normal) (G1 Evacuation Pause) 486M->327M(3328M) 7,254ms
[2024-08-04T21:39:50.449+0300][0,992s][info ][gc] GC(4) Pause Young (Normal) (G1 Evacuation Pause) 485M->385M(3328M) 36,402ms
[2024-08-04T21:39:50.557+0300][1,099s][info ][gc] GC(5) Pause Young (Normal) (G1 Evacuation Pause) 529M->370M(3328M) 7,025ms
[2024-08-04T21:39:50.694+0300][1,236s][info ][gc] GC(6) Pause Young (Normal) (G1 Evacuation Pause) 528M->426M(3328M) 31,796ms
[2024-08-04T21:39:50.799+0300][1,341s][info ][gc] GC(7) Pause Young (Normal) (G1 Evacuation Pause) 570M->410M(3328M) 6,880ms
[2024-08-04T21:39:51.059+0300][1,602s][info ][gc] GC(8) Pause Young (Normal) (G1 Evacuation Pause) 680M->479M(3328M) 44,597ms
