[2024-08-04T21:39:28.758+0300][0.005s][info][gc] Using G1
[2024-08-04T21:39:28.759+0300][0.006s][debug][gc] ConcGCThreads: 3 offset 22
[2024-08-04T21:39:28.759+0300][0.006s][debug][gc] ParallelGCThreads: 10
[2024-08-04T21:39:28.759+0300][0.007s][debug][gc] Initialize mark stack with 4096 chunks, maximum 524288
[2024-08-04T21:39:28.922+0300][0,170s][info ][gc] GC(0) Pause Young (Normal) (G1 Evacuation Pause) 49M->47M(512M) 21,957ms
[2024-08-04T21:39:28.982+0300][0,230s][info ][gc] GC(1) Pause Young (Normal) (G1 Evacuation Pause) 95M->97M(512M) 33,522ms
[2024-08-04T21:39:29.031+0300][0,278s][info ][gc] GC(2) Pause Young (Normal) (G1 Evacuation Pause) 142M->144M(512M) 23,627ms
[2024-08-04T21:39:29.060+0300][0,307s][info ][gc] GC(3) Pause Young (Normal) (G1 Evacuation Pause) 170M->172M(512M) 14,338ms
[2024-08-04T21:39:29.130+0300][0,377s][info ][gc] GC(4) Pause Young (Normal) (G1 Evacuation Pause) 242M->238M(512M) 18,384ms
[2024-08-04T21:39:29.209+0300][0,456s][info ][gc] GC(5) Pause Young (Concurrent Start) (G1 Evacuation Pause) 288M->291M(512M) 33,890ms
[2024-08-04T21:39:29.209+0300][0,457s][info ][gc] GC(6) Concurrent Mark Cycle
[2024-08-04T21:39:29.271+0300][0,518s][info ][gc] GC(7) Pause Young (Normal) (G1 Evacuation Pause) 339M->307M(512M) 9,531ms
[2024-08-04T21:39:29.272+0300][0,519s][debug][gc] GC(6) Reclaimed 162 empty regions
[2024-08-04T21:39:29.272+0300][0,519s][info ][gc] GC(6) Pause Remark 307M->145M(512M) 0,754ms
[2024-08-04T21:39:29.289+0300][0,537s][info ][gc] GC(6) Pause Cleanup 171M->171M(512M) 0,186ms
[2024-08-04T21:39:29.292+0300][0,539s][info ][gc] GC(6) Concurrent Mark Cycle 82,423ms
[2024-08-04T21:39:29.346+0300][0,593s][info ][gc] GC(8) Pause Young (Prepare Mixed) (G1 Evacuation Pause) 210M->212M(512M) 26,212ms
[2024-08-04T21:39:29.434+0300][0,682s][info ][gc] GC(9) Pause Young (Mixed) (G1 Evacuation Pause) 288M->262M(512M) 30,409ms
[2024-08-04T21:39:29.552+0300][0,799s][info ][gc] GC(10) Pause Young (Concurrent Start) (G1 Evacuation Pause) 368M->319M(512M) 35,701ms
[2024-08-04T21:39:29.552+0300][0,799s][info ][gc] GC(11) Concurrent Mark Cycle
[2024-08-04T21:39:29.592+0300][0,840s][debug][gc] GC(11) Reclaimed 206 empty regions
[2024-08-04T21:39:29.592+0300][0,840s][info ][gc] GC(11) Pause Remark 355M->149M(512M) 0,868ms
[2024-08-04T21:39:29.608+0300][0,855s][info ][gc] GC(11) Pause Cleanup 170M->170M(512M) 0,226ms
[2024-08-04T21:39:29.609+0300][0,856s][info ][gc] GC(11) Concurrent Mark Cycle 56,681ms
[2024-08-04T21:39:29.624+0300][0,872s][info ][gc] GC(12) Pause Young (Prepare Mixed) (G1 Evacuation Pause) 172M->122M(512M) 14,313ms
[2024-08-04T21:39:29.870+0300][1,117s][info ][gc] GC(13) Pause Young (Mixed) (G1 Evacuation Pause) 379M->190M(512M) 41,063ms
[2024-08-04T21:39:30.004+0300][1,252s][info ][gc] GC(14) Pause Young (Normal) (G1 Evacuation Pause) 355M->201M(512M) 24,434ms
[2024-08-04T21:39:30.122+0300][1,369s][info ][gc] GC(15) Pause Young (Normal) (G1 Evacuation Pause) 367M->184M(512M) 7,570ms
[2024-08-04T21:39:30.265+0300][1,512s][info ][gc] GC(16) Pause Young (Normal) (G1 Evacuation Pause) 388M->185M(512M) 8,768ms
