[2024-08-04T21:39:42.091+0300][0.005s][info][gc] Using G1
[2024-08-04T21:39:42.091+0300][0.006s][debug][gc] ConcGCThreads: 3 offset 22
[2024-08-04T21:39:42.091+0300][0.006s][debug][gc] ParallelGCThreads: 10
[2024-08-04T21:39:42.092+0300][0.006s][debug][gc] Initialize mark stack with 4096 chunks, maximum 524288
[2024-08-04T21:39:42.460+0300][0,374s][info ][gc] GC(0) Pause Young (Normal) (G1 Evacuation Pause) 227M->218M(2304M) 80,755ms
[2024-08-04T21:39:42.558+0300][0,473s][info ][gc] GC(1) Pause Young (Normal) (G1 Evacuation Pause) 316M->226M(2304M) 25,545ms
[2024-08-04T21:39:42.647+0300][0,561s][info ][gc] GC(2) Pause Young (Normal) (G1 Evacuation Pause) 334M->234M(2304M) 9,144ms
[2024-08-04T21:39:42.725+0300][0,640s][info ][gc] GC(3) Pause Young (Normal) (G1 Evacuation Pause) 334M->234M(2304M) 9,679ms
[2024-08-04T21:39:42.805+0300][0,720s][info ][gc] GC(4) Pause Young (Normal) (G1 Evacuation Pause) 336M->234M(2304M) 10,330ms
[2024-08-04T21:39:42.883+0300][0,798s][info ][gc] GC(5) Pause Young (Normal) (G1 Evacuation Pause) 334M->234M(2304M) 10,033ms
[2024-08-04T21:39:42.960+0300][0,875s][info ][gc] GC(6) Pause Young (Normal) (G1 Evacuation Pause) 334M->233M(2304M) 9,122ms
[2024-08-04T21:39:43.275+0300][1,190s][info ][gc] GC(7) Pause Young (Normal) (G1 Evacuation Pause) 515M->315M(2304M) 56,890ms
