[2024-08-04T21:39:51.238+0300][0.005s][info][gc] Using G1
[2024-08-04T21:39:51.239+0300][0.006s][debug][gc] ConcGCThreads: 3 offset 22
[2024-08-04T21:39:51.239+0300][0.006s][debug][gc] ParallelGCThreads: 10
[2024-08-04T21:39:51.239+0300][0.007s][debug][gc] Initialize mark stack with 4096 chunks, maximum 524288
[2024-08-04T21:39:51.729+0300][0,497s][info ][gc] GC(0) Pause Young (Normal) (G1 Evacuation Pause) 291M->282M(3584M) 111,188ms
[2024-08-04T21:39:51.886+0300][0,654s][info ][gc] GC(1) Pause Young (Normal) (G1 Evacuation Pause) 436M->307M(3584M) 46,220ms
[2024-08-04T21:39:52.034+0300][0,801s][info ][gc] GC(2) Pause Young (Normal) (G1 Evacuation Pause) 461M->366M(3584M) 43,296ms
[2024-08-04T21:39:52.158+0300][0,925s][info ][gc] GC(3) Pause Young (Normal) (G1 Evacuation Pause) 520M->377M(3584M) 18,860ms
[2024-08-04T21:39:52.306+0300][1,074s][info ][gc] GC(4) Pause Young (Normal) (G1 Evacuation Pause) 531M->438M(3584M) 46,366ms
[2024-08-04T21:39:52.433+0300][1,201s][info ][gc] GC(5) Pause Young (Normal) (G1 Evacuation Pause) 592M->453M(3584M) 21,675ms
[2024-08-04T21:39:52.585+0300][1,353s][info ][gc] GC(6) Pause Young (Normal) (G1 Evacuation Pause) 607M->520M(3584M) 49,662ms
[2024-08-04T21:39:52.714+0300][1,482s][info ][gc] GC(7) Pause Young (Normal) (G1 Evacuation Pause) 674M->540M(3584M) 25,026ms
[2024-08-04T21:39:52.868+0300][1,635s][info ][gc] GC(8) Pause Young (Normal) (G1 Evacuation Pause) 694M->615M(3584M) 52,187ms
