[2024-08-04T21:39:53.094+0300][0.005s][info][gc] Using G1
[2024-08-04T21:39:53.095+0300][0.006s][debug][gc] ConcGCThreads: 3 offset 22
[2024-08-04T21:39:53.095+0300][0.006s][debug][gc] ParallelGCThreads: 10
[2024-08-04T21:39:53.095+0300][0.006s][debug][gc] Initialize mark stack with 4096 chunks, maximum 524288
[2024-08-04T21:39:53.577+0300][0,489s][info ][gc] GC(0) Pause Young (Normal) (G1 Evacuation Pause) 305M->299M(3840M) 106,875ms
[2024-08-04T21:39:53.754+0300][0,665s][info ][gc] GC(1) Pause Young (Normal) (G1 Evacuation Pause) 467M->350M(3840M) 55,048ms
[2024-08-04T21:39:53.883+0300][0,795s][info ][gc] GC(2) Pause Young (Normal) (G1 Evacuation Pause) 518M->347M(3840M) 13,317ms
[2024-08-04T21:39:54.045+0300][0,957s][info ][gc] GC(3) Pause Young (Normal) (G1 Evacuation Pause) 517M->416M(3840M) 49,373ms
[2024-08-04T21:39:54.190+0300][1,101s][info ][gc] GC(4) Pause Young (Normal) (G1 Evacuation Pause) 584M->451M(3840M) 30,190ms
[2024-08-04T21:39:54.318+0300][1,229s][info ][gc] GC(5) Pause Young (Normal) (G1 Evacuation Pause) 619M->450M(3840M) 14,036ms
[2024-08-04T21:39:54.477+0300][1,389s][info ][gc] GC(6) Pause Young (Normal) (G1 Evacuation Pause) 618M->515M(3840M) 49,409ms
[2024-08-04T21:39:54.622+0300][1,533s][info ][gc] GC(7) Pause Young (Normal) (G1 Evacuation Pause) 683M->550M(3840M) 31,547ms
