[2024-08-07T17:56:47.858+0300][0.005s][info][gc] Using Parallel
[2024-08-07T17:56:48.458+0300][0,605s][info][gc] GC(0) Pause Young (Allocation Failure) 769M->2M(2944M) 3,652ms
[2024-08-07T17:56:48.622+0300][0,768s][info][gc] GC(1) Pause Young (Allocation Failure) 770M->5M(2944M) 4,205ms
[2024-08-07T17:56:48.775+0300][0,922s][info][gc] GC(2) Pause Young (Allocation Failure) 773M->3M(2944M) 1,746ms
[2024-08-07T17:56:48.923+0300][1,069s][info][gc] GC(3) Pause Young (Allocation Failure) 771M->4M(2944M) 2,497ms
[2024-08-07T17:56:49.072+0300][1,219s][info][gc] GC(4) Pause Young (Allocation Failure) 772M->5M(2944M) 4,150ms
[2024-08-07T17:56:49.220+0300][1,367s][info][gc] GC(5) Pause Young (Allocation Failure) 773M->3M(3067M) 2,600ms
[2024-08-07T17:56:49.516+0300][1,663s][info][gc] GC(6) Pause Young (Allocation Failure) 1017M->4M(3067M) 4,927ms
[2024-08-07T17:56:49.710+0300][1,857s][info][gc] GC(7) Pause Young (Allocation Failure) 1018M->2M(3067M) 2,559ms
[2024-08-07T17:56:49.907+0300][2,054s][info][gc] GC(8) Pause Young (Allocation Failure) 1016M->4M(3067M) 5,261ms
[2024-08-07T17:56:50.103+0300][2,250s][info][gc] GC(9) Pause Young (Allocation Failure) 1018M->5M(3067M) 4,230ms
[2024-08-07T17:56:50.298+0300][2,445s][info][gc] GC(10) Pause Young (Allocation Failure) 1019M->3M(3067M) 3,019ms
[2024-08-07T17:56:50.494+0300][2,641s][info][gc] GC(11) Pause Young (Allocation Failure) 1017M->5M(3067M) 3,789ms
[2024-08-07T17:56:50.693+0300][2,840s][info][gc] GC(12) Pause Young (Allocation Failure) 1019M->3M(3067M) 3,553ms
[2024-08-07T17:56:50.889+0300][3,036s][info][gc] GC(13) Pause Young (Allocation Failure) 1017M->4M(3067M) 3,307ms
[2024-08-07T17:56:51.085+0300][3,231s][info][gc] GC(14) Pause Young (Allocation Failure) 1018M->3M(3067M) 4,162ms
[2024-08-07T17:56:51.281+0300][3,428s][info][gc] GC(15) Pause Young (Allocation Failure) 1017M->4M(3067M) 3,830ms
[2024-08-07T17:56:51.476+0300][3,622s][info][gc] GC(16) Pause Young (Allocation Failure) 1019M->3M(3067M) 2,842ms
[2024-08-07T17:56:51.675+0300][3,821s][info][gc] GC(17) Pause Young (Allocation Failure) 1017M->4M(3067M) 4,038ms
[2024-08-07T17:56:51.875+0300][4,022s][info][gc] GC(18) Pause Young (Allocation Failure) 1019M->3M(3067M) 3,072ms
[2024-08-07T17:56:52.071+0300][4,217s][info][gc] GC(19) Pause Young (Allocation Failure) 1018M->4M(3067M) 3,998ms
[2024-08-07T17:56:52.273+0300][4,419s][info][gc] GC(20) Pause Young (Allocation Failure) 1019M->3M(3067M) 3,465ms
[2024-08-07T17:56:52.469+0300][4,616s][info][gc] GC(21) Pause Young (Allocation Failure) 1018M->4M(3067M) 4,082ms
[2024-08-07T17:56:52.670+0300][4,817s][info][gc] GC(22) Pause Young (Allocation Failure) 1019M->3M(3067M) 3,071ms
[2024-08-07T17:56:52.865+0300][5,012s][info][gc] GC(23) Pause Young (Allocation Failure) 1018M->5M(3067M) 3,859ms
[2024-08-07T17:56:53.061+0300][5,208s][info][gc] GC(24) Pause Young (Allocation Failure) 1020M->3M(3067M) 3,517ms
[2024-08-07T17:56:53.259+0300][5,405s][info][gc] GC(25) Pause Young (Allocation Failure) 1018M->5M(3067M) 4,176ms
[2024-08-07T17:56:53.454+0300][5,601s][info][gc] GC(26) Pause Young (Allocation Failure) 1020M->3M(3067M) 3,560ms
[2024-08-07T17:56:53.650+0300][5,797s][info][gc] GC(27) Pause Young (Allocation Failure) 1018M->5M(3067M) 4,079ms
[2024-08-07T17:56:53.848+0300][5,994s][info][gc] GC(28) Pause Young (Allocation Failure) 1020M->3M(3067M) 3,486ms
[2024-08-07T17:56:54.044+0300][6,190s][info][gc] GC(29) Pause Young (Allocation Failure) 1018M->5M(3067M) 3,328ms
[2024-08-07T17:56:54.239+0300][6,386s][info][gc] GC(30) Pause Young (Allocation Failure) 1020M->3M(3067M) 3,271ms
[2024-08-07T17:56:54.435+0300][6,581s][info][gc] GC(31) Pause Young (Allocation Failure) 1018M->5M(3067M) 4,150ms
[2024-08-07T17:56:54.631+0300][6,778s][info][gc] GC(32) Pause Young (Allocation Failure) 1020M->3M(3067M) 3,142ms
[2024-08-07T17:56:54.828+0300][6,975s][info][gc] GC(33) Pause Young (Allocation Failure) 1018M->5M(3067M) 4,227ms
[2024-08-07T17:56:55.023+0300][7,169s][info][gc] GC(34) Pause Young (Allocation Failure) 1020M->4M(3067M) 3,167ms
[2024-08-07T17:56:55.219+0300][7,365s][info][gc] GC(35) Pause Young (Allocation Failure) 1019M->5M(3067M) 4,232ms
[2024-08-07T17:56:55.415+0300][7,561s][info][gc] GC(36) Pause Young (Allocation Failure) 1020M->4M(3067M) 4,098ms
[2024-08-07T17:56:55.607+0300][7,753s][info][gc] GC(37) Pause Young (Allocation Failure) 1019M->2M(3067M) 0,783ms
[2024-08-07T17:56:55.802+0300][7,949s][info][gc] GC(38) Pause Young (Allocation Failure) 1017M->4M(3067M) 4,019ms
[2024-08-07T17:56:55.995+0300][8,141s][info][gc] GC(39) Pause Young (Allocation Failure) 1019M->2M(3067M) 1,292ms
[2024-08-07T17:56:56.192+0300][8,338s][info][gc] GC(40) Pause Young (Allocation Failure) 1017M->4M(3067M) 3,974ms
[2024-08-07T17:56:56.384+0300][8,531s][info][gc] GC(41) Pause Young (Allocation Failure) 1019M->2M(3068M) 1,755ms
[2024-08-07T17:56:56.583+0300][8,729s][info][gc] GC(42) Pause Young (Allocation Failure) 1018M->4M(3068M) 3,657ms
[2024-08-07T17:56:56.777+0300][8,923s][info][gc] GC(43) Pause Young (Allocation Failure) 1020M->3M(3068M) 3,268ms
[2024-08-07T17:56:56.973+0300][9,120s][info][gc] GC(44) Pause Young (Allocation Failure) 1019M->5M(3067M) 4,064ms
[2024-08-07T17:56:57.169+0300][9,315s][info][gc] GC(45) Pause Young (Allocation Failure) 1021M->3M(3068M) 3,946ms
[2024-08-07T17:56:57.364+0300][9,511s][info][gc] GC(46) Pause Young (Allocation Failure) 1019M->5M(3067M) 4,042ms
[2024-08-07T17:56:57.563+0300][9,709s][info][gc] GC(47) Pause Young (Allocation Failure) 1021M->4M(3068M) 4,008ms
[2024-08-07T17:56:57.757+0300][9,904s][info][gc] GC(48) Pause Young (Allocation Failure) 1019M->2M(3067M) 1,982ms
[2024-08-07T17:56:57.953+0300][10,100s][info][gc] GC(49) Pause Young (Allocation Failure) 1018M->4M(3068M) 3,938ms
[2024-08-07T17:56:58.147+0300][10,293s][info][gc] GC(50) Pause Young (Allocation Failure) 1020M->3M(3068M) 2,548ms
[2024-08-07T17:56:58.342+0300][10,488s][info][gc] GC(51) Pause Young (Allocation Failure) 1019M->4M(3068M) 3,661ms
[2024-08-07T17:56:58.537+0300][10,684s][info][gc] GC(52) Pause Young (Allocation Failure) 1020M->3M(3068M) 3,330ms
[2024-08-07T17:56:58.738+0300][10,885s][info][gc] GC(53) Pause Young (Allocation Failure) 1019M->5M(3067M) 4,059ms
[2024-08-07T17:56:58.933+0300][11,080s][info][gc] GC(54) Pause Young (Allocation Failure) 1020M->4M(3067M) 3,694ms
[2024-08-07T17:56:59.128+0300][11,275s][info][gc] GC(55) Pause Young (Allocation Failure) 1019M->5M(3067M) 4,096ms
[2024-08-07T17:56:59.323+0300][11,470s][info][gc] GC(56) Pause Young (Allocation Failure) 1020M->4M(3067M) 4,068ms
[2024-08-07T17:56:59.516+0300][11,662s][info][gc] GC(57) Pause Young (Allocation Failure) 1019M->2M(3067M) 0,776ms
[2024-08-07T17:56:59.712+0300][11,859s][info][gc] GC(58) Pause Young (Allocation Failure) 1017M->4M(3067M) 4,003ms
[2024-08-07T17:56:59.904+0300][12,051s][info][gc] GC(59) Pause Young (Allocation Failure) 1019M->2M(3068M) 1,196ms
[2024-08-07T17:57:00.101+0300][12,248s][info][gc] GC(60) Pause Young (Allocation Failure) 1018M->4M(3068M) 3,799ms
[2024-08-07T17:57:00.297+0300][12,444s][info][gc] GC(61) Pause Young (Allocation Failure) 1020M->3M(3068M) 3,146ms
[2024-08-07T17:57:00.492+0300][12,639s][info][gc] GC(62) Pause Young (Allocation Failure) 1019M->5M(3068M) 3,682ms
[2024-08-07T17:57:00.688+0300][12,835s][info][gc] GC(63) Pause Young (Allocation Failure) 1021M->3M(3068M) 3,256ms
[2024-08-07T17:57:00.884+0300][13,030s][info][gc] GC(64) Pause Young (Allocation Failure) 1019M->5M(3067M) 4,033ms
[2024-08-07T17:57:01.079+0300][13,226s][info][gc] GC(65) Pause Young (Allocation Failure) 1021M->4M(3068M) 3,941ms
[2024-08-07T17:57:01.272+0300][13,419s][info][gc] GC(66) Pause Young (Allocation Failure) 1019M->2M(3067M) 2,030ms
[2024-08-07T17:57:01.467+0300][13,614s][info][gc] GC(67) Pause Young (Allocation Failure) 1018M->4M(3068M) 3,782ms
[2024-08-07T17:57:01.661+0300][13,808s][info][gc] GC(68) Pause Young (Allocation Failure) 1020M->3M(3068M) 2,846ms
[2024-08-07T17:57:01.857+0300][14,004s][info][gc] GC(69) Pause Young (Allocation Failure) 1019M->5M(3068M) 3,244ms
[2024-08-07T17:57:02.052+0300][14,199s][info][gc] GC(70) Pause Young (Allocation Failure) 1021M->3M(3068M) 3,361ms
[2024-08-07T17:57:02.248+0300][14,394s][info][gc] GC(71) Pause Young (Allocation Failure) 1019M->5M(3067M) 4,180ms
[2024-08-07T17:57:02.457+0300][14,604s][info][gc] GC(72) Pause Young (Allocation Failure) 1020M->4M(3067M) 6,173ms
[2024-08-07T17:57:02.651+0300][14,797s][info][gc] GC(73) Pause Young (Allocation Failure) 1019M->2M(3068M) 0,684ms
[2024-08-07T17:57:02.848+0300][14,995s][info][gc] GC(74) Pause Young (Allocation Failure) 1018M->4M(3068M) 3,786ms
[2024-08-07T17:57:03.046+0300][15,192s][info][gc] GC(75) Pause Young (Allocation Failure) 1020M->3M(3068M) 2,525ms
