[2024-08-07T17:57:18.863+0300][0.005s][info][gc] Using Parallel
[2024-08-07T17:57:19.769+0300][0,911s][info][gc] GC(0) Pause Young (Allocation Failure) 1281M->4M(4907M) 5,784ms
[2024-08-07T17:57:20.042+0300][1,184s][info][gc] GC(1) Pause Young (Allocation Failure) 1284M->4M(4907M) 4,024ms
[2024-08-07T17:57:20.294+0300][1,437s][info][gc] GC(2) Pause Young (Allocation Failure) 1285M->4M(4907M) 3,188ms
[2024-08-07T17:57:20.538+0300][1,681s][info][gc] GC(3) Pause Young (Allocation Failure) 1284M->4M(4907M) 2,872ms
[2024-08-07T17:57:20.783+0300][1,925s][info][gc] GC(4) Pause Young (Allocation Failure) 1284M->3M(4907M) 2,639ms
[2024-08-07T17:57:21.028+0300][2,170s][info][gc] GC(5) Pause Young (Allocation Failure) 1284M->3M(5116M) 3,183ms
[2024-08-07T17:57:21.527+0300][2,669s][info][gc] GC(6) Pause Young (Allocation Failure) 1702M->4M(5116M) 5,761ms
[2024-08-07T17:57:21.853+0300][2,996s][info][gc] GC(7) Pause Young (Allocation Failure) 1703M->5M(5116M) 4,091ms
[2024-08-07T17:57:22.178+0300][3,320s][info][gc] GC(8) Pause Young (Allocation Failure) 1703M->3M(5113M) 4,178ms
[2024-08-07T17:57:22.502+0300][3,644s][info][gc] GC(9) Pause Young (Allocation Failure) 1701M->4M(5115M) 4,203ms
[2024-08-07T17:57:22.827+0300][3,969s][info][gc] GC(10) Pause Young (Allocation Failure) 1701M->5M(5115M) 4,100ms
[2024-08-07T17:57:23.149+0300][4,291s][info][gc] GC(11) Pause Young (Allocation Failure) 1702M->2M(5115M) 1,755ms
[2024-08-07T17:57:23.474+0300][4,616s][info][gc] GC(12) Pause Young (Allocation Failure) 1700M->3M(5115M) 4,362ms
[2024-08-07T17:57:23.798+0300][4,941s][info][gc] GC(13) Pause Young (Allocation Failure) 1701M->4M(5115M) 4,311ms
[2024-08-07T17:57:24.123+0300][5,265s][info][gc] GC(14) Pause Young (Allocation Failure) 1701M->5M(5115M) 4,114ms
[2024-08-07T17:57:24.444+0300][5,586s][info][gc] GC(15) Pause Young (Allocation Failure) 1702M->2M(5115M) 1,564ms
[2024-08-07T17:57:24.768+0300][5,910s][info][gc] GC(16) Pause Young (Allocation Failure) 1700M->3M(5115M) 4,405ms
[2024-08-07T17:57:25.092+0300][6,235s][info][gc] GC(17) Pause Young (Allocation Failure) 1701M->4M(5115M) 4,318ms
[2024-08-07T17:57:25.416+0300][6,558s][info][gc] GC(18) Pause Young (Allocation Failure) 1701M->5M(5115M) 4,466ms
[2024-08-07T17:57:25.738+0300][6,880s][info][gc] GC(19) Pause Young (Allocation Failure) 1702M->2M(5115M) 1,522ms
[2024-08-07T17:57:26.061+0300][7,203s][info][gc] GC(20) Pause Young (Allocation Failure) 1700M->3M(5115M) 2,935ms
[2024-08-07T17:57:26.385+0300][7,527s][info][gc] GC(21) Pause Young (Allocation Failure) 1700M->4M(5116M) 4,201ms
[2024-08-07T17:57:26.711+0300][7,853s][info][gc] GC(22) Pause Young (Allocation Failure) 1702M->5M(5115M) 4,222ms
[2024-08-07T17:57:27.033+0300][8,175s][info][gc] GC(23) Pause Young (Allocation Failure) 1703M->2M(5115M) 1,980ms
[2024-08-07T17:57:27.356+0300][8,499s][info][gc] GC(24) Pause Young (Allocation Failure) 1700M->3M(5115M) 4,264ms
[2024-08-07T17:57:27.680+0300][8,823s][info][gc] GC(25) Pause Young (Allocation Failure) 1701M->4M(5116M) 4,640ms
[2024-08-07T17:57:28.005+0300][9,147s][info][gc] GC(26) Pause Young (Allocation Failure) 1702M->5M(5115M) 4,154ms
[2024-08-07T17:57:28.328+0300][9,470s][info][gc] GC(27) Pause Young (Allocation Failure) 1703M->3M(5116M) 4,103ms
[2024-08-07T17:57:28.653+0300][9,795s][info][gc] GC(28) Pause Young (Allocation Failure) 1701M->3M(5115M) 4,269ms
[2024-08-07T17:57:28.977+0300][10,120s][info][gc] GC(29) Pause Young (Allocation Failure) 1701M->4M(5116M) 4,227ms
[2024-08-07T17:57:29.299+0300][10,441s][info][gc] GC(30) Pause Young (Allocation Failure) 1703M->2M(5116M) 1,828ms
[2024-08-07T17:57:29.625+0300][10,767s][info][gc] GC(31) Pause Young (Allocation Failure) 1701M->3M(5116M) 4,312ms
[2024-08-07T17:57:29.950+0300][11,092s][info][gc] GC(32) Pause Young (Allocation Failure) 1702M->4M(5116M) 4,597ms
[2024-08-07T17:57:30.270+0300][11,413s][info][gc] GC(33) Pause Young (Allocation Failure) 1703M->2M(5116M) 0,990ms
[2024-08-07T17:57:30.593+0300][11,736s][info][gc] GC(34) Pause Young (Allocation Failure) 1701M->3M(5116M) 3,263ms
[2024-08-07T17:57:30.917+0300][12,059s][info][gc] GC(35) Pause Young (Allocation Failure) 1702M->4M(5116M) 3,872ms
[2024-08-07T17:57:31.241+0300][12,383s][info][gc] GC(36) Pause Young (Allocation Failure) 1702M->5M(5116M) 4,026ms
[2024-08-07T17:57:31.566+0300][12,708s][info][gc] GC(37) Pause Young (Allocation Failure) 1703M->3M(5116M) 4,311ms
[2024-08-07T17:57:31.890+0300][13,032s][info][gc] GC(38) Pause Young (Allocation Failure) 1701M->4M(5116M) 4,331ms
[2024-08-07T17:57:32.215+0300][13,357s][info][gc] GC(39) Pause Young (Allocation Failure) 1702M->5M(5116M) 4,860ms
[2024-08-07T17:57:32.539+0300][13,682s][info][gc] GC(40) Pause Young (Allocation Failure) 1703M->3M(5116M) 3,839ms
[2024-08-07T17:57:32.865+0300][14,007s][info][gc] GC(41) Pause Young (Allocation Failure) 1701M->4M(5116M) 4,223ms
[2024-08-07T17:57:33.190+0300][14,332s][info][gc] GC(42) Pause Young (Allocation Failure) 1702M->5M(5116M) 4,094ms
[2024-08-07T17:57:33.512+0300][14,654s][info][gc] GC(43) Pause Young (Allocation Failure) 1703M->2M(5116M) 2,616ms
[2024-08-07T17:57:33.836+0300][14,978s][info][gc] GC(44) Pause Young (Allocation Failure) 1701M->3M(5116M) 3,979ms
[2024-08-07T17:57:34.161+0300][15,303s][info][gc] GC(45) Pause Young (Allocation Failure) 1702M->4M(5116M) 3,912ms
