[2024-08-07T17:57:03.329+0300][0.002s][info][gc] Using Parallel
[2024-08-07T17:57:04.067+0300][0,740s][info][gc] GC(0) Pause Young (Allocation Failure) 1025M->4M(3925M) 4,190ms
[2024-08-07T17:57:04.285+0300][0,959s][info][gc] GC(1) Pause Young (Allocation Failure) 1028M->3M(3925M) 2,073ms
[2024-08-07T17:57:04.487+0300][1,161s][info][gc] GC(2) Pause Young (Allocation Failure) 1027M->3M(3925M) 2,143ms
[2024-08-07T17:57:04.685+0300][1,359s][info][gc] GC(3) Pause Young (Allocation Failure) 1027M->3M(3925M) 2,291ms
[2024-08-07T17:57:04.884+0300][1,558s][info][gc] GC(4) Pause Young (Allocation Failure) 1027M->4M(3925M) 2,299ms
[2024-08-07T17:57:05.083+0300][1,756s][info][gc] GC(5) Pause Young (Allocation Failure) 1028M->4M(4092M) 3,396ms
[2024-08-07T17:57:05.482+0300][2,156s][info][gc] GC(6) Pause Young (Allocation Failure) 1361M->4M(4090M) 3,971ms
[2024-08-07T17:57:05.746+0300][2,419s][info][gc] GC(7) Pause Young (Allocation Failure) 1361M->4M(4091M) 3,462ms
[2024-08-07T17:57:06.009+0300][2,683s][info][gc] GC(8) Pause Young (Allocation Failure) 1360M->3M(4091M) 3,193ms
[2024-08-07T17:57:06.269+0300][2,943s][info][gc] GC(9) Pause Young (Allocation Failure) 1359M->3M(4091M) 2,895ms
[2024-08-07T17:57:06.532+0300][3,205s][info][gc] GC(10) Pause Young (Allocation Failure) 1359M->3M(4091M) 2,969ms
[2024-08-07T17:57:06.793+0300][3,467s][info][gc] GC(11) Pause Young (Allocation Failure) 1359M->5M(4090M) 4,589ms
[2024-08-07T17:57:07.053+0300][3,726s][info][gc] GC(12) Pause Young (Allocation Failure) 1360M->4M(4091M) 3,425ms
[2024-08-07T17:57:07.312+0300][3,986s][info][gc] GC(13) Pause Young (Allocation Failure) 1359M->4M(4091M) 3,754ms
[2024-08-07T17:57:07.571+0300][4,245s][info][gc] GC(14) Pause Young (Allocation Failure) 1360M->3M(4091M) 3,798ms
[2024-08-07T17:57:07.831+0300][4,504s][info][gc] GC(15) Pause Young (Allocation Failure) 1359M->3M(4091M) 3,985ms
[2024-08-07T17:57:08.090+0300][4,764s][info][gc] GC(16) Pause Young (Allocation Failure) 1359M->3M(4091M) 3,807ms
[2024-08-07T17:57:08.348+0300][5,022s][info][gc] GC(17) Pause Young (Allocation Failure) 1359M->2M(4091M) 1,734ms
[2024-08-07T17:57:08.610+0300][5,284s][info][gc] GC(18) Pause Young (Allocation Failure) 1358M->5M(4091M) 3,702ms
[2024-08-07T17:57:08.869+0300][5,543s][info][gc] GC(19) Pause Young (Allocation Failure) 1361M->5M(4091M) 3,681ms
[2024-08-07T17:57:09.129+0300][5,803s][info][gc] GC(20) Pause Young (Allocation Failure) 1361M->4M(4091M) 3,725ms
[2024-08-07T17:57:09.389+0300][6,062s][info][gc] GC(21) Pause Young (Allocation Failure) 1360M->4M(4091M) 3,418ms
[2024-08-07T17:57:09.648+0300][6,322s][info][gc] GC(22) Pause Young (Allocation Failure) 1360M->3M(4091M) 3,541ms
[2024-08-07T17:57:09.908+0300][6,582s][info][gc] GC(23) Pause Young (Allocation Failure) 1359M->3M(4092M) 3,595ms
[2024-08-07T17:57:10.167+0300][6,841s][info][gc] GC(24) Pause Young (Allocation Failure) 1360M->3M(4092M) 3,791ms
[2024-08-07T17:57:10.426+0300][7,100s][info][gc] GC(25) Pause Young (Allocation Failure) 1360M->2M(4092M) 2,922ms
[2024-08-07T17:57:10.683+0300][7,357s][info][gc] GC(26) Pause Young (Allocation Failure) 1359M->2M(4092M) 1,401ms
[2024-08-07T17:57:10.945+0300][7,618s][info][gc] GC(27) Pause Young (Allocation Failure) 1359M->5M(4091M) 4,105ms
[2024-08-07T17:57:11.204+0300][7,878s][info][gc] GC(28) Pause Young (Allocation Failure) 1361M->5M(4091M) 4,084ms
[2024-08-07T17:57:11.465+0300][8,138s][info][gc] GC(29) Pause Young (Allocation Failure) 1361M->4M(4091M) 4,605ms
[2024-08-07T17:57:11.726+0300][8,400s][info][gc] GC(30) Pause Young (Allocation Failure) 1360M->4M(4091M) 4,344ms
[2024-08-07T17:57:11.987+0300][8,660s][info][gc] GC(31) Pause Young (Allocation Failure) 1360M->3M(4092M) 3,710ms
[2024-08-07T17:57:12.246+0300][8,919s][info][gc] GC(32) Pause Young (Allocation Failure) 1360M->3M(4091M) 3,899ms
[2024-08-07T17:57:12.506+0300][9,180s][info][gc] GC(33) Pause Young (Allocation Failure) 1360M->3M(4092M) 3,911ms
[2024-08-07T17:57:12.765+0300][9,439s][info][gc] GC(34) Pause Young (Allocation Failure) 1360M->3M(4092M) 3,552ms
[2024-08-07T17:57:13.023+0300][9,697s][info][gc] GC(35) Pause Young (Allocation Failure) 1360M->2M(4092M) 2,162ms
[2024-08-07T17:57:13.280+0300][9,953s][info][gc] GC(36) Pause Young (Allocation Failure) 1359M->2M(4092M) 0,970ms
[2024-08-07T17:57:13.540+0300][10,214s][info][gc] GC(37) Pause Young (Allocation Failure) 1359M->5M(4091M) 4,163ms
[2024-08-07T17:57:13.801+0300][10,474s][info][gc] GC(38) Pause Young (Allocation Failure) 1361M->5M(4091M) 2,932ms
[2024-08-07T17:57:14.060+0300][10,734s][info][gc] GC(39) Pause Young (Allocation Failure) 1361M->4M(4091M) 3,746ms
[2024-08-07T17:57:14.320+0300][10,993s][info][gc] GC(40) Pause Young (Allocation Failure) 1360M->4M(4091M) 3,665ms
[2024-08-07T17:57:14.579+0300][11,252s][info][gc] GC(41) Pause Young (Allocation Failure) 1360M->3M(4092M) 3,616ms
[2024-08-07T17:57:14.849+0300][11,523s][info][gc] GC(42) Pause Young (Allocation Failure) 1360M->3M(4092M) 3,902ms
[2024-08-07T17:57:15.109+0300][11,783s][info][gc] GC(43) Pause Young (Allocation Failure) 1360M->3M(4092M) 4,016ms
[2024-08-07T17:57:15.368+0300][12,042s][info][gc] GC(44) Pause Young (Allocation Failure) 1360M->3M(4092M) 3,871ms
[2024-08-07T17:57:15.627+0300][12,300s][info][gc] GC(45) Pause Young (Allocation Failure) 1360M->2M(4092M) 2,908ms
[2024-08-07T17:57:15.887+0300][12,561s][info][gc] GC(46) Pause Young (Allocation Failure) 1360M->2M(4092M) 3,146ms
[2024-08-07T17:57:16.147+0300][12,820s][info][gc] GC(47) Pause Young (Allocation Failure) 1360M->2M(4092M) 2,950ms
[2024-08-07T17:57:16.406+0300][13,080s][info][gc] GC(48) Pause Young (Allocation Failure) 1360M->2M(4092M) 2,953ms
[2024-08-07T17:57:16.665+0300][13,339s][info][gc] GC(49) Pause Young (Allocation Failure) 1360M->2M(4092M) 2,861ms
[2024-08-07T17:57:16.925+0300][13,598s][info][gc] GC(50) Pause Young (Allocation Failure) 1360M->2M(4092M) 2,603ms
[2024-08-07T17:57:17.183+0300][13,857s][info][gc] GC(51) Pause Young (Allocation Failure) 1360M->2M(4093M) 2,516ms
[2024-08-07T17:57:17.443+0300][14,116s][info][gc] GC(52) Pause Young (Allocation Failure) 1361M->3M(4093M) 3,659ms
[2024-08-07T17:57:17.703+0300][14,377s][info][gc] GC(53) Pause Young (Allocation Failure) 1362M->3M(4093M) 3,893ms
[2024-08-07T17:57:17.964+0300][14,638s][info][gc] GC(54) Pause Young (Allocation Failure) 1362M->3M(4093M) 3,738ms
[2024-08-07T17:57:18.223+0300][14,897s][info][gc] GC(55) Pause Young (Allocation Failure) 1362M->3M(4093M) 3,867ms
[2024-08-07T17:57:18.483+0300][15,157s][info][gc] GC(56) Pause Young (Allocation Failure) 1363M->3M(4093M) 3,904ms
