[2024-08-07T17:57:34.514+0300][0.005s][info][gc] Using Parallel
[2024-08-07T17:57:35.575+0300][1,065s][info][gc] GC(0) Pause Young (Allocation Failure) 1537M->3M(5888M) 2,987ms
[2024-08-07T17:57:35.899+0300][1,389s][info][gc] GC(1) Pause Young (Allocation Failure) 1539M->2M(5888M) 1,996ms
[2024-08-07T17:57:36.200+0300][1,690s][info][gc] GC(2) Pause Young (Allocation Failure) 1538M->4M(5888M) 3,436ms
[2024-08-07T17:57:36.493+0300][1,983s][info][gc] GC(3) Pause Young (Allocation Failure) 1540M->3M(5888M) 2,634ms
[2024-08-07T17:57:36.788+0300][2,278s][info][gc] GC(4) Pause Young (Allocation Failure) 1539M->5M(5888M) 3,930ms
[2024-08-07T17:57:37.090+0300][2,581s][info][gc] GC(5) Pause Young (Allocation Failure) 1541M->4M(6139M) 3,566ms
[2024-08-07T17:57:37.689+0300][3,179s][info][gc] GC(6) Pause Young (Allocation Failure) 2042M->3M(6139M) 2,299ms
[2024-08-07T17:57:38.093+0300][3,583s][info][gc] GC(7) Pause Young (Allocation Failure) 2041M->4M(6139M) 3,710ms
[2024-08-07T17:57:38.484+0300][3,974s][info][gc] GC(8) Pause Young (Allocation Failure) 2042M->3M(6139M) 3,358ms
[2024-08-07T17:57:38.879+0300][4,369s][info][gc] GC(9) Pause Young (Allocation Failure) 2041M->5M(6139M) 3,041ms
[2024-08-07T17:57:39.275+0300][4,765s][info][gc] GC(10) Pause Young (Allocation Failure) 2043M->3M(6139M) 2,889ms
[2024-08-07T17:57:39.663+0300][5,154s][info][gc] GC(11) Pause Young (Allocation Failure) 2041M->2M(6139M) 0,705ms
[2024-08-07T17:57:40.054+0300][5,544s][info][gc] GC(12) Pause Young (Allocation Failure) 2040M->4M(6139M) 3,546ms
[2024-08-07T17:57:40.447+0300][5,937s][info][gc] GC(13) Pause Young (Allocation Failure) 2042M->2M(6139M) 2,184ms
[2024-08-07T17:57:40.837+0300][6,327s][info][gc] GC(14) Pause Young (Allocation Failure) 2040M->4M(6139M) 3,352ms
[2024-08-07T17:57:41.228+0300][6,719s][info][gc] GC(15) Pause Young (Allocation Failure) 2042M->3M(6139M) 4,206ms
[2024-08-07T17:57:41.618+0300][7,108s][info][gc] GC(16) Pause Young (Allocation Failure) 2042M->5M(6139M) 3,963ms
[2024-08-07T17:57:42.006+0300][7,496s][info][gc] GC(17) Pause Young (Allocation Failure) 2044M->4M(6139M) 3,768ms
[2024-08-07T17:57:42.393+0300][7,883s][info][gc] GC(18) Pause Young (Allocation Failure) 2043M->2M(6139M) 2,308ms
[2024-08-07T17:57:42.781+0300][8,271s][info][gc] GC(19) Pause Young (Allocation Failure) 2041M->4M(6139M) 3,979ms
[2024-08-07T17:57:43.169+0300][8,659s][info][gc] GC(20) Pause Young (Allocation Failure) 2043M->3M(6139M) 3,783ms
[2024-08-07T17:57:43.554+0300][9,044s][info][gc] GC(21) Pause Young (Allocation Failure) 2042M->2M(6139M) 0,774ms
[2024-08-07T17:57:43.942+0300][9,432s][info][gc] GC(22) Pause Young (Allocation Failure) 2041M->4M(6139M) 4,078ms
[2024-08-07T17:57:44.331+0300][9,821s][info][gc] GC(23) Pause Young (Allocation Failure) 2043M->3M(6139M) 4,021ms
[2024-08-07T17:57:44.719+0300][10,209s][info][gc] GC(24) Pause Young (Allocation Failure) 2042M->5M(6139M) 3,334ms
[2024-08-07T17:57:45.110+0300][10,600s][info][gc] GC(25) Pause Young (Allocation Failure) 2044M->4M(6140M) 3,857ms
[2024-08-07T17:57:45.498+0300][10,988s][info][gc] GC(26) Pause Young (Allocation Failure) 2043M->3M(6139M) 2,826ms
[2024-08-07T17:57:45.887+0300][11,377s][info][gc] GC(27) Pause Young (Allocation Failure) 2042M->5M(6139M) 4,552ms
[2024-08-07T17:57:46.275+0300][11,765s][info][gc] GC(28) Pause Young (Allocation Failure) 2044M->3M(6139M) 3,859ms
[2024-08-07T17:57:46.662+0300][12,152s][info][gc] GC(29) Pause Young (Allocation Failure) 2042M->2M(6140M) 1,880ms
[2024-08-07T17:57:47.050+0300][12,541s][info][gc] GC(30) Pause Young (Allocation Failure) 2042M->4M(6138M) 4,000ms
[2024-08-07T17:57:47.439+0300][12,929s][info][gc] GC(31) Pause Young (Allocation Failure) 2044M->3M(6140M) 4,152ms
[2024-08-07T17:57:47.827+0300][13,317s][info][gc] GC(32) Pause Young (Allocation Failure) 2043M->2M(6139M) 2,390ms
[2024-08-07T17:57:48.217+0300][13,707s][info][gc] GC(33) Pause Young (Allocation Failure) 2042M->4M(6140M) 4,133ms
[2024-08-07T17:57:48.604+0300][14,095s][info][gc] GC(34) Pause Young (Allocation Failure) 2044M->3M(6140M) 3,793ms
[2024-08-07T17:57:48.992+0300][14,483s][info][gc] GC(35) Pause Young (Allocation Failure) 2043M->3M(6140M) 3,607ms
[2024-08-07T17:57:49.382+0300][14,872s][info][gc] GC(36) Pause Young (Allocation Failure) 2043M->5M(6140M) 4,104ms
[2024-08-07T17:57:49.773+0300][15,263s][info][gc] GC(37) Pause Young (Allocation Failure) 2045M->4M(6140M) 4,065ms
