[2024-08-07T17:56:17.518+0300][0.003s][info][gc] Using Parallel
[2024-08-07T17:56:17.857+0300][0,341s][info][gc] GC(0) Pause Young (Allocation Failure) 257M->4M(981M) 4,894ms
[2024-08-07T17:56:17.911+0300][0,396s][info][gc] GC(1) Pause Young (Allocation Failure) 260M->2M(981M) 1,833ms
[2024-08-07T17:56:17.967+0300][0,452s][info][gc] GC(2) Pause Young (Allocation Failure) 258M->5M(981M) 4,486ms
[2024-08-07T17:56:18.028+0300][0,512s][info][gc] GC(3) Pause Young (Allocation Failure) 261M->4M(981M) 4,095ms
[2024-08-07T17:56:18.078+0300][0,562s][info][gc] GC(4) Pause Young (Allocation Failure) 260M->3M(981M) 2,393ms
[2024-08-07T17:56:18.127+0300][0,612s][info][gc] GC(5) Pause Young (Allocation Failure) 259M->3M(1019M) 2,281ms
[2024-08-07T17:56:18.226+0300][0,711s][info][gc] GC(6) Pause Young (Allocation Failure) 335M->5M(1019M) 5,425ms
[2024-08-07T17:56:18.293+0300][0,778s][info][gc] GC(7) Pause Young (Allocation Failure) 337M->4M(1019M) 3,244ms
[2024-08-07T17:56:18.358+0300][0,842s][info][gc] GC(8) Pause Young (Allocation Failure) 336M->4M(1019M) 2,634ms
[2024-08-07T17:56:18.421+0300][0,906s][info][gc] GC(9) Pause Young (Allocation Failure) 336M->3M(1019M) 2,845ms
[2024-08-07T17:56:18.487+0300][0,972s][info][gc] GC(10) Pause Young (Allocation Failure) 335M->5M(1018M) 3,776ms
[2024-08-07T17:56:18.553+0300][1,037s][info][gc] GC(11) Pause Young (Allocation Failure) 337M->4M(1019M) 3,692ms
[2024-08-07T17:56:18.617+0300][1,102s][info][gc] GC(12) Pause Young (Allocation Failure) 336M->4M(1019M) 3,298ms
[2024-08-07T17:56:18.683+0300][1,168s][info][gc] GC(13) Pause Young (Allocation Failure) 335M->3M(1019M) 3,791ms
[2024-08-07T17:56:18.749+0300][1,233s][info][gc] GC(14) Pause Young (Allocation Failure) 335M->5M(1019M) 4,271ms
[2024-08-07T17:56:18.815+0300][1,299s][info][gc] GC(15) Pause Young (Allocation Failure) 337M->4M(1019M) 3,962ms
[2024-08-07T17:56:18.880+0300][1,365s][info][gc] GC(16) Pause Young (Allocation Failure) 336M->3M(1019M) 4,091ms
[2024-08-07T17:56:18.945+0300][1,430s][info][gc] GC(17) Pause Young (Allocation Failure) 335M->3M(1019M) 4,185ms
[2024-08-07T17:56:19.010+0300][1,495s][info][gc] GC(18) Pause Young (Allocation Failure) 335M->5M(1019M) 4,090ms
[2024-08-07T17:56:19.076+0300][1,561s][info][gc] GC(19) Pause Young (Allocation Failure) 337M->4M(1019M) 4,361ms
[2024-08-07T17:56:19.141+0300][1,626s][info][gc] GC(20) Pause Young (Allocation Failure) 336M->4M(1019M) 3,428ms
[2024-08-07T17:56:19.207+0300][1,692s][info][gc] GC(21) Pause Young (Allocation Failure) 336M->3M(1019M) 4,124ms
[2024-08-07T17:56:19.273+0300][1,757s][info][gc] GC(22) Pause Young (Allocation Failure) 335M->5M(1019M) 4,117ms
[2024-08-07T17:56:19.338+0300][1,823s][info][gc] GC(23) Pause Young (Allocation Failure) 337M->4M(1019M) 4,124ms
[2024-08-07T17:56:19.404+0300][1,888s][info][gc] GC(24) Pause Young (Allocation Failure) 336M->4M(1019M) 4,141ms
[2024-08-07T17:56:19.469+0300][1,954s][info][gc] GC(25) Pause Young (Allocation Failure) 336M->3M(1019M) 4,171ms
[2024-08-07T17:56:19.532+0300][2,017s][info][gc] GC(26) Pause Young (Allocation Failure) 335M->2M(1019M) 1,052ms
[2024-08-07T17:56:19.597+0300][2,082s][info][gc] GC(27) Pause Young (Allocation Failure) 334M->4M(1019M) 3,993ms
[2024-08-07T17:56:19.662+0300][2,146s][info][gc] GC(28) Pause Young (Allocation Failure) 336M->4M(1019M) 3,688ms
[2024-08-07T17:56:19.728+0300][2,212s][info][gc] GC(29) Pause Young (Allocation Failure) 336M->3M(1020M) 4,348ms
[2024-08-07T17:56:19.791+0300][2,275s][info][gc] GC(30) Pause Young (Allocation Failure) 335M->2M(1019M) 1,441ms
[2024-08-07T17:56:19.855+0300][2,340s][info][gc] GC(31) Pause Young (Allocation Failure) 335M->5M(1019M) 3,607ms
[2024-08-07T17:56:19.920+0300][2,405s][info][gc] GC(32) Pause Young (Allocation Failure) 337M->4M(1019M) 4,029ms
[2024-08-07T17:56:19.985+0300][2,469s][info][gc] GC(33) Pause Young (Allocation Failure) 336M->3M(1020M) 3,215ms
[2024-08-07T17:56:20.049+0300][2,534s][info][gc] GC(34) Pause Young (Allocation Failure) 336M->3M(1019M) 2,993ms
[2024-08-07T17:56:20.114+0300][2,599s][info][gc] GC(35) Pause Young (Allocation Failure) 335M->5M(1019M) 4,239ms
[2024-08-07T17:56:20.180+0300][2,664s][info][gc] GC(36) Pause Young (Allocation Failure) 337M->4M(1019M) 4,058ms
[2024-08-07T17:56:20.245+0300][2,729s][info][gc] GC(37) Pause Young (Allocation Failure) 336M->4M(1020M) 4,231ms
[2024-08-07T17:56:20.310+0300][2,795s][info][gc] GC(38) Pause Young (Allocation Failure) 336M->3M(1019M) 3,762ms
[2024-08-07T17:56:20.373+0300][2,857s][info][gc] GC(39) Pause Young (Allocation Failure) 335M->2M(1020M) 1,237ms
[2024-08-07T17:56:20.438+0300][2,922s][info][gc] GC(40) Pause Young (Allocation Failure) 335M->5M(1019M) 4,070ms
[2024-08-07T17:56:20.503+0300][2,987s][info][gc] GC(41) Pause Young (Allocation Failure) 338M->4M(1019M) 3,769ms
[2024-08-07T17:56:20.567+0300][3,052s][info][gc] GC(42) Pause Young (Allocation Failure) 336M->3M(1019M) 3,146ms
[2024-08-07T17:56:20.632+0300][3,117s][info][gc] GC(43) Pause Young (Allocation Failure) 335M->3M(1020M) 3,662ms
[2024-08-07T17:56:20.694+0300][3,179s][info][gc] GC(44) Pause Young (Allocation Failure) 336M->2M(1020M) 1,213ms
[2024-08-07T17:56:20.759+0300][3,244s][info][gc] GC(45) Pause Young (Allocation Failure) 335M->5M(1019M) 4,152ms
[2024-08-07T17:56:20.823+0300][3,308s][info][gc] GC(46) Pause Young (Allocation Failure) 337M->4M(1019M) 2,574ms
[2024-08-07T17:56:20.888+0300][3,373s][info][gc] GC(47) Pause Young (Allocation Failure) 336M->3M(1020M) 3,820ms
[2024-08-07T17:56:20.953+0300][3,437s][info][gc] GC(48) Pause Young (Allocation Failure) 336M->3M(1020M) 3,475ms
[2024-08-07T17:56:21.015+0300][3,499s][info][gc] GC(49) Pause Young (Allocation Failure) 336M->2M(1020M) 0,547ms
[2024-08-07T17:56:21.079+0300][3,564s][info][gc] GC(50) Pause Young (Allocation Failure) 335M->5M(1020M) 3,941ms
[2024-08-07T17:56:21.146+0300][3,630s][info][gc] GC(51) Pause Young (Allocation Failure) 338M->4M(1020M) 4,549ms
[2024-08-07T17:56:21.215+0300][3,700s][info][gc] GC(52) Pause Young (Allocation Failure) 337M->4M(1020M) 4,228ms
[2024-08-07T17:56:21.280+0300][3,765s][info][gc] GC(53) Pause Young (Allocation Failure) 337M->3M(1020M) 4,218ms
[2024-08-07T17:56:21.346+0300][3,830s][info][gc] GC(54) Pause Young (Allocation Failure) 336M->2M(1020M) 2,105ms
[2024-08-07T17:56:21.412+0300][3,897s][info][gc] GC(55) Pause Young (Allocation Failure) 335M->5M(1020M) 4,362ms
[2024-08-07T17:56:21.479+0300][3,964s][info][gc] GC(56) Pause Young (Allocation Failure) 338M->4M(1018M) 4,343ms
[2024-08-07T17:56:21.545+0300][4,030s][info][gc] GC(57) Pause Young (Allocation Failure) 337M->4M(1020M) 4,377ms
[2024-08-07T17:56:21.610+0300][4,095s][info][gc] GC(58) Pause Young (Allocation Failure) 336M->3M(1019M) 3,670ms
[2024-08-07T17:56:21.674+0300][4,159s][info][gc] GC(59) Pause Young (Allocation Failure) 336M->3M(1020M) 3,037ms
[2024-08-07T17:56:21.739+0300][4,224s][info][gc] GC(60) Pause Young (Allocation Failure) 336M->5M(1019M) 4,211ms
[2024-08-07T17:56:21.805+0300][4,290s][info][gc] GC(61) Pause Young (Allocation Failure) 338M->5M(1019M) 4,122ms
[2024-08-07T17:56:21.870+0300][4,355s][info][gc] GC(62) Pause Young (Allocation Failure) 337M->4M(1019M) 4,647ms
[2024-08-07T17:56:21.935+0300][4,419s][info][gc] GC(63) Pause Young (Allocation Failure) 336M->3M(1020M) 3,352ms
[2024-08-07T17:56:21.998+0300][4,483s][info][gc] GC(64) Pause Young (Allocation Failure) 336M->3M(1020M) 2,711ms
[2024-08-07T17:56:22.064+0300][4,548s][info][gc] GC(65) Pause Young (Allocation Failure) 336M->5M(1019M) 3,898ms
[2024-08-07T17:56:22.129+0300][4,613s][info][gc] GC(66) Pause Young (Allocation Failure) 337M->4M(1019M) 4,078ms
[2024-08-07T17:56:22.194+0300][4,679s][info][gc] GC(67) Pause Young (Allocation Failure) 336M->4M(1020M) 4,089ms
[2024-08-07T17:56:22.259+0300][4,744s][info][gc] GC(68) Pause Young (Allocation Failure) 336M->3M(1019M) 4,224ms
[2024-08-07T17:56:22.323+0300][4,808s][info][gc] GC(69) Pause Young (Allocation Failure) 335M->2M(1020M) 1,292ms
[2024-08-07T17:56:22.389+0300][4,873s][info][gc] GC(70) Pause Young (Allocation Failure) 335M->5M(1019M) 4,010ms
[2024-08-07T17:56:22.454+0300][4,938s][info][gc] GC(71) Pause Young (Allocation Failure) 338M->4M(1019M) 4,058ms
[2024-08-07T17:56:22.518+0300][5,002s][info][gc] GC(72) Pause Young (Allocation Failure) 336M->3M(1019M) 2,720ms
[2024-08-07T17:56:22.583+0300][5,067s][info][gc] GC(73) Pause Young (Allocation Failure) 335M->3M(1020M) 4,001ms
[2024-08-07T17:56:22.645+0300][5,130s][info][gc] GC(74) Pause Young (Allocation Failure) 336M->2M(1020M) 0,704ms
[2024-08-07T17:56:22.710+0300][5,195s][info][gc] GC(75) Pause Young (Allocation Failure) 335M->5M(1019M) 3,886ms
[2024-08-07T17:56:22.776+0300][5,260s][info][gc] GC(76) Pause Young (Allocation Failure) 337M->4M(1019M) 4,122ms
[2024-08-07T17:56:22.841+0300][5,326s][info][gc] GC(77) Pause Young (Allocation Failure) 336M->3M(1020M) 4,336ms
[2024-08-07T17:56:22.906+0300][5,390s][info][gc] GC(78) Pause Young (Allocation Failure) 336M->3M(1020M) 3,423ms
[2024-08-07T17:56:22.971+0300][5,456s][info][gc] GC(79) Pause Young (Allocation Failure) 336M->5M(1019M) 4,014ms
[2024-08-07T17:56:23.038+0300][5,523s][info][gc] GC(80) Pause Young (Allocation Failure) 337M->4M(1019M) 5,162ms
[2024-08-07T17:56:23.104+0300][5,588s][info][gc] GC(81) Pause Young (Allocation Failure) 336M->4M(1020M) 4,291ms
[2024-08-07T17:56:23.169+0300][5,654s][info][gc] GC(82) Pause Young (Allocation Failure) 336M->3M(1019M) 4,268ms
[2024-08-07T17:56:23.232+0300][5,717s][info][gc] GC(83) Pause Young (Allocation Failure) 336M->2M(1020M) 1,488ms
[2024-08-07T17:56:23.298+0300][5,783s][info][gc] GC(84) Pause Young (Allocation Failure) 335M->5M(1019M) 4,416ms
[2024-08-07T17:56:23.363+0300][5,848s][info][gc] GC(85) Pause Young (Allocation Failure) 338M->4M(1019M) 3,965ms
[2024-08-07T17:56:23.430+0300][5,915s][info][gc] GC(86) Pause Young (Allocation Failure) 336M->4M(1019M) 4,358ms
[2024-08-07T17:56:23.496+0300][5,980s][info][gc] GC(87) Pause Young (Allocation Failure) 336M->3M(1020M) 4,163ms
[2024-08-07T17:56:23.558+0300][6,043s][info][gc] GC(88) Pause Young (Allocation Failure) 336M->2M(1020M) 1,363ms
[2024-08-07T17:56:23.624+0300][6,108s][info][gc] GC(89) Pause Young (Allocation Failure) 335M->5M(1019M) 4,082ms
[2024-08-07T17:56:23.689+0300][6,174s][info][gc] GC(90) Pause Young (Allocation Failure) 337M->4M(1019M) 4,283ms
[2024-08-07T17:56:23.755+0300][6,240s][info][gc] GC(91) Pause Young (Allocation Failure) 336M->3M(1020M) 4,329ms
[2024-08-07T17:56:23.820+0300][6,305s][info][gc] GC(92) Pause Young (Allocation Failure) 336M->3M(1019M) 3,759ms
[2024-08-07T17:56:23.886+0300][6,371s][info][gc] GC(93) Pause Young (Allocation Failure) 335M->5M(1019M) 4,108ms
[2024-08-07T17:56:23.952+0300][6,437s][info][gc] GC(94) Pause Young (Allocation Failure) 337M->4M(1019M) 5,111ms
[2024-08-07T17:56:24.018+0300][6,503s][info][gc] GC(95) Pause Young (Allocation Failure) 336M->4M(1020M) 4,364ms
[2024-08-07T17:56:24.084+0300][6,568s][info][gc] GC(96) Pause Young (Allocation Failure) 336M->3M(1019M) 4,203ms
[2024-08-07T17:56:24.147+0300][6,631s][info][gc] GC(97) Pause Young (Allocation Failure) 336M->2M(1020M) 1,381ms
[2024-08-07T17:56:24.212+0300][6,696s][info][gc] GC(98) Pause Young (Allocation Failure) 335M->5M(1019M) 3,796ms
[2024-08-07T17:56:24.277+0300][6,762s][info][gc] GC(99) Pause Young (Allocation Failure) 338M->4M(1019M) 3,719ms
[2024-08-07T17:56:24.342+0300][6,827s][info][gc] GC(100) Pause Young (Allocation Failure) 336M->4M(1019M) 3,770ms
[2024-08-07T17:56:24.406+0300][6,891s][info][gc] GC(101) Pause Young (Allocation Failure) 336M->3M(1020M) 2,941ms
[2024-08-07T17:56:24.469+0300][6,953s][info][gc] GC(102) Pause Young (Allocation Failure) 336M->2M(1020M) 1,238ms
[2024-08-07T17:56:24.534+0300][7,019s][info][gc] GC(103) Pause Young (Allocation Failure) 335M->5M(1019M) 4,053ms
[2024-08-07T17:56:24.599+0300][7,083s][info][gc] GC(104) Pause Young (Allocation Failure) 337M->4M(1019M) 3,596ms
[2024-08-07T17:56:24.663+0300][7,148s][info][gc] GC(105) Pause Young (Allocation Failure) 336M->3M(1020M) 2,975ms
[2024-08-07T17:56:24.729+0300][7,213s][info][gc] GC(106) Pause Young (Allocation Failure) 336M->3M(1020M) 3,880ms
[2024-08-07T17:56:24.791+0300][7,276s][info][gc] GC(107) Pause Young (Allocation Failure) 336M->2M(1020M) 0,819ms
[2024-08-07T17:56:24.856+0300][7,341s][info][gc] GC(108) Pause Young (Allocation Failure) 335M->5M(1020M) 3,963ms
[2024-08-07T17:56:24.922+0300][7,406s][info][gc] GC(109) Pause Young (Allocation Failure) 338M->4M(1020M) 3,983ms
[2024-08-07T17:56:24.987+0300][7,472s][info][gc] GC(110) Pause Young (Allocation Failure) 337M->4M(1020M) 4,059ms
[2024-08-07T17:56:25.053+0300][7,537s][info][gc] GC(111) Pause Young (Allocation Failure) 337M->3M(1020M) 3,953ms
[2024-08-07T17:56:25.117+0300][7,601s][info][gc] GC(112) Pause Young (Allocation Failure) 336M->3M(1020M) 2,440ms
[2024-08-07T17:56:25.182+0300][7,667s][info][gc] GC(113) Pause Young (Allocation Failure) 336M->5M(1020M) 3,962ms
[2024-08-07T17:56:25.247+0300][7,732s][info][gc] GC(114) Pause Young (Allocation Failure) 338M->5M(1018M) 3,707ms
[2024-08-07T17:56:25.313+0300][7,798s][info][gc] GC(115) Pause Young (Allocation Failure) 338M->4M(1020M) 4,021ms
[2024-08-07T17:56:25.378+0300][7,863s][info][gc] GC(116) Pause Young (Allocation Failure) 336M->3M(1019M) 4,112ms
[2024-08-07T17:56:25.443+0300][7,928s][info][gc] GC(117) Pause Young (Allocation Failure) 336M->3M(1020M) 3,199ms
[2024-08-07T17:56:25.508+0300][7,993s][info][gc] GC(118) Pause Young (Allocation Failure) 336M->5M(1019M) 3,920ms
[2024-08-07T17:56:25.574+0300][8,058s][info][gc] GC(119) Pause Young (Allocation Failure) 338M->5M(1019M) 4,106ms
[2024-08-07T17:56:25.639+0300][8,124s][info][gc] GC(120) Pause Young (Allocation Failure) 337M->4M(1019M) 4,036ms
[2024-08-07T17:56:25.705+0300][8,189s][info][gc] GC(121) Pause Young (Allocation Failure) 336M->3M(1020M) 3,963ms
[2024-08-07T17:56:25.769+0300][8,254s][info][gc] GC(122) Pause Young (Allocation Failure) 336M->3M(1020M) 2,810ms
[2024-08-07T17:56:25.834+0300][8,319s][info][gc] GC(123) Pause Young (Allocation Failure) 336M->5M(1019M) 3,939ms
[2024-08-07T17:56:25.899+0300][8,384s][info][gc] GC(124) Pause Young (Allocation Failure) 337M->4M(1019M) 3,923ms
[2024-08-07T17:56:25.965+0300][8,449s][info][gc] GC(125) Pause Young (Allocation Failure) 336M->4M(1020M) 4,367ms
[2024-08-07T17:56:26.030+0300][8,514s][info][gc] GC(126) Pause Young (Allocation Failure) 336M->3M(1019M) 3,960ms
[2024-08-07T17:56:26.093+0300][8,578s][info][gc] GC(127) Pause Young (Allocation Failure) 336M->2M(1020M) 1,645ms
[2024-08-07T17:56:26.158+0300][8,643s][info][gc] GC(128) Pause Young (Allocation Failure) 335M->5M(1019M) 3,967ms
[2024-08-07T17:56:26.223+0300][8,708s][info][gc] GC(129) Pause Young (Allocation Failure) 338M->4M(1019M) 3,315ms
[2024-08-07T17:56:26.289+0300][8,774s][info][gc] GC(130) Pause Young (Allocation Failure) 336M->4M(1019M) 4,035ms
[2024-08-07T17:56:26.354+0300][8,839s][info][gc] GC(131) Pause Young (Allocation Failure) 336M->3M(1020M) 4,107ms
[2024-08-07T17:56:26.416+0300][8,901s][info][gc] GC(132) Pause Young (Allocation Failure) 336M->2M(1020M) 1,071ms
[2024-08-07T17:56:26.482+0300][8,967s][info][gc] GC(133) Pause Young (Allocation Failure) 335M->5M(1019M) 4,268ms
[2024-08-07T17:56:26.547+0300][9,032s][info][gc] GC(134) Pause Young (Allocation Failure) 337M->4M(1019M) 3,895ms
[2024-08-07T17:56:26.612+0300][9,097s][info][gc] GC(135) Pause Young (Allocation Failure) 336M->3M(1020M) 4,197ms
[2024-08-07T17:56:26.678+0300][9,163s][info][gc] GC(136) Pause Young (Allocation Failure) 336M->3M(1020M) 3,798ms
[2024-08-07T17:56:26.740+0300][9,225s][info][gc] GC(137) Pause Young (Allocation Failure) 336M->2M(1020M) 0,828ms
[2024-08-07T17:56:26.805+0300][9,290s][info][gc] GC(138) Pause Young (Allocation Failure) 335M->5M(1020M) 4,100ms
[2024-08-07T17:56:26.871+0300][9,356s][info][gc] GC(139) Pause Young (Allocation Failure) 338M->4M(1020M) 4,010ms
[2024-08-07T17:56:26.937+0300][9,422s][info][gc] GC(140) Pause Young (Allocation Failure) 337M->4M(1020M) 4,258ms
[2024-08-07T17:56:27.003+0300][9,487s][info][gc] GC(141) Pause Young (Allocation Failure) 337M->3M(1020M) 4,165ms
[2024-08-07T17:56:27.066+0300][9,551s][info][gc] GC(142) Pause Young (Allocation Failure) 336M->3M(1020M) 2,256ms
[2024-08-07T17:56:27.131+0300][9,616s][info][gc] GC(143) Pause Young (Allocation Failure) 336M->5M(1020M) 3,491ms
[2024-08-07T17:56:27.197+0300][9,682s][info][gc] GC(144) Pause Young (Allocation Failure) 338M->5M(1018M) 4,061ms
[2024-08-07T17:56:27.263+0300][9,747s][info][gc] GC(145) Pause Young (Allocation Failure) 338M->4M(1020M) 4,188ms
[2024-08-07T17:56:27.328+0300][9,812s][info][gc] GC(146) Pause Young (Allocation Failure) 337M->3M(1019M) 3,612ms
[2024-08-07T17:56:27.396+0300][9,881s][info][gc] GC(147) Pause Young (Allocation Failure) 336M->3M(1020M) 3,026ms
[2024-08-07T17:56:27.462+0300][9,947s][info][gc] GC(148) Pause Young (Allocation Failure) 336M->5M(1019M) 4,035ms
[2024-08-07T17:56:27.528+0300][10,012s][info][gc] GC(149) Pause Young (Allocation Failure) 338M->5M(1019M) 4,164ms
[2024-08-07T17:56:27.593+0300][10,078s][info][gc] GC(150) Pause Young (Allocation Failure) 337M->4M(1019M) 4,361ms
[2024-08-07T17:56:27.659+0300][10,144s][info][gc] GC(151) Pause Young (Allocation Failure) 336M->3M(1020M) 4,120ms
[2024-08-07T17:56:27.723+0300][10,208s][info][gc] GC(152) Pause Young (Allocation Failure) 336M->3M(1020M) 2,673ms
[2024-08-07T17:56:27.789+0300][10,273s][info][gc] GC(153) Pause Young (Allocation Failure) 336M->5M(1019M) 3,852ms
[2024-08-07T17:56:27.854+0300][10,339s][info][gc] GC(154) Pause Young (Allocation Failure) 337M->4M(1019M) 4,045ms
[2024-08-07T17:56:27.921+0300][10,406s][info][gc] GC(155) Pause Young (Allocation Failure) 336M->4M(1020M) 2,707ms
[2024-08-07T17:56:27.985+0300][10,470s][info][gc] GC(156) Pause Young (Allocation Failure) 336M->3M(1019M) 2,279ms
[2024-08-07T17:56:28.049+0300][10,534s][info][gc] GC(157) Pause Young (Allocation Failure) 336M->2M(1020M) 1,331ms
[2024-08-07T17:56:28.117+0300][10,601s][info][gc] GC(158) Pause Young (Allocation Failure) 335M->5M(1019M) 4,012ms
[2024-08-07T17:56:28.195+0300][10,680s][info][gc] GC(159) Pause Young (Allocation Failure) 338M->4M(1019M) 3,370ms
[2024-08-07T17:56:28.261+0300][10,746s][info][gc] GC(160) Pause Young (Allocation Failure) 336M->4M(1019M) 4,606ms
[2024-08-07T17:56:28.324+0300][10,809s][info][gc] GC(161) Pause Young (Allocation Failure) 336M->3M(1020M) 2,717ms
[2024-08-07T17:56:28.387+0300][10,872s][info][gc] GC(162) Pause Young (Allocation Failure) 336M->2M(1020M) 0,748ms
[2024-08-07T17:56:28.451+0300][10,936s][info][gc] GC(163) Pause Young (Allocation Failure) 335M->5M(1019M) 3,042ms
[2024-08-07T17:56:28.516+0300][11,001s][info][gc] GC(164) Pause Young (Allocation Failure) 337M->4M(1019M) 3,084ms
[2024-08-07T17:56:28.580+0300][11,065s][info][gc] GC(165) Pause Young (Allocation Failure) 336M->3M(1020M) 3,264ms
[2024-08-07T17:56:28.645+0300][11,129s][info][gc] GC(166) Pause Young (Allocation Failure) 336M->3M(1020M) 2,679ms
[2024-08-07T17:56:28.707+0300][11,192s][info][gc] GC(167) Pause Young (Allocation Failure) 336M->2M(1020M) 0,491ms
[2024-08-07T17:56:28.783+0300][11,267s][info][gc] GC(168) Pause Young (Allocation Failure) 335M->5M(1020M) 3,296ms
[2024-08-07T17:56:28.847+0300][11,332s][info][gc] GC(169) Pause Young (Allocation Failure) 338M->4M(1020M) 2,527ms
[2024-08-07T17:56:28.912+0300][11,396s][info][gc] GC(170) Pause Young (Allocation Failure) 337M->4M(1020M) 2,766ms
[2024-08-07T17:56:28.976+0300][11,461s][info][gc] GC(171) Pause Young (Allocation Failure) 337M->3M(1020M) 2,720ms
[2024-08-07T17:56:29.039+0300][11,524s][info][gc] GC(172) Pause Young (Allocation Failure) 336M->3M(1020M) 1,296ms
[2024-08-07T17:56:29.105+0300][11,589s][info][gc] GC(173) Pause Young (Allocation Failure) 336M->5M(1020M) 3,312ms
[2024-08-07T17:56:29.170+0300][11,654s][info][gc] GC(174) Pause Young (Allocation Failure) 338M->5M(1020M) 3,557ms
[2024-08-07T17:56:29.236+0300][11,721s][info][gc] GC(175) Pause Young (Allocation Failure) 338M->4M(1020M) 3,964ms
[2024-08-07T17:56:29.301+0300][11,786s][info][gc] GC(176) Pause Young (Allocation Failure) 337M->4M(1020M) 3,042ms
[2024-08-07T17:56:29.366+0300][11,850s][info][gc] GC(177) Pause Young (Allocation Failure) 337M->3M(1020M) 3,226ms
[2024-08-07T17:56:29.428+0300][11,913s][info][gc] GC(178) Pause Young (Allocation Failure) 336M->2M(1020M) 1,047ms
[2024-08-07T17:56:29.493+0300][11,977s][info][gc] GC(179) Pause Young (Allocation Failure) 335M->5M(1020M) 3,103ms
[2024-08-07T17:56:29.558+0300][12,043s][info][gc] GC(180) Pause Young (Allocation Failure) 338M->4M(1020M) 3,595ms
[2024-08-07T17:56:29.623+0300][12,107s][info][gc] GC(181) Pause Young (Allocation Failure) 337M->4M(1020M) 3,318ms
[2024-08-07T17:56:29.687+0300][12,172s][info][gc] GC(182) Pause Young (Allocation Failure) 337M->3M(1020M) 2,775ms
[2024-08-07T17:56:29.751+0300][12,235s][info][gc] GC(183) Pause Young (Allocation Failure) 336M->3M(1020M) 2,109ms
[2024-08-07T17:56:29.815+0300][12,300s][info][gc] GC(184) Pause Young (Allocation Failure) 336M->5M(1020M) 3,471ms
[2024-08-07T17:56:29.880+0300][12,365s][info][gc] GC(185) Pause Young (Allocation Failure) 338M->5M(1019M) 3,407ms
[2024-08-07T17:56:29.951+0300][12,435s][info][gc] GC(186) Pause Young (Allocation Failure) 337M->4M(1019M) 3,517ms
[2024-08-07T17:56:30.016+0300][12,500s][info][gc] GC(187) Pause Young (Allocation Failure) 336M->3M(1020M) 3,093ms
[2024-08-07T17:56:30.079+0300][12,563s][info][gc] GC(188) Pause Young (Allocation Failure) 336M->3M(1020M) 1,773ms
[2024-08-07T17:56:30.145+0300][12,629s][info][gc] GC(189) Pause Young (Allocation Failure) 336M->5M(1019M) 3,700ms
[2024-08-07T17:56:30.211+0300][12,696s][info][gc] GC(190) Pause Young (Allocation Failure) 337M->4M(1019M) 4,597ms
[2024-08-07T17:56:30.276+0300][12,761s][info][gc] GC(191) Pause Young (Allocation Failure) 336M->4M(1020M) 3,315ms
[2024-08-07T17:56:30.342+0300][12,826s][info][gc] GC(192) Pause Young (Allocation Failure) 336M->3M(1019M) 3,013ms
[2024-08-07T17:56:30.405+0300][12,889s][info][gc] GC(193) Pause Young (Allocation Failure) 336M->3M(1020M) 0,948ms
[2024-08-07T17:56:30.470+0300][12,954s][info][gc] GC(194) Pause Young (Allocation Failure) 336M->5M(1019M) 3,209ms
[2024-08-07T17:56:30.535+0300][13,019s][info][gc] GC(195) Pause Young (Allocation Failure) 338M->5M(1019M) 3,356ms
[2024-08-07T17:56:30.599+0300][13,083s][info][gc] GC(196) Pause Young (Allocation Failure) 337M->4M(1019M) 3,117ms
[2024-08-07T17:56:30.662+0300][13,147s][info][gc] GC(197) Pause Young (Allocation Failure) 336M->3M(1020M) 2,312ms
[2024-08-07T17:56:30.724+0300][13,209s][info][gc] GC(198) Pause Young (Allocation Failure) 336M->3M(1020M) 0,772ms
[2024-08-07T17:56:30.789+0300][13,274s][info][gc] GC(199) Pause Young (Allocation Failure) 336M->5M(1020M) 3,478ms
[2024-08-07T17:56:30.853+0300][13,338s][info][gc] GC(200) Pause Young (Allocation Failure) 338M->4M(1020M) 3,328ms
[2024-08-07T17:56:30.918+0300][13,403s][info][gc] GC(201) Pause Young (Allocation Failure) 337M->4M(1020M) 3,390ms
[2024-08-07T17:56:30.983+0300][13,468s][info][gc] GC(202) Pause Young (Allocation Failure) 337M->3M(1020M) 3,385ms
[2024-08-07T17:56:31.046+0300][13,531s][info][gc] GC(203) Pause Young (Allocation Failure) 336M->3M(1020M) 1,904ms
[2024-08-07T17:56:31.111+0300][13,596s][info][gc] GC(204) Pause Young (Allocation Failure) 336M->5M(1020M) 3,587ms
[2024-08-07T17:56:31.176+0300][13,660s][info][gc] GC(205) Pause Young (Allocation Failure) 338M->5M(1019M) 3,022ms
[2024-08-07T17:56:31.240+0300][13,725s][info][gc] GC(206) Pause Young (Allocation Failure) 337M->4M(1019M) 2,886ms
[2024-08-07T17:56:31.304+0300][13,789s][info][gc] GC(207) Pause Young (Allocation Failure) 336M->3M(1020M) 2,404ms
[2024-08-07T17:56:31.367+0300][13,852s][info][gc] GC(208) Pause Young (Allocation Failure) 336M->3M(1020M) 1,328ms
[2024-08-07T17:56:31.434+0300][13,919s][info][gc] GC(209) Pause Young (Allocation Failure) 336M->5M(1019M) 5,764ms
[2024-08-07T17:56:31.499+0300][13,983s][info][gc] GC(210) Pause Young (Allocation Failure) 337M->5M(1019M) 3,198ms
[2024-08-07T17:56:31.563+0300][14,048s][info][gc] GC(211) Pause Young (Allocation Failure) 337M->4M(1020M) 3,061ms
[2024-08-07T17:56:31.628+0300][14,113s][info][gc] GC(212) Pause Young (Allocation Failure) 336M->3M(1019M) 3,152ms
[2024-08-07T17:56:31.690+0300][14,175s][info][gc] GC(213) Pause Young (Allocation Failure) 336M->3M(1020M) 0,537ms
[2024-08-07T17:56:31.755+0300][14,239s][info][gc] GC(214) Pause Young (Allocation Failure) 336M->5M(1019M) 2,777ms
[2024-08-07T17:56:31.819+0300][14,303s][info][gc] GC(215) Pause Young (Allocation Failure) 338M->4M(1020M) 2,832ms
[2024-08-07T17:56:31.883+0300][14,368s][info][gc] GC(216) Pause Young (Allocation Failure) 337M->4M(1019M) 3,102ms
[2024-08-07T17:56:31.948+0300][14,432s][info][gc] GC(217) Pause Young (Allocation Failure) 336M->3M(1020M) 3,082ms
[2024-08-07T17:56:32.010+0300][14,495s][info][gc] GC(218) Pause Young (Allocation Failure) 336M->3M(1020M) 1,117ms
[2024-08-07T17:56:32.076+0300][14,561s][info][gc] GC(219) Pause Young (Allocation Failure) 336M->5M(1020M) 3,692ms
[2024-08-07T17:56:32.141+0300][14,626s][info][gc] GC(220) Pause Young (Allocation Failure) 338M->5M(1018M) 4,096ms
[2024-08-07T17:56:32.207+0300][14,692s][info][gc] GC(221) Pause Young (Allocation Failure) 338M->4M(1020M) 4,059ms
[2024-08-07T17:56:32.272+0300][14,756s][info][gc] GC(222) Pause Young (Allocation Failure) 336M->3M(1019M) 4,022ms
[2024-08-07T17:56:32.335+0300][14,819s][info][gc] GC(223) Pause Young (Allocation Failure) 336M->3M(1020M) 1,746ms
[2024-08-07T17:56:32.400+0300][14,885s][info][gc] GC(224) Pause Young (Allocation Failure) 336M->5M(1019M) 4,454ms
[2024-08-07T17:56:32.466+0300][14,950s][info][gc] GC(225) Pause Young (Allocation Failure) 338M->5M(1019M) 4,455ms
[2024-08-07T17:56:32.531+0300][15,016s][info][gc] GC(226) Pause Young (Allocation Failure) 337M->4M(1019M) 4,253ms
[2024-08-07T17:56:32.596+0300][15,081s][info][gc] GC(227) Pause Young (Allocation Failure) 336M->3M(1020M) 4,126ms
[2024-08-07T17:56:32.659+0300][15,144s][info][gc] GC(228) Pause Young (Allocation Failure) 336M->3M(1020M) 1,396ms
[2024-08-07T17:56:32.724+0300][15,209s][info][gc] GC(229) Pause Young (Allocation Failure) 336M->5M(1019M) 4,027ms
