[2024-08-07T17:58:06.303+0300][0.002s][info][gc] Using Parallel
[2024-08-07T17:58:07.627+0300][1,326s][info][gc] GC(0) Pause Young (Allocation Failure) 2049M->5M(7851M) 6,495ms
[2024-08-07T17:58:08.057+0300][1,756s][info][gc] GC(1) Pause Young (Allocation Failure) 2053M->4M(7851M) 4,740ms
[2024-08-07T17:58:08.453+0300][2,152s][info][gc] GC(2) Pause Young (Allocation Failure) 2053M->2M(7851M) 1,553ms
[2024-08-07T17:58:08.844+0300][2,543s][info][gc] GC(3) Pause Young (Allocation Failure) 2051M->3M(7851M) 2,329ms
[2024-08-07T17:58:09.233+0300][2,933s][info][gc] GC(4) Pause Young (Allocation Failure) 2051M->4M(7851M) 3,271ms
[2024-08-07T17:58:09.623+0300][3,323s][info][gc] GC(5) Pause Young (Allocation Failure) 2052M->4M(8187M) 4,530ms
[2024-08-07T17:58:10.414+0300][4,113s][info][gc] GC(6) Pause Young (Allocation Failure) 2725M->2M(8182M) 2,455ms
[2024-08-07T17:58:10.933+0300][4,632s][info][gc] GC(7) Pause Young (Allocation Failure) 2723M->3M(8186M) 3,876ms
[2024-08-07T17:58:11.468+0300][5,167s][info][gc] GC(8) Pause Young (Allocation Failure) 2723M->4M(8186M) 3,766ms
[2024-08-07T17:58:11.993+0300][5,693s][info][gc] GC(9) Pause Young (Allocation Failure) 2723M->5M(8187M) 3,173ms
[2024-08-07T17:58:12.515+0300][6,214s][info][gc] GC(10) Pause Young (Allocation Failure) 2725M->2M(8187M) 2,294ms
[2024-08-07T17:58:13.034+0300][6,733s][info][gc] GC(11) Pause Young (Allocation Failure) 2723M->3M(8187M) 2,853ms
[2024-08-07T17:58:13.556+0300][7,256s][info][gc] GC(12) Pause Young (Allocation Failure) 2724M->4M(8187M) 3,313ms
[2024-08-07T17:58:14.076+0300][7,775s][info][gc] GC(13) Pause Young (Allocation Failure) 2725M->2M(8187M) 0,487ms
[2024-08-07T17:58:14.595+0300][8,294s][info][gc] GC(14) Pause Young (Allocation Failure) 2723M->3M(8187M) 2,734ms
[2024-08-07T17:58:15.116+0300][8,816s][info][gc] GC(15) Pause Young (Allocation Failure) 2723M->4M(8187M) 3,052ms
[2024-08-07T17:58:15.635+0300][9,334s][info][gc] GC(16) Pause Young (Allocation Failure) 2725M->5M(8187M) 3,925ms
[2024-08-07T17:58:16.152+0300][9,851s][info][gc] GC(17) Pause Young (Allocation Failure) 2726M->3M(8187M) 2,798ms
[2024-08-07T17:58:16.675+0300][10,375s][info][gc] GC(18) Pause Young (Allocation Failure) 2724M->4M(8187M) 5,938ms
[2024-08-07T17:58:17.194+0300][10,894s][info][gc] GC(19) Pause Young (Allocation Failure) 2725M->5M(8187M) 3,573ms
[2024-08-07T17:58:17.711+0300][11,411s][info][gc] GC(20) Pause Young (Allocation Failure) 2726M->3M(8187M) 3,838ms
[2024-08-07T17:58:18.230+0300][11,929s][info][gc] GC(21) Pause Young (Allocation Failure) 2724M->4M(8187M) 3,923ms
[2024-08-07T17:58:18.747+0300][12,446s][info][gc] GC(22) Pause Young (Allocation Failure) 2725M->5M(8187M) 3,932ms
[2024-08-07T17:58:19.264+0300][12,964s][info][gc] GC(23) Pause Young (Allocation Failure) 2726M->3M(8187M) 3,745ms
[2024-08-07T17:58:19.790+0300][13,490s][info][gc] GC(24) Pause Young (Allocation Failure) 2724M->4M(8187M) 3,963ms
[2024-08-07T17:58:20.307+0300][14,007s][info][gc] GC(25) Pause Young (Allocation Failure) 2725M->5M(8187M) 4,228ms
[2024-08-07T17:58:20.825+0300][14,524s][info][gc] GC(26) Pause Young (Allocation Failure) 2727M->3M(8187M) 3,164ms
[2024-08-07T17:58:21.340+0300][15,040s][info][gc] GC(27) Pause Young (Allocation Failure) 2725M->4M(8187M) 3,760ms
[2024-08-07T17:58:21.857+0300][15,557s][info][gc] GC(28) Pause Young (Allocation Failure) 2726M->2M(8187M) 1,146ms
