[2024-08-07T17:56:32.878+0300][0.005s][info][gc] Using Parallel
[2024-08-07T17:56:33.333+0300][0,459s][info][gc] GC(0) Pause Young (Allocation Failure) 513M->3M(1963M) 4,359ms
[2024-08-07T17:56:33.441+0300][0,567s][info][gc] GC(1) Pause Young (Allocation Failure) 515M->4M(1963M) 3,603ms
[2024-08-07T17:56:33.537+0300][0,663s][info][gc] GC(2) Pause Young (Allocation Failure) 516M->2M(1963M) 1,614ms
[2024-08-07T17:56:33.639+0300][0,765s][info][gc] GC(3) Pause Young (Allocation Failure) 515M->4M(1963M) 3,412ms
[2024-08-07T17:56:33.735+0300][0,862s][info][gc] GC(4) Pause Young (Allocation Failure) 517M->3M(1963M) 2,215ms
[2024-08-07T17:56:33.835+0300][0,961s][info][gc] GC(5) Pause Young (Allocation Failure) 515M->5M(2042M) 5,210ms
[2024-08-07T17:56:34.029+0300][1,156s][info][gc] GC(6) Pause Young (Allocation Failure) 677M->5M(2043M) 6,908ms
[2024-08-07T17:56:34.154+0300][1,281s][info][gc] GC(7) Pause Young (Allocation Failure) 678M->2M(2042M) 1,127ms
[2024-08-07T17:56:34.279+0300][1,406s][info][gc] GC(8) Pause Young (Allocation Failure) 675M->2M(2043M) 1,738ms
[2024-08-07T17:56:34.406+0300][1,532s][info][gc] GC(9) Pause Young (Allocation Failure) 675M->3M(2043M) 2,958ms
[2024-08-07T17:56:34.534+0300][1,660s][info][gc] GC(10) Pause Young (Allocation Failure) 675M->3M(2043M) 4,140ms
[2024-08-07T17:56:34.664+0300][1,791s][info][gc] GC(11) Pause Young (Allocation Failure) 675M->3M(2043M) 3,039ms
[2024-08-07T17:56:34.792+0300][1,919s][info][gc] GC(12) Pause Young (Allocation Failure) 676M->3M(2043M) 4,167ms
[2024-08-07T17:56:34.920+0300][2,046s][info][gc] GC(13) Pause Young (Allocation Failure) 676M->3M(2043M) 3,867ms
[2024-08-07T17:56:35.047+0300][2,174s][info][gc] GC(14) Pause Young (Allocation Failure) 676M->4M(2043M) 3,964ms
[2024-08-07T17:56:35.175+0300][2,301s][info][gc] GC(15) Pause Young (Allocation Failure) 677M->4M(2044M) 3,774ms
[2024-08-07T17:56:35.302+0300][2,429s][info][gc] GC(16) Pause Young (Allocation Failure) 678M->5M(2043M) 3,910ms
[2024-08-07T17:56:35.427+0300][2,553s][info][gc] GC(17) Pause Young (Allocation Failure) 679M->2M(2043M) 0,931ms
[2024-08-07T17:56:35.553+0300][2,679s][info][gc] GC(18) Pause Young (Allocation Failure) 676M->3M(2043M) 2,341ms
[2024-08-07T17:56:35.680+0300][2,807s][info][gc] GC(19) Pause Young (Allocation Failure) 676M->3M(2044M) 3,563ms
[2024-08-07T17:56:35.808+0300][2,934s][info][gc] GC(20) Pause Young (Allocation Failure) 677M->4M(2043M) 4,060ms
[2024-08-07T17:56:35.935+0300][3,062s][info][gc] GC(21) Pause Young (Allocation Failure) 678M->4M(2044M) 3,651ms
[2024-08-07T17:56:36.063+0300][3,189s][info][gc] GC(22) Pause Young (Allocation Failure) 679M->5M(2044M) 3,892ms
[2024-08-07T17:56:36.188+0300][3,314s][info][gc] GC(23) Pause Young (Allocation Failure) 679M->2M(2044M) 1,037ms
[2024-08-07T17:56:36.314+0300][3,441s][info][gc] GC(24) Pause Young (Allocation Failure) 677M->3M(2044M) 3,185ms
[2024-08-07T17:56:36.442+0300][3,569s][info][gc] GC(25) Pause Young (Allocation Failure) 677M->3M(2044M) 3,813ms
[2024-08-07T17:56:36.572+0300][3,698s][info][gc] GC(26) Pause Young (Allocation Failure) 678M->4M(2044M) 3,378ms
[2024-08-07T17:56:36.700+0300][3,827s][info][gc] GC(27) Pause Young (Allocation Failure) 679M->5M(2044M) 4,712ms
[2024-08-07T17:56:36.825+0300][3,952s][info][gc] GC(28) Pause Young (Allocation Failure) 679M->2M(2044M) 0,956ms
[2024-08-07T17:56:36.952+0300][4,079s][info][gc] GC(29) Pause Young (Allocation Failure) 677M->3M(2044M) 2,937ms
[2024-08-07T17:56:37.081+0300][4,207s][info][gc] GC(30) Pause Young (Allocation Failure) 677M->4M(2044M) 3,937ms
[2024-08-07T17:56:37.209+0300][4,336s][info][gc] GC(31) Pause Young (Allocation Failure) 678M->4M(2043M) 3,975ms
[2024-08-07T17:56:37.337+0300][4,463s][info][gc] GC(32) Pause Young (Allocation Failure) 679M->5M(2044M) 3,894ms
[2024-08-07T17:56:37.462+0300][4,589s][info][gc] GC(33) Pause Young (Allocation Failure) 679M->2M(2044M) 1,559ms
[2024-08-07T17:56:37.591+0300][4,717s][info][gc] GC(34) Pause Young (Allocation Failure) 677M->3M(2044M) 3,380ms
[2024-08-07T17:56:37.719+0300][4,845s][info][gc] GC(35) Pause Young (Allocation Failure) 677M->4M(2044M) 4,027ms
[2024-08-07T17:56:37.846+0300][4,973s][info][gc] GC(36) Pause Young (Allocation Failure) 679M->4M(2044M) 3,728ms
[2024-08-07T17:56:37.974+0300][5,100s][info][gc] GC(37) Pause Young (Allocation Failure) 679M->5M(2044M) 3,988ms
[2024-08-07T17:56:38.099+0300][5,226s][info][gc] GC(38) Pause Young (Allocation Failure) 679M->3M(2044M) 1,924ms
[2024-08-07T17:56:38.227+0300][5,353s][info][gc] GC(39) Pause Young (Allocation Failure) 677M->3M(2044M) 4,073ms
[2024-08-07T17:56:38.354+0300][5,481s][info][gc] GC(40) Pause Young (Allocation Failure) 678M->4M(2044M) 3,887ms
[2024-08-07T17:56:38.481+0300][5,608s][info][gc] GC(41) Pause Young (Allocation Failure) 678M->4M(2044M) 3,177ms
[2024-08-07T17:56:38.610+0300][5,736s][info][gc] GC(42) Pause Young (Allocation Failure) 679M->5M(2044M) 3,897ms
[2024-08-07T17:56:38.737+0300][5,863s][info][gc] GC(43) Pause Young (Allocation Failure) 680M->3M(2044M) 2,092ms
[2024-08-07T17:56:38.865+0300][5,991s][info][gc] GC(44) Pause Young (Allocation Failure) 677M->3M(2044M) 4,231ms
[2024-08-07T17:56:38.992+0300][6,119s][info][gc] GC(45) Pause Young (Allocation Failure) 678M->4M(2044M) 3,911ms
[2024-08-07T17:56:39.119+0300][6,246s][info][gc] GC(46) Pause Young (Allocation Failure) 678M->5M(2044M) 3,601ms
[2024-08-07T17:56:39.247+0300][6,373s][info][gc] GC(47) Pause Young (Allocation Failure) 679M->5M(2043M) 3,742ms
[2024-08-07T17:56:39.371+0300][6,498s][info][gc] GC(48) Pause Young (Allocation Failure) 679M->2M(2043M) 1,460ms
[2024-08-07T17:56:39.498+0300][6,625s][info][gc] GC(49) Pause Young (Allocation Failure) 676M->3M(2044M) 3,131ms
[2024-08-07T17:56:39.627+0300][6,753s][info][gc] GC(50) Pause Young (Allocation Failure) 677M->3M(2043M) 4,187ms
[2024-08-07T17:56:39.754+0300][6,881s][info][gc] GC(51) Pause Young (Allocation Failure) 677M->4M(2044M) 3,949ms
[2024-08-07T17:56:39.882+0300][7,008s][info][gc] GC(52) Pause Young (Allocation Failure) 678M->5M(2044M) 3,941ms
[2024-08-07T17:56:40.010+0300][7,136s][info][gc] GC(53) Pause Young (Allocation Failure) 679M->5M(2043M) 4,125ms
[2024-08-07T17:56:40.134+0300][7,261s][info][gc] GC(54) Pause Young (Allocation Failure) 679M->3M(2043M) 1,442ms
[2024-08-07T17:56:40.261+0300][7,388s][info][gc] GC(55) Pause Young (Allocation Failure) 676M->3M(2044M) 3,397ms
[2024-08-07T17:56:40.390+0300][7,516s][info][gc] GC(56) Pause Young (Allocation Failure) 677M->3M(2043M) 4,240ms
[2024-08-07T17:56:40.518+0300][7,644s][info][gc] GC(57) Pause Young (Allocation Failure) 677M->4M(2044M) 3,694ms
[2024-08-07T17:56:40.645+0300][7,772s][info][gc] GC(58) Pause Young (Allocation Failure) 678M->5M(2044M) 3,710ms
[2024-08-07T17:56:40.773+0300][7,900s][info][gc] GC(59) Pause Young (Allocation Failure) 679M->5M(2043M) 4,062ms
[2024-08-07T17:56:40.898+0300][8,025s][info][gc] GC(60) Pause Young (Allocation Failure) 679M->3M(2043M) 1,822ms
[2024-08-07T17:56:41.025+0300][8,152s][info][gc] GC(61) Pause Young (Allocation Failure) 676M->3M(2043M) 3,261ms
[2024-08-07T17:56:41.153+0300][8,279s][info][gc] GC(62) Pause Young (Allocation Failure) 677M->3M(2043M) 4,153ms
[2024-08-07T17:56:41.280+0300][8,406s][info][gc] GC(63) Pause Young (Allocation Failure) 677M->4M(2044M) 3,905ms
[2024-08-07T17:56:41.408+0300][8,534s][info][gc] GC(64) Pause Young (Allocation Failure) 678M->5M(2044M) 3,956ms
[2024-08-07T17:56:41.535+0300][8,661s][info][gc] GC(65) Pause Young (Allocation Failure) 679M->5M(2043M) 3,687ms
[2024-08-07T17:56:41.660+0300][8,787s][info][gc] GC(66) Pause Young (Allocation Failure) 679M->2M(2043M) 1,696ms
[2024-08-07T17:56:41.786+0300][8,913s][info][gc] GC(67) Pause Young (Allocation Failure) 676M->3M(2044M) 3,067ms
[2024-08-07T17:56:41.913+0300][9,040s][info][gc] GC(68) Pause Young (Allocation Failure) 677M->3M(2043M) 3,767ms
[2024-08-07T17:56:42.041+0300][9,167s][info][gc] GC(69) Pause Young (Allocation Failure) 677M->4M(2044M) 3,971ms
[2024-08-07T17:56:42.168+0300][9,295s][info][gc] GC(70) Pause Young (Allocation Failure) 678M->5M(2044M) 4,025ms
[2024-08-07T17:56:42.296+0300][9,422s][info][gc] GC(71) Pause Young (Allocation Failure) 679M->5M(2043M) 4,176ms
[2024-08-07T17:56:42.421+0300][9,547s][info][gc] GC(72) Pause Young (Allocation Failure) 679M->3M(2043M) 1,595ms
[2024-08-07T17:56:42.548+0300][9,674s][info][gc] GC(73) Pause Young (Allocation Failure) 676M->3M(2044M) 3,043ms
[2024-08-07T17:56:42.676+0300][9,802s][info][gc] GC(74) Pause Young (Allocation Failure) 677M->3M(2043M) 4,736ms
[2024-08-07T17:56:42.803+0300][9,930s][info][gc] GC(75) Pause Young (Allocation Failure) 677M->4M(2044M) 3,885ms
[2024-08-07T17:56:42.931+0300][10,057s][info][gc] GC(76) Pause Young (Allocation Failure) 679M->5M(2044M) 3,863ms
[2024-08-07T17:56:43.058+0300][10,185s][info][gc] GC(77) Pause Young (Allocation Failure) 679M->5M(2043M) 4,118ms
[2024-08-07T17:56:43.183+0300][10,310s][info][gc] GC(78) Pause Young (Allocation Failure) 679M->3M(2043M) 1,502ms
[2024-08-07T17:56:43.310+0300][10,436s][info][gc] GC(79) Pause Young (Allocation Failure) 676M->3M(2044M) 3,337ms
[2024-08-07T17:56:43.438+0300][10,564s][info][gc] GC(80) Pause Young (Allocation Failure) 677M->4M(2043M) 4,067ms
[2024-08-07T17:56:43.565+0300][10,691s][info][gc] GC(81) Pause Young (Allocation Failure) 678M->4M(2044M) 4,052ms
[2024-08-07T17:56:43.692+0300][10,818s][info][gc] GC(82) Pause Young (Allocation Failure) 678M->5M(2044M) 3,471ms
[2024-08-07T17:56:43.820+0300][10,946s][info][gc] GC(83) Pause Young (Allocation Failure) 679M->5M(2043M) 3,738ms
[2024-08-07T17:56:43.945+0300][11,071s][info][gc] GC(84) Pause Young (Allocation Failure) 679M->3M(2043M) 2,067ms
[2024-08-07T17:56:44.071+0300][11,198s][info][gc] GC(85) Pause Young (Allocation Failure) 676M->3M(2044M) 2,803ms
[2024-08-07T17:56:44.199+0300][11,326s][info][gc] GC(86) Pause Young (Allocation Failure) 677M->4M(2043M) 4,281ms
[2024-08-07T17:56:44.327+0300][11,453s][info][gc] GC(87) Pause Young (Allocation Failure) 678M->4M(2044M) 4,256ms
[2024-08-07T17:56:44.455+0300][11,582s][info][gc] GC(88) Pause Young (Allocation Failure) 679M->5M(2044M) 4,575ms
[2024-08-07T17:56:44.586+0300][11,712s][info][gc] GC(89) Pause Young (Allocation Failure) 679M->5M(2043M) 4,679ms
[2024-08-07T17:56:44.711+0300][11,838s][info][gc] GC(90) Pause Young (Allocation Failure) 679M->3M(2043M) 1,778ms
[2024-08-07T17:56:44.839+0300][11,965s][info][gc] GC(91) Pause Young (Allocation Failure) 676M->3M(2043M) 3,891ms
[2024-08-07T17:56:44.966+0300][12,093s][info][gc] GC(92) Pause Young (Allocation Failure) 677M->4M(2043M) 3,515ms
[2024-08-07T17:56:45.093+0300][12,220s][info][gc] GC(93) Pause Young (Allocation Failure) 677M->4M(2044M) 3,815ms
[2024-08-07T17:56:45.221+0300][12,348s][info][gc] GC(94) Pause Young (Allocation Failure) 678M->5M(2044M) 4,057ms
[2024-08-07T17:56:45.349+0300][12,475s][info][gc] GC(95) Pause Young (Allocation Failure) 679M->5M(2043M) 4,112ms
[2024-08-07T17:56:45.474+0300][12,601s][info][gc] GC(96) Pause Young (Allocation Failure) 679M->3M(2043M) 1,710ms
[2024-08-07T17:56:45.602+0300][12,728s][info][gc] GC(97) Pause Young (Allocation Failure) 676M->3M(2044M) 4,138ms
[2024-08-07T17:56:45.730+0300][12,856s][info][gc] GC(98) Pause Young (Allocation Failure) 677M->4M(2043M) 4,133ms
[2024-08-07T17:56:45.857+0300][12,984s][info][gc] GC(99) Pause Young (Allocation Failure) 678M->4M(2044M) 4,130ms
[2024-08-07T17:56:45.985+0300][13,111s][info][gc] GC(100) Pause Young (Allocation Failure) 679M->5M(2044M) 3,877ms
[2024-08-07T17:56:46.113+0300][13,239s][info][gc] GC(101) Pause Young (Allocation Failure) 679M->5M(2043M) 4,236ms
[2024-08-07T17:56:46.238+0300][13,365s][info][gc] GC(102) Pause Young (Allocation Failure) 679M->3M(2043M) 1,820ms
[2024-08-07T17:56:46.366+0300][13,492s][info][gc] GC(103) Pause Young (Allocation Failure) 676M->3M(2044M) 4,148ms
[2024-08-07T17:56:46.494+0300][13,620s][info][gc] GC(104) Pause Young (Allocation Failure) 677M->4M(2043M) 4,253ms
[2024-08-07T17:56:46.622+0300][13,748s][info][gc] GC(105) Pause Young (Allocation Failure) 678M->4M(2044M) 4,015ms
[2024-08-07T17:56:46.749+0300][13,876s][info][gc] GC(106) Pause Young (Allocation Failure) 679M->5M(2044M) 4,165ms
[2024-08-07T17:56:46.877+0300][14,004s][info][gc] GC(107) Pause Young (Allocation Failure) 679M->5M(2043M) 4,164ms
[2024-08-07T17:56:47.002+0300][14,129s][info][gc] GC(108) Pause Young (Allocation Failure) 679M->3M(2043M) 1,634ms
[2024-08-07T17:56:47.130+0300][14,256s][info][gc] GC(109) Pause Young (Allocation Failure) 676M->3M(2043M) 3,960ms
[2024-08-07T17:56:47.257+0300][14,384s][info][gc] GC(110) Pause Young (Allocation Failure) 677M->4M(2043M) 4,067ms
[2024-08-07T17:56:47.385+0300][14,511s][info][gc] GC(111) Pause Young (Allocation Failure) 677M->4M(2044M) 3,890ms
[2024-08-07T17:56:47.513+0300][14,640s][info][gc] GC(112) Pause Young (Allocation Failure) 678M->5M(2044M) 4,261ms
[2024-08-07T17:56:47.641+0300][14,768s][info][gc] GC(113) Pause Young (Allocation Failure) 679M->5M(2044M) 4,284ms
