[2024-08-07T17:57:50.374+0300][0.003s][info][gc] Using Parallel
[2024-08-07T17:57:51.556+0300][1,185s][info][gc] GC(0) Pause Young (Allocation Failure) 1793M->2M(6869M) 3,948ms
[2024-08-07T17:57:51.932+0300][1,560s][info][gc] GC(1) Pause Young (Allocation Failure) 1794M->3M(6869M) 3,158ms
[2024-08-07T17:57:52.281+0300][1,910s][info][gc] GC(2) Pause Young (Allocation Failure) 1795M->4M(6869M) 4,133ms
[2024-08-07T17:57:52.622+0300][2,250s][info][gc] GC(3) Pause Young (Allocation Failure) 1796M->3M(6869M) 2,057ms
[2024-08-07T17:57:52.963+0300][2,591s][info][gc] GC(4) Pause Young (Allocation Failure) 1795M->4M(6869M) 3,373ms
[2024-08-07T17:57:53.303+0300][2,932s][info][gc] GC(5) Pause Young (Allocation Failure) 1796M->2M(7163M) 2,698ms
[2024-08-07T17:57:53.995+0300][3,623s][info][gc] GC(6) Pause Young (Allocation Failure) 2382M->2M(7160M) 2,134ms
[2024-08-07T17:57:54.447+0300][4,075s][info][gc] GC(7) Pause Young (Allocation Failure) 2382M->2M(7163M) 2,682ms
[2024-08-07T17:57:54.899+0300][4,527s][info][gc] GC(8) Pause Young (Allocation Failure) 2381M->5M(7163M) 4,189ms
[2024-08-07T17:57:55.354+0300][4,983s][info][gc] GC(9) Pause Young (Allocation Failure) 2384M->5M(7163M) 4,527ms
[2024-08-07T17:57:55.807+0300][5,435s][info][gc] GC(10) Pause Young (Allocation Failure) 2384M->5M(7163M) 4,331ms
[2024-08-07T17:57:56.259+0300][5,888s][info][gc] GC(11) Pause Young (Allocation Failure) 2384M->4M(7163M) 4,251ms
[2024-08-07T17:57:56.711+0300][6,340s][info][gc] GC(12) Pause Young (Allocation Failure) 2383M->4M(7163M) 4,361ms
[2024-08-07T17:57:57.164+0300][6,792s][info][gc] GC(13) Pause Young (Allocation Failure) 2383M->4M(7163M) 4,115ms
[2024-08-07T17:57:57.615+0300][7,243s][info][gc] GC(14) Pause Young (Allocation Failure) 2384M->4M(7163M) 3,662ms
[2024-08-07T17:57:58.068+0300][7,696s][info][gc] GC(15) Pause Young (Allocation Failure) 2384M->4M(7163M) 4,539ms
[2024-08-07T17:57:58.520+0300][8,148s][info][gc] GC(16) Pause Young (Allocation Failure) 2384M->3M(7163M) 4,040ms
[2024-08-07T17:57:58.972+0300][8,600s][info][gc] GC(17) Pause Young (Allocation Failure) 2383M->3M(7164M) 3,973ms
[2024-08-07T17:57:59.424+0300][9,052s][info][gc] GC(18) Pause Young (Allocation Failure) 2384M->3M(7164M) 4,279ms
[2024-08-07T17:57:59.876+0300][9,504s][info][gc] GC(19) Pause Young (Allocation Failure) 2384M->4M(7164M) 4,442ms
[2024-08-07T17:58:00.329+0300][9,957s][info][gc] GC(20) Pause Young (Allocation Failure) 2385M->4M(7164M) 4,676ms
[2024-08-07T17:58:00.785+0300][10,413s][info][gc] GC(21) Pause Young (Allocation Failure) 2385M->4M(7164M) 4,136ms
[2024-08-07T17:58:01.239+0300][10,867s][info][gc] GC(22) Pause Young (Allocation Failure) 2386M->4M(7164M) 3,700ms
[2024-08-07T17:58:01.692+0300][11,321s][info][gc] GC(23) Pause Young (Allocation Failure) 2386M->5M(7164M) 4,070ms
[2024-08-07T17:58:02.145+0300][11,773s][info][gc] GC(24) Pause Young (Allocation Failure) 2387M->5M(7164M) 4,365ms
[2024-08-07T17:58:02.594+0300][12,223s][info][gc] GC(25) Pause Young (Allocation Failure) 2387M->2M(7164M) 0,795ms
[2024-08-07T17:58:03.045+0300][12,673s][info][gc] GC(26) Pause Young (Allocation Failure) 2383M->2M(7164M) 1,736ms
[2024-08-07T17:58:03.500+0300][13,128s][info][gc] GC(27) Pause Young (Allocation Failure) 2383M->2M(7164M) 2,039ms
[2024-08-07T17:58:03.957+0300][13,585s][info][gc] GC(28) Pause Young (Allocation Failure) 2383M->2M(7164M) 2,288ms
[2024-08-07T17:58:04.408+0300][14,036s][info][gc] GC(29) Pause Young (Allocation Failure) 2383M->3M(7164M) 2,946ms
[2024-08-07T17:58:04.859+0300][14,487s][info][gc] GC(30) Pause Young (Allocation Failure) 2384M->3M(7164M) 3,192ms
[2024-08-07T17:58:05.311+0300][14,939s][info][gc] GC(31) Pause Young (Allocation Failure) 2384M->3M(7164M) 3,664ms
[2024-08-07T17:58:05.767+0300][15,396s][info][gc] GC(32) Pause Young (Allocation Failure) 2384M->3M(7164M) 4,335ms
