[2024-08-04T21:32:27.520+0300][0.005s][info][gc] Using Serial
[2024-08-04T21:32:28.758+0300][1,243s][info][gc] GC(0) Pause Young (Allocation Failure) 1571M->109M(5691M) 238,067ms
[2024-08-04T21:32:29.421+0300][1,906s][info][gc] GC(1) Pause Young (Allocation Failure) 1679M->218M(5691M) 332,155ms
[2024-08-04T21:32:29.926+0300][2,411s][info][gc] GC(2) Pause Young (Allocation Failure) 1788M->129M(5691M) 197,956ms
[2024-08-04T21:32:30.246+0300][2,731s][info][gc] GC(3) Pause Young (Allocation Failure) 1700M->41M(5691M) 24,260ms
[2024-08-04T21:32:30.789+0300][3,274s][info][gc] GC(4) Pause Young (Allocation Failure) 1611M->153M(5691M) 248,466ms
[2024-08-04T21:32:31.145+0300][3,630s][info][gc] GC(5) Pause Young (Allocation Failure) 1723M->64M(5691M) 60,448ms
[2024-08-04T21:32:31.739+0300][4,224s][info][gc] GC(6) Pause Young (Allocation Failure) 1635M->177M(5691M) 300,038ms
[2024-08-04T21:32:32.143+0300][4,628s][info][gc] GC(7) Pause Young (Allocation Failure) 1747M->88M(5691M) 108,796ms
[2024-08-04T21:32:32.797+0300][5,282s][info][gc] GC(8) Pause Young (Allocation Failure) 1658M->201M(5691M) 355,206ms
