[2024-08-04T21:31:43.450+0300][0.005s][info][gc] Using Serial
[2024-08-04T21:31:44.653+0300][1,209s][info][gc] GC(0) Pause Young (Allocation Failure) 1083M->212M(3959M) 495,779ms
[2024-08-04T21:31:45.406+0300][1,962s][info][gc] GC(1) Pause Young (Allocation Failure) 1305M->309M(3959M) 491,042ms
[2024-08-04T21:31:45.660+0300][2,215s][info][gc] GC(2) Pause Young (Allocation Failure) 1401M->221M(3959M) 39,958ms
[2024-08-04T21:31:45.938+0300][2,493s][info][gc] GC(3) Pause Young (Allocation Failure) 1314M->238M(3959M) 72,825ms
[2024-08-04T21:31:46.247+0300][2,803s][info][gc] GC(4) Pause Young (Allocation Failure) 1331M->255M(3959M) 104,122ms
[2024-08-04T21:31:46.582+0300][3,137s][info][gc] GC(5) Pause Young (Allocation Failure) 1348M->272M(3959M) 129,295ms
[2024-08-04T21:31:46.944+0300][3,499s][info][gc] GC(6) Pause Young (Allocation Failure) 1365M->289M(3959M) 156,841ms
[2024-08-04T21:31:47.337+0300][3,892s][info][gc] GC(7) Pause Young (Allocation Failure) 1382M->306M(3959M) 187,157ms
[2024-08-04T21:31:47.759+0300][4,315s][info][gc] GC(8) Pause Young (Allocation Failure) 1399M->323M(3959M) 217,398ms
[2024-08-04T21:31:48.210+0300][4,765s][info][gc] GC(9) Pause Young (Allocation Failure) 1416M->341M(3959M) 245,320ms
[2024-08-04T21:31:48.699+0300][5,255s][info][gc] GC(10) Pause Young (Allocation Failure) 1433M->358M(3959M) 284,571ms
[2024-08-04T21:31:49.254+0300][5,810s][info][gc] GC(11) Pause Young (Allocation Failure) 1450M->388M(3959M) 349,197ms
[2024-08-04T21:31:49.850+0300][6,405s][info][gc] GC(12) Pause Young (Allocation Failure) 1480M->435M(3959M) 390,743ms
[2024-08-04T21:31:50.517+0300][7,072s][info][gc] GC(13) Pause Young (Allocation Failure) 1527M->500M(3959M) 440,994ms
