[2024-08-04T21:30:30.421+0300][0.003s][info][gc] Using Serial
[2024-08-04T21:30:31.019+0300][0,600s][info][gc] GC(0) Pause Young (Allocation Failure) 478M->95M(1732M) 244,707ms
[2024-08-04T21:30:31.401+0300][0,983s][info][gc] GC(1) Pause Young (Allocation Failure) 573M->195M(1732M) 290,202ms
[2024-08-04T21:30:31.639+0300][1,221s][info][gc] GC(2) Pause Young (Allocation Failure) 673M->228M(1732M) 125,611ms
[2024-08-04T21:30:31.943+0300][1,524s][info][gc] GC(3) Pause Young (Allocation Failure) 706M->323M(1732M) 204,670ms
[2024-08-04T21:30:32.140+0300][1,721s][info][gc] GC(4) Pause Young (Allocation Failure) 801M->311M(1732M) 105,904ms
[2024-08-04T21:30:32.504+0300][2,086s][info][gc] GC(5) Pause Young (Allocation Failure) 789M->406M(1732M) 277,193ms
[2024-08-04T21:30:32.686+0300][2,268s][info][gc] GC(6) Pause Young (Allocation Failure) 884M->383M(1732M) 86,068ms
[2024-08-04T21:30:33.044+0300][2,626s][info][gc] GC(7) Pause Young (Allocation Failure) 861M->479M(1732M) 270,137ms
[2024-08-04T21:30:33.201+0300][2,783s][info][gc] GC(8) Pause Young (Allocation Failure) 957M->446M(1732M) 66,664ms
[2024-08-04T21:30:33.531+0300][3,113s][info][gc] GC(9) Pause Young (Allocation Failure) 924M->541M(1732M) 242,707ms
[2024-08-04T21:30:33.668+0300][3,250s][info][gc] GC(10) Pause Young (Allocation Failure) 1019M->498M(1732M) 46,633ms
[2024-08-04T21:30:33.994+0300][3,576s][info][gc] GC(11) Pause Young (Allocation Failure) 976M->593M(1732M) 238,933ms
[2024-08-04T21:30:34.110+0300][3,691s][info][gc] GC(12) Pause Young (Allocation Failure) 1071M->540M(1732M) 25,623ms
[2024-08-04T21:30:34.421+0300][4,003s][info][gc] GC(13) Pause Young (Allocation Failure) 1018M->635M(1732M) 224,016ms
[2024-08-04T21:30:34.804+0300][4,386s][info][gc] GC(14) Pause Young (Allocation Failure) 1113M->731M(1732M) 295,020ms
[2024-08-04T21:30:35.105+0300][4,687s][info][gc] GC(15) Pause Young (Allocation Failure) 1209M->763M(1732M) 209,698ms
[2024-08-04T21:30:35.487+0300][5,069s][info][gc] GC(16) Pause Young (Allocation Failure) 1241M->858M(1732M) 294,984ms
[2024-08-04T21:30:35.750+0300][5,332s][info][gc] GC(17) Pause Young (Allocation Failure) 1336M->880M(1732M) 172,088ms
[2024-08-04T21:30:36.132+0300][5,713s][info][gc] GC(18) Pause Young (Allocation Failure) 1358M->975M(1732M) 294,042ms
[2024-08-04T21:30:36.372+0300][5,954s][info][gc] GC(19) Pause Young (Allocation Failure) 1453M->986M(1732M) 148,146ms
[2024-08-04T21:30:36.755+0300][6,337s][info][gc] GC(20) Pause Young (Allocation Failure) 1464M->1082M(1732M) 294,257ms
[2024-08-04T21:30:36.980+0300][6,561s][info][gc] GC(21) Pause Young (Allocation Failure) 1560M->1083M(1732M) 134,452ms
[2024-08-04T21:30:37.358+0300][6,939s][info][gc] GC(22) Pause Young (Allocation Failure) 1561M->1178M(1732M) 290,616ms
[2024-08-04T21:30:37.447+0300][7,029s][info][gc] GC(23) Pause Young (Allocation Failure) 1656M->1656M(1732M) 0,066ms
[2024-08-04T21:30:37.980+0300][7,562s][info][gc] GC(24) Pause Full (Allocation Failure) 1656M->121M(1732M) 533,036ms
[2024-08-04T21:30:38.267+0300][7,849s][info][gc] GC(25) Pause Young (Allocation Failure) 599M->217M(1732M) 199,819ms
[2024-08-04T21:30:38.455+0300][8,037s][info][gc] GC(26) Pause Young (Allocation Failure) 695M->197M(1732M) 86,773ms
[2024-08-04T21:30:38.772+0300][8,353s][info][gc] GC(27) Pause Young (Allocation Failure) 675M->293M(1732M) 229,688ms
[2024-08-04T21:30:38.931+0300][8,513s][info][gc] GC(28) Pause Young (Allocation Failure) 771M->263M(1732M) 68,028ms
[2024-08-04T21:30:39.237+0300][8,818s][info][gc] GC(29) Pause Young (Allocation Failure) 741M->359M(1732M) 218,463ms
[2024-08-04T21:30:39.379+0300][8,960s][info][gc] GC(30) Pause Young (Allocation Failure) 836M->318M(1732M) 50,674ms
[2024-08-04T21:30:39.676+0300][9,257s][info][gc] GC(31) Pause Young (Allocation Failure) 796M->414M(1732M) 209,921ms
[2024-08-04T21:30:39.800+0300][9,382s][info][gc] GC(32) Pause Young (Allocation Failure) 892M->364M(1732M) 31,878ms
