[2024-08-04T21:29:56.522+0300][0.005s][info][gc] Using Serial
[2024-08-04T21:29:56.934+0300][0,417s][info][gc] GC(0) Pause Young (Allocation Failure) 274M->55M(989M) 154,272ms
[2024-08-04T21:29:57.149+0300][0,633s][info][gc] GC(1) Pause Young (Allocation Failure) 328M->113M(989M) 161,017ms
[2024-08-04T21:29:57.331+0300][0,815s][info][gc] GC(2) Pause Young (Allocation Failure) 386M->170M(989M) 130,329ms
[2024-08-04T21:29:57.493+0300][0,977s][info][gc] GC(3) Pause Young (Allocation Failure) 443M->230M(989M) 110,799ms
[2024-08-04T21:29:57.661+0300][1,144s][info][gc] GC(4) Pause Young (Allocation Failure) 503M->242M(989M) 99,426ms
[2024-08-04T21:29:57.939+0300][1,422s][info][gc] GC(5) Pause Young (Allocation Failure) 515M->297M(989M) 177,067ms
[2024-08-04T21:29:58.166+0300][1,649s][info][gc] GC(6) Pause Young (Allocation Failure) 570M->351M(989M) 170,594ms
[2024-08-04T21:29:58.245+0300][1,728s][info][gc] GC(7) Pause Young (Allocation Failure) 624M->326M(989M) 24,451ms
[2024-08-04T21:29:58.423+0300][1,906s][info][gc] GC(8) Pause Young (Allocation Failure) 599M->381M(989M) 128,774ms
[2024-08-04T21:29:58.697+0300][2,180s][info][gc] GC(9) Pause Young (Allocation Failure) 654M->435M(989M) 172,619ms
[2024-08-04T21:29:58.917+0300][2,401s][info][gc] GC(10) Pause Young (Allocation Failure) 708M->490M(989M) 169,711ms
[2024-08-04T21:29:59.033+0300][2,516s][info][gc] GC(11) Pause Young (Allocation Failure) 763M->481M(989M) 58,853ms
[2024-08-04T21:29:59.237+0300][2,720s][info][gc] GC(12) Pause Young (Allocation Failure) 755M->536M(989M) 154,670ms
[2024-08-04T21:29:59.457+0300][2,940s][info][gc] GC(13) Pause Young (Allocation Failure) 809M->591M(989M) 169,897ms
[2024-08-04T21:29:59.676+0300][3,159s][info][gc] GC(14) Pause Young (Allocation Failure) 864M->645M(989M) 169,496ms
[2024-08-04T21:29:59.782+0300][3,265s][info][gc] GC(15) Pause Young (Allocation Failure) 918M->918M(989M) 0,066ms
[2024-08-04T21:30:00.113+0300][3,596s][info][gc] GC(16) Pause Full (Allocation Failure) 918M->99M(989M) 331,624ms
[2024-08-04T21:30:00.271+0300][3,755s][info][gc] GC(17) Pause Young (Allocation Failure) 372M->154M(989M) 106,752ms
[2024-08-04T21:30:00.477+0300][3,960s][info][gc] GC(18) Pause Young (Allocation Failure) 427M->209M(989M) 155,398ms
[2024-08-04T21:30:00.601+0300][4,085s][info][gc] GC(19) Pause Young (Allocation Failure) 482M->180M(989M) 18,617ms
[2024-08-04T21:30:00.771+0300][4,255s][info][gc] GC(20) Pause Young (Allocation Failure) 453M->234M(989M) 120,025ms
[2024-08-04T21:30:00.979+0300][4,462s][info][gc] GC(21) Pause Young (Allocation Failure) 507M->289M(989M) 155,170ms
[2024-08-04T21:30:01.185+0300][4,668s][info][gc] GC(22) Pause Young (Allocation Failure) 562M->344M(989M) 155,326ms
[2024-08-04T21:30:01.342+0300][4,825s][info][gc] GC(23) Pause Young (Allocation Failure) 617M->332M(989M) 51,878ms
[2024-08-04T21:30:01.527+0300][5,010s][info][gc] GC(24) Pause Young (Allocation Failure) 605M->386M(989M) 134,640ms
[2024-08-04T21:30:01.723+0300][5,206s][info][gc] GC(25) Pause Young (Allocation Failure) 659M->441M(989M) 146,773ms
[2024-08-04T21:30:01.928+0300][5,412s][info][gc] GC(26) Pause Young (Allocation Failure) 714M->496M(989M) 155,595ms
[2024-08-04T21:30:02.067+0300][5,550s][info][gc] GC(27) Pause Young (Allocation Failure) 769M->501M(989M) 86,090ms
[2024-08-04T21:30:02.270+0300][5,753s][info][gc] GC(28) Pause Young (Allocation Failure) 774M->555M(989M) 153,051ms
[2024-08-04T21:30:02.467+0300][5,950s][info][gc] GC(29) Pause Young (Allocation Failure) 828M->610M(989M) 147,102ms
[2024-08-04T21:30:02.583+0300][6,067s][info][gc] GC(30) Pause Young (Allocation Failure) 883M->578M(989M) 11,604ms
[2024-08-04T21:30:02.741+0300][6,224s][info][gc] GC(31) Pause Young (Allocation Failure) 851M->632M(989M) 107,875ms
[2024-08-04T21:30:02.963+0300][6,446s][info][gc] GC(32) Pause Young (Allocation Failure) 905M->687M(989M) 172,248ms
[2024-08-04T21:30:03.013+0300][6,496s][info][gc] GC(33) Pause Young (Allocation Failure) 960M->960M(989M) 0,066ms
[2024-08-04T21:30:03.537+0300][7,021s][info][gc] GC(34) Pause Full (Allocation Failure) 960M->222M(989M) 524,448ms
[2024-08-04T21:30:03.684+0300][7,168s][info][gc] GC(35) Pause Young (Allocation Failure) 495M->241M(989M) 41,156ms
[2024-08-04T21:30:03.862+0300][7,345s][info][gc] GC(36) Pause Young (Allocation Failure) 514M->295M(989M) 128,040ms
[2024-08-04T21:30:04.069+0300][7,552s][info][gc] GC(37) Pause Young (Allocation Failure) 568M->350M(989M) 156,842ms
[2024-08-04T21:30:04.265+0300][7,748s][info][gc] GC(38) Pause Young (Allocation Failure) 623M->405M(989M) 146,904ms
[2024-08-04T21:30:04.396+0300][7,880s][info][gc] GC(39) Pause Young (Allocation Failure) 678M->406M(989M) 78,912ms
[2024-08-04T21:30:04.642+0300][8,125s][info][gc] GC(40) Pause Young (Allocation Failure) 679M->461M(989M) 146,590ms
[2024-08-04T21:30:04.847+0300][8,330s][info][gc] GC(41) Pause Young (Allocation Failure) 734M->515M(989M) 153,847ms
[2024-08-04T21:30:05.044+0300][8,528s][info][gc] GC(42) Pause Young (Allocation Failure) 788M->570M(989M) 147,418ms
[2024-08-04T21:30:05.266+0300][8,750s][info][gc] GC(43) Pause Young (Allocation Failure) 843M->589M(989M) 116,538ms
[2024-08-04T21:30:05.464+0300][8,947s][info][gc] GC(44) Pause Young (Allocation Failure) 862M->643M(989M) 147,392ms
[2024-08-04T21:30:05.516+0300][8,999s][info][gc] GC(45) Pause Young (Allocation Failure) 916M->916M(989M) 0,066ms
[2024-08-04T21:30:06.027+0300][9,510s][info][gc] GC(46) Pause Full (Allocation Failure) 916M->218M(989M) 510,623ms
[2024-08-04T21:30:06.167+0300][9,650s][info][gc] GC(47) Pause Young (Allocation Failure) 492M->234M(989M) 32,784ms
[2024-08-04T21:30:06.348+0300][9,832s][info][gc] GC(48) Pause Young (Allocation Failure) 507M->288M(989M) 132,048ms
[2024-08-04T21:30:06.548+0300][10,031s][info][gc] GC(49) Pause Young (Allocation Failure) 561M->343M(989M) 147,897ms
[2024-08-04T21:30:06.755+0300][10,238s][info][gc] GC(50) Pause Young (Allocation Failure) 616M->397M(989M) 154,785ms
[2024-08-04T21:30:06.924+0300][10,407s][info][gc] GC(51) Pause Young (Allocation Failure) 670M->395M(989M) 66,094ms
[2024-08-04T21:30:07.125+0300][10,608s][info][gc] GC(52) Pause Young (Allocation Failure) 669M->450M(989M) 150,876ms
[2024-08-04T21:30:07.321+0300][10,804s][info][gc] GC(53) Pause Young (Allocation Failure) 723M->505M(989M) 147,066ms
[2024-08-04T21:30:07.525+0300][11,009s][info][gc] GC(54) Pause Young (Allocation Failure) 778M->559M(989M) 154,306ms
[2024-08-04T21:30:07.729+0300][11,212s][info][gc] GC(55) Pause Young (Allocation Failure) 832M->574M(989M) 99,391ms
[2024-08-04T21:30:07.933+0300][11,416s][info][gc] GC(56) Pause Young (Allocation Failure) 847M->629M(989M) 154,150ms
[2024-08-04T21:30:07.982+0300][11,466s][info][gc] GC(57) Pause Young (Allocation Failure) 902M->902M(989M) 0,065ms
[2024-08-04T21:30:08.485+0300][11,969s][info][gc] GC(58) Pause Full (Allocation Failure) 902M->195M(989M) 502,999ms
[2024-08-04T21:30:08.597+0300][12,080s][info][gc] GC(59) Pause Young (Allocation Failure) 468M->206M(989M) 27,695ms
