[2024-08-04T21:30:39.997+0300][0.005s][info][gc] Using Serial
[2024-08-04T21:30:40.673+0300][0,681s][info][gc] GC(0) Pause Young (Allocation Failure) 547M->110M(1979M) 272,774ms
[2024-08-04T21:30:41.094+0300][1,102s][info][gc] GC(1) Pause Young (Allocation Failure) 656M->226M(1979M) 312,801ms
[2024-08-04T21:30:41.376+0300][1,384s][info][gc] GC(2) Pause Young (Allocation Failure) 772M->290M(1979M) 165,965ms
[2024-08-04T21:30:41.508+0300][1,516s][info][gc] GC(3) Pause Young (Allocation Failure) 836M->227M(1979M) 23,733ms
[2024-08-04T21:30:41.844+0300][1,852s][info][gc] GC(4) Pause Young (Allocation Failure) 773M->336M(1979M) 236,646ms
[2024-08-04T21:30:42.011+0300][2,018s][info][gc] GC(5) Pause Young (Allocation Failure) 882M->290M(1979M) 57,739ms
[2024-08-04T21:30:42.373+0300][2,381s][info][gc] GC(6) Pause Young (Allocation Failure) 836M->399M(1979M) 263,857ms
[2024-08-04T21:30:42.569+0300][2,576s][info][gc] GC(7) Pause Young (Allocation Failure) 945M->370M(1979M) 92,196ms
[2024-08-04T21:30:42.973+0300][2,981s][info][gc] GC(8) Pause Young (Allocation Failure) 916M->479M(1979M) 305,560ms
[2024-08-04T21:30:43.193+0300][3,201s][info][gc] GC(9) Pause Young (Allocation Failure) 1025M->467M(1979M) 116,140ms
[2024-08-04T21:30:43.606+0300][3,614s][info][gc] GC(10) Pause Young (Allocation Failure) 1013M->576M(1979M) 315,240ms
[2024-08-04T21:30:43.870+0300][3,877s][info][gc] GC(11) Pause Young (Allocation Failure) 1122M->581M(1979M) 158,543ms
[2024-08-04T21:30:44.304+0300][4,312s][info][gc] GC(12) Pause Young (Allocation Failure) 1127M->690M(1979M) 335,819ms
[2024-08-04T21:30:44.608+0300][4,616s][info][gc] GC(13) Pause Young (Allocation Failure) 1237M->712M(1979M) 202,514ms
[2024-08-04T21:30:45.061+0300][5,069s][info][gc] GC(14) Pause Young (Allocation Failure) 1258M->822M(1979M) 352,103ms
[2024-08-04T21:30:45.408+0300][5,416s][info][gc] GC(15) Pause Young (Allocation Failure) 1368M->860M(1979M) 244,171ms
[2024-08-04T21:30:45.556+0300][5,564s][info][gc] GC(16) Pause Young (Allocation Failure) 1407M->807M(1979M) 43,876ms
[2024-08-04T21:30:45.921+0300][5,929s][info][gc] GC(17) Pause Young (Allocation Failure) 1353M->916M(1979M) 266,428ms
[2024-08-04T21:30:46.099+0300][6,107s][info][gc] GC(18) Pause Young (Allocation Failure) 1463M->880M(1979M) 77,185ms
[2024-08-04T21:30:46.493+0300][6,500s][info][gc] GC(19) Pause Young (Allocation Failure) 1426M->989M(1979M) 294,791ms
[2024-08-04T21:30:46.707+0300][6,715s][info][gc] GC(20) Pause Young (Allocation Failure) 1536M->970M(1979M) 110,863ms
[2024-08-04T21:30:47.110+0300][7,118s][info][gc] GC(21) Pause Young (Allocation Failure) 1516M->1079M(1979M) 304,224ms
[2024-08-04T21:30:47.356+0300][7,364s][info][gc] GC(22) Pause Young (Allocation Failure) 1626M->1077M(1979M) 144,974ms
[2024-08-04T21:30:47.802+0300][7,810s][info][gc] GC(23) Pause Young (Allocation Failure) 1623M->1186M(1979M) 347,111ms
[2024-08-04T21:30:48.078+0300][8,085s][info][gc] GC(24) Pause Young (Allocation Failure) 1733M->1201M(1979M) 172,766ms
[2024-08-04T21:30:48.528+0300][8,536s][info][gc] GC(25) Pause Young (Allocation Failure) 1747M->1311M(1979M) 350,713ms
[2024-08-04T21:30:48.632+0300][8,640s][info][gc] GC(26) Pause Young (Allocation Failure) 1857M->1857M(1979M) 0,075ms
[2024-08-04T21:30:49.322+0300][9,330s][info][gc] GC(27) Pause Full (Allocation Failure) 1857M->177M(1979M) 690,651ms
[2024-08-04T21:30:49.448+0300][9,456s][info][gc] GC(28) Pause Young (Allocation Failure) 723M->185M(1979M) 22,906ms
