[2024-08-04T21:30:08.722+0300][0.005s][info][gc] Using Serial
[2024-08-04T21:30:09.196+0300][0,479s][info][gc] GC(0) Pause Young (Allocation Failure) 342M->69M(1237M) 183,202ms
[2024-08-04T21:30:09.472+0300][0,754s][info][gc] GC(1) Pause Young (Allocation Failure) 411M->139M(1237M) 207,230ms
[2024-08-04T21:30:09.708+0300][0,991s][info][gc] GC(2) Pause Young (Allocation Failure) 480M->210M(1237M) 171,595ms
[2024-08-04T21:30:09.884+0300][1,167s][info][gc] GC(3) Pause Young (Allocation Failure) 552M->249M(1237M) 95,880ms
[2024-08-04T21:30:10.092+0300][1,374s][info][gc] GC(4) Pause Young (Allocation Failure) 590M->317M(1237M) 138,020ms
[2024-08-04T21:30:10.371+0300][1,653s][info][gc] GC(5) Pause Young (Allocation Failure) 658M->385M(1237M) 214,219ms
[2024-08-04T21:30:10.546+0300][1,828s][info][gc] GC(6) Pause Young (Allocation Failure) 726M->391M(1237M) 109,306ms
[2024-08-04T21:30:10.877+0300][2,160s][info][gc] GC(7) Pause Young (Allocation Failure) 733M->460M(1237M) 219,831ms
[2024-08-04T21:30:11.163+0300][2,446s][info][gc] GC(8) Pause Young (Allocation Failure) 801M->528M(1237M) 222,405ms
[2024-08-04T21:30:11.349+0300][2,631s][info][gc] GC(9) Pause Young (Allocation Failure) 869M->538M(1237M) 112,919ms
[2024-08-04T21:30:11.638+0300][2,920s][info][gc] GC(10) Pause Young (Allocation Failure) 879M->606M(1237M) 221,967ms
[2024-08-04T21:30:11.925+0300][3,207s][info][gc] GC(11) Pause Young (Allocation Failure) 947M->674M(1237M) 223,586ms
[2024-08-04T21:30:12.159+0300][3,442s][info][gc] GC(12) Pause Young (Allocation Failure) 1016M->687M(1237M) 117,024ms
[2024-08-04T21:30:12.441+0300][3,724s][info][gc] GC(13) Pause Young (Allocation Failure) 1029M->755M(1237M) 220,064ms
[2024-08-04T21:30:12.719+0300][4,001s][info][gc] GC(14) Pause Young (Allocation Failure) 1097M->824M(1237M) 213,894ms
[2024-08-04T21:30:12.784+0300][4,067s][info][gc] GC(15) Pause Young (Allocation Failure) 1165M->1165M(1237M) 0,062ms
[2024-08-04T21:30:13.214+0300][4,497s][info][gc] GC(16) Pause Full (Allocation Failure) 1165M->121M(1237M) 430,108ms
[2024-08-04T21:30:13.420+0300][4,702s][info][gc] GC(17) Pause Young (Allocation Failure) 463M->190M(1237M) 143,050ms
[2024-08-04T21:30:13.727+0300][5,010s][info][gc] GC(18) Pause Young (Allocation Failure) 531M->258M(1237M) 194,286ms
[2024-08-04T21:30:13.921+0300][5,204s][info][gc] GC(19) Pause Young (Allocation Failure) 599M->278M(1237M) 126,394ms
[2024-08-04T21:30:14.177+0300][5,459s][info][gc] GC(20) Pause Young (Allocation Failure) 619M->346M(1237M) 192,477ms
[2024-08-04T21:30:14.427+0300][5,710s][info][gc] GC(21) Pause Young (Allocation Failure) 687M->414M(1237M) 186,415ms
[2024-08-04T21:30:14.634+0300][5,917s][info][gc] GC(22) Pause Young (Allocation Failure) 756M->438M(1237M) 141,898ms
[2024-08-04T21:30:14.942+0300][6,224s][info][gc] GC(23) Pause Young (Allocation Failure) 779M->506M(1237M) 192,839ms
[2024-08-04T21:30:15.019+0300][6,302s][info][gc] GC(24) Pause Young (Allocation Failure) 847M->464M(1237M) 11,691ms
[2024-08-04T21:30:15.225+0300][6,507s][info][gc] GC(25) Pause Young (Allocation Failure) 806M->532M(1237M) 143,471ms
[2024-08-04T21:30:15.477+0300][6,760s][info][gc] GC(26) Pause Young (Allocation Failure) 874M->601M(1237M) 184,623ms
[2024-08-04T21:30:15.561+0300][6,844s][info][gc] GC(27) Pause Young (Allocation Failure) 942M->563M(1237M) 17,758ms
[2024-08-04T21:30:15.763+0300][7,046s][info][gc] GC(28) Pause Young (Allocation Failure) 904M->631M(1237M) 139,765ms
[2024-08-04T21:30:16.012+0300][7,294s][info][gc] GC(29) Pause Young (Allocation Failure) 972M->699M(1237M) 183,542ms
[2024-08-04T21:30:16.103+0300][7,385s][info][gc] GC(30) Pause Young (Allocation Failure) 1040M->664M(1237M) 24,208ms
[2024-08-04T21:30:16.310+0300][7,593s][info][gc] GC(31) Pause Young (Allocation Failure) 1006M->733M(1237M) 145,130ms
[2024-08-04T21:30:16.559+0300][7,842s][info][gc] GC(32) Pause Young (Allocation Failure) 1074M->801M(1237M) 185,741ms
[2024-08-04T21:30:16.624+0300][7,907s][info][gc] GC(33) Pause Young (Allocation Failure) 1142M->1142M(1237M) 0,062ms
[2024-08-04T21:30:16.931+0300][8,213s][info][gc] GC(34) Pause Full (Allocation Failure) 1142M->73M(1237M) 306,456ms
[2024-08-04T21:30:17.128+0300][8,411s][info][gc] GC(35) Pause Young (Allocation Failure) 415M->142M(1237M) 135,190ms
[2024-08-04T21:30:17.427+0300][8,709s][info][gc] GC(36) Pause Young (Allocation Failure) 483M->210M(1237M) 185,986ms
[2024-08-04T21:30:17.528+0300][8,811s][info][gc] GC(37) Pause Young (Allocation Failure) 551M->182M(1237M) 36,291ms
[2024-08-04T21:30:17.743+0300][9,025s][info][gc] GC(38) Pause Young (Allocation Failure) 523M->250M(1237M) 151,256ms
[2024-08-04T21:30:17.990+0300][9,273s][info][gc] GC(39) Pause Young (Allocation Failure) 592M->318M(1237M) 184,972ms
[2024-08-04T21:30:18.098+0300][9,380s][info][gc] GC(40) Pause Young (Allocation Failure) 660M->294M(1237M) 42,192ms
[2024-08-04T21:30:18.318+0300][9,600s][info][gc] GC(41) Pause Young (Allocation Failure) 635M->362M(1237M) 157,665ms
[2024-08-04T21:30:18.570+0300][9,852s][info][gc] GC(42) Pause Young (Allocation Failure) 703M->430M(1237M) 188,479ms
[2024-08-04T21:30:18.736+0300][10,019s][info][gc] GC(43) Pause Young (Allocation Failure) 772M->409M(1237M) 49,135ms
[2024-08-04T21:30:18.958+0300][10,240s][info][gc] GC(44) Pause Young (Allocation Failure) 750M->477M(1237M) 159,216ms
[2024-08-04T21:30:19.210+0300][10,493s][info][gc] GC(45) Pause Young (Allocation Failure) 819M->546M(1237M) 189,076ms
[2024-08-04T21:30:19.339+0300][10,621s][info][gc] GC(46) Pause Young (Allocation Failure) 887M->528M(1237M) 61,640ms
