[2024-08-04T21:29:41.944+0300][0.005s][info][gc] Using Serial
[2024-08-04T21:29:42.277+0300][0,338s][info][gc] GC(0) Pause Young (Allocation Failure) 205M->41M(742M) 125,058ms
[2024-08-04T21:29:42.442+0300][0,503s][info][gc] GC(1) Pause Young (Allocation Failure) 246M->84M(742M) 123,970ms
[2024-08-04T21:29:42.585+0300][0,646s][info][gc] GC(2) Pause Young (Allocation Failure) 289M->127M(742M) 104,000ms
[2024-08-04T21:29:42.712+0300][0,773s][info][gc] GC(3) Pause Young (Allocation Failure) 332M->171M(742M) 88,241ms
[2024-08-04T21:29:42.884+0300][0,946s][info][gc] GC(4) Pause Young (Allocation Failure) 376M->212M(742M) 84,036ms
[2024-08-04T21:29:43.035+0300][1,096s][info][gc] GC(5) Pause Young (Allocation Failure) 417M->268M(742M) 94,105ms
[2024-08-04T21:29:43.200+0300][1,261s][info][gc] GC(6) Pause Young (Allocation Failure) 473M->309M(742M) 123,842ms
[2024-08-04T21:29:43.426+0300][1,487s][info][gc] GC(7) Pause Young (Allocation Failure) 514M->350M(742M) 137,122ms
[2024-08-04T21:29:43.603+0300][1,664s][info][gc] GC(8) Pause Young (Allocation Failure) 555M->391M(742M) 133,315ms
[2024-08-04T21:29:43.820+0300][1,881s][info][gc] GC(9) Pause Young (Allocation Failure) 596M->432M(742M) 127,636ms
[2024-08-04T21:29:43.910+0300][1,971s][info][gc] GC(10) Pause Young (Allocation Failure) 637M->430M(742M) 49,469ms
[2024-08-04T21:29:44.124+0300][2,185s][info][gc] GC(11) Pause Young (Allocation Failure) 635M->471M(742M) 128,566ms
[2024-08-04T21:29:44.293+0300][2,354s][info][gc] GC(12) Pause Young (Allocation Failure) 676M->512M(742M) 128,591ms
[2024-08-04T21:29:44.384+0300][2,445s][info][gc] GC(13) Pause Young (Allocation Failure) 717M->717M(742M) 0,065ms
[2024-08-04T21:29:44.813+0300][2,874s][info][gc] GC(14) Pause Full (Allocation Failure) 717M->198M(742M) 429,256ms
[2024-08-04T21:29:44.941+0300][3,002s][info][gc] GC(15) Pause Young (Allocation Failure) 403M->239M(742M) 88,487ms
[2024-08-04T21:29:45.083+0300][3,144s][info][gc] GC(16) Pause Young (Allocation Failure) 444M->240M(742M) 63,571ms
[2024-08-04T21:29:45.255+0300][3,316s][info][gc] GC(17) Pause Young (Allocation Failure) 445M->281M(742M) 130,128ms
[2024-08-04T21:29:45.456+0300][3,517s][info][gc] GC(18) Pause Young (Allocation Failure) 486M->322M(742M) 118,033ms
[2024-08-04T21:29:45.619+0300][3,680s][info][gc] GC(19) Pause Young (Allocation Failure) 527M->363M(742M) 124,324ms
[2024-08-04T21:29:45.820+0300][3,881s][info][gc] GC(20) Pause Young (Allocation Failure) 568M->404M(742M) 118,467ms
[2024-08-04T21:29:45.939+0300][4,000s][info][gc] GC(21) Pause Young (Allocation Failure) 609M->409M(742M) 70,391ms
[2024-08-04T21:29:46.151+0300][4,212s][info][gc] GC(22) Pause Young (Allocation Failure) 614M->450M(742M) 124,500ms
[2024-08-04T21:29:46.303+0300][4,364s][info][gc] GC(23) Pause Young (Allocation Failure) 655M->491M(742M) 113,160ms
[2024-08-04T21:29:46.392+0300][4,453s][info][gc] GC(24) Pause Young (Allocation Failure) 696M->696M(742M) 0,061ms
[2024-08-04T21:29:46.829+0300][4,890s][info][gc] GC(25) Pause Full (Allocation Failure) 696M->205M(742M) 437,109ms
[2024-08-04T21:29:46.964+0300][5,025s][info][gc] GC(26) Pause Young (Allocation Failure) 410M->246M(742M) 95,695ms
[2024-08-04T21:29:47.130+0300][5,191s][info][gc] GC(27) Pause Young (Allocation Failure) 451M->254M(742M) 75,071ms
[2024-08-04T21:29:47.290+0300][5,351s][info][gc] GC(28) Pause Young (Allocation Failure) 459M->295M(742M) 119,587ms
[2024-08-04T21:29:47.446+0300][5,507s][info][gc] GC(29) Pause Young (Allocation Failure) 500M->336M(742M) 115,024ms
[2024-08-04T21:29:47.648+0300][5,709s][info][gc] GC(30) Pause Young (Allocation Failure) 541M->377M(742M) 112,545ms
[2024-08-04T21:29:47.803+0300][5,864s][info][gc] GC(31) Pause Young (Allocation Failure) 582M->418M(742M) 115,038ms
[2024-08-04T21:29:47.973+0300][6,034s][info][gc] GC(32) Pause Young (Allocation Failure) 623M->430M(742M) 79,148ms
[2024-08-04T21:29:48.132+0300][6,193s][info][gc] GC(33) Pause Young (Allocation Failure) 635M->471M(742M) 119,027ms
[2024-08-04T21:29:48.338+0300][6,399s][info][gc] GC(34) Pause Young (Allocation Failure) 676M->512M(742M) 117,008ms
[2024-08-04T21:29:48.377+0300][6,438s][info][gc] GC(35) Pause Young (Allocation Failure) 716M->716M(742M) 0,062ms
[2024-08-04T21:29:48.829+0300][6,890s][info][gc] GC(36) Pause Full (Allocation Failure) 716M->212M(742M) 451,735ms
[2024-08-04T21:29:48.998+0300][7,059s][info][gc] GC(37) Pause Young (Allocation Failure) 416M->253M(742M) 79,885ms
[2024-08-04T21:29:49.120+0300][7,181s][info][gc] GC(38) Pause Young (Allocation Failure) 457M->268M(742M) 82,350ms
[2024-08-04T21:29:49.320+0300][7,381s][info][gc] GC(39) Pause Young (Allocation Failure) 473M->309M(742M) 111,794ms
[2024-08-04T21:29:49.471+0300][7,532s][info][gc] GC(40) Pause Young (Allocation Failure) 514M->350M(742M) 110,693ms
[2024-08-04T21:29:49.672+0300][7,733s][info][gc] GC(41) Pause Young (Allocation Failure) 555M->391M(742M) 112,209ms
[2024-08-04T21:29:49.725+0300][7,786s][info][gc] GC(42) Pause Young (Allocation Failure) 596M->368M(742M) 12,568ms
[2024-08-04T21:29:49.846+0300][7,907s][info][gc] GC(43) Pause Young (Allocation Failure) 573M->409M(742M) 83,896ms
[2024-08-04T21:29:50.049+0300][8,110s][info][gc] GC(44) Pause Young (Allocation Failure) 614M->450M(742M) 115,336ms
[2024-08-04T21:29:50.200+0300][8,261s][info][gc] GC(45) Pause Young (Allocation Failure) 655M->491M(742M) 112,230ms
[2024-08-04T21:29:50.289+0300][8,350s][info][gc] GC(46) Pause Young (Allocation Failure) 696M->696M(742M) 0,062ms
[2024-08-04T21:29:50.750+0300][8,811s][info][gc] GC(47) Pause Full (Allocation Failure) 696M->203M(742M) 461,129ms
[2024-08-04T21:29:50.807+0300][8,868s][info][gc] GC(48) Pause Young (Allocation Failure) 408M->210M(742M) 15,813ms
[2024-08-04T21:29:50.934+0300][8,995s][info][gc] GC(49) Pause Young (Allocation Failure) 415M->251M(742M) 88,865ms
[2024-08-04T21:29:51.083+0300][9,144s][info][gc] GC(50) Pause Young (Allocation Failure) 456M->292M(742M) 111,802ms
[2024-08-04T21:29:51.284+0300][9,345s][info][gc] GC(51) Pause Young (Allocation Failure) 497M->333M(742M) 111,799ms
[2024-08-04T21:29:51.434+0300][9,495s][info][gc] GC(52) Pause Young (Allocation Failure) 538M->374M(742M) 112,151ms
[2024-08-04T21:29:51.551+0300][9,612s][info][gc] GC(53) Pause Young (Allocation Failure) 579M->359M(742M) 25,029ms
[2024-08-04T21:29:51.681+0300][9,742s][info][gc] GC(54) Pause Young (Allocation Failure) 563M->400M(742M) 92,998ms
[2024-08-04T21:29:51.832+0300][9,893s][info][gc] GC(55) Pause Young (Allocation Failure) 604M->440M(742M) 111,691ms
[2024-08-04T21:29:52.034+0300][10,095s][info][gc] GC(56) Pause Young (Allocation Failure) 645M->481M(742M) 112,891ms
[2024-08-04T21:29:52.073+0300][10,134s][info][gc] GC(57) Pause Young (Allocation Failure) 686M->686M(742M) 0,061ms
[2024-08-04T21:29:52.538+0300][10,599s][info][gc] GC(58) Pause Full (Allocation Failure) 686M->210M(742M) 465,166ms
[2024-08-04T21:29:52.658+0300][10,719s][info][gc] GC(59) Pause Young (Allocation Failure) 415M->224M(742M) 28,913ms
[2024-08-04T21:29:52.791+0300][10,852s][info][gc] GC(60) Pause Young (Allocation Failure) 429M->265M(742M) 96,178ms
[2024-08-04T21:29:52.941+0300][11,002s][info][gc] GC(61) Pause Young (Allocation Failure) 470M->306M(742M) 112,561ms
[2024-08-04T21:29:53.143+0300][11,204s][info][gc] GC(62) Pause Young (Allocation Failure) 511M->347M(742M) 110,845ms
[2024-08-04T21:29:53.291+0300][11,352s][info][gc] GC(63) Pause Young (Allocation Failure) 552M->388M(742M) 110,840ms
[2024-08-04T21:29:53.418+0300][11,479s][info][gc] GC(64) Pause Young (Allocation Failure) 593M->379M(742M) 36,595ms
[2024-08-04T21:29:53.556+0300][11,617s][info][gc] GC(65) Pause Young (Allocation Failure) 584M->420M(742M) 100,710ms
[2024-08-04T21:29:53.707+0300][11,768s][info][gc] GC(66) Pause Young (Allocation Failure) 625M->461M(742M) 111,133ms
[2024-08-04T21:29:53.906+0300][11,967s][info][gc] GC(67) Pause Young (Allocation Failure) 666M->502M(742M) 110,384ms
[2024-08-04T21:29:53.943+0300][12,004s][info][gc] GC(68) Pause Young (Allocation Failure) 707M->707M(742M) 0,060ms
[2024-08-04T21:29:54.424+0300][12,485s][info][gc] GC(69) Pause Full (Allocation Failure) 707M->217M(742M) 480,831ms
[2024-08-04T21:29:54.558+0300][12,619s][info][gc] GC(70) Pause Young (Allocation Failure) 422M->238M(742M) 41,605ms
[2024-08-04T21:29:54.699+0300][12,760s][info][gc] GC(71) Pause Young (Allocation Failure) 442M->279M(742M) 102,970ms
[2024-08-04T21:29:54.848+0300][12,909s][info][gc] GC(72) Pause Young (Allocation Failure) 483M->320M(742M) 110,578ms
[2024-08-04T21:29:54.996+0300][13,057s][info][gc] GC(73) Pause Young (Allocation Failure) 524M->361M(742M) 110,734ms
[2024-08-04T21:29:55.195+0300][13,256s][info][gc] GC(74) Pause Young (Allocation Failure) 565M->401M(742M) 110,354ms
[2024-08-04T21:29:55.287+0300][13,348s][info][gc] GC(75) Pause Young (Allocation Failure) 606M->400M(742M) 50,467ms
[2024-08-04T21:29:55.433+0300][13,494s][info][gc] GC(76) Pause Young (Allocation Failure) 605M->441M(742M) 108,684ms
[2024-08-04T21:29:55.632+0300][13,693s][info][gc] GC(77) Pause Young (Allocation Failure) 646M->482M(742M) 111,537ms
[2024-08-04T21:29:55.672+0300][13,733s][info][gc] GC(78) Pause Young (Allocation Failure) 687M->687M(742M) 0,062ms
[2024-08-04T21:29:56.095+0300][14,156s][info][gc] GC(79) Pause Full (Allocation Failure) 687M->183M(742M) 423,377ms
[2024-08-04T21:29:56.269+0300][14,330s][info][gc] GC(80) Pause Young (Allocation Failure) 388M->224M(742M) 81,881ms
[2024-08-04T21:29:56.368+0300][14,429s][info][gc] GC(81) Pause Young (Allocation Failure) 429M->226M(742M) 57,076ms
