[2024-08-04T21:29:25.494+0300][0.005s][info][gc] Using Serial
[2024-08-04T21:29:25.775+0300][0,285s][info][gc] GC(0) Pause Young (Allocation Failure) 137M->28M(494M) 98,161ms
[2024-08-04T21:29:25.885+0300][0,396s][info][gc] GC(1) Pause Young (Allocation Failure) 164M->56M(494M) 82,041ms
[2024-08-04T21:29:25.979+0300][0,490s][info][gc] GC(2) Pause Young (Allocation Failure) 193M->85M(494M) 67,843ms
[2024-08-04T21:29:26.063+0300][0,574s][info][gc] GC(3) Pause Young (Allocation Failure) 222M->114M(494M) 58,861ms
[2024-08-04T21:29:26.186+0300][0,697s][info][gc] GC(4) Pause Young (Allocation Failure) 251M->142M(494M) 55,050ms
[2024-08-04T21:29:26.325+0300][0,836s][info][gc] GC(5) Pause Young (Allocation Failure) 278M->188M(494M) 78,338ms
[2024-08-04T21:29:26.482+0300][0,993s][info][gc] GC(6) Pause Young (Allocation Failure) 324M->215M(494M) 88,443ms
[2024-08-04T21:29:26.632+0300][1,143s][info][gc] GC(7) Pause Young (Allocation Failure) 352M->271M(494M) 92,722ms
[2024-08-04T21:29:26.784+0300][1,295s][info][gc] GC(8) Pause Young (Allocation Failure) 407M->287M(494M) 65,115ms
[2024-08-04T21:29:26.898+0300][1,409s][info][gc] GC(9) Pause Young (Allocation Failure) 424M->315M(494M) 88,456ms
[2024-08-04T21:29:26.924+0300][1,434s][info][gc] GC(10) Pause Young (Allocation Failure) 451M->451M(494M) 0,060ms
[2024-08-04T21:29:27.167+0300][1,678s][info][gc] GC(11) Pause Full (Allocation Failure) 451M->122M(494M) 243,623ms
[2024-08-04T21:29:27.289+0300][1,800s][info][gc] GC(12) Pause Young (Allocation Failure) 258M->149M(494M) 53,681ms
[2024-08-04T21:29:27.436+0300][1,947s][info][gc] GC(13) Pause Young (Allocation Failure) 286M->177M(494M) 73,697ms
[2024-08-04T21:29:27.537+0300][2,048s][info][gc] GC(14) Pause Young (Allocation Failure) 313M->204M(494M) 74,058ms
[2024-08-04T21:29:27.684+0300][2,195s][info][gc] GC(15) Pause Young (Allocation Failure) 340M->231M(494M) 77,762ms
[2024-08-04T21:29:27.788+0300][2,299s][info][gc] GC(16) Pause Young (Allocation Failure) 368M->225M(494M) 26,487ms
[2024-08-04T21:29:27.879+0300][2,390s][info][gc] GC(17) Pause Young (Allocation Failure) 361M->252M(494M) 65,222ms
[2024-08-04T21:29:27.980+0300][2,490s][info][gc] GC(18) Pause Young (Allocation Failure) 388M->279M(494M) 74,211ms
[2024-08-04T21:29:28.084+0300][2,594s][info][gc] GC(19) Pause Young (Allocation Failure) 416M->307M(494M) 77,935ms
[2024-08-04T21:29:28.234+0300][2,745s][info][gc] GC(20) Pause Young (Allocation Failure) 443M->334M(494M) 82,247ms
[2024-08-04T21:29:28.303+0300][2,814s][info][gc] GC(21) Pause Young (Allocation Failure) 470M->470M(494M) 0,072ms
[2024-08-04T21:29:28.663+0300][3,174s][info][gc] GC(22) Pause Full (Allocation Failure) 470M->193M(494M) 359,965ms
[2024-08-04T21:29:28.788+0300][3,299s][info][gc] GC(23) Pause Young (Allocation Failure) 330M->221M(494M) 57,244ms
[2024-08-04T21:29:28.866+0300][3,377s][info][gc] GC(24) Pause Young (Allocation Failure) 357M->204M(494M) 4,636ms
[2024-08-04T21:29:28.981+0300][3,492s][info][gc] GC(25) Pause Young (Allocation Failure) 340M->231M(494M) 89,902ms
[2024-08-04T21:29:29.080+0300][3,591s][info][gc] GC(26) Pause Young (Allocation Failure) 368M->259M(494M) 74,471ms
[2024-08-04T21:29:29.224+0300][3,735s][info][gc] GC(27) Pause Young (Allocation Failure) 395M->286M(494M) 75,934ms
[2024-08-04T21:29:29.367+0300][3,878s][info][gc] GC(28) Pause Young (Allocation Failure) 422M->313M(494M) 74,507ms
[2024-08-04T21:29:29.516+0300][4,027s][info][gc] GC(29) Pause Young (Allocation Failure) 450M->340M(494M) 80,793ms
[2024-08-04T21:29:29.585+0300][4,096s][info][gc] GC(30) Pause Young (Allocation Failure) 477M->477M(494M) 0,073ms
[2024-08-04T21:29:29.969+0300][4,479s][info][gc] GC(31) Pause Full (Allocation Failure) 477M->210M(494M) 383,583ms
[2024-08-04T21:29:30.097+0300][4,608s][info][gc] GC(32) Pause Young (Allocation Failure) 347M->238M(494M) 60,065ms
[2024-08-04T21:29:30.209+0300][4,720s][info][gc] GC(33) Pause Young (Allocation Failure) 374M->238M(494M) 39,752ms
[2024-08-04T21:29:30.311+0300][4,822s][info][gc] GC(34) Pause Young (Allocation Failure) 374M->265M(494M) 76,898ms
[2024-08-04T21:29:30.410+0300][4,921s][info][gc] GC(35) Pause Young (Allocation Failure) 402M->292M(494M) 74,029ms
[2024-08-04T21:29:30.557+0300][5,067s][info][gc] GC(36) Pause Young (Allocation Failure) 429M->320M(494M) 77,437ms
[2024-08-04T21:29:30.626+0300][5,136s][info][gc] GC(37) Pause Young (Allocation Failure) 456M->456M(494M) 0,074ms
[2024-08-04T21:29:30.953+0300][5,464s][info][gc] GC(38) Pause Full (Allocation Failure) 456M->163M(494M) 327,653ms
[2024-08-04T21:29:31.079+0300][5,590s][info][gc] GC(39) Pause Young (Allocation Failure) 299M->190M(494M) 57,043ms
[2024-08-04T21:29:31.224+0300][5,735s][info][gc] GC(40) Pause Young (Allocation Failure) 327M->217M(494M) 76,348ms
[2024-08-04T21:29:31.272+0300][5,783s][info][gc] GC(41) Pause Young (Allocation Failure) 354M->207M(494M) 17,572ms
[2024-08-04T21:29:31.363+0300][5,873s][info][gc] GC(42) Pause Young (Allocation Failure) 344M->234M(494M) 65,400ms
[2024-08-04T21:29:31.465+0300][5,976s][info][gc] GC(43) Pause Young (Allocation Failure) 371M->262M(494M) 77,882ms
[2024-08-04T21:29:31.608+0300][6,118s][info][gc] GC(44) Pause Young (Allocation Failure) 398M->289M(494M) 73,683ms
[2024-08-04T21:29:31.756+0300][6,267s][info][gc] GC(45) Pause Young (Allocation Failure) 426M->316M(494M) 79,987ms
[2024-08-04T21:29:31.825+0300][6,335s][info][gc] GC(46) Pause Young (Allocation Failure) 453M->453M(494M) 0,073ms
[2024-08-04T21:29:32.180+0300][6,691s][info][gc] GC(47) Pause Full (Allocation Failure) 453M->180M(494M) 355,273ms
[2024-08-04T21:29:32.305+0300][6,816s][info][gc] GC(48) Pause Young (Allocation Failure) 316M->207M(494M) 56,941ms
[2024-08-04T21:29:32.450+0300][6,961s][info][gc] GC(49) Pause Young (Allocation Failure) 344M->234M(494M) 76,597ms
[2024-08-04T21:29:32.531+0300][7,042s][info][gc] GC(50) Pause Young (Allocation Failure) 371M->241M(494M) 51,677ms
[2024-08-04T21:29:32.634+0300][7,145s][info][gc] GC(51) Pause Young (Allocation Failure) 378M->268M(494M) 77,536ms
[2024-08-04T21:29:32.737+0300][7,247s][info][gc] GC(52) Pause Young (Allocation Failure) 405M->296M(494M) 77,550ms
[2024-08-04T21:29:32.836+0300][7,347s][info][gc] GC(53) Pause Young (Allocation Failure) 432M->323M(494M) 73,930ms
[2024-08-04T21:29:32.904+0300][7,415s][info][gc] GC(54) Pause Young (Allocation Failure) 459M->459M(494M) 0,073ms
[2024-08-04T21:29:33.245+0300][7,756s][info][gc] GC(55) Pause Full (Allocation Failure) 459M->169M(494M) 340,431ms
[2024-08-04T21:29:33.370+0300][7,881s][info][gc] GC(56) Pause Young (Allocation Failure) 306M->197M(494M) 56,873ms
[2024-08-04T21:29:33.516+0300][8,027s][info][gc] GC(57) Pause Young (Allocation Failure) 333M->224M(494M) 77,526ms
[2024-08-04T21:29:33.576+0300][8,087s][info][gc] GC(58) Pause Young (Allocation Failure) 360M->220M(494M) 29,237ms
[2024-08-04T21:29:33.673+0300][8,184s][info][gc] GC(59) Pause Young (Allocation Failure) 357M->248M(494M) 72,584ms
[2024-08-04T21:29:33.820+0300][8,330s][info][gc] GC(60) Pause Young (Allocation Failure) 384M->275M(494M) 77,676ms
[2024-08-04T21:29:33.968+0300][8,479s][info][gc] GC(61) Pause Young (Allocation Failure) 411M->302M(494M) 80,243ms
[2024-08-04T21:29:34.112+0300][8,622s][info][gc] GC(62) Pause Young (Allocation Failure) 439M->330M(494M) 74,377ms
[2024-08-04T21:29:34.180+0300][8,691s][info][gc] GC(63) Pause Young (Allocation Failure) 466M->466M(494M) 0,074ms
[2024-08-04T21:29:34.542+0300][9,053s][info][gc] GC(64) Pause Full (Allocation Failure) 466M->186M(494M) 361,713ms
[2024-08-04T21:29:34.668+0300][9,178s][info][gc] GC(65) Pause Young (Allocation Failure) 323M->214M(494M) 57,202ms
[2024-08-04T21:29:34.751+0300][9,262s][info][gc] GC(66) Pause Young (Allocation Failure) 350M->200M(494M) 10,554ms
[2024-08-04T21:29:34.833+0300][9,344s][info][gc] GC(67) Pause Young (Allocation Failure) 336M->227M(494M) 57,035ms
[2024-08-04T21:29:34.936+0300][9,447s][info][gc] GC(68) Pause Young (Allocation Failure) 363M->254M(494M) 77,910ms
[2024-08-04T21:29:35.084+0300][9,595s][info][gc] GC(69) Pause Young (Allocation Failure) 391M->281M(494M) 79,809ms
[2024-08-04T21:29:35.230+0300][9,741s][info][gc] GC(70) Pause Young (Allocation Failure) 418M->309M(494M) 77,649ms
[2024-08-04T21:29:35.373+0300][9,884s][info][gc] GC(71) Pause Young (Allocation Failure) 445M->336M(494M) 74,091ms
[2024-08-04T21:29:35.441+0300][9,952s][info][gc] GC(72) Pause Young (Allocation Failure) 473M->473M(494M) 0,079ms
[2024-08-04T21:29:35.832+0300][10,342s][info][gc] GC(73) Pause Full (Allocation Failure) 473M->203M(494M) 390,762ms
[2024-08-04T21:29:35.957+0300][10,468s][info][gc] GC(74) Pause Young (Allocation Failure) 340M->231M(494M) 56,879ms
[2024-08-04T21:29:36.075+0300][10,586s][info][gc] GC(75) Pause Young (Allocation Failure) 367M->233M(494M) 45,518ms
[2024-08-04T21:29:36.174+0300][10,685s][info][gc] GC(76) Pause Young (Allocation Failure) 370M->261M(494M) 73,452ms
[2024-08-04T21:29:36.276+0300][10,787s][info][gc] GC(77) Pause Young (Allocation Failure) 397M->288M(494M) 77,548ms
[2024-08-04T21:29:36.378+0300][10,889s][info][gc] GC(78) Pause Young (Allocation Failure) 425M->315M(494M) 77,143ms
[2024-08-04T21:29:36.403+0300][10,913s][info][gc] GC(79) Pause Young (Allocation Failure) 452M->452M(494M) 0,041ms
[2024-08-04T21:29:36.733+0300][11,244s][info][gc] GC(80) Pause Full (Allocation Failure) 452M->166M(494M) 330,244ms
[2024-08-04T21:29:36.811+0300][11,322s][info][gc] GC(81) Pause Young (Allocation Failure) 302M->193M(494M) 53,258ms
[2024-08-04T21:29:36.913+0300][11,423s][info][gc] GC(82) Pause Young (Allocation Failure) 329M->220M(494M) 77,261ms
[2024-08-04T21:29:36.963+0300][11,474s][info][gc] GC(83) Pause Young (Allocation Failure) 357M->213M(494M) 23,011ms
[2024-08-04T21:29:37.055+0300][11,566s][info][gc] GC(84) Pause Young (Allocation Failure) 349M->240M(494M) 67,844ms
[2024-08-04T21:29:37.153+0300][11,664s][info][gc] GC(85) Pause Young (Allocation Failure) 377M->267M(494M) 73,536ms
[2024-08-04T21:29:37.255+0300][11,766s][info][gc] GC(86) Pause Young (Allocation Failure) 404M->295M(494M) 77,232ms
[2024-08-04T21:29:37.357+0300][11,868s][info][gc] GC(87) Pause Young (Allocation Failure) 431M->322M(494M) 77,172ms
[2024-08-04T21:29:37.382+0300][11,893s][info][gc] GC(88) Pause Young (Allocation Failure) 458M->458M(494M) 0,043ms
[2024-08-04T21:29:37.736+0300][12,247s][info][gc] GC(89) Pause Full (Allocation Failure) 458M->183M(494M) 354,380ms
[2024-08-04T21:29:37.814+0300][12,325s][info][gc] GC(90) Pause Young (Allocation Failure) 319M->210M(494M) 53,272ms
[2024-08-04T21:29:37.915+0300][12,426s][info][gc] GC(91) Pause Young (Allocation Failure) 346M->237M(494M) 77,064ms
[2024-08-04T21:29:38.000+0300][12,511s][info][gc] GC(92) Pause Young (Allocation Failure) 374M->247M(494M) 56,950ms
[2024-08-04T21:29:38.102+0300][12,612s][info][gc] GC(93) Pause Young (Allocation Failure) 383M->274M(494M) 77,276ms
[2024-08-04T21:29:38.200+0300][12,711s][info][gc] GC(94) Pause Young (Allocation Failure) 410M->301M(494M) 73,795ms
[2024-08-04T21:29:38.302+0300][12,812s][info][gc] GC(95) Pause Young (Allocation Failure) 438M->329M(494M) 76,988ms
[2024-08-04T21:29:38.326+0300][12,837s][info][gc] GC(96) Pause Young (Allocation Failure) 465M->465M(494M) 0,040ms
[2024-08-04T21:29:38.669+0300][13,180s][info][gc] GC(97) Pause Full (Allocation Failure) 465M->172M(494M) 342,928ms
[2024-08-04T21:29:38.750+0300][13,261s][info][gc] GC(98) Pause Young (Allocation Failure) 309M->199M(494M) 56,758ms
[2024-08-04T21:29:38.848+0300][13,359s][info][gc] GC(99) Pause Young (Allocation Failure) 336M->227M(494M) 73,386ms
[2024-08-04T21:29:38.912+0300][13,422s][info][gc] GC(100) Pause Young (Allocation Failure) 363M->226M(494M) 35,869ms
[2024-08-04T21:29:39.012+0300][13,523s][info][gc] GC(101) Pause Young (Allocation Failure) 362M->253M(494M) 75,482ms
[2024-08-04T21:29:39.113+0300][13,624s][info][gc] GC(102) Pause Young (Allocation Failure) 390M->281M(494M) 77,086ms
[2024-08-04T21:29:39.211+0300][13,722s][info][gc] GC(103) Pause Young (Allocation Failure) 417M->308M(494M) 73,458ms
[2024-08-04T21:29:39.313+0300][13,824s][info][gc] GC(104) Pause Young (Allocation Failure) 444M->335M(494M) 77,503ms
[2024-08-04T21:29:39.338+0300][13,849s][info][gc] GC(105) Pause Young (Allocation Failure) 472M->472M(494M) 0,040ms
[2024-08-04T21:29:39.705+0300][14,216s][info][gc] GC(106) Pause Full (Allocation Failure) 472M->189M(494M) 367,240ms
[2024-08-04T21:29:39.787+0300][14,297s][info][gc] GC(107) Pause Young (Allocation Failure) 326M->216M(494M) 56,768ms
[2024-08-04T21:29:39.829+0300][14,340s][info][gc] GC(108) Pause Young (Allocation Failure) 353M->205M(494M) 14,821ms
[2024-08-04T21:29:39.917+0300][14,428s][info][gc] GC(109) Pause Young (Allocation Failure) 342M->233M(494M) 63,914ms
[2024-08-04T21:29:40.019+0300][14,530s][info][gc] GC(110) Pause Young (Allocation Failure) 369M->260M(494M) 77,484ms
[2024-08-04T21:29:40.121+0300][14,632s][info][gc] GC(111) Pause Young (Allocation Failure) 396M->287M(494M) 77,281ms
[2024-08-04T21:29:40.219+0300][14,730s][info][gc] GC(112) Pause Young (Allocation Failure) 424M->314M(494M) 73,497ms
[2024-08-04T21:29:40.321+0300][14,832s][info][gc] GC(113) Pause Young (Allocation Failure) 451M->342M(494M) 77,470ms
[2024-08-04T21:29:40.346+0300][14,857s][info][gc] GC(114) Pause Young (Allocation Failure) 478M->478M(494M) 0,040ms
[2024-08-04T21:29:40.743+0300][15,254s][info][gc] GC(115) Pause Full (Allocation Failure) 478M->206M(494M) 396,856ms
[2024-08-04T21:29:40.824+0300][15,335s][info][gc] GC(116) Pause Young (Allocation Failure) 343M->233M(494M) 56,803ms
[2024-08-04T21:29:40.898+0300][15,409s][info][gc] GC(117) Pause Young (Allocation Failure) 370M->239M(494M) 46,547ms
[2024-08-04T21:29:40.999+0300][15,510s][info][gc] GC(118) Pause Young (Allocation Failure) 376M->266M(494M) 76,688ms
[2024-08-04T21:29:41.101+0300][15,612s][info][gc] GC(119) Pause Young (Allocation Failure) 403M->294M(494M) 77,328ms
[2024-08-04T21:29:41.203+0300][15,714s][info][gc] GC(120) Pause Young (Allocation Failure) 430M->321M(494M) 77,037ms
[2024-08-04T21:29:41.227+0300][15,738s][info][gc] GC(121) Pause Young (Allocation Failure) 457M->457M(494M) 0,040ms
[2024-08-04T21:29:41.561+0300][16,072s][info][gc] GC(122) Pause Full (Allocation Failure) 457M->168M(494M) 333,803ms
[2024-08-04T21:29:41.643+0300][16,154s][info][gc] GC(123) Pause Young (Allocation Failure) 305M->196M(494M) 56,913ms
[2024-08-04T21:29:41.744+0300][16,255s][info][gc] GC(124) Pause Young (Allocation Failure) 332M->223M(494M) 77,041ms
[2024-08-04T21:29:41.800+0300][16,311s][info][gc] GC(125) Pause Young (Allocation Failure) 359M->218M(494M) 28,327ms
