[2024-08-04T21:29:22.259+0300][0.003s][info][gc] Using Serial
[2024-08-04T21:29:22.443+0300][0,186s][info][gc] GC(0) Pause Young (Allocation Failure) 69M->15M(247M) 65,439ms
[2024-08-04T21:29:22.525+0300][0,268s][info][gc] GC(1) Pause Young (Allocation Failure) 83M->29M(247M) 66,640ms
[2024-08-04T21:29:22.576+0300][0,319s][info][gc] GC(2) Pause Young (Allocation Failure) 97M->43M(247M) 36,056ms
[2024-08-04T21:29:22.620+0300][0,364s][info][gc] GC(3) Pause Young (Allocation Failure) 111M->57M(247M) 31,318ms
[2024-08-04T21:29:22.661+0300][0,404s][info][gc] GC(4) Pause Young (Allocation Failure) 126M->72M(247M) 27,430ms
[2024-08-04T21:29:22.723+0300][0,466s][info][gc] GC(5) Pause Young (Allocation Failure) 141M->86M(247M) 48,302ms
[2024-08-04T21:29:22.801+0300][0,544s][info][gc] GC(6) Pause Young (Allocation Failure) 154M->112M(247M) 49,384ms
[2024-08-04T21:29:22.869+0300][0,612s][info][gc] GC(7) Pause Young (Allocation Failure) 181M->126M(247M) 44,616ms
[2024-08-04T21:29:22.942+0300][0,685s][info][gc] GC(8) Pause Young (Allocation Failure) 194M->140M(247M) 46,390ms
[2024-08-04T21:29:23.004+0300][0,747s][info][gc] GC(9) Pause Young (Allocation Failure) 205M->152M(247M) 43,429ms
[2024-08-04T21:29:23.066+0300][0,809s][info][gc] GC(10) Pause Young (Allocation Failure) 221M->230M(247M) 46,483ms
[2024-08-04T21:29:23.310+0300][1,053s][info][gc] GC(11) Pause Full (Allocation Failure) 230M->159M(247M) 243,672ms
[2024-08-04T21:29:23.343+0300][1,087s][info][gc] GC(12) Pause Young (Allocation Failure) 227M->227M(247M) 0,072ms
[2024-08-04T21:29:23.591+0300][1,335s][info][gc] GC(13) Pause Full (Allocation Failure) 227M->172M(247M) 247,691ms
[2024-08-04T21:29:23.996+0300][1,739s][info][gc] GC(14) Pause Full (Allocation Failure) 247M->187M(247M) 267,934ms
[2024-08-04T21:29:24.422+0300][2,165s][info][gc] GC(15) Pause Full (Allocation Failure) 247M->199M(247M) 340,639ms
[2024-08-04T21:29:24.793+0300][2,536s][info][gc] GC(16) Pause Full (Allocation Failure) 247M->209M(247M) 286,756ms
[2024-08-04T21:29:25.077+0300][2,820s][info][gc] GC(17) Pause Full (Allocation Failure) 228M->212M(247M) 278,076ms
[2024-08-04T21:29:25.413+0300][3,157s][info][gc] GC(18) Pause Full (Allocation Failure) 212M->212M(247M) 336,624ms
