[2024-08-04T21:32:15.764+0300][0.004s][info][gc] Using Serial
[2024-08-04T21:32:16.874+0300][1,114s][info][gc] GC(0) Pause Young (Allocation Failure) 1434M->83M(5196M) 175,456ms
[2024-08-04T21:32:17.503+0300][1,743s][info][gc] GC(1) Pause Young (Allocation Failure) 1517M->166M(5196M) 326,477ms
[2024-08-04T21:32:17.826+0300][2,066s][info][gc] GC(2) Pause Young (Allocation Failure) 1599M->49M(5196M) 42,311ms
[2024-08-04T21:32:18.302+0300][2,542s][info][gc] GC(3) Pause Young (Allocation Failure) 1483M->135M(5196M) 207,199ms
[2024-08-04T21:32:18.985+0300][3,225s][info][gc] GC(4) Pause Young (Allocation Failure) 1568M->220M(5196M) 413,053ms
[2024-08-04T21:32:19.403+0300][3,643s][info][gc] GC(5) Pause Young (Allocation Failure) 1654M->108M(5196M) 147,553ms
[2024-08-04T21:32:19.970+0300][4,210s][info][gc] GC(6) Pause Young (Allocation Failure) 1542M->194M(5196M) 296,339ms
[2024-08-04T21:32:20.328+0300][4,568s][info][gc] GC(7) Pause Young (Allocation Failure) 1627M->78M(5196M) 87,242ms
[2024-08-04T21:32:20.839+0300][5,079s][info][gc] GC(8) Pause Young (Allocation Failure) 1511M->163M(5196M) 241,123ms
[2024-08-04T21:32:21.136+0300][5,376s][info][gc] GC(9) Pause Young (Allocation Failure) 1596M->47M(5196M) 24,026ms
