[2024-08-04T21:31:29.000+0300][0.005s][info][gc] Using Serial
[2024-08-04T21:31:30.108+0300][1,113s][info][gc] GC(0) Pause Young (Allocation Failure) 956M->190M(3464M) 462,025ms
[2024-08-04T21:31:30.730+0300][1,735s][info][gc] GC(1) Pause Young (Allocation Failure) 1146M->252M(3464M) 399,352ms
[2024-08-04T21:31:31.125+0300][2,130s][info][gc] GC(2) Pause Young (Allocation Failure) 1208M->304M(3464M) 210,237ms
[2024-08-04T21:31:31.574+0300][2,579s][info][gc] GC(3) Pause Young (Allocation Failure) 1260M->310M(3464M) 259,889ms
[2024-08-04T21:31:31.989+0300][2,994s][info][gc] GC(4) Pause Young (Allocation Failure) 1266M->306M(3464M) 231,636ms
[2024-08-04T21:31:32.389+0300][3,394s][info][gc] GC(5) Pause Young (Allocation Failure) 1262M->296M(3464M) 218,582ms
[2024-08-04T21:31:32.755+0300][3,760s][info][gc] GC(6) Pause Young (Allocation Failure) 1251M->285M(3464M) 185,825ms
[2024-08-04T21:31:33.113+0300][4,118s][info][gc] GC(7) Pause Young (Allocation Failure) 1241M->275M(3464M) 178,285ms
[2024-08-04T21:31:33.441+0300][4,446s][info][gc] GC(8) Pause Young (Allocation Failure) 1231M->265M(3464M) 146,904ms
[2024-08-04T21:31:33.746+0300][4,751s][info][gc] GC(9) Pause Young (Allocation Failure) 1221M->255M(3464M) 125,618ms
[2024-08-04T21:31:34.039+0300][5,044s][info][gc] GC(10) Pause Young (Allocation Failure) 1210M->244M(3464M) 112,544ms
[2024-08-04T21:31:34.321+0300][5,326s][info][gc] GC(11) Pause Young (Allocation Failure) 1200M->234M(3464M) 100,684ms
[2024-08-04T21:31:34.577+0300][5,582s][info][gc] GC(12) Pause Young (Allocation Failure) 1190M->224M(3464M) 76,451ms
[2024-08-04T21:31:34.815+0300][5,820s][info][gc] GC(13) Pause Young (Allocation Failure) 1180M->214M(3464M) 57,880ms
[2024-08-04T21:31:35.034+0300][6,039s][info][gc] GC(14) Pause Young (Allocation Failure) 1169M->203M(3464M) 39,114ms
[2024-08-04T21:31:35.262+0300][6,267s][info][gc] GC(15) Pause Young (Allocation Failure) 1159M->193M(3464M) 48,911ms
