[2024-08-04T21:32:33.301+0300][0.005s][info][gc] Using Serial
[2024-08-04T21:32:34.602+0300][1,306s][info][gc] GC(0) Pause Young (Allocation Failure) 1639M->122M(5939M) 266,022ms
[2024-08-04T21:32:35.001+0300][1,705s][info][gc] GC(1) Pause Young (Allocation Failure) 1760M->43M(5939M) 37,295ms
[2024-08-04T21:32:35.578+0300][2,282s][info][gc] GC(2) Pause Young (Allocation Failure) 1682M->170M(5939M) 263,171ms
[2024-08-04T21:32:36.036+0300][2,740s][info][gc] GC(3) Pause Young (Allocation Failure) 1808M->94M(5939M) 147,501ms
[2024-08-04T21:32:36.712+0300][3,416s][info][gc] GC(4) Pause Young (Allocation Failure) 1733M->221M(5939M) 369,775ms
[2024-08-04T21:32:37.269+0300][3,973s][info][gc] GC(5) Pause Young (Allocation Failure) 1859M->146M(5939M) 246,920ms
[2024-08-04T21:32:37.662+0300][4,366s][info][gc] GC(6) Pause Young (Allocation Failure) 1784M->70M(5939M) 73,521ms
[2024-08-04T21:32:38.348+0300][5,052s][info][gc] GC(7) Pause Young (Allocation Failure) 1709M->197M(5939M) 354,875ms
[2024-08-04T21:32:38.886+0300][5,590s][info][gc] GC(8) Pause Young (Allocation Failure) 1835M->122M(5939M) 194,675ms
