[2024-08-04T21:31:35.488+0300][0.003s][info][gc] Using Serial
[2024-08-04T21:31:36.632+0300][1,147s][info][gc] GC(0) Pause Young (Allocation Failure) 1025M->203M(3712M) 478,169ms
[2024-08-04T21:31:37.301+0300][1,815s][info][gc] GC(1) Pause Young (Allocation Failure) 1227M->283M(3712M) 436,725ms
[2024-08-04T21:31:37.779+0300][2,293s][info][gc] GC(2) Pause Young (Allocation Failure) 1307M->366M(3712M) 280,514ms
[2024-08-04T21:31:38.370+0300][2,884s][info][gc] GC(3) Pause Young (Allocation Failure) 1390M->417M(3712M) 393,236ms
[2024-08-04T21:31:38.964+0300][3,478s][info][gc] GC(4) Pause Young (Allocation Failure) 1441M->472M(3712M) 400,018ms
[2024-08-04T21:31:39.565+0300][4,079s][info][gc] GC(5) Pause Young (Allocation Failure) 1496M->530M(3712M) 409,170ms
[2024-08-04T21:31:40.175+0300][4,689s][info][gc] GC(6) Pause Young (Allocation Failure) 1554M->591M(3712M) 416,554ms
[2024-08-04T21:31:40.791+0300][5,305s][info][gc] GC(7) Pause Young (Allocation Failure) 1615M->656M(3712M) 424,045ms
[2024-08-04T21:31:41.417+0300][5,931s][info][gc] GC(8) Pause Young (Allocation Failure) 1680M->724M(3712M) 433,584ms
[2024-08-04T21:31:42.023+0300][6,537s][info][gc] GC(9) Pause Young (Allocation Failure) 1748M->796M(3712M) 413,166ms
[2024-08-04T21:31:42.241+0300][6,755s][info][gc] GC(10) Pause Young (Allocation Failure) 1820M->669M(3712M) 20,140ms
[2024-08-04T21:31:42.459+0300][6,973s][info][gc] GC(11) Pause Young (Allocation Failure) 1693M->673M(3712M) 26,121ms
[2024-08-04T21:31:42.724+0300][7,238s][info][gc] GC(12) Pause Young (Allocation Failure) 1697M->676M(3712M) 72,062ms
[2024-08-04T21:31:43.001+0300][7,515s][info][gc] GC(13) Pause Young (Allocation Failure) 1700M->679M(3712M) 83,444ms
[2024-08-04T21:31:43.237+0300][7,751s][info][gc] GC(14) Pause Young (Allocation Failure) 1703M->683M(3712M) 43,722ms
