[2024-08-04T21:30:58.236+0300][0.005s][info][gc] Using Serial
[2024-08-04T21:30:59.052+0300][0,821s][info][gc] GC(0) Pause Young (Allocation Failure) 683M->136M(2474M) 336,470ms
[2024-08-04T21:30:59.330+0300][1,099s][info][gc] GC(1) Pause Young (Allocation Failure) 818M->127M(2474M) 119,026ms
[2024-08-04T21:30:59.756+0300][1,525s][info][gc] GC(2) Pause Young (Allocation Failure) 809M->263M(2474M) 291,368ms
[2024-08-04T21:31:00.137+0300][1,906s][info][gc] GC(3) Pause Young (Allocation Failure) 946M->290M(2474M) 235,475ms
[2024-08-04T21:31:00.375+0300][2,143s][info][gc] GC(4) Pause Young (Allocation Failure) 973M->252M(2474M) 101,429ms
[2024-08-04T21:31:00.862+0300][2,631s][info][gc] GC(5) Pause Young (Allocation Failure) 935M->389M(2474M) 360,110ms
[2024-08-04T21:31:01.241+0300][3,010s][info][gc] GC(6) Pause Young (Allocation Failure) 1072M->423M(2474M) 248,032ms
[2024-08-04T21:31:01.485+0300][3,253s][info][gc] GC(7) Pause Young (Allocation Failure) 1105M->392M(2474M) 112,555ms
[2024-08-04T21:31:01.983+0300][3,752s][info][gc] GC(8) Pause Young (Allocation Failure) 1074M->528M(2474M) 369,976ms
[2024-08-04T21:31:02.380+0300][4,149s][info][gc] GC(9) Pause Young (Allocation Failure) 1211M->569M(2474M) 264,231ms
[2024-08-04T21:31:02.640+0300][4,408s][info][gc] GC(10) Pause Young (Allocation Failure) 1252M->545M(2474M) 127,500ms
[2024-08-04T21:31:03.167+0300][4,935s][info][gc] GC(11) Pause Young (Allocation Failure) 1227M->681M(2474M) 397,537ms
[2024-08-04T21:31:03.596+0300][5,364s][info][gc] GC(12) Pause Young (Allocation Failure) 1364M->728M(2474M) 298,259ms
[2024-08-04T21:31:03.875+0300][5,644s][info][gc] GC(13) Pause Young (Allocation Failure) 1411M->711M(2474M) 147,469ms
[2024-08-04T21:31:04.028+0300][5,796s][info][gc] GC(14) Pause Young (Allocation Failure) 1394M->646M(2474M) 20,107ms
[2024-08-04T21:31:04.464+0300][6,233s][info][gc] GC(15) Pause Young (Allocation Failure) 1329M->783M(2474M) 308,682ms
[2024-08-04T21:31:04.757+0300][6,525s][info][gc] GC(16) Pause Young (Allocation Failure) 1465M->772M(2474M) 160,826ms
[2024-08-04T21:31:04.923+0300][6,692s][info][gc] GC(17) Pause Young (Allocation Failure) 1455M->707M(2474M) 34,684ms
[2024-08-04T21:31:05.350+0300][7,119s][info][gc] GC(18) Pause Young (Allocation Failure) 1390M->843M(2474M) 300,024ms
[2024-08-04T21:31:05.645+0300][7,413s][info][gc] GC(19) Pause Young (Allocation Failure) 1526M->840M(2474M) 163,690ms
[2024-08-04T21:31:05.824+0300][7,593s][info][gc] GC(20) Pause Young (Allocation Failure) 1522M->775M(2474M) 47,811ms
[2024-08-04T21:31:06.260+0300][8,029s][info][gc] GC(21) Pause Young (Allocation Failure) 1457M->911M(2474M) 308,825ms
