[2024-08-04T21:32:09.718+0300][0.002s][info][gc] Using Serial
[2024-08-04T21:32:10.734+0300][1,018s][info][gc] GC(0) Pause Young (Allocation Failure) 1366M->70M(4949M) 142,892ms
[2024-08-04T21:32:11.296+0300][1,580s][info][gc] GC(1) Pause Young (Allocation Failure) 1436M->139M(4949M) 267,760ms
[2024-08-04T21:32:11.857+0300][2,141s][info][gc] GC(2) Pause Young (Allocation Failure) 1505M->211M(4949M) 294,602ms
[2024-08-04T21:32:12.211+0300][2,495s][info][gc] GC(3) Pause Young (Allocation Failure) 1576M->85M(4949M) 94,533ms
[2024-08-04T21:32:12.707+0300][2,992s][info][gc] GC(4) Pause Young (Allocation Failure) 1450M->157M(4949M) 240,448ms
[2024-08-04T21:32:13.365+0300][3,649s][info][gc] GC(5) Pause Young (Allocation Failure) 1522M->228M(4949M) 401,376ms
[2024-08-04T21:32:13.754+0300][4,038s][info][gc] GC(6) Pause Young (Allocation Failure) 1594M->116M(4949M) 129,314ms
[2024-08-04T21:32:14.264+0300][4,549s][info][gc] GC(7) Pause Young (Allocation Failure) 1481M->188M(4949M) 252,739ms
[2024-08-04T21:32:14.542+0300][4,827s][info][gc] GC(8) Pause Young (Allocation Failure) 1553M->58M(4949M) 18,851ms
[2024-08-04T21:32:14.954+0300][5,239s][info][gc] GC(9) Pause Young (Allocation Failure) 1423M->130M(4949M) 155,231ms
[2024-08-04T21:32:15.506+0300][5,790s][info][gc] GC(10) Pause Young (Allocation Failure) 1495M->201M(4949M) 295,359ms
