[2024-08-04T21:30:19.479+0300][0.004s][info][gc] Using Serial
[2024-08-04T21:30:20.048+0300][0,573s][info][gc] GC(0) Pause Young (Allocation Failure) 410M->82M(1484M) 223,170ms
[2024-08-04T21:30:20.381+0300][0,906s][info][gc] GC(1) Pause Young (Allocation Failure) 492M->168M(1484M) 251,106ms
[2024-08-04T21:30:20.526+0300][1,050s][info][gc] GC(2) Pause Young (Allocation Failure) 578M->170M(1484M) 47,520ms
[2024-08-04T21:30:20.778+0300][1,303s][info][gc] GC(3) Pause Young (Allocation Failure) 579M->252M(1484M) 175,417ms
[2024-08-04T21:30:21.132+0300][1,657s][info][gc] GC(4) Pause Young (Allocation Failure) 661M->334M(1484M) 274,613ms
[2024-08-04T21:30:21.346+0300][1,871s][info][gc] GC(5) Pause Young (Allocation Failure) 743M->344M(1484M) 134,232ms
[2024-08-04T21:30:21.708+0300][2,233s][info][gc] GC(6) Pause Young (Allocation Failure) 754M->426M(1484M) 284,980ms
[2024-08-04T21:30:21.852+0300][2,377s][info][gc] GC(7) Pause Young (Allocation Failure) 836M->399M(1484M) 59,604ms
[2024-08-04T21:30:22.142+0300][2,667s][info][gc] GC(8) Pause Young (Allocation Failure) 808M->481M(1484M) 215,381ms
[2024-08-04T21:30:22.497+0300][3,022s][info][gc] GC(9) Pause Young (Allocation Failure) 890M->563M(1484M) 279,360ms
[2024-08-04T21:30:22.732+0300][3,257s][info][gc] GC(10) Pause Young (Allocation Failure) 972M->580M(1484M) 153,053ms
[2024-08-04T21:30:23.081+0300][3,606s][info][gc] GC(11) Pause Young (Allocation Failure) 989M->662M(1484M) 271,859ms
[2024-08-04T21:30:23.230+0300][3,755s][info][gc] GC(12) Pause Young (Allocation Failure) 1071M->641M(1484M) 68,754ms
[2024-08-04T21:30:23.525+0300][4,049s][info][gc] GC(13) Pause Young (Allocation Failure) 1051M->723M(1484M) 220,721ms
[2024-08-04T21:30:23.854+0300][4,379s][info][gc] GC(14) Pause Young (Allocation Failure) 1133M->805M(1484M) 253,777ms
[2024-08-04T21:30:24.103+0300][4,628s][info][gc] GC(15) Pause Young (Allocation Failure) 1215M->829M(1484M) 171,199ms
[2024-08-04T21:30:24.445+0300][4,969s][info][gc] GC(16) Pause Young (Allocation Failure) 1239M->911M(1484M) 264,122ms
[2024-08-04T21:30:24.603+0300][5,128s][info][gc] GC(17) Pause Young (Allocation Failure) 1321M->897M(1484M) 79,986ms
[2024-08-04T21:30:24.920+0300][5,445s][info][gc] GC(18) Pause Young (Allocation Failure) 1307M->979M(1484M) 242,446ms
[2024-08-04T21:30:24.996+0300][5,521s][info][gc] GC(19) Pause Young (Allocation Failure) 1389M->1389M(1484M) 0,061ms
[2024-08-04T21:30:25.710+0300][6,235s][info][gc] GC(20) Pause Full (Allocation Failure) 1389M->268M(1484M) 713,574ms
[2024-08-04T21:30:25.957+0300][6,482s][info][gc] GC(21) Pause Young (Allocation Failure) 678M->350M(1484M) 169,385ms
[2024-08-04T21:30:26.262+0300][6,787s][info][gc] GC(22) Pause Young (Allocation Failure) 759M->432M(1484M) 231,313ms
[2024-08-04T21:30:26.432+0300][6,957s][info][gc] GC(23) Pause Young (Allocation Failure) 841M->425M(1484M) 91,561ms
[2024-08-04T21:30:26.729+0300][7,253s][info][gc] GC(24) Pause Young (Allocation Failure) 834M->507M(1484M) 222,210ms
[2024-08-04T21:30:26.830+0300][7,355s][info][gc] GC(25) Pause Young (Allocation Failure) 916M->462M(1484M) 24,740ms
[2024-08-04T21:30:27.084+0300][7,609s][info][gc] GC(26) Pause Young (Allocation Failure) 872M->544M(1484M) 179,386ms
[2024-08-04T21:30:27.392+0300][7,917s][info][gc] GC(27) Pause Young (Allocation Failure) 954M->626M(1484M) 231,660ms
[2024-08-04T21:30:27.575+0300][8,100s][info][gc] GC(28) Pause Young (Allocation Failure) 1036M->626M(1484M) 104,356ms
[2024-08-04T21:30:27.867+0300][8,392s][info][gc] GC(29) Pause Young (Allocation Failure) 1036M->708M(1484M) 217,450ms
[2024-08-04T21:30:27.981+0300][8,506s][info][gc] GC(30) Pause Young (Allocation Failure) 1118M->670M(1484M) 36,418ms
[2024-08-04T21:30:28.243+0300][8,768s][info][gc] GC(31) Pause Young (Allocation Failure) 1080M->752M(1484M) 187,761ms
[2024-08-04T21:30:28.542+0300][9,067s][info][gc] GC(32) Pause Young (Allocation Failure) 1162M->834M(1484M) 222,224ms
[2024-08-04T21:30:28.737+0300][9,262s][info][gc] GC(33) Pause Young (Allocation Failure) 1244M->841M(1484M) 116,878ms
[2024-08-04T21:30:29.030+0300][9,555s][info][gc] GC(34) Pause Young (Allocation Failure) 1250M->923M(1484M) 218,616ms
[2024-08-04T21:30:29.157+0300][9,681s][info][gc] GC(35) Pause Young (Allocation Failure) 1332M->892M(1484M) 48,786ms
[2024-08-04T21:30:29.425+0300][9,950s][info][gc] GC(36) Pause Young (Allocation Failure) 1301M->974M(1484M) 194,603ms
[2024-08-04T21:30:29.501+0300][10,026s][info][gc] GC(37) Pause Young (Allocation Failure) 1383M->1383M(1484M) 0,061ms
[2024-08-04T21:30:30.174+0300][10,699s][info][gc] GC(38) Pause Full (Allocation Failure) 1383M->251M(1484M) 673,315ms
