[2024-08-04T21:11:52.063+0300][0.002s][info][gc] Using G1
[2024-08-04T21:11:52.063+0300][0.003s][debug][gc] ConcGCThreads: 3 offset 22
[2024-08-04T21:11:52.063+0300][0.003s][debug][gc] ParallelGCThreads: 10
[2024-08-04T21:11:52.063+0300][0.003s][debug][gc] Initialize mark stack with 4096 chunks, maximum 524288
[2024-08-04T21:11:52.429+0300][0,369s][info ][gc] GC(0) Pause Young (Normal) (G1 Evacuation Pause) 329M->95M(5888M) 76,382ms
[2024-08-04T21:11:52.566+0300][0,506s][info ][gc] GC(1) Pause Young (Normal) (G1 Evacuation Pause) 363M->165M(5888M) 76,154ms
[2024-08-04T21:11:52.755+0300][0,694s][info ][gc] GC(2) Pause Young (Normal) (G1 Evacuation Pause) 441M->245M(5888M) 76,207ms
[2024-08-04T21:11:52.926+0300][0,866s][info ][gc] GC(3) Pause Young (Normal) (G1 Evacuation Pause) 533M->326M(5888M) 36,346ms
[2024-08-04T21:11:53.073+0300][1,013s][info ][gc] GC(4) Pause Young (Normal) (G1 Evacuation Pause) 578M->377M(5888M) 47,850ms
[2024-08-04T21:11:53.216+0300][1,156s][info ][gc] GC(5) Pause Young (Normal) (G1 Evacuation Pause) 629M->432M(5888M) 41,940ms
[2024-08-04T21:11:53.370+0300][1,310s][info ][gc] GC(6) Pause Young (Normal) (G1 Evacuation Pause) 684M->488M(5888M) 54,368ms
[2024-08-04T21:11:53.479+0300][1,419s][info ][gc] GC(7) Pause Young (Normal) (G1 Evacuation Pause) 740M->458M(5888M) 6,671ms
[2024-08-04T21:11:53.732+0300][1,672s][info ][gc] GC(8) Pause Young (Normal) (G1 Evacuation Pause) 862M->538M(5888M) 57,953ms
[2024-08-04T21:11:53.902+0300][1,842s][info ][gc] GC(9) Pause Young (Normal) (G1 Evacuation Pause) 838M->604M(5888M) 51,359ms
[2024-08-04T21:11:54.052+0300][1,992s][info ][gc] GC(10) Pause Young (Normal) (G1 Evacuation Pause) 944M->582M(5888M) 9,085ms
[2024-08-04T21:11:54.459+0300][2,399s][info ][gc] GC(11) Pause Young (Normal) (G1 Evacuation Pause) 1214M->708M(5888M) 82,575ms
[2024-08-04T21:11:54.672+0300][2,612s][info ][gc] GC(12) Pause Young (Normal) (G1 Evacuation Pause) 1188M->663M(5888M) 21,426ms
[2024-08-04T21:11:55.073+0300][3,013s][info ][gc] GC(13) Pause Young (Normal) (G1 Evacuation Pause) 1387M->809M(5888M) 104,175ms
[2024-08-04T21:11:55.391+0300][3,331s][info ][gc] GC(14) Pause Young (Normal) (G1 Evacuation Pause) 1461M->827M(5888M) 59,710ms
[2024-08-04T21:11:55.775+0300][3,715s][info ][gc] GC(15) Pause Young (Normal) (G1 Evacuation Pause) 1631M->807M(5888M) 48,539ms
[2024-08-04T21:11:58.304+0300][6,244s][info ][gc] GC(16) Pause Young (Normal) (G1 Evacuation Pause) 4263M->893M(5888M) 78,183ms
[2024-08-04T21:11:59.664+0300][7,604s][info ][gc] GC(17) Pause Young (Normal) (G1 Evacuation Pause) 4261M->763M(5888M) 18,455ms
