[2024-08-04T21:13:05.080+0300][0.003s][info][gc] Using G1
[2024-08-04T21:13:05.081+0300][0.004s][debug][gc] ConcGCThreads: 3 offset 22
[2024-08-04T21:13:05.081+0300][0.004s][debug][gc] ParallelGCThreads: 10
[2024-08-04T21:13:05.081+0300][0.004s][debug][gc] Initialize mark stack with 4096 chunks, maximum 524288
[2024-08-04T21:13:05.536+0300][0,459s][info ][gc] GC(0) Pause Young (Normal) (G1 Evacuation Pause) 433M->115M(7936M) 92,346ms
[2024-08-04T21:13:05.772+0300][0,695s][info ][gc] GC(1) Pause Young (Normal) (G1 Evacuation Pause) 499M->231M(7936M) 142,320ms
[2024-08-04T21:13:05.985+0300][0,908s][info ][gc] GC(2) Pause Young (Normal) (G1 Evacuation Pause) 611M->329M(7936M) 47,801ms
[2024-08-04T21:13:06.170+0300][1,093s][info ][gc] GC(3) Pause Young (Normal) (G1 Evacuation Pause) 673M->406M(7936M) 50,108ms
[2024-08-04T21:13:06.368+0300][1,291s][info ][gc] GC(4) Pause Young (Normal) (G1 Evacuation Pause) 750M->480M(7936M) 59,802ms
[2024-08-04T21:13:06.518+0300][1,441s][info ][gc] GC(5) Pause Young (Normal) (G1 Evacuation Pause) 824M->453M(7936M) 11,149ms
[2024-08-04T21:13:06.706+0300][1,629s][info ][gc] GC(6) Pause Young (Normal) (G1 Evacuation Pause) 821M->523M(7936M) 43,263ms
[2024-08-04T21:13:06.899+0300][1,822s][info ][gc] GC(7) Pause Young (Normal) (G1 Evacuation Pause) 867M->599M(7936M) 57,829ms
[2024-08-04T21:13:07.057+0300][1,980s][info ][gc] GC(8) Pause Young (Normal) (G1 Evacuation Pause) 943M->582M(7936M) 16,160ms
[2024-08-04T21:13:07.279+0300][2,202s][info ][gc] GC(9) Pause Young (Normal) (G1 Evacuation Pause) 994M->660M(7936M) 59,436ms
[2024-08-04T21:13:07.479+0300][2,402s][info ][gc] GC(10) Pause Young (Normal) (G1 Evacuation Pause) 1044M->743M(7936M) 49,537ms
[2024-08-04T21:13:07.690+0300][2,613s][info ][gc] GC(11) Pause Young (Normal) (G1 Evacuation Pause) 1167M->765M(7936M) 41,460ms
[2024-08-04T21:13:11.459+0300][6,382s][info ][gc] GC(12) Pause Young (Normal) (G1 Evacuation Pause) 5465M->715M(7936M) 12,838ms
[2024-08-04T21:13:13.431+0300][8,354s][info ][gc] GC(13) Pause Young (Normal) (G1 Evacuation Pause) 5463M->860M(7936M) 96,147ms
