[2024-08-04T21:09:40.378+0300][0.005s][info][gc] Using G1
[2024-08-04T21:09:40.379+0300][0.006s][debug][gc] ConcGCThreads: 3 offset 22
[2024-08-04T21:09:40.379+0300][0.006s][debug][gc] ParallelGCThreads: 10
[2024-08-04T21:09:40.380+0300][0.007s][debug][gc] Initialize mark stack with 4096 chunks, maximum 524288
[2024-08-04T21:09:40.577+0300][0,204s][info ][gc] GC(0) Pause Young (Normal) (G1 Evacuation Pause) 101M->30M(1792M) 25,021ms
[2024-08-04T21:09:40.632+0300][0,259s][info ][gc] GC(1) Pause Young (Normal) (G1 Evacuation Pause) 112M->51M(1792M) 36,102ms
[2024-08-04T21:09:40.691+0300][0,318s][info ][gc] GC(2) Pause Young (Normal) (G1 Evacuation Pause) 135M->75M(1792M) 23,544ms
[2024-08-04T21:09:40.753+0300][0,380s][info ][gc] GC(3) Pause Young (Normal) (G1 Evacuation Pause) 163M->102M(1792M) 24,707ms
[2024-08-04T21:09:40.820+0300][0,447s][info ][gc] GC(4) Pause Young (Normal) (G1 Evacuation Pause) 202M->124M(1792M) 21,716ms
[2024-08-04T21:09:40.897+0300][0,524s][info ][gc] GC(5) Pause Young (Normal) (G1 Evacuation Pause) 245M->163M(1792M) 25,891ms
[2024-08-04T21:09:41.028+0300][0,655s][info ][gc] GC(6) Pause Young (Normal) (G1 Evacuation Pause) 340M->219M(1792M) 41,881ms
[2024-08-04T21:09:41.146+0300][0,773s][info ][gc] GC(7) Pause Young (Normal) (G1 Evacuation Pause) 394M->256M(1792M) 44,425ms
[2024-08-04T21:09:41.278+0300][0,905s][info ][gc] GC(8) Pause Young (Normal) (G1 Evacuation Pause) 464M->318M(1792M) 30,655ms
[2024-08-04T21:09:41.462+0300][1,089s][info ][gc] GC(9) Pause Young (Normal) (G1 Evacuation Pause) 586M->373M(1792M) 41,654ms
[2024-08-04T21:09:41.647+0300][1,274s][info ][gc] GC(10) Pause Young (Normal) (G1 Evacuation Pause) 674M->435M(1792M) 58,688ms
[2024-08-04T21:09:41.845+0300][1,473s][info ][gc] GC(11) Pause Young (Normal) (G1 Evacuation Pause) 771M->504M(1792M) 64,515ms
[2024-08-04T21:09:42.041+0300][1,668s][info ][gc] GC(12) Pause Young (Normal) (G1 Evacuation Pause) 886M->516M(1792M) 39,652ms
[2024-08-04T21:09:42.743+0300][2,370s][info ][gc] GC(13) Pause Young (Normal) (G1 Evacuation Pause) 1537M->524M(1792M) 45,394ms
[2024-08-04T21:09:43.189+0300][2,816s][info ][gc] GC(14) Pause Young (Normal) (G1 Evacuation Pause) 1536M->525M(1792M) 42,733ms
[2024-08-04T21:09:43.634+0300][3,261s][info ][gc] GC(15) Pause Young (Normal) (G1 Evacuation Pause) 1537M->525M(1792M) 41,395ms
[2024-08-04T21:09:44.077+0300][3,704s][info ][gc] GC(16) Pause Young (Normal) (G1 Evacuation Pause) 1537M->527M(1792M) 38,435ms
[2024-08-04T21:09:44.523+0300][4,150s][info ][gc] GC(17) Pause Young (Normal) (G1 Evacuation Pause) 1537M->527M(1792M) 40,503ms
[2024-08-04T21:09:44.964+0300][4,591s][info ][gc] GC(18) Pause Young (Normal) (G1 Evacuation Pause) 1537M->527M(1792M) 37,858ms
[2024-08-04T21:09:45.414+0300][5,041s][info ][gc] GC(19) Pause Young (Normal) (G1 Evacuation Pause) 1537M->528M(1792M) 41,662ms
[2024-08-04T21:09:45.862+0300][5,489s][info ][gc] GC(20) Pause Young (Normal) (G1 Evacuation Pause) 1536M->527M(1792M) 46,079ms
[2024-08-04T21:09:46.311+0300][5,938s][info ][gc] GC(21) Pause Young (Normal) (G1 Evacuation Pause) 1536M->527M(1792M) 46,166ms
[2024-08-04T21:09:46.760+0300][6,387s][info ][gc] GC(22) Pause Young (Normal) (G1 Evacuation Pause) 1537M->527M(1792M) 46,442ms
[2024-08-04T21:09:47.205+0300][6,832s][info ][gc] GC(23) Pause Young (Normal) (G1 Evacuation Pause) 1536M->528M(1792M) 42,559ms
[2024-08-04T21:09:47.651+0300][7,278s][info ][gc] GC(24) Pause Young (Normal) (G1 Evacuation Pause) 1536M->527M(1792M) 41,599ms
