[2024-08-04T21:11:01.120+0300][0.003s][info][gc] Using G1
[2024-08-04T21:11:01.120+0300][0.004s][debug][gc] ConcGCThreads: 3 offset 22
[2024-08-04T21:11:01.120+0300][0.004s][debug][gc] ParallelGCThreads: 10
[2024-08-04T21:11:01.120+0300][0.004s][debug][gc] Initialize mark stack with 4096 chunks, maximum 524288
[2024-08-04T21:11:01.425+0300][0,309s][info ][gc] GC(0) Pause Young (Normal) (G1 Evacuation Pause) 241M->68M(4352M) 51,527ms
[2024-08-04T21:11:01.532+0300][0,415s][info ][gc] GC(1) Pause Young (Normal) (G1 Evacuation Pause) 268M->121M(4352M) 56,681ms
[2024-08-04T21:11:01.675+0300][0,558s][info ][gc] GC(2) Pause Young (Normal) (G1 Evacuation Pause) 325M->178M(4352M) 58,857ms
[2024-08-04T21:11:01.813+0300][0,696s][info ][gc] GC(3) Pause Young (Normal) (G1 Evacuation Pause) 390M->245M(4352M) 50,378ms
[2024-08-04T21:11:01.971+0300][0,855s][info ][gc] GC(4) Pause Young (Normal) (G1 Evacuation Pause) 469M->322M(4352M) 59,786ms
[2024-08-04T21:11:02.087+0300][0,970s][info ][gc] GC(5) Pause Young (Normal) (G1 Evacuation Pause) 510M->354M(4352M) 31,973ms
[2024-08-04T21:11:02.198+0300][1,081s][info ][gc] GC(6) Pause Young (Normal) (G1 Evacuation Pause) 542M->394M(4352M) 36,838ms
[2024-08-04T21:11:02.326+0300][1,210s][info ][gc] GC(7) Pause Young (Normal) (G1 Evacuation Pause) 606M->441M(4352M) 42,472ms
[2024-08-04T21:11:02.496+0300][1,379s][info ][gc] GC(8) Pause Young (Normal) (G1 Evacuation Pause) 709M->501M(4352M) 51,801ms
[2024-08-04T21:11:02.631+0300][1,514s][info ][gc] GC(9) Pause Young (Normal) (G1 Evacuation Pause) 773M->478M(4352M) 11,850ms
[2024-08-04T21:11:04.684+0300][3,567s][info ][gc] GC(10) Pause Young (Normal) (G1 Evacuation Pause) 3066M->597M(4352M) 81,267ms
[2024-08-04T21:11:04.845+0300][3,729s][info ][gc] GC(11) Pause Young (Normal) (G1 Evacuation Pause) 981M->481M(4352M) 7,115ms
[2024-08-04T21:11:05.277+0300][4,160s][info ][gc] GC(12) Pause Young (Normal) (G1 Evacuation Pause) 1537M->477M(4352M) 12,862ms
[2024-08-04T21:11:06.375+0300][5,258s][info ][gc] GC(13) Pause Young (Normal) (G1 Evacuation Pause) 3065M->595M(4352M) 77,471ms
[2024-08-04T21:11:07.368+0300][6,251s][info ][gc] GC(14) Pause Young (Normal) (G1 Evacuation Pause) 3067M->489M(4352M) 15,734ms
[2024-08-04T21:11:08.468+0300][7,351s][info ][gc] GC(15) Pause Young (Normal) (G1 Evacuation Pause) 3069M->600M(4352M) 80,816ms
