[2024-08-04T21:12:09.690+0300][0.002s][info][gc] Using G1
[2024-08-04T21:12:09.691+0300][0.003s][debug][gc] ConcGCThreads: 3 offset 22
[2024-08-04T21:12:09.691+0300][0.003s][debug][gc] ParallelGCThreads: 10
[2024-08-04T21:12:09.691+0300][0.003s][debug][gc] Initialize mark stack with 4096 chunks, maximum 524288
[2024-08-04T21:12:10.075+0300][0,387s][info ][gc] GC(0) Pause Young (Normal) (G1 Evacuation Pause) 357M->100M(6400M) 72,725ms
[2024-08-04T21:12:10.239+0300][0,552s][info ][gc] GC(1) Pause Young (Normal) (G1 Evacuation Pause) 396M->176M(6400M) 99,104ms
[2024-08-04T21:12:10.431+0300][0,744s][info ][gc] GC(2) Pause Young (Normal) (G1 Evacuation Pause) 480M->261M(6400M) 69,210ms
[2024-08-04T21:12:10.629+0300][0,941s][info ][gc] GC(3) Pause Young (Normal) (G1 Evacuation Pause) 577M->344M(6400M) 51,185ms
[2024-08-04T21:12:10.794+0300][1,106s][info ][gc] GC(4) Pause Young (Normal) (G1 Evacuation Pause) 624M->405M(6400M) 54,678ms
[2024-08-04T21:12:10.960+0300][1,272s][info ][gc] GC(5) Pause Young (Normal) (G1 Evacuation Pause) 685M->466M(6400M) 52,898ms
[2024-08-04T21:12:11.127+0300][1,439s][info ][gc] GC(6) Pause Young (Normal) (G1 Evacuation Pause) 746M->528M(6400M) 56,859ms
[2024-08-04T21:12:11.272+0300][1,585s][info ][gc] GC(7) Pause Young (Normal) (G1 Evacuation Pause) 808M->543M(6400M) 31,881ms
[2024-08-04T21:12:11.438+0300][1,750s][info ][gc] GC(8) Pause Young (Normal) (G1 Evacuation Pause) 823M->603M(6400M) 55,387ms
[2024-08-04T21:12:11.608+0300][1,920s][info ][gc] GC(9) Pause Young (Normal) (G1 Evacuation Pause) 899M->668M(6400M) 53,184ms
[2024-08-04T21:12:11.809+0300][2,121s][info ][gc] GC(10) Pause Young (Normal) (G1 Evacuation Pause) 1044M->668M(6400M) 26,419ms
[2024-08-04T21:12:14.850+0300][5,163s][info ][gc] GC(11) Pause Young (Normal) (G1 Evacuation Pause) 4464M->824M(6400M) 125,827ms
[2024-08-04T21:12:15.090+0300][5,403s][info ][gc] GC(12) Pause Young (Normal) (G1 Evacuation Pause) 1316M->718M(6400M) 40,824ms
[2024-08-04T21:12:15.372+0300][5,685s][info ][gc] GC(13) Pause Young (Normal) (G1 Evacuation Pause) 1382M->661M(6400M) 16,307ms
[2024-08-04T21:12:17.003+0300][7,316s][info ][gc] GC(14) Pause Young (Normal) (G1 Evacuation Pause) 4469M->819M(6400M) 102,870ms
