[2024-08-04T21:10:20.471+0300][0.002s][info][gc] Using G1
[2024-08-04T21:10:20.472+0300][0.003s][debug][gc] ConcGCThreads: 3 offset 22
[2024-08-04T21:10:20.472+0300][0.003s][debug][gc] ParallelGCThreads: 10
[2024-08-04T21:10:20.472+0300][0.003s][debug][gc] Initialize mark stack with 4096 chunks, maximum 524288
[2024-08-04T21:10:20.705+0300][0,235s][info ][gc] GC(0) Pause Young (Normal) (G1 Evacuation Pause) 169M->47M(3072M) 34,850ms
[2024-08-04T21:10:20.801+0300][0,332s][info ][gc] GC(1) Pause Young (Normal) (G1 Evacuation Pause) 187M->82M(3072M) 64,921ms
[2024-08-04T21:10:20.903+0300][0,433s][info ][gc] GC(2) Pause Young (Normal) (G1 Evacuation Pause) 226M->123M(3072M) 43,580ms
[2024-08-04T21:10:21.000+0300][0,531s][info ][gc] GC(3) Pause Young (Normal) (G1 Evacuation Pause) 271M->170M(3072M) 36,658ms
[2024-08-04T21:10:21.103+0300][0,634s][info ][gc] GC(4) Pause Young (Normal) (G1 Evacuation Pause) 326M->222M(3072M) 37,996ms
[2024-08-04T21:10:21.187+0300][0,718s][info ][gc] GC(5) Pause Young (Normal) (G1 Evacuation Pause) 354M->252M(3072M) 31,564ms
[2024-08-04T21:10:21.334+0300][0,865s][info ][gc] GC(6) Pause Young (Normal) (G1 Evacuation Pause) 462M->326M(3072M) 49,968ms
[2024-08-04T21:10:21.469+0300][1,000s][info ][gc] GC(7) Pause Young (Normal) (G1 Evacuation Pause) 516M->360M(3072M) 38,857ms
[2024-08-04T21:10:22.237+0300][1,768s][info ][gc] GC(8) Pause Young (Normal) (G1 Evacuation Pause) 1378M->369M(3072M) 31,455ms
[2024-08-04T21:10:23.393+0300][2,924s][info ][gc] GC(9) Pause Young (Normal) (G1 Evacuation Pause) 2173M->531M(3072M) 123,268ms
[2024-08-04T21:10:23.680+0300][3,210s][info ][gc] GC(10) Pause Young (Normal) (G1 Evacuation Pause) 1123M->443M(3072M) 51,645ms
[2024-08-04T21:10:24.009+0300][3,540s][info ][gc] GC(11) Pause Young (Normal) (G1 Evacuation Pause) 1183M->404M(3072M) 36,658ms
[2024-08-04T21:10:24.728+0300][4,259s][info ][gc] GC(12) Pause Young (Normal) (G1 Evacuation Pause) 2184M->356M(3072M) 14,685ms
[2024-08-04T21:10:25.547+0300][5,078s][info ][gc] GC(13) Pause Young (Normal) (G1 Evacuation Pause) 2184M->521M(3072M) 101,151ms
[2024-08-04T21:10:26.262+0300][5,793s][info ][gc] GC(14) Pause Young (Normal) (G1 Evacuation Pause) 2185M->450M(3072M) 58,167ms
[2024-08-04T21:10:26.985+0300][6,516s][info ][gc] GC(15) Pause Young (Normal) (G1 Evacuation Pause) 2184M->395M(3072M) 33,349ms
[2024-08-04T21:10:27.701+0300][7,232s][info ][gc] GC(16) Pause Young (Normal) (G1 Evacuation Pause) 2185M->351M(3072M) 8,962ms
