[2024-08-04T21:11:26.244+0300][0.005s][info][gc] Using G1
[2024-08-04T21:11:26.245+0300][0.007s][debug][gc] ConcGCThreads: 3 offset 22
[2024-08-04T21:11:26.245+0300][0.007s][debug][gc] ParallelGCThreads: 10
[2024-08-04T21:11:26.245+0300][0.007s][debug][gc] Initialize mark stack with 4096 chunks, maximum 524288
[2024-08-04T21:11:26.565+0300][0,327s][info ][gc] GC(0) Pause Young (Normal) (G1 Evacuation Pause) 281M->75M(5120M) 57,065ms
[2024-08-04T21:11:26.681+0300][0,443s][info ][gc] GC(1) Pause Young (Normal) (G1 Evacuation Pause) 327M->152M(5120M) 56,263ms
[2024-08-04T21:11:26.862+0300][0,624s][info ][gc] GC(2) Pause Young (Normal) (G1 Evacuation Pause) 400M->224M(5120M) 79,595ms
[2024-08-04T21:11:26.987+0300][0,749s][info ][gc] GC(3) Pause Young (Normal) (G1 Evacuation Pause) 448M->273M(5120M) 36,490ms
[2024-08-04T21:11:27.139+0300][0,901s][info ][gc] GC(4) Pause Young (Normal) (G1 Evacuation Pause) 533M->347M(5120M) 33,969ms
[2024-08-04T21:11:27.266+0300][1,027s][info ][gc] GC(5) Pause Young (Normal) (G1 Evacuation Pause) 571M->396M(5120M) 37,789ms
[2024-08-04T21:11:27.400+0300][1,162s][info ][gc] GC(6) Pause Young (Normal) (G1 Evacuation Pause) 620M->446M(5120M) 43,606ms
[2024-08-04T21:11:27.533+0300][1,294s][info ][gc] GC(7) Pause Young (Normal) (G1 Evacuation Pause) 670M->494M(5120M) 39,272ms
[2024-08-04T21:11:27.650+0300][1,412s][info ][gc] GC(8) Pause Young (Normal) (G1 Evacuation Pause) 754M->477M(5120M) 10,507ms
[2024-08-04T21:11:30.037+0300][3,799s][info ][gc] GC(9) Pause Young (Normal) (G1 Evacuation Pause) 3533M->483M(5120M) 20,756ms
[2024-08-04T21:11:31.264+0300][5,026s][info ][gc] GC(10) Pause Young (Normal) (G1 Evacuation Pause) 3531M->489M(5120M) 20,743ms
[2024-08-04T21:11:32.491+0300][6,252s][info ][gc] GC(11) Pause Young (Normal) (G1 Evacuation Pause) 3533M->493M(5120M) 24,419ms
[2024-08-04T21:11:33.718+0300][7,479s][info ][gc] GC(12) Pause Young (Normal) (G1 Evacuation Pause) 3533M->497M(5120M) 25,463ms
