[2024-08-04T21:12:46.168+0300][0.005s][info][gc] Using G1
[2024-08-04T21:12:46.169+0300][0.007s][debug][gc] ConcGCThreads: 3 offset 22
[2024-08-04T21:12:46.169+0300][0.007s][debug][gc] ParallelGCThreads: 10
[2024-08-04T21:12:46.170+0300][0.007s][debug][gc] Initialize mark stack with 4096 chunks, maximum 524288
[2024-08-04T21:12:46.617+0300][0,455s][info ][gc] GC(0) Pause Young (Normal) (G1 Evacuation Pause) 405M->110M(7424M) 86,993ms
[2024-08-04T21:12:46.790+0300][0,627s][info ][gc] GC(1) Pause Young (Normal) (G1 Evacuation Pause) 470M->219M(7424M) 77,447ms
[2024-08-04T21:12:47.015+0300][0,853s][info ][gc] GC(2) Pause Young (Normal) (G1 Evacuation Pause) 575M->327M(7424M) 81,517ms
[2024-08-04T21:12:47.209+0300][1,047s][info ][gc] GC(3) Pause Young (Normal) (G1 Evacuation Pause) 647M->396M(7424M) 56,017ms
[2024-08-04T21:12:47.401+0300][1,238s][info ][gc] GC(4) Pause Young (Normal) (G1 Evacuation Pause) 716M->468M(7424M) 62,900ms
[2024-08-04T21:12:47.571+0300][1,409s][info ][gc] GC(5) Pause Young (Normal) (G1 Evacuation Pause) 788M->540M(7424M) 44,116ms
[2024-08-04T21:12:47.726+0300][1,564s][info ][gc] GC(6) Pause Young (Normal) (G1 Evacuation Pause) 860M->552M(7424M) 26,713ms
[2024-08-04T21:12:47.912+0300][1,749s][info ][gc] GC(7) Pause Young (Normal) (G1 Evacuation Pause) 872M->620M(7424M) 59,640ms
[2024-08-04T21:12:48.099+0300][1,936s][info ][gc] GC(8) Pause Young (Normal) (G1 Evacuation Pause) 940M->689M(7424M) 60,783ms
[2024-08-04T21:12:48.255+0300][2,093s][info ][gc] GC(9) Pause Young (Normal) (G1 Evacuation Pause) 1009M->686M(7424M) 24,138ms
[2024-08-04T21:12:48.523+0300][2,361s][info ][gc] GC(10) Pause Young (Normal) (G1 Evacuation Pause) 1126M->776M(7424M) 65,225ms
[2024-08-04T21:12:48.705+0300][2,543s][info ][gc] GC(11) Pause Young (Normal) (G1 Evacuation Pause) 1200M->732M(7424M) 12,266ms
[2024-08-04T21:12:49.140+0300][2,978s][info ][gc] GC(12) Pause Young (Normal) (G1 Evacuation Pause) 1428M->870M(7424M) 93,881ms
[2024-08-04T21:12:49.393+0300][3,231s][info ][gc] GC(13) Pause Young (Normal) (G1 Evacuation Pause) 1414M->846M(7424M) 36,496ms
[2024-08-04T21:12:49.702+0300][3,539s][info ][gc] GC(14) Pause Young (Normal) (G1 Evacuation Pause) 1590M->793M(7424M) 11,020ms
[2024-08-04T21:12:53.172+0300][7,009s][info ][gc] GC(15) Pause Young (Normal) (G1 Evacuation Pause) 5229M->871M(7424M) 66,199ms
[2024-08-04T21:12:54.969+0300][8,806s][info ][gc] GC(16) Pause Young (Normal) (G1 Evacuation Pause) 5227M->942M(7424M) 74,531ms
