[2024-08-04T21:10:12.377+0300][0.005s][info][gc] Using G1
[2024-08-04T21:10:12.378+0300][0.006s][debug][gc] ConcGCThreads: 3 offset 22
[2024-08-04T21:10:12.378+0300][0.006s][debug][gc] ParallelGCThreads: 10
[2024-08-04T21:10:12.379+0300][0.007s][debug][gc] Initialize mark stack with 4096 chunks, maximum 524288
[2024-08-04T21:10:12.630+0300][0,258s][info ][gc] GC(0) Pause Young (Normal) (G1 Evacuation Pause) 157M->44M(2816M) 31,624ms
[2024-08-04T21:10:12.692+0300][0,320s][info ][gc] GC(1) Pause Young (Normal) (G1 Evacuation Pause) 174M->79M(2816M) 30,573ms
[2024-08-04T21:10:12.773+0300][0,401s][info ][gc] GC(2) Pause Young (Normal) (G1 Evacuation Pause) 213M->117M(2816M) 26,804ms
[2024-08-04T21:10:12.857+0300][0,485s][info ][gc] GC(3) Pause Young (Normal) (G1 Evacuation Pause) 255M->161M(2816M) 27,025ms
[2024-08-04T21:10:12.929+0300][0,557s][info ][gc] GC(4) Pause Young (Normal) (G1 Evacuation Pause) 283M->188M(2816M) 23,664ms
[2024-08-04T21:10:13.023+0300][0,651s][info ][gc] GC(5) Pause Young (Normal) (G1 Evacuation Pause) 334M->240M(2816M) 33,087ms
[2024-08-04T21:10:13.153+0300][0,781s][info ][gc] GC(6) Pause Young (Normal) (G1 Evacuation Pause) 430M->282M(2816M) 32,330ms
[2024-08-04T21:10:13.265+0300][0,893s][info ][gc] GC(7) Pause Young (Normal) (G1 Evacuation Pause) 464M->339M(2816M) 26,945ms
[2024-08-04T21:10:13.423+0300][1,051s][info ][gc] GC(8) Pause Young (Normal) (G1 Evacuation Pause) 595M->391M(2816M) 40,117ms
[2024-08-04T21:10:13.583+0300][1,211s][info ][gc] GC(9) Pause Young (Normal) (G1 Evacuation Pause) 661M->449M(2816M) 51,611ms
[2024-08-04T21:10:13.750+0300][1,378s][info ][gc] GC(10) Pause Young (Normal) (G1 Evacuation Pause) 753M->514M(2816M) 46,722ms
[2024-08-04T21:10:13.938+0300][1,566s][info ][gc] GC(11) Pause Young (Normal) (G1 Evacuation Pause) 874M->528M(2816M) 31,784ms
[2024-08-04T21:10:15.203+0300][2,831s][info ][gc] GC(12) Pause Young (Normal) (G1 Evacuation Pause) 2164M->656M(2816M) 104,390ms
[2024-08-04T21:10:15.461+0300][3,089s][info ][gc] GC(13) Pause Young (Normal) (G1 Evacuation Pause) 1194M->561M(2816M) 42,499ms
[2024-08-04T21:10:15.787+0300][3,415s][info ][gc] GC(14) Pause Young (Normal) (G1 Evacuation Pause) 1321M->513M(2816M) 23,446ms
[2024-08-04T21:10:16.526+0300][4,154s][info ][gc] GC(15) Pause Young (Normal) (G1 Evacuation Pause) 2163M->643M(2816M) 88,619ms
[2024-08-04T21:10:17.170+0300][4,798s][info ][gc] GC(16) Pause Young (Normal) (G1 Evacuation Pause) 2163M->544M(2816M) 42,065ms
[2024-08-04T21:10:17.915+0300][5,543s][info ][gc] GC(17) Pause Young (Normal) (G1 Evacuation Pause) 2164M->664M(2816M) 105,686ms
[2024-08-04T21:10:18.554+0300][6,182s][info ][gc] GC(18) Pause Young (Normal) (G1 Evacuation Pause) 2164M->561M(2816M) 43,425ms
[2024-08-04T21:10:19.284+0300][6,912s][info ][gc] GC(19) Pause Young (Normal) (G1 Evacuation Pause) 2163M->679M(2816M) 97,566ms
[2024-08-04T21:10:19.929+0300][7,557s][info ][gc] GC(20) Pause Young (Normal) (G1 Evacuation Pause) 2163M->575M(2816M) 57,245ms
