[2024-08-04T21:10:28.399+0300][0.002s][info][gc] Using G1
[2024-08-04T21:10:28.400+0300][0.003s][debug][gc] ConcGCThreads: 3 offset 22
[2024-08-04T21:10:28.400+0300][0.003s][debug][gc] ParallelGCThreads: 10
[2024-08-04T21:10:28.400+0300][0.003s][debug][gc] Initialize mark stack with 4096 chunks, maximum 524288
[2024-08-04T21:10:28.645+0300][0,249s][info ][gc] GC(0) Pause Young (Normal) (G1 Evacuation Pause) 183M->50M(3328M) 35,676ms
[2024-08-04T21:10:28.739+0300][0,342s][info ][gc] GC(1) Pause Young (Normal) (G1 Evacuation Pause) 214M->101M(3328M) 53,904ms
[2024-08-04T21:10:28.868+0300][0,471s][info ][gc] GC(2) Pause Young (Normal) (G1 Evacuation Pause) 261M->148M(3328M) 63,196ms
[2024-08-04T21:10:28.962+0300][0,566s][info ][gc] GC(3) Pause Young (Normal) (G1 Evacuation Pause) 292M->180M(3328M) 37,154ms
[2024-08-04T21:10:29.071+0300][0,675s][info ][gc] GC(4) Pause Young (Normal) (G1 Evacuation Pause) 348M->236M(3328M) 39,669ms
[2024-08-04T21:10:29.159+0300][0,762s][info ][gc] GC(5) Pause Young (Normal) (G1 Evacuation Pause) 380M->268M(3328M) 30,361ms
[2024-08-04T21:10:29.270+0300][0,873s][info ][gc] GC(6) Pause Young (Normal) (G1 Evacuation Pause) 448M->325M(3328M) 21,467ms
[2024-08-04T21:10:29.451+0300][1,054s][info ][gc] GC(7) Pause Young (Normal) (G1 Evacuation Pause) 575M->376M(3328M) 43,390ms
[2024-08-04T21:10:29.592+0300][1,195s][info ][gc] GC(8) Pause Young (Normal) (G1 Evacuation Pause) 614M->426M(3328M) 47,658ms
[2024-08-04T21:10:29.747+0300][1,350s][info ][gc] GC(9) Pause Young (Normal) (G1 Evacuation Pause) 682M->480M(3328M) 50,870ms
[2024-08-04T21:10:29.893+0300][1,497s][info ][gc] GC(10) Pause Young (Normal) (G1 Evacuation Pause) 790M->459M(3328M) 12,477ms
[2024-08-04T21:10:31.374+0300][2,978s][info ][gc] GC(11) Pause Young (Normal) (G1 Evacuation Pause) 2437M->448M(3328M) 11,892ms
[2024-08-04T21:10:32.279+0300][3,882s][info ][gc] GC(12) Pause Young (Normal) (G1 Evacuation Pause) 2438M->648M(3328M) 116,757ms
[2024-08-04T21:10:33.069+0300][4,673s][info ][gc] GC(13) Pause Young (Normal) (G1 Evacuation Pause) 2438M->602M(3328M) 83,851ms
[2024-08-04T21:10:33.864+0300][5,467s][info ][gc] GC(14) Pause Young (Normal) (G1 Evacuation Pause) 2438M->567M(3328M) 69,667ms
[2024-08-04T21:10:34.660+0300][6,264s][info ][gc] GC(15) Pause Young (Normal) (G1 Evacuation Pause) 2437M->537M(3328M) 56,801ms
[2024-08-04T21:10:35.454+0300][7,057s][info ][gc] GC(16) Pause Young (Normal) (G1 Evacuation Pause) 2437M->514M(3328M) 41,686ms
