[2024-08-04T21:11:43.350+0300][0.005s][info][gc] Using G1
[2024-08-04T21:11:43.351+0300][0.006s][debug][gc] ConcGCThreads: 3 offset 22
[2024-08-04T21:11:43.351+0300][0.006s][debug][gc] ParallelGCThreads: 10
[2024-08-04T21:11:43.351+0300][0.007s][debug][gc] Initialize mark stack with 4096 chunks, maximum 524288
[2024-08-04T21:11:43.695+0300][0,350s][info ][gc] GC(0) Pause Young (Normal) (G1 Evacuation Pause) 305M->81M(5632M) 62,258ms
[2024-08-04T21:11:43.853+0300][0,508s][info ][gc] GC(1) Pause Young (Normal) (G1 Evacuation Pause) 353M->160M(5632M) 94,365ms
[2024-08-04T21:11:44.009+0300][0,664s][info ][gc] GC(2) Pause Young (Normal) (G1 Evacuation Pause) 428M->240M(5632M) 47,835ms
[2024-08-04T21:11:44.206+0300][0,861s][info ][gc] GC(3) Pause Young (Normal) (G1 Evacuation Pause) 520M->329M(5632M) 82,640ms
[2024-08-04T21:11:44.345+0300][1,000s][info ][gc] GC(4) Pause Young (Normal) (G1 Evacuation Pause) 573M->382M(5632M) 31,146ms
[2024-08-04T21:11:44.489+0300][1,145s][info ][gc] GC(5) Pause Young (Normal) (G1 Evacuation Pause) 626M->437M(5632M) 48,523ms
[2024-08-04T21:11:44.632+0300][1,287s][info ][gc] GC(6) Pause Young (Normal) (G1 Evacuation Pause) 681M->492M(5632M) 44,588ms
[2024-08-04T21:11:44.770+0300][1,425s][info ][gc] GC(7) Pause Young (Normal) (G1 Evacuation Pause) 736M->546M(5632M) 41,938ms
[2024-08-04T21:11:44.894+0300][1,550s][info ][gc] GC(8) Pause Young (Normal) (G1 Evacuation Pause) 794M->557M(5632M) 23,430ms
[2024-08-04T21:11:45.124+0300][1,779s][info ][gc] GC(9) Pause Young (Normal) (G1 Evacuation Pause) 909M->630M(5632M) 63,099ms
[2024-08-04T21:11:45.321+0300][1,976s][info ][gc] GC(10) Pause Young (Normal) (G1 Evacuation Pause) 974M->708M(5632M) 61,462ms
[2024-08-04T21:11:45.504+0300][2,160s][info ][gc] GC(11) Pause Young (Normal) (G1 Evacuation Pause) 1076M->716M(5632M) 31,503ms
[2024-08-04T21:11:48.124+0300][4,780s][info ][gc] GC(12) Pause Young (Normal) (G1 Evacuation Pause) 4036M->780M(5632M) 63,666ms
[2024-08-04T21:11:48.351+0300][5,006s][info ][gc] GC(13) Pause Young (Normal) (G1 Evacuation Pause) 1312M->689M(5632M) 12,652ms
[2024-08-04T21:11:49.733+0300][6,388s][info ][gc] GC(14) Pause Young (Normal) (G1 Evacuation Pause) 4037M->752M(5632M) 53,710ms
[2024-08-04T21:11:51.109+0300][7,765s][info ][gc] GC(15) Pause Young (Normal) (G1 Evacuation Pause) 4036M->804M(5632M) 78,863ms
