[2024-08-04T21:09:56.481+0300][0.005s][info][gc] Using G1
[2024-08-04T21:09:56.482+0300][0.006s][debug][gc] ConcGCThreads: 3 offset 22
[2024-08-04T21:09:56.483+0300][0.006s][debug][gc] ParallelGCThreads: 10
[2024-08-04T21:09:56.483+0300][0.007s][debug][gc] Initialize mark stack with 4096 chunks, maximum 524288
[2024-08-04T21:09:56.702+0300][0,226s][info ][gc] GC(0) Pause Young (Normal) (G1 Evacuation Pause) 125M->33M(2304M) 24,654ms
[2024-08-04T21:09:56.767+0300][0,291s][info ][gc] GC(1) Pause Young (Normal) (G1 Evacuation Pause) 145M->69M(2304M) 36,778ms
[2024-08-04T21:09:56.844+0300][0,368s][info ][gc] GC(2) Pause Young (Normal) (G1 Evacuation Pause) 179M->102M(2304M) 32,184ms
[2024-08-04T21:09:56.904+0300][0,428s][info ][gc] GC(3) Pause Young (Normal) (G1 Evacuation Pause) 200M->124M(2304M) 21,243ms
[2024-08-04T21:09:56.979+0300][0,503s][info ][gc] GC(4) Pause Young (Normal) (G1 Evacuation Pause) 238M->161M(2304M) 27,762ms
[2024-08-04T21:09:57.102+0300][0,625s][info ][gc] GC(5) Pause Young (Normal) (G1 Evacuation Pause) 325M->217M(2304M) 41,133ms
[2024-08-04T21:09:57.203+0300][0,727s][info ][gc] GC(6) Pause Young (Normal) (G1 Evacuation Pause) 367M->250M(2304M) 41,824ms
[2024-08-04T21:09:57.353+0300][0,877s][info ][gc] GC(7) Pause Young (Normal) (G1 Evacuation Pause) 466M->325M(2304M) 56,898ms
[2024-08-04T21:09:57.492+0300][1,015s][info ][gc] GC(8) Pause Young (Normal) (G1 Evacuation Pause) 531M->363M(2304M) 38,105ms
[2024-08-04T21:09:58.569+0300][2,093s][info ][gc] GC(9) Pause Young (Normal) (G1 Evacuation Pause) 1715M->440M(2304M) 79,806ms
[2024-08-04T21:09:58.771+0300][2,295s][info ][gc] GC(10) Pause Young (Normal) (G1 Evacuation Pause) 738M->499M(2304M) 85,344ms
[2024-08-04T21:09:58.924+0300][2,448s][info ][gc] GC(11) Pause Young (Normal) (G1 Evacuation Pause) 821M->477M(2304M) 19,041ms
[2024-08-04T21:09:59.322+0300][2,846s][info ][gc] GC(12) Pause Young (Normal) (G1 Evacuation Pause) 1235M->627M(2304M) 100,741ms
[2024-08-04T21:09:59.506+0300][3,030s][info ][gc] GC(13) Pause Young (Normal) (G1 Evacuation Pause) 1009M->583M(2304M) 31,110ms
[2024-08-04T21:09:59.925+0300][3,449s][info ][gc] GC(14) Pause Young (Normal) (G1 Evacuation Pause) 1563M->577M(2304M) 30,993ms
[2024-08-04T21:10:00.528+0300][4,052s][info ][gc] GC(15) Pause Young (Normal) (G1 Evacuation Pause) 1909M->642M(2304M) 72,596ms
[2024-08-04T21:10:01.119+0300][4,642s][info ][gc] GC(16) Pause Young (Normal) (G1 Evacuation Pause) 1908M->692M(2304M) 91,201ms
[2024-08-04T21:10:01.608+0300][5,132s][info ][gc] GC(17) Pause Young (Normal) (G1 Evacuation Pause) 1908M->536M(2304M) 7,510ms
[2024-08-04T21:10:02.196+0300][5,720s][info ][gc] GC(18) Pause Young (Normal) (G1 Evacuation Pause) 1908M->607M(2304M) 46,765ms
[2024-08-04T21:10:02.793+0300][6,317s][info ][gc] GC(19) Pause Young (Normal) (G1 Evacuation Pause) 1909M->666M(2304M) 76,542ms
[2024-08-04T21:10:03.376+0300][6,900s][info ][gc] GC(20) Pause Young (Normal) (G1 Evacuation Pause) 1908M->709M(2304M) 91,184ms
[2024-08-04T21:10:03.873+0300][7,397s][info ][gc] GC(21) Pause Young (Normal) (G1 Evacuation Pause) 1917M->559M(2304M) 16,548ms
