[2024-08-04T21:10:52.746+0300][0.003s][info][gc] Using G1
[2024-08-04T21:10:52.747+0300][0.003s][debug][gc] ConcGCThreads: 3 offset 22
[2024-08-04T21:10:52.747+0300][0.003s][debug][gc] ParallelGCThreads: 10
[2024-08-04T21:10:52.747+0300][0.004s][debug][gc] Initialize mark stack with 4096 chunks, maximum 524288
[2024-08-04T21:10:53.064+0300][0,321s][info ][gc] GC(0) Pause Young (Normal) (G1 Evacuation Pause) 229M->65M(4096M) 76,733ms
[2024-08-04T21:10:53.183+0300][0,439s][info ][gc] GC(1) Pause Young (Normal) (G1 Evacuation Pause) 255M->116M(4096M) 75,989ms
[2024-08-04T21:10:53.300+0300][0,556s][info ][gc] GC(2) Pause Young (Normal) (G1 Evacuation Pause) 310M->172M(4096M) 38,270ms
[2024-08-04T21:10:53.431+0300][0,688s][info ][gc] GC(3) Pause Young (Normal) (G1 Evacuation Pause) 374M->235M(4096M) 48,506ms
[2024-08-04T21:10:53.534+0300][0,791s][info ][gc] GC(4) Pause Young (Normal) (G1 Evacuation Pause) 413M->275M(4096M) 32,751ms
[2024-08-04T21:10:53.670+0300][0,927s][info ][gc] GC(5) Pause Young (Normal) (G1 Evacuation Pause) 489M->339M(4096M) 32,470ms
[2024-08-04T21:10:53.778+0300][1,035s][info ][gc] GC(6) Pause Young (Normal) (G1 Evacuation Pause) 519M->376M(4096M) 36,682ms
[2024-08-04T21:10:53.914+0300][1,171s][info ][gc] GC(7) Pause Young (Normal) (G1 Evacuation Pause) 594M->423M(4096M) 44,242ms
[2024-08-04T21:10:54.065+0300][1,321s][info ][gc] GC(8) Pause Young (Normal) (G1 Evacuation Pause) 669M->477M(4096M) 49,692ms
[2024-08-04T21:10:54.224+0300][1,481s][info ][gc] GC(9) Pause Young (Normal) (G1 Evacuation Pause) 743M->533M(4096M) 55,360ms
[2024-08-04T21:10:54.388+0300][1,645s][info ][gc] GC(10) Pause Young (Normal) (G1 Evacuation Pause) 839M->558M(4096M) 38,489ms
[2024-08-04T21:10:56.299+0300][3,556s][info ][gc] GC(11) Pause Young (Normal) (G1 Evacuation Pause) 2970M->655M(4096M) 91,415ms
[2024-08-04T21:10:56.483+0300][3,740s][info ][gc] GC(12) Pause Young (Normal) (G1 Evacuation Pause) 1077M->538M(4096M) 15,506ms
[2024-08-04T21:10:57.164+0300][4,421s][info ][gc] GC(13) Pause Young (Normal) (G1 Evacuation Pause) 2054M->640M(4096M) 78,241ms
[2024-08-04T21:10:58.194+0300][5,450s][info ][gc] GC(14) Pause Young (Normal) (G1 Evacuation Pause) 2970M->701M(4096M) 110,808ms
[2024-08-04T21:10:59.118+0300][6,375s][info ][gc] GC(15) Pause Young (Normal) (G1 Evacuation Pause) 2969M->552M(4096M) 25,923ms
[2024-08-04T21:11:00.149+0300][7,406s][info ][gc] GC(16) Pause Young (Normal) (G1 Evacuation Pause) 2970M->633M(4096M) 74,501ms
