[2024-08-04T21:11:17.869+0300][0.005s][info][gc] Using G1
[2024-08-04T21:11:17.870+0300][0.005s][debug][gc] ConcGCThreads: 3 offset 22
[2024-08-04T21:11:17.870+0300][0.006s][debug][gc] ParallelGCThreads: 10
[2024-08-04T21:11:17.870+0300][0.006s][debug][gc] Initialize mark stack with 4096 chunks, maximum 524288
[2024-08-04T21:11:18.177+0300][0,313s][info ][gc] GC(0) Pause Young (Normal) (G1 Evacuation Pause) 265M->72M(4864M) 61,158ms
[2024-08-04T21:11:18.324+0300][0,459s][info ][gc] GC(1) Pause Young (Normal) (G1 Evacuation Pause) 308M->145M(4864M) 89,447ms
[2024-08-04T21:11:18.495+0300][0,631s][info ][gc] GC(2) Pause Young (Normal) (G1 Evacuation Pause) 377M->215M(4864M) 76,893ms
[2024-08-04T21:11:18.626+0300][0,762s][info ][gc] GC(3) Pause Young (Normal) (G1 Evacuation Pause) 423M->261M(4864M) 48,769ms
[2024-08-04T21:11:18.781+0300][0,916s][info ][gc] GC(4) Pause Young (Normal) (G1 Evacuation Pause) 505M->335M(4864M) 33,753ms
[2024-08-04T21:11:18.902+0300][1,037s][info ][gc] GC(5) Pause Young (Normal) (G1 Evacuation Pause) 543M->377M(4864M) 38,926ms
[2024-08-04T21:11:19.022+0300][1,158s][info ][gc] GC(6) Pause Young (Normal) (G1 Evacuation Pause) 585M->424M(4864M) 38,690ms
[2024-08-04T21:11:19.144+0300][1,280s][info ][gc] GC(7) Pause Young (Normal) (G1 Evacuation Pause) 632M->472M(4864M) 37,347ms
[2024-08-04T21:11:19.292+0300][1,427s][info ][gc] GC(8) Pause Young (Normal) (G1 Evacuation Pause) 724M->525M(4864M) 42,590ms
[2024-08-04T21:11:19.435+0300][1,571s][info ][gc] GC(9) Pause Young (Normal) (G1 Evacuation Pause) 813M->536M(4864M) 26,131ms
[2024-08-04T21:11:21.649+0300][3,785s][info ][gc] GC(10) Pause Young (Normal) (G1 Evacuation Pause) 3408M->507M(4864M) 15,889ms
[2024-08-04T21:11:22.899+0300][5,035s][info ][gc] GC(11) Pause Young (Normal) (G1 Evacuation Pause) 3407M->688M(4864M) 101,937ms
[2024-08-04T21:11:24.050+0300][6,185s][info ][gc] GC(12) Pause Young (Normal) (G1 Evacuation Pause) 3408M->634M(4864M) 75,930ms
[2024-08-04T21:11:25.194+0300][7,330s][info ][gc] GC(13) Pause Young (Normal) (G1 Evacuation Pause) 3406M->580M(4864M) 49,212ms
