[2024-08-04T21:12:27.635+0300][0.003s][info][gc] Using G1
[2024-08-04T21:12:27.635+0300][0.003s][debug][gc] ConcGCThreads: 3 offset 22
[2024-08-04T21:12:27.635+0300][0.003s][debug][gc] ParallelGCThreads: 10
[2024-08-04T21:12:27.636+0300][0.003s][debug][gc] Initialize mark stack with 4096 chunks, maximum 524288
[2024-08-04T21:12:28.053+0300][0,421s][info ][gc] GC(0) Pause Young (Normal) (G1 Evacuation Pause) 381M->105M(6912M) 82,588ms
[2024-08-04T21:12:28.247+0300][0,615s][info ][gc] GC(1) Pause Young (Normal) (G1 Evacuation Pause) 445M->209M(6912M) 101,208ms
[2024-08-04T21:12:28.436+0300][0,804s][info ][gc] GC(2) Pause Young (Normal) (G1 Evacuation Pause) 509M->275M(6912M) 70,292ms
[2024-08-04T21:12:28.638+0300][1,006s][info ][gc] GC(3) Pause Young (Normal) (G1 Evacuation Pause) 611M->363M(6912M) 47,875ms
[2024-08-04T21:12:28.812+0300][1,180s][info ][gc] GC(4) Pause Young (Normal) (G1 Evacuation Pause) 663M->427M(6912M) 53,351ms
[2024-08-04T21:12:28.991+0300][1,359s][info ][gc] GC(5) Pause Young (Normal) (G1 Evacuation Pause) 727M->491M(6912M) 58,497ms
[2024-08-04T21:12:29.130+0300][1,497s][info ][gc] GC(6) Pause Young (Normal) (G1 Evacuation Pause) 791M->475M(6912M) 17,448ms
[2024-08-04T21:12:29.306+0300][1,674s][info ][gc] GC(7) Pause Young (Normal) (G1 Evacuation Pause) 791M->537M(6912M) 51,998ms
[2024-08-04T21:12:29.483+0300][1,851s][info ][gc] GC(8) Pause Young (Normal) (G1 Evacuation Pause) 837M->603M(6912M) 59,130ms
[2024-08-04T21:12:29.615+0300][1,983s][info ][gc] GC(9) Pause Young (Normal) (G1 Evacuation Pause) 903M->567M(6912M) 6,679ms
[2024-08-04T21:12:30.036+0300][2,404s][info ][gc] GC(10) Pause Young (Normal) (G1 Evacuation Pause) 1183M->692M(6912M) 81,549ms
[2024-08-04T21:12:30.206+0300][2,574s][info ][gc] GC(11) Pause Young (Normal) (G1 Evacuation Pause) 1096M->628M(6912M) 8,303ms
[2024-08-04T21:12:30.573+0300][2,941s][info ][gc] GC(12) Pause Young (Normal) (G1 Evacuation Pause) 1328M->763M(6912M) 86,595ms
[2024-08-04T21:12:30.852+0300][3,220s][info ][gc] GC(13) Pause Young (Normal) (G1 Evacuation Pause) 1363M->745M(6912M) 40,117ms
[2024-08-04T21:12:31.204+0300][3,571s][info ][gc] GC(14) Pause Young (Normal) (G1 Evacuation Pause) 1529M->701M(6912M) 19,495ms
[2024-08-04T21:12:34.361+0300][6,729s][info ][gc] GC(15) Pause Young (Normal) (G1 Evacuation Pause) 4813M->715M(6912M) 34,042ms
[2024-08-04T21:12:36.027+0300][8,395s][info ][gc] GC(16) Pause Young (Normal) (G1 Evacuation Pause) 4815M->728M(6912M) 40,939ms
