[2024-08-04T21:12:36.866+0300][0.005s][info][gc] Using G1
[2024-08-04T21:12:36.867+0300][0.007s][debug][gc] ConcGCThreads: 3 offset 22
[2024-08-04T21:12:36.867+0300][0.007s][debug][gc] ParallelGCThreads: 10
[2024-08-04T21:12:36.867+0300][0.007s][debug][gc] Initialize mark stack with 4096 chunks, maximum 524288
[2024-08-04T21:12:37.285+0300][0,424s][info ][gc] GC(0) Pause Young (Normal) (G1 Evacuation Pause) 393M->107M(7168M) 81,730ms
[2024-08-04T21:12:37.521+0300][0,661s][info ][gc] GC(1) Pause Young (Normal) (G1 Evacuation Pause) 455M->212M(7168M) 148,885ms
[2024-08-04T21:12:37.748+0300][0,888s][info ][gc] GC(2) Pause Young (Normal) (G1 Evacuation Pause) 556M->317M(7168M) 87,419ms
[2024-08-04T21:12:37.922+0300][1,062s][info ][gc] GC(3) Pause Young (Normal) (G1 Evacuation Pause) 625M->377M(7168M) 40,373ms
[2024-08-04T21:12:38.093+0300][1,233s][info ][gc] GC(4) Pause Young (Normal) (G1 Evacuation Pause) 685M->441M(7168M) 47,538ms
[2024-08-04T21:12:38.264+0300][1,404s][info ][gc] GC(5) Pause Young (Normal) (G1 Evacuation Pause) 749M->508M(7168M) 49,442ms
[2024-08-04T21:12:38.411+0300][1,550s][info ][gc] GC(6) Pause Young (Normal) (G1 Evacuation Pause) 816M->500M(7168M) 22,687ms
[2024-08-04T21:12:38.582+0300][1,722s][info ][gc] GC(7) Pause Young (Normal) (G1 Evacuation Pause) 816M->563M(7168M) 47,441ms
[2024-08-04T21:12:38.752+0300][1,892s][info ][gc] GC(8) Pause Young (Normal) (G1 Evacuation Pause) 871M->629M(7168M) 48,313ms
[2024-08-04T21:12:38.894+0300][2,034s][info ][gc] GC(9) Pause Young (Normal) (G1 Evacuation Pause) 937M->607M(7168M) 13,600ms
[2024-08-04T21:12:39.267+0300][2,407s][info ][gc] GC(10) Pause Young (Normal) (G1 Evacuation Pause) 1175M->719M(7168M) 70,950ms
[2024-08-04T21:12:39.449+0300][2,589s][info ][gc] GC(11) Pause Young (Normal) (G1 Evacuation Pause) 1143M->667M(7168M) 12,289ms
[2024-08-04T21:12:39.843+0300][2,983s][info ][gc] GC(12) Pause Young (Normal) (G1 Evacuation Pause) 1375M->807M(7168M) 91,586ms
[2024-08-04T21:12:40.118+0300][3,258s][info ][gc] GC(13) Pause Young (Normal) (G1 Evacuation Pause) 1403M->801M(7168M) 38,153ms
[2024-08-04T21:12:40.475+0300][3,615s][info ][gc] GC(14) Pause Young (Normal) (G1 Evacuation Pause) 1589M->757M(7168M) 22,773ms
[2024-08-04T21:12:43.766+0300][6,906s][info ][gc] GC(15) Pause Young (Normal) (G1 Evacuation Pause) 5013M->801M(7168M) 54,604ms
[2024-08-04T21:12:45.492+0300][8,632s][info ][gc] GC(16) Pause Young (Normal) (G1 Evacuation Pause) 5013M->841M(7168M) 60,557ms
