[2024-08-04T21:08:44.202+0300][0.005s][info][gc] Using G1
[2024-08-04T21:08:44.203+0300][0.006s][debug][gc] ConcGCThreads: 3 offset 22
[2024-08-04T21:08:44.203+0300][0.006s][debug][gc] ParallelGCThreads: 10
[2024-08-04T21:08:44.203+0300][0.007s][debug][gc] Initialize mark stack with 4096 chunks, maximum 524288
[2024-08-04T21:08:44.351+0300][0,154s][info ][gc] GC(0) Pause Young (Normal) (G1 Evacuation Pause) 25M->6M(256M) 5,539ms
[2024-08-04T21:08:44.371+0300][0,175s][info ][gc] GC(1) Pause Young (Normal) (G1 Evacuation Pause) 38M->15M(256M) 9,980ms
[2024-08-04T21:08:44.433+0300][0,236s][info ][gc] GC(2) Pause Young (Normal) (G1 Evacuation Pause) 83M->35M(256M) 21,722ms
[2024-08-04T21:08:44.490+0300][0,293s][info ][gc] GC(3) Pause Young (Normal) (G1 Evacuation Pause) 108M->54M(256M) 25,964ms
[2024-08-04T21:08:44.565+0300][0,369s][info ][gc] GC(4) Pause Young (Normal) (G1 Evacuation Pause) 144M->79M(256M) 35,237ms
[2024-08-04T21:08:44.657+0300][0,460s][info ][gc] GC(5) Pause Young (Normal) (G1 Evacuation Pause) 192M->111M(256M) 40,286ms
[2024-08-04T21:08:44.739+0300][0,543s][info ][gc] GC(6) Pause Young (Normal) (G1 Evacuation Pause) 216M->147M(256M) 38,990ms
[2024-08-04T21:08:44.793+0300][0,596s][info ][gc] GC(7) Pause Young (Concurrent Start) (G1 Evacuation Pause) 220M->163M(256M) 23,175ms
[2024-08-04T21:08:44.793+0300][0,596s][info ][gc] GC(8) Concurrent Mark Cycle
[2024-08-04T21:08:44.839+0300][0,643s][info ][gc] GC(9) Pause Young (Normal) (G1 Evacuation Pause) 226M->177M(256M) 13,341ms
[2024-08-04T21:08:44.873+0300][0,676s][info ][gc] GC(10) Pause Young (Normal) (G1 Humongous Allocation) 217M->187M(256M) 8,970ms
[2024-08-04T21:08:44.886+0300][0,689s][debug][gc] GC(8) Reclaimed 34 empty regions
[2024-08-04T21:08:44.886+0300][0,689s][info ][gc] GC(8) Pause Remark 216M->182M(256M) 0,727ms
[2024-08-04T21:08:44.917+0300][0,721s][info ][gc] GC(11) Pause Young (Normal) (G1 Evacuation Pause) 222M->187M(256M) 14,127ms
[2024-08-04T21:08:44.944+0300][0,748s][info ][gc] GC(12) Pause Young (Normal) (G1 Evacuation Pause) 233M->197M(256M) 8,672ms
[2024-08-04T21:08:44.946+0300][0,749s][info ][gc] GC(8) Pause Cleanup 201M->201M(256M) 0,118ms
[2024-08-04T21:08:44.947+0300][0,751s][info ][gc] GC(8) Concurrent Mark Cycle 154,066ms
[2024-08-04T21:08:44.970+0300][0,774s][info ][gc] GC(13) Pause Young (Prepare Mixed) (G1 Evacuation Pause) 233M->205M(256M) 10,803ms
[2024-08-04T21:08:44.993+0300][0,796s][info ][gc] GC(14) Pause Young (Mixed) (G1 Evacuation Pause) 234M->211M(256M) 10,928ms
[2024-08-04T21:08:45.011+0300][0,815s][info ][gc] GC(15) Pause Young (Concurrent Start) (G1 Evacuation Pause) 236M->217M(256M) 7,911ms
[2024-08-04T21:08:45.011+0300][0,815s][info ][gc] GC(16) Concurrent Mark Cycle
[2024-08-04T21:08:45.031+0300][0,834s][info ][gc] GC(17) Pause Young (Normal) (G1 Evacuation Pause) 237M->221M(256M) 5,224ms
[2024-08-04T21:08:45.046+0300][0,850s][info ][gc] GC(18) Pause Young (Normal) (G1 Evacuation Pause) 238M->225M(256M) 3,762ms
[2024-08-04T21:08:45.057+0300][0,861s][info ][gc] GC(19) Pause Young (Normal) (G1 Evacuation Pause) 238M->228M(256M) 3,224ms
[2024-08-04T21:08:45.068+0300][0,871s][info ][gc] GC(20) Pause Young (Normal) (G1 Evacuation Pause) 239M->231M(256M) 2,722ms
[2024-08-04T21:08:45.077+0300][0,881s][info ][gc] GC(21) Pause Young (Normal) (G1 Evacuation Pause) 241M->233M(256M) 2,494ms
[2024-08-04T21:08:45.087+0300][0,890s][info ][gc] GC(22) Pause Young (Normal) (G1 Evacuation Pause) 243M->235M(256M) 2,637ms
[2024-08-04T21:08:45.096+0300][0,900s][info ][gc] GC(23) Pause Young (Normal) (G1 Evacuation Pause) 245M->237M(256M) 2,422ms
[2024-08-04T21:08:45.105+0300][0,909s][info ][gc] GC(24) Pause Young (Normal) (G1 Evacuation Pause) 247M->239M(256M) 2,532ms
[2024-08-04T21:08:45.115+0300][0,918s][info ][gc] GC(25) Pause Young (Normal) (G1 Evacuation Pause) 249M->242M(256M) 2,525ms
[2024-08-04T21:08:45.124+0300][0,928s][info ][gc] GC(26) Pause Young (Normal) (G1 Evacuation Pause) (Evacuation Failure) 252M->248M(256M) 2,880ms
[2024-08-04T21:08:45.131+0300][0,935s][info ][gc] GC(27) Pause Young (Normal) (G1 Evacuation Pause) (Evacuation Failure) 254M->254M(256M) 2,727ms
[2024-08-04T21:08:45.133+0300][0,937s][info ][gc] GC(28) Pause Young (Normal) (G1 Evacuation Pause) (Evacuation Failure) 255M->254M(256M) 1,250ms
[2024-08-04T21:08:45.134+0300][0,937s][debug][gc] GC(29) Clear Bitmap 0,194ms
[2024-08-04T21:08:45.220+0300][1,024s][info ][gc] GC(29) Pause Full (G1 Compaction Pause) 254M->212M(256M) 86,683ms
[2024-08-04T21:08:45.220+0300][1,024s][info ][gc] GC(16) Concurrent Mark Cycle 208,909ms
[2024-08-04T21:08:45.224+0300][1,027s][info ][gc] GC(30) Pause Young (Concurrent Start) (G1 Humongous Allocation) 217M->213M(256M) 1,529ms
[2024-08-04T21:08:45.224+0300][1,027s][info ][gc] GC(31) Concurrent Mark Cycle
[2024-08-04T21:08:45.226+0300][1,029s][info ][gc] GC(32) Pause Young (Normal) (G1 Humongous Allocation) 213M->213M(256M) 1,691ms
[2024-08-04T21:08:45.226+0300][1,030s][debug][gc] GC(33) Clear Bitmap 0,203ms
[2024-08-04T21:08:45.304+0300][1,107s][info ][gc] GC(33) Pause Full (G1 Compaction Pause) 213M->213M(256M) 78,131ms
[2024-08-04T21:08:45.304+0300][1,108s][debug][gc] GC(34) Clear Bitmap 0,182ms
[2024-08-04T21:08:45.433+0300][1,237s][info ][gc] GC(34) Pause Full (G1 Compaction Pause) 213M->213M(256M) 129,451ms
[2024-08-04T21:08:45.433+0300][1,237s][info ][gc] GC(31) Concurrent Mark Cycle 209,554ms
[2024-08-04T21:08:45.448+0300][1,251s][info ][gc] GC(35) Pause Young (Normal) (G1 Evacuation Pause) (Evacuation Failure) 255M->255M(256M) 5,562ms
[2024-08-04T21:08:45.518+0300][1,322s][info ][gc] GC(36) Pause Full (G1 Compaction Pause) 255M->226M(256M) 70,306ms
[2024-08-04T21:08:45.525+0300][1,329s][info ][gc] GC(37) Pause Young (Concurrent Start) (G1 Evacuation Pause) 238M->228M(256M) 2,199ms
[2024-08-04T21:08:45.525+0300][1,329s][info ][gc] GC(38) Concurrent Mark Cycle
[2024-08-04T21:08:45.532+0300][1,336s][info ][gc] GC(39) Pause Young (Normal) (G1 Evacuation Pause) 238M->230M(256M) 2,170ms
[2024-08-04T21:08:45.540+0300][1,344s][info ][gc] GC(40) Pause Young (Normal) (G1 Evacuation Pause) 240M->232M(256M) 2,160ms
[2024-08-04T21:08:45.548+0300][1,351s][info ][gc] GC(41) Pause Young (Normal) (G1 Evacuation Pause) 242M->235M(256M) 2,239ms
[2024-08-04T21:08:45.555+0300][1,359s][info ][gc] GC(42) Pause Young (Normal) (G1 Evacuation Pause) 245M->237M(256M) 2,080ms
[2024-08-04T21:08:45.562+0300][1,366s][info ][gc] GC(43) Pause Young (Normal) (G1 Evacuation Pause) 247M->239M(256M) 2,209ms
[2024-08-04T21:08:45.610+0300][1,414s][info ][gc] GC(44) Pause Young (Normal) (G1 Evacuation Pause) 249M->239M(256M) 1,721ms
[2024-08-04T21:08:45.620+0300][1,424s][info ][gc] GC(45) Pause Young (Normal) (G1 Evacuation Pause) (Evacuation Failure) 249M->248M(256M) 2,788ms
[2024-08-04T21:08:45.623+0300][1,426s][info ][gc] GC(46) Pause Young (Normal) (G1 Evacuation Pause) (Evacuation Failure) 250M->248M(256M) 1,445ms
[2024-08-04T21:08:45.624+0300][1,428s][info ][gc] GC(47) Pause Young (Normal) (G1 Evacuation Pause) 249M->248M(256M) 1,055ms
[2024-08-04T21:08:45.626+0300][1,430s][info ][gc] GC(48) Pause Young (Normal) (G1 Evacuation Pause) (Evacuation Failure) 249M->249M(256M) 1,168ms
[2024-08-04T21:08:45.626+0300][1,430s][debug][gc] GC(49) Clear Bitmap 0,154ms
[2024-08-04T21:08:45.643+0300][1,447s][info ][gc] GC(49) Pause Full (G1 Compaction Pause) 249M->41M(256M) 16,760ms
[2024-08-04T21:08:45.643+0300][1,447s][info ][gc] GC(38) Concurrent Mark Cycle 117,989ms
[2024-08-04T21:08:45.721+0300][1,525s][info ][gc] GC(50) Pause Young (Normal) (G1 Evacuation Pause) 191M->71M(256M) 19,332ms
[2024-08-04T21:08:45.796+0300][1,600s][info ][gc] GC(51) Pause Young (Normal) (G1 Evacuation Pause) 191M->96M(256M) 26,906ms
[2024-08-04T21:08:45.862+0300][1,666s][info ][gc] GC(52) Pause Young (Normal) (G1 Evacuation Pause) 202M->118M(256M) 23,993ms
[2024-08-04T21:08:45.918+0300][1,722s][info ][gc] GC(53) Pause Young (Normal) (G1 Evacuation Pause) 209M->137M(256M) 19,850ms
[2024-08-04T21:08:45.972+0300][1,775s][info ][gc] GC(54) Pause Young (Concurrent Start) (G1 Evacuation Pause) 215M->154M(256M) 18,814ms
[2024-08-04T21:08:45.972+0300][1,775s][info ][gc] GC(55) Concurrent Mark Cycle
[2024-08-04T21:08:46.020+0300][1,823s][info ][gc] GC(56) Pause Young (Normal) (G1 Evacuation Pause) 220M->168M(256M) 15,922ms
[2024-08-04T21:08:46.060+0300][1,863s][info ][gc] GC(57) Pause Young (Normal) (G1 Evacuation Pause) 225M->182M(256M) 12,491ms
[2024-08-04T21:08:46.094+0300][1,897s][info ][gc] GC(58) Pause Young (Normal) (G1 Evacuation Pause) 229M->193M(256M) 10,829ms
[2024-08-04T21:08:46.110+0300][1,914s][info ][gc] GC(55) Pause Remark 226M->226M(256M) 0,710ms
[2024-08-04T21:08:46.122+0300][1,925s][info ][gc] GC(59) Pause Young (Normal) (G1 Evacuation Pause) 231M->202M(256M) 9,066ms
[2024-08-04T21:08:46.141+0300][1,945s][info ][gc] GC(60) Pause Young (Normal) (G1 Evacuation Pause) 232M->209M(256M) 7,416ms
[2024-08-04T21:08:46.157+0300][1,961s][info ][gc] GC(61) Pause Young (Normal) (G1 Evacuation Pause) 233M->215M(256M) 5,774ms
[2024-08-04T21:08:46.170+0300][1,974s][info ][gc] GC(62) Pause Young (Normal) (G1 Evacuation Pause) 234M->219M(256M) 4,604ms
[2024-08-04T21:08:46.181+0300][1,984s][info ][gc] GC(63) Pause Young (Normal) (G1 Evacuation Pause) 235M->223M(256M) 4,159ms
[2024-08-04T21:08:46.184+0300][1,987s][info ][gc] GC(55) Pause Cleanup 229M->229M(256M) 0,136ms
[2024-08-04T21:08:46.184+0300][1,988s][info ][gc] GC(55) Concurrent Mark Cycle 212,134ms
[2024-08-04T21:08:46.190+0300][1,994s][info ][gc] GC(64) Pause Young (Prepare Mixed) (G1 Evacuation Pause) 235M->226M(256M) 3,893ms
[2024-08-04T21:08:46.198+0300][2,002s][info ][gc] GC(65) Pause Young (Mixed) (G1 Evacuation Pause) 236M->228M(256M) 3,512ms
[2024-08-04T21:08:46.206+0300][2,010s][info ][gc] GC(66) Pause Young (Concurrent Start) (G1 Evacuation Pause) 238M->230M(256M) 3,332ms
[2024-08-04T21:08:46.207+0300][2,010s][info ][gc] GC(67) Concurrent Mark Cycle
[2024-08-04T21:08:46.215+0300][2,018s][info ][gc] GC(68) Pause Young (Normal) (G1 Evacuation Pause) 240M->233M(256M) 2,876ms
[2024-08-04T21:08:46.223+0300][2,026s][info ][gc] GC(69) Pause Young (Normal) (G1 Evacuation Pause) 243M->235M(256M) 3,080ms
[2024-08-04T21:08:46.232+0300][2,036s][info ][gc] GC(70) Pause Young (Normal) (G1 Evacuation Pause) 245M->237M(256M) 3,793ms
[2024-08-04T21:08:46.240+0300][2,044s][info ][gc] GC(71) Pause Young (Normal) (G1 Evacuation Pause) 247M->239M(256M) 3,064ms
[2024-08-04T21:08:46.249+0300][2,053s][info ][gc] GC(72) Pause Young (Normal) (G1 Evacuation Pause) 249M->241M(256M) 3,136ms
[2024-08-04T21:08:46.259+0300][2,062s][info ][gc] GC(73) Pause Young (Normal) (G1 Evacuation Pause) (Evacuation Failure) 251M->250M(256M) 4,165ms
[2024-08-04T21:08:46.263+0300][2,067s][info ][gc] GC(74) Pause Young (Normal) (G1 Evacuation Pause) (Evacuation Failure) 253M->254M(256M) 2,044ms
[2024-08-04T21:08:46.263+0300][2,067s][debug][gc] GC(75) Clear Bitmap 0,200ms
[2024-08-04T21:08:46.399+0300][2,203s][info ][gc] GC(75) Pause Full (G1 Compaction Pause) 254M->228M(256M) 136,315ms
[2024-08-04T21:08:46.400+0300][2,203s][info ][gc] GC(67) Concurrent Mark Cycle 193,021ms
[2024-08-04T21:08:46.406+0300][2,210s][info ][gc] GC(76) Pause Young (Normal) (G1 Evacuation Pause) 240M->230M(256M) 2,247ms
[2024-08-04T21:08:46.414+0300][2,218s][info ][gc] GC(77) Pause Young (Concurrent Start) (G1 Evacuation Pause) 240M->232M(256M) 2,828ms
[2024-08-04T21:08:46.414+0300][2,218s][info ][gc] GC(78) Concurrent Mark Cycle
[2024-08-04T21:08:46.422+0300][2,225s][info ][gc] GC(79) Pause Young (Normal) (G1 Evacuation Pause) 242M->234M(256M) 2,442ms
[2024-08-04T21:08:46.430+0300][2,233s][info ][gc] GC(80) Pause Young (Normal) (G1 Evacuation Pause) 244M->236M(256M) 2,642ms
[2024-08-04T21:08:46.437+0300][2,241s][info ][gc] GC(81) Pause Young (Normal) (G1 Evacuation Pause) 246M->238M(256M) 2,597ms
[2024-08-04T21:08:46.478+0300][2,281s][info ][gc] GC(82) Pause Young (Normal) (G1 Evacuation Pause) 248M->237M(256M) 1,426ms
[2024-08-04T21:08:46.489+0300][2,293s][debug][gc] GC(78) Expanded mark stack capacity from 4096 to 8192 chunks
[2024-08-04T21:08:46.492+0300][2,296s][info ][gc] GC(83) Pause Young (Normal) (G1 Evacuation Pause) 247M->239M(256M) 2,653ms
[2024-08-04T21:08:46.501+0300][2,305s][info ][gc] GC(84) Pause Young (Normal) (G1 Evacuation Pause) (Evacuation Failure) 249M->250M(256M) 3,963ms
[2024-08-04T21:08:46.504+0300][2,307s][info ][gc] GC(85) Pause Young (Normal) (G1 Evacuation Pause) (Evacuation Failure) 251M->250M(256M) 1,772ms
[2024-08-04T21:08:46.504+0300][2,308s][debug][gc] GC(86) Clear Bitmap 0,182ms
[2024-08-04T21:08:46.522+0300][2,325s][info ][gc] GC(86) Pause Full (G1 Compaction Pause) 250M->42M(256M) 17,681ms
[2024-08-04T21:08:46.522+0300][2,325s][info ][gc] GC(78) Concurrent Mark Cycle 107,613ms
[2024-08-04T21:08:46.600+0300][2,403s][info ][gc] GC(87) Pause Young (Normal) (G1 Evacuation Pause) 187M->71M(256M) 21,365ms
[2024-08-04T21:08:46.678+0300][2,482s][info ][gc] GC(88) Pause Young (Normal) (G1 Evacuation Pause) 196M->96M(256M) 28,672ms
[2024-08-04T21:08:46.745+0300][2,549s][info ][gc] GC(89) Pause Young (Normal) (G1 Evacuation Pause) 203M->118M(256M) 24,719ms
[2024-08-04T21:08:46.805+0300][2,609s][info ][gc] GC(90) Pause Young (Normal) (G1 Evacuation Pause) 210M->139M(256M) 23,491ms
[2024-08-04T21:08:46.856+0300][2,659s][info ][gc] GC(91) Pause Young (Concurrent Start) (G1 Evacuation Pause) 216M->156M(256M) 19,681ms
[2024-08-04T21:08:46.856+0300][2,660s][info ][gc] GC(92) Concurrent Mark Cycle
[2024-08-04T21:08:46.906+0300][2,709s][info ][gc] GC(93) Pause Young (Normal) (G1 Evacuation Pause) 222M->171M(256M) 17,868ms
[2024-08-04T21:08:46.943+0300][2,747s][info ][gc] GC(94) Pause Young (Normal) (G1 Evacuation Pause) 226M->184M(256M) 10,754ms
[2024-08-04T21:08:46.976+0300][2,780s][info ][gc] GC(95) Pause Young (Normal) (G1 Evacuation Pause) 229M->194M(256M) 10,677ms
[2024-08-04T21:08:46.980+0300][2,783s][info ][gc] GC(92) Pause Remark 199M->199M(256M) 0,617ms
[2024-08-04T21:08:47.002+0300][2,806s][info ][gc] GC(96) Pause Young (Normal) (G1 Evacuation Pause) 231M->202M(256M) 9,088ms
[2024-08-04T21:08:47.022+0300][2,826s][info ][gc] GC(97) Pause Young (Normal) (G1 Evacuation Pause) 232M->209M(256M) 7,142ms
[2024-08-04T21:08:47.028+0300][2,832s][info ][gc] GC(92) Pause Cleanup 222M->222M(256M) 0,142ms
[2024-08-04T21:08:47.029+0300][2,832s][info ][gc] GC(92) Concurrent Mark Cycle 172,584ms
[2024-08-04T21:08:47.039+0300][2,843s][info ][gc] GC(98) Pause Young (Prepare Mixed) (G1 Evacuation Pause) 233M->215M(256M) 6,350ms
[2024-08-04T21:08:47.052+0300][2,855s][info ][gc] GC(99) Pause Young (Mixed) (G1 Evacuation Pause) 234M->219M(256M) 4,853ms
[2024-08-04T21:08:47.063+0300][2,866s][info ][gc] GC(100) Pause Young (Concurrent Start) (G1 Evacuation Pause) 236M->223M(256M) 4,117ms
[2024-08-04T21:08:47.063+0300][2,867s][info ][gc] GC(101) Concurrent Mark Cycle
[2024-08-04T21:08:47.073+0300][2,877s][info ][gc] GC(102) Pause Young (Normal) (G1 Evacuation Pause) 236M->226M(256M) 3,621ms
[2024-08-04T21:08:47.082+0300][2,885s][info ][gc] GC(103) Pause Young (Normal) (G1 Evacuation Pause) 237M->228M(256M) 2,998ms
[2024-08-04T21:08:47.089+0300][2,893s][info ][gc] GC(104) Pause Young (Normal) (G1 Evacuation Pause) 238M->231M(256M) 2,643ms
[2024-08-04T21:08:47.097+0300][2,900s][info ][gc] GC(105) Pause Young (Normal) (G1 Evacuation Pause) 241M->233M(256M) 2,602ms
[2024-08-04T21:08:47.104+0300][2,908s][info ][gc] GC(106) Pause Young (Normal) (G1 Evacuation Pause) 243M->235M(256M) 2,563ms
[2024-08-04T21:08:47.112+0300][2,916s][info ][gc] GC(107) Pause Young (Normal) (G1 Evacuation Pause) 245M->237M(256M) 2,709ms
[2024-08-04T21:08:47.120+0300][2,924s][info ][gc] GC(108) Pause Young (Normal) (G1 Evacuation Pause) 247M->239M(256M) 2,575ms
[2024-08-04T21:08:47.128+0300][2,931s][info ][gc] GC(109) Pause Young (Normal) (G1 Evacuation Pause) 249M->242M(256M) 2,618ms
[2024-08-04T21:08:47.136+0300][2,940s][info ][gc] GC(110) Pause Young (Normal) (G1 Evacuation Pause) (Evacuation Failure) 252M->251M(256M) 3,356ms
[2024-08-04T21:08:47.139+0300][2,942s][info ][gc] GC(111) Pause Young (Normal) (G1 Evacuation Pause) (Evacuation Failure) 253M->251M(256M) 1,612ms
[2024-08-04T21:08:47.141+0300][2,944s][info ][gc] GC(112) Pause Young (Normal) (G1 Evacuation Pause) 252M->251M(256M) 1,169ms
[2024-08-04T21:08:47.143+0300][2,946s][info ][gc] GC(113) Pause Young (Normal) (G1 Evacuation Pause) (Evacuation Failure) 252M->252M(256M) 1,315ms
[2024-08-04T21:08:47.143+0300][2,947s][debug][gc] GC(114) Clear Bitmap 0,210ms
[2024-08-04T21:08:47.270+0300][3,074s][info ][gc] GC(114) Pause Full (G1 Compaction Pause) 252M->229M(256M) 127,557ms
[2024-08-04T21:08:47.270+0300][3,074s][info ][gc] GC(101) Concurrent Mark Cycle 207,499ms
[2024-08-04T21:08:47.278+0300][3,082s][info ][gc] GC(115) Pause Young (Normal) (G1 Evacuation Pause) 241M->231M(256M) 2,500ms
[2024-08-04T21:08:47.285+0300][3,089s][info ][gc] GC(116) Pause Young (Concurrent Start) (G1 Evacuation Pause) 241M->233M(256M) 2,801ms
[2024-08-04T21:08:47.285+0300][3,089s][info ][gc] GC(117) Concurrent Mark Cycle
[2024-08-04T21:08:47.293+0300][3,096s][info ][gc] GC(118) Pause Young (Normal) (G1 Evacuation Pause) 243M->235M(256M) 2,285ms
[2024-08-04T21:08:47.300+0300][3,103s][info ][gc] GC(119) Pause Young (Normal) (G1 Evacuation Pause) 245M->237M(256M) 2,275ms
[2024-08-04T21:08:47.337+0300][3,141s][info ][gc] GC(120) Pause Young (Normal) (G1 Evacuation Pause) 247M->236M(256M) 1,425ms
[2024-08-04T21:08:47.345+0300][3,149s][info ][gc] GC(121) Pause Young (Normal) (G1 Evacuation Pause) 247M->238M(256M) 2,750ms
[2024-08-04T21:08:47.361+0300][3,164s][info ][gc] GC(122) Pause Young (Normal) (G1 Evacuation Pause) (Evacuation Failure) 248M->245M(256M) 4,055ms
[2024-08-04T21:08:47.371+0300][3,174s][info ][gc] GC(123) Pause Young (Normal) (G1 Evacuation Pause) (Evacuation Failure) 251M->249M(256M) 3,143ms
[2024-08-04T21:08:47.375+0300][3,179s][info ][gc] GC(124) Pause Young (Normal) (G1 Evacuation Pause) (Evacuation Failure) 251M->249M(256M) 2,146ms
[2024-08-04T21:08:47.378+0300][3,182s][info ][gc] GC(125) Pause Young (Normal) (G1 Evacuation Pause) 250M->249M(256M) 1,241ms
[2024-08-04T21:08:47.381+0300][3,185s][info ][gc] GC(126) Pause Young (Normal) (G1 Evacuation Pause) (Evacuation Failure) 250M->250M(256M) 1,352ms
[2024-08-04T21:08:47.382+0300][3,185s][debug][gc] GC(127) Clear Bitmap 0,162ms
[2024-08-04T21:08:47.398+0300][3,202s][info ][gc] GC(127) Pause Full (G1 Compaction Pause) 250M->44M(256M) 17,231ms
[2024-08-04T21:08:47.399+0300][3,202s][info ][gc] GC(117) Concurrent Mark Cycle 113,249ms
[2024-08-04T21:08:47.506+0300][3,310s][info ][gc] GC(128) Pause Young (Normal) (G1 Evacuation Pause) 188M->72M(256M) 29,305ms
[2024-08-04T21:08:47.583+0300][3,387s][info ][gc] GC(129) Pause Young (Normal) (G1 Evacuation Pause) 196M->98M(256M) 27,577ms
[2024-08-04T21:08:47.649+0300][3,452s][info ][gc] GC(130) Pause Young (Concurrent Start) (G1 Evacuation Pause) 203M->121M(256M) 24,066ms
[2024-08-04T21:08:47.649+0300][3,452s][info ][gc] GC(131) Concurrent Mark Cycle
[2024-08-04T21:08:47.711+0300][3,515s][info ][gc] GC(132) Pause Young (Normal) (G1 Evacuation Pause) 211M->140M(256M) 18,730ms
[2024-08-04T21:08:47.737+0300][3,541s][info ][gc] GC(131) Pause Remark 193M->193M(256M) 0,709ms
[2024-08-04T21:08:47.762+0300][3,566s][info ][gc] GC(133) Pause Young (Normal) (G1 Evacuation Pause) 216M->157M(256M) 14,645ms
[2024-08-04T21:08:47.779+0300][3,582s][info ][gc] GC(131) Pause Cleanup 197M->197M(256M) 0,164ms
[2024-08-04T21:08:47.779+0300][3,583s][info ][gc] GC(131) Concurrent Mark Cycle 130,133ms
[2024-08-04T21:08:47.802+0300][3,606s][info ][gc] GC(134) Pause Young (Prepare Mixed) (G1 Evacuation Pause) 222M->171M(256M) 13,416ms
[2024-08-04T21:08:47.836+0300][3,640s][info ][gc] GC(135) Pause Young (Mixed) (G1 Evacuation Pause) 226M->184M(256M) 11,714ms
[2024-08-04T21:08:47.867+0300][3,671s][info ][gc] GC(136) Pause Young (Concurrent Start) (G1 Evacuation Pause) 230M->194M(256M) 12,445ms
[2024-08-04T21:08:47.867+0300][3,671s][info ][gc] GC(137) Concurrent Mark Cycle
[2024-08-04T21:08:47.896+0300][3,700s][info ][gc] GC(138) Pause Young (Normal) (G1 Evacuation Pause) 232M->203M(256M) 10,301ms
[2024-08-04T21:08:47.920+0300][3,723s][info ][gc] GC(139) Pause Young (Normal) (G1 Evacuation Pause) 233M->210M(256M) 8,691ms
[2024-08-04T21:08:47.937+0300][3,741s][info ][gc] GC(140) Pause Young (Normal) (G1 Evacuation Pause) 234M->216M(256M) 5,326ms
[2024-08-04T21:08:47.951+0300][3,755s][info ][gc] GC(141) Pause Young (Normal) (G1 Evacuation Pause) 235M->221M(256M) 4,929ms
[2024-08-04T21:08:47.963+0300][3,766s][info ][gc] GC(142) Pause Young (Normal) (G1 Evacuation Pause) 236M->224M(256M) 4,016ms
[2024-08-04T21:08:47.972+0300][3,776s][info ][gc] GC(143) Pause Young (Normal) (G1 Evacuation Pause) 236M->227M(256M) 3,465ms
[2024-08-04T21:08:47.980+0300][3,784s][info ][gc] GC(144) Pause Young (Normal) (G1 Evacuation Pause) 237M->229M(256M) 2,869ms
[2024-08-04T21:08:47.988+0300][3,792s][info ][gc] GC(145) Pause Young (Normal) (G1 Evacuation Pause) 239M->232M(256M) 2,798ms
[2024-08-04T21:08:47.997+0300][3,800s][info ][gc] GC(146) Pause Young (Normal) (G1 Evacuation Pause) 242M->234M(256M) 3,085ms
[2024-08-04T21:08:48.005+0300][3,809s][info ][gc] GC(147) Pause Young (Normal) (G1 Evacuation Pause) 244M->236M(256M) 2,917ms
[2024-08-04T21:08:48.013+0300][3,817s][info ][gc] GC(148) Pause Young (Normal) (G1 Evacuation Pause) 246M->238M(256M) 2,986ms
[2024-08-04T21:08:48.021+0300][3,825s][info ][gc] GC(149) Pause Young (Normal) (G1 Evacuation Pause) 248M->241M(256M) 2,829ms
[2024-08-04T21:08:48.030+0300][3,834s][info ][gc] GC(150) Pause Young (Normal) (G1 Evacuation Pause) (Evacuation Failure) 251M->249M(256M) 3,408ms
[2024-08-04T21:08:48.034+0300][3,837s][info ][gc] GC(151) Pause Young (Normal) (G1 Evacuation Pause) (Evacuation Failure) 252M->250M(256M) 2,000ms
[2024-08-04T21:08:48.037+0300][3,840s][info ][gc] GC(152) Pause Young (Normal) (G1 Evacuation Pause) (Evacuation Failure) 252M->250M(256M) 1,422ms
[2024-08-04T21:08:48.039+0300][3,842s][info ][gc] GC(153) Pause Young (Normal) (G1 Evacuation Pause) 251M->251M(256M) 1,141ms
[2024-08-04T21:08:48.041+0300][3,844s][info ][gc] GC(154) Pause Young (Normal) (G1 Evacuation Pause) (Evacuation Failure) 252M->251M(256M) 1,365ms
[2024-08-04T21:08:48.041+0300][3,845s][debug][gc] GC(155) Clear Bitmap 0,205ms
[2024-08-04T21:08:48.142+0300][3,946s][info ][gc] GC(155) Pause Full (G1 Compaction Pause) 251M->227M(256M) 101,237ms
[2024-08-04T21:08:48.142+0300][3,946s][info ][gc] GC(137) Concurrent Mark Cycle 275,141ms
[2024-08-04T21:08:48.149+0300][3,953s][info ][gc] GC(156) Pause Young (Normal) (G1 Evacuation Pause) 239M->229M(256M) 2,451ms
[2024-08-04T21:08:48.157+0300][3,960s][info ][gc] GC(157) Pause Young (Concurrent Start) (G1 Evacuation Pause) 239M->231M(256M) 2,819ms
[2024-08-04T21:08:48.157+0300][3,960s][info ][gc] GC(158) Concurrent Mark Cycle
[2024-08-04T21:08:48.164+0300][3,968s][info ][gc] GC(159) Pause Young (Normal) (G1 Evacuation Pause) 241M->233M(256M) 2,360ms
[2024-08-04T21:08:48.172+0300][3,976s][info ][gc] GC(160) Pause Young (Normal) (G1 Evacuation Pause) 243M->235M(256M) 2,368ms
[2024-08-04T21:08:48.179+0300][3,983s][info ][gc] GC(161) Pause Young (Normal) (G1 Evacuation Pause) 245M->238M(256M) 2,233ms
[2024-08-04T21:08:48.213+0300][4,017s][info ][gc] GC(162) Pause Young (Normal) (G1 Evacuation Pause) 248M->236M(256M) 0,944ms
[2024-08-04T21:08:48.221+0300][4,024s][info ][gc] GC(163) Pause Young (Normal) (G1 Evacuation Pause) 247M->238M(256M) 2,021ms
[2024-08-04T21:08:48.229+0300][4,033s][info ][gc] GC(164) Pause Young (Normal) (G1 Evacuation Pause) (Evacuation Failure) 248M->244M(256M) 2,930ms
[2024-08-04T21:08:48.236+0300][4,039s][info ][gc] GC(165) Pause Young (Normal) (G1 Evacuation Pause) (Evacuation Failure) 251M->248M(256M) 2,766ms
[2024-08-04T21:08:48.239+0300][4,043s][info ][gc] GC(166) Pause Young (Normal) (G1 Evacuation Pause) (Evacuation Failure) 251M->248M(256M) 1,966ms
[2024-08-04T21:08:48.242+0300][4,046s][info ][gc] GC(167) Pause Young (Normal) (G1 Evacuation Pause) (Evacuation Failure) 250M->249M(256M) 1,376ms
[2024-08-04T21:08:48.244+0300][4,048s][info ][gc] GC(168) Pause Young (Normal) (G1 Evacuation Pause) 250M->249M(256M) 1,138ms
[2024-08-04T21:08:48.246+0300][4,050s][info ][gc] GC(169) Pause Young (Normal) (G1 Evacuation Pause) (Evacuation Failure) 250M->249M(256M) 1,303ms
[2024-08-04T21:08:48.247+0300][4,050s][debug][gc] GC(170) Clear Bitmap 0,169ms
[2024-08-04T21:08:48.264+0300][4,067s][info ][gc] GC(170) Pause Full (G1 Compaction Pause) 249M->44M(256M) 17,322ms
[2024-08-04T21:08:48.264+0300][4,067s][info ][gc] GC(158) Concurrent Mark Cycle 106,979ms
[2024-08-04T21:08:48.339+0300][4,143s][info ][gc] GC(171) Pause Young (Normal) (G1 Evacuation Pause) 188M->72M(256M) 18,944ms
[2024-08-04T21:08:48.416+0300][4,220s][info ][gc] GC(172) Pause Young (Normal) (G1 Evacuation Pause) 196M->99M(256M) 27,428ms
[2024-08-04T21:08:48.483+0300][4,286s][info ][gc] GC(173) Pause Young (Concurrent Start) (G1 Evacuation Pause) 205M->121M(256M) 24,183ms
[2024-08-04T21:08:48.483+0300][4,286s][info ][gc] GC(174) Concurrent Mark Cycle
[2024-08-04T21:08:48.546+0300][4,349s][info ][gc] GC(175) Pause Young (Normal) (G1 Evacuation Pause) 212M->140M(256M) 18,760ms
[2024-08-04T21:08:48.571+0300][4,374s][info ][gc] GC(174) Pause Remark 190M->190M(256M) 0,646ms
[2024-08-04T21:08:48.596+0300][4,399s][info ][gc] GC(176) Pause Young (Normal) (G1 Evacuation Pause) 218M->157M(256M) 13,297ms
[2024-08-04T21:08:48.606+0300][4,410s][info ][gc] GC(174) Pause Cleanup 182M->182M(256M) 0,130ms
[2024-08-04T21:08:48.606+0300][4,410s][info ][gc] GC(174) Concurrent Mark Cycle 123,380ms
[2024-08-04T21:08:48.635+0300][4,439s][info ][gc] GC(177) Pause Young (Prepare Mixed) (G1 Evacuation Pause) 223M->172M(256M) 12,122ms
[2024-08-04T21:08:48.671+0300][4,475s][info ][gc] GC(178) Pause Young (Mixed) (G1 Evacuation Pause) 227M->185M(256M) 14,514ms
[2024-08-04T21:08:48.702+0300][4,506s][info ][gc] GC(179) Pause Young (Concurrent Start) (G1 Evacuation Pause) 232M->195M(256M) 12,113ms
[2024-08-04T21:08:48.703+0300][4,506s][info ][gc] GC(180) Concurrent Mark Cycle
[2024-08-04T21:08:48.731+0300][4,535s][info ][gc] GC(181) Pause Young (Normal) (G1 Evacuation Pause) 233M->204M(256M) 10,148ms
[2024-08-04T21:08:48.755+0300][4,559s][info ][gc] GC(182) Pause Young (Normal) (G1 Evacuation Pause) 235M->211M(256M) 8,775ms
[2024-08-04T21:08:48.772+0300][4,576s][info ][gc] GC(183) Pause Young (Normal) (G1 Evacuation Pause) 236M->217M(256M) 4,642ms
[2024-08-04T21:08:48.786+0300][4,589s][info ][gc] GC(184) Pause Young (Normal) (G1 Evacuation Pause) 236M->221M(256M) 3,856ms
[2024-08-04T21:08:48.797+0300][4,601s][info ][gc] GC(185) Pause Young (Normal) (G1 Evacuation Pause) 237M->225M(256M) 3,518ms
[2024-08-04T21:08:48.806+0300][4,610s][info ][gc] GC(186) Pause Young (Normal) (G1 Evacuation Pause) 237M->228M(256M) 3,163ms
[2024-08-04T21:08:48.814+0300][4,618s][info ][gc] GC(187) Pause Young (Normal) (G1 Evacuation Pause) 238M->231M(256M) 2,497ms
[2024-08-04T21:08:48.822+0300][4,625s][info ][gc] GC(188) Pause Young (Normal) (G1 Evacuation Pause) 241M->233M(256M) 2,619ms
[2024-08-04T21:08:48.829+0300][4,633s][info ][gc] GC(189) Pause Young (Normal) (G1 Evacuation Pause) 243M->235M(256M) 2,639ms
[2024-08-04T21:08:48.837+0300][4,641s][info ][gc] GC(190) Pause Young (Normal) (G1 Evacuation Pause) 245M->237M(256M) 2,447ms
[2024-08-04T21:08:48.844+0300][4,648s][info ][gc] GC(191) Pause Young (Normal) (G1 Evacuation Pause) 247M->239M(256M) 2,412ms
[2024-08-04T21:08:48.847+0300][4,651s][info ][gc] GC(180) Pause Remark 243M->243M(256M) 0,566ms
[2024-08-04T21:08:48.852+0300][4,656s][info ][gc] GC(192) Pause Young (Normal) (G1 Evacuation Pause) 249M->241M(256M) 2,516ms
[2024-08-04T21:08:48.859+0300][4,663s][info ][gc] GC(193) Pause Young (Normal) (G1 Evacuation Pause) (Evacuation Failure) 251M->249M(256M) 2,801ms
[2024-08-04T21:08:48.864+0300][4,667s][info ][gc] GC(194) Pause Young (Normal) (G1 Evacuation Pause) (Evacuation Failure) 254M->252M(256M) 2,056ms
[2024-08-04T21:08:48.866+0300][4,670s][info ][gc] GC(195) Pause Young (Normal) (G1 Evacuation Pause) (Evacuation Failure) 254M->252M(256M) 1,674ms
[2024-08-04T21:08:48.868+0300][4,672s][info ][gc] GC(196) Pause Young (Normal) (G1 Evacuation Pause) 253M->253M(256M) 1,042ms
[2024-08-04T21:08:48.870+0300][4,674s][info ][gc] GC(197) Pause Young (Normal) (G1 Evacuation Pause) (Evacuation Failure) 254M->253M(256M) 1,194ms
[2024-08-04T21:08:48.871+0300][4,674s][debug][gc] GC(198) Clear Bitmap 0,151ms
[2024-08-04T21:08:48.968+0300][4,772s][info ][gc] GC(198) Pause Full (G1 Compaction Pause) 253M->229M(256M) 97,900ms
[2024-08-04T21:08:48.968+0300][4,772s][info ][gc] GC(180) Concurrent Mark Cycle 265,747ms
[2024-08-04T21:08:48.975+0300][4,779s][info ][gc] GC(199) Pause Young (Normal) (G1 Evacuation Pause) 241M->232M(256M) 2,296ms
[2024-08-04T21:08:48.983+0300][4,787s][info ][gc] GC(200) Pause Young (Concurrent Start) (G1 Evacuation Pause) 242M->234M(256M) 3,215ms
[2024-08-04T21:08:48.983+0300][4,787s][info ][gc] GC(201) Concurrent Mark Cycle
[2024-08-04T21:08:48.991+0300][4,794s][info ][gc] GC(202) Pause Young (Normal) (G1 Evacuation Pause) 244M->236M(256M) 2,476ms
[2024-08-04T21:08:48.998+0300][4,802s][info ][gc] GC(203) Pause Young (Normal) (G1 Evacuation Pause) 246M->239M(256M) 2,756ms
[2024-08-04T21:08:49.045+0300][4,848s][info ][gc] GC(204) Pause Young (Normal) (G1 Evacuation Pause) 249M->238M(256M) 1,153ms
[2024-08-04T21:08:49.060+0300][4,863s][info ][gc] GC(205) Pause Young (Normal) (G1 Evacuation Pause) 248M->240M(256M) 2,121ms
[2024-08-04T21:08:49.076+0300][4,879s][info ][gc] GC(206) Pause Young (Normal) (G1 Evacuation Pause) (Evacuation Failure) 250M->250M(256M) 3,361ms
[2024-08-04T21:08:49.079+0300][4,883s][info ][gc] GC(207) Pause Young (Normal) (G1 Evacuation Pause) (Evacuation Failure) 251M->251M(256M) 1,721ms
[2024-08-04T21:08:49.079+0300][4,883s][debug][gc] GC(208) Clear Bitmap 0,158ms
[2024-08-04T21:08:49.098+0300][4,901s][info ][gc] GC(208) Pause Full (G1 Compaction Pause) 251M->42M(256M) 18,537ms
[2024-08-04T21:08:49.098+0300][4,901s][info ][gc] GC(201) Concurrent Mark Cycle 114,520ms
[2024-08-04T21:08:49.208+0300][5,011s][info ][gc] GC(209) Pause Young (Normal) (G1 Evacuation Pause) 187M->71M(256M) 20,503ms
[2024-08-04T21:08:49.284+0300][5,087s][info ][gc] GC(210) Pause Young (Normal) (G1 Evacuation Pause) 195M->97M(256M) 26,759ms
[2024-08-04T21:08:49.353+0300][5,156s][info ][gc] GC(211) Pause Young (Concurrent Start) (G1 Evacuation Pause) 203M->119M(256M) 26,934ms
[2024-08-04T21:08:49.353+0300][5,156s][info ][gc] GC(212) Concurrent Mark Cycle
[2024-08-04T21:08:49.418+0300][5,222s][info ][gc] GC(213) Pause Young (Normal) (G1 Evacuation Pause) 210M->139M(256M) 21,568ms
[2024-08-04T21:08:49.439+0300][5,242s][info ][gc] GC(212) Pause Remark 178M->178M(256M) 0,570ms
[2024-08-04T21:08:49.470+0300][5,273s][info ][gc] GC(214) Pause Young (Normal) (G1 Evacuation Pause) 216M->155M(256M) 15,392ms
[2024-08-04T21:08:49.475+0300][5,279s][info ][gc] GC(212) Pause Cleanup 169M->169M(256M) 0,105ms
[2024-08-04T21:08:49.476+0300][5,279s][info ][gc] GC(212) Concurrent Mark Cycle 122,693ms
[2024-08-04T21:08:49.510+0300][5,314s][info ][gc] GC(215) Pause Young (Prepare Mixed) (G1 Evacuation Pause) 221M->170M(256M) 13,775ms
[2024-08-04T21:08:49.546+0300][5,350s][info ][gc] GC(216) Pause Young (Mixed) (G1 Evacuation Pause) 225M->183M(256M) 13,926ms
[2024-08-04T21:08:49.577+0300][5,381s][info ][gc] GC(217) Pause Young (Concurrent Start) (G1 Evacuation Pause) 230M->193M(256M) 12,063ms
[2024-08-04T21:08:49.578+0300][5,381s][info ][gc] GC(218) Concurrent Mark Cycle
[2024-08-04T21:08:49.606+0300][5,410s][info ][gc] GC(219) Pause Young (Normal) (G1 Evacuation Pause) 232M->202M(256M) 10,040ms
[2024-08-04T21:08:49.630+0300][5,434s][info ][gc] GC(220) Pause Young (Normal) (G1 Evacuation Pause) 233M->209M(256M) 8,348ms
[2024-08-04T21:08:49.648+0300][5,452s][info ][gc] GC(221) Pause Young (Normal) (G1 Evacuation Pause) 234M->215M(256M) 5,884ms
[2024-08-04T21:08:49.663+0300][5,466s][info ][gc] GC(222) Pause Young (Normal) (G1 Evacuation Pause) 235M->220M(256M) 4,604ms
[2024-08-04T21:08:49.674+0300][5,478s][info ][gc] GC(223) Pause Young (Normal) (G1 Evacuation Pause) 236M->224M(256M) 3,990ms
[2024-08-04T21:08:49.684+0300][5,488s][info ][gc] GC(224) Pause Young (Normal) (G1 Evacuation Pause) 236M->227M(256M) 3,658ms
[2024-08-04T21:08:49.692+0300][5,496s][info ][gc] GC(225) Pause Young (Normal) (G1 Evacuation Pause) 237M->229M(256M) 2,967ms
[2024-08-04T21:08:49.701+0300][5,505s][info ][gc] GC(226) Pause Young (Normal) (G1 Evacuation Pause) 239M->231M(256M) 3,122ms
[2024-08-04T21:08:49.709+0300][5,512s][info ][gc] GC(227) Pause Young (Normal) (G1 Evacuation Pause) 241M->234M(256M) 2,691ms
[2024-08-04T21:08:49.717+0300][5,520s][info ][gc] GC(228) Pause Young (Normal) (G1 Evacuation Pause) 244M->236M(256M) 2,725ms
[2024-08-04T21:08:49.725+0300][5,528s][info ][gc] GC(229) Pause Young (Normal) (G1 Evacuation Pause) 246M->238M(256M) 2,814ms
[2024-08-04T21:08:49.733+0300][5,536s][info ][gc] GC(230) Pause Young (Normal) (G1 Evacuation Pause) 248M->240M(256M) 2,616ms
[2024-08-04T21:08:49.741+0300][5,545s][info ][gc] GC(231) Pause Young (Normal) (G1 Evacuation Pause) (Evacuation Failure) 250M->247M(256M) 3,181ms
[2024-08-04T21:08:49.746+0300][5,550s][info ][gc] GC(232) Pause Young (Normal) (G1 Evacuation Pause) (Evacuation Failure) 252M->251M(256M) 2,079ms
[2024-08-04T21:08:49.749+0300][5,552s][info ][gc] GC(233) Pause Young (Normal) (G1 Evacuation Pause) (Evacuation Failure) 252M->251M(256M) 1,973ms
[2024-08-04T21:08:49.749+0300][5,553s][debug][gc] GC(234) Clear Bitmap 0,200ms
[2024-08-04T21:08:49.840+0300][5,643s][info ][gc] GC(234) Pause Full (G1 Compaction Pause) 251M->227M(256M) 91,053ms
[2024-08-04T21:08:49.840+0300][5,643s][info ][gc] GC(218) Concurrent Mark Cycle 262,365ms
[2024-08-04T21:08:49.847+0300][5,651s][info ][gc] GC(235) Pause Young (Normal) (G1 Evacuation Pause) 239M->230M(256M) 2,242ms
[2024-08-04T21:08:49.855+0300][5,659s][info ][gc] GC(236) Pause Young (Concurrent Start) (G1 Evacuation Pause) 240M->232M(256M) 2,879ms
[2024-08-04T21:08:49.855+0300][5,659s][info ][gc] GC(237) Concurrent Mark Cycle
[2024-08-04T21:08:49.862+0300][5,666s][info ][gc] GC(238) Pause Young (Normal) (G1 Evacuation Pause) 242M->234M(256M) 2,281ms
[2024-08-04T21:08:49.870+0300][5,673s][info ][gc] GC(239) Pause Young (Normal) (G1 Evacuation Pause) 244M->236M(256M) 2,303ms
[2024-08-04T21:08:49.877+0300][5,681s][info ][gc] GC(240) Pause Young (Normal) (G1 Evacuation Pause) 246M->238M(256M) 2,403ms
[2024-08-04T21:08:49.913+0300][5,717s][info ][gc] GC(241) Pause Young (Normal) (G1 Evacuation Pause) 248M->238M(256M) 1,410ms
[2024-08-04T21:08:49.921+0300][5,725s][info ][gc] GC(242) Pause Young (Normal) (G1 Evacuation Pause) 248M->240M(256M) 2,195ms
[2024-08-04T21:08:49.930+0300][5,734s][info ][gc] GC(243) Pause Young (Normal) (G1 Evacuation Pause) (Evacuation Failure) 250M->250M(256M) 3,544ms
[2024-08-04T21:08:49.932+0300][5,736s][info ][gc] GC(244) Pause Young (Normal) (G1 Evacuation Pause) (Evacuation Failure) 251M->251M(256M) 1,531ms
[2024-08-04T21:08:49.933+0300][5,736s][debug][gc] GC(245) Clear Bitmap 0,189ms
[2024-08-04T21:08:49.951+0300][5,754s][info ][gc] GC(245) Pause Full (G1 Compaction Pause) 251M->42M(256M) 18,498ms
[2024-08-04T21:08:49.951+0300][5,755s][info ][gc] GC(237) Concurrent Mark Cycle 95,996ms
[2024-08-04T21:08:50.026+0300][5,830s][info ][gc] GC(246) Pause Young (Normal) (G1 Evacuation Pause) 187M->71M(256M) 18,457ms
[2024-08-04T21:08:50.101+0300][5,905s][info ][gc] GC(247) Pause Young (Normal) (G1 Evacuation Pause) 196M->98M(256M) 24,772ms
[2024-08-04T21:08:50.165+0300][5,969s][info ][gc] GC(248) Pause Young (Concurrent Start) (G1 Evacuation Pause) 204M->120M(256M) 22,155ms
[2024-08-04T21:08:50.165+0300][5,969s][info ][gc] GC(249) Concurrent Mark Cycle
[2024-08-04T21:08:50.227+0300][6,030s][info ][gc] GC(250) Pause Young (Normal) (G1 Evacuation Pause) 210M->140M(256M) 17,498ms
[2024-08-04T21:08:50.247+0300][6,051s][info ][gc] GC(249) Pause Remark 182M->182M(256M) 0,615ms
[2024-08-04T21:08:50.274+0300][6,077s][info ][gc] GC(251) Pause Young (Normal) (G1 Evacuation Pause) 216M->157M(256M) 12,352ms
[2024-08-04T21:08:50.281+0300][6,084s][info ][gc] GC(249) Pause Cleanup 174M->174M(256M) 0,142ms
[2024-08-04T21:08:50.281+0300][6,085s][info ][gc] GC(249) Concurrent Mark Cycle 115,781ms
[2024-08-04T21:08:50.311+0300][6,115s][info ][gc] GC(252) Pause Young (Prepare Mixed) (G1 Evacuation Pause) 221M->171M(256M) 11,289ms
[2024-08-04T21:08:50.346+0300][6,149s][info ][gc] GC(253) Pause Young (Mixed) (G1 Evacuation Pause) 226M->184M(256M) 12,740ms
[2024-08-04T21:08:50.376+0300][6,179s][info ][gc] GC(254) Pause Young (Concurrent Start) (G1 Evacuation Pause) 230M->194M(256M) 11,320ms
[2024-08-04T21:08:50.376+0300][6,179s][info ][gc] GC(255) Concurrent Mark Cycle
[2024-08-04T21:08:50.404+0300][6,207s][info ][gc] GC(256) Pause Young (Normal) (G1 Evacuation Pause) 232M->203M(256M) 9,251ms
[2024-08-04T21:08:50.426+0300][6,230s][info ][gc] GC(257) Pause Young (Normal) (G1 Evacuation Pause) 233M->209M(256M) 7,757ms
[2024-08-04T21:08:50.443+0300][6,247s][info ][gc] GC(258) Pause Young (Normal) (G1 Evacuation Pause) 233M->215M(256M) 4,986ms
[2024-08-04T21:08:50.457+0300][6,261s][info ][gc] GC(259) Pause Young (Normal) (G1 Evacuation Pause) 235M->219M(256M) 4,040ms
[2024-08-04T21:08:50.469+0300][6,272s][info ][gc] GC(260) Pause Young (Normal) (G1 Evacuation Pause) 235M->223M(256M) 3,501ms
[2024-08-04T21:08:50.478+0300][6,282s][info ][gc] GC(261) Pause Young (Normal) (G1 Evacuation Pause) 235M->226M(256M) 3,400ms
[2024-08-04T21:08:50.486+0300][6,290s][info ][gc] GC(262) Pause Young (Normal) (G1 Evacuation Pause) 237M->228M(256M) 2,494ms
[2024-08-04T21:08:50.494+0300][6,298s][info ][gc] GC(263) Pause Young (Normal) (G1 Evacuation Pause) 238M->231M(256M) 2,729ms
[2024-08-04T21:08:50.502+0300][6,306s][info ][gc] GC(264) Pause Young (Normal) (G1 Evacuation Pause) 241M->233M(256M) 2,629ms
[2024-08-04T21:08:50.510+0300][6,314s][info ][gc] GC(265) Pause Young (Normal) (G1 Evacuation Pause) 243M->235M(256M) 2,688ms
[2024-08-04T21:08:50.518+0300][6,322s][info ][gc] GC(266) Pause Young (Normal) (G1 Evacuation Pause) 245M->237M(256M) 2,670ms
[2024-08-04T21:08:50.526+0300][6,329s][info ][gc] GC(267) Pause Young (Normal) (G1 Evacuation Pause) 247M->240M(256M) 2,652ms
[2024-08-04T21:08:50.534+0300][6,338s][info ][gc] GC(268) Pause Young (Normal) (G1 Evacuation Pause) (Evacuation Failure) 250M->249M(256M) 3,143ms
[2024-08-04T21:08:50.538+0300][6,342s][info ][gc] GC(269) Pause Young (Normal) (G1 Evacuation Pause) (Evacuation Failure) 252M->250M(256M) 1,994ms
[2024-08-04T21:08:50.541+0300][6,344s][info ][gc] GC(270) Pause Young (Normal) (G1 Evacuation Pause) (Evacuation Failure) 252M->250M(256M) 1,470ms
[2024-08-04T21:08:50.543+0300][6,346s][info ][gc] GC(271) Pause Young (Normal) (G1 Evacuation Pause) 251M->250M(256M) 1,187ms
[2024-08-04T21:08:50.545+0300][6,348s][info ][gc] GC(272) Pause Young (Normal) (G1 Evacuation Pause) (Evacuation Failure) 251M->251M(256M) 1,317ms
[2024-08-04T21:08:50.545+0300][6,349s][debug][gc] GC(273) Clear Bitmap 0,171ms
[2024-08-04T21:08:50.648+0300][6,452s][info ][gc] GC(273) Pause Full (G1 Compaction Pause) 251M->226M(256M) 103,055ms
[2024-08-04T21:08:50.648+0300][6,452s][info ][gc] GC(255) Concurrent Mark Cycle 272,333ms
[2024-08-04T21:08:50.655+0300][6,459s][info ][gc] GC(274) Pause Young (Normal) (G1 Evacuation Pause) 238M->229M(256M) 2,357ms
[2024-08-04T21:08:50.663+0300][6,466s][info ][gc] GC(275) Pause Young (Concurrent Start) (G1 Evacuation Pause) 239M->231M(256M) 2,805ms
[2024-08-04T21:08:50.663+0300][6,466s][info ][gc] GC(276) Concurrent Mark Cycle
[2024-08-04T21:08:50.670+0300][6,474s][info ][gc] GC(277) Pause Young (Normal) (G1 Evacuation Pause) 241M->233M(256M) 2,078ms
[2024-08-04T21:08:50.677+0300][6,481s][info ][gc] GC(278) Pause Young (Normal) (G1 Evacuation Pause) 243M->235M(256M) 2,158ms
[2024-08-04T21:08:50.684+0300][6,488s][info ][gc] GC(279) Pause Young (Normal) (G1 Evacuation Pause) 245M->237M(256M) 2,373ms
[2024-08-04T21:08:50.692+0300][6,495s][info ][gc] GC(280) Pause Young (Normal) (G1 Evacuation Pause) 247M->239M(256M) 2,150ms
[2024-08-04T21:08:50.726+0300][6,530s][info ][gc] GC(281) Pause Young (Normal) (G1 Evacuation Pause) 249M->240M(256M) 1,776ms
[2024-08-04T21:08:50.735+0300][6,538s][info ][gc] GC(282) Pause Young (Normal) (G1 Evacuation Pause) (Evacuation Failure) 250M->249M(256M) 3,111ms
[2024-08-04T21:08:50.737+0300][6,541s][info ][gc] GC(283) Pause Young (Normal) (G1 Evacuation Pause) (Evacuation Failure) 251M->250M(256M) 1,618ms
[2024-08-04T21:08:50.740+0300][6,543s][info ][gc] GC(284) Pause Young (Normal) (G1 Evacuation Pause) 251M->250M(256M) 1,248ms
[2024-08-04T21:08:50.742+0300][6,545s][info ][gc] GC(285) Pause Young (Normal) (G1 Evacuation Pause) 251M->250M(256M) 1,211ms
[2024-08-04T21:08:50.744+0300][6,548s][info ][gc] GC(286) Pause Young (Normal) (G1 Evacuation Pause) (Evacuation Failure) 252M->252M(256M) 1,119ms
[2024-08-04T21:08:50.745+0300][6,548s][debug][gc] GC(287) Clear Bitmap 0,176ms
[2024-08-04T21:08:50.763+0300][6,567s][info ][gc] GC(287) Pause Full (G1 Compaction Pause) 252M->42M(256M) 18,966ms
[2024-08-04T21:08:50.763+0300][6,567s][info ][gc] GC(276) Concurrent Mark Cycle 100,702ms
[2024-08-04T21:08:50.833+0300][6,636s][info ][gc] GC(288) Pause Young (Normal) (G1 Evacuation Pause) 187M->65M(256M) 15,975ms
[2024-08-04T21:08:50.910+0300][6,713s][info ][gc] GC(289) Pause Young (Normal) (G1 Evacuation Pause) 195M->92M(256M) 25,465ms
[2024-08-04T21:08:50.977+0300][6,780s][info ][gc] GC(290) Pause Young (Concurrent Start) (G1 Evacuation Pause) 202M->116M(256M) 23,230ms
[2024-08-04T21:08:50.977+0300][6,780s][info ][gc] GC(291) Concurrent Mark Cycle
[2024-08-04T21:08:51.040+0300][6,843s][info ][gc] GC(292) Pause Young (Normal) (G1 Evacuation Pause) 210M->136M(256M) 17,389ms
[2024-08-04T21:08:51.056+0300][6,860s][info ][gc] GC(291) Pause Remark 168M->168M(256M) 0,607ms
[2024-08-04T21:08:51.089+0300][6,893s][info ][gc] GC(293) Pause Young (Normal) (G1 Evacuation Pause) 216M->154M(256M) 13,389ms
[2024-08-04T21:08:51.090+0300][6,893s][info ][gc] GC(291) Pause Cleanup 155M->155M(256M) 0,112ms
[2024-08-04T21:08:51.090+0300][6,894s][info ][gc] GC(291) Concurrent Mark Cycle 113,337ms
[2024-08-04T21:08:51.128+0300][6,932s][info ][gc] GC(294) Pause Young (Prepare Mixed) (G1 Evacuation Pause) 221M->169M(256M) 11,637ms
[2024-08-04T21:08:51.166+0300][6,970s][info ][gc] GC(295) Pause Young (Mixed) (G1 Evacuation Pause) 226M->181M(256M) 14,909ms
[2024-08-04T21:08:51.199+0300][7,002s][info ][gc] GC(296) Pause Young (Concurrent Start) (G1 Evacuation Pause) 230M->192M(256M) 12,722ms
[2024-08-04T21:08:51.199+0300][7,002s][info ][gc] GC(297) Concurrent Mark Cycle
[2024-08-04T21:08:51.229+0300][7,032s][info ][gc] GC(298) Pause Young (Normal) (G1 Evacuation Pause) 231M->201M(256M) 10,696ms
[2024-08-04T21:08:51.253+0300][7,056s][info ][gc] GC(299) Pause Young (Normal) (G1 Evacuation Pause) 233M->208M(256M) 8,508ms
[2024-08-04T21:08:51.270+0300][7,074s][info ][gc] GC(300) Pause Young (Normal) (G1 Evacuation Pause) 233M->214M(256M) 5,171ms
[2024-08-04T21:08:51.285+0300][7,089s][info ][gc] GC(301) Pause Young (Normal) (G1 Evacuation Pause) 235M->219M(256M) 4,532ms
[2024-08-04T21:08:51.297+0300][7,100s][info ][gc] GC(302) Pause Young (Normal) (G1 Evacuation Pause) 235M->223M(256M) 3,647ms
[2024-08-04T21:08:51.306+0300][7,110s][info ][gc] GC(303) Pause Young (Normal) (G1 Evacuation Pause) 236M->226M(256M) 3,019ms
[2024-08-04T21:08:51.314+0300][7,118s][info ][gc] GC(304) Pause Young (Normal) (G1 Evacuation Pause) 237M->229M(256M) 2,392ms
[2024-08-04T21:08:51.322+0300][7,125s][info ][gc] GC(305) Pause Young (Normal) (G1 Evacuation Pause) 239M->231M(256M) 2,367ms
[2024-08-04T21:08:51.329+0300][7,133s][info ][gc] GC(306) Pause Young (Normal) (G1 Evacuation Pause) 241M->233M(256M) 2,433ms
[2024-08-04T21:08:51.336+0300][7,140s][info ][gc] GC(307) Pause Young (Normal) (G1 Evacuation Pause) 243M->235M(256M) 2,097ms
[2024-08-04T21:08:51.344+0300][7,148s][info ][gc] GC(308) Pause Young (Normal) (G1 Evacuation Pause) 245M->237M(256M) 2,645ms
[2024-08-04T21:08:51.347+0300][7,151s][info ][gc] GC(297) Pause Remark 242M->242M(256M) 0,624ms
[2024-08-04T21:08:51.352+0300][7,156s][info ][gc] GC(309) Pause Young (Normal) (G1 Evacuation Pause) 247M->240M(256M) 2,621ms
[2024-08-04T21:08:51.360+0300][7,163s][info ][gc] GC(310) Pause Young (Normal) (G1 Evacuation Pause) (Evacuation Failure) 250M->247M(256M) 3,020ms
[2024-08-04T21:08:51.364+0300][7,168s][info ][gc] GC(311) Pause Young (Normal) (G1 Evacuation Pause) (Evacuation Failure) 252M->251M(256M) 2,077ms
[2024-08-04T21:08:51.367+0300][7,170s][info ][gc] GC(312) Pause Young (Normal) (G1 Evacuation Pause) (Evacuation Failure) 252M->251M(256M) 1,650ms
[2024-08-04T21:08:51.367+0300][7,171s][debug][gc] GC(313) Clear Bitmap 0,159ms
[2024-08-04T21:08:51.476+0300][7,280s][info ][gc] GC(313) Pause Full (G1 Compaction Pause) 251M->227M(256M) 109,615ms
[2024-08-04T21:08:51.477+0300][7,280s][info ][gc] GC(297) Concurrent Mark Cycle 277,922ms
[2024-08-04T21:08:51.484+0300][7,288s][info ][gc] GC(314) Pause Young (Normal) (G1 Evacuation Pause) 239M->229M(256M) 2,580ms
[2024-08-04T21:08:51.492+0300][7,295s][info ][gc] GC(315) Pause Young (Concurrent Start) (G1 Evacuation Pause) 239M->231M(256M) 2,970ms
[2024-08-04T21:08:51.492+0300][7,295s][info ][gc] GC(316) Concurrent Mark Cycle
[2024-08-04T21:08:51.499+0300][7,303s][info ][gc] GC(317) Pause Young (Normal) (G1 Evacuation Pause) 241M->233M(256M) 2,281ms
[2024-08-04T21:08:51.507+0300][7,310s][info ][gc] GC(318) Pause Young (Normal) (G1 Evacuation Pause) 243M->236M(256M) 2,533ms
[2024-08-04T21:08:51.514+0300][7,318s][info ][gc] GC(319) Pause Young (Normal) (G1 Evacuation Pause) 246M->238M(256M) 2,334ms
[2024-08-04T21:08:51.548+0300][7,352s][info ][gc] GC(320) Pause Young (Normal) (G1 Evacuation Pause) 248M->236M(256M) 1,351ms
[2024-08-04T21:08:51.556+0300][7,359s][info ][gc] GC(321) Pause Young (Normal) (G1 Evacuation Pause) 247M->238M(256M) 2,103ms
[2024-08-04T21:08:51.564+0300][7,367s][info ][gc] GC(322) Pause Young (Normal) (G1 Evacuation Pause) 248M->240M(256M) 2,577ms
[2024-08-04T21:08:51.572+0300][7,376s][info ][gc] GC(323) Pause Young (Normal) (G1 Evacuation Pause) (Evacuation Failure) 250M->251M(256M) 3,443ms
[2024-08-04T21:08:51.574+0300][7,378s][info ][gc] GC(324) Pause Young (Normal) (G1 Evacuation Pause) (Evacuation Failure) 252M->251M(256M) 1,616ms
[2024-08-04T21:08:51.575+0300][7,378s][debug][gc] GC(325) Clear Bitmap 0,187ms
[2024-08-04T21:08:51.594+0300][7,398s][info ][gc] GC(325) Pause Full (G1 Compaction Pause) 251M->44M(256M) 19,909ms
[2024-08-04T21:08:51.594+0300][7,398s][info ][gc] GC(316) Concurrent Mark Cycle 102,647ms
[2024-08-04T21:08:51.671+0300][7,474s][info ][gc] GC(326) Pause Young (Normal) (G1 Evacuation Pause) 188M->72M(256M) 20,017ms
[2024-08-04T21:08:51.746+0300][7,550s][info ][gc] GC(327) Pause Young (Normal) (G1 Evacuation Pause) 196M->98M(256M) 26,288ms
[2024-08-04T21:08:51.810+0300][7,613s][info ][gc] GC(328) Pause Young (Concurrent Start) (G1 Evacuation Pause) 203M->121M(256M) 21,756ms
[2024-08-04T21:08:51.813+0300][7,617s][info ][gc] GC(329) Concurrent Mark Cycle
[2024-08-04T21:08:51.877+0300][7,681s][info ][gc] GC(330) Pause Young (Normal) (G1 Evacuation Pause) 211M->140M(256M) 19,609ms
[2024-08-04T21:08:51.896+0300][7,700s][info ][gc] GC(329) Pause Remark 174M->174M(256M) 0,421ms
[2024-08-04T21:08:51.914+0300][7,717s][info ][gc] GC(329) Pause Cleanup 214M->214M(256M) 0,103ms
[2024-08-04T21:08:51.914+0300][7,718s][info ][gc] GC(329) Concurrent Mark Cycle 100,704ms
[2024-08-04T21:08:51.927+0300][7,731s][info ][gc] GC(331) Pause Young (Prepare Mixed) (G1 Evacuation Pause) 217M->157M(256M) 11,884ms
[2024-08-04T21:08:51.965+0300][7,769s][info ][gc] GC(332) Pause Young (Mixed) (G1 Evacuation Pause) 222M->171M(256M) 10,045ms
[2024-08-04T21:08:51.998+0300][7,802s][info ][gc] GC(333) Pause Young (Concurrent Start) (G1 Evacuation Pause) 228M->184M(256M) 11,169ms
[2024-08-04T21:08:51.999+0300][7,802s][info ][gc] GC(334) Concurrent Mark Cycle
[2024-08-04T21:08:52.032+0300][7,836s][info ][gc] GC(335) Pause Young (Normal) (G1 Evacuation Pause) 231M->194M(256M) 10,731ms
[2024-08-04T21:08:52.059+0300][7,863s][info ][gc] GC(336) Pause Young (Normal) (G1 Evacuation Pause) 233M->202M(256M) 7,753ms
[2024-08-04T21:08:52.081+0300][7,885s][info ][gc] GC(337) Pause Young (Normal) (G1 Evacuation Pause) 233M->210M(256M) 5,919ms
[2024-08-04T21:08:52.100+0300][7,903s][info ][gc] GC(338) Pause Young (Normal) (G1 Evacuation Pause) 235M->215M(256M) 4,885ms
[2024-08-04T21:08:52.116+0300][7,920s][info ][gc] GC(339) Pause Young (Normal) (G1 Evacuation Pause) 235M->220M(256M) 4,252ms
[2024-08-04T21:08:52.123+0300][7,927s][info ][gc] GC(334) Pause Remark 230M->230M(256M) 0,565ms
[2024-08-04T21:08:52.130+0300][7,933s][info ][gc] GC(340) Pause Young (Normal) (G1 Evacuation Pause) 236M->224M(256M) 3,712ms
[2024-08-04T21:08:52.138+0300][7,942s][info ][gc] GC(341) Pause Young (Normal) (G1 Evacuation Pause) 236M->227M(256M) 3,308ms
[2024-08-04T21:08:52.145+0300][7,949s][info ][gc] GC(342) Pause Young (Normal) (G1 Evacuation Pause) 238M->229M(256M) 2,672ms
[2024-08-04T21:08:52.153+0300][7,956s][info ][gc] GC(343) Pause Young (Normal) (G1 Evacuation Pause) 239M->232M(256M) 2,507ms
[2024-08-04T21:08:52.160+0300][7,964s][info ][gc] GC(344) Pause Young (Normal) (G1 Evacuation Pause) 242M->234M(256M) 2,507ms
[2024-08-04T21:08:52.172+0300][7,976s][info ][gc] GC(345) Pause Young (Normal) (G1 Evacuation Pause) 244M->236M(256M) 2,733ms
[2024-08-04T21:08:52.174+0300][7,977s][info ][gc] GC(334) Pause Cleanup 237M->237M(256M) 0,135ms
[2024-08-04T21:08:52.174+0300][7,977s][info ][gc] GC(334) Concurrent Mark Cycle 175,322ms
[2024-08-04T21:08:52.184+0300][7,988s][info ][gc] GC(346) Pause Young (Prepare Mixed) (G1 Evacuation Pause) 246M->238M(256M) 2,676ms
[2024-08-04T21:08:52.193+0300][7,996s][info ][gc] GC(347) Pause Young (Mixed) (G1 Evacuation Pause) 248M->239M(256M) 3,359ms
[2024-08-04T21:08:52.201+0300][8,004s][info ][gc] GC(348) Pause Young (Concurrent Start) (G1 Evacuation Pause) 249M->241M(256M) 3,077ms
[2024-08-04T21:08:52.201+0300][8,005s][info ][gc] GC(349) Concurrent Mark Cycle
[2024-08-04T21:08:52.211+0300][8,015s][info ][gc] GC(350) Pause Young (Normal) (G1 Evacuation Pause) (Evacuation Failure) 251M->250M(256M) 3,427ms
[2024-08-04T21:08:52.215+0300][8,019s][info ][gc] GC(351) Pause Young (Normal) (G1 Evacuation Pause) (Evacuation Failure) 253M->251M(256M) 1,824ms
[2024-08-04T21:08:52.218+0300][8,022s][info ][gc] GC(352) Pause Young (Normal) (G1 Evacuation Pause) (Evacuation Failure) 253M->252M(256M) 1,514ms
[2024-08-04T21:08:52.220+0300][8,024s][info ][gc] GC(353) Pause Young (Normal) (G1 Evacuation Pause) 253M->252M(256M) 1,156ms
[2024-08-04T21:08:52.223+0300][8,026s][info ][gc] GC(354) Pause Young (Normal) (G1 Evacuation Pause) (Evacuation Failure) 253M->252M(256M) 1,337ms
[2024-08-04T21:08:52.223+0300][8,027s][debug][gc] GC(355) Clear Bitmap 0,194ms
[2024-08-04T21:08:52.336+0300][8,140s][info ][gc] GC(355) Pause Full (G1 Compaction Pause) 252M->231M(256M) 113,152ms
[2024-08-04T21:08:52.336+0300][8,140s][info ][gc] GC(349) Concurrent Mark Cycle 135,177ms
[2024-08-04T21:08:52.344+0300][8,147s][info ][gc] GC(356) Pause Young (Normal) (G1 Evacuation Pause) 243M->233M(256M) 2,195ms
[2024-08-04T21:08:52.351+0300][8,155s][info ][gc] GC(357) Pause Young (Concurrent Start) (G1 Evacuation Pause) 243M->235M(256M) 3,069ms
[2024-08-04T21:08:52.351+0300][8,155s][info ][gc] GC(358) Concurrent Mark Cycle
[2024-08-04T21:08:52.360+0300][8,163s][info ][gc] GC(359) Pause Young (Normal) (G1 Evacuation Pause) 245M->237M(256M) 2,522ms
[2024-08-04T21:08:52.396+0300][8,199s][info ][gc] GC(360) Pause Young (Normal) (G1 Evacuation Pause) 247M->236M(256M) 1,197ms
[2024-08-04T21:08:52.403+0300][8,207s][info ][gc] GC(361) Pause Young (Normal) (G1 Evacuation Pause) 247M->238M(256M) 2,108ms
[2024-08-04T21:08:52.412+0300][8,216s][info ][gc] GC(362) Pause Young (Normal) (G1 Evacuation Pause) 248M->240M(256M) 2,757ms
[2024-08-04T21:08:52.421+0300][8,225s][info ][gc] GC(363) Pause Young (Normal) (G1 Evacuation Pause) (Evacuation Failure) 250M->250M(256M) 3,389ms
[2024-08-04T21:08:52.425+0300][8,228s][info ][gc] GC(364) Pause Young (Normal) (G1 Evacuation Pause) (Evacuation Failure) 252M->250M(256M) 1,648ms
[2024-08-04T21:08:52.427+0300][8,230s][info ][gc] GC(365) Pause Young (Normal) (G1 Evacuation Pause) 251M->250M(256M) 1,097ms
[2024-08-04T21:08:52.429+0300][8,232s][info ][gc] GC(366) Pause Young (Normal) (G1 Evacuation Pause) (Evacuation Failure) 251M->251M(256M) 1,186ms
[2024-08-04T21:08:52.429+0300][8,233s][debug][gc] GC(367) Clear Bitmap 0,199ms
[2024-08-04T21:08:52.448+0300][8,252s][info ][gc] GC(367) Pause Full (G1 Compaction Pause) 251M->44M(256M) 19,710ms
[2024-08-04T21:08:52.448+0300][8,252s][info ][gc] GC(358) Concurrent Mark Cycle 97,267ms
[2024-08-04T21:08:52.527+0300][8,331s][info ][gc] GC(368) Pause Young (Normal) (G1 Evacuation Pause) 188M->73M(256M) 21,791ms
[2024-08-04T21:08:52.605+0300][8,408s][info ][gc] GC(369) Pause Young (Normal) (G1 Evacuation Pause) 197M->98M(256M) 28,485ms
[2024-08-04T21:08:52.674+0300][8,478s][info ][gc] GC(370) Pause Young (Concurrent Start) (G1 Evacuation Pause) 204M->121M(256M) 27,161ms
[2024-08-04T21:08:52.674+0300][8,478s][info ][gc] GC(371) Concurrent Mark Cycle
[2024-08-04T21:08:52.734+0300][8,537s][info ][gc] GC(372) Pause Young (Normal) (G1 Evacuation Pause) 211M->140M(256M) 15,866ms
[2024-08-04T21:08:52.750+0300][8,553s][info ][gc] GC(371) Pause Remark 171M->171M(256M) 0,634ms
[2024-08-04T21:08:52.781+0300][8,585s][info ][gc] GC(373) Pause Young (Normal) (G1 Evacuation Pause) 217M->157M(256M) 13,306ms
[2024-08-04T21:08:52.782+0300][8,586s][info ][gc] GC(371) Pause Cleanup 158M->158M(256M) 0,090ms
[2024-08-04T21:08:52.782+0300][8,586s][info ][gc] GC(371) Concurrent Mark Cycle 108,285ms
[2024-08-04T21:08:52.822+0300][8,625s][info ][gc] GC(374) Pause Young (Prepare Mixed) (G1 Evacuation Pause) 222M->172M(256M) 13,936ms
[2024-08-04T21:08:52.863+0300][8,666s][info ][gc] GC(375) Pause Young (Mixed) (G1 Evacuation Pause) 227M->184M(256M) 13,450ms
[2024-08-04T21:08:52.896+0300][8,699s][info ][gc] GC(376) Pause Young (Concurrent Start) (G1 Evacuation Pause) 230M->194M(256M) 14,429ms
[2024-08-04T21:08:52.896+0300][8,699s][info ][gc] GC(377) Concurrent Mark Cycle
[2024-08-04T21:08:52.925+0300][8,729s][info ][gc] GC(378) Pause Young (Normal) (G1 Evacuation Pause) 232M->203M(256M) 7,961ms
[2024-08-04T21:08:52.947+0300][8,751s][info ][gc] GC(379) Pause Young (Normal) (G1 Evacuation Pause) 233M->210M(256M) 6,847ms
[2024-08-04T21:08:52.970+0300][8,773s][info ][gc] GC(380) Pause Young (Normal) (G1 Evacuation Pause) 234M->216M(256M) 5,146ms
[2024-08-04T21:08:52.987+0300][8,791s][info ][gc] GC(381) Pause Young (Normal) (G1 Evacuation Pause) 235M->220M(256M) 4,738ms
[2024-08-04T21:08:53.001+0300][8,805s][info ][gc] GC(382) Pause Young (Normal) (G1 Evacuation Pause) 235M->224M(256M) 3,783ms
[2024-08-04T21:08:53.013+0300][8,817s][info ][gc] GC(383) Pause Young (Normal) (G1 Evacuation Pause) 236M->227M(256M) 4,036ms
[2024-08-04T21:08:53.023+0300][8,827s][info ][gc] GC(384) Pause Young (Normal) (G1 Evacuation Pause) 237M->229M(256M) 3,091ms
[2024-08-04T21:08:53.033+0300][8,837s][info ][gc] GC(385) Pause Young (Normal) (G1 Evacuation Pause) 239M->231M(256M) 2,726ms
[2024-08-04T21:08:53.043+0300][8,846s][info ][gc] GC(386) Pause Young (Normal) (G1 Evacuation Pause) 241M->233M(256M) 2,391ms
[2024-08-04T21:08:53.050+0300][8,854s][info ][gc] GC(387) Pause Young (Normal) (G1 Evacuation Pause) 243M->236M(256M) 2,490ms
[2024-08-04T21:08:53.054+0300][8,857s][info ][gc] GC(377) Pause Remark 241M->241M(256M) 0,449ms
[2024-08-04T21:08:53.058+0300][8,862s][info ][gc] GC(388) Pause Young (Normal) (G1 Evacuation Pause) 246M->238M(256M) 2,500ms
[2024-08-04T21:08:53.065+0300][8,869s][info ][gc] GC(389) Pause Young (Normal) (G1 Evacuation Pause) 248M->240M(256M) 2,793ms
[2024-08-04T21:08:53.073+0300][8,876s][info ][gc] GC(390) Pause Young (Normal) (G1 Evacuation Pause) (Evacuation Failure) 250M->250M(256M) 3,093ms
[2024-08-04T21:08:53.075+0300][8,879s][info ][gc] GC(391) Pause Young (Normal) (G1 Evacuation Pause) (Evacuation Failure) 252M->251M(256M) 1,498ms
[2024-08-04T21:08:53.077+0300][8,880s][info ][gc] GC(392) Pause Young (Normal) (G1 Evacuation Pause) 252M->251M(256M) 0,961ms
[2024-08-04T21:08:53.079+0300][8,882s][info ][gc] GC(393) Pause Young (Normal) (G1 Evacuation Pause) (Evacuation Failure) 252M->251M(256M) 1,015ms
[2024-08-04T21:08:53.079+0300][8,882s][debug][gc] GC(394) Clear Bitmap 0,178ms
[2024-08-04T21:08:53.181+0300][8,985s][info ][gc] GC(394) Pause Full (G1 Compaction Pause) 251M->227M(256M) 102,610ms
[2024-08-04T21:08:53.181+0300][8,985s][info ][gc] GC(377) Concurrent Mark Cycle 285,486ms
[2024-08-04T21:08:53.188+0300][8,992s][info ][gc] GC(395) Pause Young (Normal) (G1 Evacuation Pause) 239M->230M(256M) 2,066ms
[2024-08-04T21:08:53.195+0300][8,999s][info ][gc] GC(396) Pause Young (Concurrent Start) (G1 Evacuation Pause) 240M->232M(256M) 2,677ms
[2024-08-04T21:08:53.195+0300][8,999s][info ][gc] GC(397) Concurrent Mark Cycle
[2024-08-04T21:08:53.203+0300][9,006s][info ][gc] GC(398) Pause Young (Normal) (G1 Evacuation Pause) 242M->234M(256M) 2,407ms
[2024-08-04T21:08:53.210+0300][9,014s][info ][gc] GC(399) Pause Young (Normal) (G1 Evacuation Pause) 244M->236M(256M) 2,338ms
[2024-08-04T21:08:53.217+0300][9,021s][info ][gc] GC(400) Pause Young (Normal) (G1 Evacuation Pause) 246M->238M(256M) 2,302ms
[2024-08-04T21:08:53.251+0300][9,055s][info ][gc] GC(401) Pause Young (Normal) (G1 Evacuation Pause) 248M->237M(256M) 1,280ms
[2024-08-04T21:08:53.259+0300][9,063s][info ][gc] GC(402) Pause Young (Normal) (G1 Evacuation Pause) 248M->240M(256M) 2,170ms
[2024-08-04T21:08:53.268+0300][9,071s][info ][gc] GC(403) Pause Young (Normal) (G1 Evacuation Pause) (Evacuation Failure) 250M->251M(256M) 3,544ms
[2024-08-04T21:08:53.268+0300][9,072s][debug][gc] GC(404) Clear Bitmap 0,219ms
[2024-08-04T21:08:53.287+0300][9,091s][info ][gc] GC(404) Pause Full (G1 Compaction Pause) 251M->42M(256M) 19,078ms
[2024-08-04T21:08:53.287+0300][9,091s][info ][gc] GC(397) Concurrent Mark Cycle 91,842ms
[2024-08-04T21:08:53.364+0300][9,167s][info ][gc] GC(405) Pause Young (Normal) (G1 Evacuation Pause) 187M->71M(256M) 19,908ms
[2024-08-04T21:08:53.439+0300][9,242s][info ][gc] GC(406) Pause Young (Normal) (G1 Evacuation Pause) 196M->97M(256M) 25,233ms
[2024-08-04T21:08:53.504+0300][9,308s][info ][gc] GC(407) Pause Young (Concurrent Start) (G1 Evacuation Pause) 204M->120M(256M) 22,701ms
[2024-08-04T21:08:53.504+0300][9,308s][info ][gc] GC(408) Concurrent Mark Cycle
[2024-08-04T21:08:53.566+0300][9,369s][info ][gc] GC(409) Pause Young (Normal) (G1 Evacuation Pause) 211M->140M(256M) 17,559ms
[2024-08-04T21:08:53.577+0300][9,381s][info ][gc] GC(408) Pause Remark 162M->162M(256M) 0,505ms
[2024-08-04T21:08:53.597+0300][9,400s][info ][gc] GC(408) Pause Cleanup 210M->210M(256M) 0,152ms
[2024-08-04T21:08:53.597+0300][9,400s][info ][gc] GC(408) Concurrent Mark Cycle 92,863ms
[2024-08-04T21:08:53.613+0300][9,417s][info ][gc] GC(410) Pause Young (Prepare Mixed) (G1 Evacuation Pause) 217M->156M(256M) 13,504ms
[2024-08-04T21:08:53.651+0300][9,454s][info ][gc] GC(411) Pause Young (Mixed) (G1 Evacuation Pause) 222M->171M(256M) 11,523ms
[2024-08-04T21:08:53.686+0300][9,490s][info ][gc] GC(412) Pause Young (Concurrent Start) (G1 Evacuation Pause) 227M->183M(256M) 12,796ms
[2024-08-04T21:08:53.686+0300][9,490s][info ][gc] GC(413) Concurrent Mark Cycle
[2024-08-04T21:08:53.720+0300][9,524s][info ][gc] GC(414) Pause Young (Normal) (G1 Evacuation Pause) 230M->194M(256M) 11,123ms
[2024-08-04T21:08:53.747+0300][9,550s][info ][gc] GC(415) Pause Young (Normal) (G1 Evacuation Pause) 232M->202M(256M) 7,990ms
[2024-08-04T21:08:53.769+0300][9,573s][info ][gc] GC(416) Pause Young (Normal) (G1 Evacuation Pause) 233M->210M(256M) 6,555ms
[2024-08-04T21:08:53.787+0300][9,590s][info ][gc] GC(417) Pause Young (Normal) (G1 Evacuation Pause) 234M->215M(256M) 5,532ms
[2024-08-04T21:08:53.801+0300][9,605s][info ][gc] GC(418) Pause Young (Normal) (G1 Evacuation Pause) 234M->220M(256M) 4,779ms
[2024-08-04T21:08:53.813+0300][9,617s][info ][gc] GC(419) Pause Young (Normal) (G1 Evacuation Pause) 236M->224M(256M) 3,502ms
[2024-08-04T21:08:53.815+0300][9,618s][info ][gc] GC(413) Pause Remark 226M->226M(256M) 0,468ms
[2024-08-04T21:08:53.822+0300][9,626s][info ][gc] GC(420) Pause Young (Normal) (G1 Evacuation Pause) 236M->226M(256M) 3,171ms
[2024-08-04T21:08:53.829+0300][9,632s][info ][gc] GC(421) Pause Young (Normal) (G1 Evacuation Pause) 236M->229M(256M) 2,515ms
[2024-08-04T21:08:53.835+0300][9,639s][info ][gc] GC(422) Pause Young (Normal) (G1 Evacuation Pause) 239M->231M(256M) 2,479ms
[2024-08-04T21:08:53.842+0300][9,646s][info ][gc] GC(423) Pause Young (Normal) (G1 Evacuation Pause) 241M->233M(256M) 2,569ms
[2024-08-04T21:08:53.849+0300][9,652s][info ][gc] GC(424) Pause Young (Normal) (G1 Evacuation Pause) 243M->235M(256M) 2,445ms
[2024-08-04T21:08:53.855+0300][9,659s][info ][gc] GC(425) Pause Young (Normal) (G1 Evacuation Pause) 245M->238M(256M) 2,471ms
[2024-08-04T21:08:53.862+0300][9,666s][info ][gc] GC(426) Pause Young (Normal) (G1 Evacuation Pause) 248M->240M(256M) 2,487ms
[2024-08-04T21:08:53.866+0300][9,669s][info ][gc] GC(413) Pause Cleanup 248M->248M(256M) 0,114ms
[2024-08-04T21:08:53.866+0300][9,669s][info ][gc] GC(413) Concurrent Mark Cycle 179,784ms
[2024-08-04T21:08:53.870+0300][9,673s][info ][gc] GC(427) Pause Young (Prepare Mixed) (G1 Evacuation Pause) (Evacuation Failure) 250M->249M(256M) 3,083ms
[2024-08-04T21:08:53.873+0300][9,677s][info ][gc] GC(428) Pause Young (Mixed) (G1 Evacuation Pause) (Evacuation Failure) 252M->250M(256M) 2,282ms
[2024-08-04T21:08:53.875+0300][9,679s][info ][gc] GC(429) Pause Young (Concurrent Start) (G1 Evacuation Pause) (Evacuation Failure) 252M->250M(256M) 1,434ms
[2024-08-04T21:08:53.876+0300][9,679s][info ][gc] GC(430) Concurrent Mark Cycle
[2024-08-04T21:08:53.877+0300][9,681s][info ][gc] GC(431) Pause Young (Normal) (G1 Evacuation Pause) 251M->250M(256M) 1,135ms
[2024-08-04T21:08:53.879+0300][9,683s][info ][gc] GC(432) Pause Young (Normal) (G1 Evacuation Pause) (Evacuation Failure) 251M->251M(256M) 1,173ms
[2024-08-04T21:08:53.879+0300][9,683s][debug][gc] GC(433) Clear Bitmap 0,186ms
[2024-08-04T21:08:53.975+0300][9,778s][info ][gc] GC(433) Pause Full (G1 Compaction Pause) 251M->227M(256M) 95,757ms
[2024-08-04T21:08:53.975+0300][9,779s][info ][gc] GC(430) Concurrent Mark Cycle 99,459ms
[2024-08-04T21:08:53.982+0300][9,785s][info ][gc] GC(434) Pause Young (Normal) (G1 Evacuation Pause) 239M->230M(256M) 1,943ms
[2024-08-04T21:08:53.989+0300][9,792s][info ][gc] GC(435) Pause Young (Concurrent Start) (G1 Evacuation Pause) 240M->232M(256M) 2,826ms
[2024-08-04T21:08:53.989+0300][9,792s][info ][gc] GC(436) Concurrent Mark Cycle
[2024-08-04T21:08:53.996+0300][9,800s][info ][gc] GC(437) Pause Young (Normal) (G1 Evacuation Pause) 242M->234M(256M) 2,533ms
[2024-08-04T21:08:54.004+0300][9,807s][info ][gc] GC(438) Pause Young (Normal) (G1 Evacuation Pause) 244M->236M(256M) 2,501ms
[2024-08-04T21:08:54.011+0300][9,815s][info ][gc] GC(439) Pause Young (Normal) (G1 Evacuation Pause) 246M->238M(256M) 2,285ms
[2024-08-04T21:08:54.044+0300][9,848s][info ][gc] GC(440) Pause Young (Normal) (G1 Evacuation Pause) 248M->238M(256M) 1,202ms
[2024-08-04T21:08:54.051+0300][9,855s][info ][gc] GC(441) Pause Young (Normal) (G1 Evacuation Pause) 248M->240M(256M) 2,211ms
[2024-08-04T21:08:54.060+0300][9,863s][info ][gc] GC(442) Pause Young (Normal) (G1 Evacuation Pause) (Evacuation Failure) 250M->249M(256M) 3,317ms
[2024-08-04T21:08:54.062+0300][9,866s][info ][gc] GC(443) Pause Young (Normal) (G1 Evacuation Pause) (Evacuation Failure) 251M->250M(256M) 1,559ms
[2024-08-04T21:08:54.064+0300][9,868s][info ][gc] GC(444) Pause Young (Normal) (G1 Evacuation Pause) 251M->250M(256M) 0,983ms
[2024-08-04T21:08:54.066+0300][9,869s][info ][gc] GC(445) Pause Young (Normal) (G1 Evacuation Pause) (Evacuation Failure) 251M->250M(256M) 1,027ms
[2024-08-04T21:08:54.066+0300][9,870s][debug][gc] GC(446) Clear Bitmap 0,217ms
[2024-08-04T21:08:54.083+0300][9,886s][info ][gc] GC(446) Pause Full (G1 Compaction Pause) 250M->43M(256M) 17,160ms
[2024-08-04T21:08:54.083+0300][9,887s][info ][gc] GC(436) Concurrent Mark Cycle 94,306ms
[2024-08-04T21:08:54.158+0300][9,962s][info ][gc] GC(447) Pause Young (Normal) (G1 Evacuation Pause) 188M->71M(256M) 18,444ms
[2024-08-04T21:08:54.233+0300][10,036s][info ][gc] GC(448) Pause Young (Normal) (G1 Evacuation Pause) 196M->98M(256M) 24,506ms
[2024-08-04T21:08:54.297+0300][10,100s][info ][gc] GC(449) Pause Young (Concurrent Start) (G1 Evacuation Pause) 204M->120M(256M) 21,866ms
[2024-08-04T21:08:54.297+0300][10,100s][info ][gc] GC(450) Concurrent Mark Cycle
[2024-08-04T21:08:54.363+0300][10,167s][info ][gc] GC(451) Pause Young (Normal) (G1 Evacuation Pause) 210M->139M(256M) 15,644ms
[2024-08-04T21:08:54.377+0300][10,181s][info ][gc] GC(450) Pause Remark 167M->167M(256M) 0,453ms
[2024-08-04T21:08:54.410+0300][10,214s][info ][gc] GC(452) Pause Young (Normal) (G1 Evacuation Pause) 216M->156M(256M) 13,216ms
[2024-08-04T21:08:54.415+0300][10,218s][info ][gc] GC(450) Pause Cleanup 166M->166M(256M) 0,103ms
[2024-08-04T21:08:54.415+0300][10,219s][info ][gc] GC(450) Concurrent Mark Cycle 118,305ms
[2024-08-04T21:08:54.449+0300][10,253s][info ][gc] GC(453) Pause Young (Prepare Mixed) (G1 Evacuation Pause) 222M->170M(256M) 12,198ms
[2024-08-04T21:08:54.485+0300][10,288s][info ][gc] GC(454) Pause Young (Mixed) (G1 Evacuation Pause) 225M->182M(256M) 13,892ms
[2024-08-04T21:08:54.516+0300][10,320s][info ][gc] GC(455) Pause Young (Concurrent Start) (G1 Evacuation Pause) 230M->193M(256M) 12,070ms
[2024-08-04T21:08:54.516+0300][10,320s][info ][gc] GC(456) Concurrent Mark Cycle
[2024-08-04T21:08:54.545+0300][10,349s][info ][gc] GC(457) Pause Young (Normal) (G1 Evacuation Pause) 232M->202M(256M) 10,437ms
[2024-08-04T21:08:54.570+0300][10,374s][info ][gc] GC(458) Pause Young (Normal) (G1 Evacuation Pause) 234M->209M(256M) 9,105ms
[2024-08-04T21:08:54.589+0300][10,392s][info ][gc] GC(459) Pause Young (Normal) (G1 Evacuation Pause) 235M->215M(256M) 5,707ms
[2024-08-04T21:08:54.604+0300][10,407s][info ][gc] GC(460) Pause Young (Normal) (G1 Evacuation Pause) 236M->220M(256M) 4,531ms
[2024-08-04T21:08:54.615+0300][10,419s][info ][gc] GC(461) Pause Young (Normal) (G1 Evacuation Pause) 235M->224M(256M) 4,307ms
[2024-08-04T21:08:54.626+0300][10,429s][info ][gc] GC(462) Pause Young (Normal) (G1 Evacuation Pause) 237M->226M(256M) 3,591ms
[2024-08-04T21:08:54.634+0300][10,438s][info ][gc] GC(463) Pause Young (Normal) (G1 Evacuation Pause) 237M->229M(256M) 2,791ms
[2024-08-04T21:08:54.642+0300][10,446s][info ][gc] GC(464) Pause Young (Normal) (G1 Evacuation Pause) 239M->231M(256M) 2,854ms
[2024-08-04T21:08:54.650+0300][10,453s][info ][gc] GC(465) Pause Young (Normal) (G1 Evacuation Pause) 241M->234M(256M) 2,738ms
[2024-08-04T21:08:54.658+0300][10,461s][info ][gc] GC(466) Pause Young (Normal) (G1 Evacuation Pause) 244M->236M(256M) 2,862ms
[2024-08-04T21:08:54.665+0300][10,469s][info ][gc] GC(467) Pause Young (Normal) (G1 Evacuation Pause) 246M->238M(256M) 2,587ms
[2024-08-04T21:08:54.673+0300][10,477s][info ][gc] GC(468) Pause Young (Normal) (G1 Evacuation Pause) 248M->240M(256M) 2,780ms
[2024-08-04T21:08:54.681+0300][10,485s][info ][gc] GC(469) Pause Young (Normal) (G1 Evacuation Pause) (Evacuation Failure) 250M->248M(256M) 3,091ms
[2024-08-04T21:08:54.686+0300][10,490s][info ][gc] GC(470) Pause Young (Normal) (G1 Evacuation Pause) (Evacuation Failure) 253M->252M(256M) 2,312ms
[2024-08-04T21:08:54.689+0300][10,492s][info ][gc] GC(471) Pause Young (Normal) (G1 Evacuation Pause) (Evacuation Failure) 253M->252M(256M) 1,612ms
[2024-08-04T21:08:54.689+0300][10,493s][debug][gc] GC(472) Clear Bitmap 0,262ms
[2024-08-04T21:08:54.786+0300][10,589s][info ][gc] GC(472) Pause Full (G1 Compaction Pause) 252M->229M(256M) 96,769ms
[2024-08-04T21:08:54.786+0300][10,589s][info ][gc] GC(456) Concurrent Mark Cycle 269,632ms
[2024-08-04T21:08:54.793+0300][10,596s][info ][gc] GC(473) Pause Young (Normal) (G1 Evacuation Pause) 241M->232M(256M) 2,151ms
[2024-08-04T21:08:54.800+0300][10,603s][info ][gc] GC(474) Pause Young (Concurrent Start) (G1 Evacuation Pause) 242M->234M(256M) 2,935ms
[2024-08-04T21:08:54.800+0300][10,603s][info ][gc] GC(475) Concurrent Mark Cycle
[2024-08-04T21:08:54.807+0300][10,611s][info ][gc] GC(476) Pause Young (Normal) (G1 Evacuation Pause) 244M->236M(256M) 2,308ms
[2024-08-04T21:08:54.815+0300][10,618s][info ][gc] GC(477) Pause Young (Normal) (G1 Evacuation Pause) 246M->238M(256M) 2,345ms
[2024-08-04T21:08:54.849+0300][10,653s][info ][gc] GC(478) Pause Young (Normal) (G1 Evacuation Pause) 248M->237M(256M) 1,250ms
[2024-08-04T21:08:54.857+0300][10,660s][info ][gc] GC(479) Pause Young (Normal) (G1 Evacuation Pause) 248M->239M(256M) 2,155ms
[2024-08-04T21:08:54.865+0300][10,669s][info ][gc] GC(480) Pause Young (Normal) (G1 Evacuation Pause) (Evacuation Failure) 249M->248M(256M) 3,228ms
[2024-08-04T21:08:54.869+0300][10,672s][info ][gc] GC(481) Pause Young (Normal) (G1 Evacuation Pause) (Evacuation Failure) 251M->249M(256M) 1,745ms
[2024-08-04T21:08:54.871+0300][10,675s][info ][gc] GC(482) Pause Young (Normal) (G1 Evacuation Pause) (Evacuation Failure) 251M->249M(256M) 1,373ms
[2024-08-04T21:08:54.874+0300][10,677s][info ][gc] GC(483) Pause Young (Normal) (G1 Evacuation Pause) 250M->250M(256M) 1,291ms
[2024-08-04T21:08:54.876+0300][10,679s][info ][gc] GC(484) Pause Young (Normal) (G1 Evacuation Pause) (Evacuation Failure) 251M->250M(256M) 1,224ms
[2024-08-04T21:08:54.876+0300][10,679s][debug][gc] GC(485) Clear Bitmap 0,170ms
[2024-08-04T21:08:54.896+0300][10,699s][info ][gc] GC(485) Pause Full (G1 Compaction Pause) 250M->43M(256M) 19,997ms
[2024-08-04T21:08:54.896+0300][10,699s][info ][gc] GC(475) Concurrent Mark Cycle 96,140ms
[2024-08-04T21:08:54.972+0300][10,775s][info ][gc] GC(486) Pause Young (Normal) (G1 Evacuation Pause) 188M->72M(256M) 19,451ms
[2024-08-04T21:08:55.049+0300][10,852s][info ][gc] GC(487) Pause Young (Normal) (G1 Evacuation Pause) 196M->97M(256M) 27,966ms
[2024-08-04T21:08:55.116+0300][10,920s][info ][gc] GC(488) Pause Young (Concurrent Start) (G1 Evacuation Pause) 204M->120M(256M) 24,996ms
[2024-08-04T21:08:55.116+0300][10,920s][info ][gc] GC(489) Concurrent Mark Cycle
[2024-08-04T21:08:55.180+0300][10,984s][info ][gc] GC(490) Pause Young (Normal) (G1 Evacuation Pause) 211M->140M(256M) 16,988ms
[2024-08-04T21:08:55.189+0300][10,993s][info ][gc] GC(489) Pause Remark 157M->157M(256M) 0,562ms
[2024-08-04T21:08:55.208+0300][11,011s][info ][gc] GC(489) Pause Cleanup 203M->203M(256M) 0,130ms
[2024-08-04T21:08:55.208+0300][11,012s][info ][gc] GC(489) Concurrent Mark Cycle 91,717ms
[2024-08-04T21:08:55.230+0300][11,033s][info ][gc] GC(491) Pause Young (Prepare Mixed) (G1 Evacuation Pause) 217M->157M(256M) 16,212ms
[2024-08-04T21:08:55.270+0300][11,074s][info ][gc] GC(492) Pause Young (Mixed) (G1 Evacuation Pause) 222M->172M(256M) 14,646ms
[2024-08-04T21:08:55.307+0300][11,111s][info ][gc] GC(493) Pause Young (Concurrent Start) (G1 Evacuation Pause) 227M->185M(256M) 14,859ms
[2024-08-04T21:08:55.307+0300][11,111s][info ][gc] GC(494) Concurrent Mark Cycle
[2024-08-04T21:08:55.342+0300][11,146s][info ][gc] GC(495) Pause Young (Normal) (G1 Evacuation Pause) 230M->195M(256M) 12,919ms
[2024-08-04T21:08:55.368+0300][11,171s][info ][gc] GC(496) Pause Young (Normal) (G1 Evacuation Pause) 232M->203M(256M) 7,605ms
[2024-08-04T21:08:55.389+0300][11,192s][info ][gc] GC(497) Pause Young (Normal) (G1 Evacuation Pause) 232M->210M(256M) 6,460ms
[2024-08-04T21:08:55.406+0300][11,209s][info ][gc] GC(498) Pause Young (Normal) (G1 Evacuation Pause) 234M->216M(256M) 5,455ms
[2024-08-04T21:08:55.420+0300][11,223s][info ][gc] GC(499) Pause Young (Normal) (G1 Evacuation Pause) 235M->220M(256M) 4,262ms
[2024-08-04T21:08:55.431+0300][11,235s][info ][gc] GC(500) Pause Young (Normal) (G1 Evacuation Pause) 236M->223M(256M) 3,795ms
[2024-08-04T21:08:55.441+0300][11,244s][info ][gc] GC(501) Pause Young (Normal) (G1 Evacuation Pause) 235M->226M(256M) 3,422ms
[2024-08-04T21:08:55.442+0300][11,245s][info ][gc] GC(494) Pause Remark 227M->227M(256M) 0,505ms
[2024-08-04T21:08:55.449+0300][11,253s][info ][gc] GC(502) Pause Young (Normal) (G1 Evacuation Pause) 237M->229M(256M) 2,800ms
[2024-08-04T21:08:55.456+0300][11,260s][info ][gc] GC(503) Pause Young (Normal) (G1 Evacuation Pause) 239M->231M(256M) 2,634ms
[2024-08-04T21:08:55.463+0300][11,266s][info ][gc] GC(504) Pause Young (Normal) (G1 Evacuation Pause) 241M->233M(256M) 2,635ms
[2024-08-04T21:08:55.471+0300][11,274s][info ][gc] GC(505) Pause Young (Normal) (G1 Evacuation Pause) 243M->235M(256M) 3,049ms
[2024-08-04T21:08:55.478+0300][11,282s][info ][gc] GC(506) Pause Young (Normal) (G1 Evacuation Pause) 245M->238M(256M) 2,996ms
[2024-08-04T21:08:55.486+0300][11,290s][info ][gc] GC(507) Pause Young (Normal) (G1 Evacuation Pause) 248M->240M(256M) 3,056ms
[2024-08-04T21:08:55.495+0300][11,298s][info ][gc] GC(508) Pause Young (Normal) (G1 Evacuation Pause) (Evacuation Failure) 250M->248M(256M) 3,672ms
[2024-08-04T21:08:55.499+0300][11,302s][info ][gc] GC(509) Pause Young (Normal) (G1 Evacuation Pause) (Evacuation Failure) 252M->249M(256M) 2,125ms
[2024-08-04T21:08:55.502+0300][11,306s][info ][gc] GC(510) Pause Young (Normal) (G1 Evacuation Pause) (Evacuation Failure) 252M->250M(256M) 1,770ms
[2024-08-04T21:08:55.506+0300][11,310s][info ][gc] GC(511) Pause Young (Normal) (G1 Evacuation Pause) (Evacuation Failure) 252M->250M(256M) 1,748ms
[2024-08-04T21:08:55.508+0300][11,311s][info ][gc] GC(512) Pause Young (Normal) (G1 Evacuation Pause) 251M->250M(256M) 0,926ms
[2024-08-04T21:08:55.510+0300][11,313s][info ][gc] GC(513) Pause Young (Normal) (G1 Evacuation Pause) (Evacuation Failure) 251M->251M(256M) 1,134ms
[2024-08-04T21:08:55.510+0300][11,313s][debug][gc] GC(514) Clear Bitmap 0,179ms
[2024-08-04T21:08:55.606+0300][11,409s][info ][gc] GC(514) Pause Full (G1 Compaction Pause) 251M->228M(256M) 96,170ms
[2024-08-04T21:08:55.606+0300][11,410s][info ][gc] GC(494) Concurrent Mark Cycle 298,499ms
[2024-08-04T21:08:55.613+0300][11,417s][info ][gc] GC(515) Pause Young (Normal) (G1 Evacuation Pause) 240M->230M(256M) 2,398ms
[2024-08-04T21:08:55.620+0300][11,424s][info ][gc] GC(516) Pause Young (Concurrent Start) (G1 Evacuation Pause) 240M->232M(256M) 2,789ms
[2024-08-04T21:08:55.620+0300][11,424s][info ][gc] GC(517) Concurrent Mark Cycle
[2024-08-04T21:08:55.628+0300][11,431s][info ][gc] GC(518) Pause Young (Normal) (G1 Evacuation Pause) 242M->235M(256M) 2,511ms
[2024-08-04T21:08:55.635+0300][11,439s][info ][gc] GC(519) Pause Young (Normal) (G1 Evacuation Pause) 245M->237M(256M) 2,191ms
[2024-08-04T21:08:55.642+0300][11,446s][info ][gc] GC(520) Pause Young (Normal) (G1 Evacuation Pause) 247M->239M(256M) 2,360ms
[2024-08-04T21:08:55.676+0300][11,480s][info ][gc] GC(521) Pause Young (Normal) (G1 Evacuation Pause) 249M->239M(256M) 1,502ms
[2024-08-04T21:08:55.684+0300][11,488s][info ][gc] GC(522) Pause Young (Normal) (G1 Evacuation Pause) (Evacuation Failure) 249M->246M(256M) 2,560ms
[2024-08-04T21:08:55.689+0300][11,492s][info ][gc] GC(523) Pause Young (Normal) (G1 Evacuation Pause) (Evacuation Failure) 250M->247M(256M) 1,783ms
[2024-08-04T21:08:55.692+0300][11,496s][info ][gc] GC(524) Pause Young (Normal) (G1 Evacuation Pause) (Evacuation Failure) 250M->248M(256M) 1,561ms
[2024-08-04T21:08:55.695+0300][11,498s][info ][gc] GC(525) Pause Young (Normal) (G1 Evacuation Pause) (Evacuation Failure) 250M->248M(256M) 1,336ms
[2024-08-04T21:08:55.697+0300][11,500s][info ][gc] GC(526) Pause Young (Normal) (G1 Evacuation Pause) 249M->249M(256M) 0,994ms
[2024-08-04T21:08:55.699+0300][11,502s][info ][gc] GC(527) Pause Young (Normal) (G1 Evacuation Pause) (Evacuation Failure) 250M->249M(256M) 1,205ms
[2024-08-04T21:08:55.699+0300][11,503s][debug][gc] GC(528) Clear Bitmap 0,190ms
[2024-08-04T21:08:55.716+0300][11,519s][info ][gc] GC(528) Pause Full (G1 Compaction Pause) 249M->43M(256M) 16,673ms
[2024-08-04T21:08:55.716+0300][11,519s][info ][gc] GC(517) Concurrent Mark Cycle 95,385ms
[2024-08-04T21:08:55.801+0300][11,605s][info ][gc] GC(529) Pause Young (Normal) (G1 Evacuation Pause) 188M->71M(256M) 18,018ms
[2024-08-04T21:08:55.877+0300][11,681s][info ][gc] GC(530) Pause Young (Normal) (G1 Evacuation Pause) 196M->97M(256M) 26,616ms
[2024-08-04T21:08:55.944+0300][11,748s][info ][gc] GC(531) Pause Young (Concurrent Start) (G1 Evacuation Pause) 204M->121M(256M) 24,093ms
[2024-08-04T21:08:55.944+0300][11,748s][info ][gc] GC(532) Concurrent Mark Cycle
[2024-08-04T21:08:56.003+0300][11,807s][info ][gc] GC(533) Pause Young (Normal) (G1 Evacuation Pause) 212M->140M(256M) 14,948ms
[2024-08-04T21:08:56.018+0300][11,821s][info ][gc] GC(532) Pause Remark 170M->170M(256M) 0,520ms
[2024-08-04T21:08:56.049+0300][11,853s][info ][gc] GC(534) Pause Young (Normal) (G1 Evacuation Pause) 217M->157M(256M) 11,856ms
[2024-08-04T21:08:56.051+0300][11,854s][info ][gc] GC(532) Pause Cleanup 161M->161M(256M) 0,093ms
[2024-08-04T21:08:56.051+0300][11,855s][info ][gc] GC(532) Concurrent Mark Cycle 107,078ms
[2024-08-04T21:08:56.086+0300][11,889s][info ][gc] GC(535) Pause Young (Prepare Mixed) (G1 Evacuation Pause) 222M->172M(256M) 10,322ms
[2024-08-04T21:08:56.119+0300][11,922s][info ][gc] GC(536) Pause Young (Mixed) (G1 Evacuation Pause) 227M->184M(256M) 11,084ms
[2024-08-04T21:08:56.147+0300][11,951s][info ][gc] GC(537) Pause Young (Concurrent Start) (G1 Evacuation Pause) 231M->195M(256M) 9,800ms
[2024-08-04T21:08:56.148+0300][11,951s][info ][gc] GC(538) Concurrent Mark Cycle
[2024-08-04T21:08:56.174+0300][11,977s][info ][gc] GC(539) Pause Young (Normal) (G1 Evacuation Pause) 233M->204M(256M) 7,718ms
[2024-08-04T21:08:56.195+0300][11,999s][info ][gc] GC(540) Pause Young (Normal) (G1 Evacuation Pause) 234M->211M(256M) 6,515ms
[2024-08-04T21:08:56.211+0300][12,015s][info ][gc] GC(541) Pause Young (Normal) (G1 Evacuation Pause) 235M->216M(256M) 4,629ms
[2024-08-04T21:08:56.225+0300][12,029s][info ][gc] GC(542) Pause Young (Normal) (G1 Evacuation Pause) 235M->220M(256M) 4,100ms
[2024-08-04T21:08:56.238+0300][12,041s][info ][gc] GC(543) Pause Young (Normal) (G1 Evacuation Pause) 236M->224M(256M) 2,991ms
[2024-08-04T21:08:56.247+0300][12,050s][info ][gc] GC(544) Pause Young (Normal) (G1 Evacuation Pause) 236M->227M(256M) 3,090ms
[2024-08-04T21:08:56.255+0300][12,058s][info ][gc] GC(545) Pause Young (Normal) (G1 Evacuation Pause) 237M->230M(256M) 2,536ms
[2024-08-04T21:08:56.262+0300][12,066s][info ][gc] GC(546) Pause Young (Normal) (G1 Evacuation Pause) 240M->232M(256M) 2,388ms
[2024-08-04T21:08:56.272+0300][12,075s][info ][gc] GC(547) Pause Young (Normal) (G1 Evacuation Pause) 242M->234M(256M) 2,642ms
[2024-08-04T21:08:56.280+0300][12,084s][info ][gc] GC(548) Pause Young (Normal) (G1 Evacuation Pause) 244M->236M(256M) 3,106ms
[2024-08-04T21:08:56.288+0300][12,091s][info ][gc] GC(538) Pause Remark 246M->246M(256M) 0,586ms
[2024-08-04T21:08:56.290+0300][12,094s][info ][gc] GC(549) Pause Young (Normal) (G1 Evacuation Pause) 246M->238M(256M) 2,418ms
[2024-08-04T21:08:56.298+0300][12,101s][info ][gc] GC(550) Pause Young (Normal) (G1 Evacuation Pause) 248M->240M(256M) 2,518ms
[2024-08-04T21:08:56.306+0300][12,109s][info ][gc] GC(551) Pause Young (Normal) (G1 Evacuation Pause) (Evacuation Failure) 250M->250M(256M) 3,252ms
[2024-08-04T21:08:56.309+0300][12,113s][info ][gc] GC(552) Pause Young (Normal) (G1 Evacuation Pause) (Evacuation Failure) 253M->250M(256M) 1,828ms
[2024-08-04T21:08:56.312+0300][12,115s][info ][gc] GC(553) Pause Young (Normal) (G1 Evacuation Pause) (Evacuation Failure) 252M->251M(256M) 1,147ms
[2024-08-04T21:08:56.314+0300][12,117s][info ][gc] GC(554) Pause Young (Normal) (G1 Evacuation Pause) 252M->251M(256M) 1,040ms
[2024-08-04T21:08:56.316+0300][12,119s][info ][gc] GC(555) Pause Young (Normal) (G1 Evacuation Pause) (Evacuation Failure) 252M->251M(256M) 1,174ms
[2024-08-04T21:08:56.316+0300][12,119s][debug][gc] GC(556) Clear Bitmap 0,162ms
[2024-08-04T21:08:56.410+0300][12,213s][info ][gc] GC(556) Pause Full (G1 Compaction Pause) 251M->227M(256M) 93,901ms
[2024-08-04T21:08:56.410+0300][12,213s][info ][gc] GC(538) Concurrent Mark Cycle 262,120ms
[2024-08-04T21:08:56.417+0300][12,221s][info ][gc] GC(557) Pause Young (Normal) (G1 Evacuation Pause) 239M->230M(256M) 2,592ms
[2024-08-04T21:08:56.425+0300][12,228s][info ][gc] GC(558) Pause Young (Concurrent Start) (G1 Evacuation Pause) 240M->232M(256M) 2,856ms
[2024-08-04T21:08:56.425+0300][12,228s][info ][gc] GC(559) Concurrent Mark Cycle
[2024-08-04T21:08:56.432+0300][12,236s][info ][gc] GC(560) Pause Young (Normal) (G1 Evacuation Pause) 242M->234M(256M) 2,384ms
[2024-08-04T21:08:56.439+0300][12,243s][info ][gc] GC(561) Pause Young (Normal) (G1 Evacuation Pause) 244M->236M(256M) 2,343ms
[2024-08-04T21:08:56.447+0300][12,251s][info ][gc] GC(562) Pause Young (Normal) (G1 Evacuation Pause) 246M->238M(256M) 2,363ms
[2024-08-04T21:08:56.482+0300][12,286s][info ][gc] GC(563) Pause Young (Normal) (G1 Evacuation Pause) 248M->237M(256M) 1,103ms
[2024-08-04T21:08:56.489+0300][12,293s][info ][gc] GC(564) Pause Young (Normal) (G1 Evacuation Pause) 247M->239M(256M) 2,118ms
[2024-08-04T21:08:56.497+0300][12,300s][info ][gc] GC(565) Pause Young (Normal) (G1 Evacuation Pause) (Evacuation Failure) 249M->243M(256M) 2,517ms
[2024-08-04T21:08:56.504+0300][12,307s][info ][gc] GC(566) Pause Young (Normal) (G1 Evacuation Pause) (Evacuation Failure) 252M->253M(256M) 2,591ms
[2024-08-04T21:08:56.504+0300][12,308s][debug][gc] GC(567) Clear Bitmap 0,212ms
[2024-08-04T21:08:56.523+0300][12,326s][info ][gc] GC(567) Pause Full (G1 Compaction Pause) 253M->44M(256M) 18,609ms
[2024-08-04T21:08:56.523+0300][12,326s][info ][gc] GC(559) Concurrent Mark Cycle 98,020ms
[2024-08-04T21:08:56.599+0300][12,402s][info ][gc] GC(568) Pause Young (Normal) (G1 Evacuation Pause) 188M->72M(256M) 19,824ms
[2024-08-04T21:08:56.675+0300][12,478s][info ][gc] GC(569) Pause Young (Normal) (G1 Evacuation Pause) 196M->98M(256M) 26,522ms
[2024-08-04T21:08:56.740+0300][12,543s][info ][gc] GC(570) Pause Young (Concurrent Start) (G1 Evacuation Pause) 204M->121M(256M) 23,130ms
[2024-08-04T21:08:56.740+0300][12,543s][info ][gc] GC(571) Concurrent Mark Cycle
[2024-08-04T21:08:56.801+0300][12,605s][info ][gc] GC(572) Pause Young (Normal) (G1 Evacuation Pause) 211M->140M(256M) 18,097ms
[2024-08-04T21:08:56.818+0300][12,622s][info ][gc] GC(571) Pause Remark 174M->174M(256M) 0,496ms
[2024-08-04T21:08:56.835+0300][12,639s][info ][gc] GC(571) Pause Cleanup 216M->216M(256M) 0,133ms
[2024-08-04T21:08:56.850+0300][12,653s][info ][gc] GC(573) Pause Young (Prepare Mixed) (G1 Evacuation Pause) 216M->157M(256M) 14,267ms
[2024-08-04T21:08:56.850+0300][12,654s][info ][gc] GC(571) Concurrent Mark Cycle 110,239ms
[2024-08-04T21:08:56.891+0300][12,695s][info ][gc] GC(574) Pause Young (Mixed) (G1 Evacuation Pause) 221M->172M(256M) 14,492ms
[2024-08-04T21:08:56.931+0300][12,734s][info ][gc] GC(575) Pause Young (Concurrent Start) (G1 Evacuation Pause) 227M->184M(256M) 16,967ms
[2024-08-04T21:08:56.931+0300][12,735s][info ][gc] GC(576) Concurrent Mark Cycle
[2024-08-04T21:08:56.967+0300][12,771s][info ][gc] GC(577) Pause Young (Normal) (G1 Evacuation Pause) 230M->194M(256M) 12,459ms
[2024-08-04T21:08:56.993+0300][12,797s][info ][gc] GC(578) Pause Young (Normal) (G1 Evacuation Pause) 232M->203M(256M) 7,991ms
[2024-08-04T21:08:57.016+0300][12,819s][info ][gc] GC(579) Pause Young (Normal) (G1 Evacuation Pause) 233M->210M(256M) 6,880ms
[2024-08-04T21:08:57.034+0300][12,838s][info ][gc] GC(580) Pause Young (Normal) (G1 Evacuation Pause) 234M->215M(256M) 5,478ms
[2024-08-04T21:08:57.043+0300][12,847s][info ][gc] GC(576) Pause Remark 231M->231M(256M) 0,552ms
[2024-08-04T21:08:57.050+0300][12,854s][info ][gc] GC(581) Pause Young (Normal) (G1 Evacuation Pause) 235M->220M(256M) 4,465ms
[2024-08-04T21:08:57.061+0300][12,864s][info ][gc] GC(582) Pause Young (Normal) (G1 Evacuation Pause) 236M->224M(256M) 3,668ms
[2024-08-04T21:08:57.071+0300][12,874s][info ][gc] GC(583) Pause Young (Normal) (G1 Evacuation Pause) 236M->227M(256M) 3,563ms
[2024-08-04T21:08:57.079+0300][12,882s][info ][gc] GC(584) Pause Young (Normal) (G1 Evacuation Pause) 237M->229M(256M) 2,568ms
[2024-08-04T21:08:57.087+0300][12,891s][info ][gc] GC(585) Pause Young (Normal) (G1 Evacuation Pause) 239M->231M(256M) 2,876ms
[2024-08-04T21:08:57.091+0300][12,895s][info ][gc] GC(576) Pause Cleanup 238M->238M(256M) 0,119ms
[2024-08-04T21:08:57.092+0300][12,895s][info ][gc] GC(576) Concurrent Mark Cycle 160,606ms
[2024-08-04T21:08:57.096+0300][12,899s][info ][gc] GC(586) Pause Young (Prepare Mixed) (G1 Evacuation Pause) 241M->233M(256M) 3,003ms
[2024-08-04T21:08:57.105+0300][12,908s][info ][gc] GC(587) Pause Young (Mixed) (G1 Evacuation Pause) 243M->233M(256M) 3,341ms
[2024-08-04T21:08:57.114+0300][12,917s][info ][gc] GC(588) Pause Young (Concurrent Start) (G1 Evacuation Pause) 243M->235M(256M) 3,215ms
[2024-08-04T21:08:57.114+0300][12,917s][info ][gc] GC(589) Concurrent Mark Cycle
[2024-08-04T21:08:57.123+0300][12,927s][info ][gc] GC(590) Pause Young (Normal) (G1 Evacuation Pause) 245M->237M(256M) 2,875ms
[2024-08-04T21:08:57.132+0300][12,936s][info ][gc] GC(591) Pause Young (Normal) (G1 Evacuation Pause) 247M->239M(256M) 2,900ms
[2024-08-04T21:08:57.141+0300][12,945s][info ][gc] GC(592) Pause Young (Normal) (G1 Evacuation Pause) (Evacuation Failure) 249M->244M(256M) 3,118ms
[2024-08-04T21:08:57.150+0300][12,953s][info ][gc] GC(593) Pause Young (Normal) (G1 Evacuation Pause) (Evacuation Failure) 252M->253M(256M) 3,084ms
[2024-08-04T21:08:57.150+0300][12,954s][debug][gc] GC(594) Clear Bitmap 0,216ms
[2024-08-04T21:08:57.243+0300][13,047s][info ][gc] GC(594) Pause Full (G1 Compaction Pause) 253M->229M(256M) 93,613ms
[2024-08-04T21:08:57.243+0300][13,047s][info ][gc] GC(589) Concurrent Mark Cycle 129,478ms
[2024-08-04T21:08:57.250+0300][13,054s][info ][gc] GC(595) Pause Young (Normal) (G1 Evacuation Pause) 241M->232M(256M) 2,261ms
[2024-08-04T21:08:57.258+0300][13,062s][info ][gc] GC(596) Pause Young (Concurrent Start) (G1 Evacuation Pause) 242M->234M(256M) 2,837ms
[2024-08-04T21:08:57.258+0300][13,062s][info ][gc] GC(597) Concurrent Mark Cycle
[2024-08-04T21:08:57.265+0300][13,069s][info ][gc] GC(598) Pause Young (Normal) (G1 Evacuation Pause) 244M->236M(256M) 2,347ms
[2024-08-04T21:08:57.273+0300][13,076s][info ][gc] GC(599) Pause Young (Normal) (G1 Evacuation Pause) 246M->238M(256M) 2,506ms
[2024-08-04T21:08:57.319+0300][13,123s][info ][gc] GC(600) Pause Young (Normal) (G1 Evacuation Pause) 248M->237M(256M) 1,305ms
[2024-08-04T21:08:57.332+0300][13,136s][info ][gc] GC(601) Pause Young (Normal) (G1 Evacuation Pause) 247M->239M(256M) 2,147ms
[2024-08-04T21:08:57.347+0300][13,151s][info ][gc] GC(602) Pause Young (Normal) (G1 Evacuation Pause) (Evacuation Failure) 249M->251M(256M) 3,747ms
[2024-08-04T21:08:57.347+0300][13,151s][debug][gc] GC(603) Clear Bitmap 0,211ms
[2024-08-04T21:08:57.366+0300][13,170s][info ][gc] GC(603) Pause Full (G1 Compaction Pause) 251M->42M(256M) 19,400ms
[2024-08-04T21:08:57.367+0300][13,170s][info ][gc] GC(597) Concurrent Mark Cycle 108,601ms
