[2024-08-04T21:09:06.725+0300][0.003s][info][gc] Using G1
[2024-08-04T21:09:06.725+0300][0.004s][debug][gc] ConcGCThreads: 3 offset 22
[2024-08-04T21:09:06.725+0300][0.004s][debug][gc] ParallelGCThreads: 10
[2024-08-04T21:09:06.726+0300][0.004s][debug][gc] Initialize mark stack with 4096 chunks, maximum 524288
[2024-08-04T21:09:06.854+0300][0,132s][info ][gc] GC(0) Pause Young (Normal) (G1 Evacuation Pause) 41M->10M(768M) 8,562ms
[2024-08-04T21:09:06.875+0300][0,153s][info ][gc] GC(1) Pause Young (Normal) (G1 Evacuation Pause) 48M->22M(768M) 11,712ms
[2024-08-04T21:09:06.916+0300][0,195s][info ][gc] GC(2) Pause Young (Normal) (G1 Evacuation Pause) 75M->37M(768M) 14,753ms
[2024-08-04T21:09:06.982+0300][0,260s][info ][gc] GC(3) Pause Young (Normal) (G1 Evacuation Pause) 124M->65M(768M) 19,740ms
[2024-08-04T21:09:07.061+0300][0,339s][info ][gc] GC(4) Pause Young (Normal) (G1 Evacuation Pause) 168M->95M(768M) 31,844ms
[2024-08-04T21:09:07.139+0300][0,417s][info ][gc] GC(5) Pause Young (Normal) (G1 Evacuation Pause) 208M->121M(768M) 28,897ms
[2024-08-04T21:09:07.222+0300][0,500s][info ][gc] GC(6) Pause Young (Normal) (G1 Evacuation Pause) 251M->162M(768M) 28,297ms
[2024-08-04T21:09:07.365+0300][0,643s][info ][gc] GC(7) Pause Young (Normal) (G1 Evacuation Pause) 359M->223M(768M) 43,566ms
[2024-08-04T21:09:07.491+0300][0,769s][info ][gc] GC(8) Pause Young (Normal) (G1 Evacuation Pause) 429M->267M(768M) 36,549ms
[2024-08-04T21:09:07.631+0300][0,909s][info ][gc] GC(9) Pause Young (Normal) (G1 Evacuation Pause) 499M->334M(768M) 25,974ms
[2024-08-04T21:09:07.799+0300][1,078s][info ][gc] GC(10) Pause Young (Normal) (G1 Evacuation Pause) 606M->389M(768M) 42,670ms
[2024-08-04T21:09:07.948+0300][1,226s][info ][gc] GC(11) Pause Young (Concurrent Start) (G1 Evacuation Pause) 632M->439M(768M) 49,596ms
[2024-08-04T21:09:07.948+0300][1,226s][info ][gc] GC(12) Concurrent Mark Cycle
[2024-08-04T21:09:08.002+0300][1,280s][debug][gc] GC(12) Reclaimed 265 empty regions
[2024-08-04T21:09:08.002+0300][1,280s][info ][gc] GC(12) Pause Remark 549M->284M(768M) 0,721ms
[2024-08-04T21:09:08.023+0300][1,301s][info ][gc] GC(12) Pause Cleanup 337M->337M(768M) 0,246ms
[2024-08-04T21:09:08.026+0300][1,304s][info ][gc] GC(12) Concurrent Mark Cycle 77,989ms
[2024-08-04T21:09:08.075+0300][1,353s][info ][gc] GC(13) Pause Young (Prepare Mixed) (G1 Evacuation Pause) 394M->221M(768M) 28,350ms
[2024-08-04T21:09:08.254+0300][1,532s][info ][gc] GC(14) Pause Young (Mixed) (G1 Evacuation Pause) 576M->221M(768M) 20,852ms
[2024-08-04T21:09:08.480+0300][1,759s][info ][gc] GC(15) Pause Young (Normal) (G1 Evacuation Pause) 647M->306M(768M) 57,055ms
[2024-08-04T21:09:08.670+0300][1,948s][info ][gc] GC(16) Pause Young (Normal) (G1 Evacuation Pause) 632M->374M(768M) 60,703ms
[2024-08-04T21:09:08.798+0300][2,076s][info ][gc] GC(17) Pause Young (Normal) (G1 Evacuation Pause) 644M->363M(768M) 17,802ms
[2024-08-04T21:09:08.958+0300][2,236s][info ][gc] GC(18) Pause Young (Normal) (G1 Evacuation Pause) 648M->419M(768M) 46,306ms
[2024-08-04T21:09:09.096+0300][2,374s][info ][gc] GC(19) Pause Young (Concurrent Start) (G1 Evacuation Pause) 659M->469M(768M) 43,645ms
[2024-08-04T21:09:09.096+0300][2,375s][info ][gc] GC(20) Concurrent Mark Cycle
[2024-08-04T21:09:09.167+0300][2,445s][debug][gc] GC(20) Reclaimed 285 empty regions
[2024-08-04T21:09:09.167+0300][2,445s][info ][gc] GC(20) Pause Remark 613M->328M(768M) 0,834ms
[2024-08-04T21:09:09.218+0300][2,496s][info ][gc] GC(21) Pause Young (Normal) (G1 Evacuation Pause) 389M->226M(768M) 26,427ms
[2024-08-04T21:09:09.219+0300][2,497s][info ][gc] GC(20) Pause Cleanup 228M->228M(768M) 0,156ms
[2024-08-04T21:09:09.220+0300][2,498s][info ][gc] GC(20) Concurrent Mark Cycle 123,282ms
[2024-08-04T21:09:09.406+0300][2,684s][info ][gc] GC(22) Pause Young (Prepare Mixed) (G1 Evacuation Pause) 601M->252M(768M) 34,320ms
[2024-08-04T21:09:09.614+0300][2,892s][info ][gc] GC(23) Pause Young (Mixed) (G1 Evacuation Pause) 614M->325M(768M) 64,848ms
[2024-08-04T21:09:09.793+0300][3,071s][info ][gc] GC(24) Pause Young (Normal) (G1 Evacuation Pause) 631M->389M(768M) 57,167ms
[2024-08-04T21:09:09.923+0300][3,202s][info ][gc] GC(25) Pause Young (Normal) (G1 Evacuation Pause) 649M->385M(768M) 24,964ms
[2024-08-04T21:09:10.075+0300][3,353s][info ][gc] GC(26) Pause Young (Concurrent Start) (G1 Evacuation Pause) 651M->438M(768M) 45,648ms
[2024-08-04T21:09:10.075+0300][3,353s][info ][gc] GC(27) Concurrent Mark Cycle
[2024-08-04T21:09:10.121+0300][3,399s][debug][gc] GC(27) Reclaimed 299 empty regions
[2024-08-04T21:09:10.121+0300][3,399s][info ][gc] GC(27) Pause Remark 532M->233M(768M) 0,709ms
[2024-08-04T21:09:10.133+0300][3,412s][info ][gc] GC(27) Pause Cleanup 265M->265M(768M) 0,142ms
[2024-08-04T21:09:10.134+0300][3,412s][info ][gc] GC(27) Concurrent Mark Cycle 59,536ms
[2024-08-04T21:09:10.217+0300][3,495s][info ][gc] GC(28) Pause Young (Prepare Mixed) (G1 Evacuation Pause) 366M->187M(768M) 42,537ms
[2024-08-04T21:09:10.392+0300][3,670s][info ][gc] GC(29) Pause Young (Mixed) (G1 Evacuation Pause) 590M->169M(768M) 12,364ms
[2024-08-04T21:09:10.615+0300][3,893s][info ][gc] GC(30) Pause Young (Normal) (G1 Evacuation Pause) 600M->255M(768M) 52,528ms
[2024-08-04T21:09:10.818+0300][4,097s][info ][gc] GC(31) Pause Young (Concurrent Start) (G1 Evacuation Pause) 614M->329M(768M) 61,836ms
[2024-08-04T21:09:10.819+0300][4,097s][info ][gc] GC(32) Concurrent Mark Cycle
[2024-08-04T21:09:10.885+0300][4,163s][debug][gc] GC(32) Reclaimed 108 empty regions
[2024-08-04T21:09:10.885+0300][4,163s][info ][gc] GC(32) Pause Remark 466M->358M(768M) 0,746ms
[2024-08-04T21:09:10.907+0300][4,185s][info ][gc] GC(32) Pause Cleanup 404M->404M(768M) 0,154ms
[2024-08-04T21:09:10.908+0300][4,186s][info ][gc] GC(32) Concurrent Mark Cycle 89,198ms
[2024-08-04T21:09:10.974+0300][4,252s][info ][gc] GC(33) Pause Young (Prepare Mixed) (G1 Evacuation Pause) 524M->203M(768M) 18,837ms
[2024-08-04T21:09:11.192+0300][4,470s][info ][gc] GC(34) Pause Young (Mixed) (G1 Evacuation Pause) 608M->282M(768M) 57,933ms
[2024-08-04T21:09:11.387+0300][4,665s][info ][gc] GC(35) Pause Young (Concurrent Start) (G1 Evacuation Pause) 621M->353M(768M) 60,958ms
[2024-08-04T21:09:11.387+0300][4,665s][info ][gc] GC(36) Concurrent Mark Cycle
[2024-08-04T21:09:11.444+0300][4,722s][debug][gc] GC(36) Reclaimed 125 empty regions
[2024-08-04T21:09:11.444+0300][4,722s][info ][gc] GC(36) Pause Remark 459M->334M(768M) 0,706ms
[2024-08-04T21:09:11.467+0300][4,745s][info ][gc] GC(36) Pause Cleanup 383M->383M(768M) 0,144ms
[2024-08-04T21:09:11.467+0300][4,746s][info ][gc] GC(36) Concurrent Mark Cycle 80,129ms
[2024-08-04T21:09:11.541+0300][4,820s][info ][gc] GC(37) Pause Young (Prepare Mixed) (G1 Evacuation Pause) 514M->216M(768M) 22,168ms
[2024-08-04T21:09:11.757+0300][5,035s][info ][gc] GC(38) Pause Young (Mixed) (G1 Evacuation Pause) 610M->292M(768M) 58,883ms
[2024-08-04T21:09:11.950+0300][5,228s][info ][gc] GC(39) Pause Young (Concurrent Start) (G1 Evacuation Pause) 624M->360M(768M) 60,836ms
[2024-08-04T21:09:11.950+0300][5,228s][info ][gc] GC(40) Concurrent Mark Cycle
[2024-08-04T21:09:12.030+0300][5,308s][debug][gc] GC(40) Reclaimed 133 empty regions
[2024-08-04T21:09:12.030+0300][5,308s][info ][gc] GC(40) Pause Remark 487M->354M(768M) 0,689ms
[2024-08-04T21:09:12.052+0300][5,331s][info ][gc] GC(40) Pause Cleanup 409M->409M(768M) 0,153ms
[2024-08-04T21:09:12.053+0300][5,331s][info ][gc] GC(40) Concurrent Mark Cycle 103,540ms
[2024-08-04T21:09:12.112+0300][5,390s][info ][gc] GC(41) Pause Young (Prepare Mixed) (G1 Evacuation Pause) 508M->216M(768M) 18,795ms
[2024-08-04T21:09:12.328+0300][5,606s][info ][gc] GC(42) Pause Young (Mixed) (G1 Evacuation Pause) 610M->293M(768M) 59,363ms
[2024-08-04T21:09:12.510+0300][5,789s][info ][gc] GC(43) Pause Young (Concurrent Start) (G1 Evacuation Pause) 624M->362M(768M) 51,294ms
[2024-08-04T21:09:12.511+0300][5,789s][info ][gc] GC(44) Concurrent Mark Cycle
[2024-08-04T21:09:12.570+0300][5,848s][debug][gc] GC(44) Reclaimed 131 empty regions
[2024-08-04T21:09:12.570+0300][5,848s][info ][gc] GC(44) Pause Remark 468M->337M(768M) 0,701ms
[2024-08-04T21:09:12.592+0300][5,871s][info ][gc] GC(44) Pause Cleanup 388M->388M(768M) 0,187ms
[2024-08-04T21:09:12.593+0300][5,871s][info ][gc] GC(44) Concurrent Mark Cycle 82,740ms
[2024-08-04T21:09:12.666+0300][5,944s][info ][gc] GC(45) Pause Young (Prepare Mixed) (G1 Evacuation Pause) 512M->219M(768M) 24,492ms
[2024-08-04T21:09:12.884+0300][6,162s][info ][gc] GC(46) Pause Young (Mixed) (G1 Evacuation Pause) 612M->295M(768M) 62,358ms
[2024-08-04T21:09:13.078+0300][6,356s][info ][gc] GC(47) Pause Young (Concurrent Start) (G1 Evacuation Pause) 625M->364M(768M) 62,703ms
[2024-08-04T21:09:13.078+0300][6,356s][info ][gc] GC(48) Concurrent Mark Cycle
[2024-08-04T21:09:13.148+0300][6,426s][debug][gc] GC(48) Reclaimed 134 empty regions
[2024-08-04T21:09:13.148+0300][6,426s][info ][gc] GC(48) Pause Remark 475M->341M(768M) 0,703ms
[2024-08-04T21:09:13.170+0300][6,448s][info ][gc] GC(48) Pause Cleanup 393M->393M(768M) 0,154ms
[2024-08-04T21:09:13.171+0300][6,449s][info ][gc] GC(48) Concurrent Mark Cycle 93,176ms
[2024-08-04T21:09:13.239+0300][6,518s][info ][gc] GC(49) Pause Young (Prepare Mixed) (G1 Evacuation Pause) 509M->218M(768M) 23,084ms
[2024-08-04T21:09:13.458+0300][6,736s][info ][gc] GC(50) Pause Young (Mixed) (G1 Evacuation Pause) 612M->294M(768M) 61,550ms
[2024-08-04T21:09:13.651+0300][6,929s][info ][gc] GC(51) Pause Young (Concurrent Start) (G1 Evacuation Pause) 626M->363M(768M) 61,437ms
[2024-08-04T21:09:13.651+0300][6,929s][info ][gc] GC(52) Concurrent Mark Cycle
[2024-08-04T21:09:13.706+0300][6,984s][debug][gc] GC(52) Reclaimed 132 empty regions
[2024-08-04T21:09:13.706+0300][6,985s][info ][gc] GC(52) Pause Remark 477M->345M(768M) 0,688ms
[2024-08-04T21:09:13.729+0300][7,008s][info ][gc] GC(52) Pause Cleanup 392M->392M(768M) 0,152ms
[2024-08-04T21:09:13.730+0300][7,008s][info ][gc] GC(52) Concurrent Mark Cycle 79,179ms
[2024-08-04T21:09:13.799+0300][7,077s][info ][gc] GC(53) Pause Young (Prepare Mixed) (G1 Evacuation Pause) 511M->217M(768M) 21,646ms
[2024-08-04T21:09:14.016+0300][7,294s][info ][gc] GC(54) Pause Young (Mixed) (G1 Evacuation Pause) 613M->294M(768M) 60,739ms
[2024-08-04T21:09:14.220+0300][7,498s][info ][gc] GC(55) Pause Young (Concurrent Start) (G1 Evacuation Pause) 626M->364M(768M) 70,911ms
[2024-08-04T21:09:14.220+0300][7,498s][info ][gc] GC(56) Concurrent Mark Cycle
[2024-08-04T21:09:14.298+0300][7,576s][debug][gc] GC(56) Reclaimed 131 empty regions
[2024-08-04T21:09:14.298+0300][7,576s][info ][gc] GC(56) Pause Remark 479M->348M(768M) 0,786ms
[2024-08-04T21:09:14.321+0300][7,599s][info ][gc] GC(56) Pause Cleanup 406M->406M(768M) 0,143ms
[2024-08-04T21:09:14.322+0300][7,600s][info ][gc] GC(56) Concurrent Mark Cycle 101,325ms
[2024-08-04T21:09:14.386+0300][7,664s][info ][gc] GC(57) Pause Young (Prepare Mixed) (G1 Evacuation Pause) 513M->218M(768M) 21,618ms
[2024-08-04T21:09:14.608+0300][7,886s][info ][gc] GC(58) Pause Young (Mixed) (G1 Evacuation Pause) 614M->296M(768M) 64,808ms
[2024-08-04T21:09:14.803+0300][8,082s][info ][gc] GC(59) Pause Young (Concurrent Start) (G1 Evacuation Pause) 627M->364M(768M) 62,948ms
[2024-08-04T21:09:14.804+0300][8,082s][info ][gc] GC(60) Concurrent Mark Cycle
[2024-08-04T21:09:14.860+0300][8,138s][debug][gc] GC(60) Reclaimed 134 empty regions
[2024-08-04T21:09:14.860+0300][8,138s][info ][gc] GC(60) Pause Remark 480M->346M(768M) 0,696ms
[2024-08-04T21:09:14.883+0300][8,161s][info ][gc] GC(60) Pause Cleanup 393M->393M(768M) 0,146ms
[2024-08-04T21:09:14.884+0300][8,162s][info ][gc] GC(60) Concurrent Mark Cycle 79,930ms
[2024-08-04T21:09:14.951+0300][8,229s][info ][gc] GC(61) Pause Young (Prepare Mixed) (G1 Evacuation Pause) 510M->216M(768M) 21,093ms
[2024-08-04T21:09:15.172+0300][8,451s][info ][gc] GC(62) Pause Young (Mixed) (G1 Evacuation Pause) 613M->293M(768M) 63,860ms
[2024-08-04T21:09:15.374+0300][8,652s][info ][gc] GC(63) Pause Young (Concurrent Start) (G1 Evacuation Pause) 627M->362M(768M) 68,561ms
[2024-08-04T21:09:15.374+0300][8,652s][info ][gc] GC(64) Concurrent Mark Cycle
[2024-08-04T21:09:15.455+0300][8,733s][debug][gc] GC(64) Reclaimed 132 empty regions
[2024-08-04T21:09:15.455+0300][8,733s][info ][gc] GC(64) Pause Remark 490M->358M(768M) 0,718ms
[2024-08-04T21:09:15.477+0300][8,755s][info ][gc] GC(64) Pause Cleanup 412M->412M(768M) 0,151ms
[2024-08-04T21:09:15.477+0300][8,756s][info ][gc] GC(64) Concurrent Mark Cycle 103,095ms
