[2024-08-04T21:08:57.561+0300][0.005s][info][gc] Using G1
[2024-08-04T21:08:57.562+0300][0.006s][debug][gc] ConcGCThreads: 3 offset 22
[2024-08-04T21:08:57.562+0300][0.006s][debug][gc] ParallelGCThreads: 10
[2024-08-04T21:08:57.563+0300][0.006s][debug][gc] Initialize mark stack with 4096 chunks, maximum 524288
[2024-08-04T21:08:57.692+0300][0,136s][info ][gc] GC(0) Pause Young (Normal) (G1 Evacuation Pause) 27M->7M(512M) 5,259ms
[2024-08-04T21:08:57.712+0300][0,155s][info ][gc] GC(1) Pause Young (Normal) (G1 Evacuation Pause) 39M->16M(512M) 9,799ms
[2024-08-04T21:08:57.769+0300][0,213s][info ][gc] GC(2) Pause Young (Normal) (G1 Evacuation Pause) 82M->35M(512M) 18,443ms
[2024-08-04T21:08:57.827+0300][0,270s][info ][gc] GC(3) Pause Young (Normal) (G1 Evacuation Pause) 111M->55M(512M) 22,882ms
[2024-08-04T21:08:57.895+0300][0,339s][info ][gc] GC(4) Pause Young (Normal) (G1 Evacuation Pause) 153M->82M(512M) 23,170ms
[2024-08-04T21:08:57.973+0300][0,417s][info ][gc] GC(5) Pause Young (Normal) (G1 Evacuation Pause) 199M->116M(512M) 26,663ms
[2024-08-04T21:08:58.062+0300][0,506s][info ][gc] GC(6) Pause Young (Normal) (G1 Evacuation Pause) 247M->156M(512M) 34,157ms
[2024-08-04T21:08:58.207+0300][0,651s][info ][gc] GC(7) Pause Young (Normal) (G1 Evacuation Pause) 343M->215M(512M) 44,011ms
[2024-08-04T21:08:58.319+0300][0,762s][info ][gc] GC(8) Pause Young (Normal) (G1 Evacuation Pause) 393M->254M(512M) 39,772ms
[2024-08-04T21:08:58.389+0300][0,833s][info ][gc] GC(9) Pause Young (Concurrent Start) (G1 Humongous Allocation) 361M->280M(512M) 27,748ms
[2024-08-04T21:08:58.390+0300][0,833s][info ][gc] GC(10) Concurrent Mark Cycle
[2024-08-04T21:08:58.498+0300][0,942s][debug][gc] GC(10) Reclaimed 50 empty regions
[2024-08-04T21:08:58.498+0300][0,942s][info ][gc] GC(10) Pause Remark 426M->376M(512M) 0,815ms
[2024-08-04T21:08:58.531+0300][0,975s][info ][gc] GC(11) Pause Young (Normal) (G1 Evacuation Pause) 419M->285M(512M) 15,442ms
[2024-08-04T21:08:58.548+0300][0,992s][info ][gc] GC(10) Pause Cleanup 326M->326M(512M) 0,214ms
[2024-08-04T21:08:58.549+0300][0,993s][info ][gc] GC(10) Concurrent Mark Cycle 159,481ms
[2024-08-04T21:08:58.618+0300][1,062s][info ][gc] GC(12) Pause Young (Prepare Mixed) (G1 Evacuation Pause) 442M->316M(512M) 24,173ms
[2024-08-04T21:08:58.697+0300][1,141s][info ][gc] GC(13) Pause Young (Mixed) (G1 Evacuation Pause) 450M->343M(512M) 25,520ms
[2024-08-04T21:08:58.767+0300][1,211s][info ][gc] GC(14) Pause Young (Concurrent Start) (G1 Evacuation Pause) 459M->369M(512M) 22,958ms
[2024-08-04T21:08:58.767+0300][1,211s][info ][gc] GC(15) Concurrent Mark Cycle
[2024-08-04T21:08:58.819+0300][1,263s][debug][gc] GC(15) Reclaimed 220 empty regions
[2024-08-04T21:08:58.819+0300][1,263s][info ][gc] GC(15) Pause Remark 456M->236M(512M) 0,917ms
[2024-08-04T21:08:58.839+0300][1,283s][info ][gc] GC(16) Pause Young (Normal) (G1 Evacuation Pause) 247M->172M(512M) 14,795ms
[2024-08-04T21:08:58.851+0300][1,295s][info ][gc] GC(15) Pause Cleanup 203M->203M(512M) 0,176ms
[2024-08-04T21:08:58.852+0300][1,296s][info ][gc] GC(15) Concurrent Mark Cycle 84,952ms
[2024-08-04T21:08:58.962+0300][1,406s][info ][gc] GC(17) Pause Young (Prepare Mixed) (G1 Evacuation Pause) 401M->219M(512M) 29,385ms
[2024-08-04T21:08:59.049+0300][1,493s][info ][gc] GC(18) Pause Young (Mixed) (G1 Evacuation Pause) 414M->193M(512M) 3,838ms
[2024-08-04T21:08:59.160+0300][1,604s][info ][gc] GC(19) Pause Young (Normal) (G1 Evacuation Pause) 410M->234M(512M) 24,645ms
[2024-08-04T21:08:59.271+0300][1,715s][info ][gc] GC(20) Pause Young (Normal) (G1 Evacuation Pause) 426M->274M(512M) 34,385ms
[2024-08-04T21:08:59.366+0300][1,810s][info ][gc] GC(21) Pause Young (Concurrent Start) (G1 Evacuation Pause) 437M->310M(512M) 30,985ms
[2024-08-04T21:08:59.367+0300][1,810s][info ][gc] GC(22) Concurrent Mark Cycle
[2024-08-04T21:08:59.421+0300][1,865s][debug][gc] GC(22) Reclaimed 142 empty regions
[2024-08-04T21:08:59.421+0300][1,865s][info ][gc] GC(22) Pause Remark 421M->279M(512M) 0,719ms
[2024-08-04T21:08:59.449+0300][1,893s][info ][gc] GC(23) Pause Young (Normal) (G1 Evacuation Pause) 305M->199M(512M) 17,484ms
[2024-08-04T21:08:59.457+0300][1,901s][info ][gc] GC(22) Pause Cleanup 219M->219M(512M) 0,164ms
[2024-08-04T21:08:59.458+0300][1,902s][info ][gc] GC(22) Concurrent Mark Cycle 91,359ms
[2024-08-04T21:08:59.566+0300][2,010s][info ][gc] GC(24) Pause Young (Prepare Mixed) (G1 Evacuation Pause) 411M->244M(512M) 32,607ms
[2024-08-04T21:08:59.654+0300][2,098s][info ][gc] GC(25) Pause Young (Mixed) (G1 Evacuation Pause) 426M->237M(512M) 12,733ms
[2024-08-04T21:08:59.760+0300][2,204s][info ][gc] GC(26) Pause Young (Normal) (G1 Evacuation Pause) 428M->272M(512M) 29,833ms
[2024-08-04T21:08:59.857+0300][2,301s][info ][gc] GC(27) Pause Young (Concurrent Start) (G1 Evacuation Pause) 436M->308M(512M) 31,956ms
[2024-08-04T21:08:59.857+0300][2,301s][info ][gc] GC(28) Concurrent Mark Cycle
[2024-08-04T21:08:59.920+0300][2,364s][debug][gc] GC(28) Reclaimed 167 empty regions
[2024-08-04T21:08:59.920+0300][2,364s][info ][gc] GC(28) Pause Remark 436M->269M(512M) 0,667ms
[2024-08-04T21:08:59.942+0300][2,386s][info ][gc] GC(29) Pause Young (Normal) (G1 Evacuation Pause) 280M->171M(512M) 17,658ms
[2024-08-04T21:08:59.953+0300][2,396s][info ][gc] GC(28) Pause Cleanup 197M->197M(512M) 0,154ms
[2024-08-04T21:08:59.953+0300][2,397s][info ][gc] GC(28) Concurrent Mark Cycle 95,765ms
[2024-08-04T21:09:00.070+0300][2,514s][info ][gc] GC(30) Pause Young (Prepare Mixed) (G1 Evacuation Pause) 404M->221M(512M) 35,145ms
[2024-08-04T21:09:00.158+0300][2,601s][info ][gc] GC(31) Pause Young (Mixed) (G1 Evacuation Pause) 419M->194M(512M) 5,769ms
[2024-08-04T21:09:00.276+0300][2,720s][info ][gc] GC(32) Pause Young (Concurrent Start) (G1 Evacuation Pause) 419M->238M(512M) 29,498ms
[2024-08-04T21:09:00.276+0300][2,720s][info ][gc] GC(33) Concurrent Mark Cycle
[2024-08-04T21:09:00.316+0300][2,760s][debug][gc] GC(33) Reclaimed 142 empty regions
[2024-08-04T21:09:00.316+0300][2,760s][info ][gc] GC(33) Pause Remark 318M->176M(512M) 0,938ms
[2024-08-04T21:09:00.333+0300][2,777s][info ][gc] GC(33) Pause Cleanup 219M->219M(512M) 0,178ms
[2024-08-04T21:09:00.334+0300][2,778s][info ][gc] GC(33) Concurrent Mark Cycle 57,521ms
[2024-08-04T21:09:00.391+0300][2,835s][info ][gc] GC(34) Pause Young (Prepare Mixed) (G1 Evacuation Pause) 287M->135M(512M) 30,544ms
[2024-08-04T21:09:00.535+0300][2,979s][info ][gc] GC(35) Pause Young (Mixed) (G1 Evacuation Pause) 390M->187M(512M) 42,539ms
[2024-08-04T21:09:00.665+0300][3,109s][info ][gc] GC(36) Pause Young (Concurrent Start) (G1 Evacuation Pause) 409M->234M(512M) 42,067ms
[2024-08-04T21:09:00.665+0300][3,109s][info ][gc] GC(37) Concurrent Mark Cycle
[2024-08-04T21:09:00.765+0300][3,209s][info ][gc] GC(37) Pause Remark 383M->383M(512M) 0,654ms
[2024-08-04T21:09:00.792+0300][3,235s][info ][gc] GC(38) Pause Young (Normal) (G1 Evacuation Pause) 423M->221M(512M) 10,236ms
[2024-08-04T21:09:00.801+0300][3,245s][info ][gc] GC(37) Pause Cleanup 244M->244M(512M) 0,164ms
[2024-08-04T21:09:00.801+0300][3,245s][info ][gc] GC(37) Concurrent Mark Cycle 136,108ms
[2024-08-04T21:09:00.904+0300][3,348s][info ][gc] GC(39) Pause Young (Prepare Mixed) (G1 Evacuation Pause) 425M->261M(512M) 30,821ms
[2024-08-04T21:09:01.004+0300][3,448s][info ][gc] GC(40) Pause Young (Mixed) (G1 Evacuation Pause) 434M->296M(512M) 31,308ms
[2024-08-04T21:09:01.091+0300][3,535s][info ][gc] GC(41) Pause Young (Concurrent Start) (G1 Evacuation Pause) 444M->328M(512M) 28,441ms
[2024-08-04T21:09:01.091+0300][3,535s][info ][gc] GC(42) Concurrent Mark Cycle
[2024-08-04T21:09:01.141+0300][3,585s][debug][gc] GC(42) Reclaimed 154 empty regions
[2024-08-04T21:09:01.141+0300][3,585s][info ][gc] GC(42) Pause Remark 429M->275M(512M) 0,696ms
[2024-08-04T21:09:01.167+0300][3,611s][info ][gc] GC(43) Pause Young (Normal) (G1 Evacuation Pause) 299M->201M(512M) 16,071ms
[2024-08-04T21:09:01.178+0300][3,621s][info ][gc] GC(42) Pause Cleanup 228M->228M(512M) 0,130ms
[2024-08-04T21:09:01.178+0300][3,622s][info ][gc] GC(42) Concurrent Mark Cycle 86,772ms
[2024-08-04T21:09:01.283+0300][3,727s][info ][gc] GC(44) Pause Young (Prepare Mixed) (G1 Evacuation Pause) 413M->246M(512M) 32,232ms
[2024-08-04T21:09:01.374+0300][3,818s][info ][gc] GC(45) Pause Young (Mixed) (G1 Evacuation Pause) 427M->243M(512M) 15,638ms
[2024-08-04T21:09:01.480+0300][3,924s][info ][gc] GC(46) Pause Young (Concurrent Start) (G1 Evacuation Pause) 430M->280M(512M) 31,443ms
[2024-08-04T21:09:01.480+0300][3,924s][info ][gc] GC(47) Concurrent Mark Cycle
[2024-08-04T21:09:01.525+0300][3,969s][debug][gc] GC(47) Reclaimed 168 empty regions
[2024-08-04T21:09:01.525+0300][3,969s][info ][gc] GC(47) Pause Remark 370M->202M(512M) 1,023ms
[2024-08-04T21:09:01.540+0300][3,984s][info ][gc] GC(47) Pause Cleanup 239M->239M(512M) 0,141ms
[2024-08-04T21:09:01.540+0300][3,984s][info ][gc] GC(47) Concurrent Mark Cycle 60,234ms
[2024-08-04T21:09:01.574+0300][4,018s][info ][gc] GC(48) Pause Young (Prepare Mixed) (G1 Evacuation Pause) 271M->145M(512M) 21,530ms
[2024-08-04T21:09:01.714+0300][4,158s][info ][gc] GC(49) Pause Young (Mixed) (G1 Evacuation Pause) 397M->196M(512M) 39,569ms
[2024-08-04T21:09:01.840+0300][4,284s][info ][gc] GC(50) Pause Young (Concurrent Start) (G1 Evacuation Pause) 413M->242M(512M) 40,158ms
[2024-08-04T21:09:01.840+0300][4,284s][info ][gc] GC(51) Concurrent Mark Cycle
[2024-08-04T21:09:01.956+0300][4,400s][info ][gc] GC(51) Pause Remark 413M->413M(512M) 0,623ms
[2024-08-04T21:09:01.973+0300][4,417s][info ][gc] GC(52) Pause Young (Normal) (G1 Evacuation Pause) 427M->234M(512M) 10,787ms
[2024-08-04T21:09:01.994+0300][4,438s][info ][gc] GC(51) Pause Cleanup 281M->281M(512M) 0,175ms
[2024-08-04T21:09:01.995+0300][4,439s][info ][gc] GC(51) Concurrent Mark Cycle 154,215ms
[2024-08-04T21:09:02.084+0300][4,528s][info ][gc] GC(53) Pause Young (Prepare Mixed) (G1 Evacuation Pause) 427M->273M(512M) 31,750ms
[2024-08-04T21:09:02.177+0300][4,621s][info ][gc] GC(54) Pause Young (Mixed) (G1 Evacuation Pause) 438M->306M(512M) 27,423ms
[2024-08-04T21:09:02.262+0300][4,706s][info ][gc] GC(55) Pause Young (Concurrent Start) (G1 Evacuation Pause) 448M->337M(512M) 27,736ms
[2024-08-04T21:09:02.262+0300][4,706s][info ][gc] GC(56) Concurrent Mark Cycle
[2024-08-04T21:09:02.315+0300][4,758s][debug][gc] GC(56) Reclaimed 161 empty regions
[2024-08-04T21:09:02.315+0300][4,758s][info ][gc] GC(56) Pause Remark 445M->284M(512M) 0,855ms
[2024-08-04T21:09:02.335+0300][4,779s][info ][gc] GC(57) Pause Young (Normal) (G1 Evacuation Pause) 296M->204M(512M) 15,398ms
[2024-08-04T21:09:02.351+0300][4,795s][info ][gc] GC(56) Pause Cleanup 243M->243M(512M) 0,175ms
[2024-08-04T21:09:02.352+0300][4,795s][info ][gc] GC(56) Concurrent Mark Cycle 89,736ms
[2024-08-04T21:09:02.448+0300][4,892s][info ][gc] GC(58) Pause Young (Prepare Mixed) (G1 Evacuation Pause) 416M->249M(512M) 28,213ms
[2024-08-04T21:09:02.537+0300][4,981s][info ][gc] GC(59) Pause Young (Mixed) (G1 Evacuation Pause) 430M->246M(512M) 14,765ms
[2024-08-04T21:09:02.637+0300][5,081s][info ][gc] GC(60) Pause Young (Concurrent Start) (G1 Evacuation Pause) 431M->281M(512M) 25,822ms
[2024-08-04T21:09:02.637+0300][5,081s][info ][gc] GC(61) Concurrent Mark Cycle
[2024-08-04T21:09:02.680+0300][5,124s][debug][gc] GC(61) Reclaimed 171 empty regions
[2024-08-04T21:09:02.681+0300][5,124s][info ][gc] GC(61) Pause Remark 369M->198M(512M) 0,967ms
[2024-08-04T21:09:02.700+0300][5,144s][info ][gc] GC(61) Pause Cleanup 245M->245M(512M) 0,144ms
[2024-08-04T21:09:02.700+0300][5,144s][info ][gc] GC(61) Concurrent Mark Cycle 63,190ms
[2024-08-04T21:09:02.732+0300][5,176s][info ][gc] GC(62) Pause Young (Prepare Mixed) (G1 Evacuation Pause) 269M->144M(512M) 22,404ms
[2024-08-04T21:09:02.872+0300][5,316s][info ][gc] GC(63) Pause Young (Mixed) (G1 Evacuation Pause) 398M->196M(512M) 38,742ms
[2024-08-04T21:09:02.999+0300][5,442s][info ][gc] GC(64) Pause Young (Concurrent Start) (G1 Evacuation Pause) 414M->242M(512M) 40,004ms
[2024-08-04T21:09:02.999+0300][5,443s][info ][gc] GC(65) Concurrent Mark Cycle
[2024-08-04T21:09:03.110+0300][5,554s][info ][gc] GC(65) Pause Remark 408M->408M(512M) 0,572ms
[2024-08-04T21:09:03.128+0300][5,572s][info ][gc] GC(66) Pause Young (Normal) (G1 Evacuation Pause) 428M->235M(512M) 10,295ms
[2024-08-04T21:09:03.147+0300][5,591s][info ][gc] GC(65) Pause Cleanup 281M->281M(512M) 0,141ms
[2024-08-04T21:09:03.148+0300][5,591s][info ][gc] GC(65) Concurrent Mark Cycle 148,823ms
[2024-08-04T21:09:03.237+0300][5,681s][info ][gc] GC(67) Pause Young (Prepare Mixed) (G1 Evacuation Pause) 429M->272M(512M) 31,574ms
[2024-08-04T21:09:03.335+0300][5,778s][info ][gc] GC(68) Pause Young (Mixed) (G1 Evacuation Pause) 438M->305M(512M) 31,332ms
[2024-08-04T21:09:03.419+0300][5,863s][info ][gc] GC(69) Pause Young (Concurrent Start) (G1 Evacuation Pause) 448M->335M(512M) 27,976ms
[2024-08-04T21:09:03.420+0300][5,863s][info ][gc] GC(70) Concurrent Mark Cycle
[2024-08-04T21:09:03.472+0300][5,915s][debug][gc] GC(70) Reclaimed 162 empty regions
[2024-08-04T21:09:03.472+0300][5,916s][info ][gc] GC(70) Pause Remark 441M->279M(512M) 0,725ms
[2024-08-04T21:09:03.494+0300][5,937s][info ][gc] GC(71) Pause Young (Normal) (G1 Evacuation Pause) 295M->199M(512M) 15,400ms
[2024-08-04T21:09:03.508+0300][5,952s][info ][gc] GC(70) Pause Cleanup 235M->235M(512M) 0,168ms
[2024-08-04T21:09:03.509+0300][5,953s][info ][gc] GC(70) Concurrent Mark Cycle 89,186ms
[2024-08-04T21:09:03.611+0300][6,055s][info ][gc] GC(72) Pause Young (Prepare Mixed) (G1 Evacuation Pause) 414M->244M(512M) 31,664ms
[2024-08-04T21:09:03.701+0300][6,145s][info ][gc] GC(73) Pause Young (Mixed) (G1 Evacuation Pause) 428M->241M(512M) 14,476ms
[2024-08-04T21:09:03.810+0300][6,254s][info ][gc] GC(74) Pause Young (Concurrent Start) (G1 Evacuation Pause) 430M->278M(512M) 33,996ms
[2024-08-04T21:09:03.810+0300][6,254s][info ][gc] GC(75) Concurrent Mark Cycle
[2024-08-04T21:09:03.856+0300][6,300s][debug][gc] GC(75) Reclaimed 165 empty regions
[2024-08-04T21:09:03.856+0300][6,300s][info ][gc] GC(75) Pause Remark 371M->206M(512M) 1,015ms
[2024-08-04T21:09:03.869+0300][6,313s][info ][gc] GC(75) Pause Cleanup 237M->237M(512M) 0,138ms
[2024-08-04T21:09:03.869+0300][6,313s][info ][gc] GC(75) Concurrent Mark Cycle 58,903ms
[2024-08-04T21:09:03.908+0300][6,351s][info ][gc] GC(76) Pause Young (Prepare Mixed) (G1 Evacuation Pause) 274M->148M(512M) 23,938ms
[2024-08-04T21:09:04.050+0300][6,494s][info ][gc] GC(77) Pause Young (Mixed) (G1 Evacuation Pause) 399M->200M(512M) 42,333ms
[2024-08-04T21:09:04.169+0300][6,613s][info ][gc] GC(78) Pause Young (Concurrent Start) (G1 Evacuation Pause) 415M->245M(512M) 33,437ms
[2024-08-04T21:09:04.170+0300][6,613s][info ][gc] GC(79) Concurrent Mark Cycle
[2024-08-04T21:09:04.260+0300][6,704s][info ][gc] GC(79) Pause Remark 374M->374M(512M) 0,576ms
[2024-08-04T21:09:04.296+0300][6,739s][info ][gc] GC(80) Pause Young (Normal) (G1 Evacuation Pause) 428M->239M(512M) 13,328ms
[2024-08-04T21:09:04.301+0300][6,745s][info ][gc] GC(79) Pause Cleanup 251M->251M(512M) 0,159ms
[2024-08-04T21:09:04.301+0300][6,745s][info ][gc] GC(79) Concurrent Mark Cycle 131,567ms
[2024-08-04T21:09:04.404+0300][6,848s][info ][gc] GC(81) Pause Young (Prepare Mixed) (G1 Evacuation Pause) 429M->276M(512M) 32,989ms
[2024-08-04T21:09:04.496+0300][6,940s][info ][gc] GC(82) Pause Young (Mixed) (G1 Evacuation Pause) 439M->308M(512M) 27,038ms
[2024-08-04T21:09:04.579+0300][7,023s][info ][gc] GC(83) Pause Young (Concurrent Start) (G1 Evacuation Pause) 448M->339M(512M) 27,456ms
[2024-08-04T21:09:04.579+0300][7,023s][info ][gc] GC(84) Concurrent Mark Cycle
[2024-08-04T21:09:04.630+0300][7,074s][debug][gc] GC(84) Reclaimed 163 empty regions
[2024-08-04T21:09:04.630+0300][7,074s][info ][gc] GC(84) Pause Remark 444M->281M(512M) 0,617ms
[2024-08-04T21:09:04.652+0300][7,096s][info ][gc] GC(85) Pause Young (Normal) (G1 Evacuation Pause) 295M->201M(512M) 16,238ms
[2024-08-04T21:09:04.667+0300][7,111s][info ][gc] GC(84) Pause Cleanup 238M->238M(512M) 0,174ms
[2024-08-04T21:09:04.668+0300][7,112s][info ][gc] GC(84) Concurrent Mark Cycle 88,642ms
[2024-08-04T21:09:04.771+0300][7,215s][info ][gc] GC(86) Pause Young (Prepare Mixed) (G1 Evacuation Pause) 415M->246M(512M) 33,143ms
[2024-08-04T21:09:04.862+0300][7,306s][info ][gc] GC(87) Pause Young (Mixed) (G1 Evacuation Pause) 428M->241M(512M) 16,462ms
[2024-08-04T21:09:04.968+0300][7,412s][info ][gc] GC(88) Pause Young (Concurrent Start) (G1 Evacuation Pause) 430M->278M(512M) 30,491ms
[2024-08-04T21:09:04.968+0300][7,412s][info ][gc] GC(89) Concurrent Mark Cycle
[2024-08-04T21:09:04.996+0300][7,440s][debug][gc] GC(89) Reclaimed 164 empty regions
[2024-08-04T21:09:04.997+0300][7,440s][info ][gc] GC(89) Pause Remark 334M->170M(512M) 1,009ms
[2024-08-04T21:09:05.011+0300][7,455s][info ][gc] GC(89) Pause Cleanup 205M->205M(512M) 0,179ms
[2024-08-04T21:09:05.011+0300][7,455s][info ][gc] GC(89) Concurrent Mark Cycle 42,867ms
[2024-08-04T21:09:05.072+0300][7,516s][info ][gc] GC(90) Pause Young (Prepare Mixed) (G1 Evacuation Pause) 276M->149M(512M) 32,745ms
[2024-08-04T21:09:05.212+0300][7,656s][info ][gc] GC(91) Pause Young (Mixed) (G1 Evacuation Pause) 400M->199M(512M) 40,871ms
[2024-08-04T21:09:05.337+0300][7,781s][info ][gc] GC(92) Pause Young (Concurrent Start) (G1 Evacuation Pause) 414M->245M(512M) 39,702ms
[2024-08-04T21:09:05.337+0300][7,781s][info ][gc] GC(93) Concurrent Mark Cycle
[2024-08-04T21:09:05.448+0300][7,892s][info ][gc] GC(93) Pause Remark 406M->406M(512M) 0,658ms
[2024-08-04T21:09:05.468+0300][7,912s][info ][gc] GC(94) Pause Young (Normal) (G1 Evacuation Pause) 429M->238M(512M) 9,912ms
[2024-08-04T21:09:05.486+0300][7,929s][info ][gc] GC(93) Pause Cleanup 282M->282M(512M) 0,172ms
[2024-08-04T21:09:05.486+0300][7,930s][info ][gc] GC(93) Concurrent Mark Cycle 148,598ms
[2024-08-04T21:09:05.576+0300][8,020s][info ][gc] GC(95) Pause Young (Prepare Mixed) (G1 Evacuation Pause) 430M->274M(512M) 31,887ms
[2024-08-04T21:09:05.673+0300][8,117s][info ][gc] GC(96) Pause Young (Mixed) (G1 Evacuation Pause) 438M->306M(512M) 31,786ms
[2024-08-04T21:09:05.757+0300][8,200s][info ][gc] GC(97) Pause Young (Concurrent Start) (G1 Evacuation Pause) 448M->336M(512M) 26,750ms
[2024-08-04T21:09:05.757+0300][8,200s][info ][gc] GC(98) Concurrent Mark Cycle
[2024-08-04T21:09:05.809+0300][8,253s][debug][gc] GC(98) Reclaimed 160 empty regions
[2024-08-04T21:09:05.809+0300][8,253s][info ][gc] GC(98) Pause Remark 442M->282M(512M) 0,774ms
[2024-08-04T21:09:05.831+0300][8,275s][info ][gc] GC(99) Pause Young (Normal) (G1 Evacuation Pause) 297M->203M(512M) 16,039ms
[2024-08-04T21:09:05.846+0300][8,290s][info ][gc] GC(98) Pause Cleanup 239M->239M(512M) 0,169ms
[2024-08-04T21:09:05.846+0300][8,290s][info ][gc] GC(98) Concurrent Mark Cycle 89,506ms
[2024-08-04T21:09:05.948+0300][8,392s][info ][gc] GC(100) Pause Young (Prepare Mixed) (G1 Evacuation Pause) 416M->249M(512M) 31,794ms
[2024-08-04T21:09:06.038+0300][8,481s][info ][gc] GC(101) Pause Young (Mixed) (G1 Evacuation Pause) 430M->242M(512M) 14,870ms
[2024-08-04T21:09:06.144+0300][8,588s][info ][gc] GC(102) Pause Young (Concurrent Start) (G1 Evacuation Pause) 431M->280M(512M) 31,006ms
[2024-08-04T21:09:06.144+0300][8,588s][info ][gc] GC(103) Concurrent Mark Cycle
[2024-08-04T21:09:06.188+0300][8,632s][debug][gc] GC(103) Reclaimed 168 empty regions
[2024-08-04T21:09:06.188+0300][8,632s][info ][gc] GC(103) Pause Remark 370M->202M(512M) 0,884ms
[2024-08-04T21:09:06.207+0300][8,650s][info ][gc] GC(103) Pause Cleanup 247M->247M(512M) 0,164ms
[2024-08-04T21:09:06.207+0300][8,651s][info ][gc] GC(103) Concurrent Mark Cycle 63,159ms
[2024-08-04T21:09:06.240+0300][8,683s][info ][gc] GC(104) Pause Young (Prepare Mixed) (G1 Evacuation Pause) 273M->145M(512M) 22,385ms
[2024-08-04T21:09:06.379+0300][8,823s][info ][gc] GC(105) Pause Young (Mixed) (G1 Evacuation Pause) 398M->196M(512M) 38,448ms
[2024-08-04T21:09:06.498+0300][8,941s][info ][gc] GC(106) Pause Young (Concurrent Start) (G1 Evacuation Pause) 413M->242M(512M) 32,717ms
[2024-08-04T21:09:06.498+0300][8,941s][info ][gc] GC(107) Concurrent Mark Cycle
[2024-08-04T21:09:06.623+0300][9,067s][info ][gc] GC(107) Pause Remark 425M->425M(512M) 0,656ms
[2024-08-04T21:09:06.635+0300][9,079s][info ][gc] GC(108) Pause Young (Normal) (G1 Evacuation Pause) 427M->234M(512M) 10,298ms
[2024-08-04T21:09:06.660+0300][9,104s][info ][gc] GC(107) Pause Cleanup 278M->278M(512M) 0,155ms
[2024-08-04T21:09:06.660+0300][9,104s][info ][gc] GC(107) Concurrent Mark Cycle 162,780ms
