[2024-08-04T21:09:15.613+0300][0.005s][info][gc] Using G1
[2024-08-04T21:09:15.614+0300][0.006s][debug][gc] ConcGCThreads: 3 offset 22
[2024-08-04T21:09:15.614+0300][0.006s][debug][gc] ParallelGCThreads: 10
[2024-08-04T21:09:15.614+0300][0.007s][debug][gc] Initialize mark stack with 4096 chunks, maximum 524288
[2024-08-04T21:09:15.776+0300][0,168s][info ][gc] GC(0) Pause Young (Normal) (G1 Evacuation Pause) 56M->15M(1024M) 13,576ms
[2024-08-04T21:09:15.811+0300][0,204s][info ][gc] GC(1) Pause Young (Normal) (G1 Evacuation Pause) 66M->31M(1024M) 22,905ms
[2024-08-04T21:09:15.852+0300][0,245s][info ][gc] GC(2) Pause Young (Normal) (G1 Evacuation Pause) 80M->46M(1024M) 19,903ms
[2024-08-04T21:09:15.915+0300][0,308s][info ][gc] GC(3) Pause Young (Normal) (G1 Evacuation Pause) 124M->68M(1024M) 21,165ms
[2024-08-04T21:09:15.997+0300][0,389s][info ][gc] GC(4) Pause Young (Normal) (G1 Evacuation Pause) 173M->100M(1024M) 30,310ms
[2024-08-04T21:09:16.074+0300][0,466s][info ][gc] GC(5) Pause Young (Normal) (G1 Evacuation Pause) 215M->125M(1024M) 26,671ms
[2024-08-04T21:09:16.158+0300][0,550s][info ][gc] GC(6) Pause Young (Normal) (G1 Evacuation Pause) 255M->165M(1024M) 29,823ms
[2024-08-04T21:09:16.301+0300][0,694s][info ][gc] GC(7) Pause Young (Normal) (G1 Evacuation Pause) 363M->226M(1024M) 42,377ms
[2024-08-04T21:09:16.434+0300][0,826s][info ][gc] GC(8) Pause Young (Normal) (G1 Evacuation Pause) 430M->269M(1024M) 44,543ms
[2024-08-04T21:09:16.582+0300][0,975s][info ][gc] GC(9) Pause Young (Normal) (G1 Evacuation Pause) 497M->335M(1024M) 32,051ms
[2024-08-04T21:09:16.797+0300][1,189s][info ][gc] GC(10) Pause Young (Normal) (G1 Evacuation Pause) 650M->398M(1024M) 53,330ms
[2024-08-04T21:09:17.012+0300][1,404s][info ][gc] GC(11) Pause Young (Normal) (G1 Evacuation Pause) 748M->470M(1024M) 69,985ms
[2024-08-04T21:09:17.166+0300][1,558s][info ][gc] GC(12) Pause Young (Normal) (G1 Evacuation Pause) 815M->440M(1024M) 14,352ms
[2024-08-04T21:09:17.383+0300][1,775s][info ][gc] GC(13) Pause Young (Normal) (G1 Evacuation Pause) 840M->522M(1024M) 57,830ms
[2024-08-04T21:09:17.588+0300][1,980s][info ][gc] GC(14) Pause Young (Concurrent Start) (G1 Evacuation Pause) 869M->594M(1024M) 67,711ms
[2024-08-04T21:09:17.588+0300][1,980s][info ][gc] GC(15) Concurrent Mark Cycle
[2024-08-04T21:09:17.654+0300][2,046s][debug][gc] GC(15) Reclaimed 378 empty regions
[2024-08-04T21:09:17.654+0300][2,046s][info ][gc] GC(15) Pause Remark 726M->348M(1024M) 0,814ms
[2024-08-04T21:09:17.683+0300][2,076s][info ][gc] GC(15) Pause Cleanup 392M->392M(1024M) 0,201ms
[2024-08-04T21:09:17.688+0300][2,080s][info ][gc] GC(15) Concurrent Mark Cycle 99,521ms
[2024-08-04T21:09:17.748+0300][2,140s][info ][gc] GC(16) Pause Young (Prepare Mixed) (G1 Evacuation Pause) 512M->193M(1024M) 15,676ms
[2024-08-04T21:09:18.058+0300][2,450s][info ][gc] GC(17) Pause Young (Mixed) (G1 Evacuation Pause) 775M->309M(1024M) 74,072ms
[2024-08-04T21:09:18.274+0300][2,667s][info ][gc] GC(18) Pause Young (Normal) (G1 Evacuation Pause) 784M->270M(1024M) 23,202ms
[2024-08-04T21:09:18.561+0300][2,953s][info ][gc] GC(19) Pause Young (Normal) (G1 Evacuation Pause) 798M->375M(1024M) 76,842ms
[2024-08-04T21:09:18.763+0300][3,155s][info ][gc] GC(20) Pause Young (Normal) (G1 Evacuation Pause) 827M->335M(1024M) 20,156ms
[2024-08-04T21:09:19.030+0300][3,422s][info ][gc] GC(21) Pause Young (Normal) (G1 Evacuation Pause) 839M->436M(1024M) 67,488ms
[2024-08-04T21:09:19.209+0300][3,601s][info ][gc] GC(22) Pause Young (Normal) (G1 Evacuation Pause) 852M->382M(1024M) 11,240ms
[2024-08-04T21:09:19.453+0300][3,846s][info ][gc] GC(23) Pause Young (Normal) (G1 Evacuation Pause) 858M->478M(1024M) 55,953ms
[2024-08-04T21:09:19.660+0300][4,053s][info ][gc] GC(24) Pause Young (Normal) (G1 Evacuation Pause) 866M->558M(1024M) 53,112ms
[2024-08-04T21:09:19.815+0300][4,208s][info ][gc] GC(25) Pause Young (Concurrent Start) (G1 Evacuation Pause) 882M->550M(1024M) 23,812ms
[2024-08-04T21:09:19.815+0300][4,208s][info ][gc] GC(26) Concurrent Mark Cycle
[2024-08-04T21:09:19.833+0300][4,226s][debug][gc] GC(26) Reclaimed 457 empty regions
[2024-08-04T21:09:19.834+0300][4,226s][info ][gc] GC(26) Pause Remark 586M->129M(1024M) 0,848ms
[2024-08-04T21:09:19.839+0300][4,231s][info ][gc] GC(26) Pause Cleanup 141M->141M(1024M) 0,232ms
[2024-08-04T21:09:19.840+0300][4,232s][info ][gc] GC(26) Concurrent Mark Cycle 24,383ms
[2024-08-04T21:09:20.011+0300][4,403s][info ][gc] GC(27) Pause Young (Prepare Mixed) (G1 Evacuation Pause) 426M->161M(1024M) 57,366ms
[2024-08-04T21:09:20.262+0300][4,654s][info ][gc] GC(28) Pause Young (Mixed) (G1 Evacuation Pause) 727M->142M(1024M) 19,441ms
[2024-08-04T21:09:20.567+0300][4,960s][info ][gc] GC(29) Pause Young (Normal) (G1 Evacuation Pause) 727M->258M(1024M) 73,650ms
[2024-08-04T21:09:20.813+0300][5,206s][info ][gc] GC(30) Pause Young (Normal) (G1 Evacuation Pause) 795M->232M(1024M) 29,697ms
[2024-08-04T21:09:21.119+0300][5,511s][info ][gc] GC(31) Pause Young (Normal) (G1 Evacuation Pause) 795M->344M(1024M) 81,130ms
[2024-08-04T21:09:21.344+0300][5,736s][info ][gc] GC(32) Pause Young (Normal) (G1 Evacuation Pause) 823M->324M(1024M) 32,084ms
[2024-08-04T21:09:21.627+0300][6,020s][info ][gc] GC(33) Pause Young (Normal) (G1 Evacuation Pause) 829M->425M(1024M) 82,973ms
[2024-08-04T21:09:21.823+0300][6,215s][info ][gc] GC(34) Pause Young (Normal) (G1 Evacuation Pause) 843M->393M(1024M) 26,876ms
[2024-08-04T21:09:22.073+0300][6,465s][info ][gc] GC(35) Pause Young (Normal) (G1 Evacuation Pause) 849M->484M(1024M) 69,164ms
[2024-08-04T21:09:22.233+0300][6,625s][info ][gc] GC(36) Pause Young (Normal) (G1 Evacuation Pause) 862M->427M(1024M) 6,720ms
[2024-08-04T21:09:22.462+0300][6,854s][info ][gc] GC(37) Pause Young (Normal) (G1 Evacuation Pause) 867M->516M(1024M) 54,134ms
[2024-08-04T21:09:22.670+0300][7,062s][info ][gc] GC(38) Pause Young (Concurrent Start) (G1 Evacuation Pause) 874M->590M(1024M) 66,157ms
[2024-08-04T21:09:22.670+0300][7,062s][info ][gc] GC(39) Concurrent Mark Cycle
[2024-08-04T21:09:22.737+0300][7,130s][debug][gc] GC(39) Reclaimed 377 empty regions
[2024-08-04T21:09:22.737+0300][7,130s][info ][gc] GC(39) Pause Remark 728M->351M(1024M) 0,954ms
[2024-08-04T21:09:22.764+0300][7,156s][info ][gc] GC(39) Pause Cleanup 411M->411M(1024M) 0,187ms
[2024-08-04T21:09:22.765+0300][7,158s][info ][gc] GC(39) Concurrent Mark Cycle 95,271ms
[2024-08-04T21:09:22.820+0300][7,212s][info ][gc] GC(40) Pause Young (Prepare Mixed) (G1 Evacuation Pause) 512M->184M(1024M) 14,406ms
[2024-08-04T21:09:23.128+0300][7,520s][info ][gc] GC(41) Pause Young (Mixed) (G1 Evacuation Pause) 775M->300M(1024M) 73,732ms
[2024-08-04T21:09:23.358+0300][7,751s][info ][gc] GC(42) Pause Young (Normal) (G1 Evacuation Pause) 811M->264M(1024M) 25,364ms
[2024-08-04T21:09:23.656+0300][8,048s][info ][gc] GC(43) Pause Young (Concurrent Start) (G1 Evacuation Pause) 821M->376M(1024M) 76,410ms
[2024-08-04T21:09:23.656+0300][8,049s][info ][gc] GC(44) Concurrent Mark Cycle
[2024-08-04T21:09:23.691+0300][8,084s][debug][gc] GC(44) Reclaimed 179 empty regions
[2024-08-04T21:09:23.691+0300][8,084s][info ][gc] GC(44) Pause Remark 447M->268M(1024M) 0,658ms
[2024-08-04T21:09:23.709+0300][8,102s][info ][gc] GC(44) Pause Cleanup 312M->312M(1024M) 0,160ms
[2024-08-04T21:09:23.710+0300][8,103s][info ][gc] GC(44) Concurrent Mark Cycle 54,123ms
