[2024-08-07T20:48:05.420+0300][0.005s][info][gc] Using G1
[2024-08-07T20:48:05.421+0300][0.006s][debug][gc] ConcGCThreads: 3 offset 22
[2024-08-07T20:48:05.421+0300][0.006s][debug][gc] ParallelGCThreads: 10
[2024-08-07T20:48:05.421+0300][0.007s][debug][gc] Initialize mark stack with 4096 chunks, maximum 524288
[2024-08-07T20:48:05.593+0300][0,178s][info ][gc] GC(0) Pause Young (Normal) (G1 Evacuation Pause) 24M->3M(256M) 3,252ms
[2024-08-07T20:48:05.629+0300][0,215s][info ][gc] GC(1) Pause Young (Normal) (G1 Evacuation Pause) 56M->4M(256M) 3,933ms
[2024-08-07T20:48:05.706+0300][0,292s][info ][gc] GC(2) Pause Young (Normal) (G1 Evacuation Pause) 153M->3M(256M) 4,286ms
[2024-08-07T20:48:05.740+0300][0,326s][info ][gc] GC(3) Pause Young (Normal) (G1 Evacuation Pause) 153M->3M(256M) 2,779ms
[2024-08-07T20:48:05.773+0300][0,359s][info ][gc] GC(4) Pause Young (Normal) (G1 Evacuation Pause) 153M->2M(256M) 2,362ms
[2024-08-07T20:48:05.810+0300][0,395s][info ][gc] GC(5) Pause Young (Normal) (G1 Evacuation Pause) 153M->5M(256M) 4,988ms
[2024-08-07T20:48:05.844+0300][0,429s][info ][gc] GC(6) Pause Young (Normal) (G1 Evacuation Pause) 153M->4M(256M) 3,979ms
[2024-08-07T20:48:05.880+0300][0,466s][info ][gc] GC(7) Pause Young (Normal) (G1 Evacuation Pause) 153M->3M(256M) 3,342ms
[2024-08-07T20:48:05.917+0300][0,503s][info ][gc] GC(8) Pause Young (Normal) (G1 Evacuation Pause) 153M->2M(256M) 2,908ms
[2024-08-07T20:48:05.955+0300][0,540s][info ][gc] GC(9) Pause Young (Normal) (G1 Evacuation Pause) 153M->2M(256M) 2,560ms
[2024-08-07T20:48:05.992+0300][0,578s][info ][gc] GC(10) Pause Young (Normal) (G1 Evacuation Pause) 153M->5M(256M) 3,992ms
[2024-08-07T20:48:06.028+0300][0,614s][info ][gc] GC(11) Pause Young (Normal) (G1 Evacuation Pause) 153M->4M(256M) 3,263ms
[2024-08-07T20:48:06.062+0300][0,648s][info ][gc] GC(12) Pause Young (Normal) (G1 Evacuation Pause) 153M->3M(256M) 2,992ms
[2024-08-07T20:48:06.096+0300][0,682s][info ][gc] GC(13) Pause Young (Normal) (G1 Evacuation Pause) 153M->3M(256M) 2,287ms
[2024-08-07T20:48:06.129+0300][0,715s][info ][gc] GC(14) Pause Young (Normal) (G1 Evacuation Pause) 154M->2M(256M) 2,322ms
[2024-08-07T20:48:06.166+0300][0,752s][info ][gc] GC(15) Pause Young (Normal) (G1 Evacuation Pause) 153M->5M(256M) 4,463ms
[2024-08-07T20:48:06.230+0300][0,816s][info ][gc] GC(16) Pause Young (Normal) (G1 Evacuation Pause) 155M->5M(256M) 3,869ms
[2024-08-07T20:48:06.293+0300][0,879s][info ][gc] GC(17) Pause Young (Normal) (G1 Evacuation Pause) 155M->4M(256M) 3,523ms
[2024-08-07T20:48:06.356+0300][0,942s][info ][gc] GC(18) Pause Young (Normal) (G1 Evacuation Pause) 155M->4M(256M) 2,570ms
[2024-08-07T20:48:06.418+0300][1,004s][info ][gc] GC(19) Pause Young (Normal) (G1 Evacuation Pause) 155M->3M(256M) 2,233ms
[2024-08-07T20:48:06.481+0300][1,067s][info ][gc] GC(20) Pause Young (Normal) (G1 Evacuation Pause) 154M->3M(256M) 2,291ms
[2024-08-07T20:48:06.545+0300][1,130s][info ][gc] GC(21) Pause Young (Normal) (G1 Evacuation Pause) 155M->3M(256M) 2,004ms
[2024-08-07T20:48:06.607+0300][1,193s][info ][gc] GC(22) Pause Young (Normal) (G1 Evacuation Pause) 155M->2M(256M) 1,826ms
[2024-08-07T20:48:06.670+0300][1,255s][info ][gc] GC(23) Pause Young (Normal) (G1 Evacuation Pause) 154M->2M(256M) 1,710ms
[2024-08-07T20:48:06.734+0300][1,319s][info ][gc] GC(24) Pause Young (Normal) (G1 Evacuation Pause) 154M->5M(256M) 3,435ms
[2024-08-07T20:48:06.797+0300][1,383s][info ][gc] GC(25) Pause Young (Normal) (G1 Evacuation Pause) 154M->5M(256M) 3,332ms
[2024-08-07T20:48:06.860+0300][1,445s][info ][gc] GC(26) Pause Young (Normal) (G1 Evacuation Pause) 155M->4M(256M) 2,680ms
[2024-08-07T20:48:06.922+0300][1,508s][info ][gc] GC(27) Pause Young (Normal) (G1 Evacuation Pause) 155M->4M(256M) 2,393ms
[2024-08-07T20:48:06.986+0300][1,571s][info ][gc] GC(28) Pause Young (Normal) (G1 Evacuation Pause) 155M->3M(256M) 2,210ms
[2024-08-07T20:48:07.050+0300][1,635s][info ][gc] GC(29) Pause Young (Normal) (G1 Evacuation Pause) 155M->3M(256M) 2,070ms
[2024-08-07T20:48:07.113+0300][1,699s][info ][gc] GC(30) Pause Young (Normal) (G1 Evacuation Pause) 155M->3M(256M) 2,454ms
[2024-08-07T20:48:07.177+0300][1,763s][info ][gc] GC(31) Pause Young (Normal) (G1 Evacuation Pause) 155M->3M(256M) 2,065ms
[2024-08-07T20:48:07.240+0300][1,826s][info ][gc] GC(32) Pause Young (Normal) (G1 Evacuation Pause) 155M->2M(256M) 2,005ms
[2024-08-07T20:48:07.303+0300][1,889s][info ][gc] GC(33) Pause Young (Normal) (G1 Evacuation Pause) 154M->2M(256M) 1,680ms
[2024-08-07T20:48:07.369+0300][1,954s][info ][gc] GC(34) Pause Young (Normal) (G1 Evacuation Pause) 154M->5M(256M) 4,251ms
[2024-08-07T20:48:07.432+0300][2,017s][info ][gc] GC(35) Pause Young (Normal) (G1 Evacuation Pause) 154M->4M(256M) 3,308ms
[2024-08-07T20:48:07.496+0300][2,081s][info ][gc] GC(36) Pause Young (Normal) (G1 Evacuation Pause) 154M->4M(256M) 2,835ms
[2024-08-07T20:48:07.559+0300][2,145s][info ][gc] GC(37) Pause Young (Normal) (G1 Evacuation Pause) 155M->4M(256M) 2,555ms
[2024-08-07T20:48:07.623+0300][2,208s][info ][gc] GC(38) Pause Young (Normal) (G1 Evacuation Pause) 155M->3M(256M) 2,505ms
[2024-08-07T20:48:07.686+0300][2,272s][info ][gc] GC(39) Pause Young (Normal) (G1 Evacuation Pause) 155M->3M(256M) 2,407ms
[2024-08-07T20:48:07.750+0300][2,335s][info ][gc] GC(40) Pause Young (Normal) (G1 Evacuation Pause) 155M->3M(256M) 2,133ms
[2024-08-07T20:48:07.813+0300][2,399s][info ][gc] GC(41) Pause Young (Normal) (G1 Evacuation Pause) 155M->2M(256M) 2,225ms
[2024-08-07T20:48:07.877+0300][2,462s][info ][gc] GC(42) Pause Young (Normal) (G1 Evacuation Pause) 154M->2M(256M) 1,944ms
[2024-08-07T20:48:07.939+0300][2,525s][info ][gc] GC(43) Pause Young (Normal) (G1 Evacuation Pause) 154M->2M(256M) 1,688ms
[2024-08-07T20:48:08.004+0300][2,590s][info ][gc] GC(44) Pause Young (Normal) (G1 Evacuation Pause) 154M->5M(256M) 4,072ms
[2024-08-07T20:48:08.068+0300][2,654s][info ][gc] GC(45) Pause Young (Normal) (G1 Evacuation Pause) 155M->5M(256M) 3,247ms
[2024-08-07T20:48:08.132+0300][2,718s][info ][gc] GC(46) Pause Young (Normal) (G1 Evacuation Pause) 155M->4M(256M) 3,444ms
[2024-08-07T20:48:08.196+0300][2,781s][info ][gc] GC(47) Pause Young (Normal) (G1 Evacuation Pause) 154M->3M(256M) 2,746ms
[2024-08-07T20:48:08.259+0300][2,845s][info ][gc] GC(48) Pause Young (Normal) (G1 Evacuation Pause) 154M->3M(256M) 2,460ms
[2024-08-07T20:48:08.323+0300][2,908s][info ][gc] GC(49) Pause Young (Normal) (G1 Evacuation Pause) 155M->3M(256M) 2,377ms
[2024-08-07T20:48:08.386+0300][2,972s][info ][gc] GC(50) Pause Young (Normal) (G1 Evacuation Pause) 155M->3M(256M) 2,249ms
[2024-08-07T20:48:08.448+0300][3,034s][info ][gc] GC(51) Pause Young (Normal) (G1 Evacuation Pause) 155M->2M(256M) 1,845ms
[2024-08-07T20:48:08.511+0300][3,097s][info ][gc] GC(52) Pause Young (Normal) (G1 Evacuation Pause) 154M->2M(256M) 1,775ms
[2024-08-07T20:48:08.576+0300][3,161s][info ][gc] GC(53) Pause Young (Normal) (G1 Evacuation Pause) 154M->5M(256M) 3,919ms
[2024-08-07T20:48:08.639+0300][3,224s][info ][gc] GC(54) Pause Young (Normal) (G1 Evacuation Pause) 154M->5M(256M) 3,203ms
[2024-08-07T20:48:08.701+0300][3,287s][info ][gc] GC(55) Pause Young (Normal) (G1 Evacuation Pause) 155M->4M(256M) 2,854ms
[2024-08-07T20:48:08.764+0300][3,350s][info ][gc] GC(56) Pause Young (Normal) (G1 Evacuation Pause) 155M->4M(256M) 2,584ms
[2024-08-07T20:48:08.827+0300][3,412s][info ][gc] GC(57) Pause Young (Normal) (G1 Evacuation Pause) 155M->3M(256M) 2,040ms
[2024-08-07T20:48:08.890+0300][3,475s][info ][gc] GC(58) Pause Young (Normal) (G1 Evacuation Pause) 154M->3M(256M) 2,179ms
[2024-08-07T20:48:08.954+0300][3,539s][info ][gc] GC(59) Pause Young (Normal) (G1 Evacuation Pause) 155M->3M(256M) 2,137ms
[2024-08-07T20:48:09.017+0300][3,602s][info ][gc] GC(60) Pause Young (Normal) (G1 Evacuation Pause) 155M->2M(256M) 1,887ms
[2024-08-07T20:48:09.080+0300][3,665s][info ][gc] GC(61) Pause Young (Normal) (G1 Evacuation Pause) 154M->2M(256M) 1,744ms
[2024-08-07T20:48:09.145+0300][3,731s][info ][gc] GC(62) Pause Young (Normal) (G1 Evacuation Pause) 154M->5M(256M) 4,409ms
[2024-08-07T20:48:09.209+0300][3,795s][info ][gc] GC(63) Pause Young (Normal) (G1 Evacuation Pause) 154M->5M(256M) 3,648ms
[2024-08-07T20:48:09.273+0300][3,858s][info ][gc] GC(64) Pause Young (Normal) (G1 Evacuation Pause) 155M->4M(256M) 3,190ms
[2024-08-07T20:48:09.337+0300][3,923s][info ][gc] GC(65) Pause Young (Normal) (G1 Evacuation Pause) 155M->4M(256M) 2,895ms
[2024-08-07T20:48:09.401+0300][3,986s][info ][gc] GC(66) Pause Young (Normal) (G1 Evacuation Pause) 155M->3M(256M) 2,645ms
[2024-08-07T20:48:09.463+0300][4,049s][info ][gc] GC(67) Pause Young (Normal) (G1 Evacuation Pause) 154M->3M(256M) 2,334ms
[2024-08-07T20:48:09.527+0300][4,112s][info ][gc] GC(68) Pause Young (Normal) (G1 Evacuation Pause) 155M->3M(256M) 2,180ms
[2024-08-07T20:48:09.590+0300][4,176s][info ][gc] GC(69) Pause Young (Normal) (G1 Evacuation Pause) 155M->2M(256M) 1,862ms
[2024-08-07T20:48:09.653+0300][4,239s][info ][gc] GC(70) Pause Young (Normal) (G1 Evacuation Pause) 154M->2M(256M) 1,656ms
[2024-08-07T20:48:09.718+0300][4,304s][info ][gc] GC(71) Pause Young (Normal) (G1 Evacuation Pause) 154M->5M(256M) 3,982ms
[2024-08-07T20:48:09.783+0300][4,368s][info ][gc] GC(72) Pause Young (Normal) (G1 Evacuation Pause) 154M->5M(256M) 3,714ms
[2024-08-07T20:48:09.846+0300][4,432s][info ][gc] GC(73) Pause Young (Normal) (G1 Evacuation Pause) 155M->4M(256M) 2,857ms
[2024-08-07T20:48:09.910+0300][4,495s][info ][gc] GC(74) Pause Young (Normal) (G1 Evacuation Pause) 155M->4M(256M) 2,608ms
[2024-08-07T20:48:09.972+0300][4,558s][info ][gc] GC(75) Pause Young (Normal) (G1 Evacuation Pause) 155M->3M(256M) 2,265ms
[2024-08-07T20:48:10.036+0300][4,622s][info ][gc] GC(76) Pause Young (Normal) (G1 Evacuation Pause) 155M->3M(256M) 2,259ms
[2024-08-07T20:48:10.099+0300][4,685s][info ][gc] GC(77) Pause Young (Normal) (G1 Evacuation Pause) 155M->3M(256M) 2,215ms
[2024-08-07T20:48:10.163+0300][4,748s][info ][gc] GC(78) Pause Young (Normal) (G1 Evacuation Pause) 155M->3M(256M) 2,007ms
[2024-08-07T20:48:10.226+0300][4,812s][info ][gc] GC(79) Pause Young (Normal) (G1 Evacuation Pause) 155M->2M(256M) 2,060ms
[2024-08-07T20:48:10.289+0300][4,875s][info ][gc] GC(80) Pause Young (Normal) (G1 Evacuation Pause) 154M->2M(256M) 1,633ms
[2024-08-07T20:48:10.355+0300][4,940s][info ][gc] GC(81) Pause Young (Normal) (G1 Evacuation Pause) 154M->5M(256M) 3,954ms
[2024-08-07T20:48:10.418+0300][5,003s][info ][gc] GC(82) Pause Young (Normal) (G1 Evacuation Pause) 154M->4M(256M) 3,157ms
[2024-08-07T20:48:10.482+0300][5,067s][info ][gc] GC(83) Pause Young (Normal) (G1 Evacuation Pause) 154M->4M(256M) 2,695ms
[2024-08-07T20:48:10.545+0300][5,131s][info ][gc] GC(84) Pause Young (Normal) (G1 Evacuation Pause) 155M->4M(256M) 2,453ms
[2024-08-07T20:48:10.609+0300][5,194s][info ][gc] GC(85) Pause Young (Normal) (G1 Evacuation Pause) 155M->3M(256M) 2,817ms
[2024-08-07T20:48:10.673+0300][5,258s][info ][gc] GC(86) Pause Young (Normal) (G1 Evacuation Pause) 155M->3M(256M) 2,451ms
[2024-08-07T20:48:10.737+0300][5,322s][info ][gc] GC(87) Pause Young (Normal) (G1 Evacuation Pause) 155M->3M(256M) 2,293ms
[2024-08-07T20:48:10.800+0300][5,385s][info ][gc] GC(88) Pause Young (Normal) (G1 Evacuation Pause) 155M->2M(256M) 1,632ms
[2024-08-07T20:48:10.863+0300][5,449s][info ][gc] GC(89) Pause Young (Normal) (G1 Evacuation Pause) 154M->2M(256M) 2,199ms
[2024-08-07T20:48:10.929+0300][5,514s][info ][gc] GC(90) Pause Young (Normal) (G1 Evacuation Pause) 154M->5M(256M) 3,843ms
[2024-08-07T20:48:10.993+0300][5,579s][info ][gc] GC(91) Pause Young (Normal) (G1 Evacuation Pause) 154M->5M(256M) 3,819ms
[2024-08-07T20:48:11.057+0300][5,643s][info ][gc] GC(92) Pause Young (Normal) (G1 Evacuation Pause) 155M->4M(256M) 3,570ms
[2024-08-07T20:48:11.121+0300][5,706s][info ][gc] GC(93) Pause Young (Normal) (G1 Evacuation Pause) 155M->3M(256M) 2,696ms
[2024-08-07T20:48:11.185+0300][5,770s][info ][gc] GC(94) Pause Young (Normal) (G1 Evacuation Pause) 154M->3M(256M) 2,709ms
[2024-08-07T20:48:11.247+0300][5,833s][info ][gc] GC(95) Pause Young (Normal) (G1 Evacuation Pause) 154M->3M(256M) 2,305ms
[2024-08-07T20:48:11.310+0300][5,896s][info ][gc] GC(96) Pause Young (Normal) (G1 Evacuation Pause) 155M->3M(256M) 1,809ms
[2024-08-07T20:48:11.374+0300][5,960s][info ][gc] GC(97) Pause Young (Normal) (G1 Evacuation Pause) 155M->2M(256M) 2,127ms
[2024-08-07T20:48:11.438+0300][6,023s][info ][gc] GC(98) Pause Young (Normal) (G1 Evacuation Pause) 154M->2M(256M) 2,000ms
[2024-08-07T20:48:11.503+0300][6,089s][info ][gc] GC(99) Pause Young (Normal) (G1 Evacuation Pause) 154M->5M(256M) 4,035ms
[2024-08-07T20:48:11.566+0300][6,152s][info ][gc] GC(100) Pause Young (Normal) (G1 Evacuation Pause) 154M->5M(256M) 3,624ms
[2024-08-07T20:48:11.630+0300][6,215s][info ][gc] GC(101) Pause Young (Normal) (G1 Evacuation Pause) 155M->4M(256M) 3,000ms
[2024-08-07T20:48:11.694+0300][6,280s][info ][gc] GC(102) Pause Young (Normal) (G1 Evacuation Pause) 155M->4M(256M) 2,838ms
[2024-08-07T20:48:11.758+0300][6,344s][info ][gc] GC(103) Pause Young (Normal) (G1 Evacuation Pause) 155M->3M(256M) 2,824ms
[2024-08-07T20:48:11.822+0300][6,407s][info ][gc] GC(104) Pause Young (Normal) (G1 Evacuation Pause) 154M->3M(256M) 2,462ms
[2024-08-07T20:48:11.886+0300][6,471s][info ][gc] GC(105) Pause Young (Normal) (G1 Evacuation Pause) 155M->3M(256M) 2,313ms
[2024-08-07T20:48:11.949+0300][6,534s][info ][gc] GC(106) Pause Young (Normal) (G1 Evacuation Pause) 155M->2M(256M) 1,878ms
[2024-08-07T20:48:12.012+0300][6,598s][info ][gc] GC(107) Pause Young (Normal) (G1 Evacuation Pause) 154M->2M(256M) 1,763ms
[2024-08-07T20:48:12.077+0300][6,663s][info ][gc] GC(108) Pause Young (Normal) (G1 Evacuation Pause) 154M->5M(256M) 3,650ms
[2024-08-07T20:48:12.141+0300][6,727s][info ][gc] GC(109) Pause Young (Normal) (G1 Evacuation Pause) 154M->5M(256M) 3,633ms
[2024-08-07T20:48:12.205+0300][6,790s][info ][gc] GC(110) Pause Young (Normal) (G1 Evacuation Pause) 155M->4M(256M) 2,899ms
[2024-08-07T20:48:12.268+0300][6,854s][info ][gc] GC(111) Pause Young (Normal) (G1 Evacuation Pause) 155M->4M(256M) 2,623ms
[2024-08-07T20:48:12.333+0300][6,919s][info ][gc] GC(112) Pause Young (Normal) (G1 Evacuation Pause) 155M->3M(256M) 2,617ms
[2024-08-07T20:48:12.397+0300][6,983s][info ][gc] GC(113) Pause Young (Normal) (G1 Evacuation Pause) 155M->3M(256M) 2,536ms
[2024-08-07T20:48:12.461+0300][7,046s][info ][gc] GC(114) Pause Young (Normal) (G1 Evacuation Pause) 155M->3M(256M) 2,364ms
[2024-08-07T20:48:12.524+0300][7,110s][info ][gc] GC(115) Pause Young (Normal) (G1 Evacuation Pause) 155M->3M(256M) 2,186ms
[2024-08-07T20:48:12.587+0300][7,172s][info ][gc] GC(116) Pause Young (Normal) (G1 Evacuation Pause) 155M->2M(256M) 1,730ms
[2024-08-07T20:48:12.649+0300][7,235s][info ][gc] GC(117) Pause Young (Normal) (G1 Evacuation Pause) 154M->2M(256M) 1,659ms
[2024-08-07T20:48:12.714+0300][7,300s][info ][gc] GC(118) Pause Young (Normal) (G1 Evacuation Pause) 154M->5M(256M) 4,032ms
[2024-08-07T20:48:12.779+0300][7,365s][info ][gc] GC(119) Pause Young (Normal) (G1 Evacuation Pause) 154M->4M(256M) 4,647ms
[2024-08-07T20:48:12.844+0300][7,430s][info ][gc] GC(120) Pause Young (Normal) (G1 Evacuation Pause) 154M->4M(256M) 3,801ms
[2024-08-07T20:48:12.908+0300][7,494s][info ][gc] GC(121) Pause Young (Normal) (G1 Evacuation Pause) 155M->3M(256M) 3,351ms
[2024-08-07T20:48:12.973+0300][7,558s][info ][gc] GC(122) Pause Young (Normal) (G1 Evacuation Pause) 154M->3M(256M) 2,783ms
[2024-08-07T20:48:13.037+0300][7,623s][info ][gc] GC(123) Pause Young (Normal) (G1 Evacuation Pause) 155M->3M(256M) 2,566ms
[2024-08-07T20:48:13.101+0300][7,686s][info ][gc] GC(124) Pause Young (Normal) (G1 Evacuation Pause) 155M->3M(256M) 2,516ms
[2024-08-07T20:48:13.165+0300][7,750s][info ][gc] GC(125) Pause Young (Normal) (G1 Evacuation Pause) 155M->2M(256M) 2,326ms
[2024-08-07T20:48:13.229+0300][7,814s][info ][gc] GC(126) Pause Young (Normal) (G1 Evacuation Pause) 154M->2M(256M) 2,382ms
[2024-08-07T20:48:13.292+0300][7,877s][info ][gc] GC(127) Pause Young (Normal) (G1 Evacuation Pause) 154M->2M(256M) 1,831ms
[2024-08-07T20:48:13.357+0300][7,943s][info ][gc] GC(128) Pause Young (Normal) (G1 Evacuation Pause) 154M->5M(256M) 4,396ms
[2024-08-07T20:48:13.421+0300][8,007s][info ][gc] GC(129) Pause Young (Normal) (G1 Evacuation Pause) 154M->4M(256M) 3,796ms
[2024-08-07T20:48:13.486+0300][8,071s][info ][gc] GC(130) Pause Young (Normal) (G1 Evacuation Pause) 154M->4M(256M) 3,238ms
[2024-08-07T20:48:13.549+0300][8,135s][info ][gc] GC(131) Pause Young (Normal) (G1 Evacuation Pause) 155M->4M(256M) 2,514ms
[2024-08-07T20:48:13.612+0300][8,198s][info ][gc] GC(132) Pause Young (Normal) (G1 Evacuation Pause) 155M->3M(256M) 2,242ms
[2024-08-07T20:48:13.676+0300][8,261s][info ][gc] GC(133) Pause Young (Normal) (G1 Evacuation Pause) 155M->3M(256M) 2,108ms
[2024-08-07T20:48:13.739+0300][8,325s][info ][gc] GC(134) Pause Young (Normal) (G1 Evacuation Pause) 155M->3M(256M) 2,173ms
[2024-08-07T20:48:13.803+0300][8,388s][info ][gc] GC(135) Pause Young (Normal) (G1 Evacuation Pause) 155M->2M(256M) 1,812ms
[2024-08-07T20:48:13.866+0300][8,451s][info ][gc] GC(136) Pause Young (Normal) (G1 Evacuation Pause) 154M->2M(256M) 1,635ms
[2024-08-07T20:48:13.931+0300][8,516s][info ][gc] GC(137) Pause Young (Normal) (G1 Evacuation Pause) 154M->5M(256M) 3,830ms
[2024-08-07T20:48:13.994+0300][8,580s][info ][gc] GC(138) Pause Young (Normal) (G1 Evacuation Pause) 154M->5M(256M) 3,766ms
[2024-08-07T20:48:14.058+0300][8,643s][info ][gc] GC(139) Pause Young (Normal) (G1 Evacuation Pause) 155M->4M(256M) 2,799ms
[2024-08-07T20:48:14.121+0300][8,707s][info ][gc] GC(140) Pause Young (Normal) (G1 Evacuation Pause) 155M->4M(256M) 2,548ms
[2024-08-07T20:48:14.185+0300][8,771s][info ][gc] GC(141) Pause Young (Normal) (G1 Evacuation Pause) 155M->3M(256M) 2,222ms
[2024-08-07T20:48:14.248+0300][8,833s][info ][gc] GC(142) Pause Young (Normal) (G1 Evacuation Pause) 154M->3M(256M) 2,264ms
[2024-08-07T20:48:14.317+0300][8,903s][info ][gc] GC(143) Pause Young (Normal) (G1 Evacuation Pause) 155M->3M(256M) 2,693ms
[2024-08-07T20:48:14.380+0300][8,966s][info ][gc] GC(144) Pause Young (Normal) (G1 Evacuation Pause) 155M->2M(256M) 1,673ms
[2024-08-07T20:48:14.444+0300][9,029s][info ][gc] GC(145) Pause Young (Normal) (G1 Evacuation Pause) 154M->2M(256M) 2,045ms
[2024-08-07T20:48:14.510+0300][9,095s][info ][gc] GC(146) Pause Young (Normal) (G1 Evacuation Pause) 154M->5M(256M) 4,223ms
[2024-08-07T20:48:14.572+0300][9,158s][info ][gc] GC(147) Pause Young (Normal) (G1 Evacuation Pause) 154M->5M(256M) 3,035ms
[2024-08-07T20:48:14.635+0300][9,221s][info ][gc] GC(148) Pause Young (Normal) (G1 Evacuation Pause) 155M->4M(256M) 2,922ms
[2024-08-07T20:48:14.699+0300][9,285s][info ][gc] GC(149) Pause Young (Normal) (G1 Evacuation Pause) 155M->4M(256M) 2,389ms
[2024-08-07T20:48:14.762+0300][9,348s][info ][gc] GC(150) Pause Young (Normal) (G1 Evacuation Pause) 155M->3M(256M) 2,281ms
[2024-08-07T20:48:14.825+0300][9,411s][info ][gc] GC(151) Pause Young (Normal) (G1 Evacuation Pause) 154M->3M(256M) 2,038ms
[2024-08-07T20:48:14.888+0300][9,474s][info ][gc] GC(152) Pause Young (Normal) (G1 Evacuation Pause) 155M->3M(256M) 1,982ms
[2024-08-07T20:48:14.952+0300][9,538s][info ][gc] GC(153) Pause Young (Normal) (G1 Evacuation Pause) 155M->2M(256M) 2,124ms
[2024-08-07T20:48:15.015+0300][9,601s][info ][gc] GC(154) Pause Young (Normal) (G1 Evacuation Pause) 154M->2M(256M) 1,650ms
[2024-08-07T20:48:15.081+0300][9,666s][info ][gc] GC(155) Pause Young (Normal) (G1 Evacuation Pause) 154M->5M(256M) 3,608ms
[2024-08-07T20:48:15.144+0300][9,730s][info ][gc] GC(156) Pause Young (Normal) (G1 Evacuation Pause) 154M->4M(256M) 3,089ms
[2024-08-07T20:48:15.208+0300][9,794s][info ][gc] GC(157) Pause Young (Normal) (G1 Evacuation Pause) 154M->4M(256M) 2,659ms
[2024-08-07T20:48:15.275+0300][9,861s][info ][gc] GC(158) Pause Young (Normal) (G1 Evacuation Pause) 155M->4M(256M) 2,529ms
[2024-08-07T20:48:15.338+0300][9,924s][info ][gc] GC(159) Pause Young (Normal) (G1 Evacuation Pause) 155M->3M(256M) 2,442ms
[2024-08-07T20:48:15.402+0300][9,988s][info ][gc] GC(160) Pause Young (Normal) (G1 Evacuation Pause) 155M->3M(256M) 2,262ms
[2024-08-07T20:48:15.465+0300][10,051s][info ][gc] GC(161) Pause Young (Normal) (G1 Evacuation Pause) 155M->3M(256M) 2,253ms
[2024-08-07T20:48:15.528+0300][10,114s][info ][gc] GC(162) Pause Young (Normal) (G1 Evacuation Pause) 155M->3M(256M) 2,131ms
[2024-08-07T20:48:15.592+0300][10,177s][info ][gc] GC(163) Pause Young (Normal) (G1 Evacuation Pause) 155M->2M(256M) 1,675ms
[2024-08-07T20:48:15.654+0300][10,240s][info ][gc] GC(164) Pause Young (Normal) (G1 Evacuation Pause) 154M->2M(256M) 1,555ms
[2024-08-07T20:48:15.719+0300][10,305s][info ][gc] GC(165) Pause Young (Normal) (G1 Evacuation Pause) 154M->5M(256M) 3,529ms
[2024-08-07T20:48:15.783+0300][10,368s][info ][gc] GC(166) Pause Young (Normal) (G1 Evacuation Pause) 154M->4M(256M) 3,311ms
[2024-08-07T20:48:15.846+0300][10,432s][info ][gc] GC(167) Pause Young (Normal) (G1 Evacuation Pause) 154M->4M(256M) 2,738ms
[2024-08-07T20:48:15.909+0300][10,495s][info ][gc] GC(168) Pause Young (Normal) (G1 Evacuation Pause) 155M->4M(256M) 2,541ms
[2024-08-07T20:48:15.973+0300][10,558s][info ][gc] GC(169) Pause Young (Normal) (G1 Evacuation Pause) 155M->3M(256M) 2,493ms
[2024-08-07T20:48:16.036+0300][10,622s][info ][gc] GC(170) Pause Young (Normal) (G1 Evacuation Pause) 155M->3M(256M) 2,187ms
[2024-08-07T20:48:16.100+0300][10,685s][info ][gc] GC(171) Pause Young (Normal) (G1 Evacuation Pause) 155M->3M(256M) 2,102ms
[2024-08-07T20:48:16.163+0300][10,748s][info ][gc] GC(172) Pause Young (Normal) (G1 Evacuation Pause) 155M->2M(256M) 1,960ms
[2024-08-07T20:48:16.226+0300][10,812s][info ][gc] GC(173) Pause Young (Normal) (G1 Evacuation Pause) 154M->2M(256M) 1,979ms
[2024-08-07T20:48:16.290+0300][10,876s][info ][gc] GC(174) Pause Young (Normal) (G1 Evacuation Pause) 154M->5M(256M) 3,436ms
[2024-08-07T20:48:16.354+0300][10,939s][info ][gc] GC(175) Pause Young (Normal) (G1 Evacuation Pause) 154M->4M(256M) 3,021ms
[2024-08-07T20:48:16.417+0300][11,002s][info ][gc] GC(176) Pause Young (Normal) (G1 Evacuation Pause) 154M->4M(256M) 2,549ms
[2024-08-07T20:48:16.480+0300][11,066s][info ][gc] GC(177) Pause Young (Normal) (G1 Evacuation Pause) 155M->3M(256M) 2,480ms
[2024-08-07T20:48:16.543+0300][11,129s][info ][gc] GC(178) Pause Young (Normal) (G1 Evacuation Pause) 154M->3M(256M) 2,196ms
[2024-08-07T20:48:16.607+0300][11,192s][info ][gc] GC(179) Pause Young (Normal) (G1 Evacuation Pause) 154M->3M(256M) 2,085ms
[2024-08-07T20:48:16.670+0300][11,255s][info ][gc] GC(180) Pause Young (Normal) (G1 Evacuation Pause) 155M->3M(256M) 1,937ms
[2024-08-07T20:48:16.733+0300][11,318s][info ][gc] GC(181) Pause Young (Normal) (G1 Evacuation Pause) 155M->2M(256M) 1,788ms
[2024-08-07T20:48:16.796+0300][11,382s][info ][gc] GC(182) Pause Young (Normal) (G1 Evacuation Pause) 154M->2M(256M) 1,558ms
[2024-08-07T20:48:16.861+0300][11,447s][info ][gc] GC(183) Pause Young (Normal) (G1 Evacuation Pause) 154M->5M(256M) 3,528ms
[2024-08-07T20:48:16.924+0300][11,509s][info ][gc] GC(184) Pause Young (Normal) (G1 Evacuation Pause) 154M->4M(256M) 2,859ms
[2024-08-07T20:48:16.987+0300][11,572s][info ][gc] GC(185) Pause Young (Normal) (G1 Evacuation Pause) 154M->4M(256M) 2,522ms
[2024-08-07T20:48:17.050+0300][11,635s][info ][gc] GC(186) Pause Young (Normal) (G1 Evacuation Pause) 155M->4M(256M) 2,394ms
[2024-08-07T20:48:17.113+0300][11,698s][info ][gc] GC(187) Pause Young (Normal) (G1 Evacuation Pause) 155M->3M(256M) 2,292ms
[2024-08-07T20:48:17.175+0300][11,761s][info ][gc] GC(188) Pause Young (Normal) (G1 Evacuation Pause) 154M->3M(256M) 1,773ms
[2024-08-07T20:48:17.238+0300][11,823s][info ][gc] GC(189) Pause Young (Normal) (G1 Evacuation Pause) 155M->3M(256M) 1,809ms
[2024-08-07T20:48:17.302+0300][11,887s][info ][gc] GC(190) Pause Young (Normal) (G1 Evacuation Pause) 155M->2M(256M) 1,775ms
[2024-08-07T20:48:17.364+0300][11,950s][info ][gc] GC(191) Pause Young (Normal) (G1 Evacuation Pause) 154M->2M(256M) 1,512ms
[2024-08-07T20:48:17.429+0300][12,014s][info ][gc] GC(192) Pause Young (Normal) (G1 Evacuation Pause) 154M->5M(256M) 3,428ms
[2024-08-07T20:48:17.492+0300][12,078s][info ][gc] GC(193) Pause Young (Normal) (G1 Evacuation Pause) 155M->5M(256M) 3,097ms
[2024-08-07T20:48:17.556+0300][12,141s][info ][gc] GC(194) Pause Young (Normal) (G1 Evacuation Pause) 155M->4M(256M) 3,209ms
[2024-08-07T20:48:17.620+0300][12,206s][info ][gc] GC(195) Pause Young (Normal) (G1 Evacuation Pause) 155M->4M(256M) 2,626ms
[2024-08-07T20:48:17.683+0300][12,269s][info ][gc] GC(196) Pause Young (Normal) (G1 Evacuation Pause) 155M->3M(256M) 2,245ms
[2024-08-07T20:48:17.746+0300][12,332s][info ][gc] GC(197) Pause Young (Normal) (G1 Evacuation Pause) 154M->3M(256M) 2,076ms
[2024-08-07T20:48:17.809+0300][12,395s][info ][gc] GC(198) Pause Young (Normal) (G1 Evacuation Pause) 155M->3M(256M) 2,152ms
[2024-08-07T20:48:17.873+0300][12,458s][info ][gc] GC(199) Pause Young (Normal) (G1 Evacuation Pause) 155M->3M(256M) 2,048ms
[2024-08-07T20:48:17.936+0300][12,522s][info ][gc] GC(200) Pause Young (Normal) (G1 Evacuation Pause) 155M->2M(256M) 1,785ms
[2024-08-07T20:48:17.999+0300][12,585s][info ][gc] GC(201) Pause Young (Normal) (G1 Evacuation Pause) 154M->2M(256M) 1,575ms
[2024-08-07T20:48:18.064+0300][12,649s][info ][gc] GC(202) Pause Young (Normal) (G1 Evacuation Pause) 154M->5M(256M) 3,807ms
[2024-08-07T20:48:18.127+0300][12,713s][info ][gc] GC(203) Pause Young (Normal) (G1 Evacuation Pause) 155M->5M(256M) 3,085ms
[2024-08-07T20:48:18.191+0300][12,776s][info ][gc] GC(204) Pause Young (Normal) (G1 Evacuation Pause) 155M->4M(256M) 3,011ms
[2024-08-07T20:48:18.254+0300][12,840s][info ][gc] GC(205) Pause Young (Normal) (G1 Evacuation Pause) 155M->4M(256M) 2,402ms
[2024-08-07T20:48:18.318+0300][12,903s][info ][gc] GC(206) Pause Young (Normal) (G1 Evacuation Pause) 155M->3M(256M) 2,268ms
[2024-08-07T20:48:18.381+0300][12,966s][info ][gc] GC(207) Pause Young (Normal) (G1 Evacuation Pause) 154M->3M(256M) 2,205ms
[2024-08-07T20:48:18.444+0300][13,029s][info ][gc] GC(208) Pause Young (Normal) (G1 Evacuation Pause) 155M->3M(256M) 1,880ms
[2024-08-07T20:48:18.507+0300][13,092s][info ][gc] GC(209) Pause Young (Normal) (G1 Evacuation Pause) 155M->2M(256M) 1,775ms
[2024-08-07T20:48:18.570+0300][13,155s][info ][gc] GC(210) Pause Young (Normal) (G1 Evacuation Pause) 154M->2M(256M) 1,643ms
[2024-08-07T20:48:18.633+0300][13,219s][info ][gc] GC(211) Pause Young (Normal) (G1 Evacuation Pause) 154M->2M(256M) 1,485ms
[2024-08-07T20:48:18.698+0300][13,284s][info ][gc] GC(212) Pause Young (Normal) (G1 Evacuation Pause) 154M->5M(256M) 3,714ms
[2024-08-07T20:48:18.761+0300][13,347s][info ][gc] GC(213) Pause Young (Normal) (G1 Evacuation Pause) 154M->4M(256M) 3,115ms
[2024-08-07T20:48:18.825+0300][13,410s][info ][gc] GC(214) Pause Young (Normal) (G1 Evacuation Pause) 154M->4M(256M) 2,476ms
[2024-08-07T20:48:18.888+0300][13,473s][info ][gc] GC(215) Pause Young (Normal) (G1 Evacuation Pause) 155M->3M(256M) 2,245ms
[2024-08-07T20:48:18.951+0300][13,536s][info ][gc] GC(216) Pause Young (Normal) (G1 Evacuation Pause) 154M->3M(256M) 2,183ms
[2024-08-07T20:48:19.014+0300][13,599s][info ][gc] GC(217) Pause Young (Normal) (G1 Evacuation Pause) 155M->3M(256M) 2,109ms
[2024-08-07T20:48:19.078+0300][13,663s][info ][gc] GC(218) Pause Young (Normal) (G1 Evacuation Pause) 155M->3M(256M) 2,456ms
[2024-08-07T20:48:19.141+0300][13,726s][info ][gc] GC(219) Pause Young (Normal) (G1 Evacuation Pause) 155M->2M(256M) 1,944ms
[2024-08-07T20:48:19.204+0300][13,789s][info ][gc] GC(220) Pause Young (Normal) (G1 Evacuation Pause) 154M->2M(256M) 1,734ms
[2024-08-07T20:48:19.269+0300][13,854s][info ][gc] GC(221) Pause Young (Normal) (G1 Evacuation Pause) 154M->5M(256M) 3,921ms
[2024-08-07T20:48:19.332+0300][13,917s][info ][gc] GC(222) Pause Young (Normal) (G1 Evacuation Pause) 154M->4M(256M) 2,880ms
[2024-08-07T20:48:19.396+0300][13,981s][info ][gc] GC(223) Pause Young (Normal) (G1 Evacuation Pause) 154M->4M(256M) 3,002ms
[2024-08-07T20:48:19.459+0300][14,045s][info ][gc] GC(224) Pause Young (Normal) (G1 Evacuation Pause) 155M->4M(256M) 2,519ms
[2024-08-07T20:48:19.523+0300][14,108s][info ][gc] GC(225) Pause Young (Normal) (G1 Evacuation Pause) 155M->3M(256M) 2,703ms
[2024-08-07T20:48:19.586+0300][14,171s][info ][gc] GC(226) Pause Young (Normal) (G1 Evacuation Pause) 154M->3M(256M) 2,357ms
[2024-08-07T20:48:19.649+0300][14,235s][info ][gc] GC(227) Pause Young (Normal) (G1 Evacuation Pause) 155M->3M(256M) 1,925ms
[2024-08-07T20:48:19.713+0300][14,298s][info ][gc] GC(228) Pause Young (Normal) (G1 Evacuation Pause) 155M->2M(256M) 1,829ms
[2024-08-07T20:48:19.776+0300][14,361s][info ][gc] GC(229) Pause Young (Normal) (G1 Evacuation Pause) 154M->2M(256M) 1,546ms
[2024-08-07T20:48:19.840+0300][14,426s][info ][gc] GC(230) Pause Young (Normal) (G1 Evacuation Pause) 154M->5M(256M) 3,846ms
[2024-08-07T20:48:19.904+0300][14,489s][info ][gc] GC(231) Pause Young (Normal) (G1 Evacuation Pause) 154M->5M(256M) 3,146ms
[2024-08-07T20:48:19.967+0300][14,553s][info ][gc] GC(232) Pause Young (Normal) (G1 Evacuation Pause) 155M->4M(256M) 2,548ms
[2024-08-07T20:48:20.031+0300][14,617s][info ][gc] GC(233) Pause Young (Normal) (G1 Evacuation Pause) 155M->4M(256M) 2,665ms
[2024-08-07T20:48:20.094+0300][14,680s][info ][gc] GC(234) Pause Young (Normal) (G1 Evacuation Pause) 155M->3M(256M) 2,127ms
[2024-08-07T20:48:20.157+0300][14,743s][info ][gc] GC(235) Pause Young (Normal) (G1 Evacuation Pause) 154M->3M(256M) 2,170ms
[2024-08-07T20:48:20.221+0300][14,806s][info ][gc] GC(236) Pause Young (Normal) (G1 Evacuation Pause) 155M->3M(256M) 1,717ms
[2024-08-07T20:48:20.284+0300][14,869s][info ][gc] GC(237) Pause Young (Normal) (G1 Evacuation Pause) 155M->2M(256M) 1,658ms
[2024-08-07T20:48:20.346+0300][14,932s][info ][gc] GC(238) Pause Young (Normal) (G1 Evacuation Pause) 154M->2M(256M) 1,563ms
[2024-08-07T20:48:20.411+0300][14,997s][info ][gc] GC(239) Pause Young (Normal) (G1 Evacuation Pause) 154M->5M(256M) 3,944ms
[2024-08-07T20:48:20.474+0300][15,060s][info ][gc] GC(240) Pause Young (Normal) (G1 Evacuation Pause) 154M->4M(256M) 3,230ms
[2024-08-07T20:48:20.538+0300][15,123s][info ][gc] GC(241) Pause Young (Normal) (G1 Evacuation Pause) 154M->4M(256M) 2,843ms
[2024-08-07T20:48:20.601+0300][15,186s][info ][gc] GC(242) Pause Young (Normal) (G1 Evacuation Pause) 155M->4M(256M) 2,710ms
[2024-08-07T20:48:20.664+0300][15,250s][info ][gc] GC(243) Pause Young (Normal) (G1 Evacuation Pause) 155M->3M(256M) 2,384ms
[2024-08-07T20:48:20.729+0300][15,314s][info ][gc] GC(244) Pause Young (Normal) (G1 Evacuation Pause) 155M->3M(256M) 2,188ms
[2024-08-07T20:48:20.793+0300][15,378s][info ][gc] GC(245) Pause Young (Normal) (G1 Evacuation Pause) 155M->3M(256M) 2,331ms
[2024-08-07T20:48:20.857+0300][15,442s][info ][gc] GC(246) Pause Young (Normal) (G1 Evacuation Pause) 155M->3M(256M) 2,111ms
[2024-08-07T20:48:20.921+0300][15,507s][info ][gc] GC(247) Pause Young (Normal) (G1 Evacuation Pause) 155M->2M(256M) 2,045ms
[2024-08-07T20:48:20.984+0300][15,570s][info ][gc] GC(248) Pause Young (Normal) (G1 Evacuation Pause) 154M->2M(256M) 1,651ms
[2024-08-07T20:48:21.049+0300][15,634s][info ][gc] GC(249) Pause Young (Normal) (G1 Evacuation Pause) 154M->5M(256M) 3,641ms
[2024-08-07T20:48:21.113+0300][15,698s][info ][gc] GC(250) Pause Young (Normal) (G1 Evacuation Pause) 155M->5M(256M) 3,334ms
[2024-08-07T20:48:21.177+0300][15,762s][info ][gc] GC(251) Pause Young (Normal) (G1 Evacuation Pause) 155M->4M(256M) 2,805ms
[2024-08-07T20:48:21.241+0300][15,826s][info ][gc] GC(252) Pause Young (Normal) (G1 Evacuation Pause) 155M->4M(256M) 2,817ms
[2024-08-07T20:48:21.305+0300][15,891s][info ][gc] GC(253) Pause Young (Normal) (G1 Evacuation Pause) 155M->3M(256M) 2,324ms
[2024-08-07T20:48:21.369+0300][15,954s][info ][gc] GC(254) Pause Young (Normal) (G1 Evacuation Pause) 154M->3M(256M) 2,184ms
[2024-08-07T20:48:21.433+0300][16,018s][info ][gc] GC(255) Pause Young (Normal) (G1 Evacuation Pause) 155M->3M(256M) 2,306ms
[2024-08-07T20:48:21.496+0300][16,081s][info ][gc] GC(256) Pause Young (Normal) (G1 Evacuation Pause) 155M->2M(256M) 1,893ms
[2024-08-07T20:48:21.560+0300][16,145s][info ][gc] GC(257) Pause Young (Normal) (G1 Evacuation Pause) 154M->2M(256M) 2,250ms
[2024-08-07T20:48:21.626+0300][16,211s][info ][gc] GC(258) Pause Young (Normal) (G1 Evacuation Pause) 154M->5M(256M) 4,108ms
[2024-08-07T20:48:21.689+0300][16,275s][info ][gc] GC(259) Pause Young (Normal) (G1 Evacuation Pause) 154M->5M(256M) 3,460ms
[2024-08-07T20:48:21.752+0300][16,338s][info ][gc] GC(260) Pause Young (Normal) (G1 Evacuation Pause) 155M->4M(256M) 2,597ms
[2024-08-07T20:48:21.817+0300][16,403s][info ][gc] GC(261) Pause Young (Normal) (G1 Evacuation Pause) 155M->4M(256M) 2,830ms
[2024-08-07T20:48:21.881+0300][16,467s][info ][gc] GC(262) Pause Young (Normal) (G1 Evacuation Pause) 155M->3M(256M) 2,534ms
[2024-08-07T20:48:21.945+0300][16,530s][info ][gc] GC(263) Pause Young (Normal) (G1 Evacuation Pause) 154M->3M(256M) 2,334ms
[2024-08-07T20:48:22.008+0300][16,594s][info ][gc] GC(264) Pause Young (Normal) (G1 Evacuation Pause) 155M->3M(256M) 2,226ms
[2024-08-07T20:48:22.073+0300][16,658s][info ][gc] GC(265) Pause Young (Normal) (G1 Evacuation Pause) 155M->2M(256M) 2,227ms
[2024-08-07T20:48:22.136+0300][16,721s][info ][gc] GC(266) Pause Young (Normal) (G1 Evacuation Pause) 154M->2M(256M) 1,790ms
[2024-08-07T20:48:22.202+0300][16,787s][info ][gc] GC(267) Pause Young (Normal) (G1 Evacuation Pause) 154M->5M(256M) 4,154ms
[2024-08-07T20:48:22.265+0300][16,851s][info ][gc] GC(268) Pause Young (Normal) (G1 Evacuation Pause) 154M->5M(256M) 3,458ms
[2024-08-07T20:48:22.330+0300][16,915s][info ][gc] GC(269) Pause Young (Normal) (G1 Evacuation Pause) 155M->4M(256M) 2,950ms
[2024-08-07T20:48:22.394+0300][16,979s][info ][gc] GC(270) Pause Young (Normal) (G1 Evacuation Pause) 155M->4M(256M) 2,882ms
[2024-08-07T20:48:22.457+0300][17,043s][info ][gc] GC(271) Pause Young (Normal) (G1 Evacuation Pause) 155M->3M(256M) 2,330ms
[2024-08-07T20:48:22.520+0300][17,106s][info ][gc] GC(272) Pause Young (Normal) (G1 Evacuation Pause) 154M->3M(256M) 2,177ms
[2024-08-07T20:48:22.585+0300][17,170s][info ][gc] GC(273) Pause Young (Normal) (G1 Evacuation Pause) 155M->3M(256M) 2,570ms
[2024-08-07T20:48:22.648+0300][17,233s][info ][gc] GC(274) Pause Young (Normal) (G1 Evacuation Pause) 155M->2M(256M) 1,801ms
[2024-08-07T20:48:22.711+0300][17,296s][info ][gc] GC(275) Pause Young (Normal) (G1 Evacuation Pause) 154M->2M(256M) 1,798ms
[2024-08-07T20:48:22.776+0300][17,361s][info ][gc] GC(276) Pause Young (Normal) (G1 Evacuation Pause) 154M->5M(256M) 3,832ms
[2024-08-07T20:48:22.840+0300][17,425s][info ][gc] GC(277) Pause Young (Normal) (G1 Evacuation Pause) 154M->4M(256M) 3,670ms
[2024-08-07T20:48:22.903+0300][17,488s][info ][gc] GC(278) Pause Young (Normal) (G1 Evacuation Pause) 154M->4M(256M) 2,579ms
[2024-08-07T20:48:22.966+0300][17,552s][info ][gc] GC(279) Pause Young (Normal) (G1 Evacuation Pause) 155M->4M(256M) 2,835ms
[2024-08-07T20:48:23.030+0300][17,615s][info ][gc] GC(280) Pause Young (Normal) (G1 Evacuation Pause) 155M->3M(256M) 2,222ms
[2024-08-07T20:48:23.093+0300][17,679s][info ][gc] GC(281) Pause Young (Normal) (G1 Evacuation Pause) 155M->3M(256M) 2,327ms
[2024-08-07T20:48:23.157+0300][17,742s][info ][gc] GC(282) Pause Young (Normal) (G1 Evacuation Pause) 155M->3M(256M) 2,366ms
[2024-08-07T20:48:23.221+0300][17,806s][info ][gc] GC(283) Pause Young (Normal) (G1 Evacuation Pause) 155M->3M(256M) 2,158ms
[2024-08-07T20:48:23.284+0300][17,870s][info ][gc] GC(284) Pause Young (Normal) (G1 Evacuation Pause) 155M->2M(256M) 1,746ms
[2024-08-07T20:48:23.347+0300][17,932s][info ][gc] GC(285) Pause Young (Normal) (G1 Evacuation Pause) 154M->2M(256M) 1,472ms
[2024-08-07T20:48:23.411+0300][17,997s][info ][gc] GC(286) Pause Young (Normal) (G1 Evacuation Pause) 154M->5M(256M) 3,461ms
[2024-08-07T20:48:23.475+0300][18,060s][info ][gc] GC(287) Pause Young (Normal) (G1 Evacuation Pause) 154M->4M(256M) 3,294ms
[2024-08-07T20:48:23.538+0300][18,124s][info ][gc] GC(288) Pause Young (Normal) (G1 Evacuation Pause) 154M->4M(256M) 2,827ms
[2024-08-07T20:48:23.601+0300][18,187s][info ][gc] GC(289) Pause Young (Normal) (G1 Evacuation Pause) 155M->4M(256M) 2,162ms
[2024-08-07T20:48:23.665+0300][18,250s][info ][gc] GC(290) Pause Young (Normal) (G1 Evacuation Pause) 155M->3M(256M) 2,179ms
[2024-08-07T20:48:23.728+0300][18,314s][info ][gc] GC(291) Pause Young (Normal) (G1 Evacuation Pause) 155M->3M(256M) 2,198ms
[2024-08-07T20:48:23.792+0300][18,377s][info ][gc] GC(292) Pause Young (Normal) (G1 Evacuation Pause) 155M->3M(256M) 2,165ms
[2024-08-07T20:48:23.856+0300][18,441s][info ][gc] GC(293) Pause Young (Normal) (G1 Evacuation Pause) 155M->2M(256M) 2,186ms
[2024-08-07T20:48:23.918+0300][18,504s][info ][gc] GC(294) Pause Young (Normal) (G1 Evacuation Pause) 154M->2M(256M) 1,599ms
[2024-08-07T20:48:23.982+0300][18,567s][info ][gc] GC(295) Pause Young (Normal) (G1 Evacuation Pause) 154M->2M(256M) 1,744ms
[2024-08-07T20:48:24.046+0300][18,632s][info ][gc] GC(296) Pause Young (Normal) (G1 Evacuation Pause) 154M->5M(256M) 3,392ms
[2024-08-07T20:48:24.109+0300][18,695s][info ][gc] GC(297) Pause Young (Normal) (G1 Evacuation Pause) 154M->4M(256M) 2,959ms
[2024-08-07T20:48:24.173+0300][18,758s][info ][gc] GC(298) Pause Young (Normal) (G1 Evacuation Pause) 154M->4M(256M) 2,863ms
[2024-08-07T20:48:24.236+0300][18,821s][info ][gc] GC(299) Pause Young (Normal) (G1 Evacuation Pause) 155M->3M(256M) 2,413ms
[2024-08-07T20:48:24.299+0300][18,885s][info ][gc] GC(300) Pause Young (Normal) (G1 Evacuation Pause) 154M->3M(256M) 2,304ms
[2024-08-07T20:48:24.363+0300][18,949s][info ][gc] GC(301) Pause Young (Normal) (G1 Evacuation Pause) 155M->3M(256M) 2,294ms
[2024-08-07T20:48:24.427+0300][19,013s][info ][gc] GC(302) Pause Young (Normal) (G1 Evacuation Pause) 155M->3M(256M) 2,236ms
[2024-08-07T20:48:24.491+0300][19,076s][info ][gc] GC(303) Pause Young (Normal) (G1 Evacuation Pause) 155M->2M(256M) 2,174ms
[2024-08-07T20:48:24.554+0300][19,140s][info ][gc] GC(304) Pause Young (Normal) (G1 Evacuation Pause) 154M->2M(256M) 2,188ms
[2024-08-07T20:48:24.619+0300][19,205s][info ][gc] GC(305) Pause Young (Normal) (G1 Evacuation Pause) 154M->5M(256M) 3,405ms
[2024-08-07T20:48:24.683+0300][19,268s][info ][gc] GC(306) Pause Young (Normal) (G1 Evacuation Pause) 154M->5M(256M) 3,387ms
[2024-08-07T20:48:24.746+0300][19,332s][info ][gc] GC(307) Pause Young (Normal) (G1 Evacuation Pause) 155M->4M(256M) 2,867ms
[2024-08-07T20:48:24.810+0300][19,396s][info ][gc] GC(308) Pause Young (Normal) (G1 Evacuation Pause) 155M->4M(256M) 2,455ms
[2024-08-07T20:48:24.874+0300][19,459s][info ][gc] GC(309) Pause Young (Normal) (G1 Evacuation Pause) 155M->3M(256M) 2,372ms
[2024-08-07T20:48:24.937+0300][19,523s][info ][gc] GC(310) Pause Young (Normal) (G1 Evacuation Pause) 154M->3M(256M) 2,325ms
[2024-08-07T20:48:25.001+0300][19,587s][info ][gc] GC(311) Pause Young (Normal) (G1 Evacuation Pause) 155M->3M(256M) 2,170ms
[2024-08-07T20:48:25.065+0300][19,650s][info ][gc] GC(312) Pause Young (Normal) (G1 Evacuation Pause) 155M->2M(256M) 2,318ms
[2024-08-07T20:48:25.128+0300][19,713s][info ][gc] GC(313) Pause Young (Normal) (G1 Evacuation Pause) 154M->2M(256M) 1,704ms
[2024-08-07T20:48:25.192+0300][19,778s][info ][gc] GC(314) Pause Young (Normal) (G1 Evacuation Pause) 154M->5M(256M) 3,351ms
[2024-08-07T20:48:25.256+0300][19,841s][info ][gc] GC(315) Pause Young (Normal) (G1 Evacuation Pause) 154M->5M(256M) 3,334ms
[2024-08-07T20:48:25.319+0300][19,905s][info ][gc] GC(316) Pause Young (Normal) (G1 Evacuation Pause) 155M->4M(256M) 2,736ms
[2024-08-07T20:48:25.383+0300][19,969s][info ][gc] GC(317) Pause Young (Normal) (G1 Evacuation Pause) 155M->4M(256M) 2,693ms
[2024-08-07T20:48:25.446+0300][20,032s][info ][gc] GC(318) Pause Young (Normal) (G1 Evacuation Pause) 155M->3M(256M) 2,392ms
[2024-08-07T20:48:25.509+0300][20,095s][info ][gc] GC(319) Pause Young (Normal) (G1 Evacuation Pause) 154M->3M(256M) 2,325ms
[2024-08-07T20:48:25.573+0300][20,158s][info ][gc] GC(320) Pause Young (Normal) (G1 Evacuation Pause) 155M->3M(256M) 2,420ms
[2024-08-07T20:48:25.636+0300][20,222s][info ][gc] GC(321) Pause Young (Normal) (G1 Evacuation Pause) 155M->2M(256M) 1,911ms
[2024-08-07T20:48:25.699+0300][20,285s][info ][gc] GC(322) Pause Young (Normal) (G1 Evacuation Pause) 154M->2M(256M) 1,865ms
[2024-08-07T20:48:25.764+0300][20,349s][info ][gc] GC(323) Pause Young (Normal) (G1 Evacuation Pause) 154M->5M(256M) 3,439ms
[2024-08-07T20:48:25.827+0300][20,413s][info ][gc] GC(324) Pause Young (Normal) (G1 Evacuation Pause) 154M->4M(256M) 3,583ms
[2024-08-07T20:48:25.891+0300][20,477s][info ][gc] GC(325) Pause Young (Normal) (G1 Evacuation Pause) 154M->4M(256M) 2,987ms
[2024-08-07T20:48:25.955+0300][20,540s][info ][gc] GC(326) Pause Young (Normal) (G1 Evacuation Pause) 155M->4M(256M) 2,809ms
[2024-08-07T20:48:26.018+0300][20,604s][info ][gc] GC(327) Pause Young (Normal) (G1 Evacuation Pause) 155M->3M(256M) 2,245ms
[2024-08-07T20:48:26.082+0300][20,667s][info ][gc] GC(328) Pause Young (Normal) (G1 Evacuation Pause) 155M->3M(256M) 2,382ms
[2024-08-07T20:48:26.145+0300][20,731s][info ][gc] GC(329) Pause Young (Normal) (G1 Evacuation Pause) 155M->3M(256M) 2,237ms
[2024-08-07T20:48:26.209+0300][20,795s][info ][gc] GC(330) Pause Young (Normal) (G1 Evacuation Pause) 155M->3M(256M) 2,108ms
[2024-08-07T20:48:26.272+0300][20,857s][info ][gc] GC(331) Pause Young (Normal) (G1 Evacuation Pause) 155M->2M(256M) 1,763ms
[2024-08-07T20:48:26.334+0300][20,920s][info ][gc] GC(332) Pause Young (Normal) (G1 Evacuation Pause) 154M->2M(256M) 1,465ms
[2024-08-07T20:48:26.398+0300][20,984s][info ][gc] GC(333) Pause Young (Normal) (G1 Evacuation Pause) 154M->5M(256M) 3,217ms
[2024-08-07T20:48:26.462+0300][21,047s][info ][gc] GC(334) Pause Young (Normal) (G1 Evacuation Pause) 155M->5M(256M) 3,245ms
[2024-08-07T20:48:26.525+0300][21,111s][info ][gc] GC(335) Pause Young (Normal) (G1 Evacuation Pause) 155M->4M(256M) 2,909ms
[2024-08-07T20:48:26.589+0300][21,175s][info ][gc] GC(336) Pause Young (Normal) (G1 Evacuation Pause) 155M->4M(256M) 2,833ms
[2024-08-07T20:48:26.653+0300][21,238s][info ][gc] GC(337) Pause Young (Normal) (G1 Evacuation Pause) 155M->3M(256M) 2,335ms
[2024-08-07T20:48:26.716+0300][21,302s][info ][gc] GC(338) Pause Young (Normal) (G1 Evacuation Pause) 154M->3M(256M) 2,244ms
[2024-08-07T20:48:26.780+0300][21,365s][info ][gc] GC(339) Pause Young (Normal) (G1 Evacuation Pause) 155M->3M(256M) 2,169ms
[2024-08-07T20:48:26.843+0300][21,429s][info ][gc] GC(340) Pause Young (Normal) (G1 Evacuation Pause) 155M->2M(256M) 2,151ms
[2024-08-07T20:48:26.907+0300][21,492s][info ][gc] GC(341) Pause Young (Normal) (G1 Evacuation Pause) 154M->2M(256M) 1,942ms
[2024-08-07T20:48:26.971+0300][21,556s][info ][gc] GC(342) Pause Young (Normal) (G1 Evacuation Pause) 154M->5M(256M) 2,731ms
[2024-08-07T20:48:27.034+0300][21,620s][info ][gc] GC(343) Pause Young (Normal) (G1 Evacuation Pause) 154M->5M(256M) 3,698ms
[2024-08-07T20:48:27.098+0300][21,684s][info ][gc] GC(344) Pause Young (Normal) (G1 Evacuation Pause) 155M->4M(256M) 3,115ms
[2024-08-07T20:48:27.162+0300][21,748s][info ][gc] GC(345) Pause Young (Normal) (G1 Evacuation Pause) 155M->4M(256M) 2,763ms
[2024-08-07T20:48:27.226+0300][21,811s][info ][gc] GC(346) Pause Young (Normal) (G1 Evacuation Pause) 155M->3M(256M) 2,609ms
[2024-08-07T20:48:27.289+0300][21,875s][info ][gc] GC(347) Pause Young (Normal) (G1 Evacuation Pause) 154M->3M(256M) 2,732ms
[2024-08-07T20:48:27.353+0300][21,938s][info ][gc] GC(348) Pause Young (Normal) (G1 Evacuation Pause) 155M->3M(256M) 1,965ms
[2024-08-07T20:48:27.416+0300][22,001s][info ][gc] GC(349) Pause Young (Normal) (G1 Evacuation Pause) 155M->2M(256M) 1,934ms
[2024-08-07T20:48:27.479+0300][22,064s][info ][gc] GC(350) Pause Young (Normal) (G1 Evacuation Pause) 154M->2M(256M) 1,836ms
[2024-08-07T20:48:27.544+0300][22,130s][info ][gc] GC(351) Pause Young (Normal) (G1 Evacuation Pause) 154M->5M(256M) 4,005ms
[2024-08-07T20:48:27.608+0300][22,193s][info ][gc] GC(352) Pause Young (Normal) (G1 Evacuation Pause) 154M->5M(256M) 3,594ms
[2024-08-07T20:48:27.671+0300][22,257s][info ][gc] GC(353) Pause Young (Normal) (G1 Evacuation Pause) 155M->4M(256M) 2,925ms
[2024-08-07T20:48:27.735+0300][22,321s][info ][gc] GC(354) Pause Young (Normal) (G1 Evacuation Pause) 155M->4M(256M) 2,655ms
[2024-08-07T20:48:27.799+0300][22,385s][info ][gc] GC(355) Pause Young (Normal) (G1 Evacuation Pause) 155M->3M(256M) 2,623ms
[2024-08-07T20:48:27.863+0300][22,448s][info ][gc] GC(356) Pause Young (Normal) (G1 Evacuation Pause) 154M->3M(256M) 2,355ms
[2024-08-07T20:48:27.926+0300][22,511s][info ][gc] GC(357) Pause Young (Normal) (G1 Evacuation Pause) 155M->3M(256M) 1,832ms
[2024-08-07T20:48:27.989+0300][22,574s][info ][gc] GC(358) Pause Young (Normal) (G1 Evacuation Pause) 155M->2M(256M) 1,693ms
[2024-08-07T20:48:28.051+0300][22,637s][info ][gc] GC(359) Pause Young (Normal) (G1 Evacuation Pause) 154M->2M(256M) 1,602ms
[2024-08-07T20:48:28.116+0300][22,702s][info ][gc] GC(360) Pause Young (Normal) (G1 Evacuation Pause) 154M->5M(256M) 3,763ms
[2024-08-07T20:48:28.180+0300][22,765s][info ][gc] GC(361) Pause Young (Normal) (G1 Evacuation Pause) 154M->4M(256M) 3,050ms
[2024-08-07T20:48:28.242+0300][22,828s][info ][gc] GC(362) Pause Young (Normal) (G1 Evacuation Pause) 154M->4M(256M) 2,411ms
[2024-08-07T20:48:28.306+0300][22,892s][info ][gc] GC(363) Pause Young (Normal) (G1 Evacuation Pause) 155M->4M(256M) 2,893ms
[2024-08-07T20:48:28.369+0300][22,955s][info ][gc] GC(364) Pause Young (Normal) (G1 Evacuation Pause) 155M->3M(256M) 2,180ms
[2024-08-07T20:48:28.433+0300][23,018s][info ][gc] GC(365) Pause Young (Normal) (G1 Evacuation Pause) 155M->3M(256M) 2,099ms
[2024-08-07T20:48:28.497+0300][23,082s][info ][gc] GC(366) Pause Young (Normal) (G1 Evacuation Pause) 155M->3M(256M) 2,278ms
[2024-08-07T20:48:28.561+0300][23,146s][info ][gc] GC(367) Pause Young (Normal) (G1 Evacuation Pause) 155M->3M(256M) 2,017ms
[2024-08-07T20:48:28.624+0300][23,209s][info ][gc] GC(368) Pause Young (Normal) (G1 Evacuation Pause) 155M->2M(256M) 1,738ms
[2024-08-07T20:48:28.687+0300][23,272s][info ][gc] GC(369) Pause Young (Normal) (G1 Evacuation Pause) 154M->2M(256M) 1,697ms
[2024-08-07T20:48:28.752+0300][23,338s][info ][gc] GC(370) Pause Young (Normal) (G1 Evacuation Pause) 154M->5M(256M) 3,874ms
[2024-08-07T20:48:28.816+0300][23,402s][info ][gc] GC(371) Pause Young (Normal) (G1 Evacuation Pause) 154M->4M(256M) 3,578ms
[2024-08-07T20:48:28.880+0300][23,465s][info ][gc] GC(372) Pause Young (Normal) (G1 Evacuation Pause) 154M->4M(256M) 2,773ms
[2024-08-07T20:48:28.944+0300][23,529s][info ][gc] GC(373) Pause Young (Normal) (G1 Evacuation Pause) 155M->4M(256M) 2,833ms
[2024-08-07T20:48:29.007+0300][23,593s][info ][gc] GC(374) Pause Young (Normal) (G1 Evacuation Pause) 155M->3M(256M) 2,566ms
[2024-08-07T20:48:29.071+0300][23,656s][info ][gc] GC(375) Pause Young (Normal) (G1 Evacuation Pause) 155M->3M(256M) 2,461ms
[2024-08-07T20:48:29.134+0300][23,720s][info ][gc] GC(376) Pause Young (Normal) (G1 Evacuation Pause) 155M->3M(256M) 2,096ms
[2024-08-07T20:48:29.198+0300][23,784s][info ][gc] GC(377) Pause Young (Normal) (G1 Evacuation Pause) 155M->2M(256M) 1,948ms
[2024-08-07T20:48:29.261+0300][23,847s][info ][gc] GC(378) Pause Young (Normal) (G1 Evacuation Pause) 154M->2M(256M) 1,631ms
[2024-08-07T20:48:29.324+0300][23,909s][info ][gc] GC(379) Pause Young (Normal) (G1 Evacuation Pause) 154M->2M(256M) 1,470ms
[2024-08-07T20:48:29.389+0300][23,974s][info ][gc] GC(380) Pause Young (Normal) (G1 Evacuation Pause) 154M->5M(256M) 3,952ms
[2024-08-07T20:48:29.453+0300][24,039s][info ][gc] GC(381) Pause Young (Normal) (G1 Evacuation Pause) 154M->4M(256M) 3,645ms
[2024-08-07T20:48:29.516+0300][24,102s][info ][gc] GC(382) Pause Young (Normal) (G1 Evacuation Pause) 154M->4M(256M) 2,693ms
[2024-08-07T20:48:29.580+0300][24,165s][info ][gc] GC(383) Pause Young (Normal) (G1 Evacuation Pause) 155M->3M(256M) 2,632ms
[2024-08-07T20:48:29.644+0300][24,229s][info ][gc] GC(384) Pause Young (Normal) (G1 Evacuation Pause) 154M->3M(256M) 2,580ms
[2024-08-07T20:48:29.708+0300][24,294s][info ][gc] GC(385) Pause Young (Normal) (G1 Evacuation Pause) 155M->3M(256M) 2,454ms
[2024-08-07T20:48:29.772+0300][24,358s][info ][gc] GC(386) Pause Young (Normal) (G1 Evacuation Pause) 155M->3M(256M) 2,123ms
[2024-08-07T20:48:29.837+0300][24,422s][info ][gc] GC(387) Pause Young (Normal) (G1 Evacuation Pause) 155M->2M(256M) 2,440ms
[2024-08-07T20:48:29.900+0300][24,485s][info ][gc] GC(388) Pause Young (Normal) (G1 Evacuation Pause) 154M->2M(256M) 1,874ms
[2024-08-07T20:48:29.965+0300][24,551s][info ][gc] GC(389) Pause Young (Normal) (G1 Evacuation Pause) 154M->5M(256M) 4,142ms
[2024-08-07T20:48:30.029+0300][24,614s][info ][gc] GC(390) Pause Young (Normal) (G1 Evacuation Pause) 154M->5M(256M) 3,728ms
[2024-08-07T20:48:30.092+0300][24,678s][info ][gc] GC(391) Pause Young (Normal) (G1 Evacuation Pause) 155M->4M(256M) 3,130ms
[2024-08-07T20:48:30.157+0300][24,742s][info ][gc] GC(392) Pause Young (Normal) (G1 Evacuation Pause) 155M->4M(256M) 2,828ms
[2024-08-07T20:48:30.221+0300][24,806s][info ][gc] GC(393) Pause Young (Normal) (G1 Evacuation Pause) 155M->3M(256M) 2,807ms
[2024-08-07T20:48:30.284+0300][24,870s][info ][gc] GC(394) Pause Young (Normal) (G1 Evacuation Pause) 154M->3M(256M) 2,564ms
[2024-08-07T20:48:30.348+0300][24,934s][info ][gc] GC(395) Pause Young (Normal) (G1 Evacuation Pause) 155M->3M(256M) 2,139ms
[2024-08-07T20:48:30.411+0300][24,997s][info ][gc] GC(396) Pause Young (Normal) (G1 Evacuation Pause) 155M->2M(256M) 1,919ms
[2024-08-07T20:48:30.475+0300][25,061s][info ][gc] GC(397) Pause Young (Normal) (G1 Evacuation Pause) 154M->2M(256M) 1,850ms
[2024-08-07T20:48:30.541+0300][25,127s][info ][gc] GC(398) Pause Young (Normal) (G1 Evacuation Pause) 154M->5M(256M) 5,042ms
[2024-08-07T20:48:30.605+0300][25,191s][info ][gc] GC(399) Pause Young (Normal) (G1 Evacuation Pause) 154M->5M(256M) 3,968ms
[2024-08-07T20:48:30.669+0300][25,255s][info ][gc] GC(400) Pause Young (Normal) (G1 Evacuation Pause) 155M->4M(256M) 3,650ms
[2024-08-07T20:48:30.733+0300][25,319s][info ][gc] GC(401) Pause Young (Normal) (G1 Evacuation Pause) 155M->4M(256M) 3,034ms
[2024-08-07T20:48:30.797+0300][25,382s][info ][gc] GC(402) Pause Young (Normal) (G1 Evacuation Pause) 155M->3M(256M) 2,744ms
[2024-08-07T20:48:30.860+0300][25,445s][info ][gc] GC(403) Pause Young (Normal) (G1 Evacuation Pause) 154M->3M(256M) 2,449ms
[2024-08-07T20:48:30.924+0300][25,509s][info ][gc] GC(404) Pause Young (Normal) (G1 Evacuation Pause) 155M->3M(256M) 2,238ms
[2024-08-07T20:48:30.987+0300][25,573s][info ][gc] GC(405) Pause Young (Normal) (G1 Evacuation Pause) 155M->2M(256M) 1,912ms
[2024-08-07T20:48:31.051+0300][25,636s][info ][gc] GC(406) Pause Young (Normal) (G1 Evacuation Pause) 154M->2M(256M) 1,785ms
[2024-08-07T20:48:31.116+0300][25,701s][info ][gc] GC(407) Pause Young (Normal) (G1 Evacuation Pause) 154M->5M(256M) 3,927ms
[2024-08-07T20:48:31.180+0300][25,765s][info ][gc] GC(408) Pause Young (Normal) (G1 Evacuation Pause) 154M->4M(256M) 3,842ms
[2024-08-07T20:48:31.245+0300][25,830s][info ][gc] GC(409) Pause Young (Normal) (G1 Evacuation Pause) 154M->4M(256M) 3,395ms
[2024-08-07T20:48:31.309+0300][25,894s][info ][gc] GC(410) Pause Young (Normal) (G1 Evacuation Pause) 155M->4M(256M) 2,843ms
[2024-08-07T20:48:31.373+0300][25,958s][info ][gc] GC(411) Pause Young (Normal) (G1 Evacuation Pause) 155M->3M(256M) 2,900ms
[2024-08-07T20:48:31.437+0300][26,022s][info ][gc] GC(412) Pause Young (Normal) (G1 Evacuation Pause) 155M->3M(256M) 2,799ms
[2024-08-07T20:48:31.501+0300][26,086s][info ][gc] GC(413) Pause Young (Normal) (G1 Evacuation Pause) 155M->3M(256M) 2,397ms
[2024-08-07T20:48:31.565+0300][26,150s][info ][gc] GC(414) Pause Young (Normal) (G1 Evacuation Pause) 155M->3M(256M) 2,375ms
[2024-08-07T20:48:31.628+0300][26,214s][info ][gc] GC(415) Pause Young (Normal) (G1 Evacuation Pause) 155M->2M(256M) 2,110ms
[2024-08-07T20:48:31.692+0300][26,277s][info ][gc] GC(416) Pause Young (Normal) (G1 Evacuation Pause) 154M->2M(256M) 1,668ms
[2024-08-07T20:48:31.757+0300][26,342s][info ][gc] GC(417) Pause Young (Normal) (G1 Evacuation Pause) 154M->5M(256M) 4,068ms
[2024-08-07T20:48:31.822+0300][26,407s][info ][gc] GC(418) Pause Young (Normal) (G1 Evacuation Pause) 154M->4M(256M) 3,911ms
[2024-08-07T20:48:31.885+0300][26,470s][info ][gc] GC(419) Pause Young (Normal) (G1 Evacuation Pause) 154M->4M(256M) 2,176ms
[2024-08-07T20:48:31.948+0300][26,534s][info ][gc] GC(420) Pause Young (Normal) (G1 Evacuation Pause) 155M->4M(256M) 2,793ms
[2024-08-07T20:48:32.012+0300][26,598s][info ][gc] GC(421) Pause Young (Normal) (G1 Evacuation Pause) 155M->3M(256M) 2,726ms
[2024-08-07T20:48:32.076+0300][26,661s][info ][gc] GC(422) Pause Young (Normal) (G1 Evacuation Pause) 155M->3M(256M) 2,668ms
[2024-08-07T20:48:32.140+0300][26,725s][info ][gc] GC(423) Pause Young (Normal) (G1 Evacuation Pause) 155M->3M(256M) 2,510ms
[2024-08-07T20:48:32.205+0300][26,790s][info ][gc] GC(424) Pause Young (Normal) (G1 Evacuation Pause) 155M->2M(256M) 2,624ms
[2024-08-07T20:48:32.269+0300][26,854s][info ][gc] GC(425) Pause Young (Normal) (G1 Evacuation Pause) 154M->2M(256M) 1,766ms
[2024-08-07T20:48:32.334+0300][26,920s][info ][gc] GC(426) Pause Young (Normal) (G1 Evacuation Pause) 154M->5M(256M) 4,069ms
[2024-08-07T20:48:32.398+0300][26,984s][info ][gc] GC(427) Pause Young (Normal) (G1 Evacuation Pause) 154M->5M(256M) 3,719ms
[2024-08-07T20:48:32.462+0300][27,048s][info ][gc] GC(428) Pause Young (Normal) (G1 Evacuation Pause) 155M->4M(256M) 3,846ms
[2024-08-07T20:48:32.527+0300][27,112s][info ][gc] GC(429) Pause Young (Normal) (G1 Evacuation Pause) 155M->3M(256M) 2,936ms
[2024-08-07T20:48:32.590+0300][27,176s][info ][gc] GC(430) Pause Young (Normal) (G1 Evacuation Pause) 154M->3M(256M) 2,675ms
[2024-08-07T20:48:32.654+0300][27,240s][info ][gc] GC(431) Pause Young (Normal) (G1 Evacuation Pause) 154M->3M(256M) 2,919ms
[2024-08-07T20:48:32.719+0300][27,305s][info ][gc] GC(432) Pause Young (Normal) (G1 Evacuation Pause) 155M->3M(256M) 2,529ms
[2024-08-07T20:48:32.783+0300][27,368s][info ][gc] GC(433) Pause Young (Normal) (G1 Evacuation Pause) 155M->2M(256M) 1,977ms
[2024-08-07T20:48:32.846+0300][27,432s][info ][gc] GC(434) Pause Young (Normal) (G1 Evacuation Pause) 154M->2M(256M) 1,878ms
[2024-08-07T20:48:32.911+0300][27,497s][info ][gc] GC(435) Pause Young (Normal) (G1 Evacuation Pause) 154M->5M(256M) 3,534ms
[2024-08-07T20:48:32.975+0300][27,561s][info ][gc] GC(436) Pause Young (Normal) (G1 Evacuation Pause) 154M->5M(256M) 3,899ms
[2024-08-07T20:48:33.040+0300][27,626s][info ][gc] GC(437) Pause Young (Normal) (G1 Evacuation Pause) 155M->4M(256M) 3,083ms
[2024-08-07T20:48:33.104+0300][27,690s][info ][gc] GC(438) Pause Young (Normal) (G1 Evacuation Pause) 155M->4M(256M) 3,162ms
[2024-08-07T20:48:33.169+0300][27,754s][info ][gc] GC(439) Pause Young (Normal) (G1 Evacuation Pause) 155M->3M(256M) 2,754ms
[2024-08-07T20:48:33.232+0300][27,818s][info ][gc] GC(440) Pause Young (Normal) (G1 Evacuation Pause) 154M->3M(256M) 2,774ms
[2024-08-07T20:48:33.297+0300][27,883s][info ][gc] GC(441) Pause Young (Normal) (G1 Evacuation Pause) 155M->3M(256M) 2,411ms
[2024-08-07T20:48:33.361+0300][27,946s][info ][gc] GC(442) Pause Young (Normal) (G1 Evacuation Pause) 155M->2M(256M) 2,960ms
[2024-08-07T20:48:33.425+0300][28,010s][info ][gc] GC(443) Pause Young (Normal) (G1 Evacuation Pause) 154M->2M(256M) 1,911ms
[2024-08-07T20:48:33.491+0300][28,077s][info ][gc] GC(444) Pause Young (Normal) (G1 Evacuation Pause) 154M->5M(256M) 4,424ms
[2024-08-07T20:48:33.556+0300][28,142s][info ][gc] GC(445) Pause Young (Normal) (G1 Evacuation Pause) 154M->5M(256M) 3,829ms
[2024-08-07T20:48:33.620+0300][28,205s][info ][gc] GC(446) Pause Young (Normal) (G1 Evacuation Pause) 155M->4M(256M) 2,989ms
[2024-08-07T20:48:33.685+0300][28,270s][info ][gc] GC(447) Pause Young (Normal) (G1 Evacuation Pause) 155M->4M(256M) 2,832ms
[2024-08-07T20:48:33.750+0300][28,335s][info ][gc] GC(448) Pause Young (Normal) (G1 Evacuation Pause) 155M->3M(256M) 2,978ms
[2024-08-07T20:48:33.815+0300][28,400s][info ][gc] GC(449) Pause Young (Normal) (G1 Evacuation Pause) 155M->3M(256M) 2,977ms
[2024-08-07T20:48:33.880+0300][28,465s][info ][gc] GC(450) Pause Young (Normal) (G1 Evacuation Pause) 155M->3M(256M) 2,665ms
[2024-08-07T20:48:33.944+0300][28,530s][info ][gc] GC(451) Pause Young (Normal) (G1 Evacuation Pause) 155M->2M(256M) 2,562ms
[2024-08-07T20:48:34.009+0300][28,594s][info ][gc] GC(452) Pause Young (Normal) (G1 Evacuation Pause) 154M->2M(256M) 2,110ms
[2024-08-07T20:48:34.073+0300][28,658s][info ][gc] GC(453) Pause Young (Normal) (G1 Evacuation Pause) 154M->2M(256M) 1,729ms
[2024-08-07T20:48:34.138+0300][28,723s][info ][gc] GC(454) Pause Young (Normal) (G1 Evacuation Pause) 154M->5M(256M) 4,204ms
[2024-08-07T20:48:34.203+0300][28,788s][info ][gc] GC(455) Pause Young (Normal) (G1 Evacuation Pause) 155M->5M(256M) 3,854ms
[2024-08-07T20:48:34.266+0300][28,852s][info ][gc] GC(456) Pause Young (Normal) (G1 Evacuation Pause) 155M->4M(256M) 3,072ms
[2024-08-07T20:48:34.329+0300][28,915s][info ][gc] GC(457) Pause Young (Normal) (G1 Evacuation Pause) 154M->3M(256M) 2,182ms
[2024-08-07T20:48:34.393+0300][28,979s][info ][gc] GC(458) Pause Young (Normal) (G1 Evacuation Pause) 154M->3M(256M) 2,852ms
[2024-08-07T20:48:34.458+0300][29,044s][info ][gc] GC(459) Pause Young (Normal) (G1 Evacuation Pause) 155M->3M(256M) 2,560ms
[2024-08-07T20:48:34.521+0300][29,107s][info ][gc] GC(460) Pause Young (Normal) (G1 Evacuation Pause) 155M->3M(256M) 2,648ms
[2024-08-07T20:48:34.586+0300][29,171s][info ][gc] GC(461) Pause Young (Normal) (G1 Evacuation Pause) 155M->2M(256M) 2,254ms
[2024-08-07T20:48:34.649+0300][29,235s][info ][gc] GC(462) Pause Young (Normal) (G1 Evacuation Pause) 154M->2M(256M) 1,923ms
[2024-08-07T20:48:34.713+0300][29,298s][info ][gc] GC(463) Pause Young (Normal) (G1 Evacuation Pause) 154M->2M(256M) 1,843ms
[2024-08-07T20:48:34.779+0300][29,364s][info ][gc] GC(464) Pause Young (Normal) (G1 Evacuation Pause) 154M->5M(256M) 4,173ms
[2024-08-07T20:48:34.842+0300][29,428s][info ][gc] GC(465) Pause Young (Normal) (G1 Evacuation Pause) 154M->4M(256M) 3,808ms
[2024-08-07T20:48:34.906+0300][29,492s][info ][gc] GC(466) Pause Young (Normal) (G1 Evacuation Pause) 154M->4M(256M) 3,180ms
[2024-08-07T20:48:34.970+0300][29,556s][info ][gc] GC(467) Pause Young (Normal) (G1 Evacuation Pause) 155M->3M(256M) 2,499ms
[2024-08-07T20:48:35.034+0300][29,620s][info ][gc] GC(468) Pause Young (Normal) (G1 Evacuation Pause) 154M->3M(256M) 2,782ms
[2024-08-07T20:48:35.098+0300][29,683s][info ][gc] GC(469) Pause Young (Normal) (G1 Evacuation Pause) 155M->3M(256M) 2,787ms
[2024-08-07T20:48:35.162+0300][29,747s][info ][gc] GC(470) Pause Young (Normal) (G1 Evacuation Pause) 155M->3M(256M) 2,524ms
[2024-08-07T20:48:35.225+0300][29,810s][info ][gc] GC(471) Pause Young (Normal) (G1 Evacuation Pause) 155M->2M(256M) 2,079ms
[2024-08-07T20:48:35.288+0300][29,874s][info ][gc] GC(472) Pause Young (Normal) (G1 Evacuation Pause) 154M->2M(256M) 1,929ms
[2024-08-07T20:48:35.353+0300][29,939s][info ][gc] GC(473) Pause Young (Normal) (G1 Evacuation Pause) 154M->5M(256M) 3,825ms
[2024-08-07T20:48:35.417+0300][30,003s][info ][gc] GC(474) Pause Young (Normal) (G1 Evacuation Pause) 154M->5M(256M) 3,740ms
[2024-08-07T20:48:35.481+0300][30,066s][info ][gc] GC(475) Pause Young (Normal) (G1 Evacuation Pause) 155M->4M(256M) 2,927ms
[2024-08-07T20:48:35.545+0300][30,130s][info ][gc] GC(476) Pause Young (Normal) (G1 Evacuation Pause) 155M->4M(256M) 3,127ms
[2024-08-07T20:48:35.608+0300][30,194s][info ][gc] GC(477) Pause Young (Normal) (G1 Evacuation Pause) 155M->3M(256M) 2,809ms
[2024-08-07T20:48:35.673+0300][30,259s][info ][gc] GC(478) Pause Young (Normal) (G1 Evacuation Pause) 154M->3M(256M) 2,904ms
[2024-08-07T20:48:35.738+0300][30,324s][info ][gc] GC(479) Pause Young (Normal) (G1 Evacuation Pause) 155M->3M(256M) 2,563ms
[2024-08-07T20:48:35.803+0300][30,389s][info ][gc] GC(480) Pause Young (Normal) (G1 Evacuation Pause) 155M->2M(256M) 2,669ms
[2024-08-07T20:48:35.867+0300][30,452s][info ][gc] GC(481) Pause Young (Normal) (G1 Evacuation Pause) 154M->2M(256M) 1,831ms
[2024-08-07T20:48:35.933+0300][30,519s][info ][gc] GC(482) Pause Young (Normal) (G1 Evacuation Pause) 154M->5M(256M) 4,462ms
[2024-08-07T20:48:35.998+0300][30,584s][info ][gc] GC(483) Pause Young (Normal) (G1 Evacuation Pause) 154M->5M(256M) 4,025ms
[2024-08-07T20:48:36.062+0300][30,647s][info ][gc] GC(484) Pause Young (Normal) (G1 Evacuation Pause) 155M->4M(256M) 2,526ms
[2024-08-07T20:48:36.126+0300][30,711s][info ][gc] GC(485) Pause Young (Normal) (G1 Evacuation Pause) 155M->4M(256M) 2,629ms
[2024-08-07T20:48:36.190+0300][30,775s][info ][gc] GC(486) Pause Young (Normal) (G1 Evacuation Pause) 155M->3M(256M) 2,733ms
[2024-08-07T20:48:36.253+0300][30,839s][info ][gc] GC(487) Pause Young (Normal) (G1 Evacuation Pause) 154M->3M(256M) 3,041ms
[2024-08-07T20:48:36.318+0300][30,903s][info ][gc] GC(488) Pause Young (Normal) (G1 Evacuation Pause) 155M->2M(256M) 2,543ms
[2024-08-07T20:48:36.382+0300][30,967s][info ][gc] GC(489) Pause Young (Normal) (G1 Evacuation Pause) 154M->2M(256M) 2,344ms
[2024-08-07T20:48:36.445+0300][31,030s][info ][gc] GC(490) Pause Young (Normal) (G1 Evacuation Pause) 154M->2M(256M) 1,782ms
[2024-08-07T20:48:36.510+0300][31,095s][info ][gc] GC(491) Pause Young (Normal) (G1 Evacuation Pause) 154M->5M(256M) 3,898ms
[2024-08-07T20:48:36.573+0300][31,159s][info ][gc] GC(492) Pause Young (Normal) (G1 Evacuation Pause) 154M->4M(256M) 3,412ms
[2024-08-07T20:48:36.637+0300][31,222s][info ][gc] GC(493) Pause Young (Normal) (G1 Evacuation Pause) 154M->4M(256M) 3,064ms
[2024-08-07T20:48:36.701+0300][31,286s][info ][gc] GC(494) Pause Young (Normal) (G1 Evacuation Pause) 155M->3M(256M) 2,845ms
[2024-08-07T20:48:36.765+0300][31,350s][info ][gc] GC(495) Pause Young (Normal) (G1 Evacuation Pause) 154M->3M(256M) 2,858ms
[2024-08-07T20:48:36.828+0300][31,414s][info ][gc] GC(496) Pause Young (Normal) (G1 Evacuation Pause) 155M->3M(256M) 2,181ms
[2024-08-07T20:48:36.892+0300][31,478s][info ][gc] GC(497) Pause Young (Normal) (G1 Evacuation Pause) 155M->3M(256M) 2,218ms
[2024-08-07T20:48:36.956+0300][31,542s][info ][gc] GC(498) Pause Young (Normal) (G1 Evacuation Pause) 155M->3M(256M) 2,183ms
[2024-08-07T20:48:37.020+0300][31,605s][info ][gc] GC(499) Pause Young (Normal) (G1 Evacuation Pause) 155M->2M(256M) 2,004ms
[2024-08-07T20:48:37.083+0300][31,669s][info ][gc] GC(500) Pause Young (Normal) (G1 Evacuation Pause) 154M->2M(256M) 1,615ms
[2024-08-07T20:48:37.148+0300][31,734s][info ][gc] GC(501) Pause Young (Normal) (G1 Evacuation Pause) 154M->5M(256M) 3,413ms
[2024-08-07T20:48:37.212+0300][31,797s][info ][gc] GC(502) Pause Young (Normal) (G1 Evacuation Pause) 155M->5M(256M) 3,006ms
[2024-08-07T20:48:37.276+0300][31,861s][info ][gc] GC(503) Pause Young (Normal) (G1 Evacuation Pause) 155M->4M(256M) 2,774ms
[2024-08-07T20:48:37.340+0300][31,925s][info ][gc] GC(504) Pause Young (Normal) (G1 Evacuation Pause) 155M->4M(256M) 2,757ms
[2024-08-07T20:48:37.404+0300][31,990s][info ][gc] GC(505) Pause Young (Normal) (G1 Evacuation Pause) 155M->3M(256M) 2,322ms
[2024-08-07T20:48:37.467+0300][32,053s][info ][gc] GC(506) Pause Young (Normal) (G1 Evacuation Pause) 154M->3M(256M) 2,114ms
