[2024-08-07T20:50:12.290+0300][0.003s][info][gc] Using G1
[2024-08-07T20:50:12.290+0300][0.003s][debug][gc] ConcGCThreads: 3 offset 22
[2024-08-07T20:50:12.290+0300][0.003s][debug][gc] ParallelGCThreads: 10
[2024-08-07T20:50:12.290+0300][0.004s][debug][gc] Initialize mark stack with 4096 chunks, maximum 524288
[2024-08-07T20:50:12.486+0300][0,199s][info ][gc] GC(0) Pause Young (Normal) (G1 Evacuation Pause) 39M->3M(768M) 3,436ms
[2024-08-07T20:50:12.518+0300][0,231s][info ][gc] GC(1) Pause Young (Normal) (G1 Evacuation Pause) 68M->3M(768M) 3,902ms
[2024-08-07T20:50:12.793+0300][0,507s][info ][gc] GC(2) Pause Young (Normal) (G1 Evacuation Pause) 460M->3M(768M) 5,154ms
[2024-08-07T20:50:12.893+0300][0,606s][info ][gc] GC(3) Pause Young (Normal) (G1 Evacuation Pause) 460M->3M(768M) 4,407ms
[2024-08-07T20:50:12.990+0300][0,703s][info ][gc] GC(4) Pause Young (Normal) (G1 Evacuation Pause) 460M->2M(768M) 3,831ms
[2024-08-07T20:50:13.088+0300][0,801s][info ][gc] GC(5) Pause Young (Normal) (G1 Evacuation Pause) 460M->2M(768M) 3,682ms
[2024-08-07T20:50:13.182+0300][0,895s][info ][gc] GC(6) Pause Young (Normal) (G1 Evacuation Pause) 460M->2M(768M) 3,468ms
[2024-08-07T20:50:13.277+0300][0,990s][info ][gc] GC(7) Pause Young (Normal) (G1 Evacuation Pause) 460M->2M(768M) 3,535ms
[2024-08-07T20:50:13.375+0300][1,088s][info ][gc] GC(8) Pause Young (Normal) (G1 Evacuation Pause) 460M->5M(768M) 5,586ms
[2024-08-07T20:50:13.470+0300][1,183s][info ][gc] GC(9) Pause Young (Normal) (G1 Evacuation Pause) 460M->4M(768M) 4,814ms
[2024-08-07T20:50:13.566+0300][1,279s][info ][gc] GC(10) Pause Young (Normal) (G1 Evacuation Pause) 460M->4M(768M) 4,524ms
[2024-08-07T20:50:13.660+0300][1,374s][info ][gc] GC(11) Pause Young (Normal) (G1 Evacuation Pause) 460M->3M(768M) 4,249ms
[2024-08-07T20:50:13.756+0300][1,469s][info ][gc] GC(12) Pause Young (Normal) (G1 Evacuation Pause) 460M->3M(768M) 4,264ms
[2024-08-07T20:50:13.861+0300][1,574s][info ][gc] GC(13) Pause Young (Normal) (G1 Evacuation Pause) 460M->3M(768M) 4,016ms
[2024-08-07T20:50:13.955+0300][1,669s][info ][gc] GC(14) Pause Young (Normal) (G1 Evacuation Pause) 460M->3M(768M) 3,594ms
[2024-08-07T20:50:14.050+0300][1,764s][info ][gc] GC(15) Pause Young (Normal) (G1 Evacuation Pause) 461M->2M(768M) 4,291ms
[2024-08-07T20:50:14.239+0300][1,952s][info ][gc] GC(16) Pause Young (Normal) (G1 Evacuation Pause) 461M->3M(768M) 3,671ms
[2024-08-07T20:50:14.427+0300][2,140s][info ][gc] GC(17) Pause Young (Normal) (G1 Evacuation Pause) 462M->3M(768M) 3,722ms
[2024-08-07T20:50:14.616+0300][2,330s][info ][gc] GC(18) Pause Young (Normal) (G1 Evacuation Pause) 462M->3M(768M) 4,750ms
[2024-08-07T20:50:14.807+0300][2,520s][info ][gc] GC(19) Pause Young (Normal) (G1 Evacuation Pause) 462M->3M(768M) 3,710ms
[2024-08-07T20:50:14.995+0300][2,708s][info ][gc] GC(20) Pause Young (Normal) (G1 Evacuation Pause) 462M->3M(768M) 4,278ms
[2024-08-07T20:50:15.183+0300][2,896s][info ][gc] GC(21) Pause Young (Normal) (G1 Evacuation Pause) 462M->3M(768M) 3,873ms
[2024-08-07T20:50:15.371+0300][3,084s][info ][gc] GC(22) Pause Young (Normal) (G1 Evacuation Pause) 462M->3M(768M) 3,707ms
[2024-08-07T20:50:15.560+0300][3,273s][info ][gc] GC(23) Pause Young (Normal) (G1 Evacuation Pause) 462M->3M(768M) 3,866ms
[2024-08-07T20:50:15.748+0300][3,461s][info ][gc] GC(24) Pause Young (Normal) (G1 Evacuation Pause) 461M->3M(768M) 4,164ms
[2024-08-07T20:50:15.940+0300][3,653s][info ][gc] GC(25) Pause Young (Normal) (G1 Evacuation Pause) 462M->3M(768M) 4,266ms
[2024-08-07T20:50:16.128+0300][3,841s][info ][gc] GC(26) Pause Young (Normal) (G1 Evacuation Pause) 461M->3M(768M) 4,114ms
[2024-08-07T20:50:16.316+0300][4,029s][info ][gc] GC(27) Pause Young (Normal) (G1 Evacuation Pause) 461M->3M(768M) 3,870ms
[2024-08-07T20:50:16.505+0300][4,218s][info ][gc] GC(28) Pause Young (Normal) (G1 Evacuation Pause) 462M->3M(768M) 4,035ms
[2024-08-07T20:50:16.697+0300][4,410s][info ][gc] GC(29) Pause Young (Normal) (G1 Evacuation Pause) 462M->3M(768M) 4,231ms
[2024-08-07T20:50:16.885+0300][4,599s][info ][gc] GC(30) Pause Young (Normal) (G1 Evacuation Pause) 461M->3M(768M) 4,353ms
[2024-08-07T20:50:17.074+0300][4,788s][info ][gc] GC(31) Pause Young (Normal) (G1 Evacuation Pause) 462M->3M(768M) 4,109ms
[2024-08-07T20:50:17.262+0300][4,976s][info ][gc] GC(32) Pause Young (Normal) (G1 Evacuation Pause) 461M->3M(768M) 4,022ms
[2024-08-07T20:50:17.451+0300][5,164s][info ][gc] GC(33) Pause Young (Normal) (G1 Evacuation Pause) 462M->3M(768M) 4,142ms
[2024-08-07T20:50:17.641+0300][5,355s][info ][gc] GC(34) Pause Young (Normal) (G1 Evacuation Pause) 461M->3M(768M) 3,885ms
[2024-08-07T20:50:17.830+0300][5,543s][info ][gc] GC(35) Pause Young (Normal) (G1 Evacuation Pause) 462M->3M(768M) 4,148ms
[2024-08-07T20:50:18.018+0300][5,732s][info ][gc] GC(36) Pause Young (Normal) (G1 Evacuation Pause) 462M->3M(768M) 4,022ms
[2024-08-07T20:50:18.206+0300][5,919s][info ][gc] GC(37) Pause Young (Normal) (G1 Evacuation Pause) 461M->3M(768M) 4,035ms
[2024-08-07T20:50:18.394+0300][6,107s][info ][gc] GC(38) Pause Young (Normal) (G1 Evacuation Pause) 462M->3M(768M) 4,085ms
[2024-08-07T20:50:18.582+0300][6,295s][info ][gc] GC(39) Pause Young (Normal) (G1 Evacuation Pause) 461M->3M(768M) 3,743ms
[2024-08-07T20:50:18.770+0300][6,483s][info ][gc] GC(40) Pause Young (Normal) (G1 Evacuation Pause) 462M->3M(768M) 3,854ms
[2024-08-07T20:50:18.958+0300][6,671s][info ][gc] GC(41) Pause Young (Normal) (G1 Evacuation Pause) 461M->3M(768M) 4,195ms
[2024-08-07T20:50:19.146+0300][6,859s][info ][gc] GC(42) Pause Young (Normal) (G1 Evacuation Pause) 461M->3M(768M) 4,265ms
[2024-08-07T20:50:19.335+0300][7,048s][info ][gc] GC(43) Pause Young (Normal) (G1 Evacuation Pause) 462M->3M(768M) 4,121ms
[2024-08-07T20:50:19.523+0300][7,236s][info ][gc] GC(44) Pause Young (Normal) (G1 Evacuation Pause) 461M->3M(768M) 4,178ms
[2024-08-07T20:50:19.712+0300][7,425s][info ][gc] GC(45) Pause Young (Normal) (G1 Evacuation Pause) 462M->3M(768M) 3,980ms
[2024-08-07T20:50:19.900+0300][7,613s][info ][gc] GC(46) Pause Young (Normal) (G1 Evacuation Pause) 461M->3M(768M) 3,844ms
[2024-08-07T20:50:20.088+0300][7,801s][info ][gc] GC(47) Pause Young (Normal) (G1 Evacuation Pause) 462M->3M(768M) 3,983ms
[2024-08-07T20:50:20.276+0300][7,989s][info ][gc] GC(48) Pause Young (Normal) (G1 Evacuation Pause) 461M->3M(768M) 3,799ms
[2024-08-07T20:50:20.465+0300][8,178s][info ][gc] GC(49) Pause Young (Normal) (G1 Evacuation Pause) 462M->3M(768M) 4,241ms
[2024-08-07T20:50:20.653+0300][8,366s][info ][gc] GC(50) Pause Young (Normal) (G1 Evacuation Pause) 462M->3M(768M) 3,827ms
[2024-08-07T20:50:20.841+0300][8,554s][info ][gc] GC(51) Pause Young (Normal) (G1 Evacuation Pause) 461M->3M(768M) 3,872ms
[2024-08-07T20:50:21.029+0300][8,742s][info ][gc] GC(52) Pause Young (Normal) (G1 Evacuation Pause) 462M->3M(768M) 3,823ms
[2024-08-07T20:50:21.217+0300][8,931s][info ][gc] GC(53) Pause Young (Normal) (G1 Evacuation Pause) 461M->3M(768M) 4,195ms
[2024-08-07T20:50:21.406+0300][9,119s][info ][gc] GC(54) Pause Young (Normal) (G1 Evacuation Pause) 462M->3M(768M) 3,941ms
[2024-08-07T20:50:21.599+0300][9,312s][info ][gc] GC(55) Pause Young (Normal) (G1 Evacuation Pause) 461M->3M(768M) 4,200ms
[2024-08-07T20:50:21.787+0300][9,500s][info ][gc] GC(56) Pause Young (Normal) (G1 Evacuation Pause) 462M->3M(768M) 3,574ms
[2024-08-07T20:50:21.975+0300][9,688s][info ][gc] GC(57) Pause Young (Normal) (G1 Evacuation Pause) 461M->3M(768M) 3,834ms
[2024-08-07T20:50:22.163+0300][9,876s][info ][gc] GC(58) Pause Young (Normal) (G1 Evacuation Pause) 462M->3M(768M) 3,656ms
[2024-08-07T20:50:22.350+0300][10,063s][info ][gc] GC(59) Pause Young (Normal) (G1 Evacuation Pause) 461M->3M(768M) 3,731ms
[2024-08-07T20:50:22.540+0300][10,253s][info ][gc] GC(60) Pause Young (Normal) (G1 Evacuation Pause) 462M->3M(768M) 4,755ms
[2024-08-07T20:50:22.728+0300][10,441s][info ][gc] GC(61) Pause Young (Normal) (G1 Evacuation Pause) 462M->3M(768M) 3,893ms
[2024-08-07T20:50:22.916+0300][10,629s][info ][gc] GC(62) Pause Young (Normal) (G1 Evacuation Pause) 461M->3M(768M) 4,536ms
[2024-08-07T20:50:23.105+0300][10,818s][info ][gc] GC(63) Pause Young (Normal) (G1 Evacuation Pause) 462M->3M(768M) 4,196ms
[2024-08-07T20:50:23.293+0300][11,006s][info ][gc] GC(64) Pause Young (Normal) (G1 Evacuation Pause) 461M->3M(768M) 4,066ms
[2024-08-07T20:50:23.481+0300][11,195s][info ][gc] GC(65) Pause Young (Normal) (G1 Evacuation Pause) 462M->3M(768M) 3,984ms
[2024-08-07T20:50:23.669+0300][11,382s][info ][gc] GC(66) Pause Young (Normal) (G1 Evacuation Pause) 461M->3M(768M) 4,148ms
[2024-08-07T20:50:23.858+0300][11,572s][info ][gc] GC(67) Pause Young (Normal) (G1 Evacuation Pause) 461M->3M(768M) 4,248ms
[2024-08-07T20:50:24.047+0300][11,760s][info ][gc] GC(68) Pause Young (Normal) (G1 Evacuation Pause) 462M->3M(768M) 4,412ms
[2024-08-07T20:50:24.235+0300][11,948s][info ][gc] GC(69) Pause Young (Normal) (G1 Evacuation Pause) 461M->3M(768M) 4,098ms
[2024-08-07T20:50:24.425+0300][12,138s][info ][gc] GC(70) Pause Young (Normal) (G1 Evacuation Pause) 462M->3M(768M) 4,800ms
[2024-08-07T20:50:24.613+0300][12,327s][info ][gc] GC(71) Pause Young (Normal) (G1 Evacuation Pause) 461M->3M(768M) 4,046ms
[2024-08-07T20:50:24.802+0300][12,515s][info ][gc] GC(72) Pause Young (Normal) (G1 Evacuation Pause) 462M->3M(768M) 3,947ms
[2024-08-07T20:50:24.990+0300][12,704s][info ][gc] GC(73) Pause Young (Normal) (G1 Evacuation Pause) 461M->3M(768M) 5,137ms
[2024-08-07T20:50:25.178+0300][12,891s][info ][gc] GC(74) Pause Young (Normal) (G1 Evacuation Pause) 462M->3M(768M) 3,455ms
[2024-08-07T20:50:25.366+0300][13,079s][info ][gc] GC(75) Pause Young (Normal) (G1 Evacuation Pause) 462M->3M(768M) 3,623ms
[2024-08-07T20:50:25.554+0300][13,267s][info ][gc] GC(76) Pause Young (Normal) (G1 Evacuation Pause) 461M->3M(768M) 4,204ms
[2024-08-07T20:50:25.742+0300][13,455s][info ][gc] GC(77) Pause Young (Normal) (G1 Evacuation Pause) 461M->3M(768M) 4,015ms
[2024-08-07T20:50:25.930+0300][13,643s][info ][gc] GC(78) Pause Young (Normal) (G1 Evacuation Pause) 462M->3M(768M) 3,578ms
[2024-08-07T20:50:26.118+0300][13,832s][info ][gc] GC(79) Pause Young (Normal) (G1 Evacuation Pause) 462M->3M(768M) 3,435ms
[2024-08-07T20:50:26.307+0300][14,020s][info ][gc] GC(80) Pause Young (Normal) (G1 Evacuation Pause) 461M->3M(768M) 4,246ms
[2024-08-07T20:50:26.495+0300][14,208s][info ][gc] GC(81) Pause Young (Normal) (G1 Evacuation Pause) 462M->3M(768M) 3,925ms
[2024-08-07T20:50:26.683+0300][14,397s][info ][gc] GC(82) Pause Young (Normal) (G1 Evacuation Pause) 461M->3M(768M) 4,143ms
[2024-08-07T20:50:26.873+0300][14,586s][info ][gc] GC(83) Pause Young (Normal) (G1 Evacuation Pause) 462M->3M(768M) 4,465ms
[2024-08-07T20:50:27.061+0300][14,774s][info ][gc] GC(84) Pause Young (Normal) (G1 Evacuation Pause) 461M->3M(768M) 3,869ms
[2024-08-07T20:50:27.249+0300][14,962s][info ][gc] GC(85) Pause Young (Normal) (G1 Evacuation Pause) 462M->3M(768M) 3,861ms
[2024-08-07T20:50:27.437+0300][15,150s][info ][gc] GC(86) Pause Young (Normal) (G1 Evacuation Pause) 462M->3M(768M) 3,850ms
[2024-08-07T20:50:27.626+0300][15,339s][info ][gc] GC(87) Pause Young (Normal) (G1 Evacuation Pause) 461M->3M(768M) 4,090ms
[2024-08-07T20:50:27.813+0300][15,526s][info ][gc] GC(88) Pause Young (Normal) (G1 Evacuation Pause) 462M->3M(768M) 3,794ms
[2024-08-07T20:50:28.001+0300][15,714s][info ][gc] GC(89) Pause Young (Normal) (G1 Evacuation Pause) 461M->3M(768M) 3,872ms
[2024-08-07T20:50:28.190+0300][15,903s][info ][gc] GC(90) Pause Young (Normal) (G1 Evacuation Pause) 462M->3M(768M) 4,039ms
[2024-08-07T20:50:28.378+0300][16,091s][info ][gc] GC(91) Pause Young (Normal) (G1 Evacuation Pause) 461M->3M(768M) 3,957ms
[2024-08-07T20:50:28.567+0300][16,280s][info ][gc] GC(92) Pause Young (Normal) (G1 Evacuation Pause) 461M->3M(768M) 4,081ms
[2024-08-07T20:50:28.755+0300][16,468s][info ][gc] GC(93) Pause Young (Normal) (G1 Evacuation Pause) 462M->3M(768M) 3,887ms
[2024-08-07T20:50:28.942+0300][16,655s][info ][gc] GC(94) Pause Young (Normal) (G1 Evacuation Pause) 461M->3M(768M) 3,441ms
[2024-08-07T20:50:29.130+0300][16,843s][info ][gc] GC(95) Pause Young (Normal) (G1 Evacuation Pause) 462M->3M(768M) 3,923ms
[2024-08-07T20:50:29.319+0300][17,032s][info ][gc] GC(96) Pause Young (Normal) (G1 Evacuation Pause) 461M->3M(768M) 4,881ms
[2024-08-07T20:50:29.506+0300][17,219s][info ][gc] GC(97) Pause Young (Normal) (G1 Evacuation Pause) 462M->3M(768M) 4,784ms
[2024-08-07T20:50:29.700+0300][17,413s][info ][gc] GC(98) Pause Young (Normal) (G1 Evacuation Pause) 461M->3M(768M) 3,991ms
[2024-08-07T20:50:29.888+0300][17,601s][info ][gc] GC(99) Pause Young (Normal) (G1 Evacuation Pause) 462M->3M(768M) 3,524ms
[2024-08-07T20:50:30.076+0300][17,789s][info ][gc] GC(100) Pause Young (Normal) (G1 Evacuation Pause) 462M->3M(768M) 3,901ms
[2024-08-07T20:50:30.264+0300][17,977s][info ][gc] GC(101) Pause Young (Normal) (G1 Evacuation Pause) 461M->3M(768M) 3,952ms
[2024-08-07T20:50:30.452+0300][18,165s][info ][gc] GC(102) Pause Young (Normal) (G1 Evacuation Pause) 461M->3M(768M) 3,971ms
[2024-08-07T20:50:30.641+0300][18,354s][info ][gc] GC(103) Pause Young (Normal) (G1 Evacuation Pause) 462M->3M(768M) 4,044ms
[2024-08-07T20:50:30.829+0300][18,542s][info ][gc] GC(104) Pause Young (Normal) (G1 Evacuation Pause) 462M->3M(768M) 3,969ms
[2024-08-07T20:50:31.017+0300][18,730s][info ][gc] GC(105) Pause Young (Normal) (G1 Evacuation Pause) 461M->3M(768M) 3,959ms
[2024-08-07T20:50:31.206+0300][18,919s][info ][gc] GC(106) Pause Young (Normal) (G1 Evacuation Pause) 462M->3M(768M) 4,892ms
[2024-08-07T20:50:31.393+0300][19,106s][info ][gc] GC(107) Pause Young (Normal) (G1 Evacuation Pause) 461M->3M(768M) 5,027ms
[2024-08-07T20:50:31.582+0300][19,295s][info ][gc] GC(108) Pause Young (Normal) (G1 Evacuation Pause) 462M->3M(768M) 4,879ms
[2024-08-07T20:50:31.770+0300][19,483s][info ][gc] GC(109) Pause Young (Normal) (G1 Evacuation Pause) 461M->3M(768M) 4,398ms
[2024-08-07T20:50:31.958+0300][19,671s][info ][gc] GC(110) Pause Young (Normal) (G1 Evacuation Pause) 462M->3M(768M) 4,786ms
[2024-08-07T20:50:32.147+0300][19,860s][info ][gc] GC(111) Pause Young (Normal) (G1 Evacuation Pause) 462M->3M(768M) 4,742ms
[2024-08-07T20:50:32.336+0300][20,049s][info ][gc] GC(112) Pause Young (Normal) (G1 Evacuation Pause) 461M->3M(768M) 4,852ms
[2024-08-07T20:50:32.525+0300][20,238s][info ][gc] GC(113) Pause Young (Normal) (G1 Evacuation Pause) 462M->3M(768M) 4,746ms
[2024-08-07T20:50:32.712+0300][20,425s][info ][gc] GC(114) Pause Young (Normal) (G1 Evacuation Pause) 461M->3M(768M) 4,586ms
[2024-08-07T20:50:32.901+0300][20,614s][info ][gc] GC(115) Pause Young (Normal) (G1 Evacuation Pause) 462M->3M(768M) 3,911ms
[2024-08-07T20:50:33.088+0300][20,801s][info ][gc] GC(116) Pause Young (Normal) (G1 Evacuation Pause) 461M->3M(768M) 3,657ms
[2024-08-07T20:50:33.275+0300][20,989s][info ][gc] GC(117) Pause Young (Normal) (G1 Evacuation Pause) 461M->3M(768M) 3,853ms
[2024-08-07T20:50:33.464+0300][21,177s][info ][gc] GC(118) Pause Young (Normal) (G1 Evacuation Pause) 462M->3M(768M) 3,984ms
[2024-08-07T20:50:33.652+0300][21,365s][info ][gc] GC(119) Pause Young (Normal) (G1 Evacuation Pause) 461M->3M(768M) 3,533ms
[2024-08-07T20:50:33.843+0300][21,556s][info ][gc] GC(120) Pause Young (Normal) (G1 Evacuation Pause) 462M->3M(768M) 3,752ms
[2024-08-07T20:50:34.031+0300][21,745s][info ][gc] GC(121) Pause Young (Normal) (G1 Evacuation Pause) 461M->3M(768M) 3,963ms
[2024-08-07T20:50:34.221+0300][21,934s][info ][gc] GC(122) Pause Young (Normal) (G1 Evacuation Pause) 462M->3M(768M) 3,862ms
[2024-08-07T20:50:34.409+0300][22,123s][info ][gc] GC(123) Pause Young (Normal) (G1 Evacuation Pause) 462M->3M(768M) 3,601ms
[2024-08-07T20:50:34.598+0300][22,311s][info ][gc] GC(124) Pause Young (Normal) (G1 Evacuation Pause) 461M->3M(768M) 3,716ms
[2024-08-07T20:50:34.786+0300][22,499s][info ][gc] GC(125) Pause Young (Normal) (G1 Evacuation Pause) 461M->3M(768M) 4,406ms
[2024-08-07T20:50:34.974+0300][22,687s][info ][gc] GC(126) Pause Young (Normal) (G1 Evacuation Pause) 462M->3M(768M) 3,795ms
[2024-08-07T20:50:35.162+0300][22,875s][info ][gc] GC(127) Pause Young (Normal) (G1 Evacuation Pause) 462M->3M(768M) 3,576ms
[2024-08-07T20:50:35.350+0300][23,063s][info ][gc] GC(128) Pause Young (Normal) (G1 Evacuation Pause) 461M->3M(768M) 3,697ms
[2024-08-07T20:50:35.538+0300][23,251s][info ][gc] GC(129) Pause Young (Normal) (G1 Evacuation Pause) 462M->3M(768M) 3,705ms
[2024-08-07T20:50:35.725+0300][23,439s][info ][gc] GC(130) Pause Young (Normal) (G1 Evacuation Pause) 461M->3M(768M) 3,504ms
[2024-08-07T20:50:35.915+0300][23,628s][info ][gc] GC(131) Pause Young (Normal) (G1 Evacuation Pause) 462M->3M(768M) 4,726ms
[2024-08-07T20:50:36.103+0300][23,816s][info ][gc] GC(132) Pause Young (Normal) (G1 Evacuation Pause) 461M->3M(768M) 3,841ms
[2024-08-07T20:50:36.290+0300][24,003s][info ][gc] GC(133) Pause Young (Normal) (G1 Evacuation Pause) 462M->3M(768M) 3,685ms
[2024-08-07T20:50:36.478+0300][24,191s][info ][gc] GC(134) Pause Young (Normal) (G1 Evacuation Pause) 461M->3M(768M) 3,618ms
[2024-08-07T20:50:36.666+0300][24,379s][info ][gc] GC(135) Pause Young (Normal) (G1 Evacuation Pause) 462M->3M(768M) 3,774ms
[2024-08-07T20:50:36.854+0300][24,567s][info ][gc] GC(136) Pause Young (Normal) (G1 Evacuation Pause) 462M->3M(768M) 3,664ms
[2024-08-07T20:50:37.042+0300][24,755s][info ][gc] GC(137) Pause Young (Normal) (G1 Evacuation Pause) 461M->3M(768M) 3,861ms
[2024-08-07T20:50:37.231+0300][24,944s][info ][gc] GC(138) Pause Young (Normal) (G1 Evacuation Pause) 462M->3M(768M) 3,861ms
[2024-08-07T20:50:37.419+0300][25,132s][info ][gc] GC(139) Pause Young (Normal) (G1 Evacuation Pause) 461M->3M(768M) 3,644ms
[2024-08-07T20:50:37.608+0300][25,321s][info ][gc] GC(140) Pause Young (Normal) (G1 Evacuation Pause) 462M->3M(768M) 3,497ms
[2024-08-07T20:50:37.795+0300][25,509s][info ][gc] GC(141) Pause Young (Normal) (G1 Evacuation Pause) 461M->3M(768M) 3,452ms
[2024-08-07T20:50:37.983+0300][25,696s][info ][gc] GC(142) Pause Young (Normal) (G1 Evacuation Pause) 461M->3M(768M) 3,541ms
[2024-08-07T20:50:38.170+0300][25,884s][info ][gc] GC(143) Pause Young (Normal) (G1 Evacuation Pause) 462M->3M(768M) 3,473ms
[2024-08-07T20:50:38.358+0300][26,071s][info ][gc] GC(144) Pause Young (Normal) (G1 Evacuation Pause) 461M->3M(768M) 3,745ms
[2024-08-07T20:50:38.547+0300][26,260s][info ][gc] GC(145) Pause Young (Normal) (G1 Evacuation Pause) 462M->3M(768M) 3,997ms
[2024-08-07T20:50:38.735+0300][26,448s][info ][gc] GC(146) Pause Young (Normal) (G1 Evacuation Pause) 461M->3M(768M) 4,174ms
[2024-08-07T20:50:38.924+0300][26,637s][info ][gc] GC(147) Pause Young (Normal) (G1 Evacuation Pause) 462M->3M(768M) 4,363ms
[2024-08-07T20:50:39.114+0300][26,828s][info ][gc] GC(148) Pause Young (Normal) (G1 Evacuation Pause) 462M->3M(768M) 4,517ms
[2024-08-07T20:50:39.304+0300][27,017s][info ][gc] GC(149) Pause Young (Normal) (G1 Evacuation Pause) 461M->3M(768M) 4,199ms
[2024-08-07T20:50:39.491+0300][27,204s][info ][gc] GC(150) Pause Young (Normal) (G1 Evacuation Pause) 461M->3M(768M) 3,893ms
[2024-08-07T20:50:39.680+0300][27,394s][info ][gc] GC(151) Pause Young (Normal) (G1 Evacuation Pause) 462M->3M(768M) 3,832ms
[2024-08-07T20:50:39.869+0300][27,583s][info ][gc] GC(152) Pause Young (Normal) (G1 Evacuation Pause) 462M->3M(768M) 4,321ms
[2024-08-07T20:50:40.059+0300][27,772s][info ][gc] GC(153) Pause Young (Normal) (G1 Evacuation Pause) 461M->3M(768M) 4,234ms
[2024-08-07T20:50:40.247+0300][27,961s][info ][gc] GC(154) Pause Young (Normal) (G1 Evacuation Pause) 462M->3M(768M) 4,191ms
[2024-08-07T20:50:40.436+0300][28,149s][info ][gc] GC(155) Pause Young (Normal) (G1 Evacuation Pause) 461M->3M(768M) 3,974ms
[2024-08-07T20:50:40.624+0300][28,337s][info ][gc] GC(156) Pause Young (Normal) (G1 Evacuation Pause) 462M->3M(768M) 3,951ms
[2024-08-07T20:50:40.811+0300][28,525s][info ][gc] GC(157) Pause Young (Normal) (G1 Evacuation Pause) 461M->3M(768M) 3,787ms
[2024-08-07T20:50:41.001+0300][28,714s][info ][gc] GC(158) Pause Young (Normal) (G1 Evacuation Pause) 462M->3M(768M) 4,167ms
[2024-08-07T20:50:41.189+0300][28,903s][info ][gc] GC(159) Pause Young (Normal) (G1 Evacuation Pause) 461M->3M(768M) 4,213ms
[2024-08-07T20:50:41.378+0300][29,091s][info ][gc] GC(160) Pause Young (Normal) (G1 Evacuation Pause) 462M->3M(768M) 3,848ms
[2024-08-07T20:50:41.567+0300][29,280s][info ][gc] GC(161) Pause Young (Normal) (G1 Evacuation Pause) 462M->3M(768M) 3,953ms
[2024-08-07T20:50:41.755+0300][29,468s][info ][gc] GC(162) Pause Young (Normal) (G1 Evacuation Pause) 461M->3M(768M) 3,894ms
[2024-08-07T20:50:41.943+0300][29,656s][info ][gc] GC(163) Pause Young (Normal) (G1 Evacuation Pause) 462M->3M(768M) 3,514ms
[2024-08-07T20:50:42.136+0300][29,849s][info ][gc] GC(164) Pause Young (Normal) (G1 Evacuation Pause) 461M->3M(768M) 4,123ms
[2024-08-07T20:50:42.325+0300][30,038s][info ][gc] GC(165) Pause Young (Normal) (G1 Evacuation Pause) 462M->3M(768M) 4,400ms
[2024-08-07T20:50:42.513+0300][30,227s][info ][gc] GC(166) Pause Young (Normal) (G1 Evacuation Pause) 461M->3M(768M) 4,345ms
[2024-08-07T20:50:42.702+0300][30,415s][info ][gc] GC(167) Pause Young (Normal) (G1 Evacuation Pause) 461M->3M(768M) 4,328ms
