[2024-08-07T20:49:09.207+0300][0.005s][info][gc] Using G1
[2024-08-07T20:49:09.208+0300][0.006s][debug][gc] ConcGCThreads: 3 offset 22
[2024-08-07T20:49:09.209+0300][0.006s][debug][gc] ParallelGCThreads: 10
[2024-08-07T20:49:09.209+0300][0.007s][debug][gc] Initialize mark stack with 4096 chunks, maximum 524288
[2024-08-07T20:49:09.388+0300][0,186s][info ][gc] GC(0) Pause Young (Normal) (G1 Evacuation Pause) 26M->3M(512M) 6,163ms
[2024-08-07T20:49:09.427+0300][0,225s][info ][gc] GC(1) Pause Young (Normal) (G1 Evacuation Pause) 52M->4M(512M) 3,385ms
[2024-08-07T20:49:09.605+0300][0,403s][info ][gc] GC(2) Pause Young (Normal) (G1 Evacuation Pause) 307M->3M(512M) 4,238ms
[2024-08-07T20:49:09.672+0300][0,470s][info ][gc] GC(3) Pause Young (Normal) (G1 Evacuation Pause) 307M->3M(512M) 3,493ms
[2024-08-07T20:49:09.737+0300][0,535s][info ][gc] GC(4) Pause Young (Normal) (G1 Evacuation Pause) 307M->2M(512M) 3,084ms
[2024-08-07T20:49:09.803+0300][0,601s][info ][gc] GC(5) Pause Young (Normal) (G1 Evacuation Pause) 307M->2M(512M) 3,275ms
[2024-08-07T20:49:09.872+0300][0,669s][info ][gc] GC(6) Pause Young (Normal) (G1 Evacuation Pause) 307M->2M(512M) 2,955ms
[2024-08-07T20:49:09.938+0300][0,736s][info ][gc] GC(7) Pause Young (Normal) (G1 Evacuation Pause) 307M->5M(512M) 5,304ms
[2024-08-07T20:49:10.002+0300][0,800s][info ][gc] GC(8) Pause Young (Normal) (G1 Evacuation Pause) 307M->4M(512M) 4,612ms
[2024-08-07T20:49:10.066+0300][0,864s][info ][gc] GC(9) Pause Young (Normal) (G1 Evacuation Pause) 307M->4M(512M) 4,321ms
[2024-08-07T20:49:10.133+0300][0,931s][info ][gc] GC(10) Pause Young (Normal) (G1 Evacuation Pause) 307M->3M(512M) 3,831ms
[2024-08-07T20:49:10.199+0300][0,997s][info ][gc] GC(11) Pause Young (Normal) (G1 Evacuation Pause) 307M->3M(512M) 3,568ms
[2024-08-07T20:49:10.262+0300][1,060s][info ][gc] GC(12) Pause Young (Normal) (G1 Evacuation Pause) 307M->3M(512M) 3,480ms
[2024-08-07T20:49:10.326+0300][1,123s][info ][gc] GC(13) Pause Young (Normal) (G1 Evacuation Pause) 307M->2M(512M) 3,191ms
[2024-08-07T20:49:10.389+0300][1,187s][info ][gc] GC(14) Pause Young (Normal) (G1 Evacuation Pause) 307M->2M(512M) 3,129ms
[2024-08-07T20:49:10.455+0300][1,253s][info ][gc] GC(15) Pause Young (Normal) (G1 Evacuation Pause) 307M->5M(512M) 5,196ms
[2024-08-07T20:49:10.582+0300][1,380s][info ][gc] GC(16) Pause Young (Normal) (G1 Evacuation Pause) 309M->5M(512M) 4,693ms
[2024-08-07T20:49:10.708+0300][1,506s][info ][gc] GC(17) Pause Young (Normal) (G1 Evacuation Pause) 309M->5M(512M) 4,262ms
[2024-08-07T20:49:10.835+0300][1,632s][info ][gc] GC(18) Pause Young (Normal) (G1 Evacuation Pause) 309M->4M(512M) 3,978ms
[2024-08-07T20:49:10.960+0300][1,758s][info ][gc] GC(19) Pause Young (Normal) (G1 Evacuation Pause) 308M->4M(512M) 3,345ms
[2024-08-07T20:49:11.086+0300][1,884s][info ][gc] GC(20) Pause Young (Normal) (G1 Evacuation Pause) 309M->4M(512M) 3,575ms
[2024-08-07T20:49:11.212+0300][2,010s][info ][gc] GC(21) Pause Young (Normal) (G1 Evacuation Pause) 309M->4M(512M) 3,614ms
[2024-08-07T20:49:11.338+0300][2,136s][info ][gc] GC(22) Pause Young (Normal) (G1 Evacuation Pause) 309M->3M(512M) 3,730ms
[2024-08-07T20:49:11.465+0300][2,263s][info ][gc] GC(23) Pause Young (Normal) (G1 Evacuation Pause) 308M->3M(512M) 3,724ms
[2024-08-07T20:49:11.591+0300][2,389s][info ][gc] GC(24) Pause Young (Normal) (G1 Evacuation Pause) 308M->3M(512M) 3,820ms
[2024-08-07T20:49:11.718+0300][2,516s][info ][gc] GC(25) Pause Young (Normal) (G1 Evacuation Pause) 309M->3M(512M) 3,585ms
[2024-08-07T20:49:11.844+0300][2,642s][info ][gc] GC(26) Pause Young (Normal) (G1 Evacuation Pause) 308M->3M(512M) 3,743ms
[2024-08-07T20:49:11.971+0300][2,768s][info ][gc] GC(27) Pause Young (Normal) (G1 Evacuation Pause) 309M->3M(512M) 3,605ms
[2024-08-07T20:49:12.096+0300][2,894s][info ][gc] GC(28) Pause Young (Normal) (G1 Evacuation Pause) 308M->3M(512M) 3,233ms
[2024-08-07T20:49:12.222+0300][3,020s][info ][gc] GC(29) Pause Young (Normal) (G1 Evacuation Pause) 309M->3M(512M) 3,127ms
[2024-08-07T20:49:12.349+0300][3,146s][info ][gc] GC(30) Pause Young (Normal) (G1 Evacuation Pause) 309M->3M(512M) 3,592ms
[2024-08-07T20:49:12.475+0300][3,273s][info ][gc] GC(31) Pause Young (Normal) (G1 Evacuation Pause) 309M->3M(512M) 3,621ms
[2024-08-07T20:49:12.601+0300][3,399s][info ][gc] GC(32) Pause Young (Normal) (G1 Evacuation Pause) 308M->3M(512M) 3,789ms
[2024-08-07T20:49:12.728+0300][3,526s][info ][gc] GC(33) Pause Young (Normal) (G1 Evacuation Pause) 309M->3M(512M) 3,596ms
[2024-08-07T20:49:12.859+0300][3,656s][info ][gc] GC(34) Pause Young (Normal) (G1 Evacuation Pause) 309M->3M(512M) 3,620ms
[2024-08-07T20:49:12.986+0300][3,783s][info ][gc] GC(35) Pause Young (Normal) (G1 Evacuation Pause) 308M->3M(512M) 3,233ms
[2024-08-07T20:49:13.112+0300][3,910s][info ][gc] GC(36) Pause Young (Normal) (G1 Evacuation Pause) 309M->3M(512M) 3,380ms
[2024-08-07T20:49:13.240+0300][4,038s][info ][gc] GC(37) Pause Young (Normal) (G1 Evacuation Pause) 309M->3M(512M) 3,420ms
[2024-08-07T20:49:13.368+0300][4,166s][info ][gc] GC(38) Pause Young (Normal) (G1 Evacuation Pause) 308M->3M(512M) 3,447ms
[2024-08-07T20:49:13.495+0300][4,293s][info ][gc] GC(39) Pause Young (Normal) (G1 Evacuation Pause) 309M->3M(512M) 3,153ms
[2024-08-07T20:49:13.622+0300][4,419s][info ][gc] GC(40) Pause Young (Normal) (G1 Evacuation Pause) 309M->3M(512M) 3,139ms
[2024-08-07T20:49:13.747+0300][4,545s][info ][gc] GC(41) Pause Young (Normal) (G1 Evacuation Pause) 308M->3M(512M) 2,546ms
[2024-08-07T20:49:13.874+0300][4,672s][info ][gc] GC(42) Pause Young (Normal) (G1 Evacuation Pause) 309M->3M(512M) 3,529ms
[2024-08-07T20:49:14.001+0300][4,799s][info ][gc] GC(43) Pause Young (Normal) (G1 Evacuation Pause) 309M->3M(512M) 3,502ms
[2024-08-07T20:49:14.128+0300][4,926s][info ][gc] GC(44) Pause Young (Normal) (G1 Evacuation Pause) 308M->3M(512M) 3,081ms
[2024-08-07T20:49:14.254+0300][5,052s][info ][gc] GC(45) Pause Young (Normal) (G1 Evacuation Pause) 309M->3M(512M) 3,441ms
[2024-08-07T20:49:14.381+0300][5,179s][info ][gc] GC(46) Pause Young (Normal) (G1 Evacuation Pause) 309M->3M(512M) 3,465ms
[2024-08-07T20:49:14.508+0300][5,306s][info ][gc] GC(47) Pause Young (Normal) (G1 Evacuation Pause) 308M->3M(512M) 3,769ms
[2024-08-07T20:49:14.636+0300][5,434s][info ][gc] GC(48) Pause Young (Normal) (G1 Evacuation Pause) 309M->3M(512M) 3,375ms
[2024-08-07T20:49:14.762+0300][5,560s][info ][gc] GC(49) Pause Young (Normal) (G1 Evacuation Pause) 309M->3M(512M) 2,975ms
[2024-08-07T20:49:14.887+0300][5,685s][info ][gc] GC(50) Pause Young (Normal) (G1 Evacuation Pause) 308M->3M(512M) 3,039ms
[2024-08-07T20:49:15.013+0300][5,811s][info ][gc] GC(51) Pause Young (Normal) (G1 Evacuation Pause) 309M->3M(512M) 3,018ms
[2024-08-07T20:49:15.140+0300][5,937s][info ][gc] GC(52) Pause Young (Normal) (G1 Evacuation Pause) 309M->3M(512M) 3,215ms
[2024-08-07T20:49:15.266+0300][6,064s][info ][gc] GC(53) Pause Young (Normal) (G1 Evacuation Pause) 309M->3M(512M) 3,369ms
[2024-08-07T20:49:15.393+0300][6,191s][info ][gc] GC(54) Pause Young (Normal) (G1 Evacuation Pause) 308M->3M(512M) 3,217ms
[2024-08-07T20:49:15.521+0300][6,319s][info ][gc] GC(55) Pause Young (Normal) (G1 Evacuation Pause) 309M->3M(512M) 3,203ms
[2024-08-07T20:49:15.647+0300][6,445s][info ][gc] GC(56) Pause Young (Normal) (G1 Evacuation Pause) 308M->3M(512M) 3,066ms
[2024-08-07T20:49:15.774+0300][6,572s][info ][gc] GC(57) Pause Young (Normal) (G1 Evacuation Pause) 309M->3M(512M) 3,497ms
[2024-08-07T20:49:15.900+0300][6,698s][info ][gc] GC(58) Pause Young (Normal) (G1 Evacuation Pause) 309M->3M(512M) 3,282ms
[2024-08-07T20:49:16.026+0300][6,824s][info ][gc] GC(59) Pause Young (Normal) (G1 Evacuation Pause) 309M->3M(512M) 3,250ms
[2024-08-07T20:49:16.154+0300][6,952s][info ][gc] GC(60) Pause Young (Normal) (G1 Evacuation Pause) 308M->3M(512M) 3,400ms
[2024-08-07T20:49:16.281+0300][7,079s][info ][gc] GC(61) Pause Young (Normal) (G1 Evacuation Pause) 309M->3M(512M) 3,137ms
[2024-08-07T20:49:16.407+0300][7,205s][info ][gc] GC(62) Pause Young (Normal) (G1 Evacuation Pause) 309M->3M(512M) 3,405ms
[2024-08-07T20:49:16.533+0300][7,331s][info ][gc] GC(63) Pause Young (Normal) (G1 Evacuation Pause) 308M->3M(512M) 3,107ms
[2024-08-07T20:49:16.660+0300][7,458s][info ][gc] GC(64) Pause Young (Normal) (G1 Evacuation Pause) 309M->3M(512M) 3,053ms
[2024-08-07T20:49:16.787+0300][7,585s][info ][gc] GC(65) Pause Young (Normal) (G1 Evacuation Pause) 309M->3M(512M) 3,441ms
[2024-08-07T20:49:16.913+0300][7,711s][info ][gc] GC(66) Pause Young (Normal) (G1 Evacuation Pause) 308M->3M(512M) 3,306ms
[2024-08-07T20:49:17.040+0300][7,838s][info ][gc] GC(67) Pause Young (Normal) (G1 Evacuation Pause) 309M->3M(512M) 3,364ms
[2024-08-07T20:49:17.168+0300][7,966s][info ][gc] GC(68) Pause Young (Normal) (G1 Evacuation Pause) 309M->3M(512M) 3,387ms
[2024-08-07T20:49:17.294+0300][8,092s][info ][gc] GC(69) Pause Young (Normal) (G1 Evacuation Pause) 308M->3M(512M) 3,047ms
[2024-08-07T20:49:17.421+0300][8,219s][info ][gc] GC(70) Pause Young (Normal) (G1 Evacuation Pause) 309M->3M(512M) 3,422ms
[2024-08-07T20:49:17.548+0300][8,346s][info ][gc] GC(71) Pause Young (Normal) (G1 Evacuation Pause) 309M->3M(512M) 3,600ms
[2024-08-07T20:49:17.675+0300][8,473s][info ][gc] GC(72) Pause Young (Normal) (G1 Evacuation Pause) 308M->3M(512M) 3,333ms
[2024-08-07T20:49:17.803+0300][8,601s][info ][gc] GC(73) Pause Young (Normal) (G1 Evacuation Pause) 309M->3M(512M) 3,198ms
[2024-08-07T20:49:17.930+0300][8,728s][info ][gc] GC(74) Pause Young (Normal) (G1 Evacuation Pause) 309M->3M(512M) 3,469ms
[2024-08-07T20:49:18.057+0300][8,855s][info ][gc] GC(75) Pause Young (Normal) (G1 Evacuation Pause) 309M->3M(512M) 3,466ms
[2024-08-07T20:49:18.185+0300][8,983s][info ][gc] GC(76) Pause Young (Normal) (G1 Evacuation Pause) 308M->3M(512M) 3,346ms
[2024-08-07T20:49:18.312+0300][9,110s][info ][gc] GC(77) Pause Young (Normal) (G1 Evacuation Pause) 309M->3M(512M) 3,081ms
[2024-08-07T20:49:18.438+0300][9,236s][info ][gc] GC(78) Pause Young (Normal) (G1 Evacuation Pause) 308M->3M(512M) 3,398ms
[2024-08-07T20:49:18.564+0300][9,362s][info ][gc] GC(79) Pause Young (Normal) (G1 Evacuation Pause) 309M->3M(512M) 3,047ms
[2024-08-07T20:49:18.691+0300][9,488s][info ][gc] GC(80) Pause Young (Normal) (G1 Evacuation Pause) 309M->3M(512M) 3,175ms
[2024-08-07T20:49:18.818+0300][9,616s][info ][gc] GC(81) Pause Young (Normal) (G1 Evacuation Pause) 309M->3M(512M) 3,388ms
[2024-08-07T20:49:18.943+0300][9,741s][info ][gc] GC(82) Pause Young (Normal) (G1 Evacuation Pause) 308M->3M(512M) 3,250ms
[2024-08-07T20:49:19.069+0300][9,867s][info ][gc] GC(83) Pause Young (Normal) (G1 Evacuation Pause) 309M->3M(512M) 3,174ms
[2024-08-07T20:49:19.196+0300][9,994s][info ][gc] GC(84) Pause Young (Normal) (G1 Evacuation Pause) 309M->3M(512M) 3,638ms
[2024-08-07T20:49:19.324+0300][10,122s][info ][gc] GC(85) Pause Young (Normal) (G1 Evacuation Pause) 308M->3M(512M) 3,577ms
[2024-08-07T20:49:19.451+0300][10,249s][info ][gc] GC(86) Pause Young (Normal) (G1 Evacuation Pause) 309M->3M(512M) 3,073ms
[2024-08-07T20:49:19.578+0300][10,376s][info ][gc] GC(87) Pause Young (Normal) (G1 Evacuation Pause) 309M->3M(512M) 3,252ms
[2024-08-07T20:49:19.704+0300][10,502s][info ][gc] GC(88) Pause Young (Normal) (G1 Evacuation Pause) 308M->3M(512M) 3,670ms
[2024-08-07T20:49:19.831+0300][10,629s][info ][gc] GC(89) Pause Young (Normal) (G1 Evacuation Pause) 309M->3M(512M) 3,933ms
[2024-08-07T20:49:19.959+0300][10,757s][info ][gc] GC(90) Pause Young (Normal) (G1 Evacuation Pause) 309M->3M(512M) 3,595ms
[2024-08-07T20:49:20.086+0300][10,884s][info ][gc] GC(91) Pause Young (Normal) (G1 Evacuation Pause) 308M->3M(512M) 3,183ms
[2024-08-07T20:49:20.213+0300][11,011s][info ][gc] GC(92) Pause Young (Normal) (G1 Evacuation Pause) 309M->3M(512M) 3,488ms
[2024-08-07T20:49:20.340+0300][11,138s][info ][gc] GC(93) Pause Young (Normal) (G1 Evacuation Pause) 309M->3M(512M) 3,488ms
[2024-08-07T20:49:20.467+0300][11,265s][info ][gc] GC(94) Pause Young (Normal) (G1 Evacuation Pause) 308M->3M(512M) 3,398ms
[2024-08-07T20:49:20.593+0300][11,391s][info ][gc] GC(95) Pause Young (Normal) (G1 Evacuation Pause) 309M->3M(512M) 3,344ms
[2024-08-07T20:49:20.720+0300][11,517s][info ][gc] GC(96) Pause Young (Normal) (G1 Evacuation Pause) 309M->3M(512M) 3,283ms
[2024-08-07T20:49:20.845+0300][11,643s][info ][gc] GC(97) Pause Young (Normal) (G1 Evacuation Pause) 308M->3M(512M) 2,965ms
[2024-08-07T20:49:20.971+0300][11,769s][info ][gc] GC(98) Pause Young (Normal) (G1 Evacuation Pause) 309M->3M(512M) 3,165ms
[2024-08-07T20:49:21.097+0300][11,895s][info ][gc] GC(99) Pause Young (Normal) (G1 Evacuation Pause) 309M->3M(512M) 3,460ms
[2024-08-07T20:49:21.223+0300][12,020s][info ][gc] GC(100) Pause Young (Normal) (G1 Evacuation Pause) 308M->3M(512M) 2,984ms
[2024-08-07T20:49:21.349+0300][12,147s][info ][gc] GC(101) Pause Young (Normal) (G1 Evacuation Pause) 309M->3M(512M) 3,664ms
[2024-08-07T20:49:21.475+0300][12,273s][info ][gc] GC(102) Pause Young (Normal) (G1 Evacuation Pause) 309M->3M(512M) 3,509ms
[2024-08-07T20:49:21.603+0300][12,401s][info ][gc] GC(103) Pause Young (Normal) (G1 Evacuation Pause) 309M->3M(512M) 3,975ms
[2024-08-07T20:49:21.730+0300][12,528s][info ][gc] GC(104) Pause Young (Normal) (G1 Evacuation Pause) 309M->3M(512M) 4,110ms
[2024-08-07T20:49:21.856+0300][12,654s][info ][gc] GC(105) Pause Young (Normal) (G1 Evacuation Pause) 308M->3M(512M) 3,608ms
[2024-08-07T20:49:21.983+0300][12,781s][info ][gc] GC(106) Pause Young (Normal) (G1 Evacuation Pause) 308M->3M(512M) 4,171ms
[2024-08-07T20:49:22.110+0300][12,908s][info ][gc] GC(107) Pause Young (Normal) (G1 Evacuation Pause) 309M->3M(512M) 3,581ms
[2024-08-07T20:49:22.237+0300][13,035s][info ][gc] GC(108) Pause Young (Normal) (G1 Evacuation Pause) 309M->3M(512M) 3,592ms
[2024-08-07T20:49:22.363+0300][13,161s][info ][gc] GC(109) Pause Young (Normal) (G1 Evacuation Pause) 309M->3M(512M) 3,772ms
[2024-08-07T20:49:22.490+0300][13,288s][info ][gc] GC(110) Pause Young (Normal) (G1 Evacuation Pause) 308M->3M(512M) 3,721ms
[2024-08-07T20:49:22.616+0300][13,414s][info ][gc] GC(111) Pause Young (Normal) (G1 Evacuation Pause) 309M->3M(512M) 3,637ms
[2024-08-07T20:49:22.743+0300][13,541s][info ][gc] GC(112) Pause Young (Normal) (G1 Evacuation Pause) 309M->3M(512M) 3,114ms
[2024-08-07T20:49:22.868+0300][13,666s][info ][gc] GC(113) Pause Young (Normal) (G1 Evacuation Pause) 308M->3M(512M) 3,102ms
[2024-08-07T20:49:22.995+0300][13,793s][info ][gc] GC(114) Pause Young (Normal) (G1 Evacuation Pause) 309M->3M(512M) 3,302ms
[2024-08-07T20:49:23.121+0300][13,919s][info ][gc] GC(115) Pause Young (Normal) (G1 Evacuation Pause) 309M->3M(512M) 3,275ms
[2024-08-07T20:49:23.247+0300][14,045s][info ][gc] GC(116) Pause Young (Normal) (G1 Evacuation Pause) 308M->3M(512M) 3,203ms
[2024-08-07T20:49:23.373+0300][14,171s][info ][gc] GC(117) Pause Young (Normal) (G1 Evacuation Pause) 309M->3M(512M) 3,034ms
[2024-08-07T20:49:23.499+0300][14,297s][info ][gc] GC(118) Pause Young (Normal) (G1 Evacuation Pause) 309M->3M(512M) 3,189ms
[2024-08-07T20:49:23.625+0300][14,423s][info ][gc] GC(119) Pause Young (Normal) (G1 Evacuation Pause) 308M->3M(512M) 3,098ms
[2024-08-07T20:49:23.751+0300][14,549s][info ][gc] GC(120) Pause Young (Normal) (G1 Evacuation Pause) 309M->3M(512M) 3,038ms
[2024-08-07T20:49:23.877+0300][14,675s][info ][gc] GC(121) Pause Young (Normal) (G1 Evacuation Pause) 309M->3M(512M) 2,810ms
[2024-08-07T20:49:24.009+0300][14,807s][info ][gc] GC(122) Pause Young (Normal) (G1 Evacuation Pause) 308M->3M(512M) 4,437ms
[2024-08-07T20:49:24.136+0300][14,934s][info ][gc] GC(123) Pause Young (Normal) (G1 Evacuation Pause) 309M->3M(512M) 3,000ms
[2024-08-07T20:49:24.263+0300][15,061s][info ][gc] GC(124) Pause Young (Normal) (G1 Evacuation Pause) 309M->3M(512M) 3,634ms
[2024-08-07T20:49:24.390+0300][15,187s][info ][gc] GC(125) Pause Young (Normal) (G1 Evacuation Pause) 309M->3M(512M) 3,107ms
[2024-08-07T20:49:24.515+0300][15,313s][info ][gc] GC(126) Pause Young (Normal) (G1 Evacuation Pause) 308M->3M(512M) 2,951ms
[2024-08-07T20:49:24.641+0300][15,439s][info ][gc] GC(127) Pause Young (Normal) (G1 Evacuation Pause) 309M->3M(512M) 3,030ms
[2024-08-07T20:49:24.767+0300][15,565s][info ][gc] GC(128) Pause Young (Normal) (G1 Evacuation Pause) 308M->3M(512M) 2,907ms
[2024-08-07T20:49:24.894+0300][15,692s][info ][gc] GC(129) Pause Young (Normal) (G1 Evacuation Pause) 309M->3M(512M) 2,900ms
[2024-08-07T20:49:25.020+0300][15,818s][info ][gc] GC(130) Pause Young (Normal) (G1 Evacuation Pause) 309M->3M(512M) 3,152ms
[2024-08-07T20:49:25.146+0300][15,944s][info ][gc] GC(131) Pause Young (Normal) (G1 Evacuation Pause) 309M->3M(512M) 2,885ms
[2024-08-07T20:49:25.271+0300][16,069s][info ][gc] GC(132) Pause Young (Normal) (G1 Evacuation Pause) 308M->3M(512M) 2,806ms
[2024-08-07T20:49:25.397+0300][16,195s][info ][gc] GC(133) Pause Young (Normal) (G1 Evacuation Pause) 309M->3M(512M) 3,000ms
[2024-08-07T20:49:25.522+0300][16,320s][info ][gc] GC(134) Pause Young (Normal) (G1 Evacuation Pause) 309M->3M(512M) 2,784ms
[2024-08-07T20:49:25.649+0300][16,447s][info ][gc] GC(135) Pause Young (Normal) (G1 Evacuation Pause) 308M->3M(512M) 3,912ms
[2024-08-07T20:49:25.777+0300][16,574s][info ][gc] GC(136) Pause Young (Normal) (G1 Evacuation Pause) 309M->3M(512M) 3,680ms
[2024-08-07T20:49:25.903+0300][16,701s][info ][gc] GC(137) Pause Young (Normal) (G1 Evacuation Pause) 309M->3M(512M) 3,570ms
[2024-08-07T20:49:26.029+0300][16,827s][info ][gc] GC(138) Pause Young (Normal) (G1 Evacuation Pause) 308M->3M(512M) 3,568ms
[2024-08-07T20:49:26.156+0300][16,954s][info ][gc] GC(139) Pause Young (Normal) (G1 Evacuation Pause) 309M->3M(512M) 3,655ms
[2024-08-07T20:49:26.283+0300][17,081s][info ][gc] GC(140) Pause Young (Normal) (G1 Evacuation Pause) 309M->3M(512M) 3,845ms
[2024-08-07T20:49:26.411+0300][17,209s][info ][gc] GC(141) Pause Young (Normal) (G1 Evacuation Pause) 308M->3M(512M) 3,218ms
[2024-08-07T20:49:26.538+0300][17,336s][info ][gc] GC(142) Pause Young (Normal) (G1 Evacuation Pause) 309M->3M(512M) 3,030ms
[2024-08-07T20:49:26.664+0300][17,462s][info ][gc] GC(143) Pause Young (Normal) (G1 Evacuation Pause) 309M->3M(512M) 3,481ms
[2024-08-07T20:49:26.789+0300][17,587s][info ][gc] GC(144) Pause Young (Normal) (G1 Evacuation Pause) 308M->3M(512M) 2,742ms
[2024-08-07T20:49:26.915+0300][17,713s][info ][gc] GC(145) Pause Young (Normal) (G1 Evacuation Pause) 309M->3M(512M) 3,008ms
[2024-08-07T20:49:27.041+0300][17,839s][info ][gc] GC(146) Pause Young (Normal) (G1 Evacuation Pause) 309M->3M(512M) 3,205ms
[2024-08-07T20:49:27.166+0300][17,964s][info ][gc] GC(147) Pause Young (Normal) (G1 Evacuation Pause) 308M->3M(512M) 3,021ms
[2024-08-07T20:49:27.295+0300][18,092s][info ][gc] GC(148) Pause Young (Normal) (G1 Evacuation Pause) 309M->3M(512M) 2,959ms
[2024-08-07T20:49:27.421+0300][18,219s][info ][gc] GC(149) Pause Young (Normal) (G1 Evacuation Pause) 309M->3M(512M) 3,394ms
[2024-08-07T20:49:27.548+0300][18,346s][info ][gc] GC(150) Pause Young (Normal) (G1 Evacuation Pause) 309M->3M(512M) 3,355ms
[2024-08-07T20:49:27.676+0300][18,474s][info ][gc] GC(151) Pause Young (Normal) (G1 Evacuation Pause) 309M->3M(512M) 3,185ms
[2024-08-07T20:49:27.803+0300][18,601s][info ][gc] GC(152) Pause Young (Normal) (G1 Evacuation Pause) 308M->3M(512M) 4,149ms
[2024-08-07T20:49:27.929+0300][18,727s][info ][gc] GC(153) Pause Young (Normal) (G1 Evacuation Pause) 308M->3M(512M) 3,421ms
[2024-08-07T20:49:28.055+0300][18,853s][info ][gc] GC(154) Pause Young (Normal) (G1 Evacuation Pause) 309M->3M(512M) 2,700ms
[2024-08-07T20:49:28.181+0300][18,979s][info ][gc] GC(155) Pause Young (Normal) (G1 Evacuation Pause) 309M->3M(512M) 3,119ms
[2024-08-07T20:49:28.308+0300][19,105s][info ][gc] GC(156) Pause Young (Normal) (G1 Evacuation Pause) 309M->3M(512M) 2,764ms
[2024-08-07T20:49:28.433+0300][19,230s][info ][gc] GC(157) Pause Young (Normal) (G1 Evacuation Pause) 308M->3M(512M) 2,872ms
[2024-08-07T20:49:28.558+0300][19,356s][info ][gc] GC(158) Pause Young (Normal) (G1 Evacuation Pause) 309M->3M(512M) 3,007ms
[2024-08-07T20:49:28.684+0300][19,482s][info ][gc] GC(159) Pause Young (Normal) (G1 Evacuation Pause) 309M->3M(512M) 3,305ms
[2024-08-07T20:49:28.809+0300][19,607s][info ][gc] GC(160) Pause Young (Normal) (G1 Evacuation Pause) 308M->3M(512M) 2,842ms
[2024-08-07T20:49:28.936+0300][19,733s][info ][gc] GC(161) Pause Young (Normal) (G1 Evacuation Pause) 309M->3M(512M) 3,217ms
[2024-08-07T20:49:29.062+0300][19,859s][info ][gc] GC(162) Pause Young (Normal) (G1 Evacuation Pause) 309M->3M(512M) 3,350ms
[2024-08-07T20:49:29.187+0300][19,985s][info ][gc] GC(163) Pause Young (Normal) (G1 Evacuation Pause) 308M->3M(512M) 3,234ms
[2024-08-07T20:49:29.315+0300][20,113s][info ][gc] GC(164) Pause Young (Normal) (G1 Evacuation Pause) 309M->3M(512M) 3,472ms
[2024-08-07T20:49:29.442+0300][20,240s][info ][gc] GC(165) Pause Young (Normal) (G1 Evacuation Pause) 309M->3M(512M) 3,463ms
[2024-08-07T20:49:29.569+0300][20,366s][info ][gc] GC(166) Pause Young (Normal) (G1 Evacuation Pause) 308M->3M(512M) 3,305ms
[2024-08-07T20:49:29.695+0300][20,493s][info ][gc] GC(167) Pause Young (Normal) (G1 Evacuation Pause) 309M->3M(512M) 3,375ms
[2024-08-07T20:49:29.821+0300][20,619s][info ][gc] GC(168) Pause Young (Normal) (G1 Evacuation Pause) 309M->3M(512M) 3,069ms
[2024-08-07T20:49:29.947+0300][20,745s][info ][gc] GC(169) Pause Young (Normal) (G1 Evacuation Pause) 308M->3M(512M) 3,093ms
[2024-08-07T20:49:30.074+0300][20,872s][info ][gc] GC(170) Pause Young (Normal) (G1 Evacuation Pause) 309M->3M(512M) 3,146ms
[2024-08-07T20:49:30.200+0300][20,998s][info ][gc] GC(171) Pause Young (Normal) (G1 Evacuation Pause) 309M->3M(512M) 3,261ms
[2024-08-07T20:49:30.326+0300][21,124s][info ][gc] GC(172) Pause Young (Normal) (G1 Evacuation Pause) 308M->3M(512M) 3,033ms
[2024-08-07T20:49:30.452+0300][21,250s][info ][gc] GC(173) Pause Young (Normal) (G1 Evacuation Pause) 309M->3M(512M) 3,428ms
[2024-08-07T20:49:30.579+0300][21,377s][info ][gc] GC(174) Pause Young (Normal) (G1 Evacuation Pause) 309M->3M(512M) 3,403ms
[2024-08-07T20:49:30.705+0300][21,503s][info ][gc] GC(175) Pause Young (Normal) (G1 Evacuation Pause) 308M->3M(512M) 3,454ms
[2024-08-07T20:49:30.831+0300][21,629s][info ][gc] GC(176) Pause Young (Normal) (G1 Evacuation Pause) 309M->3M(512M) 3,322ms
[2024-08-07T20:49:30.958+0300][21,756s][info ][gc] GC(177) Pause Young (Normal) (G1 Evacuation Pause) 309M->3M(512M) 3,436ms
[2024-08-07T20:49:31.084+0300][21,882s][info ][gc] GC(178) Pause Young (Normal) (G1 Evacuation Pause) 309M->3M(512M) 3,116ms
[2024-08-07T20:49:31.211+0300][22,009s][info ][gc] GC(179) Pause Young (Normal) (G1 Evacuation Pause) 309M->3M(512M) 3,513ms
[2024-08-07T20:49:31.336+0300][22,134s][info ][gc] GC(180) Pause Young (Normal) (G1 Evacuation Pause) 308M->3M(512M) 2,977ms
[2024-08-07T20:49:31.462+0300][22,260s][info ][gc] GC(181) Pause Young (Normal) (G1 Evacuation Pause) 308M->3M(512M) 3,147ms
[2024-08-07T20:49:31.589+0300][22,387s][info ][gc] GC(182) Pause Young (Normal) (G1 Evacuation Pause) 309M->3M(512M) 3,224ms
[2024-08-07T20:49:31.716+0300][22,513s][info ][gc] GC(183) Pause Young (Normal) (G1 Evacuation Pause) 309M->3M(512M) 3,338ms
[2024-08-07T20:49:31.843+0300][22,640s][info ][gc] GC(184) Pause Young (Normal) (G1 Evacuation Pause) 309M->3M(512M) 3,417ms
[2024-08-07T20:49:31.968+0300][22,766s][info ][gc] GC(185) Pause Young (Normal) (G1 Evacuation Pause) 308M->3M(512M) 3,108ms
[2024-08-07T20:49:32.094+0300][22,892s][info ][gc] GC(186) Pause Young (Normal) (G1 Evacuation Pause) 309M->3M(512M) 3,319ms
[2024-08-07T20:49:32.221+0300][23,018s][info ][gc] GC(187) Pause Young (Normal) (G1 Evacuation Pause) 309M->3M(512M) 3,261ms
[2024-08-07T20:49:32.347+0300][23,145s][info ][gc] GC(188) Pause Young (Normal) (G1 Evacuation Pause) 308M->3M(512M) 2,821ms
[2024-08-07T20:49:32.473+0300][23,271s][info ][gc] GC(189) Pause Young (Normal) (G1 Evacuation Pause) 309M->3M(512M) 3,005ms
[2024-08-07T20:49:32.600+0300][23,398s][info ][gc] GC(190) Pause Young (Normal) (G1 Evacuation Pause) 309M->3M(512M) 3,267ms
[2024-08-07T20:49:32.726+0300][23,524s][info ][gc] GC(191) Pause Young (Normal) (G1 Evacuation Pause) 308M->3M(512M) 3,149ms
[2024-08-07T20:49:32.852+0300][23,650s][info ][gc] GC(192) Pause Young (Normal) (G1 Evacuation Pause) 309M->3M(512M) 3,096ms
[2024-08-07T20:49:32.979+0300][23,777s][info ][gc] GC(193) Pause Young (Normal) (G1 Evacuation Pause) 309M->3M(512M) 3,551ms
[2024-08-07T20:49:33.105+0300][23,902s][info ][gc] GC(194) Pause Young (Normal) (G1 Evacuation Pause) 308M->3M(512M) 3,130ms
[2024-08-07T20:49:33.232+0300][24,029s][info ][gc] GC(195) Pause Young (Normal) (G1 Evacuation Pause) 309M->3M(512M) 3,798ms
[2024-08-07T20:49:33.358+0300][24,156s][info ][gc] GC(196) Pause Young (Normal) (G1 Evacuation Pause) 309M->3M(512M) 3,378ms
[2024-08-07T20:49:33.484+0300][24,282s][info ][gc] GC(197) Pause Young (Normal) (G1 Evacuation Pause) 308M->3M(512M) 3,337ms
[2024-08-07T20:49:33.611+0300][24,409s][info ][gc] GC(198) Pause Young (Normal) (G1 Evacuation Pause) 309M->3M(512M) 3,718ms
[2024-08-07T20:49:33.737+0300][24,535s][info ][gc] GC(199) Pause Young (Normal) (G1 Evacuation Pause) 309M->3M(512M) 3,249ms
[2024-08-07T20:49:33.864+0300][24,662s][info ][gc] GC(200) Pause Young (Normal) (G1 Evacuation Pause) 309M->3M(512M) 3,473ms
[2024-08-07T20:49:33.990+0300][24,788s][info ][gc] GC(201) Pause Young (Normal) (G1 Evacuation Pause) 308M->3M(512M) 3,554ms
[2024-08-07T20:49:34.119+0300][24,917s][info ][gc] GC(202) Pause Young (Normal) (G1 Evacuation Pause) 309M->3M(512M) 3,192ms
[2024-08-07T20:49:34.247+0300][25,045s][info ][gc] GC(203) Pause Young (Normal) (G1 Evacuation Pause) 308M->3M(512M) 3,469ms
[2024-08-07T20:49:34.374+0300][25,172s][info ][gc] GC(204) Pause Young (Normal) (G1 Evacuation Pause) 309M->3M(512M) 3,353ms
[2024-08-07T20:49:34.500+0300][25,298s][info ][gc] GC(205) Pause Young (Normal) (G1 Evacuation Pause) 309M->3M(512M) 3,304ms
[2024-08-07T20:49:34.627+0300][25,425s][info ][gc] GC(206) Pause Young (Normal) (G1 Evacuation Pause) 309M->3M(512M) 3,422ms
[2024-08-07T20:49:34.753+0300][25,551s][info ][gc] GC(207) Pause Young (Normal) (G1 Evacuation Pause) 308M->3M(512M) 3,144ms
[2024-08-07T20:49:34.882+0300][25,679s][info ][gc] GC(208) Pause Young (Normal) (G1 Evacuation Pause) 309M->3M(512M) 3,459ms
[2024-08-07T20:49:35.008+0300][25,806s][info ][gc] GC(209) Pause Young (Normal) (G1 Evacuation Pause) 309M->3M(512M) 3,357ms
[2024-08-07T20:49:35.134+0300][25,932s][info ][gc] GC(210) Pause Young (Normal) (G1 Evacuation Pause) 308M->3M(512M) 2,777ms
[2024-08-07T20:49:35.260+0300][26,057s][info ][gc] GC(211) Pause Young (Normal) (G1 Evacuation Pause) 309M->3M(512M) 2,877ms
[2024-08-07T20:49:35.385+0300][26,183s][info ][gc] GC(212) Pause Young (Normal) (G1 Evacuation Pause) 309M->3M(512M) 2,938ms
[2024-08-07T20:49:35.511+0300][26,309s][info ][gc] GC(213) Pause Young (Normal) (G1 Evacuation Pause) 308M->3M(512M) 3,427ms
[2024-08-07T20:49:35.637+0300][26,435s][info ][gc] GC(214) Pause Young (Normal) (G1 Evacuation Pause) 309M->3M(512M) 3,236ms
[2024-08-07T20:49:35.763+0300][26,561s][info ][gc] GC(215) Pause Young (Normal) (G1 Evacuation Pause) 309M->3M(512M) 3,483ms
[2024-08-07T20:49:35.890+0300][26,687s][info ][gc] GC(216) Pause Young (Normal) (G1 Evacuation Pause) 308M->3M(512M) 3,410ms
[2024-08-07T20:49:36.016+0300][26,814s][info ][gc] GC(217) Pause Young (Normal) (G1 Evacuation Pause) 309M->3M(512M) 3,249ms
[2024-08-07T20:49:36.142+0300][26,940s][info ][gc] GC(218) Pause Young (Normal) (G1 Evacuation Pause) 309M->3M(512M) 3,218ms
[2024-08-07T20:49:36.268+0300][27,065s][info ][gc] GC(219) Pause Young (Normal) (G1 Evacuation Pause) 308M->3M(512M) 3,002ms
[2024-08-07T20:49:36.394+0300][27,191s][info ][gc] GC(220) Pause Young (Normal) (G1 Evacuation Pause) 309M->3M(512M) 3,192ms
[2024-08-07T20:49:36.521+0300][27,318s][info ][gc] GC(221) Pause Young (Normal) (G1 Evacuation Pause) 309M->3M(512M) 3,005ms
[2024-08-07T20:49:36.646+0300][27,444s][info ][gc] GC(222) Pause Young (Normal) (G1 Evacuation Pause) 308M->3M(512M) 3,054ms
[2024-08-07T20:49:36.773+0300][27,570s][info ][gc] GC(223) Pause Young (Normal) (G1 Evacuation Pause) 309M->3M(512M) 3,353ms
[2024-08-07T20:49:36.899+0300][27,697s][info ][gc] GC(224) Pause Young (Normal) (G1 Evacuation Pause) 309M->3M(512M) 3,372ms
[2024-08-07T20:49:37.026+0300][27,824s][info ][gc] GC(225) Pause Young (Normal) (G1 Evacuation Pause) 309M->3M(512M) 3,607ms
[2024-08-07T20:49:37.152+0300][27,950s][info ][gc] GC(226) Pause Young (Normal) (G1 Evacuation Pause) 308M->3M(512M) 3,285ms
[2024-08-07T20:49:37.278+0300][28,076s][info ][gc] GC(227) Pause Young (Normal) (G1 Evacuation Pause) 309M->3M(512M) 3,291ms
[2024-08-07T20:49:37.405+0300][28,203s][info ][gc] GC(228) Pause Young (Normal) (G1 Evacuation Pause) 308M->3M(512M) 3,871ms
[2024-08-07T20:49:37.532+0300][28,329s][info ][gc] GC(229) Pause Young (Normal) (G1 Evacuation Pause) 309M->3M(512M) 3,537ms
[2024-08-07T20:49:37.658+0300][28,456s][info ][gc] GC(230) Pause Young (Normal) (G1 Evacuation Pause) 309M->3M(512M) 3,463ms
[2024-08-07T20:49:37.785+0300][28,583s][info ][gc] GC(231) Pause Young (Normal) (G1 Evacuation Pause) 309M->3M(512M) 3,123ms
[2024-08-07T20:49:37.911+0300][28,709s][info ][gc] GC(232) Pause Young (Normal) (G1 Evacuation Pause) 308M->3M(512M) 3,120ms
[2024-08-07T20:49:38.038+0300][28,836s][info ][gc] GC(233) Pause Young (Normal) (G1 Evacuation Pause) 309M->3M(512M) 3,429ms
[2024-08-07T20:49:38.164+0300][28,962s][info ][gc] GC(234) Pause Young (Normal) (G1 Evacuation Pause) 309M->3M(512M) 3,450ms
[2024-08-07T20:49:38.290+0300][29,087s][info ][gc] GC(235) Pause Young (Normal) (G1 Evacuation Pause) 308M->3M(512M) 3,110ms
[2024-08-07T20:49:38.416+0300][29,214s][info ][gc] GC(236) Pause Young (Normal) (G1 Evacuation Pause) 309M->3M(512M) 3,353ms
[2024-08-07T20:49:38.542+0300][29,340s][info ][gc] GC(237) Pause Young (Normal) (G1 Evacuation Pause) 309M->3M(512M) 2,828ms
[2024-08-07T20:49:38.667+0300][29,465s][info ][gc] GC(238) Pause Young (Normal) (G1 Evacuation Pause) 308M->3M(512M) 3,143ms
[2024-08-07T20:49:38.794+0300][29,592s][info ][gc] GC(239) Pause Young (Normal) (G1 Evacuation Pause) 309M->3M(512M) 3,528ms
[2024-08-07T20:49:38.921+0300][29,718s][info ][gc] GC(240) Pause Young (Normal) (G1 Evacuation Pause) 309M->3M(512M) 3,461ms
[2024-08-07T20:49:39.047+0300][29,845s][info ][gc] GC(241) Pause Young (Normal) (G1 Evacuation Pause) 308M->3M(512M) 3,420ms
[2024-08-07T20:49:39.174+0300][29,972s][info ][gc] GC(242) Pause Young (Normal) (G1 Evacuation Pause) 309M->3M(512M) 3,317ms
[2024-08-07T20:49:39.300+0300][30,098s][info ][gc] GC(243) Pause Young (Normal) (G1 Evacuation Pause) 309M->3M(512M) 2,804ms
[2024-08-07T20:49:39.426+0300][30,224s][info ][gc] GC(244) Pause Young (Normal) (G1 Evacuation Pause) 308M->3M(512M) 3,228ms
[2024-08-07T20:49:39.552+0300][30,350s][info ][gc] GC(245) Pause Young (Normal) (G1 Evacuation Pause) 309M->3M(512M) 3,227ms
[2024-08-07T20:49:39.679+0300][30,476s][info ][gc] GC(246) Pause Young (Normal) (G1 Evacuation Pause) 309M->3M(512M) 3,060ms
[2024-08-07T20:49:39.804+0300][30,602s][info ][gc] GC(247) Pause Young (Normal) (G1 Evacuation Pause) 308M->3M(512M) 3,080ms
[2024-08-07T20:49:39.931+0300][30,729s][info ][gc] GC(248) Pause Young (Normal) (G1 Evacuation Pause) 309M->3M(512M) 3,180ms
[2024-08-07T20:49:40.058+0300][30,856s][info ][gc] GC(249) Pause Young (Normal) (G1 Evacuation Pause) 309M->3M(512M) 3,383ms
[2024-08-07T20:49:40.184+0300][30,981s][info ][gc] GC(250) Pause Young (Normal) (G1 Evacuation Pause) 308M->3M(512M) 3,020ms
