[2024-08-04T21:42:34.809+0300][0.002s][info][gc] Using Parallel
[2024-08-04T21:42:35.177+0300][0,370s][info][gc] GC(0) Pause Young (Allocation Failure) 178M->119M(736M) 164,532ms
[2024-08-04T21:42:35.451+0300][0,644s][info][gc] GC(1) Pause Young (Allocation Failure) 311M->170M(736M) 144,603ms
[2024-08-04T21:42:35.586+0300][0,779s][info][gc] GC(2) Pause Young (Allocation Failure) 362M->177M(736M) 16,334ms
[2024-08-04T21:42:35.725+0300][0,918s][info][gc] GC(3) Pause Young (Allocation Failure) 369M->174M(736M) 22,367ms
[2024-08-04T21:42:35.858+0300][1,051s][info][gc] GC(4) Pause Young (Allocation Failure) 366M->164M(724M) 17,344ms
[2024-08-04T21:42:35.984+0300][1,177s][info][gc] GC(5) Pause Young (Allocation Failure) 356M->155M(642M) 10,277ms
[2024-08-04T21:42:36.111+0300][1,304s][info][gc] GC(6) Pause Young (Allocation Failure) 241M->241M(683M) 78,110ms
[2024-08-04T21:42:36.193+0300][1,386s][info][gc] GC(7) Pause Young (Allocation Failure) 327M->237M(683M) 32,004ms
[2024-08-04T21:42:36.288+0300][1,481s][info][gc] GC(8) Pause Young (Allocation Failure) 323M->222M(683M) 44,632ms
[2024-08-04T21:42:36.373+0300][1,566s][info][gc] GC(9) Pause Young (Allocation Failure) 308M->207M(683M) 34,711ms
[2024-08-04T21:42:36.447+0300][1,640s][info][gc] GC(10) Pause Young (Allocation Failure) 293M->192M(683M) 24,485ms
