[2024-08-04T21:42:32.534+0300][0.002s][info][gc] Using Parallel
[2024-08-04T21:42:32.813+0300][0,281s][info][gc] GC(0) Pause Young (Allocation Failure) 119M->80M(491M) 115,643ms
[2024-08-04T21:42:32.972+0300][0,440s][info][gc] GC(1) Pause Young (Allocation Failure) 208M->125M(491M) 97,059ms
[2024-08-04T21:42:33.110+0300][0,578s][info][gc] GC(2) Pause Young (Allocation Failure) 253M->163M(491M) 53,199ms
[2024-08-04T21:42:33.266+0300][0,734s][info][gc] GC(3) Pause Young (Allocation Failure) 291M->228M(491M) 74,172ms
[2024-08-04T21:42:33.352+0300][0,821s][info][gc] GC(4) Pause Young (Allocation Failure) 357M->221M(483M) 6,708ms
[2024-08-04T21:42:33.462+0300][0,930s][info][gc] GC(5) Pause Young (Allocation Failure) 349M->248M(427M) 32,434ms
[2024-08-04T21:42:33.572+0300][1,040s][info][gc] GC(6) Pause Young (Allocation Failure) 306M->306M(455M) 77,648ms
[2024-08-04T21:42:33.622+0300][1,090s][info][gc] GC(7) Pause Young (Allocation Failure) 363M->305M(455M) 15,026ms
[2024-08-04T21:42:33.664+0300][1,133s][info][gc] GC(8) Pause Young (Allocation Failure) 362M->261M(455M) 6,424ms
[2024-08-04T21:42:33.758+0300][1,226s][info][gc] GC(9) Pause Young (Allocation Failure) 319M->319M(455M) 60,500ms
[2024-08-04T21:42:33.814+0300][1,282s][info][gc] GC(10) Pause Young (Allocation Failure) 376M->288M(455M) 20,943ms
[2024-08-04T21:42:33.919+0300][1,387s][info][gc] GC(11) Pause Young (Allocation Failure) 346M->346M(455M) 71,350ms
[2024-08-04T21:42:34.079+0300][1,547s][debug][gc] GC(12) Shrinking ParOldGen from 349696K by 17408K to 332288K
[2024-08-04T21:42:34.079+0300][1,548s][info ][gc] GC(12) Pause Full (Ergonomics) 346M->120M(438M) 160,029ms
[2024-08-04T21:42:34.175+0300][1,643s][info ][gc] GC(13) Pause Young (Allocation Failure) 177M->160M(438M) 12,288ms
[2024-08-04T21:42:34.283+0300][1,751s][info ][gc] GC(14) Pause Young (Allocation Failure) 218M->218M(438M) 75,074ms
[2024-08-04T21:42:34.332+0300][1,801s][info ][gc] GC(15) Pause Young (Allocation Failure) 275M->216M(438M) 14,887ms
[2024-08-04T21:42:34.374+0300][1,842s][info ][gc] GC(16) Pause Young (Allocation Failure) 273M->173M(438M) 5,734ms
[2024-08-04T21:42:34.456+0300][1,924s][info ][gc] GC(17) Pause Young (Allocation Failure) 230M->230M(438M) 50,695ms
[2024-08-04T21:42:34.510+0300][1,978s][info ][gc] GC(18) Pause Young (Allocation Failure) 287M->199M(438M) 18,775ms
[2024-08-04T21:42:34.616+0300][2,084s][info ][gc] GC(19) Pause Young (Allocation Failure) 257M->256M(438M) 73,018ms
[2024-08-04T21:42:34.664+0300][2,132s][info ][gc] GC(20) Pause Young (Allocation Failure) 314M->240M(438M) 13,553ms
[2024-08-04T21:42:34.732+0300][2,200s][info ][gc] GC(21) Pause Young (Allocation Failure) 297M->297M(438M) 35,889ms
