[2024-08-04T18:06:19.809+0300][0.002s][info][gc] Using G1
[2024-08-04T18:06:19.809+0300][0.003s][debug][gc] ConcGCThreads: 3 offset 22
[2024-08-04T18:06:19.809+0300][0.003s][debug][gc] ParallelGCThreads: 10
[2024-08-04T18:06:19.809+0300][0.003s][debug][gc] Initialize mark stack with 4096 chunks, maximum 524288
[2024-08-04T18:06:20.010+0300][0,203s][info ][gc] GC(0) Pause Young (Normal) (G1 Evacuation Pause) 52M->2M(1024M) 3,785ms
[2024-08-04T18:06:20.041+0300][0,234s][info ][gc] GC(1) Pause Young (Normal) (G1 Evacuation Pause) 82M->2M(1024M) 1,878ms
[2024-08-04T18:06:20.447+0300][0,641s][info ][gc] GC(2) Pause Young (Normal) (G1 Evacuation Pause) 614M->2M(1024M) 3,316ms
[2024-08-04T18:06:20.624+0300][0,817s][info ][gc] GC(3) Pause Young (Normal) (G1 Evacuation Pause) 614M->2M(1024M) 2,780ms
[2024-08-04T18:06:20.749+0300][0,943s][info ][gc] GC(4) Pause Young (Normal) (G1 Evacuation Pause) 614M->2M(1024M) 2,797ms
[2024-08-04T18:06:20.875+0300][1,069s][info ][gc] GC(5) Pause Young (Normal) (G1 Evacuation Pause) 614M->2M(1024M) 3,024ms
[2024-08-04T18:06:20.996+0300][1,190s][info ][gc] GC(6) Pause Young (Normal) (G1 Evacuation Pause) 614M->2M(1024M) 2,789ms
[2024-08-04T18:06:21.115+0300][1,308s][info ][gc] GC(7) Pause Young (Normal) (G1 Evacuation Pause) 614M->2M(1024M) 2,488ms
[2024-08-04T18:06:21.228+0300][1,422s][info ][gc] GC(8) Pause Young (Normal) (G1 Evacuation Pause) 614M->2M(1024M) 2,688ms
[2024-08-04T18:06:21.339+0300][1,533s][info ][gc] GC(9) Pause Young (Normal) (G1 Evacuation Pause) 614M->2M(1024M) 2,707ms
[2024-08-04T18:06:21.459+0300][1,653s][info ][gc] GC(10) Pause Young (Normal) (G1 Evacuation Pause) 614M->3M(1024M) 2,789ms
[2024-08-04T18:06:21.568+0300][1,762s][info ][gc] GC(11) Pause Young (Normal) (G1 Evacuation Pause) 615M->3M(1024M) 3,192ms
[2024-08-04T18:06:21.684+0300][1,877s][info ][gc] GC(12) Pause Young (Normal) (G1 Evacuation Pause) 614M->3M(1024M) 3,203ms
[2024-08-04T18:06:21.790+0300][1,984s][info ][gc] GC(13) Pause Young (Normal) (G1 Evacuation Pause) 614M->3M(1024M) 3,072ms
[2024-08-04T18:06:21.896+0300][2,090s][info ][gc] GC(14) Pause Young (Normal) (G1 Evacuation Pause) 614M->3M(1024M) 2,527ms
[2024-08-04T18:06:22.009+0300][2,203s][info ][gc] GC(15) Pause Young (Normal) (G1 Evacuation Pause) 614M->3M(1024M) 2,945ms
[2024-08-04T18:06:22.123+0300][2,317s][info ][gc] GC(16) Pause Young (Normal) (G1 Evacuation Pause) 615M->3M(1024M) 2,273ms
[2024-08-04T18:06:22.228+0300][2,421s][info ][gc] GC(17) Pause Young (Normal) (G1 Evacuation Pause) 615M->3M(1024M) 2,329ms
[2024-08-04T18:06:22.343+0300][2,537s][info ][gc] GC(18) Pause Young (Normal) (G1 Evacuation Pause) 615M->3M(1024M) 2,159ms
[2024-08-04T18:06:22.444+0300][2,637s][info ][gc] GC(19) Pause Young (Normal) (G1 Evacuation Pause) 616M->3M(1024M) 2,178ms
[2024-08-04T18:06:22.561+0300][2,755s][info ][gc] GC(20) Pause Young (Normal) (G1 Evacuation Pause) 616M->3M(1024M) 1,764ms
[2024-08-04T18:06:22.674+0300][2,867s][info ][gc] GC(21) Pause Young (Normal) (G1 Evacuation Pause) 616M->3M(1024M) 2,007ms
[2024-08-04T18:06:22.791+0300][2,985s][info ][gc] GC(22) Pause Young (Normal) (G1 Evacuation Pause) 616M->3M(1024M) 2,096ms
[2024-08-04T18:06:22.900+0300][3,094s][info ][gc] GC(23) Pause Young (Normal) (G1 Evacuation Pause) 616M->3M(1024M) 2,058ms
[2024-08-04T18:06:23.018+0300][3,212s][info ][gc] GC(24) Pause Young (Normal) (G1 Evacuation Pause) 616M->3M(1024M) 2,012ms
[2024-08-04T18:06:23.136+0300][3,329s][info ][gc] GC(25) Pause Young (Normal) (G1 Evacuation Pause) 616M->3M(1024M) 2,078ms
[2024-08-04T18:06:23.253+0300][3,447s][info ][gc] GC(26) Pause Young (Normal) (G1 Evacuation Pause) 616M->3M(1024M) 1,957ms
[2024-08-04T18:06:23.370+0300][3,563s][info ][gc] GC(27) Pause Young (Normal) (G1 Evacuation Pause) 616M->3M(1024M) 1,996ms
[2024-08-04T18:06:23.474+0300][3,668s][info ][gc] GC(28) Pause Young (Normal) (G1 Evacuation Pause) 616M->3M(1024M) 1,892ms
[2024-08-04T18:06:23.592+0300][3,786s][info ][gc] GC(29) Pause Young (Normal) (G1 Evacuation Pause) 616M->4M(1024M) 2,020ms
[2024-08-04T18:06:23.699+0300][3,893s][info ][gc] GC(30) Pause Young (Normal) (G1 Evacuation Pause) 617M->4M(1024M) 1,980ms
[2024-08-04T18:06:23.812+0300][4,005s][info ][gc] GC(31) Pause Young (Normal) (G1 Evacuation Pause) 617M->4M(1024M) 2,286ms
[2024-08-04T18:06:23.918+0300][4,112s][info ][gc] GC(32) Pause Young (Normal) (G1 Evacuation Pause) 617M->4M(1024M) 2,084ms
[2024-08-04T18:06:24.019+0300][4,213s][info ][gc] GC(33) Pause Young (Normal) (G1 Evacuation Pause) 617M->4M(1024M) 2,288ms
[2024-08-04T18:06:24.129+0300][4,323s][info ][gc] GC(34) Pause Young (Normal) (G1 Evacuation Pause) 617M->4M(1024M) 2,123ms
[2024-08-04T18:06:24.243+0300][4,437s][info ][gc] GC(35) Pause Young (Normal) (G1 Evacuation Pause) 617M->4M(1024M) 1,964ms
[2024-08-04T18:06:24.354+0300][4,548s][info ][gc] GC(36) Pause Young (Normal) (G1 Evacuation Pause) 617M->4M(1024M) 1,981ms
[2024-08-04T18:06:24.460+0300][4,653s][info ][gc] GC(37) Pause Young (Normal) (G1 Evacuation Pause) 617M->4M(1024M) 1,984ms
[2024-08-04T18:06:24.559+0300][4,753s][info ][gc] GC(38) Pause Young (Normal) (G1 Evacuation Pause) 617M->4M(1024M) 1,986ms
[2024-08-04T18:06:24.666+0300][4,859s][info ][gc] GC(39) Pause Young (Normal) (G1 Evacuation Pause) 617M->4M(1024M) 2,017ms
[2024-08-04T18:06:24.773+0300][4,967s][info ][gc] GC(40) Pause Young (Normal) (G1 Evacuation Pause) 617M->4M(1024M) 2,009ms
[2024-08-04T18:06:24.898+0300][5,092s][info ][gc] GC(41) Pause Young (Normal) (G1 Evacuation Pause) 617M->4M(1024M) 2,201ms
[2024-08-04T18:06:25.005+0300][5,199s][info ][gc] GC(42) Pause Young (Normal) (G1 Evacuation Pause) 617M->4M(1024M) 2,158ms
[2024-08-04T18:06:25.122+0300][5,316s][info ][gc] GC(43) Pause Young (Normal) (G1 Evacuation Pause) 617M->4M(1024M) 1,952ms
[2024-08-04T18:06:25.240+0300][5,433s][info ][gc] GC(44) Pause Young (Normal) (G1 Evacuation Pause) 617M->4M(1024M) 2,083ms
[2024-08-04T18:06:25.359+0300][5,553s][info ][gc] GC(45) Pause Young (Normal) (G1 Evacuation Pause) 617M->4M(1024M) 1,996ms
[2024-08-04T18:06:25.470+0300][5,663s][info ][gc] GC(46) Pause Young (Normal) (G1 Evacuation Pause) 617M->4M(1024M) 2,403ms
[2024-08-04T18:06:25.570+0300][5,763s][info ][gc] GC(47) Pause Young (Normal) (G1 Evacuation Pause) 617M->4M(1024M) 2,495ms
[2024-08-04T18:06:25.669+0300][5,862s][info ][gc] GC(48) Pause Young (Normal) (G1 Evacuation Pause) 617M->4M(1024M) 2,124ms
[2024-08-04T18:06:25.782+0300][5,976s][info ][gc] GC(49) Pause Young (Normal) (G1 Evacuation Pause) 617M->4M(1024M) 1,818ms
[2024-08-04T18:06:25.899+0300][6,092s][info ][gc] GC(50) Pause Young (Normal) (G1 Evacuation Pause) 617M->4M(1024M) 1,997ms
[2024-08-04T18:06:26.007+0300][6,200s][info ][gc] GC(51) Pause Young (Normal) (G1 Evacuation Pause) 617M->4M(1024M) 2,278ms
[2024-08-04T18:06:26.117+0300][6,311s][info ][gc] GC(52) Pause Young (Normal) (G1 Evacuation Pause) 617M->4M(1024M) 2,450ms
[2024-08-04T18:06:26.229+0300][6,423s][info ][gc] GC(53) Pause Young (Normal) (G1 Evacuation Pause) 617M->5M(1024M) 1,953ms
[2024-08-04T18:06:26.346+0300][6,540s][info ][gc] GC(54) Pause Young (Normal) (G1 Evacuation Pause) 618M->5M(1024M) 1,997ms
[2024-08-04T18:06:26.446+0300][6,640s][info ][gc] GC(55) Pause Young (Normal) (G1 Evacuation Pause) 618M->5M(1024M) 2,092ms
[2024-08-04T18:06:26.546+0300][6,739s][info ][gc] GC(56) Pause Young (Normal) (G1 Evacuation Pause) 618M->5M(1024M) 2,316ms
[2024-08-04T18:06:26.656+0300][6,850s][info ][gc] GC(57) Pause Young (Normal) (G1 Evacuation Pause) 618M->5M(1024M) 1,910ms
[2024-08-04T18:06:26.766+0300][6,960s][info ][gc] GC(58) Pause Young (Normal) (G1 Evacuation Pause) 618M->5M(1024M) 2,357ms
[2024-08-04T18:06:26.869+0300][7,063s][info ][gc] GC(59) Pause Young (Normal) (G1 Evacuation Pause) 618M->5M(1024M) 2,109ms
[2024-08-04T18:06:26.981+0300][7,174s][info ][gc] GC(60) Pause Young (Normal) (G1 Evacuation Pause) 618M->5M(1024M) 1,837ms
[2024-08-04T18:06:27.081+0300][7,275s][info ][gc] GC(61) Pause Young (Normal) (G1 Evacuation Pause) 618M->5M(1024M) 1,920ms
[2024-08-04T18:06:27.185+0300][7,379s][info ][gc] GC(62) Pause Young (Normal) (G1 Evacuation Pause) 618M->5M(1024M) 1,950ms
[2024-08-04T18:06:27.286+0300][7,479s][info ][gc] GC(63) Pause Young (Normal) (G1 Evacuation Pause) 618M->5M(1024M) 2,160ms
[2024-08-04T18:06:27.404+0300][7,598s][info ][gc] GC(64) Pause Young (Normal) (G1 Evacuation Pause) 618M->5M(1024M) 2,195ms
[2024-08-04T18:06:27.515+0300][7,709s][info ][gc] GC(65) Pause Young (Normal) (G1 Evacuation Pause) 618M->5M(1024M) 1,999ms
[2024-08-04T18:06:27.626+0300][7,820s][info ][gc] GC(66) Pause Young (Normal) (G1 Evacuation Pause) 618M->5M(1024M) 2,165ms
[2024-08-04T18:06:27.738+0300][7,931s][info ][gc] GC(67) Pause Young (Normal) (G1 Evacuation Pause) 618M->5M(1024M) 2,356ms
[2024-08-04T18:06:27.840+0300][8,033s][info ][gc] GC(68) Pause Young (Normal) (G1 Evacuation Pause) 618M->5M(1024M) 1,994ms
[2024-08-04T18:06:27.948+0300][8,142s][info ][gc] GC(69) Pause Young (Normal) (G1 Evacuation Pause) 618M->5M(1024M) 2,031ms
[2024-08-04T18:06:28.053+0300][8,246s][info ][gc] GC(70) Pause Young (Normal) (G1 Evacuation Pause) 618M->5M(1024M) 1,976ms
[2024-08-04T18:06:28.171+0300][8,364s][info ][gc] GC(71) Pause Young (Normal) (G1 Evacuation Pause) 618M->5M(1024M) 2,079ms
[2024-08-04T18:06:28.289+0300][8,482s][info ][gc] GC(72) Pause Young (Normal) (G1 Evacuation Pause) 618M->5M(1024M) 2,342ms
[2024-08-04T18:06:28.404+0300][8,598s][info ][gc] GC(73) Pause Young (Normal) (G1 Evacuation Pause) 618M->5M(1024M) 1,792ms
[2024-08-04T18:06:28.528+0300][8,721s][info ][gc] GC(74) Pause Young (Normal) (G1 Evacuation Pause) 618M->5M(1024M) 2,135ms
[2024-08-04T18:06:28.643+0300][8,836s][info ][gc] GC(75) Pause Young (Normal) (G1 Evacuation Pause) 618M->5M(1024M) 1,941ms
[2024-08-04T18:06:28.757+0300][8,950s][info ][gc] GC(76) Pause Young (Normal) (G1 Evacuation Pause) 618M->5M(1024M) 1,964ms
[2024-08-04T18:06:28.882+0300][9,076s][info ][gc] GC(77) Pause Young (Normal) (G1 Evacuation Pause) 618M->6M(1024M) 1,922ms
[2024-08-04T18:06:29.008+0300][9,202s][info ][gc] GC(78) Pause Young (Normal) (G1 Evacuation Pause) 619M->6M(1024M) 2,039ms
[2024-08-04T18:06:29.139+0300][9,332s][info ][gc] GC(79) Pause Young (Normal) (G1 Evacuation Pause) 619M->6M(1024M) 2,436ms
[2024-08-04T18:06:29.250+0300][9,444s][info ][gc] GC(80) Pause Young (Normal) (G1 Evacuation Pause) 619M->6M(1024M) 1,790ms
[2024-08-04T18:06:29.373+0300][9,566s][info ][gc] GC(81) Pause Young (Normal) (G1 Evacuation Pause) 619M->6M(1024M) 2,126ms
[2024-08-04T18:06:29.492+0300][9,686s][info ][gc] GC(82) Pause Young (Normal) (G1 Evacuation Pause) 619M->6M(1024M) 2,473ms
[2024-08-04T18:06:29.607+0300][9,801s][info ][gc] GC(83) Pause Young (Normal) (G1 Evacuation Pause) 619M->6M(1024M) 2,197ms
[2024-08-04T18:06:29.718+0300][9,912s][info ][gc] GC(84) Pause Young (Normal) (G1 Evacuation Pause) 619M->6M(1024M) 2,081ms
[2024-08-04T18:06:29.851+0300][10,045s][info ][gc] GC(85) Pause Young (Normal) (G1 Evacuation Pause) 619M->6M(1024M) 2,166ms
[2024-08-04T18:06:29.966+0300][10,159s][info ][gc] GC(86) Pause Young (Normal) (G1 Evacuation Pause) 619M->6M(1024M) 1,764ms
[2024-08-04T18:06:30.093+0300][10,287s][info ][gc] GC(87) Pause Young (Normal) (G1 Evacuation Pause) 619M->6M(1024M) 2,440ms
[2024-08-04T18:06:30.219+0300][10,412s][info ][gc] GC(88) Pause Young (Normal) (G1 Evacuation Pause) 619M->6M(1024M) 2,572ms
[2024-08-04T18:06:30.338+0300][10,531s][info ][gc] GC(89) Pause Young (Normal) (G1 Evacuation Pause) 619M->6M(1024M) 2,162ms
[2024-08-04T18:06:30.462+0300][10,656s][info ][gc] GC(90) Pause Young (Normal) (G1 Evacuation Pause) 619M->6M(1024M) 2,277ms
[2024-08-04T18:06:30.596+0300][10,790s][info ][gc] GC(91) Pause Young (Normal) (G1 Evacuation Pause) 619M->6M(1024M) 1,953ms
[2024-08-04T18:06:30.721+0300][10,915s][info ][gc] GC(92) Pause Young (Normal) (G1 Evacuation Pause) 619M->6M(1024M) 2,227ms
[2024-08-04T18:06:30.853+0300][11,047s][info ][gc] GC(93) Pause Young (Normal) (G1 Evacuation Pause) 619M->6M(1024M) 2,464ms
[2024-08-04T18:06:30.977+0300][11,170s][info ][gc] GC(94) Pause Young (Normal) (G1 Evacuation Pause) 619M->6M(1024M) 1,786ms
[2024-08-04T18:06:31.114+0300][11,308s][info ][gc] GC(95) Pause Young (Normal) (G1 Evacuation Pause) 619M->6M(1024M) 2,044ms
[2024-08-04T18:06:31.256+0300][11,450s][info ][gc] GC(96) Pause Young (Normal) (G1 Evacuation Pause) 619M->6M(1024M) 1,732ms
[2024-08-04T18:06:31.383+0300][11,577s][info ][gc] GC(97) Pause Young (Normal) (G1 Evacuation Pause) 619M->6M(1024M) 1,892ms
[2024-08-04T18:06:31.513+0300][11,706s][info ][gc] GC(98) Pause Young (Normal) (G1 Evacuation Pause) 619M->6M(1024M) 2,388ms
[2024-08-04T18:06:31.645+0300][11,839s][info ][gc] GC(99) Pause Young (Normal) (G1 Evacuation Pause) 619M->6M(1024M) 2,347ms
[2024-08-04T18:06:31.785+0300][11,979s][info ][gc] GC(100) Pause Young (Normal) (G1 Evacuation Pause) 619M->6M(1024M) 2,267ms
[2024-08-04T18:06:31.926+0300][12,120s][info ][gc] GC(101) Pause Young (Normal) (G1 Evacuation Pause) 619M->6M(1024M) 2,031ms
[2024-08-04T18:06:32.063+0300][12,257s][info ][gc] GC(102) Pause Young (Normal) (G1 Evacuation Pause) 619M->6M(1024M) 2,271ms
[2024-08-04T18:06:32.197+0300][12,390s][info ][gc] GC(103) Pause Young (Normal) (G1 Evacuation Pause) 619M->6M(1024M) 1,998ms
[2024-08-04T18:06:32.335+0300][12,529s][info ][gc] GC(104) Pause Young (Normal) (G1 Evacuation Pause) 619M->6M(1024M) 1,682ms
[2024-08-04T18:06:32.471+0300][12,664s][info ][gc] GC(105) Pause Young (Normal) (G1 Evacuation Pause) 619M->6M(1024M) 2,063ms
[2024-08-04T18:06:32.612+0300][12,806s][info ][gc] GC(106) Pause Young (Normal) (G1 Evacuation Pause) 619M->6M(1024M) 1,860ms
[2024-08-04T18:06:32.757+0300][12,950s][info ][gc] GC(107) Pause Young (Normal) (G1 Evacuation Pause) 619M->6M(1024M) 2,210ms
[2024-08-04T18:06:32.907+0300][13,101s][info ][gc] GC(108) Pause Young (Normal) (G1 Evacuation Pause) 619M->6M(1024M) 1,898ms
[2024-08-04T18:06:33.064+0300][13,258s][info ][gc] GC(109) Pause Young (Normal) (G1 Evacuation Pause) 619M->6M(1024M) 1,791ms
[2024-08-04T18:06:33.220+0300][13,414s][info ][gc] GC(110) Pause Young (Normal) (G1 Evacuation Pause) 619M->6M(1024M) 1,687ms
[2024-08-04T18:06:33.378+0300][13,572s][info ][gc] GC(111) Pause Young (Normal) (G1 Evacuation Pause) 619M->6M(1024M) 1,890ms
[2024-08-04T18:06:33.532+0300][13,725s][info ][gc] GC(112) Pause Young (Normal) (G1 Evacuation Pause) 619M->6M(1024M) 1,815ms
[2024-08-04T18:06:33.682+0300][13,876s][info ][gc] GC(113) Pause Young (Normal) (G1 Evacuation Pause) 619M->6M(1024M) 2,005ms
[2024-08-04T18:06:33.824+0300][14,018s][info ][gc] GC(114) Pause Young (Normal) (G1 Evacuation Pause) 619M->6M(1024M) 1,826ms
[2024-08-04T18:06:33.979+0300][14,172s][info ][gc] GC(115) Pause Young (Normal) (G1 Evacuation Pause) 619M->6M(1024M) 2,208ms
[2024-08-04T18:06:34.122+0300][14,316s][info ][gc] GC(116) Pause Young (Normal) (G1 Evacuation Pause) 619M->6M(1024M) 1,883ms
[2024-08-04T18:06:34.274+0300][14,468s][info ][gc] GC(117) Pause Young (Normal) (G1 Evacuation Pause) 619M->6M(1024M) 1,786ms
[2024-08-04T18:06:34.420+0300][14,614s][info ][gc] GC(118) Pause Young (Normal) (G1 Evacuation Pause) 619M->7M(1024M) 2,427ms
[2024-08-04T18:06:34.572+0300][14,766s][info ][gc] GC(119) Pause Young (Normal) (G1 Evacuation Pause) 620M->7M(1024M) 1,836ms
[2024-08-04T18:06:34.728+0300][14,922s][info ][gc] GC(120) Pause Young (Normal) (G1 Evacuation Pause) 620M->7M(1024M) 1,696ms
[2024-08-04T18:06:34.891+0300][15,085s][info ][gc] GC(121) Pause Young (Normal) (G1 Evacuation Pause) 620M->7M(1024M) 2,540ms
[2024-08-04T18:06:35.041+0300][15,235s][info ][gc] GC(122) Pause Young (Normal) (G1 Evacuation Pause) 620M->7M(1024M) 1,864ms
[2024-08-04T18:06:35.205+0300][15,399s][info ][gc] GC(123) Pause Young (Normal) (G1 Evacuation Pause) 620M->7M(1024M) 1,776ms
[2024-08-04T18:06:35.367+0300][15,560s][info ][gc] GC(124) Pause Young (Normal) (G1 Evacuation Pause) 620M->7M(1024M) 1,919ms
[2024-08-04T18:06:35.526+0300][15,719s][info ][gc] GC(125) Pause Young (Normal) (G1 Evacuation Pause) 620M->7M(1024M) 1,724ms
[2024-08-04T18:06:35.752+0300][15,945s][info ][gc] GC(126) Pause Young (Normal) (G1 Evacuation Pause) 620M->7M(1024M) 1,873ms
[2024-08-04T18:06:35.889+0300][16,082s][info ][gc] GC(127) Pause Young (Normal) (G1 Evacuation Pause) 620M->7M(1024M) 2,072ms
[2024-08-04T18:06:36.016+0300][16,209s][info ][gc] GC(128) Pause Young (Normal) (G1 Evacuation Pause) 620M->7M(1024M) 2,361ms
[2024-08-04T18:06:36.139+0300][16,332s][info ][gc] GC(129) Pause Young (Normal) (G1 Evacuation Pause) 620M->7M(1024M) 2,657ms
[2024-08-04T18:06:36.253+0300][16,446s][info ][gc] GC(130) Pause Young (Normal) (G1 Evacuation Pause) 620M->7M(1024M) 2,550ms
[2024-08-04T18:06:36.355+0300][16,549s][info ][gc] GC(131) Pause Young (Normal) (G1 Evacuation Pause) 620M->7M(1024M) 2,610ms
[2024-08-04T18:06:36.468+0300][16,661s][info ][gc] GC(132) Pause Young (Normal) (G1 Evacuation Pause) 620M->7M(1024M) 2,450ms
[2024-08-04T18:06:36.582+0300][16,776s][info ][gc] GC(133) Pause Young (Normal) (G1 Evacuation Pause) 620M->7M(1024M) 2,380ms
[2024-08-04T18:06:36.681+0300][16,874s][info ][gc] GC(134) Pause Young (Normal) (G1 Evacuation Pause) 620M->7M(1024M) 2,139ms
[2024-08-04T18:06:36.798+0300][16,991s][info ][gc] GC(135) Pause Young (Normal) (G1 Evacuation Pause) 620M->7M(1024M) 2,471ms
[2024-08-04T18:06:36.901+0300][17,095s][info ][gc] GC(136) Pause Young (Normal) (G1 Evacuation Pause) 620M->7M(1024M) 2,471ms
[2024-08-04T18:06:37.012+0300][17,205s][info ][gc] GC(137) Pause Young (Normal) (G1 Evacuation Pause) 620M->7M(1024M) 2,497ms
[2024-08-04T18:06:37.118+0300][17,311s][info ][gc] GC(138) Pause Young (Normal) (G1 Evacuation Pause) 619M->7M(1024M) 2,670ms
[2024-08-04T18:06:37.230+0300][17,424s][info ][gc] GC(139) Pause Young (Normal) (G1 Evacuation Pause) 619M->8M(1024M) 2,608ms
[2024-08-04T18:06:37.339+0300][17,533s][info ][gc] GC(140) Pause Young (Normal) (G1 Evacuation Pause) 620M->8M(1024M) 2,572ms
[2024-08-04T18:06:37.447+0300][17,641s][info ][gc] GC(141) Pause Young (Normal) (G1 Evacuation Pause) 620M->8M(1024M) 2,496ms
[2024-08-04T18:06:37.547+0300][17,740s][info ][gc] GC(142) Pause Young (Normal) (G1 Evacuation Pause) 621M->8M(1024M) 2,564ms
[2024-08-04T18:06:37.656+0300][17,849s][info ][gc] GC(143) Pause Young (Normal) (G1 Evacuation Pause) 621M->8M(1024M) 2,646ms
[2024-08-04T18:06:37.766+0300][17,960s][info ][gc] GC(144) Pause Young (Normal) (G1 Evacuation Pause) 621M->8M(1024M) 2,515ms
[2024-08-04T18:06:37.863+0300][18,056s][info ][gc] GC(145) Pause Young (Normal) (G1 Evacuation Pause) 621M->8M(1024M) 2,518ms
[2024-08-04T18:06:37.971+0300][18,165s][info ][gc] GC(146) Pause Young (Normal) (G1 Evacuation Pause) 621M->8M(1024M) 2,538ms
[2024-08-04T18:06:38.075+0300][18,268s][info ][gc] GC(147) Pause Young (Normal) (G1 Evacuation Pause) 621M->8M(1024M) 2,373ms
[2024-08-04T18:06:38.187+0300][18,380s][info ][gc] GC(148) Pause Young (Normal) (G1 Evacuation Pause) 621M->8M(1024M) 2,385ms
[2024-08-04T18:06:38.300+0300][18,494s][info ][gc] GC(149) Pause Young (Normal) (G1 Evacuation Pause) 621M->8M(1024M) 2,610ms
[2024-08-04T18:06:38.413+0300][18,606s][info ][gc] GC(150) Pause Young (Normal) (G1 Evacuation Pause) 621M->8M(1024M) 2,229ms
[2024-08-04T18:06:38.519+0300][18,713s][info ][gc] GC(151) Pause Young (Normal) (G1 Evacuation Pause) 621M->8M(1024M) 2,047ms
[2024-08-04T18:06:38.621+0300][18,815s][info ][gc] GC(152) Pause Young (Normal) (G1 Evacuation Pause) 621M->8M(1024M) 2,081ms
[2024-08-04T18:06:38.731+0300][18,925s][info ][gc] GC(153) Pause Young (Normal) (G1 Evacuation Pause) 621M->8M(1024M) 2,061ms
[2024-08-04T18:06:38.840+0300][19,034s][info ][gc] GC(154) Pause Young (Normal) (G1 Evacuation Pause) 621M->8M(1024M) 1,951ms
[2024-08-04T18:06:38.953+0300][19,146s][info ][gc] GC(155) Pause Young (Normal) (G1 Evacuation Pause) 621M->8M(1024M) 2,135ms
[2024-08-04T18:06:39.059+0300][19,253s][info ][gc] GC(156) Pause Young (Normal) (G1 Evacuation Pause) 621M->8M(1024M) 2,464ms
[2024-08-04T18:06:39.156+0300][19,350s][info ][gc] GC(157) Pause Young (Normal) (G1 Evacuation Pause) 621M->8M(1024M) 2,020ms
[2024-08-04T18:06:39.267+0300][19,461s][info ][gc] GC(158) Pause Young (Normal) (G1 Evacuation Pause) 621M->8M(1024M) 2,232ms
[2024-08-04T18:06:39.378+0300][19,571s][info ][gc] GC(159) Pause Young (Normal) (G1 Evacuation Pause) 621M->8M(1024M) 1,968ms
[2024-08-04T18:06:39.489+0300][19,683s][info ][gc] GC(160) Pause Young (Normal) (G1 Evacuation Pause) 621M->8M(1024M) 2,310ms
[2024-08-04T18:06:39.601+0300][19,795s][info ][gc] GC(161) Pause Young (Normal) (G1 Evacuation Pause) 621M->8M(1024M) 2,126ms
[2024-08-04T18:06:39.712+0300][19,906s][info ][gc] GC(162) Pause Young (Normal) (G1 Evacuation Pause) 621M->8M(1024M) 2,233ms
[2024-08-04T18:06:39.823+0300][20,017s][info ][gc] GC(163) Pause Young (Normal) (G1 Evacuation Pause) 621M->8M(1024M) 2,015ms
[2024-08-04T18:06:39.936+0300][20,130s][info ][gc] GC(164) Pause Young (Normal) (G1 Evacuation Pause) 621M->8M(1024M) 2,109ms
[2024-08-04T18:06:40.038+0300][20,232s][info ][gc] GC(165) Pause Young (Normal) (G1 Evacuation Pause) 621M->8M(1024M) 1,985ms
[2024-08-04T18:06:40.141+0300][20,335s][info ][gc] GC(166) Pause Young (Normal) (G1 Evacuation Pause) 621M->9M(1024M) 2,265ms
[2024-08-04T18:06:40.252+0300][20,446s][info ][gc] GC(167) Pause Young (Normal) (G1 Evacuation Pause) 622M->9M(1024M) 1,962ms
[2024-08-04T18:06:40.356+0300][20,550s][info ][gc] GC(168) Pause Young (Normal) (G1 Evacuation Pause) 622M->9M(1024M) 1,893ms
[2024-08-04T18:06:40.463+0300][20,657s][info ][gc] GC(169) Pause Young (Normal) (G1 Evacuation Pause) 622M->9M(1024M) 2,196ms
[2024-08-04T18:06:40.572+0300][20,766s][info ][gc] GC(170) Pause Young (Normal) (G1 Evacuation Pause) 622M->9M(1024M) 2,443ms
[2024-08-04T18:06:40.676+0300][20,870s][info ][gc] GC(171) Pause Young (Normal) (G1 Evacuation Pause) 622M->9M(1024M) 2,313ms
[2024-08-04T18:06:40.787+0300][20,981s][info ][gc] GC(172) Pause Young (Normal) (G1 Evacuation Pause) 622M->9M(1024M) 1,947ms
[2024-08-04T18:06:40.890+0300][21,084s][info ][gc] GC(173) Pause Young (Normal) (G1 Evacuation Pause) 622M->9M(1024M) 2,236ms
[2024-08-04T18:06:40.999+0300][21,193s][info ][gc] GC(174) Pause Young (Normal) (G1 Evacuation Pause) 622M->9M(1024M) 2,092ms
[2024-08-04T18:06:41.097+0300][21,291s][info ][gc] GC(175) Pause Young (Normal) (G1 Evacuation Pause) 622M->9M(1024M) 1,946ms
[2024-08-04T18:06:41.207+0300][21,400s][info ][gc] GC(176) Pause Young (Normal) (G1 Evacuation Pause) 622M->9M(1024M) 1,914ms
[2024-08-04T18:06:41.318+0300][21,512s][info ][gc] GC(177) Pause Young (Normal) (G1 Evacuation Pause) 622M->9M(1024M) 1,996ms
[2024-08-04T18:06:41.418+0300][21,612s][info ][gc] GC(178) Pause Young (Normal) (G1 Evacuation Pause) 622M->9M(1024M) 2,134ms
[2024-08-04T18:06:41.517+0300][21,711s][info ][gc] GC(179) Pause Young (Normal) (G1 Evacuation Pause) 622M->9M(1024M) 2,252ms
[2024-08-04T18:06:41.633+0300][21,827s][info ][gc] GC(180) Pause Young (Normal) (G1 Evacuation Pause) 622M->9M(1024M) 2,093ms
[2024-08-04T18:06:41.749+0300][21,942s][info ][gc] GC(181) Pause Young (Normal) (G1 Evacuation Pause) 622M->9M(1024M) 1,815ms
[2024-08-04T18:06:41.864+0300][22,057s][info ][gc] GC(182) Pause Young (Normal) (G1 Evacuation Pause) 622M->9M(1024M) 2,141ms
[2024-08-04T18:06:41.974+0300][22,168s][info ][gc] GC(183) Pause Young (Normal) (G1 Evacuation Pause) 622M->9M(1024M) 1,882ms
[2024-08-04T18:06:42.089+0300][22,283s][info ][gc] GC(184) Pause Young (Normal) (G1 Evacuation Pause) 622M->9M(1024M) 1,781ms
[2024-08-04T18:06:42.204+0300][22,398s][info ][gc] GC(185) Pause Young (Normal) (G1 Evacuation Pause) 622M->9M(1024M) 2,060ms
[2024-08-04T18:06:42.306+0300][22,500s][info ][gc] GC(186) Pause Young (Normal) (G1 Evacuation Pause) 622M->9M(1024M) 2,053ms
[2024-08-04T18:06:42.416+0300][22,610s][info ][gc] GC(187) Pause Young (Normal) (G1 Evacuation Pause) 622M->9M(1024M) 2,366ms
[2024-08-04T18:06:42.528+0300][22,722s][info ][gc] GC(188) Pause Young (Normal) (G1 Evacuation Pause) 622M->9M(1024M) 1,950ms
[2024-08-04T18:06:42.632+0300][22,826s][info ][gc] GC(189) Pause Young (Normal) (G1 Evacuation Pause) 622M->9M(1024M) 1,786ms
[2024-08-04T18:06:42.732+0300][22,926s][info ][gc] GC(190) Pause Young (Normal) (G1 Evacuation Pause) 622M->9M(1024M) 1,926ms
[2024-08-04T18:06:42.846+0300][23,040s][info ][gc] GC(191) Pause Young (Normal) (G1 Evacuation Pause) 622M->9M(1024M) 2,403ms
[2024-08-04T18:06:42.948+0300][23,141s][info ][gc] GC(192) Pause Young (Normal) (G1 Evacuation Pause) 622M->9M(1024M) 2,193ms
[2024-08-04T18:06:43.058+0300][23,252s][info ][gc] GC(193) Pause Young (Normal) (G1 Evacuation Pause) 622M->9M(1024M) 2,093ms
[2024-08-04T18:06:43.159+0300][23,353s][info ][gc] GC(194) Pause Young (Normal) (G1 Evacuation Pause) 622M->9M(1024M) 2,124ms
[2024-08-04T18:06:43.272+0300][23,465s][info ][gc] GC(195) Pause Young (Normal) (G1 Evacuation Pause) 622M->9M(1024M) 2,282ms
[2024-08-04T18:06:43.385+0300][23,579s][info ][gc] GC(196) Pause Young (Normal) (G1 Evacuation Pause) 622M->9M(1024M) 1,877ms
[2024-08-04T18:06:43.486+0300][23,680s][info ][gc] GC(197) Pause Young (Normal) (G1 Evacuation Pause) 622M->9M(1024M) 1,916ms
[2024-08-04T18:06:43.594+0300][23,788s][info ][gc] GC(198) Pause Young (Normal) (G1 Evacuation Pause) 622M->9M(1024M) 2,017ms
[2024-08-04T18:06:43.700+0300][23,894s][info ][gc] GC(199) Pause Young (Normal) (G1 Evacuation Pause) 622M->9M(1024M) 1,907ms
[2024-08-04T18:06:43.811+0300][24,005s][info ][gc] GC(200) Pause Young (Normal) (G1 Evacuation Pause) 622M->9M(1024M) 2,083ms
[2024-08-04T18:06:43.922+0300][24,116s][info ][gc] GC(201) Pause Young (Normal) (G1 Evacuation Pause) 622M->9M(1024M) 1,835ms
[2024-08-04T18:06:44.040+0300][24,233s][info ][gc] GC(202) Pause Young (Normal) (G1 Evacuation Pause) 622M->9M(1024M) 2,391ms
[2024-08-04T18:06:44.146+0300][24,340s][info ][gc] GC(203) Pause Young (Normal) (G1 Evacuation Pause) 622M->10M(1024M) 2,056ms
[2024-08-04T18:06:44.260+0300][24,453s][info ][gc] GC(204) Pause Young (Normal) (G1 Evacuation Pause) 623M->10M(1024M) 1,804ms
[2024-08-04T18:06:44.368+0300][24,561s][info ][gc] GC(205) Pause Young (Normal) (G1 Evacuation Pause) 623M->10M(1024M) 2,141ms
[2024-08-04T18:06:44.486+0300][24,679s][info ][gc] GC(206) Pause Young (Normal) (G1 Evacuation Pause) 623M->10M(1024M) 1,947ms
[2024-08-04T18:06:44.598+0300][24,791s][info ][gc] GC(207) Pause Young (Normal) (G1 Evacuation Pause) 623M->10M(1024M) 2,044ms
[2024-08-04T18:06:44.716+0300][24,910s][info ][gc] GC(208) Pause Young (Normal) (G1 Evacuation Pause) 623M->10M(1024M) 1,781ms
[2024-08-04T18:06:44.821+0300][25,015s][info ][gc] GC(209) Pause Young (Normal) (G1 Evacuation Pause) 623M->10M(1024M) 1,819ms
[2024-08-04T18:06:44.926+0300][25,120s][info ][gc] GC(210) Pause Young (Normal) (G1 Evacuation Pause) 623M->10M(1024M) 2,068ms
[2024-08-04T18:06:45.032+0300][25,225s][info ][gc] GC(211) Pause Young (Normal) (G1 Evacuation Pause) 623M->10M(1024M) 1,885ms
[2024-08-04T18:06:45.138+0300][25,331s][info ][gc] GC(212) Pause Young (Normal) (G1 Evacuation Pause) 623M->10M(1024M) 1,889ms
[2024-08-04T18:06:45.253+0300][25,447s][info ][gc] GC(213) Pause Young (Normal) (G1 Evacuation Pause) 623M->10M(1024M) 2,290ms
[2024-08-04T18:06:45.366+0300][25,560s][info ][gc] GC(214) Pause Young (Normal) (G1 Evacuation Pause) 623M->10M(1024M) 2,043ms
[2024-08-04T18:06:45.488+0300][25,681s][info ][gc] GC(215) Pause Young (Normal) (G1 Evacuation Pause) 623M->10M(1024M) 2,009ms
[2024-08-04T18:06:45.610+0300][25,804s][info ][gc] GC(216) Pause Young (Normal) (G1 Evacuation Pause) 623M->10M(1024M) 1,921ms
[2024-08-04T18:06:45.732+0300][25,926s][info ][gc] GC(217) Pause Young (Normal) (G1 Evacuation Pause) 623M->10M(1024M) 1,730ms
[2024-08-04T18:06:45.848+0300][26,041s][info ][gc] GC(218) Pause Young (Normal) (G1 Evacuation Pause) 623M->10M(1024M) 2,354ms
[2024-08-04T18:06:45.964+0300][26,158s][info ][gc] GC(219) Pause Young (Normal) (G1 Evacuation Pause) 623M->10M(1024M) 1,797ms
[2024-08-04T18:06:46.074+0300][26,268s][info ][gc] GC(220) Pause Young (Normal) (G1 Evacuation Pause) 623M->10M(1024M) 2,003ms
[2024-08-04T18:06:46.184+0300][26,377s][info ][gc] GC(221) Pause Young (Normal) (G1 Evacuation Pause) 623M->10M(1024M) 1,790ms
[2024-08-04T18:06:46.306+0300][26,500s][info ][gc] GC(222) Pause Young (Normal) (G1 Evacuation Pause) 623M->10M(1024M) 2,106ms
[2024-08-04T18:06:46.424+0300][26,617s][info ][gc] GC(223) Pause Young (Normal) (G1 Evacuation Pause) 623M->10M(1024M) 1,663ms
[2024-08-04T18:06:46.544+0300][26,738s][info ][gc] GC(224) Pause Young (Normal) (G1 Evacuation Pause) 623M->10M(1024M) 2,093ms
[2024-08-04T18:06:46.673+0300][26,867s][info ][gc] GC(225) Pause Young (Normal) (G1 Evacuation Pause) 623M->10M(1024M) 2,023ms
[2024-08-04T18:06:46.794+0300][26,988s][info ][gc] GC(226) Pause Young (Normal) (G1 Evacuation Pause) 623M->10M(1024M) 2,089ms
[2024-08-04T18:06:46.916+0300][27,110s][info ][gc] GC(227) Pause Young (Normal) (G1 Evacuation Pause) 623M->10M(1024M) 1,861ms
[2024-08-04T18:06:47.043+0300][27,236s][info ][gc] GC(228) Pause Young (Normal) (G1 Evacuation Pause) 623M->10M(1024M) 1,654ms
[2024-08-04T18:06:47.172+0300][27,366s][info ][gc] GC(229) Pause Young (Normal) (G1 Evacuation Pause) 623M->10M(1024M) 1,790ms
[2024-08-04T18:06:47.294+0300][27,488s][info ][gc] GC(230) Pause Young (Normal) (G1 Evacuation Pause) 623M->10M(1024M) 1,667ms
[2024-08-04T18:06:47.424+0300][27,618s][info ][gc] GC(231) Pause Young (Normal) (G1 Evacuation Pause) 623M->10M(1024M) 1,728ms
[2024-08-04T18:06:47.552+0300][27,746s][info ][gc] GC(232) Pause Young (Normal) (G1 Evacuation Pause) 623M->10M(1024M) 1,970ms
[2024-08-04T18:06:47.677+0300][27,871s][info ][gc] GC(233) Pause Young (Normal) (G1 Evacuation Pause) 623M->10M(1024M) 1,675ms
[2024-08-04T18:06:47.809+0300][28,003s][info ][gc] GC(234) Pause Young (Normal) (G1 Evacuation Pause) 623M->10M(1024M) 2,213ms
[2024-08-04T18:06:47.931+0300][28,124s][info ][gc] GC(235) Pause Young (Normal) (G1 Evacuation Pause) 623M->10M(1024M) 1,991ms
[2024-08-04T18:06:48.063+0300][28,256s][info ][gc] GC(236) Pause Young (Normal) (G1 Evacuation Pause) 623M->10M(1024M) 1,879ms
[2024-08-04T18:06:48.187+0300][28,380s][info ][gc] GC(237) Pause Young (Normal) (G1 Evacuation Pause) 623M->10M(1024M) 1,924ms
[2024-08-04T18:06:48.321+0300][28,515s][info ][gc] GC(238) Pause Young (Normal) (G1 Evacuation Pause) 623M->10M(1024M) 2,281ms
[2024-08-04T18:06:48.447+0300][28,641s][info ][gc] GC(239) Pause Young (Normal) (G1 Evacuation Pause) 623M->10M(1024M) 1,987ms
[2024-08-04T18:06:48.578+0300][28,772s][info ][gc] GC(240) Pause Young (Normal) (G1 Evacuation Pause) 623M->10M(1024M) 2,101ms
[2024-08-04T18:06:48.713+0300][28,907s][info ][gc] GC(241) Pause Young (Normal) (G1 Evacuation Pause) 623M->10M(1024M) 2,016ms
[2024-08-04T18:06:48.849+0300][29,043s][info ][gc] GC(242) Pause Young (Normal) (G1 Evacuation Pause) 623M->10M(1024M) 1,831ms
[2024-08-04T18:06:48.980+0300][29,174s][info ][gc] GC(243) Pause Young (Normal) (G1 Evacuation Pause) 623M->11M(1024M) 2,210ms
[2024-08-04T18:06:49.106+0300][29,300s][info ][gc] GC(244) Pause Young (Normal) (G1 Evacuation Pause) 624M->11M(1024M) 1,734ms
[2024-08-04T18:06:49.242+0300][29,435s][info ][gc] GC(245) Pause Young (Normal) (G1 Evacuation Pause) 624M->11M(1024M) 1,835ms
[2024-08-04T18:06:49.375+0300][29,569s][info ][gc] GC(246) Pause Young (Normal) (G1 Evacuation Pause) 624M->11M(1024M) 1,705ms
[2024-08-04T18:06:49.510+0300][29,704s][info ][gc] GC(247) Pause Young (Normal) (G1 Evacuation Pause) 624M->11M(1024M) 2,119ms
[2024-08-04T18:06:49.648+0300][29,841s][info ][gc] GC(248) Pause Young (Normal) (G1 Evacuation Pause) 624M->11M(1024M) 1,674ms
[2024-08-04T18:06:49.775+0300][29,969s][info ][gc] GC(249) Pause Young (Normal) (G1 Evacuation Pause) 624M->11M(1024M) 2,167ms
[2024-08-04T18:06:49.907+0300][30,100s][info ][gc] GC(250) Pause Young (Normal) (G1 Evacuation Pause) 624M->11M(1024M) 1,882ms
[2024-08-04T18:06:50.139+0300][30,332s][info ][gc] GC(251) Pause Young (Normal) (G1 Evacuation Pause) 624M->11M(1024M) 2,566ms
[2024-08-04T18:06:50.274+0300][30,468s][info ][gc] GC(252) Pause Young (Normal) (G1 Evacuation Pause) 624M->11M(1024M) 2,585ms
[2024-08-04T18:06:50.395+0300][30,588s][info ][gc] GC(253) Pause Young (Normal) (G1 Evacuation Pause) 624M->11M(1024M) 2,537ms
[2024-08-04T18:06:50.508+0300][30,701s][info ][gc] GC(254) Pause Young (Normal) (G1 Evacuation Pause) 624M->11M(1024M) 2,554ms
[2024-08-04T18:06:50.619+0300][30,813s][info ][gc] GC(255) Pause Young (Normal) (G1 Evacuation Pause) 624M->11M(1024M) 2,681ms
[2024-08-04T18:06:50.728+0300][30,922s][info ][gc] GC(256) Pause Young (Normal) (G1 Evacuation Pause) 624M->11M(1024M) 2,783ms
[2024-08-04T18:06:50.836+0300][31,030s][info ][gc] GC(257) Pause Young (Normal) (G1 Evacuation Pause) 624M->11M(1024M) 2,641ms
[2024-08-04T18:06:50.952+0300][31,145s][info ][gc] GC(258) Pause Young (Normal) (G1 Evacuation Pause) 624M->11M(1024M) 2,745ms
[2024-08-04T18:06:51.060+0300][31,254s][info ][gc] GC(259) Pause Young (Normal) (G1 Evacuation Pause) 624M->11M(1024M) 2,748ms
[2024-08-04T18:06:51.173+0300][31,367s][info ][gc] GC(260) Pause Young (Normal) (G1 Evacuation Pause) 624M->11M(1024M) 2,615ms
[2024-08-04T18:06:51.281+0300][31,474s][info ][gc] GC(261) Pause Young (Normal) (G1 Evacuation Pause) 624M->11M(1024M) 2,566ms
[2024-08-04T18:06:51.390+0300][31,583s][info ][gc] GC(262) Pause Young (Normal) (G1 Evacuation Pause) 623M->12M(1024M) 2,807ms
[2024-08-04T18:06:51.504+0300][31,697s][info ][gc] GC(263) Pause Young (Normal) (G1 Evacuation Pause) 624M->11M(1024M) 2,630ms
[2024-08-04T18:06:51.617+0300][31,811s][info ][gc] GC(264) Pause Young (Normal) (G1 Evacuation Pause) 623M->12M(1024M) 2,447ms
[2024-08-04T18:06:51.718+0300][31,912s][info ][gc] GC(265) Pause Young (Normal) (G1 Evacuation Pause) 624M->12M(1024M) 2,677ms
[2024-08-04T18:06:51.827+0300][32,020s][info ][gc] GC(266) Pause Young (Normal) (G1 Evacuation Pause) 624M->12M(1024M) 2,673ms
[2024-08-04T18:06:51.940+0300][32,133s][info ][gc] GC(267) Pause Young (Normal) (G1 Evacuation Pause) 625M->12M(1024M) 2,542ms
[2024-08-04T18:06:52.048+0300][32,241s][info ][gc] GC(268) Pause Young (Normal) (G1 Evacuation Pause) 625M->12M(1024M) 2,591ms
[2024-08-04T18:06:52.159+0300][32,353s][info ][gc] GC(269) Pause Young (Normal) (G1 Evacuation Pause) 625M->12M(1024M) 2,428ms
[2024-08-04T18:06:52.273+0300][32,467s][info ][gc] GC(270) Pause Young (Normal) (G1 Evacuation Pause) 625M->12M(1024M) 2,627ms
[2024-08-04T18:06:52.378+0300][32,572s][info ][gc] GC(271) Pause Young (Normal) (G1 Evacuation Pause) 625M->12M(1024M) 2,330ms
[2024-08-04T18:06:52.491+0300][32,685s][info ][gc] GC(272) Pause Young (Normal) (G1 Evacuation Pause) 625M->12M(1024M) 2,306ms
[2024-08-04T18:06:52.592+0300][32,786s][info ][gc] GC(273) Pause Young (Normal) (G1 Evacuation Pause) 625M->12M(1024M) 2,418ms
[2024-08-04T18:06:52.703+0300][32,897s][info ][gc] GC(274) Pause Young (Normal) (G1 Evacuation Pause) 625M->12M(1024M) 2,262ms
[2024-08-04T18:06:52.816+0300][33,009s][info ][gc] GC(275) Pause Young (Normal) (G1 Evacuation Pause) 625M->12M(1024M) 2,243ms
[2024-08-04T18:06:52.925+0300][33,119s][info ][gc] GC(276) Pause Young (Normal) (G1 Evacuation Pause) 625M->12M(1024M) 2,449ms
[2024-08-04T18:06:53.027+0300][33,221s][info ][gc] GC(277) Pause Young (Normal) (G1 Evacuation Pause) 625M->12M(1024M) 2,321ms
[2024-08-04T18:06:53.139+0300][33,333s][info ][gc] GC(278) Pause Young (Normal) (G1 Evacuation Pause) 625M->12M(1024M) 2,183ms
[2024-08-04T18:06:53.249+0300][33,443s][info ][gc] GC(279) Pause Young (Normal) (G1 Evacuation Pause) 625M->12M(1024M) 2,376ms
[2024-08-04T18:06:53.360+0300][33,554s][info ][gc] GC(280) Pause Young (Normal) (G1 Evacuation Pause) 625M->12M(1024M) 2,378ms
[2024-08-04T18:06:53.472+0300][33,666s][info ][gc] GC(281) Pause Young (Normal) (G1 Evacuation Pause) 625M->12M(1024M) 2,279ms
[2024-08-04T18:06:53.568+0300][33,762s][info ][gc] GC(282) Pause Young (Normal) (G1 Evacuation Pause) 625M->12M(1024M) 2,281ms
[2024-08-04T18:06:53.676+0300][33,869s][info ][gc] GC(283) Pause Young (Normal) (G1 Evacuation Pause) 625M->12M(1024M) 2,471ms
[2024-08-04T18:06:53.784+0300][33,978s][info ][gc] GC(284) Pause Young (Normal) (G1 Evacuation Pause) 625M->12M(1024M) 2,339ms
[2024-08-04T18:06:53.896+0300][34,090s][info ][gc] GC(285) Pause Young (Normal) (G1 Evacuation Pause) 625M->12M(1024M) 2,136ms
[2024-08-04T18:06:53.995+0300][34,189s][info ][gc] GC(286) Pause Young (Normal) (G1 Evacuation Pause) 625M->12M(1024M) 1,947ms
[2024-08-04T18:06:54.102+0300][34,295s][info ][gc] GC(287) Pause Young (Normal) (G1 Evacuation Pause) 625M->12M(1024M) 2,122ms
[2024-08-04T18:06:54.198+0300][34,392s][info ][gc] GC(288) Pause Young (Normal) (G1 Evacuation Pause) 625M->12M(1024M) 2,446ms
[2024-08-04T18:06:54.294+0300][34,488s][info ][gc] GC(289) Pause Young (Normal) (G1 Evacuation Pause) 625M->12M(1024M) 2,421ms
[2024-08-04T18:06:54.391+0300][34,585s][info ][gc] GC(290) Pause Young (Normal) (G1 Evacuation Pause) 625M->12M(1024M) 2,556ms
[2024-08-04T18:06:54.498+0300][34,692s][info ][gc] GC(291) Pause Young (Normal) (G1 Evacuation Pause) 625M->12M(1024M) 1,951ms
[2024-08-04T18:06:54.600+0300][34,793s][info ][gc] GC(292) Pause Young (Normal) (G1 Evacuation Pause) 625M->12M(1024M) 1,981ms
[2024-08-04T18:06:54.709+0300][34,902s][info ][gc] GC(293) Pause Young (Normal) (G1 Evacuation Pause) 625M->12M(1024M) 2,159ms
[2024-08-04T18:06:54.819+0300][35,013s][info ][gc] GC(294) Pause Young (Normal) (G1 Evacuation Pause) 625M->13M(1024M) 2,355ms
[2024-08-04T18:06:54.931+0300][35,125s][info ][gc] GC(295) Pause Young (Normal) (G1 Evacuation Pause) 626M->13M(1024M) 2,046ms
[2024-08-04T18:06:55.034+0300][35,228s][info ][gc] GC(296) Pause Young (Normal) (G1 Evacuation Pause) 626M->13M(1024M) 2,151ms
[2024-08-04T18:06:55.145+0300][35,338s][info ][gc] GC(297) Pause Young (Normal) (G1 Evacuation Pause) 626M->13M(1024M) 2,038ms
[2024-08-04T18:06:55.247+0300][35,441s][info ][gc] GC(298) Pause Young (Normal) (G1 Evacuation Pause) 626M->13M(1024M) 2,299ms
[2024-08-04T18:06:55.359+0300][35,553s][info ][gc] GC(299) Pause Young (Normal) (G1 Evacuation Pause) 626M->13M(1024M) 2,204ms
[2024-08-04T18:06:55.461+0300][35,655s][info ][gc] GC(300) Pause Young (Normal) (G1 Evacuation Pause) 626M->13M(1024M) 1,886ms
[2024-08-04T18:06:55.568+0300][35,762s][info ][gc] GC(301) Pause Young (Normal) (G1 Evacuation Pause) 626M->13M(1024M) 2,144ms
[2024-08-04T18:06:55.674+0300][35,868s][info ][gc] GC(302) Pause Young (Normal) (G1 Evacuation Pause) 626M->13M(1024M) 2,143ms
[2024-08-04T18:06:55.782+0300][35,976s][info ][gc] GC(303) Pause Young (Normal) (G1 Evacuation Pause) 626M->13M(1024M) 1,958ms
[2024-08-04T18:06:55.891+0300][36,084s][info ][gc] GC(304) Pause Young (Normal) (G1 Evacuation Pause) 626M->13M(1024M) 2,136ms
[2024-08-04T18:06:55.987+0300][36,181s][info ][gc] GC(305) Pause Young (Normal) (G1 Evacuation Pause) 626M->13M(1024M) 2,408ms
[2024-08-04T18:06:56.097+0300][36,291s][info ][gc] GC(306) Pause Young (Normal) (G1 Evacuation Pause) 626M->13M(1024M) 2,231ms
[2024-08-04T18:06:56.208+0300][36,402s][info ][gc] GC(307) Pause Young (Normal) (G1 Evacuation Pause) 626M->13M(1024M) 2,449ms
[2024-08-04T18:06:56.319+0300][36,512s][info ][gc] GC(308) Pause Young (Normal) (G1 Evacuation Pause) 626M->13M(1024M) 2,116ms
[2024-08-04T18:06:56.428+0300][36,622s][info ][gc] GC(309) Pause Young (Normal) (G1 Evacuation Pause) 626M->13M(1024M) 1,688ms
[2024-08-04T18:06:56.535+0300][36,728s][info ][gc] GC(310) Pause Young (Normal) (G1 Evacuation Pause) 626M->13M(1024M) 2,324ms
[2024-08-04T18:06:56.643+0300][36,837s][info ][gc] GC(311) Pause Young (Normal) (G1 Evacuation Pause) 626M->13M(1024M) 2,114ms
[2024-08-04T18:06:56.752+0300][36,945s][info ][gc] GC(312) Pause Young (Normal) (G1 Evacuation Pause) 626M->13M(1024M) 1,949ms
[2024-08-04T18:06:56.864+0300][37,058s][info ][gc] GC(313) Pause Young (Normal) (G1 Evacuation Pause) 626M->13M(1024M) 2,324ms
[2024-08-04T18:06:56.963+0300][37,157s][info ][gc] GC(314) Pause Young (Normal) (G1 Evacuation Pause) 626M->13M(1024M) 2,404ms
[2024-08-04T18:06:57.062+0300][37,255s][info ][gc] GC(315) Pause Young (Normal) (G1 Evacuation Pause) 626M->13M(1024M) 2,607ms
[2024-08-04T18:06:57.164+0300][37,358s][info ][gc] GC(316) Pause Young (Normal) (G1 Evacuation Pause) 626M->13M(1024M) 2,156ms
[2024-08-04T18:06:57.265+0300][37,459s][info ][gc] GC(317) Pause Young (Normal) (G1 Evacuation Pause) 626M->13M(1024M) 2,095ms
[2024-08-04T18:06:57.364+0300][37,558s][info ][gc] GC(318) Pause Young (Normal) (G1 Evacuation Pause) 626M->13M(1024M) 2,572ms
[2024-08-04T18:06:57.476+0300][37,670s][info ][gc] GC(319) Pause Young (Normal) (G1 Evacuation Pause) 626M->13M(1024M) 2,144ms
[2024-08-04T18:06:57.580+0300][37,774s][info ][gc] GC(320) Pause Young (Normal) (G1 Evacuation Pause) 626M->13M(1024M) 2,080ms
[2024-08-04T18:06:57.684+0300][37,877s][info ][gc] GC(321) Pause Young (Normal) (G1 Evacuation Pause) 626M->13M(1024M) 2,217ms
[2024-08-04T18:06:57.785+0300][37,979s][info ][gc] GC(322) Pause Young (Normal) (G1 Evacuation Pause) 626M->13M(1024M) 1,840ms
[2024-08-04T18:06:57.890+0300][38,084s][info ][gc] GC(323) Pause Young (Normal) (G1 Evacuation Pause) 626M->13M(1024M) 2,452ms
[2024-08-04T18:06:57.998+0300][38,192s][info ][gc] GC(324) Pause Young (Normal) (G1 Evacuation Pause) 626M->13M(1024M) 2,424ms
[2024-08-04T18:06:58.111+0300][38,305s][info ][gc] GC(325) Pause Young (Normal) (G1 Evacuation Pause) 626M->13M(1024M) 2,210ms
[2024-08-04T18:06:58.220+0300][38,414s][info ][gc] GC(326) Pause Young (Normal) (G1 Evacuation Pause) 626M->13M(1024M) 2,273ms
[2024-08-04T18:06:58.335+0300][38,528s][info ][gc] GC(327) Pause Young (Normal) (G1 Evacuation Pause) 626M->13M(1024M) 2,072ms
[2024-08-04T18:06:58.438+0300][38,632s][info ][gc] GC(328) Pause Young (Normal) (G1 Evacuation Pause) 626M->13M(1024M) 1,965ms
[2024-08-04T18:06:58.553+0300][38,746s][info ][gc] GC(329) Pause Young (Normal) (G1 Evacuation Pause) 626M->13M(1024M) 2,088ms
[2024-08-04T18:06:58.657+0300][38,851s][info ][gc] GC(330) Pause Young (Normal) (G1 Evacuation Pause) 626M->13M(1024M) 1,750ms
[2024-08-04T18:06:58.762+0300][38,955s][info ][gc] GC(331) Pause Young (Normal) (G1 Evacuation Pause) 626M->13M(1024M) 1,997ms
[2024-08-04T18:06:58.874+0300][39,067s][info ][gc] GC(332) Pause Young (Normal) (G1 Evacuation Pause) 626M->14M(1024M) 1,673ms
[2024-08-04T18:06:58.984+0300][39,177s][info ][gc] GC(333) Pause Young (Normal) (G1 Evacuation Pause) 627M->14M(1024M) 2,102ms
[2024-08-04T18:06:59.096+0300][39,290s][info ][gc] GC(334) Pause Young (Normal) (G1 Evacuation Pause) 627M->14M(1024M) 1,818ms
[2024-08-04T18:06:59.211+0300][39,405s][info ][gc] GC(335) Pause Young (Normal) (G1 Evacuation Pause) 627M->14M(1024M) 2,047ms
[2024-08-04T18:06:59.321+0300][39,515s][info ][gc] GC(336) Pause Young (Normal) (G1 Evacuation Pause) 627M->14M(1024M) 1,692ms
[2024-08-04T18:06:59.435+0300][39,629s][info ][gc] GC(337) Pause Young (Normal) (G1 Evacuation Pause) 627M->14M(1024M) 1,843ms
[2024-08-04T18:06:59.544+0300][39,738s][info ][gc] GC(338) Pause Young (Normal) (G1 Evacuation Pause) 627M->14M(1024M) 2,294ms
[2024-08-04T18:06:59.654+0300][39,848s][info ][gc] GC(339) Pause Young (Normal) (G1 Evacuation Pause) 627M->14M(1024M) 1,894ms
[2024-08-04T18:06:59.767+0300][39,961s][info ][gc] GC(340) Pause Young (Normal) (G1 Evacuation Pause) 627M->14M(1024M) 2,437ms
[2024-08-04T18:06:59.887+0300][40,081s][info ][gc] GC(341) Pause Young (Normal) (G1 Evacuation Pause) 627M->14M(1024M) 2,050ms
[2024-08-04T18:07:00.002+0300][40,195s][info ][gc] GC(342) Pause Young (Normal) (G1 Evacuation Pause) 627M->14M(1024M) 2,273ms
[2024-08-04T18:07:00.119+0300][40,313s][info ][gc] GC(343) Pause Young (Normal) (G1 Evacuation Pause) 627M->14M(1024M) 1,830ms
[2024-08-04T18:07:00.237+0300][40,430s][info ][gc] GC(344) Pause Young (Normal) (G1 Evacuation Pause) 627M->14M(1024M) 1,755ms
[2024-08-04T18:07:00.355+0300][40,549s][info ][gc] GC(345) Pause Young (Normal) (G1 Evacuation Pause) 627M->14M(1024M) 2,232ms
[2024-08-04T18:07:00.462+0300][40,655s][info ][gc] GC(346) Pause Young (Normal) (G1 Evacuation Pause) 627M->14M(1024M) 2,266ms
[2024-08-04T18:07:00.579+0300][40,773s][info ][gc] GC(347) Pause Young (Normal) (G1 Evacuation Pause) 627M->14M(1024M) 2,072ms
[2024-08-04T18:07:00.697+0300][40,890s][info ][gc] GC(348) Pause Young (Normal) (G1 Evacuation Pause) 627M->14M(1024M) 1,896ms
[2024-08-04T18:07:00.806+0300][40,999s][info ][gc] GC(349) Pause Young (Normal) (G1 Evacuation Pause) 627M->14M(1024M) 1,984ms
[2024-08-04T18:07:00.927+0300][41,121s][info ][gc] GC(350) Pause Young (Normal) (G1 Evacuation Pause) 627M->14M(1024M) 2,063ms
[2024-08-04T18:07:01.045+0300][41,239s][info ][gc] GC(351) Pause Young (Normal) (G1 Evacuation Pause) 627M->14M(1024M) 2,100ms
[2024-08-04T18:07:01.169+0300][41,363s][info ][gc] GC(352) Pause Young (Normal) (G1 Evacuation Pause) 627M->14M(1024M) 2,032ms
[2024-08-04T18:07:01.288+0300][41,481s][info ][gc] GC(353) Pause Young (Normal) (G1 Evacuation Pause) 627M->14M(1024M) 1,763ms
[2024-08-04T18:07:01.400+0300][41,593s][info ][gc] GC(354) Pause Young (Normal) (G1 Evacuation Pause) 627M->14M(1024M) 2,029ms
[2024-08-04T18:07:01.511+0300][41,705s][info ][gc] GC(355) Pause Young (Normal) (G1 Evacuation Pause) 627M->14M(1024M) 2,235ms
[2024-08-04T18:07:01.624+0300][41,817s][info ][gc] GC(356) Pause Young (Normal) (G1 Evacuation Pause) 627M->14M(1024M) 2,123ms
[2024-08-04T18:07:01.747+0300][41,941s][info ][gc] GC(357) Pause Young (Normal) (G1 Evacuation Pause) 627M->14M(1024M) 1,905ms
[2024-08-04T18:07:01.863+0300][42,057s][info ][gc] GC(358) Pause Young (Normal) (G1 Evacuation Pause) 627M->14M(1024M) 1,979ms
[2024-08-04T18:07:01.986+0300][42,179s][info ][gc] GC(359) Pause Young (Normal) (G1 Evacuation Pause) 627M->14M(1024M) 1,828ms
[2024-08-04T18:07:02.110+0300][42,303s][info ][gc] GC(360) Pause Young (Normal) (G1 Evacuation Pause) 627M->14M(1024M) 1,692ms
[2024-08-04T18:07:02.226+0300][42,419s][info ][gc] GC(361) Pause Young (Normal) (G1 Evacuation Pause) 627M->14M(1024M) 2,131ms
[2024-08-04T18:07:02.349+0300][42,542s][info ][gc] GC(362) Pause Young (Normal) (G1 Evacuation Pause) 627M->14M(1024M) 2,082ms
[2024-08-04T18:07:02.475+0300][42,669s][info ][gc] GC(363) Pause Young (Normal) (G1 Evacuation Pause) 627M->14M(1024M) 1,739ms
[2024-08-04T18:07:02.600+0300][42,793s][info ][gc] GC(364) Pause Young (Normal) (G1 Evacuation Pause) 627M->14M(1024M) 1,794ms
[2024-08-04T18:07:02.734+0300][42,928s][info ][gc] GC(365) Pause Young (Normal) (G1 Evacuation Pause) 627M->14M(1024M) 2,154ms
[2024-08-04T18:07:02.865+0300][43,059s][info ][gc] GC(366) Pause Young (Normal) (G1 Evacuation Pause) 627M->14M(1024M) 1,608ms
[2024-08-04T18:07:03.001+0300][43,194s][info ][gc] GC(367) Pause Young (Normal) (G1 Evacuation Pause) 627M->14M(1024M) 2,070ms
[2024-08-04T18:07:03.136+0300][43,330s][info ][gc] GC(368) Pause Young (Normal) (G1 Evacuation Pause) 627M->14M(1024M) 1,725ms
[2024-08-04T18:07:03.264+0300][43,458s][info ][gc] GC(369) Pause Young (Normal) (G1 Evacuation Pause) 627M->14M(1024M) 1,733ms
[2024-08-04T18:07:03.401+0300][43,594s][info ][gc] GC(370) Pause Young (Normal) (G1 Evacuation Pause) 627M->14M(1024M) 1,934ms
[2024-08-04T18:07:03.531+0300][43,725s][info ][gc] GC(371) Pause Young (Normal) (G1 Evacuation Pause) 627M->14M(1024M) 2,092ms
[2024-08-04T18:07:03.671+0300][43,864s][info ][gc] GC(372) Pause Young (Normal) (G1 Evacuation Pause) 627M->14M(1024M) 2,205ms
[2024-08-04T18:07:03.808+0300][44,001s][info ][gc] GC(373) Pause Young (Normal) (G1 Evacuation Pause) 627M->15M(1024M) 1,947ms
[2024-08-04T18:07:03.949+0300][44,142s][info ][gc] GC(374) Pause Young (Normal) (G1 Evacuation Pause) 628M->15M(1024M) 1,865ms
[2024-08-04T18:07:04.084+0300][44,277s][info ][gc] GC(375) Pause Young (Normal) (G1 Evacuation Pause) 628M->14M(1024M) 1,825ms
[2024-08-04T18:07:04.269+0300][44,463s][info ][gc] GC(376) Pause Young (Normal) (G1 Evacuation Pause) 627M->15M(1024M) 2,019ms
[2024-08-04T18:07:04.394+0300][44,588s][info ][gc] GC(377) Pause Young (Normal) (G1 Evacuation Pause) 628M->15M(1024M) 2,389ms
[2024-08-04T18:07:04.518+0300][44,712s][info ][gc] GC(378) Pause Young (Normal) (G1 Evacuation Pause) 628M->15M(1024M) 2,524ms
[2024-08-04T18:07:04.641+0300][44,834s][info ][gc] GC(379) Pause Young (Normal) (G1 Evacuation Pause) 628M->15M(1024M) 2,336ms
[2024-08-04T18:07:04.758+0300][44,952s][info ][gc] GC(380) Pause Young (Normal) (G1 Evacuation Pause) 628M->15M(1024M) 2,650ms
[2024-08-04T18:07:04.875+0300][45,069s][info ][gc] GC(381) Pause Young (Normal) (G1 Evacuation Pause) 628M->15M(1024M) 2,501ms
[2024-08-04T18:07:04.990+0300][45,184s][info ][gc] GC(382) Pause Young (Normal) (G1 Evacuation Pause) 628M->15M(1024M) 2,500ms
[2024-08-04T18:07:05.105+0300][45,298s][info ][gc] GC(383) Pause Young (Normal) (G1 Evacuation Pause) 628M->15M(1024M) 2,348ms
[2024-08-04T18:07:05.216+0300][45,410s][info ][gc] GC(384) Pause Young (Normal) (G1 Evacuation Pause) 628M->15M(1024M) 2,567ms
[2024-08-04T18:07:05.330+0300][45,524s][info ][gc] GC(385) Pause Young (Normal) (G1 Evacuation Pause) 628M->15M(1024M) 2,340ms
[2024-08-04T18:07:05.434+0300][45,628s][info ][gc] GC(386) Pause Young (Normal) (G1 Evacuation Pause) 628M->15M(1024M) 2,589ms
[2024-08-04T18:07:05.545+0300][45,739s][info ][gc] GC(387) Pause Young (Normal) (G1 Evacuation Pause) 628M->15M(1024M) 2,766ms
[2024-08-04T18:07:05.658+0300][45,852s][info ][gc] GC(388) Pause Young (Normal) (G1 Evacuation Pause) 627M->15M(1024M) 2,426ms
[2024-08-04T18:07:05.769+0300][45,963s][info ][gc] GC(389) Pause Young (Normal) (G1 Evacuation Pause) 627M->15M(1024M) 2,581ms
[2024-08-04T18:07:05.883+0300][46,077s][info ][gc] GC(390) Pause Young (Normal) (G1 Evacuation Pause) 627M->15M(1024M) 2,401ms
[2024-08-04T18:07:05.980+0300][46,173s][info ][gc] GC(391) Pause Young (Normal) (G1 Evacuation Pause) 627M->16M(1024M) 2,586ms
[2024-08-04T18:07:06.093+0300][46,287s][info ][gc] GC(392) Pause Young (Normal) (G1 Evacuation Pause) 629M->16M(1024M) 2,360ms
[2024-08-04T18:07:06.206+0300][46,400s][info ][gc] GC(393) Pause Young (Normal) (G1 Evacuation Pause) 629M->16M(1024M) 2,376ms
[2024-08-04T18:07:06.314+0300][46,508s][info ][gc] GC(394) Pause Young (Normal) (G1 Evacuation Pause) 629M->16M(1024M) 2,334ms
[2024-08-04T18:07:06.421+0300][46,614s][info ][gc] GC(395) Pause Young (Normal) (G1 Evacuation Pause) 629M->16M(1024M) 2,323ms
[2024-08-04T18:07:06.534+0300][46,728s][info ][gc] GC(396) Pause Young (Normal) (G1 Evacuation Pause) 629M->16M(1024M) 2,361ms
[2024-08-04T18:07:06.637+0300][46,831s][info ][gc] GC(397) Pause Young (Normal) (G1 Evacuation Pause) 629M->16M(1024M) 2,205ms
[2024-08-04T18:07:06.748+0300][46,942s][info ][gc] GC(398) Pause Young (Normal) (G1 Evacuation Pause) 629M->16M(1024M) 2,231ms
[2024-08-04T18:07:06.860+0300][47,054s][info ][gc] GC(399) Pause Young (Normal) (G1 Evacuation Pause) 629M->16M(1024M) 2,171ms
[2024-08-04T18:07:06.967+0300][47,161s][info ][gc] GC(400) Pause Young (Normal) (G1 Evacuation Pause) 629M->16M(1024M) 2,189ms
[2024-08-04T18:07:07.079+0300][47,273s][info ][gc] GC(401) Pause Young (Normal) (G1 Evacuation Pause) 629M->16M(1024M) 2,245ms
[2024-08-04T18:07:07.190+0300][47,383s][info ][gc] GC(402) Pause Young (Normal) (G1 Evacuation Pause) 629M->16M(1024M) 2,255ms
[2024-08-04T18:07:07.292+0300][47,486s][info ][gc] GC(403) Pause Young (Normal) (G1 Evacuation Pause) 629M->16M(1024M) 2,227ms
[2024-08-04T18:07:07.403+0300][47,597s][info ][gc] GC(404) Pause Young (Normal) (G1 Evacuation Pause) 629M->16M(1024M) 2,795ms
[2024-08-04T18:07:07.499+0300][47,693s][info ][gc] GC(405) Pause Young (Normal) (G1 Evacuation Pause) 629M->16M(1024M) 2,329ms
[2024-08-04T18:07:07.606+0300][47,800s][info ][gc] GC(406) Pause Young (Normal) (G1 Evacuation Pause) 629M->16M(1024M) 1,990ms
[2024-08-04T18:07:07.706+0300][47,899s][info ][gc] GC(407) Pause Young (Normal) (G1 Evacuation Pause) 629M->16M(1024M) 2,052ms
[2024-08-04T18:07:07.802+0300][47,996s][info ][gc] GC(408) Pause Young (Normal) (G1 Evacuation Pause) 629M->16M(1024M) 2,301ms
[2024-08-04T18:07:07.901+0300][48,095s][info ][gc] GC(409) Pause Young (Normal) (G1 Evacuation Pause) 629M->16M(1024M) 2,586ms
[2024-08-04T18:07:08.010+0300][48,204s][info ][gc] GC(410) Pause Young (Normal) (G1 Evacuation Pause) 629M->16M(1024M) 1,926ms
[2024-08-04T18:07:08.113+0300][48,306s][info ][gc] GC(411) Pause Young (Normal) (G1 Evacuation Pause) 629M->16M(1024M) 2,409ms
[2024-08-04T18:07:08.212+0300][48,405s][info ][gc] GC(412) Pause Young (Normal) (G1 Evacuation Pause) 629M->16M(1024M) 2,151ms
[2024-08-04T18:07:08.308+0300][48,501s][info ][gc] GC(413) Pause Young (Normal) (G1 Evacuation Pause) 629M->16M(1024M) 1,972ms
[2024-08-04T18:07:08.414+0300][48,608s][info ][gc] GC(414) Pause Young (Normal) (G1 Evacuation Pause) 629M->16M(1024M) 2,141ms
[2024-08-04T18:07:08.517+0300][48,711s][info ][gc] GC(415) Pause Young (Normal) (G1 Evacuation Pause) 629M->16M(1024M) 2,480ms
[2024-08-04T18:07:08.628+0300][48,821s][info ][gc] GC(416) Pause Young (Normal) (G1 Evacuation Pause) 629M->16M(1024M) 2,345ms
[2024-08-04T18:07:08.730+0300][48,924s][info ][gc] GC(417) Pause Young (Normal) (G1 Evacuation Pause) 629M->16M(1024M) 1,983ms
[2024-08-04T18:07:08.832+0300][49,026s][info ][gc] GC(418) Pause Young (Normal) (G1 Evacuation Pause) 629M->16M(1024M) 2,119ms
[2024-08-04T18:07:08.940+0300][49,134s][info ][gc] GC(419) Pause Young (Normal) (G1 Evacuation Pause) 629M->16M(1024M) 1,930ms
[2024-08-04T18:07:09.042+0300][49,236s][info ][gc] GC(420) Pause Young (Normal) (G1 Evacuation Pause) 629M->16M(1024M) 1,936ms
[2024-08-04T18:07:09.138+0300][49,332s][info ][gc] GC(421) Pause Young (Normal) (G1 Evacuation Pause) 629M->17M(1024M) 2,093ms
[2024-08-04T18:07:09.246+0300][49,440s][info ][gc] GC(422) Pause Young (Normal) (G1 Evacuation Pause) 630M->17M(1024M) 1,859ms
[2024-08-04T18:07:09.352+0300][49,546s][info ][gc] GC(423) Pause Young (Normal) (G1 Evacuation Pause) 630M->17M(1024M) 1,956ms
[2024-08-04T18:07:09.456+0300][49,650s][info ][gc] GC(424) Pause Young (Normal) (G1 Evacuation Pause) 630M->17M(1024M) 2,312ms
[2024-08-04T18:07:09.564+0300][49,758s][info ][gc] GC(425) Pause Young (Normal) (G1 Evacuation Pause) 630M->17M(1024M) 2,112ms
[2024-08-04T18:07:09.661+0300][49,854s][info ][gc] GC(426) Pause Young (Normal) (G1 Evacuation Pause) 630M->17M(1024M) 2,472ms
[2024-08-04T18:07:09.767+0300][49,961s][info ][gc] GC(427) Pause Young (Normal) (G1 Evacuation Pause) 630M->17M(1024M) 2,194ms
[2024-08-04T18:07:09.869+0300][50,063s][info ][gc] GC(428) Pause Young (Normal) (G1 Evacuation Pause) 630M->17M(1024M) 2,125ms
[2024-08-04T18:07:09.982+0300][50,176s][info ][gc] GC(429) Pause Young (Normal) (G1 Evacuation Pause) 630M->17M(1024M) 2,311ms
[2024-08-04T18:07:10.081+0300][50,274s][info ][gc] GC(430) Pause Young (Normal) (G1 Evacuation Pause) 630M->17M(1024M) 2,573ms
[2024-08-04T18:07:10.190+0300][50,384s][info ][gc] GC(431) Pause Young (Normal) (G1 Evacuation Pause) 630M->17M(1024M) 1,958ms
[2024-08-04T18:07:10.288+0300][50,481s][info ][gc] GC(432) Pause Young (Normal) (G1 Evacuation Pause) 630M->17M(1024M) 2,139ms
[2024-08-04T18:07:10.395+0300][50,589s][info ][gc] GC(433) Pause Young (Normal) (G1 Evacuation Pause) 630M->17M(1024M) 2,278ms
[2024-08-04T18:07:10.509+0300][50,703s][info ][gc] GC(434) Pause Young (Normal) (G1 Evacuation Pause) 630M->17M(1024M) 2,430ms
[2024-08-04T18:07:10.614+0300][50,808s][info ][gc] GC(435) Pause Young (Normal) (G1 Evacuation Pause) 630M->17M(1024M) 2,294ms
[2024-08-04T18:07:10.723+0300][50,917s][info ][gc] GC(436) Pause Young (Normal) (G1 Evacuation Pause) 630M->17M(1024M) 2,353ms
[2024-08-04T18:07:10.831+0300][51,025s][info ][gc] GC(437) Pause Young (Normal) (G1 Evacuation Pause) 630M->17M(1024M) 1,906ms
[2024-08-04T18:07:10.930+0300][51,123s][info ][gc] GC(438) Pause Young (Normal) (G1 Evacuation Pause) 630M->17M(1024M) 1,994ms
[2024-08-04T18:07:11.038+0300][51,232s][info ][gc] GC(439) Pause Young (Normal) (G1 Evacuation Pause) 630M->17M(1024M) 1,973ms
[2024-08-04T18:07:11.148+0300][51,341s][info ][gc] GC(440) Pause Young (Normal) (G1 Evacuation Pause) 630M->17M(1024M) 2,253ms
[2024-08-04T18:07:11.246+0300][51,439s][info ][gc] GC(441) Pause Young (Normal) (G1 Evacuation Pause) 630M->17M(1024M) 2,295ms
[2024-08-04T18:07:11.345+0300][51,539s][info ][gc] GC(442) Pause Young (Normal) (G1 Evacuation Pause) 630M->17M(1024M) 2,379ms
[2024-08-04T18:07:11.454+0300][51,648s][info ][gc] GC(443) Pause Young (Normal) (G1 Evacuation Pause) 630M->17M(1024M) 2,096ms
[2024-08-04T18:07:11.556+0300][51,750s][info ][gc] GC(444) Pause Young (Normal) (G1 Evacuation Pause) 630M->17M(1024M) 2,085ms
[2024-08-04T18:07:11.654+0300][51,847s][info ][gc] GC(445) Pause Young (Normal) (G1 Evacuation Pause) 630M->17M(1024M) 1,819ms
[2024-08-04T18:07:11.756+0300][51,950s][info ][gc] GC(446) Pause Young (Normal) (G1 Evacuation Pause) 630M->17M(1024M) 2,016ms
[2024-08-04T18:07:11.865+0300][52,059s][info ][gc] GC(447) Pause Young (Normal) (G1 Evacuation Pause) 630M->17M(1024M) 1,761ms
[2024-08-04T18:07:11.965+0300][52,158s][info ][gc] GC(448) Pause Young (Normal) (G1 Evacuation Pause) 630M->17M(1024M) 2,240ms
[2024-08-04T18:07:12.063+0300][52,257s][info ][gc] GC(449) Pause Young (Normal) (G1 Evacuation Pause) 630M->17M(1024M) 2,053ms
[2024-08-04T18:07:12.173+0300][52,367s][info ][gc] GC(450) Pause Young (Normal) (G1 Evacuation Pause) 630M->17M(1024M) 1,790ms
[2024-08-04T18:07:12.284+0300][52,478s][info ][gc] GC(451) Pause Young (Normal) (G1 Evacuation Pause) 630M->17M(1024M) 1,880ms
[2024-08-04T18:07:12.398+0300][52,592s][info ][gc] GC(452) Pause Young (Normal) (G1 Evacuation Pause) 630M->17M(1024M) 1,854ms
[2024-08-04T18:07:12.509+0300][52,703s][info ][gc] GC(453) Pause Young (Normal) (G1 Evacuation Pause) 630M->17M(1024M) 1,708ms
[2024-08-04T18:07:12.626+0300][52,820s][info ][gc] GC(454) Pause Young (Normal) (G1 Evacuation Pause) 630M->17M(1024M) 1,875ms
[2024-08-04T18:07:12.736+0300][52,929s][info ][gc] GC(455) Pause Young (Normal) (G1 Evacuation Pause) 630M->17M(1024M) 2,087ms
[2024-08-04T18:07:12.843+0300][53,037s][info ][gc] GC(456) Pause Young (Normal) (G1 Evacuation Pause) 630M->17M(1024M) 2,521ms
[2024-08-04T18:07:12.958+0300][53,152s][info ][gc] GC(457) Pause Young (Normal) (G1 Evacuation Pause) 630M->18M(1024M) 1,666ms
[2024-08-04T18:07:13.069+0300][53,262s][info ][gc] GC(458) Pause Young (Normal) (G1 Evacuation Pause) 631M->18M(1024M) 2,089ms
[2024-08-04T18:07:13.168+0300][53,362s][info ][gc] GC(459) Pause Young (Normal) (G1 Evacuation Pause) 631M->18M(1024M) 2,213ms
[2024-08-04T18:07:13.279+0300][53,473s][info ][gc] GC(460) Pause Young (Normal) (G1 Evacuation Pause) 631M->18M(1024M) 2,161ms
[2024-08-04T18:07:13.394+0300][53,588s][info ][gc] GC(461) Pause Young (Normal) (G1 Evacuation Pause) 631M->18M(1024M) 1,854ms
[2024-08-04T18:07:13.515+0300][53,708s][info ][gc] GC(462) Pause Young (Normal) (G1 Evacuation Pause) 631M->18M(1024M) 2,183ms
[2024-08-04T18:07:13.630+0300][53,824s][info ][gc] GC(463) Pause Young (Normal) (G1 Evacuation Pause) 631M->18M(1024M) 2,089ms
[2024-08-04T18:07:13.742+0300][53,936s][info ][gc] GC(464) Pause Young (Normal) (G1 Evacuation Pause) 631M->18M(1024M) 1,915ms
[2024-08-04T18:07:13.860+0300][54,054s][info ][gc] GC(465) Pause Young (Normal) (G1 Evacuation Pause) 631M->18M(1024M) 2,078ms
[2024-08-04T18:07:13.982+0300][54,176s][info ][gc] GC(466) Pause Young (Normal) (G1 Evacuation Pause) 631M->18M(1024M) 1,955ms
[2024-08-04T18:07:14.102+0300][54,296s][info ][gc] GC(467) Pause Young (Normal) (G1 Evacuation Pause) 631M->18M(1024M) 2,276ms
[2024-08-04T18:07:14.226+0300][54,420s][info ][gc] GC(468) Pause Young (Normal) (G1 Evacuation Pause) 631M->18M(1024M) 2,056ms
[2024-08-04T18:07:14.344+0300][54,537s][info ][gc] GC(469) Pause Young (Normal) (G1 Evacuation Pause) 631M->18M(1024M) 1,660ms
[2024-08-04T18:07:14.463+0300][54,656s][info ][gc] GC(470) Pause Young (Normal) (G1 Evacuation Pause) 631M->18M(1024M) 2,076ms
[2024-08-04T18:07:14.587+0300][54,780s][info ][gc] GC(471) Pause Young (Normal) (G1 Evacuation Pause) 631M->18M(1024M) 1,901ms
[2024-08-04T18:07:14.707+0300][54,900s][info ][gc] GC(472) Pause Young (Normal) (G1 Evacuation Pause) 631M->18M(1024M) 2,051ms
[2024-08-04T18:07:14.822+0300][55,016s][info ][gc] GC(473) Pause Young (Normal) (G1 Evacuation Pause) 631M->18M(1024M) 2,167ms
[2024-08-04T18:07:14.936+0300][55,130s][info ][gc] GC(474) Pause Young (Normal) (G1 Evacuation Pause) 631M->18M(1024M) 2,059ms
[2024-08-04T18:07:15.061+0300][55,255s][info ][gc] GC(475) Pause Young (Normal) (G1 Evacuation Pause) 631M->18M(1024M) 1,777ms
[2024-08-04T18:07:15.187+0300][55,381s][info ][gc] GC(476) Pause Young (Normal) (G1 Evacuation Pause) 631M->18M(1024M) 2,125ms
[2024-08-04T18:07:15.308+0300][55,501s][info ][gc] GC(477) Pause Young (Normal) (G1 Evacuation Pause) 631M->18M(1024M) 1,732ms
[2024-08-04T18:07:15.428+0300][55,622s][info ][gc] GC(478) Pause Young (Normal) (G1 Evacuation Pause) 631M->18M(1024M) 2,226ms
[2024-08-04T18:07:15.543+0300][55,736s][info ][gc] GC(479) Pause Young (Normal) (G1 Evacuation Pause) 631M->18M(1024M) 2,347ms
[2024-08-04T18:07:15.661+0300][55,855s][info ][gc] GC(480) Pause Young (Normal) (G1 Evacuation Pause) 631M->18M(1024M) 1,985ms
[2024-08-04T18:07:15.784+0300][55,978s][info ][gc] GC(481) Pause Young (Normal) (G1 Evacuation Pause) 631M->18M(1024M) 2,254ms
[2024-08-04T18:07:15.905+0300][56,099s][info ][gc] GC(482) Pause Young (Normal) (G1 Evacuation Pause) 631M->18M(1024M) 1,747ms
[2024-08-04T18:07:16.031+0300][56,225s][info ][gc] GC(483) Pause Young (Normal) (G1 Evacuation Pause) 631M->18M(1024M) 1,775ms
[2024-08-04T18:07:16.162+0300][56,356s][info ][gc] GC(484) Pause Young (Normal) (G1 Evacuation Pause) 631M->18M(1024M) 1,955ms
[2024-08-04T18:07:16.280+0300][56,474s][info ][gc] GC(485) Pause Young (Normal) (G1 Evacuation Pause) 631M->18M(1024M) 2,090ms
[2024-08-04T18:07:16.405+0300][56,599s][info ][gc] GC(486) Pause Young (Normal) (G1 Evacuation Pause) 631M->18M(1024M) 1,751ms
[2024-08-04T18:07:16.530+0300][56,724s][info ][gc] GC(487) Pause Young (Normal) (G1 Evacuation Pause) 631M->18M(1024M) 2,116ms
[2024-08-04T18:07:16.662+0300][56,856s][info ][gc] GC(488) Pause Young (Normal) (G1 Evacuation Pause) 631M->18M(1024M) 2,096ms
[2024-08-04T18:07:16.795+0300][56,988s][info ][gc] GC(489) Pause Young (Normal) (G1 Evacuation Pause) 631M->18M(1024M) 2,148ms
[2024-08-04T18:07:16.932+0300][57,126s][info ][gc] GC(490) Pause Young (Normal) (G1 Evacuation Pause) 631M->18M(1024M) 1,843ms
[2024-08-04T18:07:17.063+0300][57,257s][info ][gc] GC(491) Pause Young (Normal) (G1 Evacuation Pause) 631M->18M(1024M) 1,933ms
[2024-08-04T18:07:17.199+0300][57,393s][info ][gc] GC(492) Pause Young (Normal) (G1 Evacuation Pause) 631M->18M(1024M) 2,308ms
[2024-08-04T18:07:17.335+0300][57,528s][info ][gc] GC(493) Pause Young (Normal) (G1 Evacuation Pause) 631M->18M(1024M) 2,380ms
[2024-08-04T18:07:17.459+0300][57,653s][info ][gc] GC(494) Pause Young (Normal) (G1 Evacuation Pause) 631M->18M(1024M) 1,947ms
[2024-08-04T18:07:17.590+0300][57,784s][info ][gc] GC(495) Pause Young (Normal) (G1 Evacuation Pause) 631M->18M(1024M) 2,155ms
[2024-08-04T18:07:17.728+0300][57,922s][info ][gc] GC(496) Pause Young (Normal) (G1 Evacuation Pause) 631M->18M(1024M) 1,674ms
[2024-08-04T18:07:17.861+0300][58,054s][info ][gc] GC(497) Pause Young (Normal) (G1 Evacuation Pause) 631M->18M(1024M) 1,581ms
[2024-08-04T18:07:17.988+0300][58,182s][info ][gc] GC(498) Pause Young (Normal) (G1 Evacuation Pause) 631M->18M(1024M) 2,109ms
[2024-08-04T18:07:18.122+0300][58,316s][info ][gc] GC(499) Pause Young (Normal) (G1 Evacuation Pause) 631M->18M(1024M) 2,005ms
[2024-08-04T18:07:18.287+0300][58,481s][info ][gc] GC(500) Pause Young (Normal) (G1 Evacuation Pause) 631M->18M(1024M) 1,796ms
[2024-08-04T18:07:18.444+0300][58,638s][info ][gc] GC(501) Pause Young (Normal) (G1 Evacuation Pause) 631M->19M(1024M) 1,860ms
[2024-08-04T18:07:18.577+0300][58,771s][info ][gc] GC(502) Pause Young (Normal) (G1 Evacuation Pause) 632M->19M(1024M) 2,055ms
[2024-08-04T18:07:18.703+0300][58,896s][info ][gc] GC(503) Pause Young (Normal) (G1 Evacuation Pause) 632M->19M(1024M) 2,876ms
[2024-08-04T18:07:18.813+0300][59,007s][info ][gc] GC(504) Pause Young (Normal) (G1 Evacuation Pause) 632M->19M(1024M) 2,493ms
[2024-08-04T18:07:18.926+0300][59,120s][info ][gc] GC(505) Pause Young (Normal) (G1 Evacuation Pause) 632M->19M(1024M) 2,377ms
[2024-08-04T18:07:19.035+0300][59,228s][info ][gc] GC(506) Pause Young (Normal) (G1 Evacuation Pause) 632M->19M(1024M) 2,361ms
[2024-08-04T18:07:19.150+0300][59,344s][info ][gc] GC(507) Pause Young (Normal) (G1 Evacuation Pause) 632M->19M(1024M) 2,342ms
[2024-08-04T18:07:19.260+0300][59,454s][info ][gc] GC(508) Pause Young (Normal) (G1 Evacuation Pause) 632M->19M(1024M) 2,420ms
[2024-08-04T18:07:19.365+0300][59,559s][info ][gc] GC(509) Pause Young (Normal) (G1 Evacuation Pause) 632M->19M(1024M) 2,606ms
[2024-08-04T18:07:19.479+0300][59,673s][info ][gc] GC(510) Pause Young (Normal) (G1 Evacuation Pause) 632M->19M(1024M) 2,524ms
[2024-08-04T18:07:19.584+0300][59,777s][info ][gc] GC(511) Pause Young (Normal) (G1 Evacuation Pause) 632M->19M(1024M) 2,454ms
[2024-08-04T18:07:19.686+0300][59,880s][info ][gc] GC(512) Pause Young (Normal) (G1 Evacuation Pause) 632M->19M(1024M) 2,505ms
[2024-08-04T18:07:19.795+0300][59,988s][info ][gc] GC(513) Pause Young (Normal) (G1 Evacuation Pause) 631M->19M(1024M) 2,554ms
[2024-08-04T18:07:19.900+0300][60,094s][info ][gc] GC(514) Pause Young (Normal) (G1 Evacuation Pause) 631M->19M(1024M) 2,761ms
[2024-08-04T18:07:20.004+0300][60,197s][info ][gc] GC(515) Pause Young (Normal) (G1 Evacuation Pause) 631M->19M(1024M) 2,659ms
[2024-08-04T18:07:20.107+0300][60,301s][info ][gc] GC(516) Pause Young (Normal) (G1 Evacuation Pause) 631M->19M(1024M) 2,811ms
[2024-08-04T18:07:20.216+0300][60,409s][info ][gc] GC(517) Pause Young (Normal) (G1 Evacuation Pause) 632M->19M(1024M) 2,624ms
[2024-08-04T18:07:20.319+0300][60,513s][info ][gc] GC(518) Pause Young (Normal) (G1 Evacuation Pause) 632M->20M(1024M) 2,588ms
[2024-08-04T18:07:20.422+0300][60,616s][info ][gc] GC(519) Pause Young (Normal) (G1 Evacuation Pause) 633M->20M(1024M) 2,388ms
[2024-08-04T18:07:20.526+0300][60,719s][info ][gc] GC(520) Pause Young (Normal) (G1 Evacuation Pause) 633M->20M(1024M) 2,486ms
[2024-08-04T18:07:20.630+0300][60,823s][info ][gc] GC(521) Pause Young (Normal) (G1 Evacuation Pause) 633M->20M(1024M) 2,664ms
[2024-08-04T18:07:20.733+0300][60,927s][info ][gc] GC(522) Pause Young (Normal) (G1 Evacuation Pause) 633M->20M(1024M) 2,446ms
[2024-08-04T18:07:20.840+0300][61,034s][info ][gc] GC(523) Pause Young (Normal) (G1 Evacuation Pause) 633M->20M(1024M) 2,502ms
[2024-08-04T18:07:20.936+0300][61,130s][info ][gc] GC(524) Pause Young (Normal) (G1 Evacuation Pause) 633M->20M(1024M) 2,386ms
[2024-08-04T18:07:21.032+0300][61,226s][info ][gc] GC(525) Pause Young (Normal) (G1 Evacuation Pause) 633M->20M(1024M) 2,396ms
[2024-08-04T18:07:21.129+0300][61,323s][info ][gc] GC(526) Pause Young (Normal) (G1 Evacuation Pause) 633M->20M(1024M) 2,624ms
[2024-08-04T18:07:21.238+0300][61,432s][info ][gc] GC(527) Pause Young (Normal) (G1 Evacuation Pause) 633M->20M(1024M) 2,693ms
[2024-08-04T18:07:21.338+0300][61,532s][info ][gc] GC(528) Pause Young (Normal) (G1 Evacuation Pause) 633M->20M(1024M) 2,378ms
[2024-08-04T18:07:21.434+0300][61,628s][info ][gc] GC(529) Pause Young (Normal) (G1 Evacuation Pause) 633M->20M(1024M) 2,131ms
[2024-08-04T18:07:21.530+0300][61,724s][info ][gc] GC(530) Pause Young (Normal) (G1 Evacuation Pause) 633M->20M(1024M) 2,582ms
[2024-08-04T18:07:21.640+0300][61,834s][info ][gc] GC(531) Pause Young (Normal) (G1 Evacuation Pause) 633M->20M(1024M) 2,304ms
[2024-08-04T18:07:21.740+0300][61,934s][info ][gc] GC(532) Pause Young (Normal) (G1 Evacuation Pause) 633M->20M(1024M) 2,316ms
[2024-08-04T18:07:21.838+0300][62,032s][info ][gc] GC(533) Pause Young (Normal) (G1 Evacuation Pause) 633M->20M(1024M) 2,232ms
[2024-08-04T18:07:21.947+0300][62,141s][info ][gc] GC(534) Pause Young (Normal) (G1 Evacuation Pause) 633M->20M(1024M) 2,095ms
[2024-08-04T18:07:22.048+0300][62,242s][info ][gc] GC(535) Pause Young (Normal) (G1 Evacuation Pause) 633M->20M(1024M) 2,266ms
[2024-08-04T18:07:22.158+0300][62,352s][info ][gc] GC(536) Pause Young (Normal) (G1 Evacuation Pause) 633M->20M(1024M) 2,091ms
[2024-08-04T18:07:22.256+0300][62,450s][info ][gc] GC(537) Pause Young (Normal) (G1 Evacuation Pause) 633M->20M(1024M) 2,371ms
[2024-08-04T18:07:22.365+0300][62,558s][info ][gc] GC(538) Pause Young (Normal) (G1 Evacuation Pause) 633M->20M(1024M) 2,365ms
[2024-08-04T18:07:22.474+0300][62,667s][info ][gc] GC(539) Pause Young (Normal) (G1 Evacuation Pause) 633M->20M(1024M) 1,867ms
[2024-08-04T18:07:22.574+0300][62,767s][info ][gc] GC(540) Pause Young (Normal) (G1 Evacuation Pause) 633M->20M(1024M) 2,172ms
[2024-08-04T18:07:22.685+0300][62,879s][info ][gc] GC(541) Pause Young (Normal) (G1 Evacuation Pause) 633M->20M(1024M) 1,923ms
[2024-08-04T18:07:22.796+0300][62,990s][info ][gc] GC(542) Pause Young (Normal) (G1 Evacuation Pause) 633M->20M(1024M) 1,864ms
[2024-08-04T18:07:22.904+0300][63,097s][info ][gc] GC(543) Pause Young (Normal) (G1 Evacuation Pause) 633M->20M(1024M) 2,573ms
[2024-08-04T18:07:23.012+0300][63,206s][info ][gc] GC(544) Pause Young (Normal) (G1 Evacuation Pause) 633M->20M(1024M) 2,162ms
[2024-08-04T18:07:23.120+0300][63,314s][info ][gc] GC(545) Pause Young (Normal) (G1 Evacuation Pause) 633M->20M(1024M) 2,202ms
[2024-08-04T18:07:23.226+0300][63,420s][info ][gc] GC(546) Pause Young (Normal) (G1 Evacuation Pause) 633M->20M(1024M) 2,042ms
[2024-08-04T18:07:23.328+0300][63,522s][info ][gc] GC(547) Pause Young (Normal) (G1 Evacuation Pause) 633M->20M(1024M) 2,308ms
[2024-08-04T18:07:23.439+0300][63,633s][info ][gc] GC(548) Pause Young (Normal) (G1 Evacuation Pause) 633M->20M(1024M) 2,345ms
[2024-08-04T18:07:23.542+0300][63,736s][info ][gc] GC(549) Pause Young (Normal) (G1 Evacuation Pause) 633M->20M(1024M) 1,919ms
[2024-08-04T18:07:23.641+0300][63,835s][info ][gc] GC(550) Pause Young (Normal) (G1 Evacuation Pause) 633M->20M(1024M) 2,338ms
[2024-08-04T18:07:23.739+0300][63,933s][info ][gc] GC(551) Pause Young (Normal) (G1 Evacuation Pause) 633M->21M(1024M) 2,246ms
[2024-08-04T18:07:23.847+0300][64,041s][info ][gc] GC(552) Pause Young (Normal) (G1 Evacuation Pause) 634M->21M(1024M) 2,466ms
[2024-08-04T18:07:23.954+0300][64,148s][info ][gc] GC(553) Pause Young (Normal) (G1 Evacuation Pause) 634M->21M(1024M) 2,008ms
[2024-08-04T18:07:24.054+0300][64,248s][info ][gc] GC(554) Pause Young (Normal) (G1 Evacuation Pause) 634M->21M(1024M) 2,143ms
[2024-08-04T18:07:24.165+0300][64,358s][info ][gc] GC(555) Pause Young (Normal) (G1 Evacuation Pause) 634M->21M(1024M) 1,849ms
[2024-08-04T18:07:24.262+0300][64,456s][info ][gc] GC(556) Pause Young (Normal) (G1 Evacuation Pause) 634M->21M(1024M) 1,864ms
[2024-08-04T18:07:24.370+0300][64,564s][info ][gc] GC(557) Pause Young (Normal) (G1 Evacuation Pause) 634M->21M(1024M) 2,201ms
[2024-08-04T18:07:24.467+0300][64,661s][info ][gc] GC(558) Pause Young (Normal) (G1 Evacuation Pause) 634M->21M(1024M) 2,143ms
[2024-08-04T18:07:24.564+0300][64,758s][info ][gc] GC(559) Pause Young (Normal) (G1 Evacuation Pause) 634M->21M(1024M) 2,016ms
[2024-08-04T18:07:24.667+0300][64,861s][info ][gc] GC(560) Pause Young (Normal) (G1 Evacuation Pause) 634M->21M(1024M) 2,002ms
[2024-08-04T18:07:24.779+0300][64,973s][info ][gc] GC(561) Pause Young (Normal) (G1 Evacuation Pause) 634M->21M(1024M) 2,124ms
[2024-08-04T18:07:24.879+0300][65,073s][info ][gc] GC(562) Pause Young (Normal) (G1 Evacuation Pause) 634M->21M(1024M) 2,070ms
[2024-08-04T18:07:24.991+0300][65,185s][info ][gc] GC(563) Pause Young (Normal) (G1 Evacuation Pause) 634M->21M(1024M) 1,857ms
[2024-08-04T18:07:25.103+0300][65,296s][info ][gc] GC(564) Pause Young (Normal) (G1 Evacuation Pause) 634M->21M(1024M) 2,377ms
[2024-08-04T18:07:25.217+0300][65,411s][info ][gc] GC(565) Pause Young (Normal) (G1 Evacuation Pause) 634M->21M(1024M) 1,858ms
[2024-08-04T18:07:25.327+0300][65,520s][info ][gc] GC(566) Pause Young (Normal) (G1 Evacuation Pause) 634M->21M(1024M) 1,927ms
[2024-08-04T18:07:25.428+0300][65,622s][info ][gc] GC(567) Pause Young (Normal) (G1 Evacuation Pause) 634M->21M(1024M) 1,891ms
[2024-08-04T18:07:25.538+0300][65,732s][info ][gc] GC(568) Pause Young (Normal) (G1 Evacuation Pause) 634M->21M(1024M) 2,101ms
[2024-08-04T18:07:25.643+0300][65,837s][info ][gc] GC(569) Pause Young (Normal) (G1 Evacuation Pause) 634M->21M(1024M) 1,832ms
[2024-08-04T18:07:25.755+0300][65,949s][info ][gc] GC(570) Pause Young (Normal) (G1 Evacuation Pause) 634M->21M(1024M) 1,933ms
[2024-08-04T18:07:25.868+0300][66,062s][info ][gc] GC(571) Pause Young (Normal) (G1 Evacuation Pause) 634M->21M(1024M) 2,101ms
[2024-08-04T18:07:25.972+0300][66,166s][info ][gc] GC(572) Pause Young (Normal) (G1 Evacuation Pause) 634M->21M(1024M) 2,151ms
[2024-08-04T18:07:26.073+0300][66,267s][info ][gc] GC(573) Pause Young (Normal) (G1 Evacuation Pause) 634M->21M(1024M) 2,445ms
[2024-08-04T18:07:26.187+0300][66,381s][info ][gc] GC(574) Pause Young (Normal) (G1 Evacuation Pause) 634M->21M(1024M) 2,328ms
[2024-08-04T18:07:26.289+0300][66,483s][info ][gc] GC(575) Pause Young (Normal) (G1 Evacuation Pause) 634M->21M(1024M) 2,247ms
[2024-08-04T18:07:26.402+0300][66,595s][info ][gc] GC(576) Pause Young (Normal) (G1 Evacuation Pause) 634M->21M(1024M) 1,765ms
[2024-08-04T18:07:26.520+0300][66,714s][info ][gc] GC(577) Pause Young (Normal) (G1 Evacuation Pause) 634M->21M(1024M) 1,736ms
[2024-08-04T18:07:26.636+0300][66,829s][info ][gc] GC(578) Pause Young (Normal) (G1 Evacuation Pause) 634M->21M(1024M) 1,744ms
[2024-08-04T18:07:26.750+0300][66,944s][info ][gc] GC(579) Pause Young (Normal) (G1 Evacuation Pause) 634M->21M(1024M) 2,139ms
[2024-08-04T18:07:26.866+0300][67,059s][info ][gc] GC(580) Pause Young (Normal) (G1 Evacuation Pause) 634M->21M(1024M) 2,497ms
[2024-08-04T18:07:26.985+0300][67,179s][info ][gc] GC(581) Pause Young (Normal) (G1 Evacuation Pause) 634M->21M(1024M) 2,226ms
[2024-08-04T18:07:27.099+0300][67,293s][info ][gc] GC(582) Pause Young (Normal) (G1 Evacuation Pause) 634M->21M(1024M) 2,231ms
[2024-08-04T18:07:27.205+0300][67,399s][info ][gc] GC(583) Pause Young (Normal) (G1 Evacuation Pause) 634M->21M(1024M) 2,419ms
[2024-08-04T18:07:27.310+0300][67,504s][info ][gc] GC(584) Pause Young (Normal) (G1 Evacuation Pause) 634M->21M(1024M) 1,906ms
[2024-08-04T18:07:27.425+0300][67,619s][info ][gc] GC(585) Pause Young (Normal) (G1 Evacuation Pause) 634M->21M(1024M) 1,868ms
[2024-08-04T18:07:27.540+0300][67,734s][info ][gc] GC(586) Pause Young (Normal) (G1 Evacuation Pause) 634M->21M(1024M) 2,104ms
[2024-08-04T18:07:27.647+0300][67,841s][info ][gc] GC(587) Pause Young (Normal) (G1 Evacuation Pause) 634M->21M(1024M) 2,760ms
[2024-08-04T18:07:27.763+0300][67,957s][info ][gc] GC(588) Pause Young (Normal) (G1 Evacuation Pause) 634M->22M(1024M) 2,018ms
[2024-08-04T18:07:27.876+0300][68,070s][info ][gc] GC(589) Pause Young (Normal) (G1 Evacuation Pause) 635M->22M(1024M) 2,178ms
[2024-08-04T18:07:28.000+0300][68,194s][info ][gc] GC(590) Pause Young (Normal) (G1 Evacuation Pause) 635M->22M(1024M) 1,953ms
[2024-08-04T18:07:28.124+0300][68,318s][info ][gc] GC(591) Pause Young (Normal) (G1 Evacuation Pause) 635M->22M(1024M) 2,292ms
[2024-08-04T18:07:28.248+0300][68,442s][info ][gc] GC(592) Pause Young (Normal) (G1 Evacuation Pause) 635M->22M(1024M) 2,346ms
[2024-08-04T18:07:28.364+0300][68,558s][info ][gc] GC(593) Pause Young (Normal) (G1 Evacuation Pause) 635M->22M(1024M) 1,600ms
[2024-08-04T18:07:28.483+0300][68,677s][info ][gc] GC(594) Pause Young (Normal) (G1 Evacuation Pause) 635M->22M(1024M) 1,915ms
[2024-08-04T18:07:28.598+0300][68,792s][info ][gc] GC(595) Pause Young (Normal) (G1 Evacuation Pause) 635M->22M(1024M) 1,825ms
[2024-08-04T18:07:28.714+0300][68,908s][info ][gc] GC(596) Pause Young (Normal) (G1 Evacuation Pause) 635M->22M(1024M) 1,895ms
[2024-08-04T18:07:28.839+0300][69,032s][info ][gc] GC(597) Pause Young (Normal) (G1 Evacuation Pause) 635M->22M(1024M) 2,486ms
[2024-08-04T18:07:28.954+0300][69,148s][info ][gc] GC(598) Pause Young (Normal) (G1 Evacuation Pause) 635M->22M(1024M) 2,144ms
[2024-08-04T18:07:29.074+0300][69,268s][info ][gc] GC(599) Pause Young (Normal) (G1 Evacuation Pause) 635M->22M(1024M) 1,860ms
[2024-08-04T18:07:29.191+0300][69,385s][info ][gc] GC(600) Pause Young (Normal) (G1 Evacuation Pause) 635M->22M(1024M) 2,242ms
[2024-08-04T18:07:29.319+0300][69,512s][info ][gc] GC(601) Pause Young (Normal) (G1 Evacuation Pause) 635M->22M(1024M) 2,068ms
[2024-08-04T18:07:29.439+0300][69,633s][info ][gc] GC(602) Pause Young (Normal) (G1 Evacuation Pause) 635M->22M(1024M) 1,921ms
[2024-08-04T18:07:29.559+0300][69,753s][info ][gc] GC(603) Pause Young (Normal) (G1 Evacuation Pause) 635M->22M(1024M) 1,740ms
[2024-08-04T18:07:29.689+0300][69,882s][info ][gc] GC(604) Pause Young (Normal) (G1 Evacuation Pause) 635M->22M(1024M) 2,178ms
[2024-08-04T18:07:29.809+0300][70,003s][info ][gc] GC(605) Pause Young (Normal) (G1 Evacuation Pause) 635M->22M(1024M) 1,780ms
[2024-08-04T18:07:29.936+0300][70,129s][info ][gc] GC(606) Pause Young (Normal) (G1 Evacuation Pause) 635M->22M(1024M) 2,210ms
[2024-08-04T18:07:30.067+0300][70,261s][info ][gc] GC(607) Pause Young (Normal) (G1 Evacuation Pause) 635M->22M(1024M) 2,121ms
[2024-08-04T18:07:30.192+0300][70,386s][info ][gc] GC(608) Pause Young (Normal) (G1 Evacuation Pause) 635M->22M(1024M) 2,485ms
[2024-08-04T18:07:30.319+0300][70,513s][info ][gc] GC(609) Pause Young (Normal) (G1 Evacuation Pause) 635M->22M(1024M) 2,169ms
[2024-08-04T18:07:30.441+0300][70,634s][info ][gc] GC(610) Pause Young (Normal) (G1 Evacuation Pause) 635M->22M(1024M) 1,681ms
[2024-08-04T18:07:30.570+0300][70,764s][info ][gc] GC(611) Pause Young (Normal) (G1 Evacuation Pause) 635M->22M(1024M) 1,587ms
[2024-08-04T18:07:30.703+0300][70,897s][info ][gc] GC(612) Pause Young (Normal) (G1 Evacuation Pause) 635M->22M(1024M) 2,191ms
[2024-08-04T18:07:30.836+0300][71,030s][info ][gc] GC(613) Pause Young (Normal) (G1 Evacuation Pause) 635M->22M(1024M) 2,302ms
[2024-08-04T18:07:30.965+0300][71,159s][info ][gc] GC(614) Pause Young (Normal) (G1 Evacuation Pause) 635M->22M(1024M) 1,826ms
[2024-08-04T18:07:31.093+0300][71,287s][info ][gc] GC(615) Pause Young (Normal) (G1 Evacuation Pause) 635M->22M(1024M) 1,982ms
[2024-08-04T18:07:31.219+0300][71,413s][info ][gc] GC(616) Pause Young (Normal) (G1 Evacuation Pause) 635M->22M(1024M) 1,806ms
[2024-08-04T18:07:31.342+0300][71,536s][info ][gc] GC(617) Pause Young (Normal) (G1 Evacuation Pause) 635M->22M(1024M) 1,684ms
[2024-08-04T18:07:31.469+0300][71,663s][info ][gc] GC(618) Pause Young (Normal) (G1 Evacuation Pause) 635M->22M(1024M) 2,296ms
[2024-08-04T18:07:31.602+0300][71,795s][info ][gc] GC(619) Pause Young (Normal) (G1 Evacuation Pause) 635M->22M(1024M) 1,857ms
[2024-08-04T18:07:31.729+0300][71,923s][info ][gc] GC(620) Pause Young (Normal) (G1 Evacuation Pause) 635M->22M(1024M) 1,920ms
[2024-08-04T18:07:31.854+0300][72,048s][info ][gc] GC(621) Pause Young (Normal) (G1 Evacuation Pause) 635M->22M(1024M) 2,026ms
[2024-08-04T18:07:31.978+0300][72,172s][info ][gc] GC(622) Pause Young (Normal) (G1 Evacuation Pause) 635M->22M(1024M) 1,799ms
[2024-08-04T18:07:32.112+0300][72,305s][info ][gc] GC(623) Pause Young (Normal) (G1 Evacuation Pause) 635M->22M(1024M) 2,520ms
[2024-08-04T18:07:32.251+0300][72,444s][info ][gc] GC(624) Pause Young (Normal) (G1 Evacuation Pause) 635M->22M(1024M) 1,874ms
[2024-08-04T18:07:32.455+0300][72,648s][info ][gc] GC(625) Pause Young (Normal) (G1 Evacuation Pause) 635M->22M(1024M) 5,289ms
[2024-08-04T18:07:32.603+0300][72,797s][info ][gc] GC(626) Pause Young (Normal) (G1 Evacuation Pause) 635M->23M(1024M) 1,783ms
[2024-08-04T18:07:32.732+0300][72,925s][info ][gc] GC(627) Pause Young (Normal) (G1 Evacuation Pause) 636M->23M(1024M) 2,467ms
[2024-08-04T18:07:32.846+0300][73,039s][info ][gc] GC(628) Pause Young (Normal) (G1 Evacuation Pause) 636M->23M(1024M) 2,160ms
[2024-08-04T18:07:32.955+0300][73,149s][info ][gc] GC(629) Pause Young (Normal) (G1 Evacuation Pause) 636M->23M(1024M) 2,396ms
[2024-08-04T18:07:33.072+0300][73,266s][info ][gc] GC(630) Pause Young (Normal) (G1 Evacuation Pause) 636M->23M(1024M) 2,464ms
[2024-08-04T18:07:33.189+0300][73,382s][info ][gc] GC(631) Pause Young (Normal) (G1 Evacuation Pause) 636M->23M(1024M) 1,868ms
[2024-08-04T18:07:33.304+0300][73,497s][info ][gc] GC(632) Pause Young (Normal) (G1 Evacuation Pause) 636M->23M(1024M) 2,433ms
[2024-08-04T18:07:33.419+0300][73,613s][info ][gc] GC(633) Pause Young (Normal) (G1 Evacuation Pause) 636M->23M(1024M) 2,206ms
[2024-08-04T18:07:33.533+0300][73,727s][info ][gc] GC(634) Pause Young (Normal) (G1 Evacuation Pause) 636M->23M(1024M) 2,475ms
[2024-08-04T18:07:33.645+0300][73,839s][info ][gc] GC(635) Pause Young (Normal) (G1 Evacuation Pause) 636M->23M(1024M) 2,156ms
[2024-08-04T18:07:33.743+0300][73,937s][info ][gc] GC(636) Pause Young (Normal) (G1 Evacuation Pause) 636M->23M(1024M) 2,475ms
[2024-08-04T18:07:33.844+0300][74,038s][info ][gc] GC(637) Pause Young (Normal) (G1 Evacuation Pause) 635M->23M(1024M) 2,414ms
[2024-08-04T18:07:33.949+0300][74,143s][info ][gc] GC(638) Pause Young (Normal) (G1 Evacuation Pause) 635M->23M(1024M) 1,941ms
[2024-08-04T18:07:34.056+0300][74,250s][info ][gc] GC(639) Pause Young (Normal) (G1 Evacuation Pause) 635M->23M(1024M) 2,453ms
[2024-08-04T18:07:34.155+0300][74,348s][info ][gc] GC(640) Pause Young (Normal) (G1 Evacuation Pause) 635M->23M(1024M) 2,456ms
[2024-08-04T18:07:34.268+0300][74,462s][info ][gc] GC(641) Pause Young (Normal) (G1 Evacuation Pause) 636M->23M(1024M) 2,250ms
[2024-08-04T18:07:34.379+0300][74,573s][info ][gc] GC(642) Pause Young (Normal) (G1 Evacuation Pause) 636M->23M(1024M) 2,430ms
[2024-08-04T18:07:34.487+0300][74,680s][info ][gc] GC(643) Pause Young (Normal) (G1 Evacuation Pause) 636M->23M(1024M) 2,359ms
[2024-08-04T18:07:34.598+0300][74,791s][info ][gc] GC(644) Pause Young (Normal) (G1 Evacuation Pause) 636M->23M(1024M) 2,389ms
[2024-08-04T18:07:34.698+0300][74,892s][info ][gc] GC(645) Pause Young (Normal) (G1 Evacuation Pause) 636M->24M(1024M) 2,346ms
[2024-08-04T18:07:34.809+0300][75,002s][info ][gc] GC(646) Pause Young (Normal) (G1 Evacuation Pause) 637M->24M(1024M) 2,381ms
[2024-08-04T18:07:34.911+0300][75,105s][info ][gc] GC(647) Pause Young (Normal) (G1 Evacuation Pause) 637M->24M(1024M) 2,178ms
[2024-08-04T18:07:35.009+0300][75,202s][info ][gc] GC(648) Pause Young (Normal) (G1 Evacuation Pause) 637M->24M(1024M) 2,533ms
[2024-08-04T18:07:35.110+0300][75,304s][info ][gc] GC(649) Pause Young (Normal) (G1 Evacuation Pause) 637M->24M(1024M) 2,280ms
[2024-08-04T18:07:35.219+0300][75,413s][info ][gc] GC(650) Pause Young (Normal) (G1 Evacuation Pause) 637M->24M(1024M) 2,260ms
[2024-08-04T18:07:35.328+0300][75,521s][info ][gc] GC(651) Pause Young (Normal) (G1 Evacuation Pause) 637M->24M(1024M) 2,621ms
[2024-08-04T18:07:35.424+0300][75,618s][info ][gc] GC(652) Pause Young (Normal) (G1 Evacuation Pause) 637M->24M(1024M) 2,549ms
[2024-08-04T18:07:35.530+0300][75,724s][info ][gc] GC(653) Pause Young (Normal) (G1 Evacuation Pause) 637M->24M(1024M) 2,192ms
[2024-08-04T18:07:35.626+0300][75,820s][info ][gc] GC(654) Pause Young (Normal) (G1 Evacuation Pause) 637M->24M(1024M) 2,401ms
[2024-08-04T18:07:35.722+0300][75,916s][info ][gc] GC(655) Pause Young (Normal) (G1 Evacuation Pause) 637M->24M(1024M) 1,808ms
[2024-08-04T18:07:35.829+0300][76,023s][info ][gc] GC(656) Pause Young (Normal) (G1 Evacuation Pause) 637M->24M(1024M) 1,964ms
[2024-08-04T18:07:35.931+0300][76,124s][info ][gc] GC(657) Pause Young (Normal) (G1 Evacuation Pause) 637M->24M(1024M) 2,253ms
[2024-08-04T18:07:36.031+0300][76,224s][info ][gc] GC(658) Pause Young (Normal) (G1 Evacuation Pause) 637M->24M(1024M) 2,136ms
[2024-08-04T18:07:36.132+0300][76,325s][info ][gc] GC(659) Pause Young (Normal) (G1 Evacuation Pause) 637M->24M(1024M) 2,367ms
[2024-08-04T18:07:36.240+0300][76,434s][info ][gc] GC(660) Pause Young (Normal) (G1 Evacuation Pause) 637M->24M(1024M) 2,406ms
[2024-08-04T18:07:36.348+0300][76,542s][info ][gc] GC(661) Pause Young (Normal) (G1 Evacuation Pause) 637M->24M(1024M) 2,495ms
[2024-08-04T18:07:36.457+0300][76,651s][info ][gc] GC(662) Pause Young (Normal) (G1 Evacuation Pause) 637M->24M(1024M) 2,346ms
[2024-08-04T18:07:36.565+0300][76,759s][info ][gc] GC(663) Pause Young (Normal) (G1 Evacuation Pause) 637M->24M(1024M) 2,367ms
[2024-08-04T18:07:36.668+0300][76,862s][info ][gc] GC(664) Pause Young (Normal) (G1 Evacuation Pause) 637M->24M(1024M) 2,351ms
[2024-08-04T18:07:36.780+0300][76,973s][info ][gc] GC(665) Pause Young (Normal) (G1 Evacuation Pause) 637M->24M(1024M) 1,719ms
[2024-08-04T18:07:36.888+0300][77,082s][info ][gc] GC(666) Pause Young (Normal) (G1 Evacuation Pause) 637M->24M(1024M) 2,268ms
[2024-08-04T18:07:36.984+0300][77,178s][info ][gc] GC(667) Pause Young (Normal) (G1 Evacuation Pause) 637M->24M(1024M) 2,123ms
[2024-08-04T18:07:37.091+0300][77,285s][info ][gc] GC(668) Pause Young (Normal) (G1 Evacuation Pause) 637M->24M(1024M) 2,333ms
[2024-08-04T18:07:37.196+0300][77,390s][info ][gc] GC(669) Pause Young (Normal) (G1 Evacuation Pause) 637M->24M(1024M) 2,196ms
[2024-08-04T18:07:37.298+0300][77,492s][info ][gc] GC(670) Pause Young (Normal) (G1 Evacuation Pause) 637M->24M(1024M) 2,188ms
[2024-08-04T18:07:37.409+0300][77,602s][info ][gc] GC(671) Pause Young (Normal) (G1 Evacuation Pause) 637M->24M(1024M) 2,019ms
[2024-08-04T18:07:37.521+0300][77,715s][info ][gc] GC(672) Pause Young (Normal) (G1 Evacuation Pause) 637M->24M(1024M) 2,165ms
[2024-08-04T18:07:37.632+0300][77,826s][info ][gc] GC(673) Pause Young (Normal) (G1 Evacuation Pause) 637M->24M(1024M) 2,015ms
[2024-08-04T18:07:37.744+0300][77,938s][info ][gc] GC(674) Pause Young (Normal) (G1 Evacuation Pause) 637M->24M(1024M) 2,105ms
[2024-08-04T18:07:37.856+0300][78,050s][info ][gc] GC(675) Pause Young (Normal) (G1 Evacuation Pause) 637M->24M(1024M) 2,331ms
[2024-08-04T18:07:37.967+0300][78,160s][info ][gc] GC(676) Pause Young (Normal) (G1 Evacuation Pause) 637M->24M(1024M) 2,180ms
[2024-08-04T18:07:38.076+0300][78,270s][info ][gc] GC(677) Pause Young (Normal) (G1 Evacuation Pause) 637M->24M(1024M) 1,913ms
[2024-08-04T18:07:38.184+0300][78,377s][info ][gc] GC(678) Pause Young (Normal) (G1 Evacuation Pause) 637M->24M(1024M) 2,327ms
[2024-08-04T18:07:38.293+0300][78,487s][info ][gc] GC(679) Pause Young (Normal) (G1 Evacuation Pause) 637M->25M(1024M) 1,828ms
[2024-08-04T18:07:38.403+0300][78,597s][info ][gc] GC(680) Pause Young (Normal) (G1 Evacuation Pause) 638M->25M(1024M) 2,419ms
[2024-08-04T18:07:38.515+0300][78,709s][info ][gc] GC(681) Pause Young (Normal) (G1 Evacuation Pause) 638M->25M(1024M) 1,792ms
[2024-08-04T18:07:38.629+0300][78,823s][info ][gc] GC(682) Pause Young (Normal) (G1 Evacuation Pause) 638M->25M(1024M) 2,008ms
[2024-08-04T18:07:38.733+0300][78,927s][info ][gc] GC(683) Pause Young (Normal) (G1 Evacuation Pause) 638M->25M(1024M) 2,142ms
[2024-08-04T18:07:38.835+0300][79,029s][info ][gc] GC(684) Pause Young (Normal) (G1 Evacuation Pause) 638M->25M(1024M) 2,069ms
[2024-08-04T18:07:38.946+0300][79,139s][info ][gc] GC(685) Pause Young (Normal) (G1 Evacuation Pause) 638M->25M(1024M) 2,127ms
[2024-08-04T18:07:39.054+0300][79,248s][info ][gc] GC(686) Pause Young (Normal) (G1 Evacuation Pause) 638M->25M(1024M) 2,122ms
[2024-08-04T18:07:39.166+0300][79,360s][info ][gc] GC(687) Pause Young (Normal) (G1 Evacuation Pause) 638M->25M(1024M) 2,040ms
[2024-08-04T18:07:39.273+0300][79,467s][info ][gc] GC(688) Pause Young (Normal) (G1 Evacuation Pause) 638M->25M(1024M) 2,189ms
[2024-08-04T18:07:39.385+0300][79,578s][info ][gc] GC(689) Pause Young (Normal) (G1 Evacuation Pause) 638M->25M(1024M) 2,183ms
[2024-08-04T18:07:39.503+0300][79,696s][info ][gc] GC(690) Pause Young (Normal) (G1 Evacuation Pause) 638M->25M(1024M) 2,474ms
[2024-08-04T18:07:39.614+0300][79,808s][info ][gc] GC(691) Pause Young (Normal) (G1 Evacuation Pause) 638M->25M(1024M) 2,049ms
[2024-08-04T18:07:39.732+0300][79,926s][info ][gc] GC(692) Pause Young (Normal) (G1 Evacuation Pause) 638M->25M(1024M) 2,221ms
[2024-08-04T18:07:39.839+0300][80,032s][info ][gc] GC(693) Pause Young (Normal) (G1 Evacuation Pause) 638M->25M(1024M) 1,734ms
[2024-08-04T18:07:39.948+0300][80,142s][info ][gc] GC(694) Pause Young (Normal) (G1 Evacuation Pause) 638M->25M(1024M) 2,635ms
[2024-08-04T18:07:40.066+0300][80,260s][info ][gc] GC(695) Pause Young (Normal) (G1 Evacuation Pause) 638M->25M(1024M) 1,861ms
[2024-08-04T18:07:40.185+0300][80,379s][info ][gc] GC(696) Pause Young (Normal) (G1 Evacuation Pause) 638M->25M(1024M) 2,164ms
[2024-08-04T18:07:40.292+0300][80,486s][info ][gc] GC(697) Pause Young (Normal) (G1 Evacuation Pause) 638M->25M(1024M) 2,290ms
[2024-08-04T18:07:40.399+0300][80,593s][info ][gc] GC(698) Pause Young (Normal) (G1 Evacuation Pause) 638M->25M(1024M) 2,022ms
[2024-08-04T18:07:40.514+0300][80,708s][info ][gc] GC(699) Pause Young (Normal) (G1 Evacuation Pause) 638M->25M(1024M) 1,909ms
[2024-08-04T18:07:40.635+0300][80,828s][info ][gc] GC(700) Pause Young (Normal) (G1 Evacuation Pause) 638M->25M(1024M) 2,181ms
[2024-08-04T18:07:40.755+0300][80,949s][info ][gc] GC(701) Pause Young (Normal) (G1 Evacuation Pause) 638M->25M(1024M) 1,878ms
[2024-08-04T18:07:40.876+0300][81,069s][info ][gc] GC(702) Pause Young (Normal) (G1 Evacuation Pause) 638M->25M(1024M) 1,820ms
[2024-08-04T18:07:40.997+0300][81,190s][info ][gc] GC(703) Pause Young (Normal) (G1 Evacuation Pause) 638M->25M(1024M) 1,909ms
[2024-08-04T18:07:41.114+0300][81,308s][info ][gc] GC(704) Pause Young (Normal) (G1 Evacuation Pause) 638M->25M(1024M) 1,794ms
[2024-08-04T18:07:41.234+0300][81,428s][info ][gc] GC(705) Pause Young (Normal) (G1 Evacuation Pause) 638M->25M(1024M) 2,447ms
[2024-08-04T18:07:41.359+0300][81,553s][info ][gc] GC(706) Pause Young (Normal) (G1 Evacuation Pause) 638M->25M(1024M) 2,269ms
[2024-08-04T18:07:41.477+0300][81,671s][info ][gc] GC(707) Pause Young (Normal) (G1 Evacuation Pause) 638M->25M(1024M) 1,916ms
[2024-08-04T18:07:41.603+0300][81,797s][info ][gc] GC(708) Pause Young (Normal) (G1 Evacuation Pause) 638M->25M(1024M) 1,950ms
[2024-08-04T18:07:41.722+0300][81,916s][info ][gc] GC(709) Pause Young (Normal) (G1 Evacuation Pause) 638M->25M(1024M) 1,984ms
[2024-08-04T18:07:41.852+0300][82,045s][info ][gc] GC(710) Pause Young (Normal) (G1 Evacuation Pause) 638M->25M(1024M) 2,339ms
[2024-08-04T18:07:41.977+0300][82,170s][info ][gc] GC(711) Pause Young (Normal) (G1 Evacuation Pause) 638M->25M(1024M) 1,646ms
[2024-08-04T18:07:42.094+0300][82,288s][info ][gc] GC(712) Pause Young (Normal) (G1 Evacuation Pause) 638M->25M(1024M) 2,139ms
[2024-08-04T18:07:42.209+0300][82,403s][info ][gc] GC(713) Pause Young (Normal) (G1 Evacuation Pause) 638M->25M(1024M) 1,945ms
[2024-08-04T18:07:42.335+0300][82,528s][info ][gc] GC(714) Pause Young (Normal) (G1 Evacuation Pause) 638M->25M(1024M) 2,298ms
[2024-08-04T18:07:42.459+0300][82,653s][info ][gc] GC(715) Pause Young (Normal) (G1 Evacuation Pause) 638M->25M(1024M) 2,304ms
[2024-08-04T18:07:42.581+0300][82,775s][info ][gc] GC(716) Pause Young (Normal) (G1 Evacuation Pause) 638M->25M(1024M) 1,728ms
[2024-08-04T18:07:42.703+0300][82,897s][info ][gc] GC(717) Pause Young (Normal) (G1 Evacuation Pause) 638M->25M(1024M) 2,221ms
[2024-08-04T18:07:42.829+0300][83,022s][info ][gc] GC(718) Pause Young (Normal) (G1 Evacuation Pause) 638M->25M(1024M) 2,114ms
[2024-08-04T18:07:42.959+0300][83,153s][info ][gc] GC(719) Pause Young (Normal) (G1 Evacuation Pause) 638M->26M(1024M) 2,087ms
[2024-08-04T18:07:43.089+0300][83,282s][info ][gc] GC(720) Pause Young (Normal) (G1 Evacuation Pause) 639M->26M(1024M) 2,274ms
[2024-08-04T18:07:43.215+0300][83,409s][info ][gc] GC(721) Pause Young (Normal) (G1 Evacuation Pause) 639M->26M(1024M) 2,127ms
[2024-08-04T18:07:43.352+0300][83,546s][info ][gc] GC(722) Pause Young (Normal) (G1 Evacuation Pause) 639M->26M(1024M) 1,942ms
[2024-08-04T18:07:43.478+0300][83,671s][info ][gc] GC(723) Pause Young (Normal) (G1 Evacuation Pause) 639M->26M(1024M) 2,168ms
[2024-08-04T18:07:43.614+0300][83,808s][info ][gc] GC(724) Pause Young (Normal) (G1 Evacuation Pause) 639M->26M(1024M) 2,142ms
[2024-08-04T18:07:43.739+0300][83,933s][info ][gc] GC(725) Pause Young (Normal) (G1 Evacuation Pause) 639M->26M(1024M) 1,658ms
[2024-08-04T18:07:43.866+0300][84,060s][info ][gc] GC(726) Pause Young (Normal) (G1 Evacuation Pause) 639M->26M(1024M) 2,177ms
[2024-08-04T18:07:43.997+0300][84,191s][info ][gc] GC(727) Pause Young (Normal) (G1 Evacuation Pause) 639M->26M(1024M) 2,232ms
[2024-08-04T18:07:44.123+0300][84,317s][info ][gc] GC(728) Pause Young (Normal) (G1 Evacuation Pause) 639M->26M(1024M) 1,606ms
[2024-08-04T18:07:44.246+0300][84,440s][info ][gc] GC(729) Pause Young (Normal) (G1 Evacuation Pause) 639M->26M(1024M) 2,005ms
[2024-08-04T18:07:44.372+0300][84,565s][info ][gc] GC(730) Pause Young (Normal) (G1 Evacuation Pause) 639M->26M(1024M) 2,003ms
[2024-08-04T18:07:44.498+0300][84,692s][info ][gc] GC(731) Pause Young (Normal) (G1 Evacuation Pause) 639M->26M(1024M) 1,793ms
[2024-08-04T18:07:44.623+0300][84,817s][info ][gc] GC(732) Pause Young (Normal) (G1 Evacuation Pause) 639M->26M(1024M) 2,009ms
[2024-08-04T18:07:44.755+0300][84,949s][info ][gc] GC(733) Pause Young (Normal) (G1 Evacuation Pause) 639M->26M(1024M) 1,881ms
[2024-08-04T18:07:44.882+0300][85,076s][info ][gc] GC(734) Pause Young (Normal) (G1 Evacuation Pause) 639M->26M(1024M) 1,892ms
[2024-08-04T18:07:45.007+0300][85,201s][info ][gc] GC(735) Pause Young (Normal) (G1 Evacuation Pause) 639M->26M(1024M) 1,978ms
[2024-08-04T18:07:45.134+0300][85,328s][info ][gc] GC(736) Pause Young (Normal) (G1 Evacuation Pause) 639M->26M(1024M) 1,833ms
[2024-08-04T18:07:45.259+0300][85,453s][info ][gc] GC(737) Pause Young (Normal) (G1 Evacuation Pause) 639M->26M(1024M) 1,903ms
[2024-08-04T18:07:45.387+0300][85,581s][info ][gc] GC(738) Pause Young (Normal) (G1 Evacuation Pause) 639M->26M(1024M) 2,006ms
[2024-08-04T18:07:45.515+0300][85,708s][info ][gc] GC(739) Pause Young (Normal) (G1 Evacuation Pause) 639M->26M(1024M) 2,293ms
[2024-08-04T18:07:45.657+0300][85,851s][info ][gc] GC(740) Pause Young (Normal) (G1 Evacuation Pause) 639M->26M(1024M) 1,719ms
[2024-08-04T18:07:45.800+0300][85,994s][info ][gc] GC(741) Pause Young (Normal) (G1 Evacuation Pause) 639M->26M(1024M) 1,790ms
[2024-08-04T18:07:45.946+0300][86,140s][info ][gc] GC(742) Pause Young (Normal) (G1 Evacuation Pause) 639M->26M(1024M) 1,844ms
[2024-08-04T18:07:46.084+0300][86,278s][info ][gc] GC(743) Pause Young (Normal) (G1 Evacuation Pause) 639M->26M(1024M) 1,788ms
[2024-08-04T18:07:46.230+0300][86,424s][info ][gc] GC(744) Pause Young (Normal) (G1 Evacuation Pause) 639M->26M(1024M) 1,801ms
[2024-08-04T18:07:46.375+0300][86,569s][info ][gc] GC(745) Pause Young (Normal) (G1 Evacuation Pause) 639M->26M(1024M) 1,789ms
[2024-08-04T18:07:46.515+0300][86,709s][info ][gc] GC(746) Pause Young (Normal) (G1 Evacuation Pause) 639M->26M(1024M) 2,207ms
[2024-08-04T18:07:46.655+0300][86,849s][info ][gc] GC(747) Pause Young (Normal) (G1 Evacuation Pause) 639M->26M(1024M) 1,965ms
[2024-08-04T18:07:46.796+0300][86,990s][info ][gc] GC(748) Pause Young (Normal) (G1 Evacuation Pause) 639M->26M(1024M) 2,130ms
[2024-08-04T18:07:46.935+0300][87,128s][info ][gc] GC(749) Pause Young (Normal) (G1 Evacuation Pause) 639M->26M(1024M) 1,852ms
[2024-08-04T18:07:47.158+0300][87,352s][info ][gc] GC(750) Pause Young (Normal) (G1 Evacuation Pause) 639M->26M(1024M) 1,907ms
[2024-08-04T18:07:47.285+0300][87,479s][info ][gc] GC(751) Pause Young (Normal) (G1 Evacuation Pause) 639M->26M(1024M) 1,930ms
[2024-08-04T18:07:47.409+0300][87,603s][info ][gc] GC(752) Pause Young (Normal) (G1 Evacuation Pause) 639M->27M(1024M) 2,477ms
[2024-08-04T18:07:47.531+0300][87,725s][info ][gc] GC(753) Pause Young (Normal) (G1 Evacuation Pause) 640M->27M(1024M) 2,274ms
[2024-08-04T18:07:47.650+0300][87,844s][info ][gc] GC(754) Pause Young (Normal) (G1 Evacuation Pause) 640M->27M(1024M) 2,437ms
[2024-08-04T18:07:47.758+0300][87,952s][info ][gc] GC(755) Pause Young (Normal) (G1 Evacuation Pause) 640M->27M(1024M) 2,515ms
[2024-08-04T18:07:47.871+0300][88,065s][info ][gc] GC(756) Pause Young (Normal) (G1 Evacuation Pause) 640M->27M(1024M) 2,493ms
[2024-08-04T18:07:47.976+0300][88,170s][info ][gc] GC(757) Pause Young (Normal) (G1 Evacuation Pause) 640M->27M(1024M) 2,624ms
[2024-08-04T18:07:48.089+0300][88,283s][info ][gc] GC(758) Pause Young (Normal) (G1 Evacuation Pause) 640M->27M(1024M) 2,342ms
[2024-08-04T18:07:48.198+0300][88,392s][info ][gc] GC(759) Pause Young (Normal) (G1 Evacuation Pause) 640M->27M(1024M) 2,444ms
[2024-08-04T18:07:48.310+0300][88,504s][info ][gc] GC(760) Pause Young (Normal) (G1 Evacuation Pause) 640M->27M(1024M) 2,417ms
[2024-08-04T18:07:48.419+0300][88,613s][info ][gc] GC(761) Pause Young (Normal) (G1 Evacuation Pause) 639M->27M(1024M) 2,755ms
[2024-08-04T18:07:48.523+0300][88,716s][info ][gc] GC(762) Pause Young (Normal) (G1 Evacuation Pause) 639M->27M(1024M) 2,600ms
[2024-08-04T18:07:48.631+0300][88,825s][info ][gc] GC(763) Pause Young (Normal) (G1 Evacuation Pause) 639M->27M(1024M) 2,845ms
[2024-08-04T18:07:48.728+0300][88,921s][info ][gc] GC(764) Pause Young (Normal) (G1 Evacuation Pause) 639M->27M(1024M) 2,345ms
[2024-08-04T18:07:48.838+0300][89,031s][info ][gc] GC(765) Pause Young (Normal) (G1 Evacuation Pause) 639M->27M(1024M) 2,484ms
[2024-08-04T18:07:48.940+0300][89,134s][info ][gc] GC(766) Pause Young (Normal) (G1 Evacuation Pause) 640M->27M(1024M) 2,639ms
[2024-08-04T18:07:49.044+0300][89,237s][info ][gc] GC(767) Pause Young (Normal) (G1 Evacuation Pause) 640M->27M(1024M) 2,272ms
[2024-08-04T18:07:49.151+0300][89,344s][info ][gc] GC(768) Pause Young (Normal) (G1 Evacuation Pause) 640M->27M(1024M) 2,378ms
[2024-08-04T18:07:49.249+0300][89,442s][info ][gc] GC(769) Pause Young (Normal) (G1 Evacuation Pause) 640M->27M(1024M) 2,495ms
[2024-08-04T18:07:49.356+0300][89,550s][info ][gc] GC(770) Pause Young (Normal) (G1 Evacuation Pause) 640M->27M(1024M) 2,287ms
[2024-08-04T18:07:49.463+0300][89,657s][info ][gc] GC(771) Pause Young (Normal) (G1 Evacuation Pause) 640M->27M(1024M) 2,518ms
[2024-08-04T18:07:49.565+0300][89,759s][info ][gc] GC(772) Pause Young (Normal) (G1 Evacuation Pause) 640M->27M(1024M) 2,442ms
[2024-08-04T18:07:49.673+0300][89,867s][info ][gc] GC(773) Pause Young (Normal) (G1 Evacuation Pause) 640M->28M(1024M) 2,565ms
[2024-08-04T18:07:49.784+0300][89,978s][info ][gc] GC(774) Pause Young (Normal) (G1 Evacuation Pause) 641M->28M(1024M) 2,281ms
[2024-08-04T18:07:49.895+0300][90,088s][info ][gc] GC(775) Pause Young (Normal) (G1 Evacuation Pause) 641M->28M(1024M) 1,844ms
[2024-08-04T18:07:50.006+0300][90,199s][info ][gc] GC(776) Pause Young (Normal) (G1 Evacuation Pause) 641M->28M(1024M) 2,322ms
[2024-08-04T18:07:50.106+0300][90,300s][info ][gc] GC(777) Pause Young (Normal) (G1 Evacuation Pause) 641M->28M(1024M) 2,026ms
[2024-08-04T18:07:50.202+0300][90,395s][info ][gc] GC(778) Pause Young (Normal) (G1 Evacuation Pause) 641M->28M(1024M) 2,381ms
[2024-08-04T18:07:50.302+0300][90,496s][info ][gc] GC(779) Pause Young (Normal) (G1 Evacuation Pause) 641M->28M(1024M) 2,321ms
[2024-08-04T18:07:50.397+0300][90,591s][info ][gc] GC(780) Pause Young (Normal) (G1 Evacuation Pause) 641M->28M(1024M) 2,001ms
[2024-08-04T18:07:50.504+0300][90,698s][info ][gc] GC(781) Pause Young (Normal) (G1 Evacuation Pause) 641M->28M(1024M) 2,063ms
[2024-08-04T18:07:50.600+0300][90,793s][info ][gc] GC(782) Pause Young (Normal) (G1 Evacuation Pause) 641M->28M(1024M) 2,071ms
[2024-08-04T18:07:50.711+0300][90,904s][info ][gc] GC(783) Pause Young (Normal) (G1 Evacuation Pause) 641M->28M(1024M) 2,357ms
[2024-08-04T18:07:50.811+0300][91,005s][info ][gc] GC(784) Pause Young (Normal) (G1 Evacuation Pause) 641M->28M(1024M) 2,097ms
[2024-08-04T18:07:50.914+0300][91,107s][info ][gc] GC(785) Pause Young (Normal) (G1 Evacuation Pause) 641M->28M(1024M) 1,911ms
[2024-08-04T18:07:51.024+0300][91,218s][info ][gc] GC(786) Pause Young (Normal) (G1 Evacuation Pause) 641M->28M(1024M) 2,175ms
[2024-08-04T18:07:51.135+0300][91,328s][info ][gc] GC(787) Pause Young (Normal) (G1 Evacuation Pause) 641M->28M(1024M) 2,408ms
[2024-08-04T18:07:51.237+0300][91,431s][info ][gc] GC(788) Pause Young (Normal) (G1 Evacuation Pause) 641M->28M(1024M) 2,183ms
[2024-08-04T18:07:51.339+0300][91,532s][info ][gc] GC(789) Pause Young (Normal) (G1 Evacuation Pause) 641M->28M(1024M) 1,902ms
[2024-08-04T18:07:51.437+0300][91,630s][info ][gc] GC(790) Pause Young (Normal) (G1 Evacuation Pause) 641M->28M(1024M) 2,090ms
[2024-08-04T18:07:51.538+0300][91,732s][info ][gc] GC(791) Pause Young (Normal) (G1 Evacuation Pause) 641M->28M(1024M) 2,157ms
[2024-08-04T18:07:51.636+0300][91,830s][info ][gc] GC(792) Pause Young (Normal) (G1 Evacuation Pause) 641M->28M(1024M) 2,110ms
[2024-08-04T18:07:51.732+0300][91,926s][info ][gc] GC(793) Pause Young (Normal) (G1 Evacuation Pause) 641M->28M(1024M) 1,940ms
[2024-08-04T18:07:51.843+0300][92,036s][info ][gc] GC(794) Pause Young (Normal) (G1 Evacuation Pause) 641M->28M(1024M) 2,062ms
[2024-08-04T18:07:51.954+0300][92,148s][info ][gc] GC(795) Pause Young (Normal) (G1 Evacuation Pause) 641M->28M(1024M) 1,900ms
[2024-08-04T18:07:52.055+0300][92,248s][info ][gc] GC(796) Pause Young (Normal) (G1 Evacuation Pause) 641M->28M(1024M) 1,865ms
[2024-08-04T18:07:52.164+0300][92,358s][info ][gc] GC(797) Pause Young (Normal) (G1 Evacuation Pause) 641M->28M(1024M) 1,990ms
[2024-08-04T18:07:52.275+0300][92,469s][info ][gc] GC(798) Pause Young (Normal) (G1 Evacuation Pause) 641M->28M(1024M) 1,962ms
[2024-08-04T18:07:52.384+0300][92,578s][info ][gc] GC(799) Pause Young (Normal) (G1 Evacuation Pause) 641M->28M(1024M) 1,791ms
[2024-08-04T18:07:52.486+0300][92,679s][info ][gc] GC(800) Pause Young (Normal) (G1 Evacuation Pause) 641M->28M(1024M) 2,000ms
[2024-08-04T18:07:52.588+0300][92,781s][info ][gc] GC(801) Pause Young (Normal) (G1 Evacuation Pause) 641M->28M(1024M) 2,259ms
[2024-08-04T18:07:52.695+0300][92,888s][info ][gc] GC(802) Pause Young (Normal) (G1 Evacuation Pause) 641M->28M(1024M) 1,954ms
[2024-08-04T18:07:52.803+0300][92,997s][info ][gc] GC(803) Pause Young (Normal) (G1 Evacuation Pause) 641M->28M(1024M) 2,246ms
[2024-08-04T18:07:52.913+0300][93,107s][info ][gc] GC(804) Pause Young (Normal) (G1 Evacuation Pause) 641M->28M(1024M) 1,922ms
[2024-08-04T18:07:53.014+0300][93,208s][info ][gc] GC(805) Pause Young (Normal) (G1 Evacuation Pause) 641M->28M(1024M) 1,920ms
[2024-08-04T18:07:53.115+0300][93,309s][info ][gc] GC(806) Pause Young (Normal) (G1 Evacuation Pause) 641M->28M(1024M) 1,936ms
[2024-08-04T18:07:53.224+0300][93,418s][info ][gc] GC(807) Pause Young (Normal) (G1 Evacuation Pause) 641M->29M(1024M) 1,950ms
[2024-08-04T18:07:53.322+0300][93,516s][info ][gc] GC(808) Pause Young (Normal) (G1 Evacuation Pause) 642M->29M(1024M) 1,795ms
[2024-08-04T18:07:53.431+0300][93,625s][info ][gc] GC(809) Pause Young (Normal) (G1 Evacuation Pause) 642M->29M(1024M) 1,935ms
[2024-08-04T18:07:53.531+0300][93,725s][info ][gc] GC(810) Pause Young (Normal) (G1 Evacuation Pause) 642M->29M(1024M) 1,766ms
[2024-08-04T18:07:53.642+0300][93,835s][info ][gc] GC(811) Pause Young (Normal) (G1 Evacuation Pause) 642M->29M(1024M) 2,036ms
[2024-08-04T18:07:53.743+0300][93,936s][info ][gc] GC(812) Pause Young (Normal) (G1 Evacuation Pause) 642M->29M(1024M) 2,017ms
[2024-08-04T18:07:53.856+0300][94,050s][info ][gc] GC(813) Pause Young (Normal) (G1 Evacuation Pause) 642M->29M(1024M) 2,199ms
[2024-08-04T18:07:53.966+0300][94,160s][info ][gc] GC(814) Pause Young (Normal) (G1 Evacuation Pause) 642M->29M(1024M) 2,187ms
[2024-08-04T18:07:54.074+0300][94,268s][info ][gc] GC(815) Pause Young (Normal) (G1 Evacuation Pause) 642M->29M(1024M) 2,230ms
[2024-08-04T18:07:54.182+0300][94,376s][info ][gc] GC(816) Pause Young (Normal) (G1 Evacuation Pause) 642M->29M(1024M) 1,829ms
[2024-08-04T18:07:54.287+0300][94,481s][info ][gc] GC(817) Pause Young (Normal) (G1 Evacuation Pause) 642M->29M(1024M) 1,804ms
[2024-08-04T18:07:54.401+0300][94,594s][info ][gc] GC(818) Pause Young (Normal) (G1 Evacuation Pause) 642M->29M(1024M) 1,815ms
[2024-08-04T18:07:54.514+0300][94,708s][info ][gc] GC(819) Pause Young (Normal) (G1 Evacuation Pause) 642M->29M(1024M) 1,747ms
[2024-08-04T18:07:54.612+0300][94,806s][info ][gc] GC(820) Pause Young (Normal) (G1 Evacuation Pause) 642M->29M(1024M) 1,933ms
[2024-08-04T18:07:54.718+0300][94,911s][info ][gc] GC(821) Pause Young (Normal) (G1 Evacuation Pause) 642M->29M(1024M) 2,142ms
[2024-08-04T18:07:54.832+0300][95,026s][info ][gc] GC(822) Pause Young (Normal) (G1 Evacuation Pause) 642M->29M(1024M) 1,989ms
[2024-08-04T18:07:54.940+0300][95,134s][info ][gc] GC(823) Pause Young (Normal) (G1 Evacuation Pause) 642M->29M(1024M) 2,078ms
[2024-08-04T18:07:55.046+0300][95,240s][info ][gc] GC(824) Pause Young (Normal) (G1 Evacuation Pause) 642M->29M(1024M) 1,764ms
[2024-08-04T18:07:55.162+0300][95,356s][info ][gc] GC(825) Pause Young (Normal) (G1 Evacuation Pause) 642M->29M(1024M) 1,699ms
[2024-08-04T18:07:55.278+0300][95,472s][info ][gc] GC(826) Pause Young (Normal) (G1 Evacuation Pause) 642M->29M(1024M) 1,854ms
[2024-08-04T18:07:55.396+0300][95,589s][info ][gc] GC(827) Pause Young (Normal) (G1 Evacuation Pause) 642M->29M(1024M) 2,387ms
[2024-08-04T18:07:55.512+0300][95,706s][info ][gc] GC(828) Pause Young (Normal) (G1 Evacuation Pause) 642M->29M(1024M) 1,874ms
[2024-08-04T18:07:55.615+0300][95,809s][info ][gc] GC(829) Pause Young (Normal) (G1 Evacuation Pause) 642M->29M(1024M) 2,043ms
[2024-08-04T18:07:55.732+0300][95,926s][info ][gc] GC(830) Pause Young (Normal) (G1 Evacuation Pause) 642M->29M(1024M) 1,944ms
[2024-08-04T18:07:55.843+0300][96,037s][info ][gc] GC(831) Pause Young (Normal) (G1 Evacuation Pause) 642M->29M(1024M) 1,932ms
[2024-08-04T18:07:55.952+0300][96,146s][info ][gc] GC(832) Pause Young (Normal) (G1 Evacuation Pause) 642M->29M(1024M) 1,783ms
[2024-08-04T18:07:56.068+0300][96,262s][info ][gc] GC(833) Pause Young (Normal) (G1 Evacuation Pause) 642M->29M(1024M) 1,708ms
[2024-08-04T18:07:56.187+0300][96,380s][info ][gc] GC(834) Pause Young (Normal) (G1 Evacuation Pause) 642M->29M(1024M) 1,884ms
[2024-08-04T18:07:56.306+0300][96,499s][info ][gc] GC(835) Pause Young (Normal) (G1 Evacuation Pause) 642M->29M(1024M) 2,144ms
[2024-08-04T18:07:56.425+0300][96,619s][info ][gc] GC(836) Pause Young (Normal) (G1 Evacuation Pause) 642M->29M(1024M) 1,706ms
[2024-08-04T18:07:56.535+0300][96,729s][info ][gc] GC(837) Pause Young (Normal) (G1 Evacuation Pause) 642M->29M(1024M) 1,808ms
[2024-08-04T18:07:56.654+0300][96,847s][info ][gc] GC(838) Pause Young (Normal) (G1 Evacuation Pause) 642M->29M(1024M) 1,853ms
[2024-08-04T18:07:56.770+0300][96,963s][info ][gc] GC(839) Pause Young (Normal) (G1 Evacuation Pause) 642M->29M(1024M) 1,764ms
[2024-08-04T18:07:56.877+0300][97,071s][info ][gc] GC(840) Pause Young (Normal) (G1 Evacuation Pause) 642M->29M(1024M) 2,245ms
[2024-08-04T18:07:56.996+0300][97,190s][info ][gc] GC(841) Pause Young (Normal) (G1 Evacuation Pause) 642M->29M(1024M) 2,222ms
[2024-08-04T18:07:57.116+0300][97,310s][info ][gc] GC(842) Pause Young (Normal) (G1 Evacuation Pause) 642M->29M(1024M) 1,691ms
[2024-08-04T18:07:57.229+0300][97,423s][info ][gc] GC(843) Pause Young (Normal) (G1 Evacuation Pause) 642M->29M(1024M) 1,669ms
[2024-08-04T18:07:57.353+0300][97,547s][info ][gc] GC(844) Pause Young (Normal) (G1 Evacuation Pause) 642M->30M(1024M) 2,121ms
[2024-08-04T18:07:57.475+0300][97,669s][info ][gc] GC(845) Pause Young (Normal) (G1 Evacuation Pause) 643M->30M(1024M) 2,100ms
[2024-08-04T18:07:57.599+0300][97,793s][info ][gc] GC(846) Pause Young (Normal) (G1 Evacuation Pause) 643M->30M(1024M) 2,245ms
[2024-08-04T18:07:57.724+0300][97,917s][info ][gc] GC(847) Pause Young (Normal) (G1 Evacuation Pause) 643M->30M(1024M) 1,908ms
[2024-08-04T18:07:57.841+0300][98,035s][info ][gc] GC(848) Pause Young (Normal) (G1 Evacuation Pause) 643M->30M(1024M) 2,189ms
[2024-08-04T18:07:57.959+0300][98,153s][info ][gc] GC(849) Pause Young (Normal) (G1 Evacuation Pause) 643M->30M(1024M) 2,185ms
[2024-08-04T18:07:58.086+0300][98,279s][info ][gc] GC(850) Pause Young (Normal) (G1 Evacuation Pause) 643M->30M(1024M) 1,768ms
[2024-08-04T18:07:58.210+0300][98,404s][info ][gc] GC(851) Pause Young (Normal) (G1 Evacuation Pause) 643M->30M(1024M) 2,123ms
[2024-08-04T18:07:58.334+0300][98,528s][info ][gc] GC(852) Pause Young (Normal) (G1 Evacuation Pause) 643M->30M(1024M) 1,647ms
[2024-08-04T18:07:58.452+0300][98,645s][info ][gc] GC(853) Pause Young (Normal) (G1 Evacuation Pause) 643M->30M(1024M) 2,168ms
[2024-08-04T18:07:58.573+0300][98,766s][info ][gc] GC(854) Pause Young (Normal) (G1 Evacuation Pause) 643M->30M(1024M) 1,777ms
[2024-08-04T18:07:58.694+0300][98,887s][info ][gc] GC(855) Pause Young (Normal) (G1 Evacuation Pause) 643M->30M(1024M) 1,932ms
[2024-08-04T18:07:58.815+0300][99,009s][info ][gc] GC(856) Pause Young (Normal) (G1 Evacuation Pause) 643M->30M(1024M) 1,951ms
[2024-08-04T18:07:58.943+0300][99,137s][info ][gc] GC(857) Pause Young (Normal) (G1 Evacuation Pause) 643M->30M(1024M) 2,213ms
[2024-08-04T18:07:59.072+0300][99,266s][info ][gc] GC(858) Pause Young (Normal) (G1 Evacuation Pause) 643M->30M(1024M) 2,055ms
[2024-08-04T18:07:59.198+0300][99,392s][info ][gc] GC(859) Pause Young (Normal) (G1 Evacuation Pause) 643M->30M(1024M) 2,119ms
[2024-08-04T18:07:59.330+0300][99,524s][info ][gc] GC(860) Pause Young (Normal) (G1 Evacuation Pause) 643M->30M(1024M) 1,770ms
[2024-08-04T18:07:59.445+0300][99,639s][info ][gc] GC(861) Pause Young (Normal) (G1 Evacuation Pause) 643M->30M(1024M) 1,787ms
[2024-08-04T18:07:59.577+0300][99,770s][info ][gc] GC(862) Pause Young (Normal) (G1 Evacuation Pause) 643M->30M(1024M) 1,940ms
[2024-08-04T18:07:59.705+0300][99,898s][info ][gc] GC(863) Pause Young (Normal) (G1 Evacuation Pause) 643M->30M(1024M) 1,786ms
[2024-08-04T18:07:59.837+0300][100,031s][info ][gc] GC(864) Pause Young (Normal) (G1 Evacuation Pause) 643M->30M(1024M) 1,664ms
[2024-08-04T18:07:59.966+0300][100,159s][info ][gc] GC(865) Pause Young (Normal) (G1 Evacuation Pause) 643M->30M(1024M) 1,959ms
[2024-08-04T18:08:00.102+0300][100,295s][info ][gc] GC(866) Pause Young (Normal) (G1 Evacuation Pause) 643M->30M(1024M) 1,771ms
[2024-08-04T18:08:00.235+0300][100,428s][info ][gc] GC(867) Pause Young (Normal) (G1 Evacuation Pause) 643M->30M(1024M) 1,800ms
[2024-08-04T18:08:00.370+0300][100,564s][info ][gc] GC(868) Pause Young (Normal) (G1 Evacuation Pause) 643M->30M(1024M) 1,852ms
[2024-08-04T18:08:00.496+0300][100,689s][info ][gc] GC(869) Pause Young (Normal) (G1 Evacuation Pause) 643M->30M(1024M) 1,856ms
[2024-08-04T18:08:00.633+0300][100,827s][info ][gc] GC(870) Pause Young (Normal) (G1 Evacuation Pause) 643M->30M(1024M) 2,007ms
[2024-08-04T18:08:00.767+0300][100,961s][info ][gc] GC(871) Pause Young (Normal) (G1 Evacuation Pause) 643M->30M(1024M) 1,750ms
[2024-08-04T18:08:00.899+0300][101,093s][info ][gc] GC(872) Pause Young (Normal) (G1 Evacuation Pause) 643M->30M(1024M) 1,671ms
[2024-08-04T18:08:01.033+0300][101,227s][info ][gc] GC(873) Pause Young (Normal) (G1 Evacuation Pause) 643M->30M(1024M) 1,726ms
[2024-08-04T18:08:01.190+0300][101,384s][info ][gc] GC(874) Pause Young (Normal) (G1 Evacuation Pause) 643M->30M(1024M) 2,091ms
[2024-08-04T18:08:01.337+0300][101,531s][info ][gc] GC(875) Pause Young (Normal) (G1 Evacuation Pause) 643M->30M(1024M) 2,088ms
[2024-08-04T18:08:01.451+0300][101,645s][info ][gc] GC(876) Pause Young (Normal) (G1 Evacuation Pause) 643M->30M(1024M) 2,366ms
[2024-08-04T18:08:01.564+0300][101,758s][info ][gc] GC(877) Pause Young (Normal) (G1 Evacuation Pause) 643M->31M(1024M) 2,606ms
[2024-08-04T18:08:01.684+0300][101,878s][info ][gc] GC(878) Pause Young (Normal) (G1 Evacuation Pause) 644M->31M(1024M) 2,610ms
[2024-08-04T18:08:01.801+0300][101,995s][info ][gc] GC(879) Pause Young (Normal) (G1 Evacuation Pause) 644M->31M(1024M) 2,377ms
[2024-08-04T18:08:01.917+0300][102,111s][info ][gc] GC(880) Pause Young (Normal) (G1 Evacuation Pause) 644M->31M(1024M) 2,239ms
[2024-08-04T18:08:02.032+0300][102,225s][info ][gc] GC(881) Pause Young (Normal) (G1 Evacuation Pause) 644M->31M(1024M) 2,452ms
[2024-08-04T18:08:02.147+0300][102,340s][info ][gc] GC(882) Pause Young (Normal) (G1 Evacuation Pause) 644M->31M(1024M) 2,543ms
[2024-08-04T18:08:02.261+0300][102,455s][info ][gc] GC(883) Pause Young (Normal) (G1 Evacuation Pause) 644M->31M(1024M) 2,390ms
[2024-08-04T18:08:02.365+0300][102,559s][info ][gc] GC(884) Pause Young (Normal) (G1 Evacuation Pause) 644M->31M(1024M) 2,376ms
[2024-08-04T18:08:02.469+0300][102,663s][info ][gc] GC(885) Pause Young (Normal) (G1 Evacuation Pause) 644M->31M(1024M) 2,472ms
[2024-08-04T18:08:02.578+0300][102,771s][info ][gc] GC(886) Pause Young (Normal) (G1 Evacuation Pause) 643M->31M(1024M) 2,602ms
[2024-08-04T18:08:02.680+0300][102,874s][info ][gc] GC(887) Pause Young (Normal) (G1 Evacuation Pause) 643M->31M(1024M) 2,416ms
[2024-08-04T18:08:02.793+0300][102,987s][info ][gc] GC(888) Pause Young (Normal) (G1 Evacuation Pause) 643M->31M(1024M) 2,591ms
[2024-08-04T18:08:02.905+0300][103,099s][info ][gc] GC(889) Pause Young (Normal) (G1 Evacuation Pause) 643M->31M(1024M) 2,625ms
[2024-08-04T18:08:03.018+0300][103,212s][info ][gc] GC(890) Pause Young (Normal) (G1 Evacuation Pause) 644M->31M(1024M) 2,678ms
[2024-08-04T18:08:03.115+0300][103,309s][info ][gc] GC(891) Pause Young (Normal) (G1 Evacuation Pause) 644M->31M(1024M) 2,503ms
[2024-08-04T18:08:03.225+0300][103,419s][info ][gc] GC(892) Pause Young (Normal) (G1 Evacuation Pause) 644M->31M(1024M) 2,491ms
[2024-08-04T18:08:03.326+0300][103,520s][info ][gc] GC(893) Pause Young (Normal) (G1 Evacuation Pause) 644M->31M(1024M) 2,578ms
[2024-08-04T18:08:03.437+0300][103,631s][info ][gc] GC(894) Pause Young (Normal) (G1 Evacuation Pause) 644M->31M(1024M) 2,760ms
[2024-08-04T18:08:03.546+0300][103,739s][info ][gc] GC(895) Pause Young (Normal) (G1 Evacuation Pause) 644M->31M(1024M) 2,319ms
[2024-08-04T18:08:03.651+0300][103,845s][info ][gc] GC(896) Pause Young (Normal) (G1 Evacuation Pause) 644M->31M(1024M) 2,347ms
[2024-08-04T18:08:03.764+0300][103,957s][info ][gc] GC(897) Pause Young (Normal) (G1 Evacuation Pause) 644M->31M(1024M) 2,527ms
[2024-08-04T18:08:03.865+0300][104,059s][info ][gc] GC(898) Pause Young (Normal) (G1 Evacuation Pause) 644M->31M(1024M) 2,377ms
[2024-08-04T18:08:03.973+0300][104,167s][info ][gc] GC(899) Pause Young (Normal) (G1 Evacuation Pause) 644M->31M(1024M) 2,302ms
[2024-08-04T18:08:04.074+0300][104,267s][info ][gc] GC(900) Pause Young (Normal) (G1 Evacuation Pause) 644M->32M(1024M) 1,793ms
[2024-08-04T18:08:04.185+0300][104,378s][info ][gc] GC(901) Pause Young (Normal) (G1 Evacuation Pause) 645M->32M(1024M) 2,318ms
[2024-08-04T18:08:04.285+0300][104,479s][info ][gc] GC(902) Pause Young (Normal) (G1 Evacuation Pause) 645M->32M(1024M) 2,284ms
[2024-08-04T18:08:04.382+0300][104,576s][info ][gc] GC(903) Pause Young (Normal) (G1 Evacuation Pause) 645M->32M(1024M) 2,141ms
[2024-08-04T18:08:04.488+0300][104,682s][info ][gc] GC(904) Pause Young (Normal) (G1 Evacuation Pause) 645M->32M(1024M) 2,072ms
[2024-08-04T18:08:04.590+0300][104,783s][info ][gc] GC(905) Pause Young (Normal) (G1 Evacuation Pause) 645M->32M(1024M) 2,107ms
[2024-08-04T18:08:04.686+0300][104,880s][info ][gc] GC(906) Pause Young (Normal) (G1 Evacuation Pause) 645M->32M(1024M) 2,440ms
[2024-08-04T18:08:04.796+0300][104,989s][info ][gc] GC(907) Pause Young (Normal) (G1 Evacuation Pause) 645M->32M(1024M) 2,340ms
[2024-08-04T18:08:04.907+0300][105,100s][info ][gc] GC(908) Pause Young (Normal) (G1 Evacuation Pause) 645M->32M(1024M) 1,993ms
[2024-08-04T18:08:05.017+0300][105,211s][info ][gc] GC(909) Pause Young (Normal) (G1 Evacuation Pause) 645M->32M(1024M) 2,205ms
[2024-08-04T18:08:05.125+0300][105,318s][info ][gc] GC(910) Pause Young (Normal) (G1 Evacuation Pause) 645M->32M(1024M) 2,480ms
[2024-08-04T18:08:05.235+0300][105,429s][info ][gc] GC(911) Pause Young (Normal) (G1 Evacuation Pause) 645M->32M(1024M) 2,217ms
[2024-08-04T18:08:05.343+0300][105,537s][info ][gc] GC(912) Pause Young (Normal) (G1 Evacuation Pause) 645M->32M(1024M) 2,154ms
[2024-08-04T18:08:05.455+0300][105,649s][info ][gc] GC(913) Pause Young (Normal) (G1 Evacuation Pause) 645M->32M(1024M) 2,474ms
[2024-08-04T18:08:05.566+0300][105,760s][info ][gc] GC(914) Pause Young (Normal) (G1 Evacuation Pause) 645M->32M(1024M) 1,819ms
[2024-08-04T18:08:05.674+0300][105,868s][info ][gc] GC(915) Pause Young (Normal) (G1 Evacuation Pause) 645M->32M(1024M) 2,071ms
[2024-08-04T18:08:05.777+0300][105,971s][info ][gc] GC(916) Pause Young (Normal) (G1 Evacuation Pause) 645M->32M(1024M) 1,981ms
[2024-08-04T18:08:05.885+0300][106,079s][info ][gc] GC(917) Pause Young (Normal) (G1 Evacuation Pause) 645M->32M(1024M) 2,075ms
[2024-08-04T18:08:05.995+0300][106,189s][info ][gc] GC(918) Pause Young (Normal) (G1 Evacuation Pause) 645M->32M(1024M) 2,351ms
[2024-08-04T18:08:06.094+0300][106,288s][info ][gc] GC(919) Pause Young (Normal) (G1 Evacuation Pause) 645M->32M(1024M) 2,236ms
[2024-08-04T18:08:06.190+0300][106,383s][info ][gc] GC(920) Pause Young (Normal) (G1 Evacuation Pause) 645M->32M(1024M) 1,821ms
[2024-08-04T18:08:06.301+0300][106,495s][info ][gc] GC(921) Pause Young (Normal) (G1 Evacuation Pause) 645M->32M(1024M) 2,379ms
[2024-08-04T18:08:06.409+0300][106,603s][info ][gc] GC(922) Pause Young (Normal) (G1 Evacuation Pause) 645M->32M(1024M) 2,468ms
[2024-08-04T18:08:06.508+0300][106,702s][info ][gc] GC(923) Pause Young (Normal) (G1 Evacuation Pause) 645M->32M(1024M) 2,274ms
[2024-08-04T18:08:06.604+0300][106,798s][info ][gc] GC(924) Pause Young (Normal) (G1 Evacuation Pause) 645M->32M(1024M) 2,384ms
[2024-08-04T18:08:06.714+0300][106,908s][info ][gc] GC(925) Pause Young (Normal) (G1 Evacuation Pause) 645M->32M(1024M) 2,164ms
[2024-08-04T18:08:06.821+0300][107,015s][info ][gc] GC(926) Pause Young (Normal) (G1 Evacuation Pause) 645M->32M(1024M) 2,325ms
[2024-08-04T18:08:06.922+0300][107,116s][info ][gc] GC(927) Pause Young (Normal) (G1 Evacuation Pause) 645M->32M(1024M) 1,832ms
[2024-08-04T18:08:07.018+0300][107,212s][info ][gc] GC(928) Pause Young (Normal) (G1 Evacuation Pause) 645M->32M(1024M) 2,468ms
[2024-08-04T18:08:07.118+0300][107,312s][info ][gc] GC(929) Pause Young (Normal) (G1 Evacuation Pause) 645M->32M(1024M) 1,975ms
[2024-08-04T18:08:07.229+0300][107,423s][info ][gc] GC(930) Pause Young (Normal) (G1 Evacuation Pause) 645M->32M(1024M) 1,762ms
[2024-08-04T18:08:07.329+0300][107,523s][info ][gc] GC(931) Pause Young (Normal) (G1 Evacuation Pause) 645M->32M(1024M) 1,950ms
[2024-08-04T18:08:07.426+0300][107,620s][info ][gc] GC(932) Pause Young (Normal) (G1 Evacuation Pause) 645M->32M(1024M) 2,117ms
[2024-08-04T18:08:07.540+0300][107,734s][info ][gc] GC(933) Pause Young (Normal) (G1 Evacuation Pause) 645M->33M(1024M) 1,956ms
[2024-08-04T18:08:07.647+0300][107,841s][info ][gc] GC(934) Pause Young (Normal) (G1 Evacuation Pause) 646M->33M(1024M) 2,031ms
[2024-08-04T18:08:07.758+0300][107,952s][info ][gc] GC(935) Pause Young (Normal) (G1 Evacuation Pause) 646M->33M(1024M) 1,877ms
[2024-08-04T18:08:07.871+0300][108,065s][info ][gc] GC(936) Pause Young (Normal) (G1 Evacuation Pause) 646M->33M(1024M) 1,864ms
[2024-08-04T18:08:07.980+0300][108,174s][info ][gc] GC(937) Pause Young (Normal) (G1 Evacuation Pause) 646M->33M(1024M) 2,097ms
[2024-08-04T18:08:08.077+0300][108,271s][info ][gc] GC(938) Pause Young (Normal) (G1 Evacuation Pause) 646M->33M(1024M) 2,130ms
[2024-08-04T18:08:08.188+0300][108,382s][info ][gc] GC(939) Pause Young (Normal) (G1 Evacuation Pause) 646M->33M(1024M) 1,911ms
[2024-08-04T18:08:08.296+0300][108,490s][info ][gc] GC(940) Pause Young (Normal) (G1 Evacuation Pause) 646M->33M(1024M) 2,176ms
[2024-08-04T18:08:08.399+0300][108,592s][info ][gc] GC(941) Pause Young (Normal) (G1 Evacuation Pause) 646M->33M(1024M) 2,406ms
[2024-08-04T18:08:08.496+0300][108,690s][info ][gc] GC(942) Pause Young (Normal) (G1 Evacuation Pause) 646M->33M(1024M) 1,824ms
[2024-08-04T18:08:08.615+0300][108,809s][info ][gc] GC(943) Pause Young (Normal) (G1 Evacuation Pause) 646M->33M(1024M) 2,036ms
[2024-08-04T18:08:08.730+0300][108,923s][info ][gc] GC(944) Pause Young (Normal) (G1 Evacuation Pause) 646M->33M(1024M) 1,844ms
[2024-08-04T18:08:08.841+0300][109,034s][info ][gc] GC(945) Pause Young (Normal) (G1 Evacuation Pause) 646M->33M(1024M) 1,808ms
[2024-08-04T18:08:08.956+0300][109,149s][info ][gc] GC(946) Pause Young (Normal) (G1 Evacuation Pause) 646M->33M(1024M) 2,339ms
[2024-08-04T18:08:09.077+0300][109,271s][info ][gc] GC(947) Pause Young (Normal) (G1 Evacuation Pause) 646M->33M(1024M) 2,351ms
[2024-08-04T18:08:09.193+0300][109,387s][info ][gc] GC(948) Pause Young (Normal) (G1 Evacuation Pause) 646M->33M(1024M) 2,191ms
[2024-08-04T18:08:09.307+0300][109,501s][info ][gc] GC(949) Pause Young (Normal) (G1 Evacuation Pause) 646M->33M(1024M) 1,863ms
[2024-08-04T18:08:09.421+0300][109,614s][info ][gc] GC(950) Pause Young (Normal) (G1 Evacuation Pause) 646M->33M(1024M) 1,796ms
[2024-08-04T18:08:09.544+0300][109,737s][info ][gc] GC(951) Pause Young (Normal) (G1 Evacuation Pause) 646M->33M(1024M) 2,051ms
[2024-08-04T18:08:09.663+0300][109,857s][info ][gc] GC(952) Pause Young (Normal) (G1 Evacuation Pause) 646M->33M(1024M) 1,932ms
[2024-08-04T18:08:09.787+0300][109,981s][info ][gc] GC(953) Pause Young (Normal) (G1 Evacuation Pause) 646M->33M(1024M) 2,113ms
[2024-08-04T18:08:09.897+0300][110,091s][info ][gc] GC(954) Pause Young (Normal) (G1 Evacuation Pause) 646M->33M(1024M) 1,856ms
[2024-08-04T18:08:10.018+0300][110,212s][info ][gc] GC(955) Pause Young (Normal) (G1 Evacuation Pause) 646M->33M(1024M) 2,199ms
[2024-08-04T18:08:10.133+0300][110,327s][info ][gc] GC(956) Pause Young (Normal) (G1 Evacuation Pause) 646M->33M(1024M) 1,805ms
[2024-08-04T18:08:10.250+0300][110,444s][info ][gc] GC(957) Pause Young (Normal) (G1 Evacuation Pause) 646M->33M(1024M) 1,667ms
[2024-08-04T18:08:10.356+0300][110,549s][info ][gc] GC(958) Pause Young (Normal) (G1 Evacuation Pause) 646M->33M(1024M) 1,909ms
[2024-08-04T18:08:10.474+0300][110,668s][info ][gc] GC(959) Pause Young (Normal) (G1 Evacuation Pause) 646M->33M(1024M) 1,880ms
[2024-08-04T18:08:10.590+0300][110,784s][info ][gc] GC(960) Pause Young (Normal) (G1 Evacuation Pause) 646M->33M(1024M) 1,967ms
[2024-08-04T18:08:10.710+0300][110,904s][info ][gc] GC(961) Pause Young (Normal) (G1 Evacuation Pause) 646M->33M(1024M) 2,075ms
[2024-08-04T18:08:10.822+0300][111,016s][info ][gc] GC(962) Pause Young (Normal) (G1 Evacuation Pause) 646M->33M(1024M) 1,840ms
[2024-08-04T18:08:10.944+0300][111,138s][info ][gc] GC(963) Pause Young (Normal) (G1 Evacuation Pause) 646M->33M(1024M) 2,295ms
[2024-08-04T18:08:11.053+0300][111,246s][info ][gc] GC(964) Pause Young (Normal) (G1 Evacuation Pause) 646M->33M(1024M) 2,552ms
[2024-08-04T18:08:11.174+0300][111,368s][info ][gc] GC(965) Pause Young (Normal) (G1 Evacuation Pause) 646M->33M(1024M) 1,787ms
[2024-08-04T18:08:11.298+0300][111,491s][info ][gc] GC(966) Pause Young (Normal) (G1 Evacuation Pause) 646M->33M(1024M) 2,010ms
[2024-08-04T18:08:11.421+0300][111,615s][info ][gc] GC(967) Pause Young (Normal) (G1 Evacuation Pause) 646M->33M(1024M) 1,685ms
[2024-08-04T18:08:11.545+0300][111,739s][info ][gc] GC(968) Pause Young (Normal) (G1 Evacuation Pause) 646M->33M(1024M) 1,898ms
[2024-08-04T18:08:11.664+0300][111,858s][info ][gc] GC(969) Pause Young (Normal) (G1 Evacuation Pause) 646M->33M(1024M) 1,771ms
[2024-08-04T18:08:11.787+0300][111,981s][info ][gc] GC(970) Pause Young (Normal) (G1 Evacuation Pause) 646M->33M(1024M) 1,754ms
[2024-08-04T18:08:11.915+0300][112,108s][info ][gc] GC(971) Pause Young (Normal) (G1 Evacuation Pause) 646M->33M(1024M) 2,225ms
[2024-08-04T18:08:12.040+0300][112,234s][info ][gc] GC(972) Pause Young (Normal) (G1 Evacuation Pause) 646M->34M(1024M) 1,801ms
[2024-08-04T18:08:12.155+0300][112,348s][info ][gc] GC(973) Pause Young (Normal) (G1 Evacuation Pause) 647M->34M(1024M) 2,162ms
[2024-08-04T18:08:12.282+0300][112,475s][info ][gc] GC(974) Pause Young (Normal) (G1 Evacuation Pause) 647M->34M(1024M) 1,971ms
[2024-08-04T18:08:12.408+0300][112,601s][info ][gc] GC(975) Pause Young (Normal) (G1 Evacuation Pause) 647M->34M(1024M) 1,964ms
[2024-08-04T18:08:12.528+0300][112,722s][info ][gc] GC(976) Pause Young (Normal) (G1 Evacuation Pause) 647M->34M(1024M) 1,779ms
[2024-08-04T18:08:12.645+0300][112,838s][info ][gc] GC(977) Pause Young (Normal) (G1 Evacuation Pause) 647M->34M(1024M) 1,931ms
[2024-08-04T18:08:12.769+0300][112,963s][info ][gc] GC(978) Pause Young (Normal) (G1 Evacuation Pause) 647M->34M(1024M) 1,839ms
[2024-08-04T18:08:12.901+0300][113,095s][info ][gc] GC(979) Pause Young (Normal) (G1 Evacuation Pause) 647M->34M(1024M) 1,897ms
[2024-08-04T18:08:13.026+0300][113,220s][info ][gc] GC(980) Pause Young (Normal) (G1 Evacuation Pause) 647M->34M(1024M) 1,955ms
[2024-08-04T18:08:13.159+0300][113,352s][info ][gc] GC(981) Pause Young (Normal) (G1 Evacuation Pause) 647M->34M(1024M) 2,088ms
[2024-08-04T18:08:13.285+0300][113,479s][info ][gc] GC(982) Pause Young (Normal) (G1 Evacuation Pause) 647M->34M(1024M) 1,838ms
[2024-08-04T18:08:13.410+0300][113,604s][info ][gc] GC(983) Pause Young (Normal) (G1 Evacuation Pause) 647M->34M(1024M) 1,976ms
[2024-08-04T18:08:13.541+0300][113,735s][info ][gc] GC(984) Pause Young (Normal) (G1 Evacuation Pause) 647M->34M(1024M) 1,830ms
[2024-08-04T18:08:13.668+0300][113,861s][info ][gc] GC(985) Pause Young (Normal) (G1 Evacuation Pause) 647M->34M(1024M) 2,272ms
[2024-08-04T18:08:13.799+0300][113,993s][info ][gc] GC(986) Pause Young (Normal) (G1 Evacuation Pause) 647M->34M(1024M) 2,233ms
[2024-08-04T18:08:13.933+0300][114,127s][info ][gc] GC(987) Pause Young (Normal) (G1 Evacuation Pause) 647M->34M(1024M) 1,718ms
[2024-08-04T18:08:14.054+0300][114,248s][info ][gc] GC(988) Pause Young (Normal) (G1 Evacuation Pause) 647M->34M(1024M) 1,785ms
[2024-08-04T18:08:14.184+0300][114,378s][info ][gc] GC(989) Pause Young (Normal) (G1 Evacuation Pause) 647M->34M(1024M) 2,047ms
[2024-08-04T18:08:14.305+0300][114,499s][info ][gc] GC(990) Pause Young (Normal) (G1 Evacuation Pause) 647M->34M(1024M) 2,435ms
[2024-08-04T18:08:14.435+0300][114,629s][info ][gc] GC(991) Pause Young (Normal) (G1 Evacuation Pause) 647M->34M(1024M) 1,961ms
[2024-08-04T18:08:14.566+0300][114,760s][info ][gc] GC(992) Pause Young (Normal) (G1 Evacuation Pause) 647M->34M(1024M) 1,848ms
[2024-08-04T18:08:14.698+0300][114,892s][info ][gc] GC(993) Pause Young (Normal) (G1 Evacuation Pause) 647M->34M(1024M) 1,860ms
[2024-08-04T18:08:14.821+0300][115,015s][info ][gc] GC(994) Pause Young (Normal) (G1 Evacuation Pause) 647M->34M(1024M) 1,370ms
[2024-08-04T18:08:14.950+0300][115,143s][info ][gc] GC(995) Pause Young (Normal) (G1 Evacuation Pause) 647M->34M(1024M) 1,760ms
[2024-08-04T18:08:15.074+0300][115,268s][info ][gc] GC(996) Pause Young (Normal) (G1 Evacuation Pause) 647M->34M(1024M) 1,930ms
[2024-08-04T18:08:15.204+0300][115,398s][info ][gc] GC(997) Pause Young (Normal) (G1 Evacuation Pause) 647M->34M(1024M) 1,692ms
[2024-08-04T18:08:15.336+0300][115,530s][info ][gc] GC(998) Pause Young (Normal) (G1 Evacuation Pause) 647M->34M(1024M) 1,917ms
[2024-08-04T18:08:15.525+0300][115,719s][info ][gc] GC(999) Pause Young (Normal) (G1 Evacuation Pause) 647M->34M(1024M) 2,003ms
[2024-08-04T18:08:15.663+0300][115,857s][info ][gc] GC(1000) Pause Young (Normal) (G1 Evacuation Pause) 647M->34M(1024M) 1,997ms
[2024-08-04T18:08:15.779+0300][115,972s][info ][gc] GC(1001) Pause Young (Normal) (G1 Evacuation Pause) 647M->34M(1024M) 2,224ms
[2024-08-04T18:08:15.895+0300][116,088s][info ][gc] GC(1002) Pause Young (Normal) (G1 Evacuation Pause) 647M->34M(1024M) 2,249ms
[2024-08-04T18:08:16.013+0300][116,207s][info ][gc] GC(1003) Pause Young (Normal) (G1 Evacuation Pause) 647M->35M(1024M) 2,420ms
[2024-08-04T18:08:16.132+0300][116,325s][info ][gc] GC(1004) Pause Young (Normal) (G1 Evacuation Pause) 648M->35M(1024M) 2,475ms
[2024-08-04T18:08:16.247+0300][116,441s][info ][gc] GC(1005) Pause Young (Normal) (G1 Evacuation Pause) 648M->35M(1024M) 2,715ms
[2024-08-04T18:08:16.360+0300][116,554s][info ][gc] GC(1006) Pause Young (Normal) (G1 Evacuation Pause) 648M->35M(1024M) 1,883ms
[2024-08-04T18:08:16.463+0300][116,657s][info ][gc] GC(1007) Pause Young (Normal) (G1 Evacuation Pause) 648M->35M(1024M) 2,438ms
[2024-08-04T18:08:16.567+0300][116,761s][info ][gc] GC(1008) Pause Young (Normal) (G1 Evacuation Pause) 648M->35M(1024M) 2,557ms
[2024-08-04T18:08:16.680+0300][116,873s][info ][gc] GC(1009) Pause Young (Normal) (G1 Evacuation Pause) 648M->35M(1024M) 2,167ms
[2024-08-04T18:08:16.790+0300][116,984s][info ][gc] GC(1010) Pause Young (Normal) (G1 Evacuation Pause) 648M->35M(1024M) 2,359ms
[2024-08-04T18:08:16.887+0300][117,081s][info ][gc] GC(1011) Pause Young (Normal) (G1 Evacuation Pause) 647M->35M(1024M) 2,539ms
[2024-08-04T18:08:17.000+0300][117,193s][info ][gc] GC(1012) Pause Young (Normal) (G1 Evacuation Pause) 647M->35M(1024M) 2,437ms
[2024-08-04T18:08:17.111+0300][117,305s][info ][gc] GC(1013) Pause Young (Normal) (G1 Evacuation Pause) 647M->35M(1024M) 2,476ms
[2024-08-04T18:08:17.221+0300][117,415s][info ][gc] GC(1014) Pause Young (Normal) (G1 Evacuation Pause) 647M->35M(1024M) 2,460ms
[2024-08-04T18:08:17.334+0300][117,527s][info ][gc] GC(1015) Pause Young (Normal) (G1 Evacuation Pause) 648M->35M(1024M) 2,299ms
[2024-08-04T18:08:17.445+0300][117,639s][info ][gc] GC(1016) Pause Young (Normal) (G1 Evacuation Pause) 648M->35M(1024M) 2,273ms
[2024-08-04T18:08:17.557+0300][117,751s][info ][gc] GC(1017) Pause Young (Normal) (G1 Evacuation Pause) 648M->35M(1024M) 2,332ms
[2024-08-04T18:08:17.669+0300][117,863s][info ][gc] GC(1018) Pause Young (Normal) (G1 Evacuation Pause) 648M->35M(1024M) 2,445ms
[2024-08-04T18:08:17.775+0300][117,969s][info ][gc] GC(1019) Pause Young (Normal) (G1 Evacuation Pause) 648M->35M(1024M) 2,412ms
[2024-08-04T18:08:17.886+0300][118,080s][info ][gc] GC(1020) Pause Young (Normal) (G1 Evacuation Pause) 648M->35M(1024M) 2,212ms
[2024-08-04T18:08:17.998+0300][118,192s][info ][gc] GC(1021) Pause Young (Normal) (G1 Evacuation Pause) 648M->35M(1024M) 2,316ms
[2024-08-04T18:08:18.109+0300][118,303s][info ][gc] GC(1022) Pause Young (Normal) (G1 Evacuation Pause) 648M->35M(1024M) 2,387ms
[2024-08-04T18:08:18.212+0300][118,405s][info ][gc] GC(1023) Pause Young (Normal) (G1 Evacuation Pause) 648M->35M(1024M) 2,171ms
[2024-08-04T18:08:18.314+0300][118,507s][info ][gc] GC(1024) Pause Young (Normal) (G1 Evacuation Pause) 648M->36M(1024M) 2,252ms
[2024-08-04T18:08:18.426+0300][118,620s][info ][gc] GC(1025) Pause Young (Normal) (G1 Evacuation Pause) 649M->36M(1024M) 2,404ms
[2024-08-04T18:08:18.537+0300][118,731s][info ][gc] GC(1026) Pause Young (Normal) (G1 Evacuation Pause) 649M->36M(1024M) 2,351ms
[2024-08-04T18:08:18.648+0300][118,842s][info ][gc] GC(1027) Pause Young (Normal) (G1 Evacuation Pause) 649M->36M(1024M) 2,145ms
[2024-08-04T18:08:18.759+0300][118,953s][info ][gc] GC(1028) Pause Young (Normal) (G1 Evacuation Pause) 649M->36M(1024M) 2,020ms
[2024-08-04T18:08:18.865+0300][119,059s][info ][gc] GC(1029) Pause Young (Normal) (G1 Evacuation Pause) 649M->36M(1024M) 2,265ms
[2024-08-04T18:08:18.978+0300][119,171s][info ][gc] GC(1030) Pause Young (Normal) (G1 Evacuation Pause) 649M->36M(1024M) 2,392ms
[2024-08-04T18:08:19.088+0300][119,282s][info ][gc] GC(1031) Pause Young (Normal) (G1 Evacuation Pause) 649M->36M(1024M) 2,087ms
[2024-08-04T18:08:19.185+0300][119,379s][info ][gc] GC(1032) Pause Young (Normal) (G1 Evacuation Pause) 649M->36M(1024M) 2,344ms
[2024-08-04T18:08:19.287+0300][119,481s][info ][gc] GC(1033) Pause Young (Normal) (G1 Evacuation Pause) 649M->36M(1024M) 2,198ms
[2024-08-04T18:08:19.398+0300][119,592s][info ][gc] GC(1034) Pause Young (Normal) (G1 Evacuation Pause) 649M->36M(1024M) 2,049ms
[2024-08-04T18:08:19.509+0300][119,703s][info ][gc] GC(1035) Pause Young (Normal) (G1 Evacuation Pause) 649M->36M(1024M) 2,055ms
[2024-08-04T18:08:19.611+0300][119,804s][info ][gc] GC(1036) Pause Young (Normal) (G1 Evacuation Pause) 649M->36M(1024M) 2,038ms
[2024-08-04T18:08:19.712+0300][119,906s][info ][gc] GC(1037) Pause Young (Normal) (G1 Evacuation Pause) 649M->36M(1024M) 1,871ms
[2024-08-04T18:08:19.814+0300][120,007s][info ][gc] GC(1038) Pause Young (Normal) (G1 Evacuation Pause) 649M->36M(1024M) 2,270ms
[2024-08-04T18:08:19.916+0300][120,110s][info ][gc] GC(1039) Pause Young (Normal) (G1 Evacuation Pause) 649M->36M(1024M) 2,324ms
[2024-08-04T18:08:20.027+0300][120,220s][info ][gc] GC(1040) Pause Young (Normal) (G1 Evacuation Pause) 649M->36M(1024M) 1,798ms
[2024-08-04T18:08:20.137+0300][120,331s][info ][gc] GC(1041) Pause Young (Normal) (G1 Evacuation Pause) 649M->36M(1024M) 1,922ms
[2024-08-04T18:08:20.249+0300][120,442s][info ][gc] GC(1042) Pause Young (Normal) (G1 Evacuation Pause) 649M->36M(1024M) 2,046ms
[2024-08-04T18:08:20.360+0300][120,554s][info ][gc] GC(1043) Pause Young (Normal) (G1 Evacuation Pause) 649M->36M(1024M) 1,742ms
[2024-08-04T18:08:20.457+0300][120,650s][info ][gc] GC(1044) Pause Young (Normal) (G1 Evacuation Pause) 649M->36M(1024M) 1,989ms
[2024-08-04T18:08:20.563+0300][120,756s][info ][gc] GC(1045) Pause Young (Normal) (G1 Evacuation Pause) 649M->36M(1024M) 2,091ms
[2024-08-04T18:08:20.658+0300][120,852s][info ][gc] GC(1046) Pause Young (Normal) (G1 Evacuation Pause) 649M->36M(1024M) 1,815ms
[2024-08-04T18:08:20.769+0300][120,963s][info ][gc] GC(1047) Pause Young (Normal) (G1 Evacuation Pause) 649M->36M(1024M) 2,175ms
[2024-08-04T18:08:20.870+0300][121,064s][info ][gc] GC(1048) Pause Young (Normal) (G1 Evacuation Pause) 649M->36M(1024M) 1,861ms
[2024-08-04T18:08:20.971+0300][121,164s][info ][gc] GC(1049) Pause Young (Normal) (G1 Evacuation Pause) 649M->36M(1024M) 1,858ms
[2024-08-04T18:08:21.071+0300][121,265s][info ][gc] GC(1050) Pause Young (Normal) (G1 Evacuation Pause) 649M->36M(1024M) 2,131ms
[2024-08-04T18:08:21.174+0300][121,368s][info ][gc] GC(1051) Pause Young (Normal) (G1 Evacuation Pause) 649M->36M(1024M) 1,894ms
[2024-08-04T18:08:21.281+0300][121,475s][info ][gc] GC(1052) Pause Young (Normal) (G1 Evacuation Pause) 649M->36M(1024M) 2,065ms
[2024-08-04T18:08:21.392+0300][121,586s][info ][gc] GC(1053) Pause Young (Normal) (G1 Evacuation Pause) 649M->36M(1024M) 1,950ms
[2024-08-04T18:08:21.487+0300][121,681s][info ][gc] GC(1054) Pause Young (Normal) (G1 Evacuation Pause) 649M->36M(1024M) 2,007ms
[2024-08-04T18:08:21.589+0300][121,783s][info ][gc] GC(1055) Pause Young (Normal) (G1 Evacuation Pause) 649M->36M(1024M) 1,967ms
[2024-08-04T18:08:21.695+0300][121,889s][info ][gc] GC(1056) Pause Young (Normal) (G1 Evacuation Pause) 649M->36M(1024M) 1,975ms
[2024-08-04T18:08:21.792+0300][121,986s][info ][gc] GC(1057) Pause Young (Normal) (G1 Evacuation Pause) 649M->37M(1024M) 1,980ms
[2024-08-04T18:08:21.903+0300][122,097s][info ][gc] GC(1058) Pause Young (Normal) (G1 Evacuation Pause) 650M->37M(1024M) 2,295ms
[2024-08-04T18:08:22.007+0300][122,200s][info ][gc] GC(1059) Pause Young (Normal) (G1 Evacuation Pause) 650M->37M(1024M) 2,183ms
[2024-08-04T18:08:22.114+0300][122,308s][info ][gc] GC(1060) Pause Young (Normal) (G1 Evacuation Pause) 650M->37M(1024M) 2,075ms
[2024-08-04T18:08:22.225+0300][122,419s][info ][gc] GC(1061) Pause Young (Normal) (G1 Evacuation Pause) 650M->37M(1024M) 1,810ms
[2024-08-04T18:08:22.337+0300][122,530s][info ][gc] GC(1062) Pause Young (Normal) (G1 Evacuation Pause) 650M->37M(1024M) 1,772ms
[2024-08-04T18:08:22.451+0300][122,645s][info ][gc] GC(1063) Pause Young (Normal) (G1 Evacuation Pause) 650M->37M(1024M) 2,128ms
[2024-08-04T18:08:22.563+0300][122,757s][info ][gc] GC(1064) Pause Young (Normal) (G1 Evacuation Pause) 650M->37M(1024M) 1,854ms
[2024-08-04T18:08:22.667+0300][122,861s][info ][gc] GC(1065) Pause Young (Normal) (G1 Evacuation Pause) 650M->37M(1024M) 1,962ms
[2024-08-04T18:08:22.779+0300][122,972s][info ][gc] GC(1066) Pause Young (Normal) (G1 Evacuation Pause) 650M->37M(1024M) 1,911ms
[2024-08-04T18:08:22.895+0300][123,088s][info ][gc] GC(1067) Pause Young (Normal) (G1 Evacuation Pause) 650M->37M(1024M) 1,755ms
[2024-08-04T18:08:23.008+0300][123,202s][info ][gc] GC(1068) Pause Young (Normal) (G1 Evacuation Pause) 650M->37M(1024M) 2,012ms
[2024-08-04T18:08:23.116+0300][123,309s][info ][gc] GC(1069) Pause Young (Normal) (G1 Evacuation Pause) 650M->37M(1024M) 1,782ms
[2024-08-04T18:08:23.220+0300][123,414s][info ][gc] GC(1070) Pause Young (Normal) (G1 Evacuation Pause) 650M->37M(1024M) 1,697ms
[2024-08-04T18:08:23.335+0300][123,528s][info ][gc] GC(1071) Pause Young (Normal) (G1 Evacuation Pause) 650M->37M(1024M) 2,332ms
[2024-08-04T18:08:23.441+0300][123,635s][info ][gc] GC(1072) Pause Young (Normal) (G1 Evacuation Pause) 650M->37M(1024M) 2,039ms
[2024-08-04T18:08:23.553+0300][123,746s][info ][gc] GC(1073) Pause Young (Normal) (G1 Evacuation Pause) 650M->37M(1024M) 1,953ms
[2024-08-04T18:08:23.669+0300][123,862s][info ][gc] GC(1074) Pause Young (Normal) (G1 Evacuation Pause) 650M->37M(1024M) 1,839ms
[2024-08-04T18:08:23.790+0300][123,984s][info ][gc] GC(1075) Pause Young (Normal) (G1 Evacuation Pause) 650M->37M(1024M) 2,369ms
[2024-08-04T18:08:23.905+0300][124,099s][info ][gc] GC(1076) Pause Young (Normal) (G1 Evacuation Pause) 650M->37M(1024M) 1,666ms
[2024-08-04T18:08:24.027+0300][124,221s][info ][gc] GC(1077) Pause Young (Normal) (G1 Evacuation Pause) 650M->37M(1024M) 1,997ms
[2024-08-04T18:08:24.144+0300][124,338s][info ][gc] GC(1078) Pause Young (Normal) (G1 Evacuation Pause) 650M->37M(1024M) 1,854ms
[2024-08-04T18:08:24.266+0300][124,459s][info ][gc] GC(1079) Pause Young (Normal) (G1 Evacuation Pause) 650M->37M(1024M) 1,999ms
[2024-08-04T18:08:24.383+0300][124,577s][info ][gc] GC(1080) Pause Young (Normal) (G1 Evacuation Pause) 650M->37M(1024M) 2,238ms
[2024-08-04T18:08:24.498+0300][124,691s][info ][gc] GC(1081) Pause Young (Normal) (G1 Evacuation Pause) 650M->37M(1024M) 2,075ms
[2024-08-04T18:08:24.615+0300][124,809s][info ][gc] GC(1082) Pause Young (Normal) (G1 Evacuation Pause) 650M->37M(1024M) 2,078ms
[2024-08-04T18:08:24.738+0300][124,932s][info ][gc] GC(1083) Pause Young (Normal) (G1 Evacuation Pause) 650M->37M(1024M) 1,962ms
[2024-08-04T18:08:24.855+0300][125,049s][info ][gc] GC(1084) Pause Young (Normal) (G1 Evacuation Pause) 650M->37M(1024M) 1,846ms
[2024-08-04T18:08:24.970+0300][125,164s][info ][gc] GC(1085) Pause Young (Normal) (G1 Evacuation Pause) 650M->37M(1024M) 1,912ms
[2024-08-04T18:08:25.085+0300][125,279s][info ][gc] GC(1086) Pause Young (Normal) (G1 Evacuation Pause) 650M->37M(1024M) 2,156ms
[2024-08-04T18:08:25.194+0300][125,388s][info ][gc] GC(1087) Pause Young (Normal) (G1 Evacuation Pause) 650M->37M(1024M) 2,011ms
[2024-08-04T18:08:25.299+0300][125,492s][info ][gc] GC(1088) Pause Young (Normal) (G1 Evacuation Pause) 650M->37M(1024M) 2,171ms
[2024-08-04T18:08:25.423+0300][125,616s][info ][gc] GC(1089) Pause Young (Normal) (G1 Evacuation Pause) 650M->37M(1024M) 2,149ms
[2024-08-04T18:08:25.530+0300][125,724s][info ][gc] GC(1090) Pause Young (Normal) (G1 Evacuation Pause) 650M->37M(1024M) 2,003ms
[2024-08-04T18:08:25.651+0300][125,844s][info ][gc] GC(1091) Pause Young (Normal) (G1 Evacuation Pause) 650M->37M(1024M) 2,104ms
[2024-08-04T18:08:25.765+0300][125,959s][info ][gc] GC(1092) Pause Young (Normal) (G1 Evacuation Pause) 650M->37M(1024M) 2,050ms
[2024-08-04T18:08:25.882+0300][126,075s][info ][gc] GC(1093) Pause Young (Normal) (G1 Evacuation Pause) 650M->37M(1024M) 1,846ms
[2024-08-04T18:08:25.999+0300][126,192s][info ][gc] GC(1094) Pause Young (Normal) (G1 Evacuation Pause) 650M->37M(1024M) 2,448ms
[2024-08-04T18:08:26.119+0300][126,312s][info ][gc] GC(1095) Pause Young (Normal) (G1 Evacuation Pause) 650M->37M(1024M) 2,242ms
[2024-08-04T18:08:26.236+0300][126,430s][info ][gc] GC(1096) Pause Young (Normal) (G1 Evacuation Pause) 650M->38M(1024M) 1,943ms
[2024-08-04T18:08:26.357+0300][126,551s][info ][gc] GC(1097) Pause Young (Normal) (G1 Evacuation Pause) 651M->38M(1024M) 2,030ms
[2024-08-04T18:08:26.472+0300][126,665s][info ][gc] GC(1098) Pause Young (Normal) (G1 Evacuation Pause) 651M->38M(1024M) 2,325ms
[2024-08-04T18:08:26.592+0300][126,786s][info ][gc] GC(1099) Pause Young (Normal) (G1 Evacuation Pause) 651M->38M(1024M) 2,503ms
[2024-08-04T18:08:26.707+0300][126,901s][info ][gc] GC(1100) Pause Young (Normal) (G1 Evacuation Pause) 651M->38M(1024M) 2,103ms
[2024-08-04T18:08:26.821+0300][127,015s][info ][gc] GC(1101) Pause Young (Normal) (G1 Evacuation Pause) 651M->38M(1024M) 2,529ms
[2024-08-04T18:08:26.931+0300][127,125s][info ][gc] GC(1102) Pause Young (Normal) (G1 Evacuation Pause) 651M->38M(1024M) 2,443ms
[2024-08-04T18:08:27.051+0300][127,245s][info ][gc] GC(1103) Pause Young (Normal) (G1 Evacuation Pause) 651M->38M(1024M) 2,648ms
[2024-08-04T18:08:27.172+0300][127,365s][info ][gc] GC(1104) Pause Young (Normal) (G1 Evacuation Pause) 651M->38M(1024M) 2,118ms
[2024-08-04T18:08:27.298+0300][127,492s][info ][gc] GC(1105) Pause Young (Normal) (G1 Evacuation Pause) 651M->38M(1024M) 2,319ms
[2024-08-04T18:08:27.418+0300][127,612s][info ][gc] GC(1106) Pause Young (Normal) (G1 Evacuation Pause) 651M->38M(1024M) 1,955ms
[2024-08-04T18:08:27.545+0300][127,739s][info ][gc] GC(1107) Pause Young (Normal) (G1 Evacuation Pause) 651M->38M(1024M) 2,221ms
[2024-08-04T18:08:27.657+0300][127,851s][info ][gc] GC(1108) Pause Young (Normal) (G1 Evacuation Pause) 651M->38M(1024M) 2,082ms
[2024-08-04T18:08:27.778+0300][127,972s][info ][gc] GC(1109) Pause Young (Normal) (G1 Evacuation Pause) 651M->38M(1024M) 1,672ms
[2024-08-04T18:08:27.893+0300][128,086s][info ][gc] GC(1110) Pause Young (Normal) (G1 Evacuation Pause) 651M->38M(1024M) 2,143ms
[2024-08-04T18:08:28.026+0300][128,219s][info ][gc] GC(1111) Pause Young (Normal) (G1 Evacuation Pause) 651M->38M(1024M) 1,536ms
[2024-08-04T18:08:28.147+0300][128,341s][info ][gc] GC(1112) Pause Young (Normal) (G1 Evacuation Pause) 651M->38M(1024M) 2,205ms
[2024-08-04T18:08:28.274+0300][128,468s][info ][gc] GC(1113) Pause Young (Normal) (G1 Evacuation Pause) 651M->38M(1024M) 2,265ms
[2024-08-04T18:08:28.406+0300][128,599s][info ][gc] GC(1114) Pause Young (Normal) (G1 Evacuation Pause) 651M->38M(1024M) 1,856ms
[2024-08-04T18:08:28.539+0300][128,732s][info ][gc] GC(1115) Pause Young (Normal) (G1 Evacuation Pause) 651M->38M(1024M) 1,752ms
[2024-08-04T18:08:28.666+0300][128,860s][info ][gc] GC(1116) Pause Young (Normal) (G1 Evacuation Pause) 651M->38M(1024M) 1,781ms
[2024-08-04T18:08:28.798+0300][128,992s][info ][gc] GC(1117) Pause Young (Normal) (G1 Evacuation Pause) 651M->38M(1024M) 2,228ms
[2024-08-04T18:08:28.927+0300][129,121s][info ][gc] GC(1118) Pause Young (Normal) (G1 Evacuation Pause) 651M->38M(1024M) 1,947ms
[2024-08-04T18:08:29.064+0300][129,258s][info ][gc] GC(1119) Pause Young (Normal) (G1 Evacuation Pause) 651M->38M(1024M) 1,699ms
[2024-08-04T18:08:29.193+0300][129,387s][info ][gc] GC(1120) Pause Young (Normal) (G1 Evacuation Pause) 651M->38M(1024M) 2,054ms
[2024-08-04T18:08:29.325+0300][129,518s][info ][gc] GC(1121) Pause Young (Normal) (G1 Evacuation Pause) 651M->38M(1024M) 2,059ms
[2024-08-04T18:08:29.453+0300][129,646s][info ][gc] GC(1122) Pause Young (Normal) (G1 Evacuation Pause) 651M->38M(1024M) 2,022ms
[2024-08-04T18:08:29.591+0300][129,785s][info ][gc] GC(1123) Pause Young (Normal) (G1 Evacuation Pause) 651M->38M(1024M) 1,771ms
[2024-08-04T18:08:29.835+0300][130,029s][info ][gc] GC(1124) Pause Young (Normal) (G1 Evacuation Pause) 651M->38M(1024M) 2,266ms
[2024-08-04T18:08:29.970+0300][130,164s][info ][gc] GC(1125) Pause Young (Normal) (G1 Evacuation Pause) 651M->38M(1024M) 2,239ms
[2024-08-04T18:08:30.097+0300][130,290s][info ][gc] GC(1126) Pause Young (Normal) (G1 Evacuation Pause) 651M->38M(1024M) 2,212ms
[2024-08-04T18:08:30.218+0300][130,412s][info ][gc] GC(1127) Pause Young (Normal) (G1 Evacuation Pause) 651M->39M(1024M) 2,165ms
[2024-08-04T18:08:30.336+0300][130,530s][info ][gc] GC(1128) Pause Young (Normal) (G1 Evacuation Pause) 652M->39M(1024M) 2,210ms
[2024-08-04T18:08:30.451+0300][130,644s][info ][gc] GC(1129) Pause Young (Normal) (G1 Evacuation Pause) 652M->39M(1024M) 2,209ms
[2024-08-04T18:08:30.565+0300][130,759s][info ][gc] GC(1130) Pause Young (Normal) (G1 Evacuation Pause) 652M->39M(1024M) 2,173ms
[2024-08-04T18:08:30.679+0300][130,873s][info ][gc] GC(1131) Pause Young (Normal) (G1 Evacuation Pause) 652M->39M(1024M) 2,327ms
[2024-08-04T18:08:30.793+0300][130,987s][info ][gc] GC(1132) Pause Young (Normal) (G1 Evacuation Pause) 652M->39M(1024M) 2,291ms
[2024-08-04T18:08:30.900+0300][131,094s][info ][gc] GC(1133) Pause Young (Normal) (G1 Evacuation Pause) 652M->39M(1024M) 2,501ms
[2024-08-04T18:08:31.013+0300][131,207s][info ][gc] GC(1134) Pause Young (Normal) (G1 Evacuation Pause) 652M->39M(1024M) 2,326ms
[2024-08-04T18:08:31.120+0300][131,314s][info ][gc] GC(1135) Pause Young (Normal) (G1 Evacuation Pause) 652M->39M(1024M) 2,456ms
[2024-08-04T18:08:31.224+0300][131,418s][info ][gc] GC(1136) Pause Young (Normal) (G1 Evacuation Pause) 651M->39M(1024M) 2,394ms
[2024-08-04T18:08:31.329+0300][131,523s][info ][gc] GC(1137) Pause Young (Normal) (G1 Evacuation Pause) 651M->39M(1024M) 2,434ms
[2024-08-04T18:08:31.432+0300][131,626s][info ][gc] GC(1138) Pause Young (Normal) (G1 Evacuation Pause) 651M->39M(1024M) 2,510ms
[2024-08-04T18:08:31.533+0300][131,727s][info ][gc] GC(1139) Pause Young (Normal) (G1 Evacuation Pause) 651M->39M(1024M) 2,142ms
[2024-08-04T18:08:31.645+0300][131,839s][info ][gc] GC(1140) Pause Young (Normal) (G1 Evacuation Pause) 652M->39M(1024M) 2,375ms
[2024-08-04T18:08:31.757+0300][131,950s][info ][gc] GC(1141) Pause Young (Normal) (G1 Evacuation Pause) 652M->39M(1024M) 2,143ms
[2024-08-04T18:08:31.869+0300][132,063s][info ][gc] GC(1142) Pause Young (Normal) (G1 Evacuation Pause) 652M->39M(1024M) 2,138ms
[2024-08-04T18:08:31.972+0300][132,166s][info ][gc] GC(1143) Pause Young (Normal) (G1 Evacuation Pause) 652M->39M(1024M) 2,460ms
[2024-08-04T18:08:32.081+0300][132,275s][info ][gc] GC(1144) Pause Young (Normal) (G1 Evacuation Pause) 652M->39M(1024M) 2,441ms
[2024-08-04T18:08:32.177+0300][132,371s][info ][gc] GC(1145) Pause Young (Normal) (G1 Evacuation Pause) 652M->39M(1024M) 2,291ms
[2024-08-04T18:08:32.288+0300][132,481s][info ][gc] GC(1146) Pause Young (Normal) (G1 Evacuation Pause) 652M->39M(1024M) 2,599ms
[2024-08-04T18:08:32.384+0300][132,578s][info ][gc] GC(1147) Pause Young (Normal) (G1 Evacuation Pause) 652M->39M(1024M) 2,744ms
[2024-08-04T18:08:32.481+0300][132,675s][info ][gc] GC(1148) Pause Young (Normal) (G1 Evacuation Pause) 652M->39M(1024M) 2,512ms
[2024-08-04T18:08:32.589+0300][132,783s][info ][gc] GC(1149) Pause Young (Normal) (G1 Evacuation Pause) 652M->39M(1024M) 2,152ms
[2024-08-04T18:08:32.695+0300][132,889s][info ][gc] GC(1150) Pause Young (Normal) (G1 Evacuation Pause) 652M->40M(1024M) 2,068ms
[2024-08-04T18:08:32.803+0300][132,997s][info ][gc] GC(1151) Pause Young (Normal) (G1 Evacuation Pause) 653M->40M(1024M) 2,621ms
[2024-08-04T18:08:32.914+0300][133,108s][info ][gc] GC(1152) Pause Young (Normal) (G1 Evacuation Pause) 653M->40M(1024M) 2,046ms
[2024-08-04T18:08:33.019+0300][133,213s][info ][gc] GC(1153) Pause Young (Normal) (G1 Evacuation Pause) 653M->40M(1024M) 2,059ms
[2024-08-04T18:08:33.116+0300][133,309s][info ][gc] GC(1154) Pause Young (Normal) (G1 Evacuation Pause) 653M->40M(1024M) 2,373ms
[2024-08-04T18:08:33.223+0300][133,417s][info ][gc] GC(1155) Pause Young (Normal) (G1 Evacuation Pause) 653M->40M(1024M) 2,295ms
[2024-08-04T18:08:33.319+0300][133,513s][info ][gc] GC(1156) Pause Young (Normal) (G1 Evacuation Pause) 653M->40M(1024M) 2,052ms
[2024-08-04T18:08:33.415+0300][133,609s][info ][gc] GC(1157) Pause Young (Normal) (G1 Evacuation Pause) 653M->40M(1024M) 2,187ms
[2024-08-04T18:08:33.527+0300][133,721s][info ][gc] GC(1158) Pause Young (Normal) (G1 Evacuation Pause) 653M->40M(1024M) 2,413ms
[2024-08-04T18:08:33.623+0300][133,817s][info ][gc] GC(1159) Pause Young (Normal) (G1 Evacuation Pause) 653M->40M(1024M) 1,967ms
[2024-08-04T18:08:33.730+0300][133,924s][info ][gc] GC(1160) Pause Young (Normal) (G1 Evacuation Pause) 653M->40M(1024M) 2,213ms
[2024-08-04T18:08:33.838+0300][134,032s][info ][gc] GC(1161) Pause Young (Normal) (G1 Evacuation Pause) 653M->40M(1024M) 2,356ms
[2024-08-04T18:08:33.945+0300][134,139s][info ][gc] GC(1162) Pause Young (Normal) (G1 Evacuation Pause) 653M->40M(1024M) 2,099ms
[2024-08-04T18:08:34.053+0300][134,247s][info ][gc] GC(1163) Pause Young (Normal) (G1 Evacuation Pause) 653M->40M(1024M) 1,800ms
[2024-08-04T18:08:34.160+0300][134,354s][info ][gc] GC(1164) Pause Young (Normal) (G1 Evacuation Pause) 653M->40M(1024M) 1,897ms
[2024-08-04T18:08:34.264+0300][134,458s][info ][gc] GC(1165) Pause Young (Normal) (G1 Evacuation Pause) 653M->40M(1024M) 1,848ms
[2024-08-04T18:08:34.362+0300][134,555s][info ][gc] GC(1166) Pause Young (Normal) (G1 Evacuation Pause) 653M->40M(1024M) 2,059ms
[2024-08-04T18:08:34.471+0300][134,664s][info ][gc] GC(1167) Pause Young (Normal) (G1 Evacuation Pause) 653M->40M(1024M) 2,129ms
[2024-08-04T18:08:34.580+0300][134,774s][info ][gc] GC(1168) Pause Young (Normal) (G1 Evacuation Pause) 653M->40M(1024M) 1,887ms
[2024-08-04T18:08:34.684+0300][134,878s][info ][gc] GC(1169) Pause Young (Normal) (G1 Evacuation Pause) 653M->40M(1024M) 1,670ms
[2024-08-04T18:08:34.794+0300][134,987s][info ][gc] GC(1170) Pause Young (Normal) (G1 Evacuation Pause) 653M->40M(1024M) 2,148ms
[2024-08-04T18:08:34.908+0300][135,101s][info ][gc] GC(1171) Pause Young (Normal) (G1 Evacuation Pause) 653M->40M(1024M) 2,235ms
[2024-08-04T18:08:35.023+0300][135,217s][info ][gc] GC(1172) Pause Young (Normal) (G1 Evacuation Pause) 653M->40M(1024M) 2,211ms
[2024-08-04T18:08:35.128+0300][135,322s][info ][gc] GC(1173) Pause Young (Normal) (G1 Evacuation Pause) 653M->40M(1024M) 2,102ms
[2024-08-04T18:08:35.229+0300][135,423s][info ][gc] GC(1174) Pause Young (Normal) (G1 Evacuation Pause) 653M->40M(1024M) 2,139ms
[2024-08-04T18:08:35.332+0300][135,525s][info ][gc] GC(1175) Pause Young (Normal) (G1 Evacuation Pause) 653M->40M(1024M) 2,112ms
[2024-08-04T18:08:35.445+0300][135,639s][info ][gc] GC(1176) Pause Young (Normal) (G1 Evacuation Pause) 653M->40M(1024M) 2,246ms
[2024-08-04T18:08:35.545+0300][135,739s][info ][gc] GC(1177) Pause Young (Normal) (G1 Evacuation Pause) 653M->40M(1024M) 2,473ms
[2024-08-04T18:08:35.649+0300][135,843s][info ][gc] GC(1178) Pause Young (Normal) (G1 Evacuation Pause) 653M->40M(1024M) 2,259ms
[2024-08-04T18:08:35.760+0300][135,954s][info ][gc] GC(1179) Pause Young (Normal) (G1 Evacuation Pause) 653M->40M(1024M) 2,223ms
[2024-08-04T18:08:35.862+0300][136,056s][info ][gc] GC(1180) Pause Young (Normal) (G1 Evacuation Pause) 653M->40M(1024M) 2,247ms
[2024-08-04T18:08:35.976+0300][136,169s][info ][gc] GC(1181) Pause Young (Normal) (G1 Evacuation Pause) 653M->40M(1024M) 2,190ms
[2024-08-04T18:08:36.082+0300][136,276s][info ][gc] GC(1182) Pause Young (Normal) (G1 Evacuation Pause) 653M->41M(1024M) 2,213ms
[2024-08-04T18:08:36.188+0300][136,381s][info ][gc] GC(1183) Pause Young (Normal) (G1 Evacuation Pause) 654M->41M(1024M) 2,084ms
[2024-08-04T18:08:36.306+0300][136,500s][info ][gc] GC(1184) Pause Young (Normal) (G1 Evacuation Pause) 654M->41M(1024M) 2,186ms
[2024-08-04T18:08:36.412+0300][136,606s][info ][gc] GC(1185) Pause Young (Normal) (G1 Evacuation Pause) 654M->41M(1024M) 2,062ms
[2024-08-04T18:08:36.520+0300][136,713s][info ][gc] GC(1186) Pause Young (Normal) (G1 Evacuation Pause) 654M->41M(1024M) 2,014ms
[2024-08-04T18:08:36.631+0300][136,824s][info ][gc] GC(1187) Pause Young (Normal) (G1 Evacuation Pause) 654M->41M(1024M) 2,077ms
[2024-08-04T18:08:36.742+0300][136,936s][info ][gc] GC(1188) Pause Young (Normal) (G1 Evacuation Pause) 654M->41M(1024M) 2,164ms
[2024-08-04T18:08:36.859+0300][137,052s][info ][gc] GC(1189) Pause Young (Normal) (G1 Evacuation Pause) 654M->41M(1024M) 2,404ms
[2024-08-04T18:08:36.976+0300][137,170s][info ][gc] GC(1190) Pause Young (Normal) (G1 Evacuation Pause) 654M->41M(1024M) 2,534ms
[2024-08-04T18:08:37.089+0300][137,282s][info ][gc] GC(1191) Pause Young (Normal) (G1 Evacuation Pause) 654M->41M(1024M) 1,823ms
[2024-08-04T18:08:37.205+0300][137,399s][info ][gc] GC(1192) Pause Young (Normal) (G1 Evacuation Pause) 654M->41M(1024M) 1,759ms
[2024-08-04T18:08:37.321+0300][137,514s][info ][gc] GC(1193) Pause Young (Normal) (G1 Evacuation Pause) 654M->41M(1024M) 1,778ms
[2024-08-04T18:08:37.427+0300][137,621s][info ][gc] GC(1194) Pause Young (Normal) (G1 Evacuation Pause) 654M->41M(1024M) 1,894ms
[2024-08-04T18:08:37.533+0300][137,727s][info ][gc] GC(1195) Pause Young (Normal) (G1 Evacuation Pause) 654M->41M(1024M) 1,816ms
[2024-08-04T18:08:37.650+0300][137,844s][info ][gc] GC(1196) Pause Young (Normal) (G1 Evacuation Pause) 654M->41M(1024M) 2,529ms
[2024-08-04T18:08:37.756+0300][137,950s][info ][gc] GC(1197) Pause Young (Normal) (G1 Evacuation Pause) 654M->41M(1024M) 2,017ms
[2024-08-04T18:08:37.865+0300][138,058s][info ][gc] GC(1198) Pause Young (Normal) (G1 Evacuation Pause) 654M->41M(1024M) 2,378ms
[2024-08-04T18:08:37.983+0300][138,176s][info ][gc] GC(1199) Pause Young (Normal) (G1 Evacuation Pause) 654M->41M(1024M) 1,775ms
[2024-08-04T18:08:38.090+0300][138,284s][info ][gc] GC(1200) Pause Young (Normal) (G1 Evacuation Pause) 654M->41M(1024M) 1,872ms
[2024-08-04T18:08:38.202+0300][138,396s][info ][gc] GC(1201) Pause Young (Normal) (G1 Evacuation Pause) 654M->41M(1024M) 1,716ms
[2024-08-04T18:08:38.320+0300][138,513s][info ][gc] GC(1202) Pause Young (Normal) (G1 Evacuation Pause) 654M->41M(1024M) 2,074ms
[2024-08-04T18:08:38.439+0300][138,633s][info ][gc] GC(1203) Pause Young (Normal) (G1 Evacuation Pause) 654M->41M(1024M) 2,204ms
[2024-08-04T18:08:38.550+0300][138,744s][info ][gc] GC(1204) Pause Young (Normal) (G1 Evacuation Pause) 654M->41M(1024M) 2,466ms
[2024-08-04T18:08:38.665+0300][138,859s][info ][gc] GC(1205) Pause Young (Normal) (G1 Evacuation Pause) 654M->41M(1024M) 1,928ms
[2024-08-04T18:08:38.780+0300][138,973s][info ][gc] GC(1206) Pause Young (Normal) (G1 Evacuation Pause) 654M->41M(1024M) 2,177ms
[2024-08-04T18:08:38.892+0300][139,085s][info ][gc] GC(1207) Pause Young (Normal) (G1 Evacuation Pause) 654M->41M(1024M) 2,509ms
[2024-08-04T18:08:39.012+0300][139,205s][info ][gc] GC(1208) Pause Young (Normal) (G1 Evacuation Pause) 654M->41M(1024M) 2,143ms
[2024-08-04T18:08:39.125+0300][139,318s][info ][gc] GC(1209) Pause Young (Normal) (G1 Evacuation Pause) 654M->41M(1024M) 2,258ms
[2024-08-04T18:08:39.236+0300][139,429s][info ][gc] GC(1210) Pause Young (Normal) (G1 Evacuation Pause) 654M->41M(1024M) 2,017ms
[2024-08-04T18:08:39.348+0300][139,542s][info ][gc] GC(1211) Pause Young (Normal) (G1 Evacuation Pause) 654M->41M(1024M) 1,881ms
[2024-08-04T18:08:39.459+0300][139,653s][info ][gc] GC(1212) Pause Young (Normal) (G1 Evacuation Pause) 654M->41M(1024M) 2,011ms
[2024-08-04T18:08:39.582+0300][139,776s][info ][gc] GC(1213) Pause Young (Normal) (G1 Evacuation Pause) 654M->41M(1024M) 1,858ms
[2024-08-04T18:08:39.705+0300][139,899s][info ][gc] GC(1214) Pause Young (Normal) (G1 Evacuation Pause) 654M->41M(1024M) 1,832ms
[2024-08-04T18:08:39.820+0300][140,013s][info ][gc] GC(1215) Pause Young (Normal) (G1 Evacuation Pause) 654M->41M(1024M) 2,015ms
[2024-08-04T18:08:39.942+0300][140,136s][info ][gc] GC(1216) Pause Young (Normal) (G1 Evacuation Pause) 654M->41M(1024M) 2,193ms
[2024-08-04T18:08:40.067+0300][140,261s][info ][gc] GC(1217) Pause Young (Normal) (G1 Evacuation Pause) 654M->41M(1024M) 2,138ms
[2024-08-04T18:08:40.190+0300][140,384s][info ][gc] GC(1218) Pause Young (Normal) (G1 Evacuation Pause) 654M->41M(1024M) 2,164ms
[2024-08-04T18:08:40.316+0300][140,510s][info ][gc] GC(1219) Pause Young (Normal) (G1 Evacuation Pause) 654M->41M(1024M) 2,087ms
[2024-08-04T18:08:40.432+0300][140,626s][info ][gc] GC(1220) Pause Young (Normal) (G1 Evacuation Pause) 654M->41M(1024M) 2,273ms
[2024-08-04T18:08:40.551+0300][140,744s][info ][gc] GC(1221) Pause Young (Normal) (G1 Evacuation Pause) 654M->41M(1024M) 1,801ms
[2024-08-04T18:08:40.668+0300][140,862s][info ][gc] GC(1222) Pause Young (Normal) (G1 Evacuation Pause) 654M->41M(1024M) 2,185ms
[2024-08-04T18:08:40.788+0300][140,982s][info ][gc] GC(1223) Pause Young (Normal) (G1 Evacuation Pause) 654M->42M(1024M) 2,162ms
[2024-08-04T18:08:40.914+0300][141,108s][info ][gc] GC(1224) Pause Young (Normal) (G1 Evacuation Pause) 655M->42M(1024M) 2,100ms
[2024-08-04T18:08:41.044+0300][141,238s][info ][gc] GC(1225) Pause Young (Normal) (G1 Evacuation Pause) 655M->42M(1024M) 1,718ms
[2024-08-04T18:08:41.172+0300][141,366s][info ][gc] GC(1226) Pause Young (Normal) (G1 Evacuation Pause) 655M->42M(1024M) 1,947ms
[2024-08-04T18:08:41.305+0300][141,499s][info ][gc] GC(1227) Pause Young (Normal) (G1 Evacuation Pause) 655M->42M(1024M) 2,207ms
[2024-08-04T18:08:41.427+0300][141,620s][info ][gc] GC(1228) Pause Young (Normal) (G1 Evacuation Pause) 655M->42M(1024M) 2,216ms
[2024-08-04T18:08:41.560+0300][141,754s][info ][gc] GC(1229) Pause Young (Normal) (G1 Evacuation Pause) 655M->42M(1024M) 2,302ms
[2024-08-04T18:08:41.691+0300][141,885s][info ][gc] GC(1230) Pause Young (Normal) (G1 Evacuation Pause) 655M->42M(1024M) 2,155ms
[2024-08-04T18:08:41.818+0300][142,012s][info ][gc] GC(1231) Pause Young (Normal) (G1 Evacuation Pause) 655M->42M(1024M) 1,687ms
[2024-08-04T18:08:41.949+0300][142,142s][info ][gc] GC(1232) Pause Young (Normal) (G1 Evacuation Pause) 655M->42M(1024M) 2,287ms
[2024-08-04T18:08:42.084+0300][142,278s][info ][gc] GC(1233) Pause Young (Normal) (G1 Evacuation Pause) 655M->42M(1024M) 2,051ms
[2024-08-04T18:08:42.214+0300][142,408s][info ][gc] GC(1234) Pause Young (Normal) (G1 Evacuation Pause) 655M->42M(1024M) 2,001ms
[2024-08-04T18:08:42.352+0300][142,545s][info ][gc] GC(1235) Pause Young (Normal) (G1 Evacuation Pause) 655M->42M(1024M) 2,145ms
[2024-08-04T18:08:42.487+0300][142,681s][info ][gc] GC(1236) Pause Young (Normal) (G1 Evacuation Pause) 655M->42M(1024M) 1,937ms
[2024-08-04T18:08:42.625+0300][142,818s][info ][gc] GC(1237) Pause Young (Normal) (G1 Evacuation Pause) 655M->42M(1024M) 1,949ms
[2024-08-04T18:08:42.747+0300][142,941s][info ][gc] GC(1238) Pause Young (Normal) (G1 Evacuation Pause) 655M->42M(1024M) 2,291ms
[2024-08-04T18:08:42.882+0300][143,076s][info ][gc] GC(1239) Pause Young (Normal) (G1 Evacuation Pause) 655M->42M(1024M) 1,861ms
[2024-08-04T18:08:43.020+0300][143,214s][info ][gc] GC(1240) Pause Young (Normal) (G1 Evacuation Pause) 655M->42M(1024M) 2,013ms
[2024-08-04T18:08:43.159+0300][143,352s][info ][gc] GC(1241) Pause Young (Normal) (G1 Evacuation Pause) 655M->42M(1024M) 2,248ms
[2024-08-04T18:08:43.298+0300][143,492s][info ][gc] GC(1242) Pause Young (Normal) (G1 Evacuation Pause) 655M->42M(1024M) 2,059ms
[2024-08-04T18:08:43.431+0300][143,624s][info ][gc] GC(1243) Pause Young (Normal) (G1 Evacuation Pause) 655M->42M(1024M) 2,172ms
[2024-08-04T18:08:43.569+0300][143,763s][info ][gc] GC(1244) Pause Young (Normal) (G1 Evacuation Pause) 655M->42M(1024M) 1,740ms
[2024-08-04T18:08:43.707+0300][143,901s][info ][gc] GC(1245) Pause Young (Normal) (G1 Evacuation Pause) 655M->42M(1024M) 1,768ms
[2024-08-04T18:08:43.843+0300][144,037s][info ][gc] GC(1246) Pause Young (Normal) (G1 Evacuation Pause) 655M->42M(1024M) 2,197ms
[2024-08-04T18:08:43.981+0300][144,174s][info ][gc] GC(1247) Pause Young (Normal) (G1 Evacuation Pause) 655M->42M(1024M) 1,990ms
[2024-08-04T18:08:44.136+0300][144,330s][info ][gc] GC(1248) Pause Young (Normal) (G1 Evacuation Pause) 655M->42M(1024M) 1,974ms
[2024-08-04T18:08:44.310+0300][144,504s][info ][gc] GC(1249) Pause Young (Normal) (G1 Evacuation Pause) 655M->42M(1024M) 2,199ms
[2024-08-04T18:08:44.446+0300][144,640s][info ][gc] GC(1250) Pause Young (Normal) (G1 Evacuation Pause) 655M->42M(1024M) 2,147ms
[2024-08-04T18:08:44.571+0300][144,765s][info ][gc] GC(1251) Pause Young (Normal) (G1 Evacuation Pause) 655M->42M(1024M) 2,288ms
[2024-08-04T18:08:44.689+0300][144,883s][info ][gc] GC(1252) Pause Young (Normal) (G1 Evacuation Pause) 655M->42M(1024M) 2,197ms
[2024-08-04T18:08:44.805+0300][144,999s][info ][gc] GC(1253) Pause Young (Normal) (G1 Evacuation Pause) 655M->43M(1024M) 2,337ms
[2024-08-04T18:08:44.906+0300][145,100s][info ][gc] GC(1254) Pause Young (Normal) (G1 Evacuation Pause) 656M->43M(1024M) 1,917ms
[2024-08-04T18:08:45.023+0300][145,216s][info ][gc] GC(1255) Pause Young (Normal) (G1 Evacuation Pause) 656M->43M(1024M) 2,247ms
[2024-08-04T18:08:45.138+0300][145,332s][info ][gc] GC(1256) Pause Young (Normal) (G1 Evacuation Pause) 656M->43M(1024M) 2,747ms
[2024-08-04T18:08:45.245+0300][145,439s][info ][gc] GC(1257) Pause Young (Normal) (G1 Evacuation Pause) 656M->43M(1024M) 2,617ms
[2024-08-04T18:08:45.358+0300][145,552s][info ][gc] GC(1258) Pause Young (Normal) (G1 Evacuation Pause) 656M->43M(1024M) 2,624ms
[2024-08-04T18:08:45.464+0300][145,658s][info ][gc] GC(1259) Pause Young (Normal) (G1 Evacuation Pause) 656M->43M(1024M) 2,476ms
[2024-08-04T18:08:45.575+0300][145,769s][info ][gc] GC(1260) Pause Young (Normal) (G1 Evacuation Pause) 656M->43M(1024M) 2,775ms
[2024-08-04T18:08:45.683+0300][145,877s][info ][gc] GC(1261) Pause Young (Normal) (G1 Evacuation Pause) 655M->43M(1024M) 2,516ms
[2024-08-04T18:08:45.787+0300][145,980s][info ][gc] GC(1262) Pause Young (Normal) (G1 Evacuation Pause) 655M->43M(1024M) 2,497ms
[2024-08-04T18:08:45.902+0300][146,096s][info ][gc] GC(1263) Pause Young (Normal) (G1 Evacuation Pause) 655M->43M(1024M) 2,473ms
[2024-08-04T18:08:46.005+0300][146,198s][info ][gc] GC(1264) Pause Young (Normal) (G1 Evacuation Pause) 655M->43M(1024M) 2,547ms
[2024-08-04T18:08:46.112+0300][146,306s][info ][gc] GC(1265) Pause Young (Normal) (G1 Evacuation Pause) 656M->43M(1024M) 2,755ms
[2024-08-04T18:08:46.224+0300][146,418s][info ][gc] GC(1266) Pause Young (Normal) (G1 Evacuation Pause) 656M->43M(1024M) 2,584ms
[2024-08-04T18:08:46.337+0300][146,530s][info ][gc] GC(1267) Pause Young (Normal) (G1 Evacuation Pause) 656M->43M(1024M) 2,319ms
[2024-08-04T18:08:46.447+0300][146,640s][info ][gc] GC(1268) Pause Young (Normal) (G1 Evacuation Pause) 656M->43M(1024M) 2,208ms
[2024-08-04T18:08:46.555+0300][146,749s][info ][gc] GC(1269) Pause Young (Normal) (G1 Evacuation Pause) 656M->43M(1024M) 2,530ms
[2024-08-04T18:08:46.658+0300][146,852s][info ][gc] GC(1270) Pause Young (Normal) (G1 Evacuation Pause) 656M->43M(1024M) 2,898ms
[2024-08-04T18:08:46.770+0300][146,964s][info ][gc] GC(1271) Pause Young (Normal) (G1 Evacuation Pause) 656M->43M(1024M) 2,485ms
[2024-08-04T18:08:46.873+0300][147,067s][info ][gc] GC(1272) Pause Young (Normal) (G1 Evacuation Pause) 656M->43M(1024M) 2,520ms
[2024-08-04T18:08:46.974+0300][147,168s][info ][gc] GC(1273) Pause Young (Normal) (G1 Evacuation Pause) 656M->43M(1024M) 2,423ms
[2024-08-04T18:08:47.076+0300][147,269s][info ][gc] GC(1274) Pause Young (Normal) (G1 Evacuation Pause) 656M->43M(1024M) 2,111ms
[2024-08-04T18:08:47.180+0300][147,374s][info ][gc] GC(1275) Pause Young (Normal) (G1 Evacuation Pause) 656M->43M(1024M) 2,294ms
[2024-08-04T18:08:47.292+0300][147,485s][info ][gc] GC(1276) Pause Young (Normal) (G1 Evacuation Pause) 656M->43M(1024M) 2,228ms
[2024-08-04T18:08:47.400+0300][147,593s][info ][gc] GC(1277) Pause Young (Normal) (G1 Evacuation Pause) 656M->44M(1024M) 2,171ms
[2024-08-04T18:08:47.502+0300][147,695s][info ][gc] GC(1278) Pause Young (Normal) (G1 Evacuation Pause) 657M->44M(1024M) 2,167ms
[2024-08-04T18:08:47.603+0300][147,796s][info ][gc] GC(1279) Pause Young (Normal) (G1 Evacuation Pause) 657M->44M(1024M) 2,212ms
[2024-08-04T18:08:47.711+0300][147,905s][info ][gc] GC(1280) Pause Young (Normal) (G1 Evacuation Pause) 657M->44M(1024M) 2,073ms
[2024-08-04T18:08:47.819+0300][148,012s][info ][gc] GC(1281) Pause Young (Normal) (G1 Evacuation Pause) 657M->44M(1024M) 2,223ms
[2024-08-04T18:08:47.926+0300][148,119s][info ][gc] GC(1282) Pause Young (Normal) (G1 Evacuation Pause) 657M->44M(1024M) 2,285ms
[2024-08-04T18:08:48.035+0300][148,229s][info ][gc] GC(1283) Pause Young (Normal) (G1 Evacuation Pause) 657M->44M(1024M) 2,246ms
[2024-08-04T18:08:48.147+0300][148,340s][info ][gc] GC(1284) Pause Young (Normal) (G1 Evacuation Pause) 657M->44M(1024M) 2,082ms
[2024-08-04T18:08:48.251+0300][148,444s][info ][gc] GC(1285) Pause Young (Normal) (G1 Evacuation Pause) 657M->44M(1024M) 2,310ms
[2024-08-04T18:08:48.354+0300][148,548s][info ][gc] GC(1286) Pause Young (Normal) (G1 Evacuation Pause) 657M->44M(1024M) 2,153ms
[2024-08-04T18:08:48.466+0300][148,659s][info ][gc] GC(1287) Pause Young (Normal) (G1 Evacuation Pause) 657M->44M(1024M) 2,162ms
[2024-08-04T18:08:48.577+0300][148,771s][info ][gc] GC(1288) Pause Young (Normal) (G1 Evacuation Pause) 657M->44M(1024M) 2,095ms
[2024-08-04T18:08:48.686+0300][148,880s][info ][gc] GC(1289) Pause Young (Normal) (G1 Evacuation Pause) 657M->44M(1024M) 2,013ms
[2024-08-04T18:08:48.797+0300][148,991s][info ][gc] GC(1290) Pause Young (Normal) (G1 Evacuation Pause) 657M->44M(1024M) 2,063ms
[2024-08-04T18:08:48.906+0300][149,100s][info ][gc] GC(1291) Pause Young (Normal) (G1 Evacuation Pause) 657M->44M(1024M) 2,066ms
[2024-08-04T18:08:49.009+0300][149,202s][info ][gc] GC(1292) Pause Young (Normal) (G1 Evacuation Pause) 657M->44M(1024M) 2,284ms
[2024-08-04T18:08:49.112+0300][149,306s][info ][gc] GC(1293) Pause Young (Normal) (G1 Evacuation Pause) 657M->44M(1024M) 2,177ms
[2024-08-04T18:08:49.219+0300][149,413s][info ][gc] GC(1294) Pause Young (Normal) (G1 Evacuation Pause) 657M->44M(1024M) 1,834ms
[2024-08-04T18:08:49.322+0300][149,515s][info ][gc] GC(1295) Pause Young (Normal) (G1 Evacuation Pause) 657M->44M(1024M) 2,033ms
[2024-08-04T18:08:49.433+0300][149,627s][info ][gc] GC(1296) Pause Young (Normal) (G1 Evacuation Pause) 657M->44M(1024M) 2,049ms
[2024-08-04T18:08:49.544+0300][149,737s][info ][gc] GC(1297) Pause Young (Normal) (G1 Evacuation Pause) 657M->44M(1024M) 2,301ms
[2024-08-04T18:08:49.654+0300][149,848s][info ][gc] GC(1298) Pause Young (Normal) (G1 Evacuation Pause) 657M->44M(1024M) 2,352ms
[2024-08-04T18:08:49.756+0300][149,949s][info ][gc] GC(1299) Pause Young (Normal) (G1 Evacuation Pause) 657M->44M(1024M) 2,129ms
[2024-08-04T18:08:49.861+0300][150,055s][info ][gc] GC(1300) Pause Young (Normal) (G1 Evacuation Pause) 657M->44M(1024M) 1,981ms
[2024-08-04T18:08:49.969+0300][150,163s][info ][gc] GC(1301) Pause Young (Normal) (G1 Evacuation Pause) 657M->44M(1024M) 1,988ms
[2024-08-04T18:08:50.073+0300][150,267s][info ][gc] GC(1302) Pause Young (Normal) (G1 Evacuation Pause) 657M->44M(1024M) 2,181ms
[2024-08-04T18:08:50.184+0300][150,378s][info ][gc] GC(1303) Pause Young (Normal) (G1 Evacuation Pause) 657M->44M(1024M) 2,384ms
[2024-08-04T18:08:50.287+0300][150,480s][info ][gc] GC(1304) Pause Young (Normal) (G1 Evacuation Pause) 657M->44M(1024M) 2,173ms
[2024-08-04T18:08:50.396+0300][150,589s][info ][gc] GC(1305) Pause Young (Normal) (G1 Evacuation Pause) 657M->44M(1024M) 2,179ms
[2024-08-04T18:08:50.507+0300][150,701s][info ][gc] GC(1306) Pause Young (Normal) (G1 Evacuation Pause) 657M->44M(1024M) 1,908ms
[2024-08-04T18:08:50.608+0300][150,802s][info ][gc] GC(1307) Pause Young (Normal) (G1 Evacuation Pause) 657M->44M(1024M) 2,316ms
[2024-08-04T18:08:50.718+0300][150,912s][info ][gc] GC(1308) Pause Young (Normal) (G1 Evacuation Pause) 657M->44M(1024M) 2,318ms
[2024-08-04T18:08:50.830+0300][151,023s][info ][gc] GC(1309) Pause Young (Normal) (G1 Evacuation Pause) 657M->44M(1024M) 2,057ms
[2024-08-04T18:08:50.927+0300][151,121s][info ][gc] GC(1310) Pause Young (Normal) (G1 Evacuation Pause) 657M->44M(1024M) 2,180ms
[2024-08-04T18:08:51.029+0300][151,223s][info ][gc] GC(1311) Pause Young (Normal) (G1 Evacuation Pause) 657M->45M(1024M) 2,044ms
[2024-08-04T18:08:51.132+0300][151,326s][info ][gc] GC(1312) Pause Young (Normal) (G1 Evacuation Pause) 658M->45M(1024M) 2,222ms
[2024-08-04T18:08:51.244+0300][151,438s][info ][gc] GC(1313) Pause Young (Normal) (G1 Evacuation Pause) 658M->45M(1024M) 2,182ms
[2024-08-04T18:08:51.356+0300][151,550s][info ][gc] GC(1314) Pause Young (Normal) (G1 Evacuation Pause) 658M->45M(1024M) 1,697ms
[2024-08-04T18:08:51.459+0300][151,652s][info ][gc] GC(1315) Pause Young (Normal) (G1 Evacuation Pause) 658M->45M(1024M) 1,803ms
[2024-08-04T18:08:51.573+0300][151,766s][info ][gc] GC(1316) Pause Young (Normal) (G1 Evacuation Pause) 658M->45M(1024M) 1,854ms
[2024-08-04T18:08:51.685+0300][151,878s][info ][gc] GC(1317) Pause Young (Normal) (G1 Evacuation Pause) 658M->45M(1024M) 1,827ms
[2024-08-04T18:08:51.799+0300][151,992s][info ][gc] GC(1318) Pause Young (Normal) (G1 Evacuation Pause) 658M->45M(1024M) 1,909ms
[2024-08-04T18:08:51.906+0300][152,099s][info ][gc] GC(1319) Pause Young (Normal) (G1 Evacuation Pause) 658M->45M(1024M) 1,764ms
[2024-08-04T18:08:52.022+0300][152,216s][info ][gc] GC(1320) Pause Young (Normal) (G1 Evacuation Pause) 658M->45M(1024M) 1,954ms
[2024-08-04T18:08:52.128+0300][152,321s][info ][gc] GC(1321) Pause Young (Normal) (G1 Evacuation Pause) 658M->45M(1024M) 2,076ms
[2024-08-04T18:08:52.245+0300][152,439s][info ][gc] GC(1322) Pause Young (Normal) (G1 Evacuation Pause) 658M->45M(1024M) 1,844ms
[2024-08-04T18:08:52.351+0300][152,545s][info ][gc] GC(1323) Pause Young (Normal) (G1 Evacuation Pause) 658M->45M(1024M) 1,817ms
[2024-08-04T18:08:52.464+0300][152,657s][info ][gc] GC(1324) Pause Young (Normal) (G1 Evacuation Pause) 658M->45M(1024M) 1,766ms
[2024-08-04T18:08:52.570+0300][152,764s][info ][gc] GC(1325) Pause Young (Normal) (G1 Evacuation Pause) 658M->45M(1024M) 1,931ms
[2024-08-04T18:08:52.689+0300][152,883s][info ][gc] GC(1326) Pause Young (Normal) (G1 Evacuation Pause) 658M->45M(1024M) 1,753ms
[2024-08-04T18:08:52.802+0300][152,996s][info ][gc] GC(1327) Pause Young (Normal) (G1 Evacuation Pause) 658M->45M(1024M) 1,758ms
[2024-08-04T18:08:52.911+0300][153,104s][info ][gc] GC(1328) Pause Young (Normal) (G1 Evacuation Pause) 658M->45M(1024M) 2,151ms
[2024-08-04T18:08:53.025+0300][153,219s][info ][gc] GC(1329) Pause Young (Normal) (G1 Evacuation Pause) 658M->45M(1024M) 2,338ms
[2024-08-04T18:08:53.140+0300][153,334s][info ][gc] GC(1330) Pause Young (Normal) (G1 Evacuation Pause) 658M->45M(1024M) 1,878ms
[2024-08-04T18:08:53.257+0300][153,451s][info ][gc] GC(1331) Pause Young (Normal) (G1 Evacuation Pause) 658M->45M(1024M) 1,796ms
[2024-08-04T18:08:53.379+0300][153,573s][info ][gc] GC(1332) Pause Young (Normal) (G1 Evacuation Pause) 658M->45M(1024M) 2,115ms
[2024-08-04T18:08:53.488+0300][153,682s][info ][gc] GC(1333) Pause Young (Normal) (G1 Evacuation Pause) 658M->45M(1024M) 2,031ms
[2024-08-04T18:08:53.612+0300][153,806s][info ][gc] GC(1334) Pause Young (Normal) (G1 Evacuation Pause) 658M->45M(1024M) 1,598ms
[2024-08-04T18:08:53.722+0300][153,915s][info ][gc] GC(1335) Pause Young (Normal) (G1 Evacuation Pause) 658M->45M(1024M) 2,021ms
[2024-08-04T18:08:53.844+0300][154,038s][info ][gc] GC(1336) Pause Young (Normal) (G1 Evacuation Pause) 658M->45M(1024M) 1,928ms
[2024-08-04T18:08:53.960+0300][154,154s][info ][gc] GC(1337) Pause Young (Normal) (G1 Evacuation Pause) 658M->45M(1024M) 2,139ms
[2024-08-04T18:08:54.084+0300][154,278s][info ][gc] GC(1338) Pause Young (Normal) (G1 Evacuation Pause) 658M->45M(1024M) 1,771ms
[2024-08-04T18:08:54.205+0300][154,398s][info ][gc] GC(1339) Pause Young (Normal) (G1 Evacuation Pause) 658M->45M(1024M) 2,176ms
[2024-08-04T18:08:54.329+0300][154,523s][info ][gc] GC(1340) Pause Young (Normal) (G1 Evacuation Pause) 658M->45M(1024M) 1,793ms
[2024-08-04T18:08:54.447+0300][154,641s][info ][gc] GC(1341) Pause Young (Normal) (G1 Evacuation Pause) 658M->45M(1024M) 2,459ms
[2024-08-04T18:08:54.574+0300][154,767s][info ][gc] GC(1342) Pause Young (Normal) (G1 Evacuation Pause) 658M->45M(1024M) 1,903ms
[2024-08-04T18:08:54.689+0300][154,883s][info ][gc] GC(1343) Pause Young (Normal) (G1 Evacuation Pause) 658M->45M(1024M) 1,922ms
[2024-08-04T18:08:54.809+0300][155,002s][info ][gc] GC(1344) Pause Young (Normal) (G1 Evacuation Pause) 658M->45M(1024M) 1,964ms
[2024-08-04T18:08:54.933+0300][155,127s][info ][gc] GC(1345) Pause Young (Normal) (G1 Evacuation Pause) 658M->45M(1024M) 2,041ms
[2024-08-04T18:08:55.063+0300][155,256s][info ][gc] GC(1346) Pause Young (Normal) (G1 Evacuation Pause) 658M->45M(1024M) 1,693ms
[2024-08-04T18:08:55.189+0300][155,382s][info ][gc] GC(1347) Pause Young (Normal) (G1 Evacuation Pause) 658M->45M(1024M) 1,735ms
[2024-08-04T18:08:55.311+0300][155,505s][info ][gc] GC(1348) Pause Young (Normal) (G1 Evacuation Pause) 658M->45M(1024M) 1,879ms
[2024-08-04T18:08:55.439+0300][155,633s][info ][gc] GC(1349) Pause Young (Normal) (G1 Evacuation Pause) 658M->45M(1024M) 2,082ms
[2024-08-04T18:08:55.570+0300][155,763s][info ][gc] GC(1350) Pause Young (Normal) (G1 Evacuation Pause) 658M->45M(1024M) 2,211ms
[2024-08-04T18:08:55.700+0300][155,893s][info ][gc] GC(1351) Pause Young (Normal) (G1 Evacuation Pause) 658M->46M(1024M) 1,763ms
[2024-08-04T18:08:55.834+0300][156,027s][info ][gc] GC(1352) Pause Young (Normal) (G1 Evacuation Pause) 659M->46M(1024M) 1,880ms
[2024-08-04T18:08:55.965+0300][156,159s][info ][gc] GC(1353) Pause Young (Normal) (G1 Evacuation Pause) 659M->46M(1024M) 1,615ms
[2024-08-04T18:08:56.099+0300][156,292s][info ][gc] GC(1354) Pause Young (Normal) (G1 Evacuation Pause) 659M->46M(1024M) 2,080ms
[2024-08-04T18:08:56.224+0300][156,418s][info ][gc] GC(1355) Pause Young (Normal) (G1 Evacuation Pause) 659M->46M(1024M) 2,086ms
[2024-08-04T18:08:56.360+0300][156,554s][info ][gc] GC(1356) Pause Young (Normal) (G1 Evacuation Pause) 659M->46M(1024M) 2,151ms
[2024-08-04T18:08:56.489+0300][156,683s][info ][gc] GC(1357) Pause Young (Normal) (G1 Evacuation Pause) 659M->46M(1024M) 1,659ms
[2024-08-04T18:08:56.628+0300][156,822s][info ][gc] GC(1358) Pause Young (Normal) (G1 Evacuation Pause) 659M->46M(1024M) 2,111ms
[2024-08-04T18:08:56.757+0300][156,951s][info ][gc] GC(1359) Pause Young (Normal) (G1 Evacuation Pause) 659M->46M(1024M) 2,232ms
[2024-08-04T18:08:56.897+0300][157,091s][info ][gc] GC(1360) Pause Young (Normal) (G1 Evacuation Pause) 659M->46M(1024M) 1,932ms
[2024-08-04T18:08:57.030+0300][157,224s][info ][gc] GC(1361) Pause Young (Normal) (G1 Evacuation Pause) 659M->46M(1024M) 1,701ms
[2024-08-04T18:08:57.169+0300][157,363s][info ][gc] GC(1362) Pause Young (Normal) (G1 Evacuation Pause) 659M->46M(1024M) 1,700ms
[2024-08-04T18:08:57.305+0300][157,499s][info ][gc] GC(1363) Pause Young (Normal) (G1 Evacuation Pause) 659M->46M(1024M) 1,788ms
[2024-08-04T18:08:57.440+0300][157,633s][info ][gc] GC(1364) Pause Young (Normal) (G1 Evacuation Pause) 659M->46M(1024M) 1,921ms
[2024-08-04T18:08:57.577+0300][157,771s][info ][gc] GC(1365) Pause Young (Normal) (G1 Evacuation Pause) 659M->46M(1024M) 1,817ms
[2024-08-04T18:08:57.709+0300][157,903s][info ][gc] GC(1366) Pause Young (Normal) (G1 Evacuation Pause) 659M->46M(1024M) 1,635ms
[2024-08-04T18:08:57.848+0300][158,042s][info ][gc] GC(1367) Pause Young (Normal) (G1 Evacuation Pause) 659M->46M(1024M) 1,610ms
[2024-08-04T18:08:57.982+0300][158,176s][info ][gc] GC(1368) Pause Young (Normal) (G1 Evacuation Pause) 659M->46M(1024M) 1,650ms
[2024-08-04T18:08:58.121+0300][158,315s][info ][gc] GC(1369) Pause Young (Normal) (G1 Evacuation Pause) 659M->46M(1024M) 2,137ms
[2024-08-04T18:08:58.262+0300][158,456s][info ][gc] GC(1370) Pause Young (Normal) (G1 Evacuation Pause) 659M->46M(1024M) 2,113ms
[2024-08-04T18:08:58.394+0300][158,587s][info ][gc] GC(1371) Pause Young (Normal) (G1 Evacuation Pause) 659M->46M(1024M) 1,696ms
[2024-08-04T18:08:58.529+0300][158,723s][info ][gc] GC(1372) Pause Young (Normal) (G1 Evacuation Pause) 659M->46M(1024M) 1,699ms
[2024-08-04T18:08:58.706+0300][158,900s][info ][gc] GC(1373) Pause Young (Normal) (G1 Evacuation Pause) 659M->46M(1024M) 2,210ms
[2024-08-04T18:08:58.850+0300][159,043s][info ][gc] GC(1374) Pause Young (Normal) (G1 Evacuation Pause) 659M->46M(1024M) 2,306ms
[2024-08-04T18:08:58.979+0300][159,173s][info ][gc] GC(1375) Pause Young (Normal) (G1 Evacuation Pause) 659M->46M(1024M) 2,364ms
[2024-08-04T18:08:59.101+0300][159,294s][info ][gc] GC(1376) Pause Young (Normal) (G1 Evacuation Pause) 659M->46M(1024M) 2,391ms
[2024-08-04T18:08:59.219+0300][159,413s][info ][gc] GC(1377) Pause Young (Normal) (G1 Evacuation Pause) 659M->46M(1024M) 2,339ms
[2024-08-04T18:08:59.336+0300][159,530s][info ][gc] GC(1378) Pause Young (Normal) (G1 Evacuation Pause) 659M->47M(1024M) 2,322ms
[2024-08-04T18:08:59.451+0300][159,645s][info ][gc] GC(1379) Pause Young (Normal) (G1 Evacuation Pause) 660M->47M(1024M) 2,464ms
[2024-08-04T18:08:59.556+0300][159,749s][info ][gc] GC(1380) Pause Young (Normal) (G1 Evacuation Pause) 660M->47M(1024M) 2,435ms
[2024-08-04T18:08:59.655+0300][159,848s][info ][gc] GC(1381) Pause Young (Normal) (G1 Evacuation Pause) 660M->47M(1024M) 1,941ms
[2024-08-04T18:08:59.756+0300][159,950s][info ][gc] GC(1382) Pause Young (Normal) (G1 Evacuation Pause) 660M->47M(1024M) 2,735ms
[2024-08-04T18:08:59.866+0300][160,060s][info ][gc] GC(1383) Pause Young (Normal) (G1 Evacuation Pause) 660M->47M(1024M) 2,456ms
[2024-08-04T18:08:59.975+0300][160,168s][info ][gc] GC(1384) Pause Young (Normal) (G1 Evacuation Pause) 660M->47M(1024M) 2,359ms
[2024-08-04T18:09:00.085+0300][160,278s][info ][gc] GC(1385) Pause Young (Normal) (G1 Evacuation Pause) 660M->47M(1024M) 2,381ms
[2024-08-04T18:09:00.198+0300][160,392s][info ][gc] GC(1386) Pause Young (Normal) (G1 Evacuation Pause) 659M->47M(1024M) 2,383ms
[2024-08-04T18:09:00.308+0300][160,502s][info ][gc] GC(1387) Pause Young (Normal) (G1 Evacuation Pause) 659M->47M(1024M) 2,361ms
[2024-08-04T18:09:00.420+0300][160,614s][info ][gc] GC(1388) Pause Young (Normal) (G1 Evacuation Pause) 659M->47M(1024M) 2,434ms
[2024-08-04T18:09:00.532+0300][160,725s][info ][gc] GC(1389) Pause Young (Normal) (G1 Evacuation Pause) 660M->47M(1024M) 2,325ms
[2024-08-04T18:09:00.640+0300][160,834s][info ][gc] GC(1390) Pause Young (Normal) (G1 Evacuation Pause) 660M->47M(1024M) 2,422ms
[2024-08-04T18:09:00.752+0300][160,946s][info ][gc] GC(1391) Pause Young (Normal) (G1 Evacuation Pause) 660M->47M(1024M) 2,241ms
[2024-08-04T18:09:00.863+0300][161,056s][info ][gc] GC(1392) Pause Young (Normal) (G1 Evacuation Pause) 660M->47M(1024M) 2,292ms
[2024-08-04T18:09:00.972+0300][161,166s][info ][gc] GC(1393) Pause Young (Normal) (G1 Evacuation Pause) 660M->47M(1024M) 2,403ms
[2024-08-04T18:09:01.084+0300][161,277s][info ][gc] GC(1394) Pause Young (Normal) (G1 Evacuation Pause) 660M->47M(1024M) 2,200ms
[2024-08-04T18:09:01.193+0300][161,387s][info ][gc] GC(1395) Pause Young (Normal) (G1 Evacuation Pause) 660M->47M(1024M) 2,487ms
[2024-08-04T18:09:01.294+0300][161,488s][info ][gc] GC(1396) Pause Young (Normal) (G1 Evacuation Pause) 660M->47M(1024M) 2,159ms
[2024-08-04T18:09:01.402+0300][161,595s][info ][gc] GC(1397) Pause Young (Normal) (G1 Evacuation Pause) 660M->47M(1024M) 2,503ms
[2024-08-04T18:09:01.503+0300][161,697s][info ][gc] GC(1398) Pause Young (Normal) (G1 Evacuation Pause) 660M->47M(1024M) 2,148ms
[2024-08-04T18:09:01.615+0300][161,808s][info ][gc] GC(1399) Pause Young (Normal) (G1 Evacuation Pause) 660M->47M(1024M) 2,114ms
[2024-08-04T18:09:01.715+0300][161,909s][info ][gc] GC(1400) Pause Young (Normal) (G1 Evacuation Pause) 660M->47M(1024M) 2,322ms
[2024-08-04T18:09:01.816+0300][162,010s][info ][gc] GC(1401) Pause Young (Normal) (G1 Evacuation Pause) 660M->47M(1024M) 2,096ms
[2024-08-04T18:09:01.922+0300][162,116s][info ][gc] GC(1402) Pause Young (Normal) (G1 Evacuation Pause) 660M->48M(1024M) 2,343ms
[2024-08-04T18:09:02.032+0300][162,226s][info ][gc] GC(1403) Pause Young (Normal) (G1 Evacuation Pause) 661M->48M(1024M) 1,989ms
[2024-08-04T18:09:02.128+0300][162,321s][info ][gc] GC(1404) Pause Young (Normal) (G1 Evacuation Pause) 661M->48M(1024M) 2,309ms
[2024-08-04T18:09:02.238+0300][162,432s][info ][gc] GC(1405) Pause Young (Normal) (G1 Evacuation Pause) 661M->48M(1024M) 2,072ms
[2024-08-04T18:09:02.345+0300][162,539s][info ][gc] GC(1406) Pause Young (Normal) (G1 Evacuation Pause) 661M->48M(1024M) 2,391ms
[2024-08-04T18:09:02.457+0300][162,650s][info ][gc] GC(1407) Pause Young (Normal) (G1 Evacuation Pause) 661M->48M(1024M) 1,942ms
[2024-08-04T18:09:02.557+0300][162,751s][info ][gc] GC(1408) Pause Young (Normal) (G1 Evacuation Pause) 661M->48M(1024M) 2,006ms
[2024-08-04T18:09:02.668+0300][162,862s][info ][gc] GC(1409) Pause Young (Normal) (G1 Evacuation Pause) 661M->48M(1024M) 2,145ms
[2024-08-04T18:09:02.775+0300][162,969s][info ][gc] GC(1410) Pause Young (Normal) (G1 Evacuation Pause) 661M->48M(1024M) 2,239ms
[2024-08-04T18:09:02.882+0300][163,076s][info ][gc] GC(1411) Pause Young (Normal) (G1 Evacuation Pause) 661M->48M(1024M) 2,181ms
[2024-08-04T18:09:02.989+0300][163,183s][info ][gc] GC(1412) Pause Young (Normal) (G1 Evacuation Pause) 661M->48M(1024M) 2,164ms
[2024-08-04T18:09:03.101+0300][163,294s][info ][gc] GC(1413) Pause Young (Normal) (G1 Evacuation Pause) 661M->48M(1024M) 2,032ms
[2024-08-04T18:09:03.212+0300][163,406s][info ][gc] GC(1414) Pause Young (Normal) (G1 Evacuation Pause) 661M->48M(1024M) 2,163ms
[2024-08-04T18:09:03.314+0300][163,507s][info ][gc] GC(1415) Pause Young (Normal) (G1 Evacuation Pause) 661M->48M(1024M) 1,885ms
[2024-08-04T18:09:03.425+0300][163,618s][info ][gc] GC(1416) Pause Young (Normal) (G1 Evacuation Pause) 661M->48M(1024M) 2,082ms
[2024-08-04T18:09:03.536+0300][163,730s][info ][gc] GC(1417) Pause Young (Normal) (G1 Evacuation Pause) 661M->48M(1024M) 2,506ms
[2024-08-04T18:09:03.638+0300][163,832s][info ][gc] GC(1418) Pause Young (Normal) (G1 Evacuation Pause) 661M->48M(1024M) 2,018ms
[2024-08-04T18:09:03.749+0300][163,943s][info ][gc] GC(1419) Pause Young (Normal) (G1 Evacuation Pause) 661M->48M(1024M) 1,948ms
[2024-08-04T18:09:03.857+0300][164,051s][info ][gc] GC(1420) Pause Young (Normal) (G1 Evacuation Pause) 661M->48M(1024M) 2,331ms
[2024-08-04T18:09:03.964+0300][164,157s][info ][gc] GC(1421) Pause Young (Normal) (G1 Evacuation Pause) 661M->48M(1024M) 1,896ms
[2024-08-04T18:09:04.075+0300][164,269s][info ][gc] GC(1422) Pause Young (Normal) (G1 Evacuation Pause) 661M->48M(1024M) 2,337ms
[2024-08-04T18:09:04.184+0300][164,378s][info ][gc] GC(1423) Pause Young (Normal) (G1 Evacuation Pause) 661M->48M(1024M) 1,779ms
[2024-08-04T18:09:04.286+0300][164,480s][info ][gc] GC(1424) Pause Young (Normal) (G1 Evacuation Pause) 661M->48M(1024M) 2,306ms
[2024-08-04T18:09:04.399+0300][164,592s][info ][gc] GC(1425) Pause Young (Normal) (G1 Evacuation Pause) 661M->48M(1024M) 2,135ms
[2024-08-04T18:09:04.505+0300][164,699s][info ][gc] GC(1426) Pause Young (Normal) (G1 Evacuation Pause) 661M->48M(1024M) 2,146ms
[2024-08-04T18:09:04.618+0300][164,812s][info ][gc] GC(1427) Pause Young (Normal) (G1 Evacuation Pause) 661M->48M(1024M) 2,030ms
[2024-08-04T18:09:04.728+0300][164,921s][info ][gc] GC(1428) Pause Young (Normal) (G1 Evacuation Pause) 661M->48M(1024M) 1,723ms
[2024-08-04T18:09:04.836+0300][165,030s][info ][gc] GC(1429) Pause Young (Normal) (G1 Evacuation Pause) 661M->48M(1024M) 2,279ms
[2024-08-04T18:09:04.946+0300][165,140s][info ][gc] GC(1430) Pause Young (Normal) (G1 Evacuation Pause) 661M->48M(1024M) 2,070ms
[2024-08-04T18:09:05.058+0300][165,252s][info ][gc] GC(1431) Pause Young (Normal) (G1 Evacuation Pause) 661M->48M(1024M) 2,314ms
[2024-08-04T18:09:05.156+0300][165,350s][info ][gc] GC(1432) Pause Young (Normal) (G1 Evacuation Pause) 661M->48M(1024M) 2,227ms
[2024-08-04T18:09:05.266+0300][165,459s][info ][gc] GC(1433) Pause Young (Normal) (G1 Evacuation Pause) 661M->48M(1024M) 2,086ms
[2024-08-04T18:09:05.380+0300][165,573s][info ][gc] GC(1434) Pause Young (Normal) (G1 Evacuation Pause) 661M->48M(1024M) 2,034ms
[2024-08-04T18:09:05.490+0300][165,684s][info ][gc] GC(1435) Pause Young (Normal) (G1 Evacuation Pause) 661M->48M(1024M) 2,167ms
[2024-08-04T18:09:05.589+0300][165,783s][info ][gc] GC(1436) Pause Young (Normal) (G1 Evacuation Pause) 661M->48M(1024M) 2,143ms
[2024-08-04T18:09:05.695+0300][165,889s][info ][gc] GC(1437) Pause Young (Normal) (G1 Evacuation Pause) 661M->48M(1024M) 2,058ms
[2024-08-04T18:09:05.807+0300][166,001s][info ][gc] GC(1438) Pause Young (Normal) (G1 Evacuation Pause) 661M->49M(1024M) 2,109ms
[2024-08-04T18:09:05.920+0300][166,114s][info ][gc] GC(1439) Pause Young (Normal) (G1 Evacuation Pause) 662M->49M(1024M) 2,050ms
[2024-08-04T18:09:06.035+0300][166,229s][info ][gc] GC(1440) Pause Young (Normal) (G1 Evacuation Pause) 662M->49M(1024M) 2,225ms
[2024-08-04T18:09:06.142+0300][166,335s][info ][gc] GC(1441) Pause Young (Normal) (G1 Evacuation Pause) 662M->49M(1024M) 2,071ms
[2024-08-04T18:09:06.257+0300][166,451s][info ][gc] GC(1442) Pause Young (Normal) (G1 Evacuation Pause) 662M->49M(1024M) 1,795ms
[2024-08-04T18:09:06.364+0300][166,558s][info ][gc] GC(1443) Pause Young (Normal) (G1 Evacuation Pause) 662M->49M(1024M) 1,739ms
[2024-08-04T18:09:06.481+0300][166,675s][info ][gc] GC(1444) Pause Young (Normal) (G1 Evacuation Pause) 662M->49M(1024M) 2,138ms
[2024-08-04T18:09:06.584+0300][166,777s][info ][gc] GC(1445) Pause Young (Normal) (G1 Evacuation Pause) 662M->49M(1024M) 1,851ms
[2024-08-04T18:09:06.695+0300][166,889s][info ][gc] GC(1446) Pause Young (Normal) (G1 Evacuation Pause) 662M->49M(1024M) 2,228ms
[2024-08-04T18:09:06.799+0300][166,992s][info ][gc] GC(1447) Pause Young (Normal) (G1 Evacuation Pause) 662M->49M(1024M) 2,162ms
[2024-08-04T18:09:06.907+0300][167,100s][info ][gc] GC(1448) Pause Young (Normal) (G1 Evacuation Pause) 662M->49M(1024M) 2,048ms
[2024-08-04T18:09:07.032+0300][167,225s][info ][gc] GC(1449) Pause Young (Normal) (G1 Evacuation Pause) 662M->49M(1024M) 1,873ms
[2024-08-04T18:09:07.159+0300][167,353s][info ][gc] GC(1450) Pause Young (Normal) (G1 Evacuation Pause) 662M->49M(1024M) 1,924ms
[2024-08-04T18:09:07.282+0300][167,475s][info ][gc] GC(1451) Pause Young (Normal) (G1 Evacuation Pause) 662M->49M(1024M) 2,273ms
[2024-08-04T18:09:07.402+0300][167,596s][info ][gc] GC(1452) Pause Young (Normal) (G1 Evacuation Pause) 662M->49M(1024M) 2,184ms
[2024-08-04T18:09:07.525+0300][167,718s][info ][gc] GC(1453) Pause Young (Normal) (G1 Evacuation Pause) 662M->49M(1024M) 1,730ms
[2024-08-04T18:09:07.640+0300][167,833s][info ][gc] GC(1454) Pause Young (Normal) (G1 Evacuation Pause) 662M->49M(1024M) 2,176ms
[2024-08-04T18:09:07.755+0300][167,948s][info ][gc] GC(1455) Pause Young (Normal) (G1 Evacuation Pause) 662M->49M(1024M) 1,782ms
[2024-08-04T18:09:07.874+0300][168,068s][info ][gc] GC(1456) Pause Young (Normal) (G1 Evacuation Pause) 662M->49M(1024M) 2,196ms
[2024-08-04T18:09:07.995+0300][168,189s][info ][gc] GC(1457) Pause Young (Normal) (G1 Evacuation Pause) 662M->49M(1024M) 1,848ms
[2024-08-04T18:09:08.111+0300][168,305s][info ][gc] GC(1458) Pause Young (Normal) (G1 Evacuation Pause) 662M->49M(1024M) 1,836ms
[2024-08-04T18:09:08.230+0300][168,424s][info ][gc] GC(1459) Pause Young (Normal) (G1 Evacuation Pause) 662M->49M(1024M) 1,664ms
[2024-08-04T18:09:08.348+0300][168,541s][info ][gc] GC(1460) Pause Young (Normal) (G1 Evacuation Pause) 662M->49M(1024M) 1,861ms
[2024-08-04T18:09:08.460+0300][168,654s][info ][gc] GC(1461) Pause Young (Normal) (G1 Evacuation Pause) 662M->49M(1024M) 1,892ms
[2024-08-04T18:09:08.582+0300][168,776s][info ][gc] GC(1462) Pause Young (Normal) (G1 Evacuation Pause) 662M->49M(1024M) 1,644ms
[2024-08-04T18:09:08.698+0300][168,892s][info ][gc] GC(1463) Pause Young (Normal) (G1 Evacuation Pause) 662M->49M(1024M) 1,928ms
[2024-08-04T18:09:08.817+0300][169,011s][info ][gc] GC(1464) Pause Young (Normal) (G1 Evacuation Pause) 662M->49M(1024M) 1,917ms
[2024-08-04T18:09:08.937+0300][169,130s][info ][gc] GC(1465) Pause Young (Normal) (G1 Evacuation Pause) 662M->49M(1024M) 1,858ms
[2024-08-04T18:09:09.058+0300][169,251s][info ][gc] GC(1466) Pause Young (Normal) (G1 Evacuation Pause) 662M->49M(1024M) 2,328ms
[2024-08-04T18:09:09.171+0300][169,365s][info ][gc] GC(1467) Pause Young (Normal) (G1 Evacuation Pause) 662M->49M(1024M) 1,807ms
[2024-08-04T18:09:09.298+0300][169,492s][info ][gc] GC(1468) Pause Young (Normal) (G1 Evacuation Pause) 662M->49M(1024M) 2,071ms
[2024-08-04T18:09:09.421+0300][169,615s][info ][gc] GC(1469) Pause Young (Normal) (G1 Evacuation Pause) 662M->49M(1024M) 2,044ms
[2024-08-04T18:09:09.547+0300][169,740s][info ][gc] GC(1470) Pause Young (Normal) (G1 Evacuation Pause) 662M->49M(1024M) 1,984ms
[2024-08-04T18:09:09.671+0300][169,864s][info ][gc] GC(1471) Pause Young (Normal) (G1 Evacuation Pause) 662M->49M(1024M) 1,696ms
[2024-08-04T18:09:09.792+0300][169,986s][info ][gc] GC(1472) Pause Young (Normal) (G1 Evacuation Pause) 662M->49M(1024M) 1,895ms
[2024-08-04T18:09:09.903+0300][170,097s][info ][gc] GC(1473) Pause Young (Normal) (G1 Evacuation Pause) 662M->49M(1024M) 2,037ms
[2024-08-04T18:09:10.033+0300][170,227s][info ][gc] GC(1474) Pause Young (Normal) (G1 Evacuation Pause) 662M->49M(1024M) 2,273ms
[2024-08-04T18:09:10.162+0300][170,355s][info ][gc] GC(1475) Pause Young (Normal) (G1 Evacuation Pause) 662M->49M(1024M) 2,396ms
[2024-08-04T18:09:10.293+0300][170,486s][info ][gc] GC(1476) Pause Young (Normal) (G1 Evacuation Pause) 662M->49M(1024M) 2,466ms
[2024-08-04T18:09:10.411+0300][170,604s][info ][gc] GC(1477) Pause Young (Normal) (G1 Evacuation Pause) 662M->49M(1024M) 2,310ms
[2024-08-04T18:09:10.534+0300][170,727s][info ][gc] GC(1478) Pause Young (Normal) (G1 Evacuation Pause) 662M->50M(1024M) 2,060ms
[2024-08-04T18:09:10.661+0300][170,855s][info ][gc] GC(1479) Pause Young (Normal) (G1 Evacuation Pause) 663M->50M(1024M) 1,923ms
[2024-08-04T18:09:10.787+0300][170,981s][info ][gc] GC(1480) Pause Young (Normal) (G1 Evacuation Pause) 663M->50M(1024M) 2,524ms
[2024-08-04T18:09:10.916+0300][171,109s][info ][gc] GC(1481) Pause Young (Normal) (G1 Evacuation Pause) 663M->50M(1024M) 1,812ms
[2024-08-04T18:09:11.043+0300][171,237s][info ][gc] GC(1482) Pause Young (Normal) (G1 Evacuation Pause) 663M->50M(1024M) 1,897ms
[2024-08-04T18:09:11.166+0300][171,359s][info ][gc] GC(1483) Pause Young (Normal) (G1 Evacuation Pause) 663M->50M(1024M) 2,073ms
[2024-08-04T18:09:11.293+0300][171,486s][info ][gc] GC(1484) Pause Young (Normal) (G1 Evacuation Pause) 663M->50M(1024M) 1,714ms
[2024-08-04T18:09:11.423+0300][171,617s][info ][gc] GC(1485) Pause Young (Normal) (G1 Evacuation Pause) 663M->50M(1024M) 2,249ms
[2024-08-04T18:09:11.558+0300][171,752s][info ][gc] GC(1486) Pause Young (Normal) (G1 Evacuation Pause) 663M->50M(1024M) 1,994ms
[2024-08-04T18:09:11.691+0300][171,885s][info ][gc] GC(1487) Pause Young (Normal) (G1 Evacuation Pause) 663M->50M(1024M) 1,974ms
[2024-08-04T18:09:11.821+0300][172,015s][info ][gc] GC(1488) Pause Young (Normal) (G1 Evacuation Pause) 663M->50M(1024M) 1,677ms
[2024-08-04T18:09:11.950+0300][172,144s][info ][gc] GC(1489) Pause Young (Normal) (G1 Evacuation Pause) 663M->50M(1024M) 2,261ms
[2024-08-04T18:09:12.087+0300][172,281s][info ][gc] GC(1490) Pause Young (Normal) (G1 Evacuation Pause) 663M->50M(1024M) 2,008ms
[2024-08-04T18:09:12.215+0300][172,409s][info ][gc] GC(1491) Pause Young (Normal) (G1 Evacuation Pause) 663M->50M(1024M) 1,813ms
[2024-08-04T18:09:12.353+0300][172,547s][info ][gc] GC(1492) Pause Young (Normal) (G1 Evacuation Pause) 663M->50M(1024M) 1,768ms
[2024-08-04T18:09:12.491+0300][172,685s][info ][gc] GC(1493) Pause Young (Normal) (G1 Evacuation Pause) 663M->50M(1024M) 1,948ms
[2024-08-04T18:09:12.632+0300][172,826s][info ][gc] GC(1494) Pause Young (Normal) (G1 Evacuation Pause) 663M->50M(1024M) 2,473ms
[2024-08-04T18:09:12.770+0300][172,964s][info ][gc] GC(1495) Pause Young (Normal) (G1 Evacuation Pause) 663M->50M(1024M) 1,753ms
[2024-08-04T18:09:12.911+0300][173,105s][info ][gc] GC(1496) Pause Young (Normal) (G1 Evacuation Pause) 663M->50M(1024M) 1,973ms
[2024-08-04T18:09:13.044+0300][173,237s][info ][gc] GC(1497) Pause Young (Normal) (G1 Evacuation Pause) 663M->50M(1024M) 2,098ms
[2024-08-04T18:09:13.287+0300][173,481s][info ][gc] GC(1498) Pause Young (Normal) (G1 Evacuation Pause) 663M->50M(1024M) 1,904ms
[2024-08-04T18:09:13.426+0300][173,620s][info ][gc] GC(1499) Pause Young (Normal) (G1 Evacuation Pause) 663M->50M(1024M) 2,279ms
[2024-08-04T18:09:13.553+0300][173,747s][info ][gc] GC(1500) Pause Young (Normal) (G1 Evacuation Pause) 663M->50M(1024M) 2,349ms
[2024-08-04T18:09:13.674+0300][173,868s][info ][gc] GC(1501) Pause Young (Normal) (G1 Evacuation Pause) 663M->50M(1024M) 2,273ms
[2024-08-04T18:09:13.793+0300][173,986s][info ][gc] GC(1502) Pause Young (Normal) (G1 Evacuation Pause) 663M->50M(1024M) 2,186ms
[2024-08-04T18:09:13.907+0300][174,101s][info ][gc] GC(1503) Pause Young (Normal) (G1 Evacuation Pause) 663M->50M(1024M) 2,113ms
[2024-08-04T18:09:14.023+0300][174,217s][info ][gc] GC(1504) Pause Young (Normal) (G1 Evacuation Pause) 663M->51M(1024M) 2,444ms
[2024-08-04T18:09:14.139+0300][174,332s][info ][gc] GC(1505) Pause Young (Normal) (G1 Evacuation Pause) 664M->51M(1024M) 2,179ms
[2024-08-04T18:09:14.249+0300][174,443s][info ][gc] GC(1506) Pause Young (Normal) (G1 Evacuation Pause) 664M->51M(1024M) 2,438ms
[2024-08-04T18:09:14.358+0300][174,552s][info ][gc] GC(1507) Pause Young (Normal) (G1 Evacuation Pause) 664M->51M(1024M) 2,401ms
[2024-08-04T18:09:14.464+0300][174,657s][info ][gc] GC(1508) Pause Young (Normal) (G1 Evacuation Pause) 664M->51M(1024M) 2,333ms
[2024-08-04T18:09:14.577+0300][174,771s][info ][gc] GC(1509) Pause Young (Normal) (G1 Evacuation Pause) 663M->51M(1024M) 2,219ms
[2024-08-04T18:09:14.688+0300][174,882s][info ][gc] GC(1510) Pause Young (Normal) (G1 Evacuation Pause) 663M->51M(1024M) 2,273ms
[2024-08-04T18:09:14.796+0300][174,990s][info ][gc] GC(1511) Pause Young (Normal) (G1 Evacuation Pause) 663M->51M(1024M) 2,485ms
[2024-08-04T18:09:14.910+0300][175,103s][info ][gc] GC(1512) Pause Young (Normal) (G1 Evacuation Pause) 663M->51M(1024M) 2,475ms
[2024-08-04T18:09:15.008+0300][175,202s][info ][gc] GC(1513) Pause Young (Normal) (G1 Evacuation Pause) 663M->51M(1024M) 2,154ms
[2024-08-04T18:09:15.119+0300][175,313s][info ][gc] GC(1514) Pause Young (Normal) (G1 Evacuation Pause) 664M->51M(1024M) 2,479ms
[2024-08-04T18:09:15.221+0300][175,415s][info ][gc] GC(1515) Pause Young (Normal) (G1 Evacuation Pause) 664M->51M(1024M) 2,490ms
[2024-08-04T18:09:15.333+0300][175,527s][info ][gc] GC(1516) Pause Young (Normal) (G1 Evacuation Pause) 664M->51M(1024M) 2,169ms
[2024-08-04T18:09:15.437+0300][175,631s][info ][gc] GC(1517) Pause Young (Normal) (G1 Evacuation Pause) 664M->51M(1024M) 2,156ms
[2024-08-04T18:09:15.543+0300][175,737s][info ][gc] GC(1518) Pause Young (Normal) (G1 Evacuation Pause) 664M->51M(1024M) 1,818ms
[2024-08-04T18:09:15.651+0300][175,845s][info ][gc] GC(1519) Pause Young (Normal) (G1 Evacuation Pause) 664M->51M(1024M) 3,309ms
[2024-08-04T18:09:15.753+0300][175,947s][info ][gc] GC(1520) Pause Young (Normal) (G1 Evacuation Pause) 664M->51M(1024M) 2,203ms
[2024-08-04T18:09:15.864+0300][176,057s][info ][gc] GC(1521) Pause Young (Normal) (G1 Evacuation Pause) 664M->51M(1024M) 2,348ms
[2024-08-04T18:09:15.973+0300][176,166s][info ][gc] GC(1522) Pause Young (Normal) (G1 Evacuation Pause) 664M->51M(1024M) 2,420ms
[2024-08-04T18:09:16.079+0300][176,272s][info ][gc] GC(1523) Pause Young (Normal) (G1 Evacuation Pause) 664M->51M(1024M) 2,225ms
[2024-08-04T18:09:16.190+0300][176,384s][info ][gc] GC(1524) Pause Young (Normal) (G1 Evacuation Pause) 664M->51M(1024M) 2,152ms
[2024-08-04T18:09:16.302+0300][176,496s][info ][gc] GC(1525) Pause Young (Normal) (G1 Evacuation Pause) 664M->51M(1024M) 2,099ms
[2024-08-04T18:09:16.413+0300][176,607s][info ][gc] GC(1526) Pause Young (Normal) (G1 Evacuation Pause) 664M->51M(1024M) 2,241ms
[2024-08-04T18:09:16.524+0300][176,718s][info ][gc] GC(1527) Pause Young (Normal) (G1 Evacuation Pause) 664M->51M(1024M) 2,401ms
[2024-08-04T18:09:16.629+0300][176,822s][info ][gc] GC(1528) Pause Young (Normal) (G1 Evacuation Pause) 664M->51M(1024M) 2,151ms
[2024-08-04T18:09:16.735+0300][176,929s][info ][gc] GC(1529) Pause Young (Normal) (G1 Evacuation Pause) 664M->52M(1024M) 1,896ms
[2024-08-04T18:09:16.844+0300][177,038s][info ][gc] GC(1530) Pause Young (Normal) (G1 Evacuation Pause) 665M->52M(1024M) 2,185ms
[2024-08-04T18:09:16.955+0300][177,149s][info ][gc] GC(1531) Pause Young (Normal) (G1 Evacuation Pause) 665M->52M(1024M) 2,360ms
[2024-08-04T18:09:17.069+0300][177,263s][info ][gc] GC(1532) Pause Young (Normal) (G1 Evacuation Pause) 665M->52M(1024M) 2,183ms
[2024-08-04T18:09:17.182+0300][177,376s][info ][gc] GC(1533) Pause Young (Normal) (G1 Evacuation Pause) 665M->52M(1024M) 1,782ms
[2024-08-04T18:09:17.293+0300][177,487s][info ][gc] GC(1534) Pause Young (Normal) (G1 Evacuation Pause) 665M->52M(1024M) 1,944ms
[2024-08-04T18:09:17.399+0300][177,593s][info ][gc] GC(1535) Pause Young (Normal) (G1 Evacuation Pause) 665M->52M(1024M) 2,508ms
[2024-08-04T18:09:17.503+0300][177,696s][info ][gc] GC(1536) Pause Young (Normal) (G1 Evacuation Pause) 665M->52M(1024M) 2,349ms
[2024-08-04T18:09:17.610+0300][177,804s][info ][gc] GC(1537) Pause Young (Normal) (G1 Evacuation Pause) 665M->52M(1024M) 2,459ms
[2024-08-04T18:09:17.709+0300][177,903s][info ][gc] GC(1538) Pause Young (Normal) (G1 Evacuation Pause) 665M->52M(1024M) 2,179ms
[2024-08-04T18:09:17.805+0300][177,999s][info ][gc] GC(1539) Pause Young (Normal) (G1 Evacuation Pause) 665M->52M(1024M) 2,618ms
[2024-08-04T18:09:17.901+0300][178,095s][info ][gc] GC(1540) Pause Young (Normal) (G1 Evacuation Pause) 665M->52M(1024M) 1,961ms
[2024-08-04T18:09:18.008+0300][178,202s][info ][gc] GC(1541) Pause Young (Normal) (G1 Evacuation Pause) 665M->52M(1024M) 2,334ms
[2024-08-04T18:09:18.120+0300][178,314s][info ][gc] GC(1542) Pause Young (Normal) (G1 Evacuation Pause) 665M->52M(1024M) 2,331ms
[2024-08-04T18:09:18.216+0300][178,409s][info ][gc] GC(1543) Pause Young (Normal) (G1 Evacuation Pause) 665M->52M(1024M) 2,008ms
[2024-08-04T18:09:18.322+0300][178,516s][info ][gc] GC(1544) Pause Young (Normal) (G1 Evacuation Pause) 665M->52M(1024M) 1,892ms
[2024-08-04T18:09:18.429+0300][178,622s][info ][gc] GC(1545) Pause Young (Normal) (G1 Evacuation Pause) 665M->52M(1024M) 1,935ms
[2024-08-04T18:09:18.538+0300][178,732s][info ][gc] GC(1546) Pause Young (Normal) (G1 Evacuation Pause) 665M->52M(1024M) 1,793ms
[2024-08-04T18:09:18.647+0300][178,841s][info ][gc] GC(1547) Pause Young (Normal) (G1 Evacuation Pause) 665M->52M(1024M) 2,081ms
[2024-08-04T18:09:18.750+0300][178,943s][info ][gc] GC(1548) Pause Young (Normal) (G1 Evacuation Pause) 665M->52M(1024M) 1,865ms
[2024-08-04T18:09:18.858+0300][179,052s][info ][gc] GC(1549) Pause Young (Normal) (G1 Evacuation Pause) 665M->52M(1024M) 1,888ms
[2024-08-04T18:09:18.971+0300][179,165s][info ][gc] GC(1550) Pause Young (Normal) (G1 Evacuation Pause) 665M->52M(1024M) 2,221ms
[2024-08-04T18:09:19.082+0300][179,276s][info ][gc] GC(1551) Pause Young (Normal) (G1 Evacuation Pause) 665M->52M(1024M) 1,983ms
[2024-08-04T18:09:19.184+0300][179,377s][info ][gc] GC(1552) Pause Young (Normal) (G1 Evacuation Pause) 665M->52M(1024M) 1,850ms
[2024-08-04T18:09:19.296+0300][179,490s][info ][gc] GC(1553) Pause Young (Normal) (G1 Evacuation Pause) 665M->52M(1024M) 1,840ms
[2024-08-04T18:09:19.408+0300][179,601s][info ][gc] GC(1554) Pause Young (Normal) (G1 Evacuation Pause) 665M->52M(1024M) 1,734ms
[2024-08-04T18:09:19.523+0300][179,717s][info ][gc] GC(1555) Pause Young (Normal) (G1 Evacuation Pause) 665M->52M(1024M) 2,673ms
[2024-08-04T18:09:19.636+0300][179,829s][info ][gc] GC(1556) Pause Young (Normal) (G1 Evacuation Pause) 665M->52M(1024M) 1,969ms
[2024-08-04T18:09:19.748+0300][179,942s][info ][gc] GC(1557) Pause Young (Normal) (G1 Evacuation Pause) 665M->52M(1024M) 2,447ms
[2024-08-04T18:09:19.861+0300][180,055s][info ][gc] GC(1558) Pause Young (Normal) (G1 Evacuation Pause) 665M->52M(1024M) 2,037ms
[2024-08-04T18:09:19.974+0300][180,168s][info ][gc] GC(1559) Pause Young (Normal) (G1 Evacuation Pause) 665M->52M(1024M) 2,003ms
[2024-08-04T18:09:20.077+0300][180,270s][info ][gc] GC(1560) Pause Young (Normal) (G1 Evacuation Pause) 665M->52M(1024M) 2,097ms
[2024-08-04T18:09:20.179+0300][180,373s][info ][gc] GC(1561) Pause Young (Normal) (G1 Evacuation Pause) 665M->52M(1024M) 1,918ms
[2024-08-04T18:09:20.287+0300][180,481s][info ][gc] GC(1562) Pause Young (Normal) (G1 Evacuation Pause) 665M->52M(1024M) 2,411ms
[2024-08-04T18:09:20.395+0300][180,589s][info ][gc] GC(1563) Pause Young (Normal) (G1 Evacuation Pause) 665M->53M(1024M) 2,113ms
[2024-08-04T18:09:20.492+0300][180,686s][info ][gc] GC(1564) Pause Young (Normal) (G1 Evacuation Pause) 666M->53M(1024M) 2,225ms
[2024-08-04T18:09:20.601+0300][180,794s][info ][gc] GC(1565) Pause Young (Normal) (G1 Evacuation Pause) 666M->53M(1024M) 1,917ms
[2024-08-04T18:09:20.697+0300][180,891s][info ][gc] GC(1566) Pause Young (Normal) (G1 Evacuation Pause) 666M->53M(1024M) 1,947ms
[2024-08-04T18:09:20.794+0300][180,988s][info ][gc] GC(1567) Pause Young (Normal) (G1 Evacuation Pause) 666M->53M(1024M) 1,874ms
[2024-08-04T18:09:20.907+0300][181,100s][info ][gc] GC(1568) Pause Young (Normal) (G1 Evacuation Pause) 666M->53M(1024M) 1,792ms
[2024-08-04T18:09:21.013+0300][181,207s][info ][gc] GC(1569) Pause Young (Normal) (G1 Evacuation Pause) 666M->53M(1024M) 2,118ms
[2024-08-04T18:09:21.125+0300][181,319s][info ][gc] GC(1570) Pause Young (Normal) (G1 Evacuation Pause) 666M->53M(1024M) 2,087ms
[2024-08-04T18:09:21.239+0300][181,433s][info ][gc] GC(1571) Pause Young (Normal) (G1 Evacuation Pause) 666M->53M(1024M) 2,005ms
[2024-08-04T18:09:21.337+0300][181,530s][info ][gc] GC(1572) Pause Young (Normal) (G1 Evacuation Pause) 666M->53M(1024M) 2,098ms
[2024-08-04T18:09:21.434+0300][181,628s][info ][gc] GC(1573) Pause Young (Normal) (G1 Evacuation Pause) 666M->53M(1024M) 1,895ms
[2024-08-04T18:09:21.543+0300][181,737s][info ][gc] GC(1574) Pause Young (Normal) (G1 Evacuation Pause) 666M->53M(1024M) 1,847ms
[2024-08-04T18:09:21.652+0300][181,845s][info ][gc] GC(1575) Pause Young (Normal) (G1 Evacuation Pause) 666M->53M(1024M) 1,805ms
[2024-08-04T18:09:21.760+0300][181,954s][info ][gc] GC(1576) Pause Young (Normal) (G1 Evacuation Pause) 666M->53M(1024M) 1,959ms
[2024-08-04T18:09:21.870+0300][182,064s][info ][gc] GC(1577) Pause Young (Normal) (G1 Evacuation Pause) 666M->53M(1024M) 2,137ms
[2024-08-04T18:09:21.984+0300][182,177s][info ][gc] GC(1578) Pause Young (Normal) (G1 Evacuation Pause) 666M->53M(1024M) 2,000ms
[2024-08-04T18:09:22.098+0300][182,292s][info ][gc] GC(1579) Pause Young (Normal) (G1 Evacuation Pause) 666M->53M(1024M) 1,846ms
[2024-08-04T18:09:22.208+0300][182,401s][info ][gc] GC(1580) Pause Young (Normal) (G1 Evacuation Pause) 666M->53M(1024M) 1,962ms
[2024-08-04T18:09:22.315+0300][182,509s][info ][gc] GC(1581) Pause Young (Normal) (G1 Evacuation Pause) 666M->53M(1024M) 1,916ms
[2024-08-04T18:09:22.420+0300][182,614s][info ][gc] GC(1582) Pause Young (Normal) (G1 Evacuation Pause) 666M->53M(1024M) 1,897ms
[2024-08-04T18:09:22.526+0300][182,719s][info ][gc] GC(1583) Pause Young (Normal) (G1 Evacuation Pause) 666M->53M(1024M) 2,139ms
[2024-08-04T18:09:22.631+0300][182,824s][info ][gc] GC(1584) Pause Young (Normal) (G1 Evacuation Pause) 666M->53M(1024M) 1,852ms
[2024-08-04T18:09:22.747+0300][182,941s][info ][gc] GC(1585) Pause Young (Normal) (G1 Evacuation Pause) 666M->53M(1024M) 2,059ms
[2024-08-04T18:09:22.848+0300][183,042s][info ][gc] GC(1586) Pause Young (Normal) (G1 Evacuation Pause) 666M->53M(1024M) 2,526ms
[2024-08-04T18:09:22.964+0300][183,158s][info ][gc] GC(1587) Pause Young (Normal) (G1 Evacuation Pause) 666M->53M(1024M) 2,086ms
[2024-08-04T18:09:23.082+0300][183,275s][info ][gc] GC(1588) Pause Young (Normal) (G1 Evacuation Pause) 666M->53M(1024M) 1,775ms
[2024-08-04T18:09:23.184+0300][183,377s][info ][gc] GC(1589) Pause Young (Normal) (G1 Evacuation Pause) 666M->53M(1024M) 1,789ms
[2024-08-04T18:09:23.296+0300][183,490s][info ][gc] GC(1590) Pause Young (Normal) (G1 Evacuation Pause) 666M->53M(1024M) 1,589ms
[2024-08-04T18:09:23.407+0300][183,601s][info ][gc] GC(1591) Pause Young (Normal) (G1 Evacuation Pause) 666M->53M(1024M) 2,127ms
[2024-08-04T18:09:23.520+0300][183,714s][info ][gc] GC(1592) Pause Young (Normal) (G1 Evacuation Pause) 666M->53M(1024M) 1,898ms
[2024-08-04T18:09:23.634+0300][183,827s][info ][gc] GC(1593) Pause Young (Normal) (G1 Evacuation Pause) 666M->53M(1024M) 2,155ms
[2024-08-04T18:09:23.747+0300][183,940s][info ][gc] GC(1594) Pause Young (Normal) (G1 Evacuation Pause) 666M->53M(1024M) 2,073ms
[2024-08-04T18:09:23.852+0300][184,046s][info ][gc] GC(1595) Pause Young (Normal) (G1 Evacuation Pause) 666M->53M(1024M) 2,403ms
[2024-08-04T18:09:23.967+0300][184,160s][info ][gc] GC(1596) Pause Young (Normal) (G1 Evacuation Pause) 666M->53M(1024M) 2,429ms
[2024-08-04T18:09:24.074+0300][184,268s][info ][gc] GC(1597) Pause Young (Normal) (G1 Evacuation Pause) 666M->53M(1024M) 2,369ms
[2024-08-04T18:09:24.190+0300][184,384s][info ][gc] GC(1598) Pause Young (Normal) (G1 Evacuation Pause) 666M->53M(1024M) 1,829ms
[2024-08-04T18:09:24.307+0300][184,501s][info ][gc] GC(1599) Pause Young (Normal) (G1 Evacuation Pause) 666M->53M(1024M) 2,264ms
[2024-08-04T18:09:24.414+0300][184,607s][info ][gc] GC(1600) Pause Young (Normal) (G1 Evacuation Pause) 666M->53M(1024M) 1,673ms
[2024-08-04T18:09:24.528+0300][184,722s][info ][gc] GC(1601) Pause Young (Normal) (G1 Evacuation Pause) 666M->53M(1024M) 2,063ms
[2024-08-04T18:09:24.651+0300][184,845s][info ][gc] GC(1602) Pause Young (Normal) (G1 Evacuation Pause) 666M->54M(1024M) 2,031ms
[2024-08-04T18:09:24.771+0300][184,964s][info ][gc] GC(1603) Pause Young (Normal) (G1 Evacuation Pause) 667M->54M(1024M) 2,067ms
[2024-08-04T18:09:24.882+0300][185,076s][info ][gc] GC(1604) Pause Young (Normal) (G1 Evacuation Pause) 667M->54M(1024M) 1,995ms
[2024-08-04T18:09:25.001+0300][185,194s][info ][gc] GC(1605) Pause Young (Normal) (G1 Evacuation Pause) 667M->54M(1024M) 1,842ms
[2024-08-04T18:09:25.113+0300][185,307s][info ][gc] GC(1606) Pause Young (Normal) (G1 Evacuation Pause) 667M->54M(1024M) 1,652ms
[2024-08-04T18:09:25.240+0300][185,434s][info ][gc] GC(1607) Pause Young (Normal) (G1 Evacuation Pause) 667M->54M(1024M) 2,027ms
[2024-08-04T18:09:25.367+0300][185,561s][info ][gc] GC(1608) Pause Young (Normal) (G1 Evacuation Pause) 667M->54M(1024M) 1,867ms
[2024-08-04T18:09:25.495+0300][185,689s][info ][gc] GC(1609) Pause Young (Normal) (G1 Evacuation Pause) 667M->54M(1024M) 1,757ms
[2024-08-04T18:09:25.618+0300][185,812s][info ][gc] GC(1610) Pause Young (Normal) (G1 Evacuation Pause) 667M->54M(1024M) 2,040ms
[2024-08-04T18:09:25.739+0300][185,933s][info ][gc] GC(1611) Pause Young (Normal) (G1 Evacuation Pause) 667M->54M(1024M) 1,846ms
[2024-08-04T18:09:25.862+0300][186,056s][info ][gc] GC(1612) Pause Young (Normal) (G1 Evacuation Pause) 667M->54M(1024M) 2,173ms
[2024-08-04T18:09:25.985+0300][186,179s][info ][gc] GC(1613) Pause Young (Normal) (G1 Evacuation Pause) 667M->54M(1024M) 1,800ms
[2024-08-04T18:09:26.116+0300][186,310s][info ][gc] GC(1614) Pause Young (Normal) (G1 Evacuation Pause) 667M->54M(1024M) 1,803ms
[2024-08-04T18:09:26.241+0300][186,435s][info ][gc] GC(1615) Pause Young (Normal) (G1 Evacuation Pause) 667M->54M(1024M) 2,115ms
[2024-08-04T18:09:26.366+0300][186,560s][info ][gc] GC(1616) Pause Young (Normal) (G1 Evacuation Pause) 667M->54M(1024M) 1,540ms
[2024-08-04T18:09:26.500+0300][186,694s][info ][gc] GC(1617) Pause Young (Normal) (G1 Evacuation Pause) 667M->54M(1024M) 2,040ms
[2024-08-04T18:09:26.628+0300][186,821s][info ][gc] GC(1618) Pause Young (Normal) (G1 Evacuation Pause) 667M->54M(1024M) 2,207ms
[2024-08-04T18:09:26.763+0300][186,957s][info ][gc] GC(1619) Pause Young (Normal) (G1 Evacuation Pause) 667M->54M(1024M) 2,007ms
[2024-08-04T18:09:26.898+0300][187,092s][info ][gc] GC(1620) Pause Young (Normal) (G1 Evacuation Pause) 667M->54M(1024M) 1,801ms
[2024-08-04T18:09:27.025+0300][187,219s][info ][gc] GC(1621) Pause Young (Normal) (G1 Evacuation Pause) 667M->54M(1024M) 1,765ms
[2024-08-04T18:09:27.166+0300][187,360s][info ][gc] GC(1622) Pause Young (Normal) (G1 Evacuation Pause) 667M->54M(1024M) 1,791ms
[2024-08-04T18:09:27.344+0300][187,538s][info ][gc] GC(1623) Pause Young (Normal) (G1 Evacuation Pause) 667M->54M(1024M) 1,892ms
[2024-08-04T18:09:27.472+0300][187,666s][info ][gc] GC(1624) Pause Young (Normal) (G1 Evacuation Pause) 667M->54M(1024M) 1,902ms
[2024-08-04T18:09:27.592+0300][187,786s][info ][gc] GC(1625) Pause Young (Normal) (G1 Evacuation Pause) 667M->54M(1024M) 2,309ms
[2024-08-04T18:09:27.709+0300][187,903s][info ][gc] GC(1626) Pause Young (Normal) (G1 Evacuation Pause) 667M->54M(1024M) 2,179ms
[2024-08-04T18:09:27.817+0300][188,011s][info ][gc] GC(1627) Pause Young (Normal) (G1 Evacuation Pause) 667M->54M(1024M) 2,471ms
[2024-08-04T18:09:27.935+0300][188,129s][info ][gc] GC(1628) Pause Young (Normal) (G1 Evacuation Pause) 667M->55M(1024M) 2,373ms
[2024-08-04T18:09:28.044+0300][188,238s][info ][gc] GC(1629) Pause Young (Normal) (G1 Evacuation Pause) 668M->55M(1024M) 2,634ms
[2024-08-04T18:09:28.145+0300][188,339s][info ][gc] GC(1630) Pause Young (Normal) (G1 Evacuation Pause) 668M->55M(1024M) 2,471ms
[2024-08-04T18:09:28.257+0300][188,450s][info ][gc] GC(1631) Pause Young (Normal) (G1 Evacuation Pause) 668M->55M(1024M) 2,710ms
[2024-08-04T18:09:28.355+0300][188,548s][info ][gc] GC(1632) Pause Young (Normal) (G1 Evacuation Pause) 668M->55M(1024M) 2,387ms
[2024-08-04T18:09:28.452+0300][188,646s][info ][gc] GC(1633) Pause Young (Normal) (G1 Evacuation Pause) 668M->55M(1024M) 2,712ms
[2024-08-04T18:09:28.552+0300][188,746s][info ][gc] GC(1634) Pause Young (Normal) (G1 Evacuation Pause) 667M->55M(1024M) 2,627ms
[2024-08-04T18:09:28.656+0300][188,849s][info ][gc] GC(1635) Pause Young (Normal) (G1 Evacuation Pause) 667M->55M(1024M) 2,741ms
[2024-08-04T18:09:28.763+0300][188,957s][info ][gc] GC(1636) Pause Young (Normal) (G1 Evacuation Pause) 667M->55M(1024M) 2,569ms
[2024-08-04T18:09:28.862+0300][189,056s][info ][gc] GC(1637) Pause Young (Normal) (G1 Evacuation Pause) 667M->55M(1024M) 2,697ms
[2024-08-04T18:09:28.969+0300][189,163s][info ][gc] GC(1638) Pause Young (Normal) (G1 Evacuation Pause) 667M->55M(1024M) 2,714ms
[2024-08-04T18:09:29.077+0300][189,271s][info ][gc] GC(1639) Pause Young (Normal) (G1 Evacuation Pause) 668M->55M(1024M) 2,644ms
[2024-08-04T18:09:29.182+0300][189,376s][info ][gc] GC(1640) Pause Young (Normal) (G1 Evacuation Pause) 668M->55M(1024M) 2,431ms
[2024-08-04T18:09:29.289+0300][189,483s][info ][gc] GC(1641) Pause Young (Normal) (G1 Evacuation Pause) 668M->55M(1024M) 2,365ms
[2024-08-04T18:09:29.385+0300][189,579s][info ][gc] GC(1642) Pause Young (Normal) (G1 Evacuation Pause) 668M->55M(1024M) 2,459ms
[2024-08-04T18:09:29.489+0300][189,683s][info ][gc] GC(1643) Pause Young (Normal) (G1 Evacuation Pause) 668M->55M(1024M) 2,546ms
[2024-08-04T18:09:29.585+0300][189,778s][info ][gc] GC(1644) Pause Young (Normal) (G1 Evacuation Pause) 668M->55M(1024M) 2,277ms
[2024-08-04T18:09:29.693+0300][189,887s][info ][gc] GC(1645) Pause Young (Normal) (G1 Evacuation Pause) 668M->55M(1024M) 2,321ms
[2024-08-04T18:09:29.796+0300][189,990s][info ][gc] GC(1646) Pause Young (Normal) (G1 Evacuation Pause) 668M->55M(1024M) 2,645ms
[2024-08-04T18:09:29.908+0300][190,102s][info ][gc] GC(1647) Pause Young (Normal) (G1 Evacuation Pause) 668M->55M(1024M) 2,526ms
[2024-08-04T18:09:30.012+0300][190,205s][info ][gc] GC(1648) Pause Young (Normal) (G1 Evacuation Pause) 668M->55M(1024M) 2,346ms
[2024-08-04T18:09:30.123+0300][190,316s][info ][gc] GC(1649) Pause Young (Normal) (G1 Evacuation Pause) 668M->55M(1024M) 2,390ms
[2024-08-04T18:09:30.234+0300][190,428s][info ][gc] GC(1650) Pause Young (Normal) (G1 Evacuation Pause) 668M->55M(1024M) 2,242ms
[2024-08-04T18:09:30.336+0300][190,530s][info ][gc] GC(1651) Pause Young (Normal) (G1 Evacuation Pause) 668M->55M(1024M) 2,364ms
[2024-08-04T18:09:30.444+0300][190,638s][info ][gc] GC(1652) Pause Young (Normal) (G1 Evacuation Pause) 668M->55M(1024M) 2,209ms
[2024-08-04T18:09:30.551+0300][190,745s][info ][gc] GC(1653) Pause Young (Normal) (G1 Evacuation Pause) 668M->55M(1024M) 2,452ms
[2024-08-04T18:09:30.656+0300][190,850s][info ][gc] GC(1654) Pause Young (Normal) (G1 Evacuation Pause) 668M->56M(1024M) 1,805ms
[2024-08-04T18:09:30.757+0300][190,951s][info ][gc] GC(1655) Pause Young (Normal) (G1 Evacuation Pause) 669M->56M(1024M) 2,121ms
[2024-08-04T18:09:30.866+0300][191,060s][info ][gc] GC(1656) Pause Young (Normal) (G1 Evacuation Pause) 669M->56M(1024M) 2,321ms
[2024-08-04T18:09:30.968+0300][191,162s][info ][gc] GC(1657) Pause Young (Normal) (G1 Evacuation Pause) 669M->56M(1024M) 2,186ms
[2024-08-04T18:09:31.079+0300][191,273s][info ][gc] GC(1658) Pause Young (Normal) (G1 Evacuation Pause) 669M->56M(1024M) 2,283ms
[2024-08-04T18:09:31.191+0300][191,385s][info ][gc] GC(1659) Pause Young (Normal) (G1 Evacuation Pause) 669M->56M(1024M) 2,372ms
[2024-08-04T18:09:31.296+0300][191,490s][info ][gc] GC(1660) Pause Young (Normal) (G1 Evacuation Pause) 669M->56M(1024M) 2,276ms
[2024-08-04T18:09:31.402+0300][191,596s][info ][gc] GC(1661) Pause Young (Normal) (G1 Evacuation Pause) 669M->56M(1024M) 2,386ms
[2024-08-04T18:09:31.497+0300][191,691s][info ][gc] GC(1662) Pause Young (Normal) (G1 Evacuation Pause) 669M->56M(1024M) 1,831ms
[2024-08-04T18:09:31.607+0300][191,801s][info ][gc] GC(1663) Pause Young (Normal) (G1 Evacuation Pause) 669M->56M(1024M) 1,954ms
[2024-08-04T18:09:31.708+0300][191,901s][info ][gc] GC(1664) Pause Young (Normal) (G1 Evacuation Pause) 669M->56M(1024M) 2,010ms
[2024-08-04T18:09:31.810+0300][192,004s][info ][gc] GC(1665) Pause Young (Normal) (G1 Evacuation Pause) 669M->56M(1024M) 1,997ms
[2024-08-04T18:09:31.906+0300][192,100s][info ][gc] GC(1666) Pause Young (Normal) (G1 Evacuation Pause) 669M->56M(1024M) 2,029ms
[2024-08-04T18:09:32.018+0300][192,211s][info ][gc] GC(1667) Pause Young (Normal) (G1 Evacuation Pause) 669M->56M(1024M) 2,169ms
[2024-08-04T18:09:32.128+0300][192,322s][info ][gc] GC(1668) Pause Young (Normal) (G1 Evacuation Pause) 669M->56M(1024M) 2,108ms
[2024-08-04T18:09:32.238+0300][192,432s][info ][gc] GC(1669) Pause Young (Normal) (G1 Evacuation Pause) 669M->56M(1024M) 1,983ms
[2024-08-04T18:09:32.349+0300][192,543s][info ][gc] GC(1670) Pause Young (Normal) (G1 Evacuation Pause) 669M->56M(1024M) 2,056ms
[2024-08-04T18:09:32.456+0300][192,649s][info ][gc] GC(1671) Pause Young (Normal) (G1 Evacuation Pause) 669M->56M(1024M) 2,214ms
[2024-08-04T18:09:32.567+0300][192,761s][info ][gc] GC(1672) Pause Young (Normal) (G1 Evacuation Pause) 669M->56M(1024M) 2,094ms
[2024-08-04T18:09:32.679+0300][192,873s][info ][gc] GC(1673) Pause Young (Normal) (G1 Evacuation Pause) 669M->56M(1024M) 2,042ms
[2024-08-04T18:09:32.791+0300][192,985s][info ][gc] GC(1674) Pause Young (Normal) (G1 Evacuation Pause) 669M->56M(1024M) 2,052ms
[2024-08-04T18:09:32.902+0300][193,095s][info ][gc] GC(1675) Pause Young (Normal) (G1 Evacuation Pause) 669M->56M(1024M) 2,190ms
[2024-08-04T18:09:33.012+0300][193,205s][info ][gc] GC(1676) Pause Young (Normal) (G1 Evacuation Pause) 669M->56M(1024M) 2,056ms
[2024-08-04T18:09:33.113+0300][193,307s][info ][gc] GC(1677) Pause Young (Normal) (G1 Evacuation Pause) 669M->56M(1024M) 1,826ms
[2024-08-04T18:09:33.215+0300][193,409s][info ][gc] GC(1678) Pause Young (Normal) (G1 Evacuation Pause) 669M->56M(1024M) 2,028ms
[2024-08-04T18:09:33.328+0300][193,522s][info ][gc] GC(1679) Pause Young (Normal) (G1 Evacuation Pause) 669M->56M(1024M) 1,850ms
[2024-08-04T18:09:33.437+0300][193,630s][info ][gc] GC(1680) Pause Young (Normal) (G1 Evacuation Pause) 669M->56M(1024M) 2,299ms
[2024-08-04T18:09:33.544+0300][193,738s][info ][gc] GC(1681) Pause Young (Normal) (G1 Evacuation Pause) 669M->56M(1024M) 1,968ms
[2024-08-04T18:09:33.653+0300][193,846s][info ][gc] GC(1682) Pause Young (Normal) (G1 Evacuation Pause) 669M->56M(1024M) 2,339ms
[2024-08-04T18:09:33.756+0300][193,950s][info ][gc] GC(1683) Pause Young (Normal) (G1 Evacuation Pause) 669M->56M(1024M) 2,315ms
[2024-08-04T18:09:33.854+0300][194,048s][info ][gc] GC(1684) Pause Young (Normal) (G1 Evacuation Pause) 669M->56M(1024M) 2,345ms
[2024-08-04T18:09:33.970+0300][194,163s][info ][gc] GC(1685) Pause Young (Normal) (G1 Evacuation Pause) 669M->56M(1024M) 2,002ms
[2024-08-04T18:09:34.077+0300][194,270s][info ][gc] GC(1686) Pause Young (Normal) (G1 Evacuation Pause) 669M->56M(1024M) 1,801ms
[2024-08-04T18:09:34.181+0300][194,374s][info ][gc] GC(1687) Pause Young (Normal) (G1 Evacuation Pause) 669M->56M(1024M) 2,048ms
[2024-08-04T18:09:34.292+0300][194,486s][info ][gc] GC(1688) Pause Young (Normal) (G1 Evacuation Pause) 669M->56M(1024M) 2,261ms
[2024-08-04T18:09:34.407+0300][194,601s][info ][gc] GC(1689) Pause Young (Normal) (G1 Evacuation Pause) 669M->56M(1024M) 2,135ms
[2024-08-04T18:09:34.523+0300][194,716s][info ][gc] GC(1690) Pause Young (Normal) (G1 Evacuation Pause) 669M->57M(1024M) 1,828ms
[2024-08-04T18:09:34.629+0300][194,823s][info ][gc] GC(1691) Pause Young (Normal) (G1 Evacuation Pause) 670M->57M(1024M) 2,225ms
[2024-08-04T18:09:34.740+0300][194,934s][info ][gc] GC(1692) Pause Young (Normal) (G1 Evacuation Pause) 670M->57M(1024M) 2,277ms
[2024-08-04T18:09:34.857+0300][195,051s][info ][gc] GC(1693) Pause Young (Normal) (G1 Evacuation Pause) 670M->57M(1024M) 1,990ms
[2024-08-04T18:09:34.964+0300][195,157s][info ][gc] GC(1694) Pause Young (Normal) (G1 Evacuation Pause) 670M->57M(1024M) 1,951ms
[2024-08-04T18:09:35.081+0300][195,274s][info ][gc] GC(1695) Pause Young (Normal) (G1 Evacuation Pause) 670M->57M(1024M) 2,159ms
[2024-08-04T18:09:35.196+0300][195,390s][info ][gc] GC(1696) Pause Young (Normal) (G1 Evacuation Pause) 670M->57M(1024M) 2,116ms
[2024-08-04T18:09:35.304+0300][195,498s][info ][gc] GC(1697) Pause Young (Normal) (G1 Evacuation Pause) 670M->57M(1024M) 1,955ms
[2024-08-04T18:09:35.413+0300][195,607s][info ][gc] GC(1698) Pause Young (Normal) (G1 Evacuation Pause) 670M->57M(1024M) 2,263ms
[2024-08-04T18:09:35.531+0300][195,725s][info ][gc] GC(1699) Pause Young (Normal) (G1 Evacuation Pause) 670M->57M(1024M) 1,788ms
[2024-08-04T18:09:35.639+0300][195,833s][info ][gc] GC(1700) Pause Young (Normal) (G1 Evacuation Pause) 670M->57M(1024M) 2,029ms
[2024-08-04T18:09:35.751+0300][195,945s][info ][gc] GC(1701) Pause Young (Normal) (G1 Evacuation Pause) 670M->57M(1024M) 2,238ms
[2024-08-04T18:09:35.863+0300][196,057s][info ][gc] GC(1702) Pause Young (Normal) (G1 Evacuation Pause) 670M->57M(1024M) 2,093ms
[2024-08-04T18:09:35.974+0300][196,167s][info ][gc] GC(1703) Pause Young (Normal) (G1 Evacuation Pause) 670M->57M(1024M) 2,236ms
[2024-08-04T18:09:36.085+0300][196,278s][info ][gc] GC(1704) Pause Young (Normal) (G1 Evacuation Pause) 670M->57M(1024M) 1,731ms
[2024-08-04T18:09:36.204+0300][196,398s][info ][gc] GC(1705) Pause Young (Normal) (G1 Evacuation Pause) 670M->57M(1024M) 1,772ms
[2024-08-04T18:09:36.320+0300][196,514s][info ][gc] GC(1706) Pause Young (Normal) (G1 Evacuation Pause) 670M->57M(1024M) 1,798ms
[2024-08-04T18:09:36.426+0300][196,619s][info ][gc] GC(1707) Pause Young (Normal) (G1 Evacuation Pause) 670M->57M(1024M) 2,140ms
[2024-08-04T18:09:36.536+0300][196,730s][info ][gc] GC(1708) Pause Young (Normal) (G1 Evacuation Pause) 670M->57M(1024M) 2,143ms
[2024-08-04T18:09:36.658+0300][196,852s][info ][gc] GC(1709) Pause Young (Normal) (G1 Evacuation Pause) 670M->57M(1024M) 2,019ms
[2024-08-04T18:09:36.779+0300][196,973s][info ][gc] GC(1710) Pause Young (Normal) (G1 Evacuation Pause) 670M->57M(1024M) 1,717ms
[2024-08-04T18:09:36.900+0300][197,093s][info ][gc] GC(1711) Pause Young (Normal) (G1 Evacuation Pause) 670M->57M(1024M) 1,906ms
[2024-08-04T18:09:37.025+0300][197,218s][info ][gc] GC(1712) Pause Young (Normal) (G1 Evacuation Pause) 670M->57M(1024M) 1,824ms
[2024-08-04T18:09:37.141+0300][197,335s][info ][gc] GC(1713) Pause Young (Normal) (G1 Evacuation Pause) 670M->57M(1024M) 2,207ms
[2024-08-04T18:09:37.260+0300][197,453s][info ][gc] GC(1714) Pause Young (Normal) (G1 Evacuation Pause) 670M->57M(1024M) 2,098ms
[2024-08-04T18:09:37.386+0300][197,579s][info ][gc] GC(1715) Pause Young (Normal) (G1 Evacuation Pause) 670M->57M(1024M) 1,632ms
[2024-08-04T18:09:37.504+0300][197,698s][info ][gc] GC(1716) Pause Young (Normal) (G1 Evacuation Pause) 670M->57M(1024M) 1,899ms
[2024-08-04T18:09:37.630+0300][197,824s][info ][gc] GC(1717) Pause Young (Normal) (G1 Evacuation Pause) 670M->57M(1024M) 2,316ms
[2024-08-04T18:09:37.759+0300][197,952s][info ][gc] GC(1718) Pause Young (Normal) (G1 Evacuation Pause) 670M->57M(1024M) 2,174ms
[2024-08-04T18:09:37.886+0300][198,080s][info ][gc] GC(1719) Pause Young (Normal) (G1 Evacuation Pause) 670M->57M(1024M) 2,164ms
[2024-08-04T18:09:38.005+0300][198,199s][info ][gc] GC(1720) Pause Young (Normal) (G1 Evacuation Pause) 670M->57M(1024M) 1,980ms
[2024-08-04T18:09:38.133+0300][198,327s][info ][gc] GC(1721) Pause Young (Normal) (G1 Evacuation Pause) 670M->57M(1024M) 1,785ms
[2024-08-04T18:09:38.262+0300][198,456s][info ][gc] GC(1722) Pause Young (Normal) (G1 Evacuation Pause) 670M->57M(1024M) 1,741ms
[2024-08-04T18:09:38.391+0300][198,584s][info ][gc] GC(1723) Pause Young (Normal) (G1 Evacuation Pause) 670M->57M(1024M) 2,242ms
[2024-08-04T18:09:38.513+0300][198,706s][info ][gc] GC(1724) Pause Young (Normal) (G1 Evacuation Pause) 670M->57M(1024M) 1,640ms
[2024-08-04T18:09:38.642+0300][198,836s][info ][gc] GC(1725) Pause Young (Normal) (G1 Evacuation Pause) 670M->57M(1024M) 1,991ms
[2024-08-04T18:09:38.766+0300][198,960s][info ][gc] GC(1726) Pause Young (Normal) (G1 Evacuation Pause) 670M->57M(1024M) 2,262ms
[2024-08-04T18:09:38.889+0300][199,083s][info ][gc] GC(1727) Pause Young (Normal) (G1 Evacuation Pause) 670M->57M(1024M) 2,062ms
[2024-08-04T18:09:39.021+0300][199,215s][info ][gc] GC(1728) Pause Young (Normal) (G1 Evacuation Pause) 670M->57M(1024M) 1,996ms
[2024-08-04T18:09:39.148+0300][199,342s][info ][gc] GC(1729) Pause Young (Normal) (G1 Evacuation Pause) 670M->57M(1024M) 2,137ms
[2024-08-04T18:09:39.269+0300][199,463s][info ][gc] GC(1730) Pause Young (Normal) (G1 Evacuation Pause) 670M->58M(1024M) 2,218ms
[2024-08-04T18:09:39.397+0300][199,591s][info ][gc] GC(1731) Pause Young (Normal) (G1 Evacuation Pause) 671M->58M(1024M) 1,760ms
[2024-08-04T18:09:39.526+0300][199,720s][info ][gc] GC(1732) Pause Young (Normal) (G1 Evacuation Pause) 671M->58M(1024M) 1,991ms
[2024-08-04T18:09:39.643+0300][199,837s][info ][gc] GC(1733) Pause Young (Normal) (G1 Evacuation Pause) 671M->58M(1024M) 1,878ms
[2024-08-04T18:09:39.770+0300][199,964s][info ][gc] GC(1734) Pause Young (Normal) (G1 Evacuation Pause) 671M->58M(1024M) 1,766ms
[2024-08-04T18:09:39.897+0300][200,091s][info ][gc] GC(1735) Pause Young (Normal) (G1 Evacuation Pause) 671M->58M(1024M) 1,671ms
[2024-08-04T18:09:40.033+0300][200,227s][info ][gc] GC(1736) Pause Young (Normal) (G1 Evacuation Pause) 671M->58M(1024M) 1,771ms
[2024-08-04T18:09:40.161+0300][200,354s][info ][gc] GC(1737) Pause Young (Normal) (G1 Evacuation Pause) 671M->58M(1024M) 1,743ms
[2024-08-04T18:09:40.289+0300][200,483s][info ][gc] GC(1738) Pause Young (Normal) (G1 Evacuation Pause) 671M->58M(1024M) 1,989ms
[2024-08-04T18:09:40.419+0300][200,613s][info ][gc] GC(1739) Pause Young (Normal) (G1 Evacuation Pause) 671M->58M(1024M) 1,816ms
[2024-08-04T18:09:40.553+0300][200,747s][info ][gc] GC(1740) Pause Young (Normal) (G1 Evacuation Pause) 671M->58M(1024M) 1,740ms
[2024-08-04T18:09:40.681+0300][200,874s][info ][gc] GC(1741) Pause Young (Normal) (G1 Evacuation Pause) 671M->58M(1024M) 1,984ms
[2024-08-04T18:09:40.821+0300][201,015s][info ][gc] GC(1742) Pause Young (Normal) (G1 Evacuation Pause) 671M->58M(1024M) 1,796ms
[2024-08-04T18:09:40.958+0300][201,152s][info ][gc] GC(1743) Pause Young (Normal) (G1 Evacuation Pause) 671M->58M(1024M) 1,865ms
[2024-08-04T18:09:41.103+0300][201,296s][info ][gc] GC(1744) Pause Young (Normal) (G1 Evacuation Pause) 671M->58M(1024M) 1,829ms
[2024-08-04T18:09:41.234+0300][201,427s][info ][gc] GC(1745) Pause Young (Normal) (G1 Evacuation Pause) 671M->58M(1024M) 2,136ms
[2024-08-04T18:09:41.375+0300][201,568s][info ][gc] GC(1746) Pause Young (Normal) (G1 Evacuation Pause) 671M->58M(1024M) 1,727ms
[2024-08-04T18:09:41.548+0300][201,741s][info ][gc] GC(1747) Pause Young (Normal) (G1 Evacuation Pause) 671M->58M(1024M) 1,769ms
[2024-08-04T18:09:41.687+0300][201,880s][info ][gc] GC(1748) Pause Young (Normal) (G1 Evacuation Pause) 671M->58M(1024M) 2,221ms
[2024-08-04T18:09:41.816+0300][202,010s][info ][gc] GC(1749) Pause Young (Normal) (G1 Evacuation Pause) 671M->58M(1024M) 1,956ms
[2024-08-04T18:09:41.939+0300][202,132s][info ][gc] GC(1750) Pause Young (Normal) (G1 Evacuation Pause) 671M->58M(1024M) 2,156ms
[2024-08-04T18:09:42.058+0300][202,252s][info ][gc] GC(1751) Pause Young (Normal) (G1 Evacuation Pause) 671M->58M(1024M) 3,313ms
[2024-08-04T18:09:42.164+0300][202,358s][info ][gc] GC(1752) Pause Young (Normal) (G1 Evacuation Pause) 671M->58M(1024M) 2,343ms
[2024-08-04T18:09:42.271+0300][202,465s][info ][gc] GC(1753) Pause Young (Normal) (G1 Evacuation Pause) 671M->58M(1024M) 2,443ms
[2024-08-04T18:09:42.378+0300][202,572s][info ][gc] GC(1754) Pause Young (Normal) (G1 Evacuation Pause) 671M->58M(1024M) 2,416ms
[2024-08-04T18:09:42.488+0300][202,681s][info ][gc] GC(1755) Pause Young (Normal) (G1 Evacuation Pause) 671M->59M(1024M) 2,297ms
[2024-08-04T18:09:42.586+0300][202,779s][info ][gc] GC(1756) Pause Young (Normal) (G1 Evacuation Pause) 672M->59M(1024M) 2,518ms
[2024-08-04T18:09:42.700+0300][202,893s][info ][gc] GC(1757) Pause Young (Normal) (G1 Evacuation Pause) 672M->59M(1024M) 2,753ms
[2024-08-04T18:09:42.804+0300][202,998s][info ][gc] GC(1758) Pause Young (Normal) (G1 Evacuation Pause) 671M->59M(1024M) 2,514ms
[2024-08-04T18:09:42.919+0300][203,112s][info ][gc] GC(1759) Pause Young (Normal) (G1 Evacuation Pause) 672M->59M(1024M) 2,498ms
[2024-08-04T18:09:43.033+0300][203,227s][info ][gc] GC(1760) Pause Young (Normal) (G1 Evacuation Pause) 671M->59M(1024M) 2,560ms
[2024-08-04T18:09:43.141+0300][203,335s][info ][gc] GC(1761) Pause Young (Normal) (G1 Evacuation Pause) 671M->59M(1024M) 2,773ms
[2024-08-04T18:09:43.245+0300][203,438s][info ][gc] GC(1762) Pause Young (Normal) (G1 Evacuation Pause) 671M->59M(1024M) 2,570ms
[2024-08-04T18:09:43.341+0300][203,535s][info ][gc] GC(1763) Pause Young (Normal) (G1 Evacuation Pause) 672M->59M(1024M) 2,575ms
[2024-08-04T18:09:43.456+0300][203,649s][info ][gc] GC(1764) Pause Young (Normal) (G1 Evacuation Pause) 672M->59M(1024M) 2,419ms
[2024-08-04T18:09:43.568+0300][203,762s][info ][gc] GC(1765) Pause Young (Normal) (G1 Evacuation Pause) 672M->59M(1024M) 2,320ms
[2024-08-04T18:09:43.681+0300][203,875s][info ][gc] GC(1766) Pause Young (Normal) (G1 Evacuation Pause) 672M->59M(1024M) 2,477ms
[2024-08-04T18:09:43.784+0300][203,978s][info ][gc] GC(1767) Pause Young (Normal) (G1 Evacuation Pause) 672M->59M(1024M) 2,229ms
[2024-08-04T18:09:43.887+0300][204,080s][info ][gc] GC(1768) Pause Young (Normal) (G1 Evacuation Pause) 672M->59M(1024M) 2,424ms
[2024-08-04T18:09:43.990+0300][204,183s][info ][gc] GC(1769) Pause Young (Normal) (G1 Evacuation Pause) 672M->59M(1024M) 2,506ms
[2024-08-04T18:09:44.094+0300][204,287s][info ][gc] GC(1770) Pause Young (Normal) (G1 Evacuation Pause) 672M->59M(1024M) 2,243ms
[2024-08-04T18:09:44.206+0300][204,400s][info ][gc] GC(1771) Pause Young (Normal) (G1 Evacuation Pause) 672M->59M(1024M) 2,210ms
[2024-08-04T18:09:44.311+0300][204,504s][info ][gc] GC(1772) Pause Young (Normal) (G1 Evacuation Pause) 672M->59M(1024M) 2,325ms
[2024-08-04T18:09:44.421+0300][204,615s][info ][gc] GC(1773) Pause Young (Normal) (G1 Evacuation Pause) 672M->59M(1024M) 2,526ms
[2024-08-04T18:09:44.522+0300][204,716s][info ][gc] GC(1774) Pause Young (Normal) (G1 Evacuation Pause) 672M->59M(1024M) 2,369ms
[2024-08-04T18:09:44.629+0300][204,823s][info ][gc] GC(1775) Pause Young (Normal) (G1 Evacuation Pause) 672M->59M(1024M) 2,247ms
[2024-08-04T18:09:44.740+0300][204,934s][info ][gc] GC(1776) Pause Young (Normal) (G1 Evacuation Pause) 672M->59M(1024M) 2,308ms
[2024-08-04T18:09:44.851+0300][205,044s][info ][gc] GC(1777) Pause Young (Normal) (G1 Evacuation Pause) 672M->59M(1024M) 2,206ms
[2024-08-04T18:09:44.961+0300][205,155s][info ][gc] GC(1778) Pause Young (Normal) (G1 Evacuation Pause) 672M->59M(1024M) 2,216ms
[2024-08-04T18:09:45.073+0300][205,267s][info ][gc] GC(1779) Pause Young (Normal) (G1 Evacuation Pause) 672M->59M(1024M) 2,092ms
[2024-08-04T18:09:45.175+0300][205,368s][info ][gc] GC(1780) Pause Young (Normal) (G1 Evacuation Pause) 672M->59M(1024M) 2,355ms
[2024-08-04T18:09:45.281+0300][205,475s][info ][gc] GC(1781) Pause Young (Normal) (G1 Evacuation Pause) 672M->60M(1024M) 2,169ms
[2024-08-04T18:09:45.388+0300][205,582s][info ][gc] GC(1782) Pause Young (Normal) (G1 Evacuation Pause) 673M->60M(1024M) 2,122ms
[2024-08-04T18:09:45.500+0300][205,694s][info ][gc] GC(1783) Pause Young (Normal) (G1 Evacuation Pause) 673M->60M(1024M) 1,965ms
[2024-08-04T18:09:45.611+0300][205,805s][info ][gc] GC(1784) Pause Young (Normal) (G1 Evacuation Pause) 673M->60M(1024M) 2,095ms
[2024-08-04T18:09:45.716+0300][205,910s][info ][gc] GC(1785) Pause Young (Normal) (G1 Evacuation Pause) 673M->60M(1024M) 1,821ms
[2024-08-04T18:09:45.827+0300][206,021s][info ][gc] GC(1786) Pause Young (Normal) (G1 Evacuation Pause) 673M->60M(1024M) 2,384ms
[2024-08-04T18:09:45.931+0300][206,125s][info ][gc] GC(1787) Pause Young (Normal) (G1 Evacuation Pause) 673M->60M(1024M) 2,673ms
[2024-08-04T18:09:46.039+0300][206,233s][info ][gc] GC(1788) Pause Young (Normal) (G1 Evacuation Pause) 673M->60M(1024M) 1,975ms
[2024-08-04T18:09:46.147+0300][206,340s][info ][gc] GC(1789) Pause Young (Normal) (G1 Evacuation Pause) 673M->60M(1024M) 2,679ms
[2024-08-04T18:09:46.259+0300][206,453s][info ][gc] GC(1790) Pause Young (Normal) (G1 Evacuation Pause) 673M->60M(1024M) 2,339ms
[2024-08-04T18:09:46.363+0300][206,557s][info ][gc] GC(1791) Pause Young (Normal) (G1 Evacuation Pause) 673M->60M(1024M) 2,199ms
[2024-08-04T18:09:46.465+0300][206,659s][info ][gc] GC(1792) Pause Young (Normal) (G1 Evacuation Pause) 673M->60M(1024M) 2,170ms
[2024-08-04T18:09:46.576+0300][206,770s][info ][gc] GC(1793) Pause Young (Normal) (G1 Evacuation Pause) 673M->60M(1024M) 1,899ms
[2024-08-04T18:09:46.688+0300][206,881s][info ][gc] GC(1794) Pause Young (Normal) (G1 Evacuation Pause) 673M->60M(1024M) 1,970ms
[2024-08-04T18:09:46.799+0300][206,992s][info ][gc] GC(1795) Pause Young (Normal) (G1 Evacuation Pause) 673M->60M(1024M) 1,923ms
[2024-08-04T18:09:46.911+0300][207,105s][info ][gc] GC(1796) Pause Young (Normal) (G1 Evacuation Pause) 673M->60M(1024M) 2,035ms
[2024-08-04T18:09:47.022+0300][207,216s][info ][gc] GC(1797) Pause Young (Normal) (G1 Evacuation Pause) 673M->60M(1024M) 1,883ms
[2024-08-04T18:09:47.119+0300][207,313s][info ][gc] GC(1798) Pause Young (Normal) (G1 Evacuation Pause) 673M->60M(1024M) 1,906ms
[2024-08-04T18:09:47.217+0300][207,411s][info ][gc] GC(1799) Pause Young (Normal) (G1 Evacuation Pause) 673M->60M(1024M) 1,970ms
[2024-08-04T18:09:47.325+0300][207,518s][info ][gc] GC(1800) Pause Young (Normal) (G1 Evacuation Pause) 673M->60M(1024M) 2,062ms
[2024-08-04T18:09:47.432+0300][207,626s][info ][gc] GC(1801) Pause Young (Normal) (G1 Evacuation Pause) 673M->60M(1024M) 2,228ms
[2024-08-04T18:09:47.541+0300][207,734s][info ][gc] GC(1802) Pause Young (Normal) (G1 Evacuation Pause) 673M->60M(1024M) 1,849ms
[2024-08-04T18:09:47.644+0300][207,837s][info ][gc] GC(1803) Pause Young (Normal) (G1 Evacuation Pause) 673M->60M(1024M) 1,880ms
[2024-08-04T18:09:47.742+0300][207,935s][info ][gc] GC(1804) Pause Young (Normal) (G1 Evacuation Pause) 673M->60M(1024M) 1,888ms
[2024-08-04T18:09:47.847+0300][208,041s][info ][gc] GC(1805) Pause Young (Normal) (G1 Evacuation Pause) 673M->60M(1024M) 2,001ms
[2024-08-04T18:09:47.957+0300][208,150s][info ][gc] GC(1806) Pause Young (Normal) (G1 Evacuation Pause) 673M->60M(1024M) 2,422ms
[2024-08-04T18:09:48.064+0300][208,258s][info ][gc] GC(1807) Pause Young (Normal) (G1 Evacuation Pause) 673M->60M(1024M) 1,904ms
[2024-08-04T18:09:48.170+0300][208,364s][info ][gc] GC(1808) Pause Young (Normal) (G1 Evacuation Pause) 673M->60M(1024M) 1,863ms
[2024-08-04T18:09:48.268+0300][208,462s][info ][gc] GC(1809) Pause Young (Normal) (G1 Evacuation Pause) 673M->60M(1024M) 2,290ms
[2024-08-04T18:09:48.378+0300][208,572s][info ][gc] GC(1810) Pause Young (Normal) (G1 Evacuation Pause) 673M->60M(1024M) 1,982ms
[2024-08-04T18:09:48.493+0300][208,687s][info ][gc] GC(1811) Pause Young (Normal) (G1 Evacuation Pause) 673M->60M(1024M) 2,401ms
[2024-08-04T18:09:48.603+0300][208,797s][info ][gc] GC(1812) Pause Young (Normal) (G1 Evacuation Pause) 673M->60M(1024M) 2,467ms
[2024-08-04T18:09:48.702+0300][208,896s][info ][gc] GC(1813) Pause Young (Normal) (G1 Evacuation Pause) 673M->60M(1024M) 2,167ms
[2024-08-04T18:09:48.816+0300][209,010s][info ][gc] GC(1814) Pause Young (Normal) (G1 Evacuation Pause) 673M->60M(1024M) 1,951ms
[2024-08-04T18:09:48.928+0300][209,122s][info ][gc] GC(1815) Pause Young (Normal) (G1 Evacuation Pause) 673M->60M(1024M) 2,076ms
[2024-08-04T18:09:49.044+0300][209,237s][info ][gc] GC(1816) Pause Young (Normal) (G1 Evacuation Pause) 673M->60M(1024M) 2,131ms
[2024-08-04T18:09:49.143+0300][209,336s][info ][gc] GC(1817) Pause Young (Normal) (G1 Evacuation Pause) 673M->60M(1024M) 2,156ms
[2024-08-04T18:09:49.243+0300][209,437s][info ][gc] GC(1818) Pause Young (Normal) (G1 Evacuation Pause) 673M->61M(1024M) 2,222ms
[2024-08-04T18:09:49.357+0300][209,551s][info ][gc] GC(1819) Pause Young (Normal) (G1 Evacuation Pause) 674M->61M(1024M) 2,030ms
[2024-08-04T18:09:49.466+0300][209,660s][info ][gc] GC(1820) Pause Young (Normal) (G1 Evacuation Pause) 674M->61M(1024M) 2,077ms
[2024-08-04T18:09:49.584+0300][209,778s][info ][gc] GC(1821) Pause Young (Normal) (G1 Evacuation Pause) 674M->61M(1024M) 2,257ms
[2024-08-04T18:09:49.697+0300][209,891s][info ][gc] GC(1822) Pause Young (Normal) (G1 Evacuation Pause) 674M->61M(1024M) 1,778ms
[2024-08-04T18:09:49.809+0300][210,003s][info ][gc] GC(1823) Pause Young (Normal) (G1 Evacuation Pause) 674M->61M(1024M) 2,156ms
[2024-08-04T18:09:49.914+0300][210,107s][info ][gc] GC(1824) Pause Young (Normal) (G1 Evacuation Pause) 674M->61M(1024M) 2,052ms
[2024-08-04T18:09:50.020+0300][210,213s][info ][gc] GC(1825) Pause Young (Normal) (G1 Evacuation Pause) 674M->61M(1024M) 1,826ms
[2024-08-04T18:09:50.139+0300][210,333s][info ][gc] GC(1826) Pause Young (Normal) (G1 Evacuation Pause) 674M->61M(1024M) 2,647ms
[2024-08-04T18:09:50.247+0300][210,441s][info ][gc] GC(1827) Pause Young (Normal) (G1 Evacuation Pause) 674M->61M(1024M) 2,126ms
[2024-08-04T18:09:50.363+0300][210,557s][info ][gc] GC(1828) Pause Young (Normal) (G1 Evacuation Pause) 674M->61M(1024M) 2,246ms
[2024-08-04T18:09:50.481+0300][210,675s][info ][gc] GC(1829) Pause Young (Normal) (G1 Evacuation Pause) 674M->61M(1024M) 1,719ms
[2024-08-04T18:09:50.596+0300][210,790s][info ][gc] GC(1830) Pause Young (Normal) (G1 Evacuation Pause) 674M->61M(1024M) 1,992ms
[2024-08-04T18:09:50.710+0300][210,904s][info ][gc] GC(1831) Pause Young (Normal) (G1 Evacuation Pause) 674M->61M(1024M) 1,742ms
[2024-08-04T18:09:50.822+0300][211,016s][info ][gc] GC(1832) Pause Young (Normal) (G1 Evacuation Pause) 674M->61M(1024M) 1,785ms
[2024-08-04T18:09:50.928+0300][211,122s][info ][gc] GC(1833) Pause Young (Normal) (G1 Evacuation Pause) 674M->61M(1024M) 2,142ms
[2024-08-04T18:09:51.042+0300][211,236s][info ][gc] GC(1834) Pause Young (Normal) (G1 Evacuation Pause) 674M->61M(1024M) 2,368ms
[2024-08-04T18:09:51.165+0300][211,359s][info ][gc] GC(1835) Pause Young (Normal) (G1 Evacuation Pause) 674M->61M(1024M) 1,905ms
[2024-08-04T18:09:51.281+0300][211,475s][info ][gc] GC(1836) Pause Young (Normal) (G1 Evacuation Pause) 674M->61M(1024M) 2,187ms
[2024-08-04T18:09:51.401+0300][211,595s][info ][gc] GC(1837) Pause Young (Normal) (G1 Evacuation Pause) 674M->61M(1024M) 1,912ms
[2024-08-04T18:09:51.524+0300][211,718s][info ][gc] GC(1838) Pause Young (Normal) (G1 Evacuation Pause) 674M->61M(1024M) 1,850ms
[2024-08-04T18:09:51.648+0300][211,842s][info ][gc] GC(1839) Pause Young (Normal) (G1 Evacuation Pause) 674M->61M(1024M) 2,100ms
[2024-08-04T18:09:51.773+0300][211,967s][info ][gc] GC(1840) Pause Young (Normal) (G1 Evacuation Pause) 674M->61M(1024M) 2,263ms
[2024-08-04T18:09:51.891+0300][212,085s][info ][gc] GC(1841) Pause Young (Normal) (G1 Evacuation Pause) 674M->61M(1024M) 2,233ms
[2024-08-04T18:09:52.005+0300][212,199s][info ][gc] GC(1842) Pause Young (Normal) (G1 Evacuation Pause) 674M->61M(1024M) 2,178ms
[2024-08-04T18:09:52.124+0300][212,317s][info ][gc] GC(1843) Pause Young (Normal) (G1 Evacuation Pause) 674M->61M(1024M) 1,940ms
[2024-08-04T18:09:52.238+0300][212,432s][info ][gc] GC(1844) Pause Young (Normal) (G1 Evacuation Pause) 674M->61M(1024M) 2,188ms
[2024-08-04T18:09:52.352+0300][212,546s][info ][gc] GC(1845) Pause Young (Normal) (G1 Evacuation Pause) 674M->61M(1024M) 2,203ms
[2024-08-04T18:09:52.478+0300][212,672s][info ][gc] GC(1846) Pause Young (Normal) (G1 Evacuation Pause) 674M->61M(1024M) 1,803ms
[2024-08-04T18:09:52.593+0300][212,787s][info ][gc] GC(1847) Pause Young (Normal) (G1 Evacuation Pause) 674M->61M(1024M) 2,245ms
[2024-08-04T18:09:52.710+0300][212,903s][info ][gc] GC(1848) Pause Young (Normal) (G1 Evacuation Pause) 674M->61M(1024M) 1,808ms
[2024-08-04T18:09:52.833+0300][213,027s][info ][gc] GC(1849) Pause Young (Normal) (G1 Evacuation Pause) 674M->61M(1024M) 1,790ms
[2024-08-04T18:09:52.961+0300][213,154s][info ][gc] GC(1850) Pause Young (Normal) (G1 Evacuation Pause) 674M->61M(1024M) 2,286ms
[2024-08-04T18:09:53.081+0300][213,275s][info ][gc] GC(1851) Pause Young (Normal) (G1 Evacuation Pause) 674M->61M(1024M) 2,047ms
[2024-08-04T18:09:53.211+0300][213,404s][info ][gc] GC(1852) Pause Young (Normal) (G1 Evacuation Pause) 674M->61M(1024M) 2,077ms
[2024-08-04T18:09:53.335+0300][213,529s][info ][gc] GC(1853) Pause Young (Normal) (G1 Evacuation Pause) 674M->61M(1024M) 2,053ms
[2024-08-04T18:09:53.460+0300][213,654s][info ][gc] GC(1854) Pause Young (Normal) (G1 Evacuation Pause) 674M->61M(1024M) 2,285ms
[2024-08-04T18:09:53.587+0300][213,780s][info ][gc] GC(1855) Pause Young (Normal) (G1 Evacuation Pause) 674M->61M(1024M) 1,629ms
[2024-08-04T18:09:53.713+0300][213,907s][info ][gc] GC(1856) Pause Young (Normal) (G1 Evacuation Pause) 674M->61M(1024M) 1,837ms
[2024-08-04T18:09:53.845+0300][214,039s][info ][gc] GC(1857) Pause Young (Normal) (G1 Evacuation Pause) 674M->62M(1024M) 1,909ms
[2024-08-04T18:09:53.975+0300][214,169s][info ][gc] GC(1858) Pause Young (Normal) (G1 Evacuation Pause) 675M->62M(1024M) 1,803ms
[2024-08-04T18:09:54.098+0300][214,291s][info ][gc] GC(1859) Pause Young (Normal) (G1 Evacuation Pause) 675M->62M(1024M) 1,884ms
[2024-08-04T18:09:54.221+0300][214,414s][info ][gc] GC(1860) Pause Young (Normal) (G1 Evacuation Pause) 675M->62M(1024M) 1,738ms
[2024-08-04T18:09:54.345+0300][214,539s][info ][gc] GC(1861) Pause Young (Normal) (G1 Evacuation Pause) 675M->62M(1024M) 2,003ms
[2024-08-04T18:09:54.477+0300][214,670s][info ][gc] GC(1862) Pause Young (Normal) (G1 Evacuation Pause) 675M->62M(1024M) 2,249ms
[2024-08-04T18:09:54.609+0300][214,803s][info ][gc] GC(1863) Pause Young (Normal) (G1 Evacuation Pause) 675M->62M(1024M) 1,901ms
[2024-08-04T18:09:54.748+0300][214,942s][info ][gc] GC(1864) Pause Young (Normal) (G1 Evacuation Pause) 675M->62M(1024M) 2,118ms
[2024-08-04T18:09:54.886+0300][215,079s][info ][gc] GC(1865) Pause Young (Normal) (G1 Evacuation Pause) 675M->62M(1024M) 2,118ms
[2024-08-04T18:09:55.012+0300][215,206s][info ][gc] GC(1866) Pause Young (Normal) (G1 Evacuation Pause) 675M->62M(1024M) 2,232ms
[2024-08-04T18:09:55.141+0300][215,334s][info ][gc] GC(1867) Pause Young (Normal) (G1 Evacuation Pause) 675M->62M(1024M) 1,692ms
[2024-08-04T18:09:55.277+0300][215,471s][info ][gc] GC(1868) Pause Young (Normal) (G1 Evacuation Pause) 675M->62M(1024M) 1,921ms
[2024-08-04T18:09:55.417+0300][215,611s][info ][gc] GC(1869) Pause Young (Normal) (G1 Evacuation Pause) 675M->62M(1024M) 1,858ms
[2024-08-04T18:09:55.553+0300][215,747s][info ][gc] GC(1870) Pause Young (Normal) (G1 Evacuation Pause) 675M->62M(1024M) 1,897ms
[2024-08-04T18:09:55.693+0300][215,887s][info ][gc] GC(1871) Pause Young (Normal) (G1 Evacuation Pause) 675M->62M(1024M) 1,959ms
[2024-08-04T18:09:55.921+0300][216,115s][info ][gc] GC(1872) Pause Young (Normal) (G1 Evacuation Pause) 675M->62M(1024M) 2,187ms
[2024-08-04T18:09:56.068+0300][216,262s][info ][gc] GC(1873) Pause Young (Normal) (G1 Evacuation Pause) 675M->62M(1024M) 2,480ms
[2024-08-04T18:09:56.194+0300][216,387s][info ][gc] GC(1874) Pause Young (Normal) (G1 Evacuation Pause) 675M->62M(1024M) 1,990ms
[2024-08-04T18:09:56.317+0300][216,511s][info ][gc] GC(1875) Pause Young (Normal) (G1 Evacuation Pause) 675M->62M(1024M) 2,267ms
[2024-08-04T18:09:56.427+0300][216,621s][info ][gc] GC(1876) Pause Young (Normal) (G1 Evacuation Pause) 675M->62M(1024M) 2,316ms
[2024-08-04T18:09:56.546+0300][216,740s][info ][gc] GC(1877) Pause Young (Normal) (G1 Evacuation Pause) 675M->62M(1024M) 2,149ms
[2024-08-04T18:09:56.658+0300][216,851s][info ][gc] GC(1878) Pause Young (Normal) (G1 Evacuation Pause) 675M->62M(1024M) 2,377ms
[2024-08-04T18:09:56.768+0300][216,962s][info ][gc] GC(1879) Pause Young (Normal) (G1 Evacuation Pause) 675M->62M(1024M) 2,255ms
[2024-08-04T18:09:56.885+0300][217,078s][info ][gc] GC(1880) Pause Young (Normal) (G1 Evacuation Pause) 675M->62M(1024M) 2,486ms
[2024-08-04T18:09:56.994+0300][217,188s][info ][gc] GC(1881) Pause Young (Normal) (G1 Evacuation Pause) 675M->63M(1024M) 2,463ms
[2024-08-04T18:09:57.098+0300][217,292s][info ][gc] GC(1882) Pause Young (Normal) (G1 Evacuation Pause) 676M->63M(1024M) 2,488ms
[2024-08-04T18:09:57.209+0300][217,402s][info ][gc] GC(1883) Pause Young (Normal) (G1 Evacuation Pause) 675M->63M(1024M) 2,602ms
[2024-08-04T18:09:57.321+0300][217,515s][info ][gc] GC(1884) Pause Young (Normal) (G1 Evacuation Pause) 676M->63M(1024M) 2,402ms
[2024-08-04T18:09:57.422+0300][217,616s][info ][gc] GC(1885) Pause Young (Normal) (G1 Evacuation Pause) 675M->63M(1024M) 2,585ms
[2024-08-04T18:09:57.531+0300][217,725s][info ][gc] GC(1886) Pause Young (Normal) (G1 Evacuation Pause) 675M->63M(1024M) 2,622ms
[2024-08-04T18:09:57.645+0300][217,839s][info ][gc] GC(1887) Pause Young (Normal) (G1 Evacuation Pause) 675M->63M(1024M) 2,596ms
[2024-08-04T18:09:57.753+0300][217,946s][info ][gc] GC(1888) Pause Young (Normal) (G1 Evacuation Pause) 676M->63M(1024M) 2,511ms
[2024-08-04T18:09:57.856+0300][218,050s][info ][gc] GC(1889) Pause Young (Normal) (G1 Evacuation Pause) 676M->63M(1024M) 2,801ms
[2024-08-04T18:09:57.960+0300][218,153s][info ][gc] GC(1890) Pause Young (Normal) (G1 Evacuation Pause) 676M->63M(1024M) 2,371ms
[2024-08-04T18:09:58.064+0300][218,258s][info ][gc] GC(1891) Pause Young (Normal) (G1 Evacuation Pause) 676M->63M(1024M) 2,243ms
[2024-08-04T18:09:58.167+0300][218,361s][info ][gc] GC(1892) Pause Young (Normal) (G1 Evacuation Pause) 676M->63M(1024M) 2,293ms
[2024-08-04T18:09:58.271+0300][218,465s][info ][gc] GC(1893) Pause Young (Normal) (G1 Evacuation Pause) 676M->63M(1024M) 2,329ms
[2024-08-04T18:09:58.379+0300][218,573s][info ][gc] GC(1894) Pause Young (Normal) (G1 Evacuation Pause) 676M->63M(1024M) 2,293ms
[2024-08-04T18:09:58.482+0300][218,675s][info ][gc] GC(1895) Pause Young (Normal) (G1 Evacuation Pause) 676M->63M(1024M) 2,421ms
[2024-08-04T18:09:58.584+0300][218,777s][info ][gc] GC(1896) Pause Young (Normal) (G1 Evacuation Pause) 676M->63M(1024M) 2,167ms
[2024-08-04T18:09:58.686+0300][218,879s][info ][gc] GC(1897) Pause Young (Normal) (G1 Evacuation Pause) 676M->63M(1024M) 2,245ms
[2024-08-04T18:09:58.798+0300][218,991s][info ][gc] GC(1898) Pause Young (Normal) (G1 Evacuation Pause) 676M->63M(1024M) 2,207ms
[2024-08-04T18:09:58.900+0300][219,094s][info ][gc] GC(1899) Pause Young (Normal) (G1 Evacuation Pause) 676M->63M(1024M) 2,436ms
[2024-08-04T18:09:59.008+0300][219,201s][info ][gc] GC(1900) Pause Young (Normal) (G1 Evacuation Pause) 676M->63M(1024M) 2,299ms
[2024-08-04T18:09:59.119+0300][219,313s][info ][gc] GC(1901) Pause Young (Normal) (G1 Evacuation Pause) 676M->63M(1024M) 2,314ms
[2024-08-04T18:09:59.222+0300][219,416s][info ][gc] GC(1902) Pause Young (Normal) (G1 Evacuation Pause) 676M->63M(1024M) 2,279ms
[2024-08-04T18:09:59.332+0300][219,526s][info ][gc] GC(1903) Pause Young (Normal) (G1 Evacuation Pause) 676M->63M(1024M) 1,915ms
[2024-08-04T18:09:59.443+0300][219,637s][info ][gc] GC(1904) Pause Young (Normal) (G1 Evacuation Pause) 676M->63M(1024M) 2,202ms
[2024-08-04T18:09:59.544+0300][219,738s][info ][gc] GC(1905) Pause Young (Normal) (G1 Evacuation Pause) 676M->63M(1024M) 2,065ms
[2024-08-04T18:09:59.656+0300][219,850s][info ][gc] GC(1906) Pause Young (Normal) (G1 Evacuation Pause) 676M->63M(1024M) 2,295ms
[2024-08-04T18:09:59.752+0300][219,946s][info ][gc] GC(1907) Pause Young (Normal) (G1 Evacuation Pause) 676M->63M(1024M) 2,291ms
[2024-08-04T18:09:59.856+0300][220,050s][info ][gc] GC(1908) Pause Young (Normal) (G1 Evacuation Pause) 676M->64M(1024M) 1,948ms
[2024-08-04T18:09:59.952+0300][220,145s][info ][gc] GC(1909) Pause Young (Normal) (G1 Evacuation Pause) 677M->64M(1024M) 2,048ms
[2024-08-04T18:10:00.059+0300][220,253s][info ][gc] GC(1910) Pause Young (Normal) (G1 Evacuation Pause) 677M->64M(1024M) 2,388ms
[2024-08-04T18:10:00.155+0300][220,349s][info ][gc] GC(1911) Pause Young (Normal) (G1 Evacuation Pause) 677M->64M(1024M) 2,333ms
[2024-08-04T18:10:00.251+0300][220,445s][info ][gc] GC(1912) Pause Young (Normal) (G1 Evacuation Pause) 677M->64M(1024M) 2,269ms
[2024-08-04T18:10:00.360+0300][220,553s][info ][gc] GC(1913) Pause Young (Normal) (G1 Evacuation Pause) 677M->64M(1024M) 2,365ms
[2024-08-04T18:10:00.457+0300][220,651s][info ][gc] GC(1914) Pause Young (Normal) (G1 Evacuation Pause) 677M->64M(1024M) 2,209ms
[2024-08-04T18:10:00.569+0300][220,763s][info ][gc] GC(1915) Pause Young (Normal) (G1 Evacuation Pause) 677M->64M(1024M) 2,461ms
[2024-08-04T18:10:00.671+0300][220,865s][info ][gc] GC(1916) Pause Young (Normal) (G1 Evacuation Pause) 677M->64M(1024M) 2,232ms
[2024-08-04T18:10:00.777+0300][220,970s][info ][gc] GC(1917) Pause Young (Normal) (G1 Evacuation Pause) 677M->64M(1024M) 2,053ms
[2024-08-04T18:10:00.888+0300][221,082s][info ][gc] GC(1918) Pause Young (Normal) (G1 Evacuation Pause) 677M->64M(1024M) 2,153ms
[2024-08-04T18:10:00.990+0300][221,184s][info ][gc] GC(1919) Pause Young (Normal) (G1 Evacuation Pause) 677M->64M(1024M) 1,848ms
[2024-08-04T18:10:01.097+0300][221,290s][info ][gc] GC(1920) Pause Young (Normal) (G1 Evacuation Pause) 677M->64M(1024M) 2,059ms
[2024-08-04T18:10:01.192+0300][221,386s][info ][gc] GC(1921) Pause Young (Normal) (G1 Evacuation Pause) 677M->64M(1024M) 2,073ms
[2024-08-04T18:10:01.289+0300][221,482s][info ][gc] GC(1922) Pause Young (Normal) (G1 Evacuation Pause) 677M->64M(1024M) 2,394ms
[2024-08-04T18:10:01.385+0300][221,579s][info ][gc] GC(1923) Pause Young (Normal) (G1 Evacuation Pause) 677M->64M(1024M) 2,464ms
[2024-08-04T18:10:01.487+0300][221,681s][info ][gc] GC(1924) Pause Young (Normal) (G1 Evacuation Pause) 677M->64M(1024M) 2,089ms
[2024-08-04T18:10:01.595+0300][221,789s][info ][gc] GC(1925) Pause Young (Normal) (G1 Evacuation Pause) 677M->64M(1024M) 2,202ms
[2024-08-04T18:10:01.703+0300][221,897s][info ][gc] GC(1926) Pause Young (Normal) (G1 Evacuation Pause) 677M->64M(1024M) 1,946ms
[2024-08-04T18:10:01.815+0300][222,009s][info ][gc] GC(1927) Pause Young (Normal) (G1 Evacuation Pause) 677M->64M(1024M) 2,217ms
[2024-08-04T18:10:01.928+0300][222,122s][info ][gc] GC(1928) Pause Young (Normal) (G1 Evacuation Pause) 677M->64M(1024M) 2,232ms
[2024-08-04T18:10:02.039+0300][222,233s][info ][gc] GC(1929) Pause Young (Normal) (G1 Evacuation Pause) 677M->64M(1024M) 2,131ms
[2024-08-04T18:10:02.152+0300][222,345s][info ][gc] GC(1930) Pause Young (Normal) (G1 Evacuation Pause) 677M->64M(1024M) 2,349ms
[2024-08-04T18:10:02.264+0300][222,458s][info ][gc] GC(1931) Pause Young (Normal) (G1 Evacuation Pause) 677M->64M(1024M) 2,054ms
[2024-08-04T18:10:02.377+0300][222,571s][info ][gc] GC(1932) Pause Young (Normal) (G1 Evacuation Pause) 677M->64M(1024M) 1,983ms
[2024-08-04T18:10:02.490+0300][222,684s][info ][gc] GC(1933) Pause Young (Normal) (G1 Evacuation Pause) 677M->64M(1024M) 1,707ms
[2024-08-04T18:10:02.603+0300][222,796s][info ][gc] GC(1934) Pause Young (Normal) (G1 Evacuation Pause) 677M->64M(1024M) 2,269ms
[2024-08-04T18:10:02.707+0300][222,901s][info ][gc] GC(1935) Pause Young (Normal) (G1 Evacuation Pause) 677M->64M(1024M) 2,127ms
[2024-08-04T18:10:02.806+0300][223,000s][info ][gc] GC(1936) Pause Young (Normal) (G1 Evacuation Pause) 677M->64M(1024M) 1,802ms
[2024-08-04T18:10:02.920+0300][223,113s][info ][gc] GC(1937) Pause Young (Normal) (G1 Evacuation Pause) 677M->64M(1024M) 2,730ms
[2024-08-04T18:10:03.029+0300][223,223s][info ][gc] GC(1938) Pause Young (Normal) (G1 Evacuation Pause) 677M->64M(1024M) 2,014ms
[2024-08-04T18:10:03.144+0300][223,337s][info ][gc] GC(1939) Pause Young (Normal) (G1 Evacuation Pause) 677M->64M(1024M) 1,842ms
[2024-08-04T18:10:03.256+0300][223,450s][info ][gc] GC(1940) Pause Young (Normal) (G1 Evacuation Pause) 677M->64M(1024M) 1,756ms
[2024-08-04T18:10:03.371+0300][223,564s][info ][gc] GC(1941) Pause Young (Normal) (G1 Evacuation Pause) 677M->64M(1024M) 1,734ms
[2024-08-04T18:10:03.486+0300][223,679s][info ][gc] GC(1942) Pause Young (Normal) (G1 Evacuation Pause) 677M->64M(1024M) 1,713ms
[2024-08-04T18:10:03.601+0300][223,795s][info ][gc] GC(1943) Pause Young (Normal) (G1 Evacuation Pause) 677M->64M(1024M) 1,891ms
[2024-08-04T18:10:03.701+0300][223,894s][info ][gc] GC(1944) Pause Young (Normal) (G1 Evacuation Pause) 677M->65M(1024M) 1,993ms
[2024-08-04T18:10:03.814+0300][224,008s][info ][gc] GC(1945) Pause Young (Normal) (G1 Evacuation Pause) 678M->65M(1024M) 1,842ms
[2024-08-04T18:10:03.924+0300][224,118s][info ][gc] GC(1946) Pause Young (Normal) (G1 Evacuation Pause) 678M->65M(1024M) 1,824ms
[2024-08-04T18:10:04.040+0300][224,233s][info ][gc] GC(1947) Pause Young (Normal) (G1 Evacuation Pause) 678M->65M(1024M) 1,861ms
[2024-08-04T18:10:04.151+0300][224,345s][info ][gc] GC(1948) Pause Young (Normal) (G1 Evacuation Pause) 678M->65M(1024M) 1,934ms
[2024-08-04T18:10:04.262+0300][224,456s][info ][gc] GC(1949) Pause Young (Normal) (G1 Evacuation Pause) 678M->65M(1024M) 1,768ms
[2024-08-04T18:10:04.372+0300][224,566s][info ][gc] GC(1950) Pause Young (Normal) (G1 Evacuation Pause) 678M->65M(1024M) 2,361ms
[2024-08-04T18:10:04.474+0300][224,668s][info ][gc] GC(1951) Pause Young (Normal) (G1 Evacuation Pause) 678M->65M(1024M) 1,847ms
[2024-08-04T18:10:04.575+0300][224,768s][info ][gc] GC(1952) Pause Young (Normal) (G1 Evacuation Pause) 678M->65M(1024M) 2,508ms
[2024-08-04T18:10:04.680+0300][224,873s][info ][gc] GC(1953) Pause Young (Normal) (G1 Evacuation Pause) 678M->65M(1024M) 1,910ms
[2024-08-04T18:10:04.791+0300][224,985s][info ][gc] GC(1954) Pause Young (Normal) (G1 Evacuation Pause) 678M->65M(1024M) 2,390ms
[2024-08-04T18:10:04.904+0300][225,097s][info ][gc] GC(1955) Pause Young (Normal) (G1 Evacuation Pause) 678M->65M(1024M) 2,205ms
[2024-08-04T18:10:05.005+0300][225,199s][info ][gc] GC(1956) Pause Young (Normal) (G1 Evacuation Pause) 678M->65M(1024M) 1,755ms
[2024-08-04T18:10:05.121+0300][225,315s][info ][gc] GC(1957) Pause Young (Normal) (G1 Evacuation Pause) 678M->65M(1024M) 1,652ms
[2024-08-04T18:10:05.229+0300][225,422s][info ][gc] GC(1958) Pause Young (Normal) (G1 Evacuation Pause) 678M->65M(1024M) 1,744ms
[2024-08-04T18:10:05.349+0300][225,542s][info ][gc] GC(1959) Pause Young (Normal) (G1 Evacuation Pause) 678M->65M(1024M) 1,880ms
[2024-08-04T18:10:05.456+0300][225,650s][info ][gc] GC(1960) Pause Young (Normal) (G1 Evacuation Pause) 678M->65M(1024M) 1,912ms
[2024-08-04T18:10:05.576+0300][225,770s][info ][gc] GC(1961) Pause Young (Normal) (G1 Evacuation Pause) 678M->65M(1024M) 1,879ms
[2024-08-04T18:10:05.695+0300][225,888s][info ][gc] GC(1962) Pause Young (Normal) (G1 Evacuation Pause) 678M->65M(1024M) 2,128ms
[2024-08-04T18:10:05.814+0300][226,007s][info ][gc] GC(1963) Pause Young (Normal) (G1 Evacuation Pause) 678M->65M(1024M) 2,288ms
[2024-08-04T18:10:05.924+0300][226,118s][info ][gc] GC(1964) Pause Young (Normal) (G1 Evacuation Pause) 678M->65M(1024M) 2,004ms
[2024-08-04T18:10:06.038+0300][226,232s][info ][gc] GC(1965) Pause Young (Normal) (G1 Evacuation Pause) 678M->65M(1024M) 1,567ms
[2024-08-04T18:10:06.157+0300][226,351s][info ][gc] GC(1966) Pause Young (Normal) (G1 Evacuation Pause) 678M->65M(1024M) 1,918ms
[2024-08-04T18:10:06.278+0300][226,471s][info ][gc] GC(1967) Pause Young (Normal) (G1 Evacuation Pause) 678M->65M(1024M) 1,636ms
[2024-08-04T18:10:06.389+0300][226,583s][info ][gc] GC(1968) Pause Young (Normal) (G1 Evacuation Pause) 678M->65M(1024M) 2,133ms
[2024-08-04T18:10:06.514+0300][226,707s][info ][gc] GC(1969) Pause Young (Normal) (G1 Evacuation Pause) 678M->65M(1024M) 2,178ms
[2024-08-04T18:10:06.635+0300][226,829s][info ][gc] GC(1970) Pause Young (Normal) (G1 Evacuation Pause) 678M->65M(1024M) 2,176ms
[2024-08-04T18:10:06.754+0300][226,947s][info ][gc] GC(1971) Pause Young (Normal) (G1 Evacuation Pause) 678M->65M(1024M) 1,919ms
[2024-08-04T18:10:06.875+0300][227,068s][info ][gc] GC(1972) Pause Young (Normal) (G1 Evacuation Pause) 678M->65M(1024M) 2,024ms
[2024-08-04T18:10:07.000+0300][227,194s][info ][gc] GC(1973) Pause Young (Normal) (G1 Evacuation Pause) 678M->65M(1024M) 1,761ms
[2024-08-04T18:10:07.123+0300][227,317s][info ][gc] GC(1974) Pause Young (Normal) (G1 Evacuation Pause) 678M->65M(1024M) 1,736ms
[2024-08-04T18:10:07.250+0300][227,444s][info ][gc] GC(1975) Pause Young (Normal) (G1 Evacuation Pause) 678M->65M(1024M) 2,062ms
[2024-08-04T18:10:07.366+0300][227,560s][info ][gc] GC(1976) Pause Young (Normal) (G1 Evacuation Pause) 678M->65M(1024M) 1,736ms
[2024-08-04T18:10:07.492+0300][227,686s][info ][gc] GC(1977) Pause Young (Normal) (G1 Evacuation Pause) 678M->65M(1024M) 2,089ms
[2024-08-04T18:10:07.613+0300][227,806s][info ][gc] GC(1978) Pause Young (Normal) (G1 Evacuation Pause) 678M->65M(1024M) 2,263ms
[2024-08-04T18:10:07.742+0300][227,935s][info ][gc] GC(1979) Pause Young (Normal) (G1 Evacuation Pause) 678M->65M(1024M) 2,257ms
[2024-08-04T18:10:07.870+0300][228,063s][info ][gc] GC(1980) Pause Young (Normal) (G1 Evacuation Pause) 678M->65M(1024M) 2,478ms
[2024-08-04T18:10:08.002+0300][228,195s][info ][gc] GC(1981) Pause Young (Normal) (G1 Evacuation Pause) 678M->65M(1024M) 2,549ms
[2024-08-04T18:10:08.133+0300][228,327s][info ][gc] GC(1982) Pause Young (Normal) (G1 Evacuation Pause) 678M->65M(1024M) 2,416ms
[2024-08-04T18:10:08.258+0300][228,452s][info ][gc] GC(1983) Pause Young (Normal) (G1 Evacuation Pause) 678M->66M(1024M) 2,427ms
[2024-08-04T18:10:08.381+0300][228,574s][info ][gc] GC(1984) Pause Young (Normal) (G1 Evacuation Pause) 679M->66M(1024M) 2,464ms
[2024-08-04T18:10:08.514+0300][228,708s][info ][gc] GC(1985) Pause Young (Normal) (G1 Evacuation Pause) 679M->66M(1024M) 2,435ms
[2024-08-04T18:10:08.646+0300][228,840s][info ][gc] GC(1986) Pause Young (Normal) (G1 Evacuation Pause) 679M->66M(1024M) 2,396ms
[2024-08-04T18:10:08.781+0300][228,975s][info ][gc] GC(1987) Pause Young (Normal) (G1 Evacuation Pause) 679M->66M(1024M) 2,532ms
[2024-08-04T18:10:08.915+0300][229,109s][info ][gc] GC(1988) Pause Young (Normal) (G1 Evacuation Pause) 679M->66M(1024M) 2,414ms
[2024-08-04T18:10:09.053+0300][229,247s][info ][gc] GC(1989) Pause Young (Normal) (G1 Evacuation Pause) 679M->66M(1024M) 2,376ms
[2024-08-04T18:10:09.182+0300][229,376s][info ][gc] GC(1990) Pause Young (Normal) (G1 Evacuation Pause) 679M->66M(1024M) 2,564ms
[2024-08-04T18:10:09.320+0300][229,514s][info ][gc] GC(1991) Pause Young (Normal) (G1 Evacuation Pause) 679M->66M(1024M) 2,401ms
[2024-08-04T18:10:09.455+0300][229,649s][info ][gc] GC(1992) Pause Young (Normal) (G1 Evacuation Pause) 679M->66M(1024M) 2,340ms
[2024-08-04T18:10:09.591+0300][229,784s][info ][gc] GC(1993) Pause Young (Normal) (G1 Evacuation Pause) 679M->66M(1024M) 2,253ms
[2024-08-04T18:10:09.728+0300][229,922s][info ][gc] GC(1994) Pause Young (Normal) (G1 Evacuation Pause) 679M->66M(1024M) 2,553ms
[2024-08-04T18:10:09.868+0300][230,062s][info ][gc] GC(1995) Pause Young (Normal) (G1 Evacuation Pause) 679M->66M(1024M) 2,379ms
[2024-08-04T18:10:10.004+0300][230,198s][info ][gc] GC(1996) Pause Young (Normal) (G1 Evacuation Pause) 679M->66M(1024M) 1,996ms
[2024-08-04T18:10:10.201+0300][230,394s][info ][gc] GC(1997) Pause Young (Normal) (G1 Evacuation Pause) 679M->66M(1024M) 2,061ms
[2024-08-04T18:10:10.324+0300][230,518s][info ][gc] GC(1998) Pause Young (Normal) (G1 Evacuation Pause) 679M->66M(1024M) 2,481ms
[2024-08-04T18:10:10.447+0300][230,641s][info ][gc] GC(1999) Pause Young (Normal) (G1 Evacuation Pause) 679M->66M(1024M) 2,566ms
[2024-08-04T18:10:10.568+0300][230,762s][info ][gc] GC(2000) Pause Young (Normal) (G1 Evacuation Pause) 679M->66M(1024M) 2,301ms
[2024-08-04T18:10:10.688+0300][230,882s][info ][gc] GC(2001) Pause Young (Normal) (G1 Evacuation Pause) 679M->66M(1024M) 2,645ms
[2024-08-04T18:10:10.806+0300][231,000s][info ][gc] GC(2002) Pause Young (Normal) (G1 Evacuation Pause) 679M->66M(1024M) 2,608ms
[2024-08-04T18:10:10.918+0300][231,111s][info ][gc] GC(2003) Pause Young (Normal) (G1 Evacuation Pause) 679M->66M(1024M) 2,262ms
[2024-08-04T18:10:11.028+0300][231,222s][info ][gc] GC(2004) Pause Young (Normal) (G1 Evacuation Pause) 679M->66M(1024M) 2,013ms
[2024-08-04T18:10:11.137+0300][231,331s][info ][gc] GC(2005) Pause Young (Normal) (G1 Evacuation Pause) 679M->66M(1024M) 2,556ms
[2024-08-04T18:10:11.247+0300][231,441s][info ][gc] GC(2006) Pause Young (Normal) (G1 Evacuation Pause) 679M->67M(1024M) 2,605ms
[2024-08-04T18:10:11.345+0300][231,539s][info ][gc] GC(2007) Pause Young (Normal) (G1 Evacuation Pause) 680M->67M(1024M) 2,548ms
[2024-08-04T18:10:11.458+0300][231,652s][info ][gc] GC(2008) Pause Young (Normal) (G1 Evacuation Pause) 679M->67M(1024M) 2,254ms
[2024-08-04T18:10:11.561+0300][231,754s][info ][gc] GC(2009) Pause Young (Normal) (G1 Evacuation Pause) 679M->67M(1024M) 2,526ms
[2024-08-04T18:10:11.671+0300][231,865s][info ][gc] GC(2010) Pause Young (Normal) (G1 Evacuation Pause) 679M->67M(1024M) 2,633ms
[2024-08-04T18:10:11.783+0300][231,976s][info ][gc] GC(2011) Pause Young (Normal) (G1 Evacuation Pause) 679M->67M(1024M) 2,402ms
[2024-08-04T18:10:11.895+0300][232,088s][info ][gc] GC(2012) Pause Young (Normal) (G1 Evacuation Pause) 679M->67M(1024M) 2,519ms
[2024-08-04T18:10:12.003+0300][232,197s][info ][gc] GC(2013) Pause Young (Normal) (G1 Evacuation Pause) 680M->67M(1024M) 2,327ms
[2024-08-04T18:10:12.105+0300][232,299s][info ][gc] GC(2014) Pause Young (Normal) (G1 Evacuation Pause) 680M->67M(1024M) 2,118ms
[2024-08-04T18:10:12.207+0300][232,401s][info ][gc] GC(2015) Pause Young (Normal) (G1 Evacuation Pause) 680M->67M(1024M) 2,461ms
[2024-08-04T18:10:12.315+0300][232,509s][info ][gc] GC(2016) Pause Young (Normal) (G1 Evacuation Pause) 680M->67M(1024M) 2,560ms
[2024-08-04T18:10:12.416+0300][232,610s][info ][gc] GC(2017) Pause Young (Normal) (G1 Evacuation Pause) 680M->67M(1024M) 2,482ms
[2024-08-04T18:10:12.529+0300][232,722s][info ][gc] GC(2018) Pause Young (Normal) (G1 Evacuation Pause) 680M->67M(1024M) 2,195ms
[2024-08-04T18:10:12.641+0300][232,834s][info ][gc] GC(2019) Pause Young (Normal) (G1 Evacuation Pause) 680M->67M(1024M) 2,165ms
[2024-08-04T18:10:12.753+0300][232,947s][info ][gc] GC(2020) Pause Young (Normal) (G1 Evacuation Pause) 680M->67M(1024M) 2,348ms
[2024-08-04T18:10:12.862+0300][233,055s][info ][gc] GC(2021) Pause Young (Normal) (G1 Evacuation Pause) 680M->67M(1024M) 2,377ms
[2024-08-04T18:10:12.973+0300][233,167s][info ][gc] GC(2022) Pause Young (Normal) (G1 Evacuation Pause) 680M->67M(1024M) 2,348ms
[2024-08-04T18:10:13.078+0300][233,272s][info ][gc] GC(2023) Pause Young (Normal) (G1 Evacuation Pause) 680M->67M(1024M) 2,259ms
[2024-08-04T18:10:13.189+0300][233,383s][info ][gc] GC(2024) Pause Young (Normal) (G1 Evacuation Pause) 680M->67M(1024M) 2,485ms
[2024-08-04T18:10:13.297+0300][233,490s][info ][gc] GC(2025) Pause Young (Normal) (G1 Evacuation Pause) 680M->67M(1024M) 2,526ms
[2024-08-04T18:10:13.404+0300][233,597s][info ][gc] GC(2026) Pause Young (Normal) (G1 Evacuation Pause) 680M->67M(1024M) 2,216ms
[2024-08-04T18:10:13.515+0300][233,709s][info ][gc] GC(2027) Pause Young (Normal) (G1 Evacuation Pause) 680M->67M(1024M) 2,266ms
[2024-08-04T18:10:13.618+0300][233,811s][info ][gc] GC(2028) Pause Young (Normal) (G1 Evacuation Pause) 680M->67M(1024M) 1,914ms
[2024-08-04T18:10:13.719+0300][233,913s][info ][gc] GC(2029) Pause Young (Normal) (G1 Evacuation Pause) 680M->67M(1024M) 2,287ms
[2024-08-04T18:10:13.829+0300][234,022s][info ][gc] GC(2030) Pause Young (Normal) (G1 Evacuation Pause) 680M->67M(1024M) 2,258ms
[2024-08-04T18:10:13.937+0300][234,131s][info ][gc] GC(2031) Pause Young (Normal) (G1 Evacuation Pause) 680M->67M(1024M) 1,420ms
[2024-08-04T18:10:14.046+0300][234,240s][info ][gc] GC(2032) Pause Young (Normal) (G1 Evacuation Pause) 680M->67M(1024M) 2,207ms
[2024-08-04T18:10:14.156+0300][234,350s][info ][gc] GC(2033) Pause Young (Normal) (G1 Evacuation Pause) 680M->67M(1024M) 2,339ms
[2024-08-04T18:10:14.266+0300][234,460s][info ][gc] GC(2034) Pause Young (Normal) (G1 Evacuation Pause) 680M->67M(1024M) 2,137ms
[2024-08-04T18:10:14.373+0300][234,567s][info ][gc] GC(2035) Pause Young (Normal) (G1 Evacuation Pause) 680M->68M(1024M) 2,184ms
[2024-08-04T18:10:14.484+0300][234,678s][info ][gc] GC(2036) Pause Young (Normal) (G1 Evacuation Pause) 681M->68M(1024M) 2,327ms
[2024-08-04T18:10:14.594+0300][234,787s][info ][gc] GC(2037) Pause Young (Normal) (G1 Evacuation Pause) 681M->68M(1024M) 2,353ms
[2024-08-04T18:10:14.704+0300][234,898s][info ][gc] GC(2038) Pause Young (Normal) (G1 Evacuation Pause) 681M->68M(1024M) 2,180ms
[2024-08-04T18:10:14.815+0300][235,009s][info ][gc] GC(2039) Pause Young (Normal) (G1 Evacuation Pause) 681M->68M(1024M) 2,270ms
[2024-08-04T18:10:14.915+0300][235,109s][info ][gc] GC(2040) Pause Young (Normal) (G1 Evacuation Pause) 681M->68M(1024M) 2,059ms
[2024-08-04T18:10:15.027+0300][235,220s][info ][gc] GC(2041) Pause Young (Normal) (G1 Evacuation Pause) 681M->68M(1024M) 2,097ms
[2024-08-04T18:10:15.128+0300][235,321s][info ][gc] GC(2042) Pause Young (Normal) (G1 Evacuation Pause) 681M->68M(1024M) 2,195ms
[2024-08-04T18:10:15.237+0300][235,431s][info ][gc] GC(2043) Pause Young (Normal) (G1 Evacuation Pause) 681M->68M(1024M) 1,949ms
[2024-08-04T18:10:15.339+0300][235,532s][info ][gc] GC(2044) Pause Young (Normal) (G1 Evacuation Pause) 681M->68M(1024M) 2,196ms
[2024-08-04T18:10:15.446+0300][235,640s][info ][gc] GC(2045) Pause Young (Normal) (G1 Evacuation Pause) 681M->68M(1024M) 2,033ms
[2024-08-04T18:10:15.555+0300][235,749s][info ][gc] GC(2046) Pause Young (Normal) (G1 Evacuation Pause) 681M->68M(1024M) 2,204ms
[2024-08-04T18:10:15.667+0300][235,861s][info ][gc] GC(2047) Pause Young (Normal) (G1 Evacuation Pause) 681M->68M(1024M) 2,069ms
[2024-08-04T18:10:15.777+0300][235,971s][info ][gc] GC(2048) Pause Young (Normal) (G1 Evacuation Pause) 681M->68M(1024M) 2,083ms
[2024-08-04T18:10:15.873+0300][236,067s][info ][gc] GC(2049) Pause Young (Normal) (G1 Evacuation Pause) 681M->68M(1024M) 2,219ms
[2024-08-04T18:10:15.976+0300][236,169s][info ][gc] GC(2050) Pause Young (Normal) (G1 Evacuation Pause) 681M->68M(1024M) 2,380ms
[2024-08-04T18:10:16.085+0300][236,279s][info ][gc] GC(2051) Pause Young (Normal) (G1 Evacuation Pause) 681M->68M(1024M) 2,070ms
[2024-08-04T18:10:16.196+0300][236,390s][info ][gc] GC(2052) Pause Young (Normal) (G1 Evacuation Pause) 681M->68M(1024M) 1,786ms
[2024-08-04T18:10:16.303+0300][236,497s][info ][gc] GC(2053) Pause Young (Normal) (G1 Evacuation Pause) 681M->68M(1024M) 2,140ms
[2024-08-04T18:10:16.408+0300][236,602s][info ][gc] GC(2054) Pause Young (Normal) (G1 Evacuation Pause) 681M->68M(1024M) 1,594ms
[2024-08-04T18:10:16.520+0300][236,714s][info ][gc] GC(2055) Pause Young (Normal) (G1 Evacuation Pause) 681M->68M(1024M) 2,166ms
[2024-08-04T18:10:16.631+0300][236,825s][info ][gc] GC(2056) Pause Young (Normal) (G1 Evacuation Pause) 681M->68M(1024M) 2,024ms
[2024-08-04T18:10:16.735+0300][236,929s][info ][gc] GC(2057) Pause Young (Normal) (G1 Evacuation Pause) 681M->68M(1024M) 2,319ms
[2024-08-04T18:10:16.847+0300][237,040s][info ][gc] GC(2058) Pause Young (Normal) (G1 Evacuation Pause) 681M->68M(1024M) 1,754ms
[2024-08-04T18:10:16.959+0300][237,152s][info ][gc] GC(2059) Pause Young (Normal) (G1 Evacuation Pause) 681M->68M(1024M) 2,134ms
[2024-08-04T18:10:17.065+0300][237,258s][info ][gc] GC(2060) Pause Young (Normal) (G1 Evacuation Pause) 681M->68M(1024M) 1,784ms
[2024-08-04T18:10:17.177+0300][237,370s][info ][gc] GC(2061) Pause Young (Normal) (G1 Evacuation Pause) 681M->68M(1024M) 1,840ms
[2024-08-04T18:10:17.288+0300][237,481s][info ][gc] GC(2062) Pause Young (Normal) (G1 Evacuation Pause) 681M->68M(1024M) 2,357ms
[2024-08-04T18:10:17.399+0300][237,593s][info ][gc] GC(2063) Pause Young (Normal) (G1 Evacuation Pause) 681M->68M(1024M) 1,715ms
[2024-08-04T18:10:17.502+0300][237,696s][info ][gc] GC(2064) Pause Young (Normal) (G1 Evacuation Pause) 681M->68M(1024M) 1,933ms
[2024-08-04T18:10:17.616+0300][237,810s][info ][gc] GC(2065) Pause Young (Normal) (G1 Evacuation Pause) 681M->68M(1024M) 1,864ms
[2024-08-04T18:10:17.731+0300][237,924s][info ][gc] GC(2066) Pause Young (Normal) (G1 Evacuation Pause) 681M->68M(1024M) 1,955ms
[2024-08-04T18:10:17.843+0300][238,037s][info ][gc] GC(2067) Pause Young (Normal) (G1 Evacuation Pause) 681M->68M(1024M) 1,746ms
[2024-08-04T18:10:17.956+0300][238,150s][info ][gc] GC(2068) Pause Young (Normal) (G1 Evacuation Pause) 681M->68M(1024M) 2,164ms
[2024-08-04T18:10:18.055+0300][238,249s][info ][gc] GC(2069) Pause Young (Normal) (G1 Evacuation Pause) 681M->68M(1024M) 2,264ms
[2024-08-04T18:10:18.166+0300][238,360s][info ][gc] GC(2070) Pause Young (Normal) (G1 Evacuation Pause) 681M->68M(1024M) 2,088ms
[2024-08-04T18:10:18.279+0300][238,472s][info ][gc] GC(2071) Pause Young (Normal) (G1 Evacuation Pause) 681M->68M(1024M) 1,830ms
[2024-08-04T18:10:18.387+0300][238,581s][info ][gc] GC(2072) Pause Young (Normal) (G1 Evacuation Pause) 681M->69M(1024M) 1,793ms
[2024-08-04T18:10:18.502+0300][238,696s][info ][gc] GC(2073) Pause Young (Normal) (G1 Evacuation Pause) 682M->69M(1024M) 1,670ms
[2024-08-04T18:10:18.609+0300][238,803s][info ][gc] GC(2074) Pause Young (Normal) (G1 Evacuation Pause) 682M->69M(1024M) 2,242ms
[2024-08-04T18:10:18.725+0300][238,918s][info ][gc] GC(2075) Pause Young (Normal) (G1 Evacuation Pause) 682M->69M(1024M) 1,693ms
[2024-08-04T18:10:18.843+0300][239,036s][info ][gc] GC(2076) Pause Young (Normal) (G1 Evacuation Pause) 682M->69M(1024M) 1,899ms
[2024-08-04T18:10:18.959+0300][239,152s][info ][gc] GC(2077) Pause Young (Normal) (G1 Evacuation Pause) 682M->69M(1024M) 1,909ms
[2024-08-04T18:10:19.068+0300][239,261s][info ][gc] GC(2078) Pause Young (Normal) (G1 Evacuation Pause) 682M->69M(1024M) 1,787ms
[2024-08-04T18:10:19.184+0300][239,378s][info ][gc] GC(2079) Pause Young (Normal) (G1 Evacuation Pause) 682M->69M(1024M) 1,760ms
[2024-08-04T18:10:19.304+0300][239,498s][info ][gc] GC(2080) Pause Young (Normal) (G1 Evacuation Pause) 682M->69M(1024M) 2,443ms
[2024-08-04T18:10:19.413+0300][239,606s][info ][gc] GC(2081) Pause Young (Normal) (G1 Evacuation Pause) 682M->69M(1024M) 2,043ms
[2024-08-04T18:10:19.528+0300][239,721s][info ][gc] GC(2082) Pause Young (Normal) (G1 Evacuation Pause) 682M->69M(1024M) 1,990ms
[2024-08-04T18:10:19.632+0300][239,825s][info ][gc] GC(2083) Pause Young (Normal) (G1 Evacuation Pause) 682M->69M(1024M) 2,187ms
[2024-08-04T18:10:19.747+0300][239,940s][info ][gc] GC(2084) Pause Young (Normal) (G1 Evacuation Pause) 682M->69M(1024M) 1,774ms
[2024-08-04T18:10:19.853+0300][240,046s][info ][gc] GC(2085) Pause Young (Normal) (G1 Evacuation Pause) 682M->69M(1024M) 2,167ms
[2024-08-04T18:10:19.973+0300][240,167s][info ][gc] GC(2086) Pause Young (Normal) (G1 Evacuation Pause) 682M->69M(1024M) 2,265ms
[2024-08-04T18:10:20.096+0300][240,290s][info ][gc] GC(2087) Pause Young (Normal) (G1 Evacuation Pause) 682M->69M(1024M) 2,374ms
[2024-08-04T18:10:20.217+0300][240,411s][info ][gc] GC(2088) Pause Young (Normal) (G1 Evacuation Pause) 682M->69M(1024M) 1,831ms
[2024-08-04T18:10:20.335+0300][240,529s][info ][gc] GC(2089) Pause Young (Normal) (G1 Evacuation Pause) 682M->69M(1024M) 1,965ms
[2024-08-04T18:10:20.448+0300][240,642s][info ][gc] GC(2090) Pause Young (Normal) (G1 Evacuation Pause) 682M->69M(1024M) 2,047ms
[2024-08-04T18:10:20.561+0300][240,754s][info ][gc] GC(2091) Pause Young (Normal) (G1 Evacuation Pause) 682M->69M(1024M) 1,939ms
[2024-08-04T18:10:20.673+0300][240,866s][info ][gc] GC(2092) Pause Young (Normal) (G1 Evacuation Pause) 682M->69M(1024M) 2,167ms
[2024-08-04T18:10:20.794+0300][240,988s][info ][gc] GC(2093) Pause Young (Normal) (G1 Evacuation Pause) 682M->69M(1024M) 2,367ms
[2024-08-04T18:10:20.915+0300][241,109s][info ][gc] GC(2094) Pause Young (Normal) (G1 Evacuation Pause) 682M->69M(1024M) 2,158ms
[2024-08-04T18:10:21.030+0300][241,224s][info ][gc] GC(2095) Pause Young (Normal) (G1 Evacuation Pause) 682M->69M(1024M) 1,979ms
[2024-08-04T18:10:21.152+0300][241,346s][info ][gc] GC(2096) Pause Young (Normal) (G1 Evacuation Pause) 682M->69M(1024M) 2,152ms
[2024-08-04T18:10:21.266+0300][241,460s][info ][gc] GC(2097) Pause Young (Normal) (G1 Evacuation Pause) 682M->69M(1024M) 1,775ms
[2024-08-04T18:10:21.379+0300][241,573s][info ][gc] GC(2098) Pause Young (Normal) (G1 Evacuation Pause) 682M->69M(1024M) 2,111ms
[2024-08-04T18:10:21.502+0300][241,695s][info ][gc] GC(2099) Pause Young (Normal) (G1 Evacuation Pause) 682M->69M(1024M) 1,700ms
[2024-08-04T18:10:21.616+0300][241,810s][info ][gc] GC(2100) Pause Young (Normal) (G1 Evacuation Pause) 682M->69M(1024M) 1,616ms
[2024-08-04T18:10:21.736+0300][241,929s][info ][gc] GC(2101) Pause Young (Normal) (G1 Evacuation Pause) 682M->69M(1024M) 2,028ms
[2024-08-04T18:10:21.850+0300][242,044s][info ][gc] GC(2102) Pause Young (Normal) (G1 Evacuation Pause) 682M->69M(1024M) 2,023ms
[2024-08-04T18:10:21.968+0300][242,161s][info ][gc] GC(2103) Pause Young (Normal) (G1 Evacuation Pause) 682M->69M(1024M) 2,357ms
[2024-08-04T18:10:22.086+0300][242,279s][info ][gc] GC(2104) Pause Young (Normal) (G1 Evacuation Pause) 682M->69M(1024M) 1,819ms
[2024-08-04T18:10:22.207+0300][242,401s][info ][gc] GC(2105) Pause Young (Normal) (G1 Evacuation Pause) 682M->69M(1024M) 1,904ms
[2024-08-04T18:10:22.335+0300][242,529s][info ][gc] GC(2106) Pause Young (Normal) (G1 Evacuation Pause) 682M->69M(1024M) 2,179ms
[2024-08-04T18:10:22.460+0300][242,654s][info ][gc] GC(2107) Pause Young (Normal) (G1 Evacuation Pause) 682M->69M(1024M) 2,307ms
[2024-08-04T18:10:22.584+0300][242,778s][info ][gc] GC(2108) Pause Young (Normal) (G1 Evacuation Pause) 682M->69M(1024M) 1,959ms
[2024-08-04T18:10:22.710+0300][242,904s][info ][gc] GC(2109) Pause Young (Normal) (G1 Evacuation Pause) 682M->69M(1024M) 1,896ms
[2024-08-04T18:10:22.833+0300][243,027s][info ][gc] GC(2110) Pause Young (Normal) (G1 Evacuation Pause) 682M->69M(1024M) 2,016ms
[2024-08-04T18:10:22.966+0300][243,160s][info ][gc] GC(2111) Pause Young (Normal) (G1 Evacuation Pause) 682M->69M(1024M) 1,923ms
[2024-08-04T18:10:23.090+0300][243,283s][info ][gc] GC(2112) Pause Young (Normal) (G1 Evacuation Pause) 682M->69M(1024M) 1,749ms
[2024-08-04T18:10:23.221+0300][243,414s][info ][gc] GC(2113) Pause Young (Normal) (G1 Evacuation Pause) 682M->69M(1024M) 2,018ms
[2024-08-04T18:10:23.351+0300][243,545s][info ][gc] GC(2114) Pause Young (Normal) (G1 Evacuation Pause) 682M->69M(1024M) 1,976ms
[2024-08-04T18:10:23.484+0300][243,677s][info ][gc] GC(2115) Pause Young (Normal) (G1 Evacuation Pause) 682M->70M(1024M) 1,600ms
[2024-08-04T18:10:23.616+0300][243,809s][info ][gc] GC(2116) Pause Young (Normal) (G1 Evacuation Pause) 683M->70M(1024M) 1,943ms
[2024-08-04T18:10:23.742+0300][243,936s][info ][gc] GC(2117) Pause Young (Normal) (G1 Evacuation Pause) 683M->70M(1024M) 1,769ms
[2024-08-04T18:10:23.869+0300][244,062s][info ][gc] GC(2118) Pause Young (Normal) (G1 Evacuation Pause) 683M->70M(1024M) 1,776ms
[2024-08-04T18:10:24.004+0300][244,198s][info ][gc] GC(2119) Pause Young (Normal) (G1 Evacuation Pause) 683M->70M(1024M) 2,415ms
[2024-08-04T18:10:24.140+0300][244,334s][info ][gc] GC(2120) Pause Young (Normal) (G1 Evacuation Pause) 683M->70M(1024M) 2,235ms
[2024-08-04T18:10:24.293+0300][244,487s][info ][gc] GC(2121) Pause Young (Normal) (G1 Evacuation Pause) 683M->70M(1024M) 1,901ms
[2024-08-04T18:10:24.442+0300][244,636s][info ][gc] GC(2122) Pause Young (Normal) (G1 Evacuation Pause) 683M->70M(1024M) 1,976ms
[2024-08-04T18:10:24.556+0300][244,749s][info ][gc] GC(2123) Pause Young (Normal) (G1 Evacuation Pause) 683M->70M(1024M) 2,491ms
[2024-08-04T18:10:24.681+0300][244,874s][info ][gc] GC(2124) Pause Young (Normal) (G1 Evacuation Pause) 683M->70M(1024M) 2,525ms
[2024-08-04T18:10:24.792+0300][244,985s][info ][gc] GC(2125) Pause Young (Normal) (G1 Evacuation Pause) 683M->70M(1024M) 2,578ms
[2024-08-04T18:10:24.911+0300][245,104s][info ][gc] GC(2126) Pause Young (Normal) (G1 Evacuation Pause) 683M->70M(1024M) 2,225ms
[2024-08-04T18:10:25.029+0300][245,222s][info ][gc] GC(2127) Pause Young (Normal) (G1 Evacuation Pause) 683M->70M(1024M) 2,202ms
[2024-08-04T18:10:25.147+0300][245,341s][info ][gc] GC(2128) Pause Young (Normal) (G1 Evacuation Pause) 683M->70M(1024M) 2,355ms
[2024-08-04T18:10:25.264+0300][245,458s][info ][gc] GC(2129) Pause Young (Normal) (G1 Evacuation Pause) 683M->70M(1024M) 2,388ms
[2024-08-04T18:10:25.371+0300][245,565s][info ][gc] GC(2130) Pause Young (Normal) (G1 Evacuation Pause) 683M->70M(1024M) 2,605ms
[2024-08-04T18:10:25.482+0300][245,676s][info ][gc] GC(2131) Pause Young (Normal) (G1 Evacuation Pause) 683M->70M(1024M) 2,503ms
[2024-08-04T18:10:25.598+0300][245,792s][info ][gc] GC(2132) Pause Young (Normal) (G1 Evacuation Pause) 683M->70M(1024M) 2,593ms
[2024-08-04T18:10:25.705+0300][245,899s][info ][gc] GC(2133) Pause Young (Normal) (G1 Evacuation Pause) 682M->70M(1024M) 2,592ms
[2024-08-04T18:10:25.809+0300][246,003s][info ][gc] GC(2134) Pause Young (Normal) (G1 Evacuation Pause) 682M->71M(1024M) 2,394ms
[2024-08-04T18:10:25.923+0300][246,116s][info ][gc] GC(2135) Pause Young (Normal) (G1 Evacuation Pause) 683M->71M(1024M) 2,330ms
[2024-08-04T18:10:26.032+0300][246,226s][info ][gc] GC(2136) Pause Young (Normal) (G1 Evacuation Pause) 683M->71M(1024M) 2,434ms
[2024-08-04T18:10:26.137+0300][246,330s][info ][gc] GC(2137) Pause Young (Normal) (G1 Evacuation Pause) 684M->71M(1024M) 2,449ms
[2024-08-04T18:10:26.252+0300][246,446s][info ][gc] GC(2138) Pause Young (Normal) (G1 Evacuation Pause) 684M->71M(1024M) 2,340ms
[2024-08-04T18:10:26.364+0300][246,558s][info ][gc] GC(2139) Pause Young (Normal) (G1 Evacuation Pause) 684M->71M(1024M) 2,349ms
[2024-08-04T18:10:26.478+0300][246,672s][info ][gc] GC(2140) Pause Young (Normal) (G1 Evacuation Pause) 684M->71M(1024M) 2,406ms
[2024-08-04T18:10:26.592+0300][246,785s][info ][gc] GC(2141) Pause Young (Normal) (G1 Evacuation Pause) 684M->71M(1024M) 2,389ms
[2024-08-04T18:10:26.695+0300][246,889s][info ][gc] GC(2142) Pause Young (Normal) (G1 Evacuation Pause) 684M->71M(1024M) 2,204ms
[2024-08-04T18:10:26.803+0300][246,997s][info ][gc] GC(2143) Pause Young (Normal) (G1 Evacuation Pause) 684M->71M(1024M) 1,722ms
[2024-08-04T18:10:26.905+0300][247,099s][info ][gc] GC(2144) Pause Young (Normal) (G1 Evacuation Pause) 684M->71M(1024M) 1,959ms
[2024-08-04T18:10:27.008+0300][247,202s][info ][gc] GC(2145) Pause Young (Normal) (G1 Evacuation Pause) 684M->71M(1024M) 2,253ms
[2024-08-04T18:10:27.112+0300][247,306s][info ][gc] GC(2146) Pause Young (Normal) (G1 Evacuation Pause) 684M->71M(1024M) 2,247ms
[2024-08-04T18:10:27.214+0300][247,408s][info ][gc] GC(2147) Pause Young (Normal) (G1 Evacuation Pause) 684M->71M(1024M) 2,148ms
[2024-08-04T18:10:27.316+0300][247,510s][info ][gc] GC(2148) Pause Young (Normal) (G1 Evacuation Pause) 684M->71M(1024M) 2,382ms
[2024-08-04T18:10:27.420+0300][247,614s][info ][gc] GC(2149) Pause Young (Normal) (G1 Evacuation Pause) 684M->71M(1024M) 1,871ms
[2024-08-04T18:10:27.522+0300][247,716s][info ][gc] GC(2150) Pause Young (Normal) (G1 Evacuation Pause) 684M->71M(1024M) 2,104ms
[2024-08-04T18:10:27.635+0300][247,829s][info ][gc] GC(2151) Pause Young (Normal) (G1 Evacuation Pause) 684M->71M(1024M) 2,386ms
[2024-08-04T18:10:27.742+0300][247,936s][info ][gc] GC(2152) Pause Young (Normal) (G1 Evacuation Pause) 684M->71M(1024M) 2,285ms
[2024-08-04T18:10:27.844+0300][248,037s][info ][gc] GC(2153) Pause Young (Normal) (G1 Evacuation Pause) 684M->71M(1024M) 2,074ms
[2024-08-04T18:10:27.952+0300][248,146s][info ][gc] GC(2154) Pause Young (Normal) (G1 Evacuation Pause) 684M->71M(1024M) 2,320ms
[2024-08-04T18:10:28.055+0300][248,248s][info ][gc] GC(2155) Pause Young (Normal) (G1 Evacuation Pause) 684M->71M(1024M) 2,432ms
[2024-08-04T18:10:28.166+0300][248,360s][info ][gc] GC(2156) Pause Young (Normal) (G1 Evacuation Pause) 684M->71M(1024M) 2,320ms
[2024-08-04T18:10:28.277+0300][248,471s][info ][gc] GC(2157) Pause Young (Normal) (G1 Evacuation Pause) 684M->71M(1024M) 2,183ms
[2024-08-04T18:10:28.379+0300][248,573s][info ][gc] GC(2158) Pause Young (Normal) (G1 Evacuation Pause) 684M->71M(1024M) 2,358ms
[2024-08-04T18:10:28.490+0300][248,684s][info ][gc] GC(2159) Pause Young (Normal) (G1 Evacuation Pause) 684M->71M(1024M) 2,302ms
[2024-08-04T18:10:28.603+0300][248,796s][info ][gc] GC(2160) Pause Young (Normal) (G1 Evacuation Pause) 684M->71M(1024M) 2,423ms
[2024-08-04T18:10:28.714+0300][248,907s][info ][gc] GC(2161) Pause Young (Normal) (G1 Evacuation Pause) 684M->71M(1024M) 2,364ms
[2024-08-04T18:10:28.825+0300][249,018s][info ][gc] GC(2162) Pause Young (Normal) (G1 Evacuation Pause) 684M->71M(1024M) 2,409ms
[2024-08-04T18:10:28.932+0300][249,126s][info ][gc] GC(2163) Pause Young (Normal) (G1 Evacuation Pause) 684M->72M(1024M) 1,898ms
[2024-08-04T18:10:29.039+0300][249,233s][info ][gc] GC(2164) Pause Young (Normal) (G1 Evacuation Pause) 685M->72M(1024M) 2,382ms
[2024-08-04T18:10:29.147+0300][249,340s][info ][gc] GC(2165) Pause Young (Normal) (G1 Evacuation Pause) 685M->72M(1024M) 2,424ms
[2024-08-04T18:10:29.254+0300][249,448s][info ][gc] GC(2166) Pause Young (Normal) (G1 Evacuation Pause) 685M->72M(1024M) 2,041ms
[2024-08-04T18:10:29.357+0300][249,551s][info ][gc] GC(2167) Pause Young (Normal) (G1 Evacuation Pause) 685M->72M(1024M) 1,952ms
[2024-08-04T18:10:29.453+0300][249,646s][info ][gc] GC(2168) Pause Young (Normal) (G1 Evacuation Pause) 685M->72M(1024M) 1,950ms
[2024-08-04T18:10:29.550+0300][249,744s][info ][gc] GC(2169) Pause Young (Normal) (G1 Evacuation Pause) 685M->72M(1024M) 2,675ms
[2024-08-04T18:10:29.659+0300][249,853s][info ][gc] GC(2170) Pause Young (Normal) (G1 Evacuation Pause) 685M->72M(1024M) 1,939ms
[2024-08-04T18:10:29.768+0300][249,961s][info ][gc] GC(2171) Pause Young (Normal) (G1 Evacuation Pause) 685M->72M(1024M) 2,335ms
[2024-08-04T18:10:29.876+0300][250,070s][info ][gc] GC(2172) Pause Young (Normal) (G1 Evacuation Pause) 685M->72M(1024M) 1,993ms
[2024-08-04T18:10:29.991+0300][250,185s][info ][gc] GC(2173) Pause Young (Normal) (G1 Evacuation Pause) 685M->72M(1024M) 2,391ms
[2024-08-04T18:10:30.090+0300][250,283s][info ][gc] GC(2174) Pause Young (Normal) (G1 Evacuation Pause) 685M->72M(1024M) 2,399ms
[2024-08-04T18:10:30.196+0300][250,390s][info ][gc] GC(2175) Pause Young (Normal) (G1 Evacuation Pause) 685M->72M(1024M) 2,468ms
[2024-08-04T18:10:30.304+0300][250,497s][info ][gc] GC(2176) Pause Young (Normal) (G1 Evacuation Pause) 685M->72M(1024M) 2,012ms
[2024-08-04T18:10:30.401+0300][250,595s][info ][gc] GC(2177) Pause Young (Normal) (G1 Evacuation Pause) 685M->72M(1024M) 2,264ms
[2024-08-04T18:10:30.499+0300][250,693s][info ][gc] GC(2178) Pause Young (Normal) (G1 Evacuation Pause) 685M->72M(1024M) 1,898ms
[2024-08-04T18:10:30.613+0300][250,807s][info ][gc] GC(2179) Pause Young (Normal) (G1 Evacuation Pause) 685M->72M(1024M) 1,867ms
[2024-08-04T18:10:30.724+0300][250,917s][info ][gc] GC(2180) Pause Young (Normal) (G1 Evacuation Pause) 685M->72M(1024M) 2,258ms
[2024-08-04T18:10:30.834+0300][251,027s][info ][gc] GC(2181) Pause Young (Normal) (G1 Evacuation Pause) 685M->72M(1024M) 2,057ms
[2024-08-04T18:10:30.948+0300][251,141s][info ][gc] GC(2182) Pause Young (Normal) (G1 Evacuation Pause) 685M->72M(1024M) 2,304ms
[2024-08-04T18:10:31.050+0300][251,244s][info ][gc] GC(2183) Pause Young (Normal) (G1 Evacuation Pause) 685M->72M(1024M) 1,993ms
[2024-08-04T18:10:31.155+0300][251,348s][info ][gc] GC(2184) Pause Young (Normal) (G1 Evacuation Pause) 685M->72M(1024M) 1,644ms
[2024-08-04T18:10:31.278+0300][251,472s][info ][gc] GC(2185) Pause Young (Normal) (G1 Evacuation Pause) 685M->72M(1024M) 1,844ms
[2024-08-04T18:10:31.389+0300][251,582s][info ][gc] GC(2186) Pause Young (Normal) (G1 Evacuation Pause) 685M->72M(1024M) 1,776ms
[2024-08-04T18:10:31.503+0300][251,697s][info ][gc] GC(2187) Pause Young (Normal) (G1 Evacuation Pause) 685M->72M(1024M) 1,646ms
[2024-08-04T18:10:31.610+0300][251,804s][info ][gc] GC(2188) Pause Young (Normal) (G1 Evacuation Pause) 685M->72M(1024M) 1,854ms
[2024-08-04T18:10:31.725+0300][251,918s][info ][gc] GC(2189) Pause Young (Normal) (G1 Evacuation Pause) 685M->72M(1024M) 1,879ms
[2024-08-04T18:10:31.837+0300][252,031s][info ][gc] GC(2190) Pause Young (Normal) (G1 Evacuation Pause) 685M->72M(1024M) 1,719ms
[2024-08-04T18:10:31.948+0300][252,142s][info ][gc] GC(2191) Pause Young (Normal) (G1 Evacuation Pause) 685M->72M(1024M) 1,888ms
[2024-08-04T18:10:32.057+0300][252,251s][info ][gc] GC(2192) Pause Young (Normal) (G1 Evacuation Pause) 685M->72M(1024M) 1,716ms
[2024-08-04T18:10:32.175+0300][252,369s][info ][gc] GC(2193) Pause Young (Normal) (G1 Evacuation Pause) 685M->72M(1024M) 1,884ms
[2024-08-04T18:10:32.285+0300][252,479s][info ][gc] GC(2194) Pause Young (Normal) (G1 Evacuation Pause) 685M->72M(1024M) 1,930ms
[2024-08-04T18:10:32.393+0300][252,587s][info ][gc] GC(2195) Pause Young (Normal) (G1 Evacuation Pause) 685M->72M(1024M) 2,367ms
[2024-08-04T18:10:32.515+0300][252,709s][info ][gc] GC(2196) Pause Young (Normal) (G1 Evacuation Pause) 685M->72M(1024M) 2,091ms
[2024-08-04T18:10:32.625+0300][252,818s][info ][gc] GC(2197) Pause Young (Normal) (G1 Evacuation Pause) 685M->72M(1024M) 1,804ms
[2024-08-04T18:10:32.733+0300][252,926s][info ][gc] GC(2198) Pause Young (Normal) (G1 Evacuation Pause) 685M->72M(1024M) 2,120ms
[2024-08-04T18:10:32.852+0300][253,046s][info ][gc] GC(2199) Pause Young (Normal) (G1 Evacuation Pause) 685M->72M(1024M) 2,304ms
[2024-08-04T18:10:32.962+0300][253,156s][info ][gc] GC(2200) Pause Young (Normal) (G1 Evacuation Pause) 685M->73M(1024M) 1,806ms
[2024-08-04T18:10:33.067+0300][253,261s][info ][gc] GC(2201) Pause Young (Normal) (G1 Evacuation Pause) 686M->73M(1024M) 1,874ms
[2024-08-04T18:10:33.186+0300][253,380s][info ][gc] GC(2202) Pause Young (Normal) (G1 Evacuation Pause) 686M->73M(1024M) 2,129ms
[2024-08-04T18:10:33.295+0300][253,489s][info ][gc] GC(2203) Pause Young (Normal) (G1 Evacuation Pause) 686M->73M(1024M) 1,972ms
[2024-08-04T18:10:33.420+0300][253,614s][info ][gc] GC(2204) Pause Young (Normal) (G1 Evacuation Pause) 686M->73M(1024M) 1,785ms
[2024-08-04T18:10:33.540+0300][253,734s][info ][gc] GC(2205) Pause Young (Normal) (G1 Evacuation Pause) 686M->73M(1024M) 2,179ms
[2024-08-04T18:10:33.663+0300][253,857s][info ][gc] GC(2206) Pause Young (Normal) (G1 Evacuation Pause) 686M->73M(1024M) 2,009ms
[2024-08-04T18:10:33.781+0300][253,974s][info ][gc] GC(2207) Pause Young (Normal) (G1 Evacuation Pause) 686M->73M(1024M) 1,970ms
[2024-08-04T18:10:33.894+0300][254,088s][info ][gc] GC(2208) Pause Young (Normal) (G1 Evacuation Pause) 686M->73M(1024M) 2,254ms
[2024-08-04T18:10:34.002+0300][254,196s][info ][gc] GC(2209) Pause Young (Normal) (G1 Evacuation Pause) 686M->73M(1024M) 2,102ms
[2024-08-04T18:10:34.117+0300][254,310s][info ][gc] GC(2210) Pause Young (Normal) (G1 Evacuation Pause) 686M->73M(1024M) 1,939ms
[2024-08-04T18:10:34.237+0300][254,431s][info ][gc] GC(2211) Pause Young (Normal) (G1 Evacuation Pause) 686M->73M(1024M) 2,254ms
[2024-08-04T18:10:34.352+0300][254,546s][info ][gc] GC(2212) Pause Young (Normal) (G1 Evacuation Pause) 686M->73M(1024M) 2,659ms
[2024-08-04T18:10:34.471+0300][254,665s][info ][gc] GC(2213) Pause Young (Normal) (G1 Evacuation Pause) 686M->73M(1024M) 2,447ms
[2024-08-04T18:10:34.601+0300][254,794s][info ][gc] GC(2214) Pause Young (Normal) (G1 Evacuation Pause) 686M->73M(1024M) 2,333ms
[2024-08-04T18:10:34.720+0300][254,914s][info ][gc] GC(2215) Pause Young (Normal) (G1 Evacuation Pause) 686M->73M(1024M) 2,031ms
[2024-08-04T18:10:34.842+0300][255,036s][info ][gc] GC(2216) Pause Young (Normal) (G1 Evacuation Pause) 686M->73M(1024M) 1,747ms
[2024-08-04T18:10:34.966+0300][255,159s][info ][gc] GC(2217) Pause Young (Normal) (G1 Evacuation Pause) 686M->73M(1024M) 2,219ms
[2024-08-04T18:10:35.100+0300][255,293s][info ][gc] GC(2218) Pause Young (Normal) (G1 Evacuation Pause) 686M->73M(1024M) 2,288ms
[2024-08-04T18:10:35.215+0300][255,409s][info ][gc] GC(2219) Pause Young (Normal) (G1 Evacuation Pause) 686M->73M(1024M) 2,282ms
[2024-08-04T18:10:35.345+0300][255,538s][info ][gc] GC(2220) Pause Young (Normal) (G1 Evacuation Pause) 686M->73M(1024M) 2,211ms
[2024-08-04T18:10:35.470+0300][255,664s][info ][gc] GC(2221) Pause Young (Normal) (G1 Evacuation Pause) 686M->73M(1024M) 2,039ms
[2024-08-04T18:10:35.599+0300][255,793s][info ][gc] GC(2222) Pause Young (Normal) (G1 Evacuation Pause) 686M->73M(1024M) 2,225ms
[2024-08-04T18:10:35.722+0300][255,916s][info ][gc] GC(2223) Pause Young (Normal) (G1 Evacuation Pause) 686M->73M(1024M) 2,542ms
[2024-08-04T18:10:35.843+0300][256,037s][info ][gc] GC(2224) Pause Young (Normal) (G1 Evacuation Pause) 686M->73M(1024M) 2,250ms
[2024-08-04T18:10:35.970+0300][256,164s][info ][gc] GC(2225) Pause Young (Normal) (G1 Evacuation Pause) 686M->73M(1024M) 2,087ms
[2024-08-04T18:10:36.105+0300][256,299s][info ][gc] GC(2226) Pause Young (Normal) (G1 Evacuation Pause) 686M->73M(1024M) 1,931ms
[2024-08-04T18:10:36.234+0300][256,428s][info ][gc] GC(2227) Pause Young (Normal) (G1 Evacuation Pause) 686M->73M(1024M) 1,991ms
[2024-08-04T18:10:36.368+0300][256,561s][info ][gc] GC(2228) Pause Young (Normal) (G1 Evacuation Pause) 686M->73M(1024M) 1,868ms
[2024-08-04T18:10:36.499+0300][256,693s][info ][gc] GC(2229) Pause Young (Normal) (G1 Evacuation Pause) 686M->73M(1024M) 2,201ms
[2024-08-04T18:10:36.632+0300][256,825s][info ][gc] GC(2230) Pause Young (Normal) (G1 Evacuation Pause) 686M->73M(1024M) 2,164ms
[2024-08-04T18:10:36.764+0300][256,958s][info ][gc] GC(2231) Pause Young (Normal) (G1 Evacuation Pause) 686M->73M(1024M) 1,848ms
[2024-08-04T18:10:36.893+0300][257,087s][info ][gc] GC(2232) Pause Young (Normal) (G1 Evacuation Pause) 686M->73M(1024M) 1,763ms
[2024-08-04T18:10:37.014+0300][257,208s][info ][gc] GC(2233) Pause Young (Normal) (G1 Evacuation Pause) 686M->73M(1024M) 1,959ms
[2024-08-04T18:10:37.148+0300][257,342s][info ][gc] GC(2234) Pause Young (Normal) (G1 Evacuation Pause) 686M->73M(1024M) 2,353ms
[2024-08-04T18:10:37.277+0300][257,471s][info ][gc] GC(2235) Pause Young (Normal) (G1 Evacuation Pause) 686M->73M(1024M) 1,673ms
[2024-08-04T18:10:37.406+0300][257,599s][info ][gc] GC(2236) Pause Young (Normal) (G1 Evacuation Pause) 686M->73M(1024M) 2,014ms
[2024-08-04T18:10:37.535+0300][257,728s][info ][gc] GC(2237) Pause Young (Normal) (G1 Evacuation Pause) 686M->73M(1024M) 1,702ms
[2024-08-04T18:10:37.672+0300][257,866s][info ][gc] GC(2238) Pause Young (Normal) (G1 Evacuation Pause) 686M->73M(1024M) 1,823ms
[2024-08-04T18:10:37.804+0300][257,998s][info ][gc] GC(2239) Pause Young (Normal) (G1 Evacuation Pause) 686M->73M(1024M) 1,658ms
[2024-08-04T18:10:37.939+0300][258,133s][info ][gc] GC(2240) Pause Young (Normal) (G1 Evacuation Pause) 686M->73M(1024M) 2,254ms
[2024-08-04T18:10:38.066+0300][258,260s][info ][gc] GC(2241) Pause Young (Normal) (G1 Evacuation Pause) 686M->73M(1024M) 2,206ms
[2024-08-04T18:10:38.196+0300][258,390s][info ][gc] GC(2242) Pause Young (Normal) (G1 Evacuation Pause) 686M->74M(1024M) 1,917ms
[2024-08-04T18:10:38.325+0300][258,519s][info ][gc] GC(2243) Pause Young (Normal) (G1 Evacuation Pause) 687M->74M(1024M) 2,307ms
[2024-08-04T18:10:38.455+0300][258,649s][info ][gc] GC(2244) Pause Young (Normal) (G1 Evacuation Pause) 687M->74M(1024M) 2,159ms
[2024-08-04T18:10:38.584+0300][258,778s][info ][gc] GC(2245) Pause Young (Normal) (G1 Evacuation Pause) 687M->74M(1024M) 1,880ms
[2024-08-04T18:10:38.782+0300][258,976s][info ][gc] GC(2246) Pause Young (Normal) (G1 Evacuation Pause) 687M->74M(1024M) 1,972ms
[2024-08-04T18:10:38.913+0300][259,106s][info ][gc] GC(2247) Pause Young (Normal) (G1 Evacuation Pause) 687M->74M(1024M) 2,082ms
[2024-08-04T18:10:39.033+0300][259,227s][info ][gc] GC(2248) Pause Young (Normal) (G1 Evacuation Pause) 687M->74M(1024M) 2,379ms
[2024-08-04T18:10:39.138+0300][259,332s][info ][gc] GC(2249) Pause Young (Normal) (G1 Evacuation Pause) 687M->74M(1024M) 2,238ms
[2024-08-04T18:10:39.253+0300][259,446s][info ][gc] GC(2250) Pause Young (Normal) (G1 Evacuation Pause) 687M->74M(1024M) 2,543ms
[2024-08-04T18:10:39.361+0300][259,554s][info ][gc] GC(2251) Pause Young (Normal) (G1 Evacuation Pause) 687M->74M(1024M) 2,441ms
[2024-08-04T18:10:39.477+0300][259,670s][info ][gc] GC(2252) Pause Young (Normal) (G1 Evacuation Pause) 687M->74M(1024M) 2,495ms
[2024-08-04T18:10:39.582+0300][259,776s][info ][gc] GC(2253) Pause Young (Normal) (G1 Evacuation Pause) 687M->74M(1024M) 2,526ms
[2024-08-04T18:10:39.695+0300][259,889s][info ][gc] GC(2254) Pause Young (Normal) (G1 Evacuation Pause) 687M->74M(1024M) 2,341ms
[2024-08-04T18:10:39.803+0300][259,997s][info ][gc] GC(2255) Pause Young (Normal) (G1 Evacuation Pause) 687M->74M(1024M) 2,782ms
[2024-08-04T18:10:39.901+0300][260,095s][info ][gc] GC(2256) Pause Young (Normal) (G1 Evacuation Pause) 687M->74M(1024M) 2,599ms
[2024-08-04T18:10:40.016+0300][260,209s][info ][gc] GC(2257) Pause Young (Normal) (G1 Evacuation Pause) 686M->74M(1024M) 2,840ms
[2024-08-04T18:10:40.128+0300][260,322s][info ][gc] GC(2258) Pause Young (Normal) (G1 Evacuation Pause) 686M->74M(1024M) 2,611ms
[2024-08-04T18:10:40.230+0300][260,424s][info ][gc] GC(2259) Pause Young (Normal) (G1 Evacuation Pause) 686M->74M(1024M) 2,450ms
[2024-08-04T18:10:40.341+0300][260,535s][info ][gc] GC(2260) Pause Young (Normal) (G1 Evacuation Pause) 686M->75M(1024M) 1,872ms
[2024-08-04T18:10:40.453+0300][260,647s][info ][gc] GC(2261) Pause Young (Normal) (G1 Evacuation Pause) 687M->75M(1024M) 2,500ms
[2024-08-04T18:10:40.565+0300][260,759s][info ][gc] GC(2262) Pause Young (Normal) (G1 Evacuation Pause) 688M->75M(1024M) 2,539ms
[2024-08-04T18:10:40.667+0300][260,861s][info ][gc] GC(2263) Pause Young (Normal) (G1 Evacuation Pause) 688M->75M(1024M) 2,512ms
[2024-08-04T18:10:40.780+0300][260,973s][info ][gc] GC(2264) Pause Young (Normal) (G1 Evacuation Pause) 688M->75M(1024M) 2,586ms
[2024-08-04T18:10:40.891+0300][261,085s][info ][gc] GC(2265) Pause Young (Normal) (G1 Evacuation Pause) 688M->75M(1024M) 2,581ms
[2024-08-04T18:10:40.992+0300][261,186s][info ][gc] GC(2266) Pause Young (Normal) (G1 Evacuation Pause) 688M->75M(1024M) 2,107ms
[2024-08-04T18:10:41.095+0300][261,289s][info ][gc] GC(2267) Pause Young (Normal) (G1 Evacuation Pause) 688M->75M(1024M) 2,478ms
[2024-08-04T18:10:41.207+0300][261,401s][info ][gc] GC(2268) Pause Young (Normal) (G1 Evacuation Pause) 688M->75M(1024M) 2,465ms
[2024-08-04T18:10:41.308+0300][261,502s][info ][gc] GC(2269) Pause Young (Normal) (G1 Evacuation Pause) 688M->75M(1024M) 2,561ms
[2024-08-04T18:10:41.408+0300][261,602s][info ][gc] GC(2270) Pause Young (Normal) (G1 Evacuation Pause) 688M->75M(1024M) 2,440ms
[2024-08-04T18:10:41.514+0300][261,707s][info ][gc] GC(2271) Pause Young (Normal) (G1 Evacuation Pause) 688M->75M(1024M) 2,360ms
[2024-08-04T18:10:41.625+0300][261,819s][info ][gc] GC(2272) Pause Young (Normal) (G1 Evacuation Pause) 688M->75M(1024M) 2,522ms
[2024-08-04T18:10:41.726+0300][261,920s][info ][gc] GC(2273) Pause Young (Normal) (G1 Evacuation Pause) 688M->75M(1024M) 2,446ms
[2024-08-04T18:10:41.833+0300][262,027s][info ][gc] GC(2274) Pause Young (Normal) (G1 Evacuation Pause) 688M->75M(1024M) 2,304ms
[2024-08-04T18:10:41.934+0300][262,128s][info ][gc] GC(2275) Pause Young (Normal) (G1 Evacuation Pause) 688M->75M(1024M) 2,461ms
[2024-08-04T18:10:42.035+0300][262,229s][info ][gc] GC(2276) Pause Young (Normal) (G1 Evacuation Pause) 688M->75M(1024M) 2,903ms
[2024-08-04T18:10:42.139+0300][262,333s][info ][gc] GC(2277) Pause Young (Normal) (G1 Evacuation Pause) 688M->75M(1024M) 2,233ms
[2024-08-04T18:10:42.244+0300][262,438s][info ][gc] GC(2278) Pause Young (Normal) (G1 Evacuation Pause) 688M->75M(1024M) 2,176ms
[2024-08-04T18:10:42.355+0300][262,549s][info ][gc] GC(2279) Pause Young (Normal) (G1 Evacuation Pause) 688M->75M(1024M) 2,448ms
[2024-08-04T18:10:42.467+0300][262,660s][info ][gc] GC(2280) Pause Young (Normal) (G1 Evacuation Pause) 688M->75M(1024M) 2,174ms
[2024-08-04T18:10:42.568+0300][262,762s][info ][gc] GC(2281) Pause Young (Normal) (G1 Evacuation Pause) 688M->75M(1024M) 1,961ms
[2024-08-04T18:10:42.680+0300][262,873s][info ][gc] GC(2282) Pause Young (Normal) (G1 Evacuation Pause) 688M->75M(1024M) 2,162ms
[2024-08-04T18:10:42.781+0300][262,975s][info ][gc] GC(2283) Pause Young (Normal) (G1 Evacuation Pause) 688M->75M(1024M) 2,037ms
[2024-08-04T18:10:42.890+0300][263,084s][info ][gc] GC(2284) Pause Young (Normal) (G1 Evacuation Pause) 688M->75M(1024M) 2,001ms
[2024-08-04T18:10:43.002+0300][263,196s][info ][gc] GC(2285) Pause Young (Normal) (G1 Evacuation Pause) 688M->75M(1024M) 2,147ms
[2024-08-04T18:10:43.114+0300][263,308s][info ][gc] GC(2286) Pause Young (Normal) (G1 Evacuation Pause) 688M->75M(1024M) 2,465ms
[2024-08-04T18:10:43.226+0300][263,420s][info ][gc] GC(2287) Pause Young (Normal) (G1 Evacuation Pause) 688M->75M(1024M) 2,083ms
[2024-08-04T18:10:43.334+0300][263,527s][info ][gc] GC(2288) Pause Young (Normal) (G1 Evacuation Pause) 688M->75M(1024M) 2,291ms
[2024-08-04T18:10:43.441+0300][263,635s][info ][gc] GC(2289) Pause Young (Normal) (G1 Evacuation Pause) 688M->75M(1024M) 2,044ms
[2024-08-04T18:10:43.541+0300][263,734s][info ][gc] GC(2290) Pause Young (Normal) (G1 Evacuation Pause) 688M->75M(1024M) 2,613ms
[2024-08-04T18:10:43.645+0300][263,839s][info ][gc] GC(2291) Pause Young (Normal) (G1 Evacuation Pause) 688M->76M(1024M) 2,106ms
[2024-08-04T18:10:43.754+0300][263,948s][info ][gc] GC(2292) Pause Young (Normal) (G1 Evacuation Pause) 689M->76M(1024M) 1,760ms
[2024-08-04T18:10:43.856+0300][264,050s][info ][gc] GC(2293) Pause Young (Normal) (G1 Evacuation Pause) 689M->76M(1024M) 2,230ms
[2024-08-04T18:10:43.957+0300][264,151s][info ][gc] GC(2294) Pause Young (Normal) (G1 Evacuation Pause) 689M->76M(1024M) 2,409ms
[2024-08-04T18:10:44.067+0300][264,261s][info ][gc] GC(2295) Pause Young (Normal) (G1 Evacuation Pause) 689M->76M(1024M) 2,003ms
[2024-08-04T18:10:44.169+0300][264,363s][info ][gc] GC(2296) Pause Young (Normal) (G1 Evacuation Pause) 689M->76M(1024M) 2,279ms
[2024-08-04T18:10:44.271+0300][264,465s][info ][gc] GC(2297) Pause Young (Normal) (G1 Evacuation Pause) 689M->76M(1024M) 2,058ms
[2024-08-04T18:10:44.377+0300][264,570s][info ][gc] GC(2298) Pause Young (Normal) (G1 Evacuation Pause) 689M->76M(1024M) 2,087ms
[2024-08-04T18:10:44.486+0300][264,680s][info ][gc] GC(2299) Pause Young (Normal) (G1 Evacuation Pause) 689M->76M(1024M) 2,398ms
[2024-08-04T18:10:44.597+0300][264,791s][info ][gc] GC(2300) Pause Young (Normal) (G1 Evacuation Pause) 689M->76M(1024M) 2,046ms
[2024-08-04T18:10:44.707+0300][264,901s][info ][gc] GC(2301) Pause Young (Normal) (G1 Evacuation Pause) 689M->76M(1024M) 2,148ms
[2024-08-04T18:10:44.819+0300][265,013s][info ][gc] GC(2302) Pause Young (Normal) (G1 Evacuation Pause) 689M->76M(1024M) 2,216ms
[2024-08-04T18:10:44.922+0300][265,116s][info ][gc] GC(2303) Pause Young (Normal) (G1 Evacuation Pause) 689M->76M(1024M) 2,345ms
[2024-08-04T18:10:45.026+0300][265,220s][info ][gc] GC(2304) Pause Young (Normal) (G1 Evacuation Pause) 689M->76M(1024M) 1,956ms
[2024-08-04T18:10:45.137+0300][265,331s][info ][gc] GC(2305) Pause Young (Normal) (G1 Evacuation Pause) 689M->76M(1024M) 1,973ms
[2024-08-04T18:10:45.247+0300][265,441s][info ][gc] GC(2306) Pause Young (Normal) (G1 Evacuation Pause) 689M->76M(1024M) 1,991ms
[2024-08-04T18:10:45.353+0300][265,546s][info ][gc] GC(2307) Pause Young (Normal) (G1 Evacuation Pause) 689M->76M(1024M) 2,048ms
[2024-08-04T18:10:45.463+0300][265,657s][info ][gc] GC(2308) Pause Young (Normal) (G1 Evacuation Pause) 689M->76M(1024M) 1,794ms
[2024-08-04T18:10:45.565+0300][265,759s][info ][gc] GC(2309) Pause Young (Normal) (G1 Evacuation Pause) 689M->76M(1024M) 2,218ms
[2024-08-04T18:10:45.676+0300][265,870s][info ][gc] GC(2310) Pause Young (Normal) (G1 Evacuation Pause) 689M->76M(1024M) 2,677ms
[2024-08-04T18:10:45.781+0300][265,974s][info ][gc] GC(2311) Pause Young (Normal) (G1 Evacuation Pause) 689M->76M(1024M) 2,387ms
[2024-08-04T18:10:45.895+0300][266,089s][info ][gc] GC(2312) Pause Young (Normal) (G1 Evacuation Pause) 689M->76M(1024M) 1,882ms
[2024-08-04T18:10:46.007+0300][266,200s][info ][gc] GC(2313) Pause Young (Normal) (G1 Evacuation Pause) 689M->76M(1024M) 1,761ms
[2024-08-04T18:10:46.109+0300][266,302s][info ][gc] GC(2314) Pause Young (Normal) (G1 Evacuation Pause) 689M->76M(1024M) 1,842ms
[2024-08-04T18:10:46.223+0300][266,417s][info ][gc] GC(2315) Pause Young (Normal) (G1 Evacuation Pause) 689M->76M(1024M) 2,022ms
[2024-08-04T18:10:46.328+0300][266,521s][info ][gc] GC(2316) Pause Young (Normal) (G1 Evacuation Pause) 689M->76M(1024M) 1,858ms
[2024-08-04T18:10:46.442+0300][266,636s][info ][gc] GC(2317) Pause Young (Normal) (G1 Evacuation Pause) 689M->76M(1024M) 1,860ms
[2024-08-04T18:10:46.553+0300][266,747s][info ][gc] GC(2318) Pause Young (Normal) (G1 Evacuation Pause) 689M->76M(1024M) 2,064ms
[2024-08-04T18:10:46.664+0300][266,858s][info ][gc] GC(2319) Pause Young (Normal) (G1 Evacuation Pause) 689M->76M(1024M) 2,458ms
[2024-08-04T18:10:46.774+0300][266,968s][info ][gc] GC(2320) Pause Young (Normal) (G1 Evacuation Pause) 689M->76M(1024M) 2,423ms
[2024-08-04T18:10:46.891+0300][267,085s][info ][gc] GC(2321) Pause Young (Normal) (G1 Evacuation Pause) 689M->76M(1024M) 2,219ms
[2024-08-04T18:10:47.006+0300][267,200s][info ][gc] GC(2322) Pause Young (Normal) (G1 Evacuation Pause) 689M->76M(1024M) 1,729ms
[2024-08-04T18:10:47.124+0300][267,317s][info ][gc] GC(2323) Pause Young (Normal) (G1 Evacuation Pause) 689M->76M(1024M) 1,753ms
[2024-08-04T18:10:47.236+0300][267,430s][info ][gc] GC(2324) Pause Young (Normal) (G1 Evacuation Pause) 689M->76M(1024M) 2,236ms
[2024-08-04T18:10:47.356+0300][267,550s][info ][gc] GC(2325) Pause Young (Normal) (G1 Evacuation Pause) 689M->76M(1024M) 2,286ms
[2024-08-04T18:10:47.468+0300][267,661s][info ][gc] GC(2326) Pause Young (Normal) (G1 Evacuation Pause) 689M->76M(1024M) 2,252ms
[2024-08-04T18:10:47.571+0300][267,765s][info ][gc] GC(2327) Pause Young (Normal) (G1 Evacuation Pause) 689M->76M(1024M) 2,376ms
[2024-08-04T18:10:47.681+0300][267,875s][info ][gc] GC(2328) Pause Young (Normal) (G1 Evacuation Pause) 689M->76M(1024M) 2,458ms
[2024-08-04T18:10:47.792+0300][267,985s][info ][gc] GC(2329) Pause Young (Normal) (G1 Evacuation Pause) 689M->76M(1024M) 2,133ms
[2024-08-04T18:10:47.910+0300][268,103s][info ][gc] GC(2330) Pause Young (Normal) (G1 Evacuation Pause) 689M->77M(1024M) 2,286ms
[2024-08-04T18:10:48.024+0300][268,217s][info ][gc] GC(2331) Pause Young (Normal) (G1 Evacuation Pause) 690M->77M(1024M) 2,534ms
[2024-08-04T18:10:48.147+0300][268,341s][info ][gc] GC(2332) Pause Young (Normal) (G1 Evacuation Pause) 690M->77M(1024M) 1,904ms
[2024-08-04T18:10:48.266+0300][268,460s][info ][gc] GC(2333) Pause Young (Normal) (G1 Evacuation Pause) 690M->77M(1024M) 2,047ms
[2024-08-04T18:10:48.381+0300][268,574s][info ][gc] GC(2334) Pause Young (Normal) (G1 Evacuation Pause) 690M->77M(1024M) 2,233ms
[2024-08-04T18:10:48.504+0300][268,698s][info ][gc] GC(2335) Pause Young (Normal) (G1 Evacuation Pause) 690M->77M(1024M) 2,263ms
[2024-08-04T18:10:48.622+0300][268,816s][info ][gc] GC(2336) Pause Young (Normal) (G1 Evacuation Pause) 690M->77M(1024M) 2,240ms
[2024-08-04T18:10:48.744+0300][268,938s][info ][gc] GC(2337) Pause Young (Normal) (G1 Evacuation Pause) 690M->77M(1024M) 2,033ms
[2024-08-04T18:10:48.862+0300][269,056s][info ][gc] GC(2338) Pause Young (Normal) (G1 Evacuation Pause) 690M->77M(1024M) 2,277ms
[2024-08-04T18:10:48.986+0300][269,180s][info ][gc] GC(2339) Pause Young (Normal) (G1 Evacuation Pause) 690M->77M(1024M) 2,119ms
[2024-08-04T18:10:49.107+0300][269,301s][info ][gc] GC(2340) Pause Young (Normal) (G1 Evacuation Pause) 690M->77M(1024M) 2,326ms
[2024-08-04T18:10:49.224+0300][269,418s][info ][gc] GC(2341) Pause Young (Normal) (G1 Evacuation Pause) 690M->77M(1024M) 1,745ms
[2024-08-04T18:10:49.349+0300][269,543s][info ][gc] GC(2342) Pause Young (Normal) (G1 Evacuation Pause) 690M->77M(1024M) 2,220ms
[2024-08-04T18:10:49.474+0300][269,668s][info ][gc] GC(2343) Pause Young (Normal) (G1 Evacuation Pause) 690M->77M(1024M) 2,276ms
[2024-08-04T18:10:49.592+0300][269,786s][info ][gc] GC(2344) Pause Young (Normal) (G1 Evacuation Pause) 690M->77M(1024M) 2,298ms
[2024-08-04T18:10:49.710+0300][269,903s][info ][gc] GC(2345) Pause Young (Normal) (G1 Evacuation Pause) 690M->77M(1024M) 2,181ms
[2024-08-04T18:10:49.830+0300][270,023s][info ][gc] GC(2346) Pause Young (Normal) (G1 Evacuation Pause) 690M->77M(1024M) 2,222ms
[2024-08-04T18:10:49.957+0300][270,151s][info ][gc] GC(2347) Pause Young (Normal) (G1 Evacuation Pause) 690M->77M(1024M) 1,930ms
[2024-08-04T18:10:50.071+0300][270,265s][info ][gc] GC(2348) Pause Young (Normal) (G1 Evacuation Pause) 690M->77M(1024M) 1,960ms
[2024-08-04T18:10:50.200+0300][270,394s][info ][gc] GC(2349) Pause Young (Normal) (G1 Evacuation Pause) 690M->77M(1024M) 1,829ms
[2024-08-04T18:10:50.328+0300][270,522s][info ][gc] GC(2350) Pause Young (Normal) (G1 Evacuation Pause) 690M->77M(1024M) 1,980ms
[2024-08-04T18:10:50.458+0300][270,652s][info ][gc] GC(2351) Pause Young (Normal) (G1 Evacuation Pause) 690M->77M(1024M) 1,936ms
[2024-08-04T18:10:50.587+0300][270,781s][info ][gc] GC(2352) Pause Young (Normal) (G1 Evacuation Pause) 690M->77M(1024M) 1,920ms
[2024-08-04T18:10:50.709+0300][270,903s][info ][gc] GC(2353) Pause Young (Normal) (G1 Evacuation Pause) 690M->77M(1024M) 2,147ms
[2024-08-04T18:10:50.840+0300][271,033s][info ][gc] GC(2354) Pause Young (Normal) (G1 Evacuation Pause) 690M->77M(1024M) 1,885ms
[2024-08-04T18:10:50.971+0300][271,165s][info ][gc] GC(2355) Pause Young (Normal) (G1 Evacuation Pause) 690M->77M(1024M) 2,476ms
[2024-08-04T18:10:51.102+0300][271,296s][info ][gc] GC(2356) Pause Young (Normal) (G1 Evacuation Pause) 690M->77M(1024M) 1,623ms
[2024-08-04T18:10:51.233+0300][271,427s][info ][gc] GC(2357) Pause Young (Normal) (G1 Evacuation Pause) 690M->77M(1024M) 1,911ms
[2024-08-04T18:10:51.356+0300][271,549s][info ][gc] GC(2358) Pause Young (Normal) (G1 Evacuation Pause) 690M->77M(1024M) 1,811ms
[2024-08-04T18:10:51.489+0300][271,683s][info ][gc] GC(2359) Pause Young (Normal) (G1 Evacuation Pause) 690M->77M(1024M) 2,022ms
[2024-08-04T18:10:51.614+0300][271,808s][info ][gc] GC(2360) Pause Young (Normal) (G1 Evacuation Pause) 690M->77M(1024M) 2,246ms
[2024-08-04T18:10:51.743+0300][271,936s][info ][gc] GC(2361) Pause Young (Normal) (G1 Evacuation Pause) 690M->77M(1024M) 1,745ms
[2024-08-04T18:10:51.862+0300][272,055s][info ][gc] GC(2362) Pause Young (Normal) (G1 Evacuation Pause) 690M->77M(1024M) 2,218ms
[2024-08-04T18:10:51.985+0300][272,179s][info ][gc] GC(2363) Pause Young (Normal) (G1 Evacuation Pause) 690M->77M(1024M) 1,735ms
[2024-08-04T18:10:52.120+0300][272,314s][info ][gc] GC(2364) Pause Young (Normal) (G1 Evacuation Pause) 690M->77M(1024M) 1,800ms
[2024-08-04T18:10:52.257+0300][272,451s][info ][gc] GC(2365) Pause Young (Normal) (G1 Evacuation Pause) 690M->77M(1024M) 1,746ms
[2024-08-04T18:10:52.391+0300][272,585s][info ][gc] GC(2366) Pause Young (Normal) (G1 Evacuation Pause) 690M->77M(1024M) 2,029ms
[2024-08-04T18:10:52.529+0300][272,723s][info ][gc] GC(2367) Pause Young (Normal) (G1 Evacuation Pause) 690M->77M(1024M) 1,668ms
[2024-08-04T18:10:52.667+0300][272,860s][info ][gc] GC(2368) Pause Young (Normal) (G1 Evacuation Pause) 690M->77M(1024M) 1,791ms
[2024-08-04T18:10:52.804+0300][272,997s][info ][gc] GC(2369) Pause Young (Normal) (G1 Evacuation Pause) 690M->77M(1024M) 2,015ms
[2024-08-04T18:10:52.939+0300][273,133s][info ][gc] GC(2370) Pause Young (Normal) (G1 Evacuation Pause) 690M->77M(1024M) 2,064ms
[2024-08-04T18:10:53.201+0300][273,395s][info ][gc] GC(2371) Pause Young (Normal) (G1 Evacuation Pause) 690M->78M(1024M) 2,010ms
[2024-08-04T18:10:53.344+0300][273,538s][info ][gc] GC(2372) Pause Young (Normal) (G1 Evacuation Pause) 691M->78M(1024M) 2,144ms
[2024-08-04T18:10:53.461+0300][273,654s][info ][gc] GC(2373) Pause Young (Normal) (G1 Evacuation Pause) 691M->78M(1024M) 2,331ms
[2024-08-04T18:10:53.581+0300][273,775s][info ][gc] GC(2374) Pause Young (Normal) (G1 Evacuation Pause) 691M->78M(1024M) 2,188ms
[2024-08-04T18:10:53.690+0300][273,884s][info ][gc] GC(2375) Pause Young (Normal) (G1 Evacuation Pause) 691M->78M(1024M) 2,553ms
[2024-08-04T18:10:53.802+0300][273,996s][info ][gc] GC(2376) Pause Young (Normal) (G1 Evacuation Pause) 691M->78M(1024M) 2,766ms
[2024-08-04T18:10:53.911+0300][274,104s][info ][gc] GC(2377) Pause Young (Normal) (G1 Evacuation Pause) 691M->78M(1024M) 2,495ms
[2024-08-04T18:10:54.017+0300][274,210s][info ][gc] GC(2378) Pause Young (Normal) (G1 Evacuation Pause) 691M->78M(1024M) 2,460ms
[2024-08-04T18:10:54.131+0300][274,324s][info ][gc] GC(2379) Pause Young (Normal) (G1 Evacuation Pause) 691M->78M(1024M) 2,432ms
[2024-08-04T18:10:54.243+0300][274,437s][info ][gc] GC(2380) Pause Young (Normal) (G1 Evacuation Pause) 691M->78M(1024M) 2,307ms
[2024-08-04T18:10:54.357+0300][274,551s][info ][gc] GC(2381) Pause Young (Normal) (G1 Evacuation Pause) 691M->78M(1024M) 2,379ms
[2024-08-04T18:10:54.470+0300][274,664s][info ][gc] GC(2382) Pause Young (Normal) (G1 Evacuation Pause) 690M->78M(1024M) 2,349ms
[2024-08-04T18:10:54.586+0300][274,780s][info ][gc] GC(2383) Pause Young (Normal) (G1 Evacuation Pause) 690M->78M(1024M) 2,790ms
[2024-08-04T18:10:54.699+0300][274,892s][info ][gc] GC(2384) Pause Young (Normal) (G1 Evacuation Pause) 690M->78M(1024M) 2,787ms
[2024-08-04T18:10:54.810+0300][275,003s][info ][gc] GC(2385) Pause Young (Normal) (G1 Evacuation Pause) 690M->78M(1024M) 2,609ms
[2024-08-04T18:10:54.923+0300][275,116s][info ][gc] GC(2386) Pause Young (Normal) (G1 Evacuation Pause) 690M->78M(1024M) 2,551ms
[2024-08-04T18:10:55.037+0300][275,231s][info ][gc] GC(2387) Pause Young (Normal) (G1 Evacuation Pause) 691M->78M(1024M) 2,548ms
[2024-08-04T18:10:55.145+0300][275,339s][info ][gc] GC(2388) Pause Young (Normal) (G1 Evacuation Pause) 691M->79M(1024M) 2,817ms
[2024-08-04T18:10:55.248+0300][275,442s][info ][gc] GC(2389) Pause Young (Normal) (G1 Evacuation Pause) 692M->79M(1024M) 2,661ms
[2024-08-04T18:10:55.356+0300][275,550s][info ][gc] GC(2390) Pause Young (Normal) (G1 Evacuation Pause) 692M->79M(1024M) 2,721ms
[2024-08-04T18:10:55.453+0300][275,647s][info ][gc] GC(2391) Pause Young (Normal) (G1 Evacuation Pause) 692M->79M(1024M) 2,642ms
[2024-08-04T18:10:55.557+0300][275,751s][info ][gc] GC(2392) Pause Young (Normal) (G1 Evacuation Pause) 692M->79M(1024M) 2,315ms
[2024-08-04T18:10:55.670+0300][275,864s][info ][gc] GC(2393) Pause Young (Normal) (G1 Evacuation Pause) 692M->79M(1024M) 2,483ms
[2024-08-04T18:10:55.772+0300][275,965s][info ][gc] GC(2394) Pause Young (Normal) (G1 Evacuation Pause) 692M->79M(1024M) 2,564ms
[2024-08-04T18:10:55.883+0300][276,077s][info ][gc] GC(2395) Pause Young (Normal) (G1 Evacuation Pause) 692M->79M(1024M) 2,055ms
[2024-08-04T18:10:55.989+0300][276,183s][info ][gc] GC(2396) Pause Young (Normal) (G1 Evacuation Pause) 692M->79M(1024M) 2,213ms
[2024-08-04T18:10:56.100+0300][276,294s][info ][gc] GC(2397) Pause Young (Normal) (G1 Evacuation Pause) 692M->79M(1024M) 2,214ms
[2024-08-04T18:10:56.211+0300][276,405s][info ][gc] GC(2398) Pause Young (Normal) (G1 Evacuation Pause) 692M->79M(1024M) 2,109ms
[2024-08-04T18:10:56.313+0300][276,507s][info ][gc] GC(2399) Pause Young (Normal) (G1 Evacuation Pause) 692M->79M(1024M) 2,384ms
[2024-08-04T18:10:56.414+0300][276,607s][info ][gc] GC(2400) Pause Young (Normal) (G1 Evacuation Pause) 692M->79M(1024M) 2,174ms
[2024-08-04T18:10:56.515+0300][276,708s][info ][gc] GC(2401) Pause Young (Normal) (G1 Evacuation Pause) 692M->79M(1024M) 2,230ms
[2024-08-04T18:10:56.628+0300][276,821s][info ][gc] GC(2402) Pause Young (Normal) (G1 Evacuation Pause) 692M->79M(1024M) 2,096ms
[2024-08-04T18:10:56.738+0300][276,932s][info ][gc] GC(2403) Pause Young (Normal) (G1 Evacuation Pause) 692M->79M(1024M) 1,901ms
[2024-08-04T18:10:56.839+0300][277,033s][info ][gc] GC(2404) Pause Young (Normal) (G1 Evacuation Pause) 692M->79M(1024M) 2,466ms
[2024-08-04T18:10:56.941+0300][277,135s][info ][gc] GC(2405) Pause Young (Normal) (G1 Evacuation Pause) 692M->79M(1024M) 2,002ms
[2024-08-04T18:10:57.048+0300][277,241s][info ][gc] GC(2406) Pause Young (Normal) (G1 Evacuation Pause) 692M->79M(1024M) 2,133ms
[2024-08-04T18:10:57.143+0300][277,337s][info ][gc] GC(2407) Pause Young (Normal) (G1 Evacuation Pause) 692M->79M(1024M) 2,156ms
[2024-08-04T18:10:57.247+0300][277,440s][info ][gc] GC(2408) Pause Young (Normal) (G1 Evacuation Pause) 692M->79M(1024M) 2,159ms
[2024-08-04T18:10:57.357+0300][277,551s][info ][gc] GC(2409) Pause Young (Normal) (G1 Evacuation Pause) 692M->79M(1024M) 2,272ms
[2024-08-04T18:10:57.458+0300][277,652s][info ][gc] GC(2410) Pause Young (Normal) (G1 Evacuation Pause) 692M->79M(1024M) 1,976ms
[2024-08-04T18:10:57.568+0300][277,762s][info ][gc] GC(2411) Pause Young (Normal) (G1 Evacuation Pause) 692M->79M(1024M) 1,859ms
[2024-08-04T18:10:57.679+0300][277,872s][info ][gc] GC(2412) Pause Young (Normal) (G1 Evacuation Pause) 692M->79M(1024M) 1,912ms
[2024-08-04T18:10:57.783+0300][277,977s][info ][gc] GC(2413) Pause Young (Normal) (G1 Evacuation Pause) 692M->79M(1024M) 2,052ms
[2024-08-04T18:10:57.880+0300][278,073s][info ][gc] GC(2414) Pause Young (Normal) (G1 Evacuation Pause) 692M->79M(1024M) 2,261ms
[2024-08-04T18:10:57.991+0300][278,184s][info ][gc] GC(2415) Pause Young (Normal) (G1 Evacuation Pause) 692M->79M(1024M) 2,386ms
[2024-08-04T18:10:58.089+0300][278,283s][info ][gc] GC(2416) Pause Young (Normal) (G1 Evacuation Pause) 692M->79M(1024M) 2,172ms
[2024-08-04T18:10:58.201+0300][278,395s][info ][gc] GC(2417) Pause Young (Normal) (G1 Evacuation Pause) 692M->79M(1024M) 2,095ms
[2024-08-04T18:10:58.312+0300][278,506s][info ][gc] GC(2418) Pause Young (Normal) (G1 Evacuation Pause) 692M->79M(1024M) 2,133ms
[2024-08-04T18:10:58.423+0300][278,617s][info ][gc] GC(2419) Pause Young (Normal) (G1 Evacuation Pause) 692M->80M(1024M) 2,075ms
[2024-08-04T18:10:58.534+0300][278,727s][info ][gc] GC(2420) Pause Young (Normal) (G1 Evacuation Pause) 693M->80M(1024M) 2,048ms
[2024-08-04T18:10:58.643+0300][278,837s][info ][gc] GC(2421) Pause Young (Normal) (G1 Evacuation Pause) 693M->80M(1024M) 2,010ms
[2024-08-04T18:10:58.753+0300][278,947s][info ][gc] GC(2422) Pause Young (Normal) (G1 Evacuation Pause) 693M->80M(1024M) 2,163ms
[2024-08-04T18:10:58.864+0300][279,058s][info ][gc] GC(2423) Pause Young (Normal) (G1 Evacuation Pause) 693M->80M(1024M) 2,376ms
[2024-08-04T18:10:58.965+0300][279,159s][info ][gc] GC(2424) Pause Young (Normal) (G1 Evacuation Pause) 693M->80M(1024M) 2,006ms
[2024-08-04T18:10:59.076+0300][279,270s][info ][gc] GC(2425) Pause Young (Normal) (G1 Evacuation Pause) 693M->80M(1024M) 2,377ms
[2024-08-04T18:10:59.186+0300][279,380s][info ][gc] GC(2426) Pause Young (Normal) (G1 Evacuation Pause) 693M->80M(1024M) 2,113ms
[2024-08-04T18:10:59.298+0300][279,492s][info ][gc] GC(2427) Pause Young (Normal) (G1 Evacuation Pause) 693M->80M(1024M) 1,935ms
[2024-08-04T18:10:59.407+0300][279,601s][info ][gc] GC(2428) Pause Young (Normal) (G1 Evacuation Pause) 693M->80M(1024M) 2,313ms
[2024-08-04T18:10:59.504+0300][279,697s][info ][gc] GC(2429) Pause Young (Normal) (G1 Evacuation Pause) 693M->80M(1024M) 2,163ms
[2024-08-04T18:10:59.601+0300][279,795s][info ][gc] GC(2430) Pause Young (Normal) (G1 Evacuation Pause) 693M->80M(1024M) 2,053ms
[2024-08-04T18:10:59.704+0300][279,898s][info ][gc] GC(2431) Pause Young (Normal) (G1 Evacuation Pause) 693M->80M(1024M) 1,813ms
[2024-08-04T18:10:59.801+0300][279,995s][info ][gc] GC(2432) Pause Young (Normal) (G1 Evacuation Pause) 693M->80M(1024M) 2,310ms
[2024-08-04T18:10:59.912+0300][280,106s][info ][gc] GC(2433) Pause Young (Normal) (G1 Evacuation Pause) 693M->80M(1024M) 2,015ms
[2024-08-04T18:11:00.010+0300][280,204s][info ][gc] GC(2434) Pause Young (Normal) (G1 Evacuation Pause) 693M->80M(1024M) 2,046ms
[2024-08-04T18:11:00.112+0300][280,306s][info ][gc] GC(2435) Pause Young (Normal) (G1 Evacuation Pause) 693M->80M(1024M) 2,158ms
[2024-08-04T18:11:00.225+0300][280,418s][info ][gc] GC(2436) Pause Young (Normal) (G1 Evacuation Pause) 693M->80M(1024M) 2,121ms
[2024-08-04T18:11:00.336+0300][280,530s][info ][gc] GC(2437) Pause Young (Normal) (G1 Evacuation Pause) 693M->80M(1024M) 1,979ms
[2024-08-04T18:11:00.434+0300][280,628s][info ][gc] GC(2438) Pause Young (Normal) (G1 Evacuation Pause) 693M->80M(1024M) 2,086ms
[2024-08-04T18:11:00.531+0300][280,725s][info ][gc] GC(2439) Pause Young (Normal) (G1 Evacuation Pause) 693M->80M(1024M) 2,113ms
[2024-08-04T18:11:00.636+0300][280,829s][info ][gc] GC(2440) Pause Young (Normal) (G1 Evacuation Pause) 693M->80M(1024M) 1,733ms
[2024-08-04T18:11:00.744+0300][280,937s][info ][gc] GC(2441) Pause Young (Normal) (G1 Evacuation Pause) 693M->80M(1024M) 1,819ms
[2024-08-04T18:11:00.842+0300][281,036s][info ][gc] GC(2442) Pause Young (Normal) (G1 Evacuation Pause) 693M->80M(1024M) 1,970ms
[2024-08-04T18:11:00.953+0300][281,147s][info ][gc] GC(2443) Pause Young (Normal) (G1 Evacuation Pause) 693M->80M(1024M) 1,934ms
[2024-08-04T18:11:01.059+0300][281,252s][info ][gc] GC(2444) Pause Young (Normal) (G1 Evacuation Pause) 693M->80M(1024M) 2,102ms
[2024-08-04T18:11:01.169+0300][281,362s][info ][gc] GC(2445) Pause Young (Normal) (G1 Evacuation Pause) 693M->80M(1024M) 2,205ms
[2024-08-04T18:11:01.277+0300][281,471s][info ][gc] GC(2446) Pause Young (Normal) (G1 Evacuation Pause) 693M->80M(1024M) 1,770ms
[2024-08-04T18:11:01.376+0300][281,569s][info ][gc] GC(2447) Pause Young (Normal) (G1 Evacuation Pause) 693M->80M(1024M) 2,444ms
[2024-08-04T18:11:01.487+0300][281,681s][info ][gc] GC(2448) Pause Young (Normal) (G1 Evacuation Pause) 693M->80M(1024M) 2,289ms
[2024-08-04T18:11:01.601+0300][281,795s][info ][gc] GC(2449) Pause Young (Normal) (G1 Evacuation Pause) 693M->80M(1024M) 1,748ms
[2024-08-04T18:11:01.719+0300][281,912s][info ][gc] GC(2450) Pause Young (Normal) (G1 Evacuation Pause) 693M->80M(1024M) 1,963ms
[2024-08-04T18:11:01.829+0300][282,023s][info ][gc] GC(2451) Pause Young (Normal) (G1 Evacuation Pause) 693M->80M(1024M) 1,805ms
[2024-08-04T18:11:01.932+0300][282,126s][info ][gc] GC(2452) Pause Young (Normal) (G1 Evacuation Pause) 693M->80M(1024M) 2,170ms
[2024-08-04T18:11:02.032+0300][282,226s][info ][gc] GC(2453) Pause Young (Normal) (G1 Evacuation Pause) 693M->80M(1024M) 2,009ms
[2024-08-04T18:11:02.145+0300][282,339s][info ][gc] GC(2454) Pause Young (Normal) (G1 Evacuation Pause) 693M->80M(1024M) 2,044ms
[2024-08-04T18:11:02.256+0300][282,450s][info ][gc] GC(2455) Pause Young (Normal) (G1 Evacuation Pause) 693M->80M(1024M) 2,504ms
[2024-08-04T18:11:02.372+0300][282,566s][info ][gc] GC(2456) Pause Young (Normal) (G1 Evacuation Pause) 693M->81M(1024M) 1,837ms
[2024-08-04T18:11:02.477+0300][282,670s][info ][gc] GC(2457) Pause Young (Normal) (G1 Evacuation Pause) 694M->81M(1024M) 2,394ms
[2024-08-04T18:11:02.599+0300][282,792s][info ][gc] GC(2458) Pause Young (Normal) (G1 Evacuation Pause) 694M->81M(1024M) 1,703ms
[2024-08-04T18:11:02.706+0300][282,900s][info ][gc] GC(2459) Pause Young (Normal) (G1 Evacuation Pause) 694M->81M(1024M) 1,899ms
[2024-08-04T18:11:02.819+0300][283,013s][info ][gc] GC(2460) Pause Young (Normal) (G1 Evacuation Pause) 694M->81M(1024M) 1,956ms
[2024-08-04T18:11:02.927+0300][283,121s][info ][gc] GC(2461) Pause Young (Normal) (G1 Evacuation Pause) 694M->81M(1024M) 2,472ms
[2024-08-04T18:11:03.051+0300][283,245s][info ][gc] GC(2462) Pause Young (Normal) (G1 Evacuation Pause) 694M->81M(1024M) 2,020ms
[2024-08-04T18:11:03.171+0300][283,365s][info ][gc] GC(2463) Pause Young (Normal) (G1 Evacuation Pause) 694M->81M(1024M) 1,950ms
[2024-08-04T18:11:03.287+0300][283,481s][info ][gc] GC(2464) Pause Young (Normal) (G1 Evacuation Pause) 694M->81M(1024M) 2,074ms
[2024-08-04T18:11:03.407+0300][283,601s][info ][gc] GC(2465) Pause Young (Normal) (G1 Evacuation Pause) 694M->81M(1024M) 2,135ms
[2024-08-04T18:11:03.534+0300][283,727s][info ][gc] GC(2466) Pause Young (Normal) (G1 Evacuation Pause) 694M->81M(1024M) 2,039ms
[2024-08-04T18:11:03.656+0300][283,849s][info ][gc] GC(2467) Pause Young (Normal) (G1 Evacuation Pause) 694M->81M(1024M) 1,672ms
[2024-08-04T18:11:03.784+0300][283,977s][info ][gc] GC(2468) Pause Young (Normal) (G1 Evacuation Pause) 694M->81M(1024M) 2,081ms
[2024-08-04T18:11:03.892+0300][284,086s][info ][gc] GC(2469) Pause Young (Normal) (G1 Evacuation Pause) 694M->81M(1024M) 2,263ms
[2024-08-04T18:11:04.013+0300][284,207s][info ][gc] GC(2470) Pause Young (Normal) (G1 Evacuation Pause) 694M->81M(1024M) 2,124ms
[2024-08-04T18:11:04.138+0300][284,332s][info ][gc] GC(2471) Pause Young (Normal) (G1 Evacuation Pause) 694M->81M(1024M) 2,124ms
[2024-08-04T18:11:04.259+0300][284,452s][info ][gc] GC(2472) Pause Young (Normal) (G1 Evacuation Pause) 694M->81M(1024M) 1,695ms
[2024-08-04T18:11:04.376+0300][284,569s][info ][gc] GC(2473) Pause Young (Normal) (G1 Evacuation Pause) 694M->81M(1024M) 2,141ms
[2024-08-04T18:11:04.497+0300][284,690s][info ][gc] GC(2474) Pause Young (Normal) (G1 Evacuation Pause) 694M->81M(1024M) 1,697ms
[2024-08-04T18:11:04.621+0300][284,815s][info ][gc] GC(2475) Pause Young (Normal) (G1 Evacuation Pause) 694M->81M(1024M) 1,697ms
[2024-08-04T18:11:04.749+0300][284,943s][info ][gc] GC(2476) Pause Young (Normal) (G1 Evacuation Pause) 694M->81M(1024M) 1,783ms
[2024-08-04T18:11:04.876+0300][285,069s][info ][gc] GC(2477) Pause Young (Normal) (G1 Evacuation Pause) 694M->81M(1024M) 2,001ms
[2024-08-04T18:11:05.007+0300][285,200s][info ][gc] GC(2478) Pause Young (Normal) (G1 Evacuation Pause) 694M->81M(1024M) 1,793ms
[2024-08-04T18:11:05.135+0300][285,329s][info ][gc] GC(2479) Pause Young (Normal) (G1 Evacuation Pause) 694M->81M(1024M) 1,733ms
[2024-08-04T18:11:05.260+0300][285,454s][info ][gc] GC(2480) Pause Young (Normal) (G1 Evacuation Pause) 694M->81M(1024M) 1,794ms
[2024-08-04T18:11:05.390+0300][285,583s][info ][gc] GC(2481) Pause Young (Normal) (G1 Evacuation Pause) 694M->81M(1024M) 1,970ms
[2024-08-04T18:11:05.523+0300][285,717s][info ][gc] GC(2482) Pause Young (Normal) (G1 Evacuation Pause) 694M->81M(1024M) 1,786ms
[2024-08-04T18:11:05.652+0300][285,845s][info ][gc] GC(2483) Pause Young (Normal) (G1 Evacuation Pause) 694M->81M(1024M) 1,655ms
[2024-08-04T18:11:05.782+0300][285,976s][info ][gc] GC(2484) Pause Young (Normal) (G1 Evacuation Pause) 694M->81M(1024M) 2,327ms
[2024-08-04T18:11:05.899+0300][286,093s][info ][gc] GC(2485) Pause Young (Normal) (G1 Evacuation Pause) 694M->81M(1024M) 2,104ms
[2024-08-04T18:11:06.027+0300][286,221s][info ][gc] GC(2486) Pause Young (Normal) (G1 Evacuation Pause) 694M->81M(1024M) 1,597ms
[2024-08-04T18:11:06.153+0300][286,347s][info ][gc] GC(2487) Pause Young (Normal) (G1 Evacuation Pause) 694M->81M(1024M) 1,946ms
[2024-08-04T18:11:06.287+0300][286,480s][info ][gc] GC(2488) Pause Young (Normal) (G1 Evacuation Pause) 694M->81M(1024M) 2,283ms
[2024-08-04T18:11:06.412+0300][286,606s][info ][gc] GC(2489) Pause Young (Normal) (G1 Evacuation Pause) 694M->81M(1024M) 2,287ms
[2024-08-04T18:11:06.546+0300][286,740s][info ][gc] GC(2490) Pause Young (Normal) (G1 Evacuation Pause) 694M->81M(1024M) 1,722ms
[2024-08-04T18:11:06.676+0300][286,869s][info ][gc] GC(2491) Pause Young (Normal) (G1 Evacuation Pause) 694M->81M(1024M) 1,717ms
[2024-08-04T18:11:06.812+0300][287,006s][info ][gc] GC(2492) Pause Young (Normal) (G1 Evacuation Pause) 694M->81M(1024M) 1,810ms
[2024-08-04T18:11:06.950+0300][287,144s][info ][gc] GC(2493) Pause Young (Normal) (G1 Evacuation Pause) 694M->81M(1024M) 1,827ms
[2024-08-04T18:11:07.077+0300][287,271s][info ][gc] GC(2494) Pause Young (Normal) (G1 Evacuation Pause) 694M->81M(1024M) 1,866ms
