[2024-08-04T17:50:01.173+0300][0.003s][info][gc] Using G1
[2024-08-04T17:50:01.173+0300][0.004s][debug][gc] ConcGCThreads: 3 offset 22
[2024-08-04T17:50:01.173+0300][0.004s][debug][gc] ParallelGCThreads: 10
[2024-08-04T17:50:01.174+0300][0.004s][debug][gc] Initialize mark stack with 4096 chunks, maximum 524288
[2024-08-04T17:50:01.449+0300][0,280s][info ][gc] GC(0) Pause Young (Normal) (G1 Evacuation Pause) 103M->2M(2048M) 4,299ms
[2024-08-04T17:50:01.492+0300][0,322s][info ][gc] GC(1) Pause Young (Normal) (G1 Evacuation Pause) 132M->2M(2048M) 2,312ms
[2024-08-04T17:50:02.542+0300][1,372s][info ][gc] GC(2) Pause Young (Normal) (G1 Evacuation Pause) 1228M->2M(2048M) 3,569ms
[2024-08-04T17:50:02.843+0300][1,673s][info ][gc] GC(3) Pause Young (Normal) (G1 Evacuation Pause) 1228M->2M(2048M) 3,928ms
[2024-08-04T17:50:03.116+0300][1,947s][info ][gc] GC(4) Pause Young (Normal) (G1 Evacuation Pause) 1228M->2M(2048M) 3,449ms
[2024-08-04T17:50:03.379+0300][2,209s][info ][gc] GC(5) Pause Young (Normal) (G1 Evacuation Pause) 1228M->2M(2048M) 3,338ms
[2024-08-04T17:50:03.628+0300][2,458s][info ][gc] GC(6) Pause Young (Normal) (G1 Evacuation Pause) 1228M->3M(2048M) 3,335ms
[2024-08-04T17:50:03.879+0300][2,709s][info ][gc] GC(7) Pause Young (Normal) (G1 Evacuation Pause) 1228M->3M(2048M) 3,619ms
[2024-08-04T17:50:04.149+0300][2,979s][info ][gc] GC(8) Pause Young (Normal) (G1 Evacuation Pause) 1228M->3M(2048M) 4,051ms
[2024-08-04T17:50:04.390+0300][3,220s][info ][gc] GC(9) Pause Young (Normal) (G1 Evacuation Pause) 1228M->3M(2048M) 3,290ms
[2024-08-04T17:50:04.620+0300][3,450s][info ][gc] GC(10) Pause Young (Normal) (G1 Evacuation Pause) 1228M->3M(2048M) 3,559ms
[2024-08-04T17:50:04.861+0300][3,692s][info ][gc] GC(11) Pause Young (Normal) (G1 Evacuation Pause) 1228M->3M(2048M) 3,688ms
[2024-08-04T17:50:05.104+0300][3,934s][info ][gc] GC(12) Pause Young (Normal) (G1 Evacuation Pause) 1228M->3M(2048M) 3,725ms
[2024-08-04T17:50:05.357+0300][4,187s][info ][gc] GC(13) Pause Young (Normal) (G1 Evacuation Pause) 1228M->3M(2048M) 3,491ms
[2024-08-04T17:50:05.595+0300][4,425s][info ][gc] GC(14) Pause Young (Normal) (G1 Evacuation Pause) 1228M->3M(2048M) 3,350ms
[2024-08-04T17:50:05.839+0300][4,669s][info ][gc] GC(15) Pause Young (Normal) (G1 Evacuation Pause) 1228M->3M(2048M) 3,799ms
[2024-08-04T17:50:06.079+0300][4,909s][info ][gc] GC(16) Pause Young (Normal) (G1 Evacuation Pause) 1229M->3M(2048M) 3,159ms
[2024-08-04T17:50:06.301+0300][5,131s][info ][gc] GC(17) Pause Young (Normal) (G1 Evacuation Pause) 1229M->4M(2048M) 3,356ms
[2024-08-04T17:50:06.542+0300][5,372s][info ][gc] GC(18) Pause Young (Normal) (G1 Evacuation Pause) 1230M->4M(2048M) 3,118ms
[2024-08-04T17:50:06.783+0300][5,613s][info ][gc] GC(19) Pause Young (Normal) (G1 Evacuation Pause) 1230M->4M(2048M) 2,802ms
[2024-08-04T17:50:07.021+0300][5,851s][info ][gc] GC(20) Pause Young (Normal) (G1 Evacuation Pause) 1230M->4M(2048M) 2,939ms
[2024-08-04T17:50:07.262+0300][6,092s][info ][gc] GC(21) Pause Young (Normal) (G1 Evacuation Pause) 1230M->4M(2048M) 3,094ms
[2024-08-04T17:50:07.486+0300][6,317s][info ][gc] GC(22) Pause Young (Normal) (G1 Evacuation Pause) 1230M->4M(2048M) 3,079ms
[2024-08-04T17:50:07.711+0300][6,541s][info ][gc] GC(23) Pause Young (Normal) (G1 Evacuation Pause) 1230M->4M(2048M) 2,678ms
[2024-08-04T17:50:07.959+0300][6,789s][info ][gc] GC(24) Pause Young (Normal) (G1 Evacuation Pause) 1230M->4M(2048M) 2,950ms
[2024-08-04T17:50:08.210+0300][7,040s][info ][gc] GC(25) Pause Young (Normal) (G1 Evacuation Pause) 1230M->4M(2048M) 2,896ms
[2024-08-04T17:50:08.436+0300][7,266s][info ][gc] GC(26) Pause Young (Normal) (G1 Evacuation Pause) 1230M->4M(2048M) 2,921ms
[2024-08-04T17:50:08.672+0300][7,502s][info ][gc] GC(27) Pause Young (Normal) (G1 Evacuation Pause) 1230M->4M(2048M) 2,897ms
[2024-08-04T17:50:08.926+0300][7,756s][info ][gc] GC(28) Pause Young (Normal) (G1 Evacuation Pause) 1230M->4M(2048M) 2,813ms
[2024-08-04T17:50:09.189+0300][8,019s][info ][gc] GC(29) Pause Young (Normal) (G1 Evacuation Pause) 1230M->4M(2048M) 3,152ms
[2024-08-04T17:50:09.434+0300][8,264s][info ][gc] GC(30) Pause Young (Normal) (G1 Evacuation Pause) 1230M->4M(2048M) 3,216ms
[2024-08-04T17:50:09.695+0300][8,525s][info ][gc] GC(31) Pause Young (Normal) (G1 Evacuation Pause) 1231M->4M(2048M) 2,762ms
[2024-08-04T17:50:09.952+0300][8,782s][info ][gc] GC(32) Pause Young (Normal) (G1 Evacuation Pause) 1231M->4M(2048M) 2,784ms
[2024-08-04T17:50:10.214+0300][9,044s][info ][gc] GC(33) Pause Young (Normal) (G1 Evacuation Pause) 1231M->5M(2048M) 3,053ms
[2024-08-04T17:50:10.467+0300][9,297s][info ][gc] GC(34) Pause Young (Normal) (G1 Evacuation Pause) 1231M->5M(2048M) 3,667ms
[2024-08-04T17:50:10.730+0300][9,560s][info ][gc] GC(35) Pause Young (Normal) (G1 Evacuation Pause) 1231M->5M(2048M) 2,836ms
[2024-08-04T17:50:11.006+0300][9,837s][info ][gc] GC(36) Pause Young (Normal) (G1 Evacuation Pause) 1231M->5M(2048M) 2,882ms
[2024-08-04T17:50:11.278+0300][10,108s][info ][gc] GC(37) Pause Young (Normal) (G1 Evacuation Pause) 1231M->5M(2048M) 2,850ms
[2024-08-04T17:50:11.546+0300][10,376s][info ][gc] GC(38) Pause Young (Normal) (G1 Evacuation Pause) 1232M->5M(2048M) 2,870ms
[2024-08-04T17:50:11.827+0300][10,657s][info ][gc] GC(39) Pause Young (Normal) (G1 Evacuation Pause) 1231M->5M(2048M) 3,074ms
[2024-08-04T17:50:12.097+0300][10,928s][info ][gc] GC(40) Pause Young (Normal) (G1 Evacuation Pause) 1232M->5M(2048M) 2,805ms
[2024-08-04T17:50:12.360+0300][11,191s][info ][gc] GC(41) Pause Young (Normal) (G1 Evacuation Pause) 1231M->5M(2048M) 2,999ms
[2024-08-04T17:50:12.635+0300][11,465s][info ][gc] GC(42) Pause Young (Normal) (G1 Evacuation Pause) 1232M->5M(2048M) 3,166ms
[2024-08-04T17:50:12.910+0300][11,740s][info ][gc] GC(43) Pause Young (Normal) (G1 Evacuation Pause) 1232M->5M(2048M) 2,809ms
[2024-08-04T17:50:13.204+0300][12,034s][info ][gc] GC(44) Pause Young (Normal) (G1 Evacuation Pause) 1232M->5M(2048M) 3,009ms
[2024-08-04T17:50:13.478+0300][12,308s][info ][gc] GC(45) Pause Young (Normal) (G1 Evacuation Pause) 1232M->5M(2048M) 2,807ms
[2024-08-04T17:50:13.776+0300][12,606s][info ][gc] GC(46) Pause Young (Normal) (G1 Evacuation Pause) 1232M->5M(2048M) 3,014ms
[2024-08-04T17:50:14.060+0300][12,890s][info ][gc] GC(47) Pause Young (Normal) (G1 Evacuation Pause) 1232M->5M(2048M) 3,075ms
[2024-08-04T17:50:14.340+0300][13,170s][info ][gc] GC(48) Pause Young (Normal) (G1 Evacuation Pause) 1232M->6M(2048M) 3,454ms
[2024-08-04T17:50:14.616+0300][13,446s][info ][gc] GC(49) Pause Young (Normal) (G1 Evacuation Pause) 1233M->6M(2048M) 2,923ms
[2024-08-04T17:50:14.911+0300][13,741s][info ][gc] GC(50) Pause Young (Normal) (G1 Evacuation Pause) 1233M->6M(2048M) 2,911ms
[2024-08-04T17:50:15.206+0300][14,036s][info ][gc] GC(51) Pause Young (Normal) (G1 Evacuation Pause) 1233M->6M(2048M) 2,648ms
[2024-08-04T17:50:15.522+0300][14,352s][info ][gc] GC(52) Pause Young (Normal) (G1 Evacuation Pause) 1233M->6M(2048M) 2,752ms
[2024-08-04T17:50:15.819+0300][14,649s][info ][gc] GC(53) Pause Young (Normal) (G1 Evacuation Pause) 1233M->6M(2048M) 2,802ms
[2024-08-04T17:50:16.124+0300][14,954s][info ][gc] GC(54) Pause Young (Normal) (G1 Evacuation Pause) 1233M->6M(2048M) 2,587ms
[2024-08-04T17:50:16.414+0300][15,244s][info ][gc] GC(55) Pause Young (Normal) (G1 Evacuation Pause) 1233M->6M(2048M) 2,656ms
[2024-08-04T17:50:16.721+0300][15,551s][info ][gc] GC(56) Pause Young (Normal) (G1 Evacuation Pause) 1233M->6M(2048M) 2,825ms
[2024-08-04T17:50:17.018+0300][15,848s][info ][gc] GC(57) Pause Young (Normal) (G1 Evacuation Pause) 1233M->6M(2048M) 2,927ms
[2024-08-04T17:50:17.318+0300][16,148s][info ][gc] GC(58) Pause Young (Normal) (G1 Evacuation Pause) 1233M->6M(2048M) 3,067ms
[2024-08-04T17:50:17.604+0300][16,434s][info ][gc] GC(59) Pause Young (Normal) (G1 Evacuation Pause) 1233M->6M(2048M) 2,778ms
[2024-08-04T17:50:17.909+0300][16,739s][info ][gc] GC(60) Pause Young (Normal) (G1 Evacuation Pause) 1233M->6M(2048M) 2,732ms
[2024-08-04T17:50:18.197+0300][17,027s][info ][gc] GC(61) Pause Young (Normal) (G1 Evacuation Pause) 1233M->6M(2048M) 2,635ms
[2024-08-04T17:50:18.493+0300][17,323s][info ][gc] GC(62) Pause Young (Normal) (G1 Evacuation Pause) 1233M->6M(2048M) 3,268ms
[2024-08-04T17:50:18.797+0300][17,627s][info ][gc] GC(63) Pause Young (Normal) (G1 Evacuation Pause) 1233M->6M(2048M) 2,845ms
[2024-08-04T17:50:19.314+0300][18,144s][info ][gc] GC(64) Pause Young (Normal) (G1 Evacuation Pause) 1233M->6M(2048M) 2,748ms
[2024-08-04T17:50:19.599+0300][18,430s][info ][gc] GC(65) Pause Young (Normal) (G1 Evacuation Pause) 1233M->6M(2048M) 3,078ms
[2024-08-04T17:50:19.852+0300][18,682s][info ][gc] GC(66) Pause Young (Normal) (G1 Evacuation Pause) 1233M->6M(2048M) 3,105ms
[2024-08-04T17:50:20.103+0300][18,933s][info ][gc] GC(67) Pause Young (Normal) (G1 Evacuation Pause) 1233M->6M(2048M) 3,157ms
[2024-08-04T17:50:20.340+0300][19,170s][info ][gc] GC(68) Pause Young (Normal) (G1 Evacuation Pause) 1233M->7M(2048M) 3,077ms
[2024-08-04T17:50:20.578+0300][19,408s][info ][gc] GC(69) Pause Young (Normal) (G1 Evacuation Pause) 1233M->7M(2048M) 2,868ms
[2024-08-04T17:50:20.814+0300][19,644s][info ][gc] GC(70) Pause Young (Normal) (G1 Evacuation Pause) 1233M->7M(2048M) 3,083ms
[2024-08-04T17:50:21.038+0300][19,868s][info ][gc] GC(71) Pause Young (Normal) (G1 Evacuation Pause) 1233M->7M(2048M) 3,102ms
[2024-08-04T17:50:21.270+0300][20,100s][info ][gc] GC(72) Pause Young (Normal) (G1 Evacuation Pause) 1233M->7M(2048M) 2,871ms
[2024-08-04T17:50:21.498+0300][20,328s][info ][gc] GC(73) Pause Young (Normal) (G1 Evacuation Pause) 1233M->7M(2048M) 3,179ms
[2024-08-04T17:50:21.721+0300][20,551s][info ][gc] GC(74) Pause Young (Normal) (G1 Evacuation Pause) 1233M->7M(2048M) 3,283ms
[2024-08-04T17:50:21.953+0300][20,784s][info ][gc] GC(75) Pause Young (Normal) (G1 Evacuation Pause) 1233M->7M(2048M) 3,310ms
[2024-08-04T17:50:22.191+0300][21,021s][info ][gc] GC(76) Pause Young (Normal) (G1 Evacuation Pause) 1233M->7M(2048M) 3,225ms
[2024-08-04T17:50:22.425+0300][21,255s][info ][gc] GC(77) Pause Young (Normal) (G1 Evacuation Pause) 1233M->7M(2048M) 3,119ms
[2024-08-04T17:50:22.660+0300][21,490s][info ][gc] GC(78) Pause Young (Normal) (G1 Evacuation Pause) 1233M->7M(2048M) 3,346ms
[2024-08-04T17:50:22.892+0300][21,722s][info ][gc] GC(79) Pause Young (Normal) (G1 Evacuation Pause) 1233M->7M(2048M) 3,285ms
[2024-08-04T17:50:23.122+0300][21,952s][info ][gc] GC(80) Pause Young (Normal) (G1 Evacuation Pause) 1233M->7M(2048M) 3,498ms
[2024-08-04T17:50:23.349+0300][22,179s][info ][gc] GC(81) Pause Young (Normal) (G1 Evacuation Pause) 1233M->7M(2048M) 3,016ms
[2024-08-04T17:50:23.579+0300][22,409s][info ][gc] GC(82) Pause Young (Normal) (G1 Evacuation Pause) 1233M->7M(2048M) 2,946ms
[2024-08-04T17:50:23.803+0300][22,633s][info ][gc] GC(83) Pause Young (Normal) (G1 Evacuation Pause) 1233M->7M(2048M) 3,175ms
[2024-08-04T17:50:24.032+0300][22,863s][info ][gc] GC(84) Pause Young (Normal) (G1 Evacuation Pause) 1234M->8M(2048M) 2,901ms
[2024-08-04T17:50:24.263+0300][23,093s][info ][gc] GC(85) Pause Young (Normal) (G1 Evacuation Pause) 1235M->8M(2048M) 2,860ms
[2024-08-04T17:50:24.500+0300][23,330s][info ][gc] GC(86) Pause Young (Normal) (G1 Evacuation Pause) 1235M->8M(2048M) 2,552ms
[2024-08-04T17:50:24.730+0300][23,560s][info ][gc] GC(87) Pause Young (Normal) (G1 Evacuation Pause) 1235M->8M(2048M) 2,754ms
[2024-08-04T17:50:24.954+0300][23,784s][info ][gc] GC(88) Pause Young (Normal) (G1 Evacuation Pause) 1235M->8M(2048M) 2,758ms
[2024-08-04T17:50:25.181+0300][24,011s][info ][gc] GC(89) Pause Young (Normal) (G1 Evacuation Pause) 1235M->8M(2048M) 2,879ms
[2024-08-04T17:50:25.403+0300][24,234s][info ][gc] GC(90) Pause Young (Normal) (G1 Evacuation Pause) 1235M->8M(2048M) 2,879ms
[2024-08-04T17:50:25.636+0300][24,466s][info ][gc] GC(91) Pause Young (Normal) (G1 Evacuation Pause) 1235M->8M(2048M) 3,141ms
[2024-08-04T17:50:25.855+0300][24,686s][info ][gc] GC(92) Pause Young (Normal) (G1 Evacuation Pause) 1235M->8M(2048M) 2,884ms
[2024-08-04T17:50:26.056+0300][24,886s][info ][gc] GC(93) Pause Young (Normal) (G1 Evacuation Pause) 1235M->8M(2048M) 2,998ms
[2024-08-04T17:50:26.280+0300][25,111s][info ][gc] GC(94) Pause Young (Normal) (G1 Evacuation Pause) 1235M->8M(2048M) 3,301ms
[2024-08-04T17:50:26.512+0300][25,342s][info ][gc] GC(95) Pause Young (Normal) (G1 Evacuation Pause) 1235M->8M(2048M) 3,416ms
[2024-08-04T17:50:26.746+0300][25,576s][info ][gc] GC(96) Pause Young (Normal) (G1 Evacuation Pause) 1235M->8M(2048M) 2,556ms
[2024-08-04T17:50:26.968+0300][25,799s][info ][gc] GC(97) Pause Young (Normal) (G1 Evacuation Pause) 1235M->8M(2048M) 2,856ms
[2024-08-04T17:50:27.190+0300][26,020s][info ][gc] GC(98) Pause Young (Normal) (G1 Evacuation Pause) 1235M->8M(2048M) 2,589ms
[2024-08-04T17:50:27.419+0300][26,250s][info ][gc] GC(99) Pause Young (Normal) (G1 Evacuation Pause) 1235M->8M(2048M) 2,829ms
[2024-08-04T17:50:27.638+0300][26,468s][info ][gc] GC(100) Pause Young (Normal) (G1 Evacuation Pause) 1235M->8M(2048M) 2,673ms
[2024-08-04T17:50:27.882+0300][26,713s][info ][gc] GC(101) Pause Young (Normal) (G1 Evacuation Pause) 1235M->8M(2048M) 3,160ms
[2024-08-04T17:50:28.120+0300][26,950s][info ][gc] GC(102) Pause Young (Normal) (G1 Evacuation Pause) 1235M->8M(2048M) 2,930ms
[2024-08-04T17:50:28.361+0300][27,191s][info ][gc] GC(103) Pause Young (Normal) (G1 Evacuation Pause) 1235M->8M(2048M) 2,955ms
[2024-08-04T17:50:28.593+0300][27,423s][info ][gc] GC(104) Pause Young (Normal) (G1 Evacuation Pause) 1235M->8M(2048M) 3,255ms
[2024-08-04T17:50:28.829+0300][27,659s][info ][gc] GC(105) Pause Young (Normal) (G1 Evacuation Pause) 1235M->8M(2048M) 2,883ms
[2024-08-04T17:50:29.071+0300][27,902s][info ][gc] GC(106) Pause Young (Normal) (G1 Evacuation Pause) 1235M->8M(2048M) 3,183ms
[2024-08-04T17:50:29.303+0300][28,133s][info ][gc] GC(107) Pause Young (Normal) (G1 Evacuation Pause) 1235M->9M(2048M) 2,422ms
[2024-08-04T17:50:29.526+0300][28,356s][info ][gc] GC(108) Pause Young (Normal) (G1 Evacuation Pause) 1236M->9M(2048M) 2,360ms
[2024-08-04T17:50:29.744+0300][28,574s][info ][gc] GC(109) Pause Young (Normal) (G1 Evacuation Pause) 1236M->9M(2048M) 2,442ms
[2024-08-04T17:50:29.987+0300][28,818s][info ][gc] GC(110) Pause Young (Normal) (G1 Evacuation Pause) 1236M->9M(2048M) 2,489ms
[2024-08-04T17:50:30.242+0300][29,072s][info ][gc] GC(111) Pause Young (Normal) (G1 Evacuation Pause) 1236M->9M(2048M) 2,681ms
[2024-08-04T17:50:30.493+0300][29,323s][info ][gc] GC(112) Pause Young (Normal) (G1 Evacuation Pause) 1236M->9M(2048M) 2,386ms
[2024-08-04T17:50:30.734+0300][29,564s][info ][gc] GC(113) Pause Young (Normal) (G1 Evacuation Pause) 1236M->9M(2048M) 2,157ms
[2024-08-04T17:50:30.985+0300][29,815s][info ][gc] GC(114) Pause Young (Normal) (G1 Evacuation Pause) 1236M->9M(2048M) 2,135ms
[2024-08-04T17:50:31.233+0300][30,063s][info ][gc] GC(115) Pause Young (Normal) (G1 Evacuation Pause) 1236M->9M(2048M) 2,165ms
[2024-08-04T17:50:31.478+0300][30,308s][info ][gc] GC(116) Pause Young (Normal) (G1 Evacuation Pause) 1236M->9M(2048M) 2,611ms
[2024-08-04T17:50:31.718+0300][30,548s][info ][gc] GC(117) Pause Young (Normal) (G1 Evacuation Pause) 1236M->9M(2048M) 2,403ms
[2024-08-04T17:50:31.971+0300][30,802s][info ][gc] GC(118) Pause Young (Normal) (G1 Evacuation Pause) 1236M->9M(2048M) 2,275ms
[2024-08-04T17:50:32.230+0300][31,060s][info ][gc] GC(119) Pause Young (Normal) (G1 Evacuation Pause) 1236M->9M(2048M) 2,417ms
[2024-08-04T17:50:32.479+0300][31,309s][info ][gc] GC(120) Pause Young (Normal) (G1 Evacuation Pause) 1236M->9M(2048M) 2,413ms
[2024-08-04T17:50:32.737+0300][31,567s][info ][gc] GC(121) Pause Young (Normal) (G1 Evacuation Pause) 1236M->9M(2048M) 2,349ms
[2024-08-04T17:50:32.991+0300][31,822s][info ][gc] GC(122) Pause Young (Normal) (G1 Evacuation Pause) 1236M->9M(2048M) 2,379ms
[2024-08-04T17:50:33.248+0300][32,079s][info ][gc] GC(123) Pause Young (Normal) (G1 Evacuation Pause) 1236M->9M(2048M) 2,259ms
[2024-08-04T17:50:33.504+0300][32,334s][info ][gc] GC(124) Pause Young (Normal) (G1 Evacuation Pause) 1236M->9M(2048M) 2,350ms
[2024-08-04T17:50:33.767+0300][32,597s][info ][gc] GC(125) Pause Young (Normal) (G1 Evacuation Pause) 1236M->9M(2048M) 2,283ms
[2024-08-04T17:50:34.177+0300][33,007s][info ][gc] GC(126) Pause Young (Normal) (G1 Evacuation Pause) 1236M->9M(2048M) 2,440ms
[2024-08-04T17:50:34.513+0300][33,343s][info ][gc] GC(127) Pause Young (Normal) (G1 Evacuation Pause) 1236M->9M(2048M) 2,626ms
[2024-08-04T17:50:34.784+0300][33,614s][info ][gc] GC(128) Pause Young (Normal) (G1 Evacuation Pause) 1236M->9M(2048M) 2,520ms
[2024-08-04T17:50:35.041+0300][33,871s][info ][gc] GC(129) Pause Young (Normal) (G1 Evacuation Pause) 1236M->10M(2048M) 2,427ms
[2024-08-04T17:50:35.276+0300][34,106s][info ][gc] GC(130) Pause Young (Normal) (G1 Evacuation Pause) 1237M->10M(2048M) 2,612ms
[2024-08-04T17:50:35.518+0300][34,348s][info ][gc] GC(131) Pause Young (Normal) (G1 Evacuation Pause) 1237M->10M(2048M) 2,583ms
[2024-08-04T17:50:35.723+0300][34,553s][info ][gc] GC(132) Pause Young (Normal) (G1 Evacuation Pause) 1237M->10M(2048M) 2,803ms
[2024-08-04T17:50:35.959+0300][34,789s][info ][gc] GC(133) Pause Young (Normal) (G1 Evacuation Pause) 1236M->10M(2048M) 3,190ms
[2024-08-04T17:50:36.188+0300][35,018s][info ][gc] GC(134) Pause Young (Normal) (G1 Evacuation Pause) 1236M->10M(2048M) 2,922ms
[2024-08-04T17:50:36.410+0300][35,240s][info ][gc] GC(135) Pause Young (Normal) (G1 Evacuation Pause) 1236M->10M(2048M) 2,963ms
[2024-08-04T17:50:36.645+0300][35,475s][info ][gc] GC(136) Pause Young (Normal) (G1 Evacuation Pause) 1236M->10M(2048M) 2,974ms
[2024-08-04T17:50:36.878+0300][35,708s][info ][gc] GC(137) Pause Young (Normal) (G1 Evacuation Pause) 1236M->10M(2048M) 2,717ms
[2024-08-04T17:50:37.104+0300][35,934s][info ][gc] GC(138) Pause Young (Normal) (G1 Evacuation Pause) 1236M->10M(2048M) 2,910ms
[2024-08-04T17:50:37.305+0300][36,135s][info ][gc] GC(139) Pause Young (Normal) (G1 Evacuation Pause) 1236M->10M(2048M) 3,324ms
[2024-08-04T17:50:37.504+0300][36,334s][info ][gc] GC(140) Pause Young (Normal) (G1 Evacuation Pause) 1236M->10M(2048M) 3,056ms
[2024-08-04T17:50:37.703+0300][36,533s][info ][gc] GC(141) Pause Young (Normal) (G1 Evacuation Pause) 1236M->10M(2048M) 3,021ms
[2024-08-04T17:50:37.902+0300][36,732s][info ][gc] GC(142) Pause Young (Normal) (G1 Evacuation Pause) 1236M->10M(2048M) 2,966ms
[2024-08-04T17:50:38.130+0300][36,960s][info ][gc] GC(143) Pause Young (Normal) (G1 Evacuation Pause) 1236M->11M(2048M) 2,902ms
[2024-08-04T17:50:38.347+0300][37,178s][info ][gc] GC(144) Pause Young (Normal) (G1 Evacuation Pause) 1237M->11M(2048M) 3,055ms
[2024-08-04T17:50:38.578+0300][37,408s][info ][gc] GC(145) Pause Young (Normal) (G1 Evacuation Pause) 1237M->11M(2048M) 3,406ms
[2024-08-04T17:50:38.791+0300][37,622s][info ][gc] GC(146) Pause Young (Normal) (G1 Evacuation Pause) 1238M->11M(2048M) 3,142ms
[2024-08-04T17:50:38.993+0300][37,823s][info ][gc] GC(147) Pause Young (Normal) (G1 Evacuation Pause) 1238M->11M(2048M) 2,975ms
[2024-08-04T17:50:39.222+0300][38,052s][info ][gc] GC(148) Pause Young (Normal) (G1 Evacuation Pause) 1238M->11M(2048M) 3,156ms
[2024-08-04T17:50:39.453+0300][38,283s][info ][gc] GC(149) Pause Young (Normal) (G1 Evacuation Pause) 1238M->11M(2048M) 2,819ms
[2024-08-04T17:50:39.687+0300][38,517s][info ][gc] GC(150) Pause Young (Normal) (G1 Evacuation Pause) 1238M->11M(2048M) 2,495ms
[2024-08-04T17:50:39.901+0300][38,731s][info ][gc] GC(151) Pause Young (Normal) (G1 Evacuation Pause) 1238M->11M(2048M) 2,604ms
[2024-08-04T17:50:40.140+0300][38,971s][info ][gc] GC(152) Pause Young (Normal) (G1 Evacuation Pause) 1238M->11M(2048M) 3,147ms
[2024-08-04T17:50:40.363+0300][39,193s][info ][gc] GC(153) Pause Young (Normal) (G1 Evacuation Pause) 1238M->11M(2048M) 2,833ms
[2024-08-04T17:50:40.573+0300][39,403s][info ][gc] GC(154) Pause Young (Normal) (G1 Evacuation Pause) 1238M->11M(2048M) 2,928ms
[2024-08-04T17:50:40.788+0300][39,618s][info ][gc] GC(155) Pause Young (Normal) (G1 Evacuation Pause) 1238M->11M(2048M) 2,921ms
[2024-08-04T17:50:41.011+0300][39,841s][info ][gc] GC(156) Pause Young (Normal) (G1 Evacuation Pause) 1238M->11M(2048M) 3,040ms
[2024-08-04T17:50:41.233+0300][40,063s][info ][gc] GC(157) Pause Young (Normal) (G1 Evacuation Pause) 1238M->11M(2048M) 3,021ms
[2024-08-04T17:50:41.465+0300][40,295s][info ][gc] GC(158) Pause Young (Normal) (G1 Evacuation Pause) 1238M->11M(2048M) 3,088ms
[2024-08-04T17:50:41.700+0300][40,530s][info ][gc] GC(159) Pause Young (Normal) (G1 Evacuation Pause) 1238M->11M(2048M) 2,840ms
[2024-08-04T17:50:41.938+0300][40,768s][info ][gc] GC(160) Pause Young (Normal) (G1 Evacuation Pause) 1238M->11M(2048M) 2,959ms
[2024-08-04T17:50:42.163+0300][40,993s][info ][gc] GC(161) Pause Young (Normal) (G1 Evacuation Pause) 1238M->11M(2048M) 2,995ms
[2024-08-04T17:50:42.403+0300][41,233s][info ][gc] GC(162) Pause Young (Normal) (G1 Evacuation Pause) 1238M->11M(2048M) 2,902ms
[2024-08-04T17:50:42.635+0300][41,465s][info ][gc] GC(163) Pause Young (Normal) (G1 Evacuation Pause) 1238M->11M(2048M) 2,851ms
[2024-08-04T17:50:42.871+0300][41,701s][info ][gc] GC(164) Pause Young (Normal) (G1 Evacuation Pause) 1238M->11M(2048M) 2,694ms
[2024-08-04T17:50:43.095+0300][41,926s][info ][gc] GC(165) Pause Young (Normal) (G1 Evacuation Pause) 1238M->12M(2048M) 2,977ms
[2024-08-04T17:50:43.309+0300][42,139s][info ][gc] GC(166) Pause Young (Normal) (G1 Evacuation Pause) 1239M->12M(2048M) 2,982ms
[2024-08-04T17:50:43.553+0300][42,383s][info ][gc] GC(167) Pause Young (Normal) (G1 Evacuation Pause) 1239M->12M(2048M) 3,122ms
[2024-08-04T17:50:43.794+0300][42,624s][info ][gc] GC(168) Pause Young (Normal) (G1 Evacuation Pause) 1239M->12M(2048M) 2,989ms
[2024-08-04T17:50:44.031+0300][42,861s][info ][gc] GC(169) Pause Young (Normal) (G1 Evacuation Pause) 1239M->12M(2048M) 2,816ms
[2024-08-04T17:50:44.253+0300][43,084s][info ][gc] GC(170) Pause Young (Normal) (G1 Evacuation Pause) 1239M->12M(2048M) 2,799ms
[2024-08-04T17:50:44.474+0300][43,304s][info ][gc] GC(171) Pause Young (Normal) (G1 Evacuation Pause) 1239M->12M(2048M) 2,857ms
[2024-08-04T17:50:44.704+0300][43,534s][info ][gc] GC(172) Pause Young (Normal) (G1 Evacuation Pause) 1239M->12M(2048M) 2,664ms
[2024-08-04T17:50:44.928+0300][43,758s][info ][gc] GC(173) Pause Young (Normal) (G1 Evacuation Pause) 1239M->12M(2048M) 2,933ms
[2024-08-04T17:50:45.168+0300][43,998s][info ][gc] GC(174) Pause Young (Normal) (G1 Evacuation Pause) 1239M->12M(2048M) 2,824ms
[2024-08-04T17:50:45.392+0300][44,222s][info ][gc] GC(175) Pause Young (Normal) (G1 Evacuation Pause) 1239M->12M(2048M) 2,741ms
[2024-08-04T17:50:45.633+0300][44,463s][info ][gc] GC(176) Pause Young (Normal) (G1 Evacuation Pause) 1239M->12M(2048M) 2,920ms
[2024-08-04T17:50:45.873+0300][44,704s][info ][gc] GC(177) Pause Young (Normal) (G1 Evacuation Pause) 1239M->12M(2048M) 2,360ms
[2024-08-04T17:50:46.118+0300][44,948s][info ][gc] GC(178) Pause Young (Normal) (G1 Evacuation Pause) 1239M->12M(2048M) 2,939ms
[2024-08-04T17:50:46.363+0300][45,193s][info ][gc] GC(179) Pause Young (Normal) (G1 Evacuation Pause) 1239M->12M(2048M) 2,726ms
[2024-08-04T17:50:46.611+0300][45,441s][info ][gc] GC(180) Pause Young (Normal) (G1 Evacuation Pause) 1239M->12M(2048M) 2,618ms
[2024-08-04T17:50:46.875+0300][45,705s][info ][gc] GC(181) Pause Young (Normal) (G1 Evacuation Pause) 1239M->12M(2048M) 2,988ms
[2024-08-04T17:50:47.141+0300][45,971s][info ][gc] GC(182) Pause Young (Normal) (G1 Evacuation Pause) 1239M->12M(2048M) 2,336ms
[2024-08-04T17:50:47.403+0300][46,233s][info ][gc] GC(183) Pause Young (Normal) (G1 Evacuation Pause) 1239M->12M(2048M) 3,026ms
[2024-08-04T17:50:47.654+0300][46,484s][info ][gc] GC(184) Pause Young (Normal) (G1 Evacuation Pause) 1239M->12M(2048M) 2,706ms
[2024-08-04T17:50:47.912+0300][46,742s][info ][gc] GC(185) Pause Young (Normal) (G1 Evacuation Pause) 1239M->12M(2048M) 2,729ms
[2024-08-04T17:50:48.174+0300][47,004s][info ][gc] GC(186) Pause Young (Normal) (G1 Evacuation Pause) 1239M->12M(2048M) 2,728ms
[2024-08-04T17:50:48.431+0300][47,262s][info ][gc] GC(187) Pause Young (Normal) (G1 Evacuation Pause) 1239M->12M(2048M) 3,017ms
[2024-08-04T17:50:48.767+0300][47,598s][info ][gc] GC(188) Pause Young (Normal) (G1 Evacuation Pause) 1239M->12M(2048M) 2,632ms
[2024-08-04T17:50:49.141+0300][47,971s][info ][gc] GC(189) Pause Young (Normal) (G1 Evacuation Pause) 1239M->12M(2048M) 2,800ms
[2024-08-04T17:50:49.419+0300][48,249s][info ][gc] GC(190) Pause Young (Normal) (G1 Evacuation Pause) 1239M->12M(2048M) 3,329ms
[2024-08-04T17:50:49.676+0300][48,506s][info ][gc] GC(191) Pause Young (Normal) (G1 Evacuation Pause) 1239M->13M(2048M) 3,072ms
[2024-08-04T17:50:49.921+0300][48,751s][info ][gc] GC(192) Pause Young (Normal) (G1 Evacuation Pause) 1240M->13M(2048M) 2,814ms
[2024-08-04T17:50:50.163+0300][48,993s][info ][gc] GC(193) Pause Young (Normal) (G1 Evacuation Pause) 1240M->13M(2048M) 3,302ms
[2024-08-04T17:50:50.399+0300][49,229s][info ][gc] GC(194) Pause Young (Normal) (G1 Evacuation Pause) 1239M->13M(2048M) 3,216ms
[2024-08-04T17:50:50.637+0300][49,467s][info ][gc] GC(195) Pause Young (Normal) (G1 Evacuation Pause) 1239M->13M(2048M) 3,043ms
[2024-08-04T17:50:50.865+0300][49,695s][info ][gc] GC(196) Pause Young (Normal) (G1 Evacuation Pause) 1239M->13M(2048M) 3,595ms
[2024-08-04T17:50:51.092+0300][49,922s][info ][gc] GC(197) Pause Young (Normal) (G1 Evacuation Pause) 1239M->13M(2048M) 3,199ms
[2024-08-04T17:50:51.321+0300][50,151s][info ][gc] GC(198) Pause Young (Normal) (G1 Evacuation Pause) 1239M->13M(2048M) 3,346ms
[2024-08-04T17:50:51.551+0300][50,381s][info ][gc] GC(199) Pause Young (Normal) (G1 Evacuation Pause) 1239M->13M(2048M) 3,338ms
[2024-08-04T17:50:51.779+0300][50,609s][info ][gc] GC(200) Pause Young (Normal) (G1 Evacuation Pause) 1239M->13M(2048M) 3,288ms
[2024-08-04T17:50:52.002+0300][50,833s][info ][gc] GC(201) Pause Young (Normal) (G1 Evacuation Pause) 1239M->13M(2048M) 3,276ms
[2024-08-04T17:50:52.227+0300][51,057s][info ][gc] GC(202) Pause Young (Normal) (G1 Evacuation Pause) 1239M->13M(2048M) 3,428ms
[2024-08-04T17:50:52.455+0300][51,285s][info ][gc] GC(203) Pause Young (Normal) (G1 Evacuation Pause) 1239M->14M(2048M) 3,472ms
[2024-08-04T17:50:52.682+0300][51,512s][info ][gc] GC(204) Pause Young (Normal) (G1 Evacuation Pause) 1240M->14M(2048M) 3,277ms
[2024-08-04T17:50:52.916+0300][51,747s][info ][gc] GC(205) Pause Young (Normal) (G1 Evacuation Pause) 1240M->14M(2048M) 3,321ms
[2024-08-04T17:50:53.132+0300][51,962s][info ][gc] GC(206) Pause Young (Normal) (G1 Evacuation Pause) 1240M->14M(2048M) 3,323ms
[2024-08-04T17:50:53.358+0300][52,188s][info ][gc] GC(207) Pause Young (Normal) (G1 Evacuation Pause) 1240M->14M(2048M) 3,246ms
[2024-08-04T17:50:53.579+0300][52,409s][info ][gc] GC(208) Pause Young (Normal) (G1 Evacuation Pause) 1241M->14M(2048M) 3,330ms
[2024-08-04T17:50:53.805+0300][52,635s][info ][gc] GC(209) Pause Young (Normal) (G1 Evacuation Pause) 1241M->14M(2048M) 3,053ms
[2024-08-04T17:50:54.030+0300][52,860s][info ][gc] GC(210) Pause Young (Normal) (G1 Evacuation Pause) 1241M->14M(2048M) 3,117ms
[2024-08-04T17:50:54.257+0300][53,087s][info ][gc] GC(211) Pause Young (Normal) (G1 Evacuation Pause) 1241M->14M(2048M) 3,309ms
[2024-08-04T17:50:54.488+0300][53,318s][info ][gc] GC(212) Pause Young (Normal) (G1 Evacuation Pause) 1241M->14M(2048M) 3,022ms
[2024-08-04T17:50:54.716+0300][53,546s][info ][gc] GC(213) Pause Young (Normal) (G1 Evacuation Pause) 1241M->14M(2048M) 3,258ms
[2024-08-04T17:50:54.934+0300][53,764s][info ][gc] GC(214) Pause Young (Normal) (G1 Evacuation Pause) 1241M->14M(2048M) 3,006ms
[2024-08-04T17:50:55.165+0300][53,995s][info ][gc] GC(215) Pause Young (Normal) (G1 Evacuation Pause) 1241M->14M(2048M) 2,577ms
[2024-08-04T17:50:55.391+0300][54,221s][info ][gc] GC(216) Pause Young (Normal) (G1 Evacuation Pause) 1241M->14M(2048M) 2,653ms
[2024-08-04T17:50:55.616+0300][54,446s][info ][gc] GC(217) Pause Young (Normal) (G1 Evacuation Pause) 1241M->14M(2048M) 2,667ms
[2024-08-04T17:50:55.862+0300][54,692s][info ][gc] GC(218) Pause Young (Normal) (G1 Evacuation Pause) 1241M->14M(2048M) 2,908ms
[2024-08-04T17:50:56.100+0300][54,931s][info ][gc] GC(219) Pause Young (Normal) (G1 Evacuation Pause) 1241M->14M(2048M) 2,642ms
[2024-08-04T17:50:56.341+0300][55,171s][info ][gc] GC(220) Pause Young (Normal) (G1 Evacuation Pause) 1241M->14M(2048M) 2,929ms
[2024-08-04T17:50:56.564+0300][55,394s][info ][gc] GC(221) Pause Young (Normal) (G1 Evacuation Pause) 1241M->14M(2048M) 2,799ms
[2024-08-04T17:50:56.796+0300][55,626s][info ][gc] GC(222) Pause Young (Normal) (G1 Evacuation Pause) 1241M->14M(2048M) 2,867ms
[2024-08-04T17:50:57.027+0300][55,857s][info ][gc] GC(223) Pause Young (Normal) (G1 Evacuation Pause) 1241M->14M(2048M) 3,144ms
[2024-08-04T17:50:57.240+0300][56,070s][info ][gc] GC(224) Pause Young (Normal) (G1 Evacuation Pause) 1241M->14M(2048M) 2,738ms
[2024-08-04T17:50:57.462+0300][56,292s][info ][gc] GC(225) Pause Young (Normal) (G1 Evacuation Pause) 1241M->14M(2048M) 2,569ms
[2024-08-04T17:50:57.675+0300][56,505s][info ][gc] GC(226) Pause Young (Normal) (G1 Evacuation Pause) 1241M->15M(2048M) 2,663ms
[2024-08-04T17:50:57.884+0300][56,715s][info ][gc] GC(227) Pause Young (Normal) (G1 Evacuation Pause) 1242M->15M(2048M) 2,724ms
[2024-08-04T17:50:58.099+0300][56,929s][info ][gc] GC(228) Pause Young (Normal) (G1 Evacuation Pause) 1242M->15M(2048M) 2,849ms
[2024-08-04T17:50:58.305+0300][57,135s][info ][gc] GC(229) Pause Young (Normal) (G1 Evacuation Pause) 1242M->15M(2048M) 2,794ms
[2024-08-04T17:50:58.533+0300][57,363s][info ][gc] GC(230) Pause Young (Normal) (G1 Evacuation Pause) 1242M->15M(2048M) 2,949ms
[2024-08-04T17:50:58.766+0300][57,596s][info ][gc] GC(231) Pause Young (Normal) (G1 Evacuation Pause) 1242M->15M(2048M) 2,361ms
[2024-08-04T17:50:58.990+0300][57,820s][info ][gc] GC(232) Pause Young (Normal) (G1 Evacuation Pause) 1242M->15M(2048M) 2,477ms
[2024-08-04T17:50:59.225+0300][58,055s][info ][gc] GC(233) Pause Young (Normal) (G1 Evacuation Pause) 1242M->15M(2048M) 2,603ms
[2024-08-04T17:50:59.459+0300][58,289s][info ][gc] GC(234) Pause Young (Normal) (G1 Evacuation Pause) 1242M->15M(2048M) 3,011ms
[2024-08-04T17:50:59.693+0300][58,523s][info ][gc] GC(235) Pause Young (Normal) (G1 Evacuation Pause) 1242M->15M(2048M) 2,757ms
[2024-08-04T17:50:59.941+0300][58,771s][info ][gc] GC(236) Pause Young (Normal) (G1 Evacuation Pause) 1242M->15M(2048M) 2,632ms
[2024-08-04T17:51:00.181+0300][59,011s][info ][gc] GC(237) Pause Young (Normal) (G1 Evacuation Pause) 1242M->15M(2048M) 2,567ms
[2024-08-04T17:51:00.425+0300][59,255s][info ][gc] GC(238) Pause Young (Normal) (G1 Evacuation Pause) 1242M->15M(2048M) 2,713ms
[2024-08-04T17:51:00.670+0300][59,500s][info ][gc] GC(239) Pause Young (Normal) (G1 Evacuation Pause) 1242M->15M(2048M) 2,566ms
[2024-08-04T17:51:00.944+0300][59,775s][info ][gc] GC(240) Pause Young (Normal) (G1 Evacuation Pause) 1242M->15M(2048M) 2,518ms
[2024-08-04T17:51:01.218+0300][60,049s][info ][gc] GC(241) Pause Young (Normal) (G1 Evacuation Pause) 1242M->15M(2048M) 2,716ms
[2024-08-04T17:51:01.536+0300][60,366s][info ][gc] GC(242) Pause Young (Normal) (G1 Evacuation Pause) 1242M->15M(2048M) 2,570ms
[2024-08-04T17:51:01.846+0300][60,676s][info ][gc] GC(243) Pause Young (Normal) (G1 Evacuation Pause) 1242M->15M(2048M) 2,669ms
[2024-08-04T17:51:02.081+0300][60,911s][info ][gc] GC(244) Pause Young (Normal) (G1 Evacuation Pause) 1242M->15M(2048M) 3,292ms
[2024-08-04T17:51:02.334+0300][61,164s][info ][gc] GC(245) Pause Young (Normal) (G1 Evacuation Pause) 1242M->15M(2048M) 3,011ms
[2024-08-04T17:51:02.578+0300][61,409s][info ][gc] GC(246) Pause Young (Normal) (G1 Evacuation Pause) 1242M->15M(2048M) 3,076ms
[2024-08-04T17:51:02.821+0300][61,651s][info ][gc] GC(247) Pause Young (Normal) (G1 Evacuation Pause) 1242M->15M(2048M) 2,556ms
[2024-08-04T17:51:03.066+0300][61,896s][info ][gc] GC(248) Pause Young (Normal) (G1 Evacuation Pause) 1242M->15M(2048M) 2,956ms
[2024-08-04T17:51:03.311+0300][62,141s][info ][gc] GC(249) Pause Young (Normal) (G1 Evacuation Pause) 1242M->15M(2048M) 2,939ms
[2024-08-04T17:51:03.563+0300][62,393s][info ][gc] GC(250) Pause Young (Normal) (G1 Evacuation Pause) 1242M->15M(2048M) 2,925ms
[2024-08-04T17:51:04.085+0300][62,916s][info ][gc] GC(251) Pause Young (Normal) (G1 Evacuation Pause) 1242M->15M(2048M) 3,726ms
[2024-08-04T17:51:04.353+0300][63,184s][info ][gc] GC(252) Pause Young (Normal) (G1 Evacuation Pause) 1242M->16M(2048M) 3,329ms
[2024-08-04T17:51:04.600+0300][63,430s][info ][gc] GC(253) Pause Young (Normal) (G1 Evacuation Pause) 1243M->16M(2048M) 3,476ms
[2024-08-04T17:51:04.830+0300][63,660s][info ][gc] GC(254) Pause Young (Normal) (G1 Evacuation Pause) 1243M->16M(2048M) 3,185ms
[2024-08-04T17:51:05.059+0300][63,889s][info ][gc] GC(255) Pause Young (Normal) (G1 Evacuation Pause) 1243M->16M(2048M) 3,189ms
[2024-08-04T17:51:05.276+0300][64,106s][info ][gc] GC(256) Pause Young (Normal) (G1 Evacuation Pause) 1243M->16M(2048M) 3,358ms
[2024-08-04T17:51:05.494+0300][64,324s][info ][gc] GC(257) Pause Young (Normal) (G1 Evacuation Pause) 1242M->16M(2048M) 3,167ms
[2024-08-04T17:51:05.718+0300][64,548s][info ][gc] GC(258) Pause Young (Normal) (G1 Evacuation Pause) 1242M->16M(2048M) 3,208ms
[2024-08-04T17:51:05.948+0300][64,778s][info ][gc] GC(259) Pause Young (Normal) (G1 Evacuation Pause) 1242M->16M(2048M) 3,160ms
[2024-08-04T17:51:06.161+0300][64,992s][info ][gc] GC(260) Pause Young (Normal) (G1 Evacuation Pause) 1242M->16M(2048M) 3,392ms
[2024-08-04T17:51:06.383+0300][65,213s][info ][gc] GC(261) Pause Young (Normal) (G1 Evacuation Pause) 1242M->16M(2048M) 3,597ms
[2024-08-04T17:51:06.608+0300][65,438s][info ][gc] GC(262) Pause Young (Normal) (G1 Evacuation Pause) 1242M->16M(2048M) 3,425ms
[2024-08-04T17:51:06.829+0300][65,659s][info ][gc] GC(263) Pause Young (Normal) (G1 Evacuation Pause) 1242M->16M(2048M) 3,554ms
[2024-08-04T17:51:07.055+0300][65,885s][info ][gc] GC(264) Pause Young (Normal) (G1 Evacuation Pause) 1242M->17M(2048M) 3,222ms
[2024-08-04T17:51:07.255+0300][66,085s][info ][gc] GC(265) Pause Young (Normal) (G1 Evacuation Pause) 1243M->17M(2048M) 3,383ms
[2024-08-04T17:51:07.466+0300][66,296s][info ][gc] GC(266) Pause Young (Normal) (G1 Evacuation Pause) 1243M->17M(2048M) 3,468ms
[2024-08-04T17:51:07.665+0300][66,496s][info ][gc] GC(267) Pause Young (Normal) (G1 Evacuation Pause) 1243M->17M(2048M) 3,526ms
[2024-08-04T17:51:07.872+0300][66,702s][info ][gc] GC(268) Pause Young (Normal) (G1 Evacuation Pause) 1243M->17M(2048M) 3,335ms
[2024-08-04T17:51:08.081+0300][66,911s][info ][gc] GC(269) Pause Young (Normal) (G1 Evacuation Pause) 1243M->17M(2048M) 3,022ms
[2024-08-04T17:51:08.304+0300][67,134s][info ][gc] GC(270) Pause Young (Normal) (G1 Evacuation Pause) 1243M->17M(2048M) 3,270ms
[2024-08-04T17:51:08.523+0300][67,354s][info ][gc] GC(271) Pause Young (Normal) (G1 Evacuation Pause) 1244M->17M(2048M) 3,088ms
[2024-08-04T17:51:08.745+0300][67,575s][info ][gc] GC(272) Pause Young (Normal) (G1 Evacuation Pause) 1244M->17M(2048M) 3,088ms
[2024-08-04T17:51:08.965+0300][67,795s][info ][gc] GC(273) Pause Young (Normal) (G1 Evacuation Pause) 1244M->17M(2048M) 3,257ms
[2024-08-04T17:51:09.173+0300][68,003s][info ][gc] GC(274) Pause Young (Normal) (G1 Evacuation Pause) 1244M->17M(2048M) 3,141ms
[2024-08-04T17:51:09.408+0300][68,238s][info ][gc] GC(275) Pause Young (Normal) (G1 Evacuation Pause) 1244M->17M(2048M) 3,248ms
[2024-08-04T17:51:09.644+0300][68,474s][info ][gc] GC(276) Pause Young (Normal) (G1 Evacuation Pause) 1244M->17M(2048M) 3,003ms
[2024-08-04T17:51:09.868+0300][68,698s][info ][gc] GC(277) Pause Young (Normal) (G1 Evacuation Pause) 1244M->17M(2048M) 2,910ms
[2024-08-04T17:51:10.112+0300][68,942s][info ][gc] GC(278) Pause Young (Normal) (G1 Evacuation Pause) 1244M->17M(2048M) 2,764ms
[2024-08-04T17:51:10.343+0300][69,173s][info ][gc] GC(279) Pause Young (Normal) (G1 Evacuation Pause) 1244M->17M(2048M) 2,979ms
[2024-08-04T17:51:10.626+0300][69,456s][info ][gc] GC(280) Pause Young (Normal) (G1 Evacuation Pause) 1244M->17M(2048M) 2,904ms
[2024-08-04T17:51:10.910+0300][69,740s][info ][gc] GC(281) Pause Young (Normal) (G1 Evacuation Pause) 1244M->17M(2048M) 2,710ms
[2024-08-04T17:51:11.178+0300][70,008s][info ][gc] GC(282) Pause Young (Normal) (G1 Evacuation Pause) 1244M->17M(2048M) 2,684ms
[2024-08-04T17:51:11.420+0300][70,250s][info ][gc] GC(283) Pause Young (Normal) (G1 Evacuation Pause) 1244M->17M(2048M) 2,962ms
[2024-08-04T17:51:11.687+0300][70,517s][info ][gc] GC(284) Pause Young (Normal) (G1 Evacuation Pause) 1244M->18M(2048M) 2,409ms
[2024-08-04T17:51:11.917+0300][70,747s][info ][gc] GC(285) Pause Young (Normal) (G1 Evacuation Pause) 1245M->18M(2048M) 2,556ms
[2024-08-04T17:51:12.135+0300][70,965s][info ][gc] GC(286) Pause Young (Normal) (G1 Evacuation Pause) 1245M->18M(2048M) 2,450ms
[2024-08-04T17:51:12.376+0300][71,206s][info ][gc] GC(287) Pause Young (Normal) (G1 Evacuation Pause) 1245M->18M(2048M) 2,812ms
[2024-08-04T17:51:12.603+0300][71,433s][info ][gc] GC(288) Pause Young (Normal) (G1 Evacuation Pause) 1245M->18M(2048M) 2,613ms
[2024-08-04T17:51:12.858+0300][71,688s][info ][gc] GC(289) Pause Young (Normal) (G1 Evacuation Pause) 1245M->18M(2048M) 2,551ms
[2024-08-04T17:51:13.113+0300][71,944s][info ][gc] GC(290) Pause Young (Normal) (G1 Evacuation Pause) 1245M->18M(2048M) 2,426ms
[2024-08-04T17:51:13.355+0300][72,185s][info ][gc] GC(291) Pause Young (Normal) (G1 Evacuation Pause) 1245M->18M(2048M) 2,442ms
[2024-08-04T17:51:13.618+0300][72,448s][info ][gc] GC(292) Pause Young (Normal) (G1 Evacuation Pause) 1245M->18M(2048M) 2,340ms
[2024-08-04T17:51:13.902+0300][72,732s][info ][gc] GC(293) Pause Young (Normal) (G1 Evacuation Pause) 1245M->18M(2048M) 1,984ms
[2024-08-04T17:51:14.189+0300][73,019s][info ][gc] GC(294) Pause Young (Normal) (G1 Evacuation Pause) 1245M->18M(2048M) 2,294ms
[2024-08-04T17:51:14.469+0300][73,299s][info ][gc] GC(295) Pause Young (Normal) (G1 Evacuation Pause) 1245M->18M(2048M) 2,391ms
[2024-08-04T17:51:14.766+0300][73,596s][info ][gc] GC(296) Pause Young (Normal) (G1 Evacuation Pause) 1245M->18M(2048M) 2,513ms
[2024-08-04T17:51:15.048+0300][73,878s][info ][gc] GC(297) Pause Young (Normal) (G1 Evacuation Pause) 1245M->18M(2048M) 2,404ms
[2024-08-04T17:51:15.282+0300][74,112s][info ][gc] GC(298) Pause Young (Normal) (G1 Evacuation Pause) 1245M->18M(2048M) 2,644ms
[2024-08-04T17:51:15.617+0300][74,447s][info ][gc] GC(299) Pause Young (Normal) (G1 Evacuation Pause) 1245M->18M(2048M) 2,720ms
[2024-08-04T17:51:15.917+0300][74,747s][info ][gc] GC(300) Pause Young (Normal) (G1 Evacuation Pause) 1245M->18M(2048M) 2,313ms
[2024-08-04T17:51:16.178+0300][75,008s][info ][gc] GC(301) Pause Young (Normal) (G1 Evacuation Pause) 1245M->18M(2048M) 2,471ms
[2024-08-04T17:51:16.424+0300][75,254s][info ][gc] GC(302) Pause Young (Normal) (G1 Evacuation Pause) 1245M->18M(2048M) 2,491ms
[2024-08-04T17:51:16.683+0300][75,513s][info ][gc] GC(303) Pause Young (Normal) (G1 Evacuation Pause) 1245M->18M(2048M) 2,381ms
[2024-08-04T17:51:16.999+0300][75,829s][info ][gc] GC(304) Pause Young (Normal) (G1 Evacuation Pause) 1245M->18M(2048M) 2,067ms
[2024-08-04T17:51:17.304+0300][76,134s][info ][gc] GC(305) Pause Young (Normal) (G1 Evacuation Pause) 1245M->18M(2048M) 2,548ms
[2024-08-04T17:51:17.571+0300][76,401s][info ][gc] GC(306) Pause Young (Normal) (G1 Evacuation Pause) 1245M->18M(2048M) 2,506ms
[2024-08-04T17:51:17.862+0300][76,692s][info ][gc] GC(307) Pause Young (Normal) (G1 Evacuation Pause) 1245M->18M(2048M) 2,536ms
[2024-08-04T17:51:18.155+0300][76,985s][info ][gc] GC(308) Pause Young (Normal) (G1 Evacuation Pause) 1245M->18M(2048M) 2,230ms
[2024-08-04T17:51:18.448+0300][77,279s][info ][gc] GC(309) Pause Young (Normal) (G1 Evacuation Pause) 1245M->18M(2048M) 2,162ms
[2024-08-04T17:51:18.697+0300][77,527s][info ][gc] GC(310) Pause Young (Normal) (G1 Evacuation Pause) 1245M->19M(2048M) 2,555ms
[2024-08-04T17:51:18.937+0300][77,767s][info ][gc] GC(311) Pause Young (Normal) (G1 Evacuation Pause) 1246M->19M(2048M) 3,004ms
[2024-08-04T17:51:19.188+0300][78,018s][info ][gc] GC(312) Pause Young (Normal) (G1 Evacuation Pause) 1246M->19M(2048M) 2,572ms
[2024-08-04T17:51:19.607+0300][78,437s][info ][gc] GC(313) Pause Young (Normal) (G1 Evacuation Pause) 1246M->19M(2048M) 2,880ms
[2024-08-04T17:51:19.916+0300][78,746s][info ][gc] GC(314) Pause Young (Normal) (G1 Evacuation Pause) 1246M->19M(2048M) 2,252ms
[2024-08-04T17:51:20.176+0300][79,006s][info ][gc] GC(315) Pause Young (Normal) (G1 Evacuation Pause) 1246M->19M(2048M) 2,600ms
[2024-08-04T17:51:20.396+0300][79,226s][info ][gc] GC(316) Pause Young (Normal) (G1 Evacuation Pause) 1246M->19M(2048M) 2,660ms
[2024-08-04T17:51:20.650+0300][79,481s][info ][gc] GC(317) Pause Young (Normal) (G1 Evacuation Pause) 1246M->19M(2048M) 2,752ms
[2024-08-04T17:51:20.875+0300][79,705s][info ][gc] GC(318) Pause Young (Normal) (G1 Evacuation Pause) 1246M->19M(2048M) 2,284ms
[2024-08-04T17:51:21.120+0300][79,950s][info ][gc] GC(319) Pause Young (Normal) (G1 Evacuation Pause) 1246M->19M(2048M) 2,841ms
[2024-08-04T17:51:21.363+0300][80,193s][info ][gc] GC(320) Pause Young (Normal) (G1 Evacuation Pause) 1245M->19M(2048M) 2,833ms
[2024-08-04T17:51:21.587+0300][80,417s][info ][gc] GC(321) Pause Young (Normal) (G1 Evacuation Pause) 1245M->19M(2048M) 3,025ms
[2024-08-04T17:51:21.828+0300][80,658s][info ][gc] GC(322) Pause Young (Normal) (G1 Evacuation Pause) 1245M->19M(2048M) 2,939ms
[2024-08-04T17:51:22.064+0300][80,894s][info ][gc] GC(323) Pause Young (Normal) (G1 Evacuation Pause) 1245M->20M(2048M) 2,880ms
[2024-08-04T17:51:22.288+0300][81,118s][info ][gc] GC(324) Pause Young (Normal) (G1 Evacuation Pause) 1246M->20M(2048M) 3,215ms
[2024-08-04T17:51:22.520+0300][81,350s][info ][gc] GC(325) Pause Young (Normal) (G1 Evacuation Pause) 1246M->20M(2048M) 3,286ms
[2024-08-04T17:51:22.733+0300][81,563s][info ][gc] GC(326) Pause Young (Normal) (G1 Evacuation Pause) 1246M->20M(2048M) 2,999ms
[2024-08-04T17:51:22.969+0300][81,799s][info ][gc] GC(327) Pause Young (Normal) (G1 Evacuation Pause) 1246M->20M(2048M) 2,649ms
[2024-08-04T17:51:23.197+0300][82,027s][info ][gc] GC(328) Pause Young (Normal) (G1 Evacuation Pause) 1246M->20M(2048M) 3,457ms
[2024-08-04T17:51:23.425+0300][82,255s][info ][gc] GC(329) Pause Young (Normal) (G1 Evacuation Pause) 1246M->20M(2048M) 3,246ms
[2024-08-04T17:51:23.653+0300][82,483s][info ][gc] GC(330) Pause Young (Normal) (G1 Evacuation Pause) 1246M->20M(2048M) 3,223ms
[2024-08-04T17:51:23.889+0300][82,719s][info ][gc] GC(331) Pause Young (Normal) (G1 Evacuation Pause) 1246M->20M(2048M) 2,726ms
[2024-08-04T17:51:24.114+0300][82,944s][info ][gc] GC(332) Pause Young (Normal) (G1 Evacuation Pause) 1246M->20M(2048M) 2,953ms
[2024-08-04T17:51:24.344+0300][83,174s][info ][gc] GC(333) Pause Young (Normal) (G1 Evacuation Pause) 1247M->20M(2048M) 2,789ms
[2024-08-04T17:51:24.570+0300][83,400s][info ][gc] GC(334) Pause Young (Normal) (G1 Evacuation Pause) 1247M->20M(2048M) 2,827ms
[2024-08-04T17:51:24.809+0300][83,639s][info ][gc] GC(335) Pause Young (Normal) (G1 Evacuation Pause) 1247M->20M(2048M) 2,524ms
[2024-08-04T17:51:25.018+0300][83,848s][info ][gc] GC(336) Pause Young (Normal) (G1 Evacuation Pause) 1247M->20M(2048M) 2,699ms
[2024-08-04T17:51:25.252+0300][84,083s][info ][gc] GC(337) Pause Young (Normal) (G1 Evacuation Pause) 1247M->20M(2048M) 3,097ms
[2024-08-04T17:51:25.464+0300][84,294s][info ][gc] GC(338) Pause Young (Normal) (G1 Evacuation Pause) 1247M->20M(2048M) 2,969ms
[2024-08-04T17:51:25.712+0300][84,542s][info ][gc] GC(339) Pause Young (Normal) (G1 Evacuation Pause) 1247M->20M(2048M) 2,685ms
[2024-08-04T17:51:25.936+0300][84,766s][info ][gc] GC(340) Pause Young (Normal) (G1 Evacuation Pause) 1247M->20M(2048M) 3,027ms
[2024-08-04T17:51:26.168+0300][84,998s][info ][gc] GC(341) Pause Young (Normal) (G1 Evacuation Pause) 1247M->20M(2048M) 2,964ms
[2024-08-04T17:51:26.396+0300][85,226s][info ][gc] GC(342) Pause Young (Normal) (G1 Evacuation Pause) 1247M->21M(2048M) 3,187ms
[2024-08-04T17:51:26.620+0300][85,450s][info ][gc] GC(343) Pause Young (Normal) (G1 Evacuation Pause) 1248M->21M(2048M) 2,736ms
[2024-08-04T17:51:26.830+0300][85,660s][info ][gc] GC(344) Pause Young (Normal) (G1 Evacuation Pause) 1248M->21M(2048M) 2,768ms
[2024-08-04T17:51:27.045+0300][85,875s][info ][gc] GC(345) Pause Young (Normal) (G1 Evacuation Pause) 1248M->21M(2048M) 2,856ms
[2024-08-04T17:51:27.274+0300][86,104s][info ][gc] GC(346) Pause Young (Normal) (G1 Evacuation Pause) 1248M->21M(2048M) 2,740ms
[2024-08-04T17:51:27.517+0300][86,347s][info ][gc] GC(347) Pause Young (Normal) (G1 Evacuation Pause) 1248M->21M(2048M) 2,633ms
[2024-08-04T17:51:27.755+0300][86,585s][info ][gc] GC(348) Pause Young (Normal) (G1 Evacuation Pause) 1248M->21M(2048M) 2,949ms
[2024-08-04T17:51:27.991+0300][86,821s][info ][gc] GC(349) Pause Young (Normal) (G1 Evacuation Pause) 1248M->21M(2048M) 2,588ms
[2024-08-04T17:51:28.217+0300][87,047s][info ][gc] GC(350) Pause Young (Normal) (G1 Evacuation Pause) 1248M->21M(2048M) 3,093ms
[2024-08-04T17:51:28.461+0300][87,291s][info ][gc] GC(351) Pause Young (Normal) (G1 Evacuation Pause) 1248M->21M(2048M) 3,028ms
[2024-08-04T17:51:28.699+0300][87,530s][info ][gc] GC(352) Pause Young (Normal) (G1 Evacuation Pause) 1248M->21M(2048M) 3,074ms
[2024-08-04T17:51:28.940+0300][87,770s][info ][gc] GC(353) Pause Young (Normal) (G1 Evacuation Pause) 1248M->21M(2048M) 2,531ms
[2024-08-04T17:51:29.188+0300][88,018s][info ][gc] GC(354) Pause Young (Normal) (G1 Evacuation Pause) 1248M->21M(2048M) 2,800ms
[2024-08-04T17:51:29.426+0300][88,256s][info ][gc] GC(355) Pause Young (Normal) (G1 Evacuation Pause) 1248M->21M(2048M) 2,672ms
[2024-08-04T17:51:29.651+0300][88,481s][info ][gc] GC(356) Pause Young (Normal) (G1 Evacuation Pause) 1248M->21M(2048M) 2,715ms
[2024-08-04T17:51:29.865+0300][88,695s][info ][gc] GC(357) Pause Young (Normal) (G1 Evacuation Pause) 1248M->21M(2048M) 2,910ms
[2024-08-04T17:51:30.105+0300][88,935s][info ][gc] GC(358) Pause Young (Normal) (G1 Evacuation Pause) 1248M->21M(2048M) 2,764ms
[2024-08-04T17:51:30.359+0300][89,189s][info ][gc] GC(359) Pause Young (Normal) (G1 Evacuation Pause) 1248M->21M(2048M) 2,396ms
[2024-08-04T17:51:30.611+0300][89,441s][info ][gc] GC(360) Pause Young (Normal) (G1 Evacuation Pause) 1248M->21M(2048M) 2,461ms
[2024-08-04T17:51:30.856+0300][89,687s][info ][gc] GC(361) Pause Young (Normal) (G1 Evacuation Pause) 1248M->21M(2048M) 3,059ms
[2024-08-04T17:51:31.092+0300][89,922s][info ][gc] GC(362) Pause Young (Normal) (G1 Evacuation Pause) 1248M->21M(2048M) 2,989ms
[2024-08-04T17:51:31.336+0300][90,167s][info ][gc] GC(363) Pause Young (Normal) (G1 Evacuation Pause) 1248M->21M(2048M) 2,950ms
[2024-08-04T17:51:31.566+0300][90,396s][info ][gc] GC(364) Pause Young (Normal) (G1 Evacuation Pause) 1248M->21M(2048M) 2,930ms
[2024-08-04T17:51:31.817+0300][90,647s][info ][gc] GC(365) Pause Young (Normal) (G1 Evacuation Pause) 1248M->21M(2048M) 2,813ms
[2024-08-04T17:51:32.066+0300][90,896s][info ][gc] GC(366) Pause Young (Normal) (G1 Evacuation Pause) 1248M->21M(2048M) 2,786ms
[2024-08-04T17:51:32.308+0300][91,138s][info ][gc] GC(367) Pause Young (Normal) (G1 Evacuation Pause) 1248M->21M(2048M) 2,766ms
[2024-08-04T17:51:32.557+0300][91,387s][info ][gc] GC(368) Pause Young (Normal) (G1 Evacuation Pause) 1248M->22M(2048M) 2,589ms
[2024-08-04T17:51:32.791+0300][91,622s][info ][gc] GC(369) Pause Young (Normal) (G1 Evacuation Pause) 1249M->22M(2048M) 2,892ms
[2024-08-04T17:51:33.024+0300][91,854s][info ][gc] GC(370) Pause Young (Normal) (G1 Evacuation Pause) 1249M->22M(2048M) 2,552ms
[2024-08-04T17:51:33.254+0300][92,084s][info ][gc] GC(371) Pause Young (Normal) (G1 Evacuation Pause) 1249M->22M(2048M) 2,597ms
[2024-08-04T17:51:33.503+0300][92,333s][info ][gc] GC(372) Pause Young (Normal) (G1 Evacuation Pause) 1249M->22M(2048M) 2,674ms
[2024-08-04T17:51:33.765+0300][92,595s][info ][gc] GC(373) Pause Young (Normal) (G1 Evacuation Pause) 1249M->22M(2048M) 2,867ms
[2024-08-04T17:51:34.031+0300][92,861s][info ][gc] GC(374) Pause Young (Normal) (G1 Evacuation Pause) 1249M->22M(2048M) 2,239ms
[2024-08-04T17:51:34.397+0300][93,228s][info ][gc] GC(375) Pause Young (Normal) (G1 Evacuation Pause) 1249M->22M(2048M) 2,450ms
[2024-08-04T17:51:34.741+0300][93,571s][info ][gc] GC(376) Pause Young (Normal) (G1 Evacuation Pause) 1249M->22M(2048M) 3,006ms
[2024-08-04T17:51:34.990+0300][93,820s][info ][gc] GC(377) Pause Young (Normal) (G1 Evacuation Pause) 1249M->22M(2048M) 2,895ms
[2024-08-04T17:51:35.239+0300][94,069s][info ][gc] GC(378) Pause Young (Normal) (G1 Evacuation Pause) 1249M->22M(2048M) 2,950ms
[2024-08-04T17:51:35.485+0300][94,315s][info ][gc] GC(379) Pause Young (Normal) (G1 Evacuation Pause) 1249M->22M(2048M) 2,415ms
[2024-08-04T17:51:35.731+0300][94,561s][info ][gc] GC(380) Pause Young (Normal) (G1 Evacuation Pause) 1249M->22M(2048M) 3,192ms
[2024-08-04T17:51:35.971+0300][94,801s][info ][gc] GC(381) Pause Young (Normal) (G1 Evacuation Pause) 1248M->22M(2048M) 3,147ms
[2024-08-04T17:51:36.211+0300][95,041s][info ][gc] GC(382) Pause Young (Normal) (G1 Evacuation Pause) 1248M->22M(2048M) 2,505ms
[2024-08-04T17:51:36.445+0300][95,276s][info ][gc] GC(383) Pause Young (Normal) (G1 Evacuation Pause) 1248M->23M(2048M) 2,584ms
[2024-08-04T17:51:36.675+0300][95,505s][info ][gc] GC(384) Pause Young (Normal) (G1 Evacuation Pause) 1249M->22M(2048M) 3,208ms
[2024-08-04T17:51:36.908+0300][95,739s][info ][gc] GC(385) Pause Young (Normal) (G1 Evacuation Pause) 1248M->23M(2048M) 3,017ms
[2024-08-04T17:51:37.140+0300][95,970s][info ][gc] GC(386) Pause Young (Normal) (G1 Evacuation Pause) 1249M->23M(2048M) 3,684ms
[2024-08-04T17:51:37.365+0300][96,195s][info ][gc] GC(387) Pause Young (Normal) (G1 Evacuation Pause) 1249M->23M(2048M) 3,295ms
[2024-08-04T17:51:37.598+0300][96,428s][info ][gc] GC(388) Pause Young (Normal) (G1 Evacuation Pause) 1249M->23M(2048M) 3,372ms
[2024-08-04T17:51:37.827+0300][96,657s][info ][gc] GC(389) Pause Young (Normal) (G1 Evacuation Pause) 1249M->23M(2048M) 2,890ms
[2024-08-04T17:51:38.054+0300][96,884s][info ][gc] GC(390) Pause Young (Normal) (G1 Evacuation Pause) 1249M->23M(2048M) 3,426ms
[2024-08-04T17:51:38.273+0300][97,104s][info ][gc] GC(391) Pause Young (Normal) (G1 Evacuation Pause) 1249M->23M(2048M) 3,092ms
[2024-08-04T17:51:38.486+0300][97,316s][info ][gc] GC(392) Pause Young (Normal) (G1 Evacuation Pause) 1249M->23M(2048M) 2,807ms
[2024-08-04T17:51:38.721+0300][97,551s][info ][gc] GC(393) Pause Young (Normal) (G1 Evacuation Pause) 1249M->23M(2048M) 3,007ms
[2024-08-04T17:51:38.953+0300][97,783s][info ][gc] GC(394) Pause Young (Normal) (G1 Evacuation Pause) 1249M->23M(2048M) 3,201ms
[2024-08-04T17:51:39.180+0300][98,011s][info ][gc] GC(395) Pause Young (Normal) (G1 Evacuation Pause) 1250M->23M(2048M) 3,136ms
[2024-08-04T17:51:39.412+0300][98,243s][info ][gc] GC(396) Pause Young (Normal) (G1 Evacuation Pause) 1250M->23M(2048M) 2,653ms
[2024-08-04T17:51:39.645+0300][98,475s][info ][gc] GC(397) Pause Young (Normal) (G1 Evacuation Pause) 1250M->23M(2048M) 2,639ms
[2024-08-04T17:51:39.879+0300][98,709s][info ][gc] GC(398) Pause Young (Normal) (G1 Evacuation Pause) 1250M->23M(2048M) 3,089ms
[2024-08-04T17:51:40.112+0300][98,942s][info ][gc] GC(399) Pause Young (Normal) (G1 Evacuation Pause) 1250M->24M(2048M) 2,905ms
[2024-08-04T17:51:40.339+0300][99,169s][info ][gc] GC(400) Pause Young (Normal) (G1 Evacuation Pause) 1251M->23M(2048M) 3,099ms
[2024-08-04T17:51:40.573+0300][99,403s][info ][gc] GC(401) Pause Young (Normal) (G1 Evacuation Pause) 1250M->23M(2048M) 3,321ms
[2024-08-04T17:51:40.801+0300][99,632s][info ][gc] GC(402) Pause Young (Normal) (G1 Evacuation Pause) 1250M->24M(2048M) 3,120ms
[2024-08-04T17:51:41.030+0300][99,860s][info ][gc] GC(403) Pause Young (Normal) (G1 Evacuation Pause) 1251M->24M(2048M) 3,103ms
[2024-08-04T17:51:41.254+0300][100,084s][info ][gc] GC(404) Pause Young (Normal) (G1 Evacuation Pause) 1251M->24M(2048M) 2,833ms
[2024-08-04T17:51:41.472+0300][100,303s][info ][gc] GC(405) Pause Young (Normal) (G1 Evacuation Pause) 1251M->24M(2048M) 2,942ms
[2024-08-04T17:51:41.713+0300][100,544s][info ][gc] GC(406) Pause Young (Normal) (G1 Evacuation Pause) 1251M->24M(2048M) 2,799ms
[2024-08-04T17:51:41.938+0300][100,768s][info ][gc] GC(407) Pause Young (Normal) (G1 Evacuation Pause) 1251M->24M(2048M) 2,680ms
[2024-08-04T17:51:42.173+0300][101,003s][info ][gc] GC(408) Pause Young (Normal) (G1 Evacuation Pause) 1251M->24M(2048M) 3,294ms
[2024-08-04T17:51:42.433+0300][101,263s][info ][gc] GC(409) Pause Young (Normal) (G1 Evacuation Pause) 1251M->24M(2048M) 2,624ms
[2024-08-04T17:51:42.677+0300][101,507s][info ][gc] GC(410) Pause Young (Normal) (G1 Evacuation Pause) 1251M->24M(2048M) 2,811ms
[2024-08-04T17:51:42.916+0300][101,746s][info ][gc] GC(411) Pause Young (Normal) (G1 Evacuation Pause) 1251M->24M(2048M) 2,694ms
[2024-08-04T17:51:43.147+0300][101,977s][info ][gc] GC(412) Pause Young (Normal) (G1 Evacuation Pause) 1251M->24M(2048M) 2,759ms
[2024-08-04T17:51:43.389+0300][102,219s][info ][gc] GC(413) Pause Young (Normal) (G1 Evacuation Pause) 1251M->24M(2048M) 2,601ms
[2024-08-04T17:51:43.635+0300][102,466s][info ][gc] GC(414) Pause Young (Normal) (G1 Evacuation Pause) 1251M->24M(2048M) 2,775ms
[2024-08-04T17:51:43.882+0300][102,712s][info ][gc] GC(415) Pause Young (Normal) (G1 Evacuation Pause) 1251M->24M(2048M) 2,962ms
[2024-08-04T17:51:44.113+0300][102,943s][info ][gc] GC(416) Pause Young (Normal) (G1 Evacuation Pause) 1251M->24M(2048M) 2,626ms
[2024-08-04T17:51:44.344+0300][103,174s][info ][gc] GC(417) Pause Young (Normal) (G1 Evacuation Pause) 1251M->24M(2048M) 3,032ms
[2024-08-04T17:51:44.586+0300][103,416s][info ][gc] GC(418) Pause Young (Normal) (G1 Evacuation Pause) 1251M->24M(2048M) 2,699ms
[2024-08-04T17:51:44.838+0300][103,668s][info ][gc] GC(419) Pause Young (Normal) (G1 Evacuation Pause) 1251M->24M(2048M) 2,788ms
[2024-08-04T17:51:45.087+0300][103,917s][info ][gc] GC(420) Pause Young (Normal) (G1 Evacuation Pause) 1251M->24M(2048M) 2,574ms
[2024-08-04T17:51:45.339+0300][104,169s][info ][gc] GC(421) Pause Young (Normal) (G1 Evacuation Pause) 1251M->24M(2048M) 2,402ms
[2024-08-04T17:51:45.587+0300][104,417s][info ][gc] GC(422) Pause Young (Normal) (G1 Evacuation Pause) 1251M->24M(2048M) 2,635ms
[2024-08-04T17:51:45.839+0300][104,669s][info ][gc] GC(423) Pause Young (Normal) (G1 Evacuation Pause) 1251M->24M(2048M) 2,754ms
[2024-08-04T17:51:46.087+0300][104,917s][info ][gc] GC(424) Pause Young (Normal) (G1 Evacuation Pause) 1251M->24M(2048M) 2,896ms
[2024-08-04T17:51:46.327+0300][105,157s][info ][gc] GC(425) Pause Young (Normal) (G1 Evacuation Pause) 1251M->24M(2048M) 2,737ms
[2024-08-04T17:51:46.577+0300][105,407s][info ][gc] GC(426) Pause Young (Normal) (G1 Evacuation Pause) 1251M->24M(2048M) 3,160ms
[2024-08-04T17:51:46.813+0300][105,643s][info ][gc] GC(427) Pause Young (Normal) (G1 Evacuation Pause) 1251M->25M(2048M) 2,736ms
[2024-08-04T17:51:47.046+0300][105,876s][info ][gc] GC(428) Pause Young (Normal) (G1 Evacuation Pause) 1252M->25M(2048M) 2,713ms
[2024-08-04T17:51:47.278+0300][106,108s][info ][gc] GC(429) Pause Young (Normal) (G1 Evacuation Pause) 1252M->25M(2048M) 2,764ms
[2024-08-04T17:51:47.515+0300][106,345s][info ][gc] GC(430) Pause Young (Normal) (G1 Evacuation Pause) 1252M->25M(2048M) 2,715ms
[2024-08-04T17:51:47.771+0300][106,601s][info ][gc] GC(431) Pause Young (Normal) (G1 Evacuation Pause) 1252M->25M(2048M) 2,894ms
[2024-08-04T17:51:48.024+0300][106,854s][info ][gc] GC(432) Pause Young (Normal) (G1 Evacuation Pause) 1252M->25M(2048M) 2,854ms
[2024-08-04T17:51:48.280+0300][107,110s][info ][gc] GC(433) Pause Young (Normal) (G1 Evacuation Pause) 1252M->25M(2048M) 2,596ms
[2024-08-04T17:51:48.537+0300][107,367s][info ][gc] GC(434) Pause Young (Normal) (G1 Evacuation Pause) 1252M->25M(2048M) 2,561ms
[2024-08-04T17:51:48.785+0300][107,616s][info ][gc] GC(435) Pause Young (Normal) (G1 Evacuation Pause) 1252M->25M(2048M) 2,819ms
[2024-08-04T17:51:49.040+0300][107,870s][info ][gc] GC(436) Pause Young (Normal) (G1 Evacuation Pause) 1252M->25M(2048M) 2,825ms
[2024-08-04T17:51:49.293+0300][108,123s][info ][gc] GC(437) Pause Young (Normal) (G1 Evacuation Pause) 1252M->24M(2048M) 2,379ms
[2024-08-04T17:51:49.777+0300][108,607s][info ][gc] GC(438) Pause Young (Normal) (G1 Evacuation Pause) 1251M->25M(2048M) 2,846ms
[2024-08-04T17:51:50.032+0300][108,862s][info ][gc] GC(439) Pause Young (Normal) (G1 Evacuation Pause) 1252M->25M(2048M) 3,291ms
[2024-08-04T17:51:50.292+0300][109,122s][info ][gc] GC(440) Pause Young (Normal) (G1 Evacuation Pause) 1252M->25M(2048M) 2,751ms
[2024-08-04T17:51:50.533+0300][109,363s][info ][gc] GC(441) Pause Young (Normal) (G1 Evacuation Pause) 1252M->25M(2048M) 2,887ms
[2024-08-04T17:51:50.755+0300][109,585s][info ][gc] GC(442) Pause Young (Normal) (G1 Evacuation Pause) 1252M->25M(2048M) 3,058ms
[2024-08-04T17:51:50.985+0300][109,815s][info ][gc] GC(443) Pause Young (Normal) (G1 Evacuation Pause) 1252M->25M(2048M) 3,052ms
[2024-08-04T17:51:51.210+0300][110,040s][info ][gc] GC(444) Pause Young (Normal) (G1 Evacuation Pause) 1251M->25M(2048M) 3,019ms
[2024-08-04T17:51:51.423+0300][110,253s][info ][gc] GC(445) Pause Young (Normal) (G1 Evacuation Pause) 1251M->26M(2048M) 2,983ms
[2024-08-04T17:51:51.653+0300][110,483s][info ][gc] GC(446) Pause Young (Normal) (G1 Evacuation Pause) 1252M->26M(2048M) 3,351ms
[2024-08-04T17:51:51.883+0300][110,713s][info ][gc] GC(447) Pause Young (Normal) (G1 Evacuation Pause) 1252M->26M(2048M) 3,160ms
[2024-08-04T17:51:52.106+0300][110,937s][info ][gc] GC(448) Pause Young (Normal) (G1 Evacuation Pause) 1252M->26M(2048M) 4,446ms
[2024-08-04T17:51:52.322+0300][111,152s][info ][gc] GC(449) Pause Young (Normal) (G1 Evacuation Pause) 1252M->26M(2048M) 3,270ms
[2024-08-04T17:51:52.553+0300][111,383s][info ][gc] GC(450) Pause Young (Normal) (G1 Evacuation Pause) 1252M->26M(2048M) 3,321ms
[2024-08-04T17:51:52.782+0300][111,612s][info ][gc] GC(451) Pause Young (Normal) (G1 Evacuation Pause) 1252M->26M(2048M) 3,286ms
[2024-08-04T17:51:53.014+0300][111,844s][info ][gc] GC(452) Pause Young (Normal) (G1 Evacuation Pause) 1252M->26M(2048M) 2,825ms
[2024-08-04T17:51:53.233+0300][112,063s][info ][gc] GC(453) Pause Young (Normal) (G1 Evacuation Pause) 1252M->26M(2048M) 2,968ms
[2024-08-04T17:51:53.468+0300][112,298s][info ][gc] GC(454) Pause Young (Normal) (G1 Evacuation Pause) 1252M->26M(2048M) 2,727ms
[2024-08-04T17:51:53.713+0300][112,543s][info ][gc] GC(455) Pause Young (Normal) (G1 Evacuation Pause) 1252M->26M(2048M) 2,834ms
[2024-08-04T17:51:53.948+0300][112,778s][info ][gc] GC(456) Pause Young (Normal) (G1 Evacuation Pause) 1252M->26M(2048M) 2,632ms
[2024-08-04T17:51:54.179+0300][113,009s][info ][gc] GC(457) Pause Young (Normal) (G1 Evacuation Pause) 1252M->26M(2048M) 2,737ms
[2024-08-04T17:51:54.416+0300][113,246s][info ][gc] GC(458) Pause Young (Normal) (G1 Evacuation Pause) 1253M->26M(2048M) 2,827ms
[2024-08-04T17:51:54.651+0300][113,481s][info ][gc] GC(459) Pause Young (Normal) (G1 Evacuation Pause) 1253M->26M(2048M) 2,644ms
[2024-08-04T17:51:54.907+0300][113,738s][info ][gc] GC(460) Pause Young (Normal) (G1 Evacuation Pause) 1253M->26M(2048M) 2,572ms
[2024-08-04T17:51:55.131+0300][113,961s][info ][gc] GC(461) Pause Young (Normal) (G1 Evacuation Pause) 1253M->27M(2048M) 2,805ms
[2024-08-04T17:51:55.364+0300][114,194s][info ][gc] GC(462) Pause Young (Normal) (G1 Evacuation Pause) 1254M->27M(2048M) 2,577ms
[2024-08-04T17:51:55.595+0300][114,425s][info ][gc] GC(463) Pause Young (Normal) (G1 Evacuation Pause) 1254M->27M(2048M) 2,410ms
[2024-08-04T17:51:55.830+0300][114,660s][info ][gc] GC(464) Pause Young (Normal) (G1 Evacuation Pause) 1254M->27M(2048M) 2,607ms
[2024-08-04T17:51:56.057+0300][114,887s][info ][gc] GC(465) Pause Young (Normal) (G1 Evacuation Pause) 1254M->27M(2048M) 2,242ms
[2024-08-04T17:51:56.300+0300][115,130s][info ][gc] GC(466) Pause Young (Normal) (G1 Evacuation Pause) 1254M->27M(2048M) 2,293ms
[2024-08-04T17:51:56.530+0300][115,361s][info ][gc] GC(467) Pause Young (Normal) (G1 Evacuation Pause) 1254M->27M(2048M) 2,654ms
[2024-08-04T17:51:56.788+0300][115,618s][info ][gc] GC(468) Pause Young (Normal) (G1 Evacuation Pause) 1254M->27M(2048M) 2,213ms
[2024-08-04T17:51:57.027+0300][115,857s][info ][gc] GC(469) Pause Young (Normal) (G1 Evacuation Pause) 1254M->27M(2048M) 2,656ms
[2024-08-04T17:51:57.252+0300][116,082s][info ][gc] GC(470) Pause Young (Normal) (G1 Evacuation Pause) 1254M->27M(2048M) 2,802ms
[2024-08-04T17:51:57.501+0300][116,331s][info ][gc] GC(471) Pause Young (Normal) (G1 Evacuation Pause) 1254M->27M(2048M) 2,705ms
[2024-08-04T17:51:57.744+0300][116,574s][info ][gc] GC(472) Pause Young (Normal) (G1 Evacuation Pause) 1254M->27M(2048M) 2,437ms
[2024-08-04T17:51:57.987+0300][116,817s][info ][gc] GC(473) Pause Young (Normal) (G1 Evacuation Pause) 1254M->27M(2048M) 2,699ms
[2024-08-04T17:51:58.228+0300][117,058s][info ][gc] GC(474) Pause Young (Normal) (G1 Evacuation Pause) 1254M->27M(2048M) 2,594ms
[2024-08-04T17:51:58.467+0300][117,297s][info ][gc] GC(475) Pause Young (Normal) (G1 Evacuation Pause) 1254M->27M(2048M) 2,764ms
[2024-08-04T17:51:58.714+0300][117,544s][info ][gc] GC(476) Pause Young (Normal) (G1 Evacuation Pause) 1254M->27M(2048M) 2,722ms
[2024-08-04T17:51:58.951+0300][117,781s][info ][gc] GC(477) Pause Young (Normal) (G1 Evacuation Pause) 1254M->27M(2048M) 2,889ms
[2024-08-04T17:51:59.192+0300][118,022s][info ][gc] GC(478) Pause Young (Normal) (G1 Evacuation Pause) 1254M->27M(2048M) 2,453ms
[2024-08-04T17:51:59.460+0300][118,291s][info ][gc] GC(479) Pause Young (Normal) (G1 Evacuation Pause) 1254M->27M(2048M) 2,221ms
[2024-08-04T17:51:59.696+0300][118,527s][info ][gc] GC(480) Pause Young (Normal) (G1 Evacuation Pause) 1254M->27M(2048M) 2,901ms
[2024-08-04T17:51:59.940+0300][118,770s][info ][gc] GC(481) Pause Young (Normal) (G1 Evacuation Pause) 1254M->27M(2048M) 2,768ms
[2024-08-04T17:52:00.223+0300][119,053s][info ][gc] GC(482) Pause Young (Normal) (G1 Evacuation Pause) 1254M->27M(2048M) 2,433ms
[2024-08-04T17:52:00.477+0300][119,307s][info ][gc] GC(483) Pause Young (Normal) (G1 Evacuation Pause) 1254M->27M(2048M) 3,104ms
[2024-08-04T17:52:00.692+0300][119,522s][info ][gc] GC(484) Pause Young (Normal) (G1 Evacuation Pause) 1254M->27M(2048M) 2,784ms
[2024-08-04T17:52:01.015+0300][119,845s][info ][gc] GC(485) Pause Young (Normal) (G1 Evacuation Pause) 1254M->28M(2048M) 2,466ms
[2024-08-04T17:52:01.308+0300][120,138s][info ][gc] GC(486) Pause Young (Normal) (G1 Evacuation Pause) 1255M->28M(2048M) 2,567ms
[2024-08-04T17:52:01.567+0300][120,397s][info ][gc] GC(487) Pause Young (Normal) (G1 Evacuation Pause) 1255M->28M(2048M) 2,693ms
[2024-08-04T17:52:01.813+0300][120,643s][info ][gc] GC(488) Pause Young (Normal) (G1 Evacuation Pause) 1255M->28M(2048M) 2,699ms
[2024-08-04T17:52:02.062+0300][120,892s][info ][gc] GC(489) Pause Young (Normal) (G1 Evacuation Pause) 1255M->28M(2048M) 2,960ms
[2024-08-04T17:52:02.359+0300][121,189s][info ][gc] GC(490) Pause Young (Normal) (G1 Evacuation Pause) 1255M->28M(2048M) 2,730ms
[2024-08-04T17:52:02.678+0300][121,508s][info ][gc] GC(491) Pause Young (Normal) (G1 Evacuation Pause) 1255M->28M(2048M) 2,570ms
[2024-08-04T17:52:02.952+0300][121,782s][info ][gc] GC(492) Pause Young (Normal) (G1 Evacuation Pause) 1255M->28M(2048M) 2,924ms
[2024-08-04T17:52:03.207+0300][122,037s][info ][gc] GC(493) Pause Young (Normal) (G1 Evacuation Pause) 1255M->28M(2048M) 2,785ms
[2024-08-04T17:52:03.461+0300][122,291s][info ][gc] GC(494) Pause Young (Normal) (G1 Evacuation Pause) 1255M->28M(2048M) 3,079ms
[2024-08-04T17:52:03.750+0300][122,580s][info ][gc] GC(495) Pause Young (Normal) (G1 Evacuation Pause) 1255M->28M(2048M) 2,241ms
[2024-08-04T17:52:04.057+0300][122,887s][info ][gc] GC(496) Pause Young (Normal) (G1 Evacuation Pause) 1255M->28M(2048M) 2,392ms
[2024-08-04T17:52:04.345+0300][123,175s][info ][gc] GC(497) Pause Young (Normal) (G1 Evacuation Pause) 1255M->28M(2048M) 2,638ms
[2024-08-04T17:52:04.610+0300][123,440s][info ][gc] GC(498) Pause Young (Normal) (G1 Evacuation Pause) 1255M->28M(2048M) 2,345ms
[2024-08-04T17:52:04.904+0300][123,734s][info ][gc] GC(499) Pause Young (Normal) (G1 Evacuation Pause) 1255M->28M(2048M) 2,487ms
[2024-08-04T17:52:05.383+0300][124,213s][info ][gc] GC(500) Pause Young (Normal) (G1 Evacuation Pause) 1255M->28M(2048M) 2,690ms
[2024-08-04T17:52:05.683+0300][124,513s][info ][gc] GC(501) Pause Young (Normal) (G1 Evacuation Pause) 1255M->28M(2048M) 2,924ms
[2024-08-04T17:52:05.948+0300][124,779s][info ][gc] GC(502) Pause Young (Normal) (G1 Evacuation Pause) 1255M->28M(2048M) 2,546ms
[2024-08-04T17:52:06.203+0300][125,033s][info ][gc] GC(503) Pause Young (Normal) (G1 Evacuation Pause) 1255M->28M(2048M) 2,978ms
[2024-08-04T17:52:06.442+0300][125,273s][info ][gc] GC(504) Pause Young (Normal) (G1 Evacuation Pause) 1255M->29M(2048M) 2,710ms
[2024-08-04T17:52:06.685+0300][125,515s][info ][gc] GC(505) Pause Young (Normal) (G1 Evacuation Pause) 1256M->29M(2048M) 2,529ms
[2024-08-04T17:52:06.926+0300][125,756s][info ][gc] GC(506) Pause Young (Normal) (G1 Evacuation Pause) 1256M->29M(2048M) 2,697ms
[2024-08-04T17:52:07.159+0300][125,989s][info ][gc] GC(507) Pause Young (Normal) (G1 Evacuation Pause) 1255M->29M(2048M) 3,228ms
[2024-08-04T17:52:07.394+0300][126,225s][info ][gc] GC(508) Pause Young (Normal) (G1 Evacuation Pause) 1255M->29M(2048M) 2,966ms
[2024-08-04T17:52:07.619+0300][126,449s][info ][gc] GC(509) Pause Young (Normal) (G1 Evacuation Pause) 1255M->29M(2048M) 3,025ms
[2024-08-04T17:52:07.850+0300][126,680s][info ][gc] GC(510) Pause Young (Normal) (G1 Evacuation Pause) 1255M->29M(2048M) 3,177ms
[2024-08-04T17:52:08.057+0300][126,887s][info ][gc] GC(511) Pause Young (Normal) (G1 Evacuation Pause) 1255M->29M(2048M) 3,244ms
[2024-08-04T17:52:08.287+0300][127,117s][info ][gc] GC(512) Pause Young (Normal) (G1 Evacuation Pause) 1255M->29M(2048M) 2,971ms
[2024-08-04T17:52:08.510+0300][127,340s][info ][gc] GC(513) Pause Young (Normal) (G1 Evacuation Pause) 1255M->29M(2048M) 3,259ms
[2024-08-04T17:52:08.738+0300][127,568s][info ][gc] GC(514) Pause Young (Normal) (G1 Evacuation Pause) 1255M->29M(2048M) 3,249ms
[2024-08-04T17:52:08.962+0300][127,792s][info ][gc] GC(515) Pause Young (Normal) (G1 Evacuation Pause) 1255M->29M(2048M) 3,243ms
[2024-08-04T17:52:09.179+0300][128,009s][info ][gc] GC(516) Pause Young (Normal) (G1 Evacuation Pause) 1255M->29M(2048M) 2,988ms
[2024-08-04T17:52:09.400+0300][128,230s][info ][gc] GC(517) Pause Young (Normal) (G1 Evacuation Pause) 1255M->29M(2048M) 3,100ms
[2024-08-04T17:52:09.630+0300][128,460s][info ][gc] GC(518) Pause Young (Normal) (G1 Evacuation Pause) 1255M->29M(2048M) 2,941ms
[2024-08-04T17:52:09.849+0300][128,679s][info ][gc] GC(519) Pause Young (Normal) (G1 Evacuation Pause) 1255M->29M(2048M) 2,761ms
[2024-08-04T17:52:10.057+0300][128,887s][info ][gc] GC(520) Pause Young (Normal) (G1 Evacuation Pause) 1256M->29M(2048M) 2,651ms
[2024-08-04T17:52:10.288+0300][129,118s][info ][gc] GC(521) Pause Young (Normal) (G1 Evacuation Pause) 1256M->30M(2048M) 3,059ms
[2024-08-04T17:52:10.503+0300][129,333s][info ][gc] GC(522) Pause Young (Normal) (G1 Evacuation Pause) 1257M->30M(2048M) 2,649ms
[2024-08-04T17:52:10.722+0300][129,552s][info ][gc] GC(523) Pause Young (Normal) (G1 Evacuation Pause) 1257M->30M(2048M) 2,746ms
[2024-08-04T17:52:10.951+0300][129,782s][info ][gc] GC(524) Pause Young (Normal) (G1 Evacuation Pause) 1257M->30M(2048M) 2,873ms
[2024-08-04T17:52:11.180+0300][130,010s][info ][gc] GC(525) Pause Young (Normal) (G1 Evacuation Pause) 1257M->30M(2048M) 3,110ms
[2024-08-04T17:52:11.400+0300][130,230s][info ][gc] GC(526) Pause Young (Normal) (G1 Evacuation Pause) 1257M->30M(2048M) 3,056ms
[2024-08-04T17:52:11.599+0300][130,429s][info ][gc] GC(527) Pause Young (Normal) (G1 Evacuation Pause) 1257M->30M(2048M) 3,016ms
[2024-08-04T17:52:11.819+0300][130,650s][info ][gc] GC(528) Pause Young (Normal) (G1 Evacuation Pause) 1257M->30M(2048M) 2,816ms
[2024-08-04T17:52:12.045+0300][130,875s][info ][gc] GC(529) Pause Young (Normal) (G1 Evacuation Pause) 1257M->30M(2048M) 2,772ms
[2024-08-04T17:52:12.277+0300][131,107s][info ][gc] GC(530) Pause Young (Normal) (G1 Evacuation Pause) 1257M->30M(2048M) 2,706ms
[2024-08-04T17:52:12.479+0300][131,309s][info ][gc] GC(531) Pause Young (Normal) (G1 Evacuation Pause) 1257M->30M(2048M) 2,740ms
[2024-08-04T17:52:12.701+0300][131,531s][info ][gc] GC(532) Pause Young (Normal) (G1 Evacuation Pause) 1257M->30M(2048M) 2,511ms
[2024-08-04T17:52:12.927+0300][131,757s][info ][gc] GC(533) Pause Young (Normal) (G1 Evacuation Pause) 1257M->30M(2048M) 2,963ms
[2024-08-04T17:52:13.161+0300][131,991s][info ][gc] GC(534) Pause Young (Normal) (G1 Evacuation Pause) 1257M->30M(2048M) 2,585ms
[2024-08-04T17:52:13.394+0300][132,224s][info ][gc] GC(535) Pause Young (Normal) (G1 Evacuation Pause) 1257M->30M(2048M) 3,072ms
[2024-08-04T17:52:13.624+0300][132,454s][info ][gc] GC(536) Pause Young (Normal) (G1 Evacuation Pause) 1257M->30M(2048M) 2,752ms
[2024-08-04T17:52:13.840+0300][132,670s][info ][gc] GC(537) Pause Young (Normal) (G1 Evacuation Pause) 1257M->30M(2048M) 2,835ms
[2024-08-04T17:52:14.063+0300][132,893s][info ][gc] GC(538) Pause Young (Normal) (G1 Evacuation Pause) 1257M->30M(2048M) 2,495ms
[2024-08-04T17:52:14.294+0300][133,124s][info ][gc] GC(539) Pause Young (Normal) (G1 Evacuation Pause) 1257M->30M(2048M) 2,417ms
[2024-08-04T17:52:14.537+0300][133,367s][info ][gc] GC(540) Pause Young (Normal) (G1 Evacuation Pause) 1257M->30M(2048M) 2,670ms
[2024-08-04T17:52:14.772+0300][133,602s][info ][gc] GC(541) Pause Young (Normal) (G1 Evacuation Pause) 1257M->30M(2048M) 2,657ms
[2024-08-04T17:52:15.034+0300][133,864s][info ][gc] GC(542) Pause Young (Normal) (G1 Evacuation Pause) 1257M->30M(2048M) 2,579ms
[2024-08-04T17:52:15.252+0300][134,082s][info ][gc] GC(543) Pause Young (Normal) (G1 Evacuation Pause) 1257M->31M(2048M) 2,693ms
[2024-08-04T17:52:15.481+0300][134,311s][info ][gc] GC(544) Pause Young (Normal) (G1 Evacuation Pause) 1258M->31M(2048M) 2,870ms
[2024-08-04T17:52:15.709+0300][134,539s][info ][gc] GC(545) Pause Young (Normal) (G1 Evacuation Pause) 1258M->31M(2048M) 2,676ms
[2024-08-04T17:52:15.997+0300][134,828s][info ][gc] GC(546) Pause Young (Normal) (G1 Evacuation Pause) 1258M->31M(2048M) 2,465ms
[2024-08-04T17:52:16.261+0300][135,091s][info ][gc] GC(547) Pause Young (Normal) (G1 Evacuation Pause) 1258M->31M(2048M) 2,795ms
[2024-08-04T17:52:16.504+0300][135,334s][info ][gc] GC(548) Pause Young (Normal) (G1 Evacuation Pause) 1258M->31M(2048M) 3,116ms
[2024-08-04T17:52:16.749+0300][135,579s][info ][gc] GC(549) Pause Young (Normal) (G1 Evacuation Pause) 1258M->31M(2048M) 2,791ms
[2024-08-04T17:52:16.999+0300][135,829s][info ][gc] GC(550) Pause Young (Normal) (G1 Evacuation Pause) 1258M->31M(2048M) 3,335ms
[2024-08-04T17:52:17.235+0300][136,065s][info ][gc] GC(551) Pause Young (Normal) (G1 Evacuation Pause) 1258M->31M(2048M) 3,223ms
[2024-08-04T17:52:17.474+0300][136,305s][info ][gc] GC(552) Pause Young (Normal) (G1 Evacuation Pause) 1258M->31M(2048M) 2,450ms
[2024-08-04T17:52:17.744+0300][136,574s][info ][gc] GC(553) Pause Young (Normal) (G1 Evacuation Pause) 1258M->31M(2048M) 2,476ms
[2024-08-04T17:52:18.004+0300][136,834s][info ][gc] GC(554) Pause Young (Normal) (G1 Evacuation Pause) 1258M->31M(2048M) 2,822ms
[2024-08-04T17:52:18.264+0300][137,094s][info ][gc] GC(555) Pause Young (Normal) (G1 Evacuation Pause) 1258M->31M(2048M) 2,628ms
[2024-08-04T17:52:18.504+0300][137,334s][info ][gc] GC(556) Pause Young (Normal) (G1 Evacuation Pause) 1258M->31M(2048M) 2,656ms
[2024-08-04T17:52:18.756+0300][137,587s][info ][gc] GC(557) Pause Young (Normal) (G1 Evacuation Pause) 1258M->31M(2048M) 2,689ms
[2024-08-04T17:52:19.018+0300][137,848s][info ][gc] GC(558) Pause Young (Normal) (G1 Evacuation Pause) 1258M->31M(2048M) 2,784ms
[2024-08-04T17:52:19.269+0300][138,100s][info ][gc] GC(559) Pause Young (Normal) (G1 Evacuation Pause) 1258M->31M(2048M) 2,705ms
[2024-08-04T17:52:19.520+0300][138,350s][info ][gc] GC(560) Pause Young (Normal) (G1 Evacuation Pause) 1258M->31M(2048M) 2,539ms
[2024-08-04T17:52:19.802+0300][138,633s][info ][gc] GC(561) Pause Young (Normal) (G1 Evacuation Pause) 1258M->31M(2048M) 2,544ms
[2024-08-04T17:52:20.154+0300][138,984s][info ][gc] GC(562) Pause Young (Normal) (G1 Evacuation Pause) 1258M->31M(2048M) 2,839ms
[2024-08-04T17:52:20.493+0300][139,324s][info ][gc] GC(563) Pause Young (Normal) (G1 Evacuation Pause) 1258M->31M(2048M) 2,929ms
[2024-08-04T17:52:20.760+0300][139,590s][info ][gc] GC(564) Pause Young (Normal) (G1 Evacuation Pause) 1258M->31M(2048M) 3,130ms
[2024-08-04T17:52:21.003+0300][139,833s][info ][gc] GC(565) Pause Young (Normal) (G1 Evacuation Pause) 1258M->31M(2048M) 3,113ms
[2024-08-04T17:52:21.239+0300][140,069s][info ][gc] GC(566) Pause Young (Normal) (G1 Evacuation Pause) 1258M->32M(2048M) 2,994ms
[2024-08-04T17:52:21.475+0300][140,305s][info ][gc] GC(567) Pause Young (Normal) (G1 Evacuation Pause) 1259M->32M(2048M) 3,049ms
[2024-08-04T17:52:21.696+0300][140,526s][info ][gc] GC(568) Pause Young (Normal) (G1 Evacuation Pause) 1258M->32M(2048M) 3,181ms
[2024-08-04T17:52:21.913+0300][140,743s][info ][gc] GC(569) Pause Young (Normal) (G1 Evacuation Pause) 1258M->32M(2048M) 3,320ms
[2024-08-04T17:52:22.144+0300][140,974s][info ][gc] GC(570) Pause Young (Normal) (G1 Evacuation Pause) 1258M->32M(2048M) 3,089ms
[2024-08-04T17:52:22.381+0300][141,211s][info ][gc] GC(571) Pause Young (Normal) (G1 Evacuation Pause) 1258M->32M(2048M) 2,632ms
[2024-08-04T17:52:22.608+0300][141,438s][info ][gc] GC(572) Pause Young (Normal) (G1 Evacuation Pause) 1258M->32M(2048M) 3,367ms
[2024-08-04T17:52:22.840+0300][141,670s][info ][gc] GC(573) Pause Young (Normal) (G1 Evacuation Pause) 1258M->32M(2048M) 3,448ms
[2024-08-04T17:52:23.059+0300][141,889s][info ][gc] GC(574) Pause Young (Normal) (G1 Evacuation Pause) 1258M->32M(2048M) 3,198ms
[2024-08-04T17:52:23.281+0300][142,111s][info ][gc] GC(575) Pause Young (Normal) (G1 Evacuation Pause) 1258M->32M(2048M) 3,332ms
[2024-08-04T17:52:23.503+0300][142,333s][info ][gc] GC(576) Pause Young (Normal) (G1 Evacuation Pause) 1258M->32M(2048M) 3,206ms
[2024-08-04T17:52:23.724+0300][142,554s][info ][gc] GC(577) Pause Young (Normal) (G1 Evacuation Pause) 1258M->32M(2048M) 3,403ms
[2024-08-04T17:52:23.924+0300][142,754s][info ][gc] GC(578) Pause Young (Normal) (G1 Evacuation Pause) 1258M->32M(2048M) 2,856ms
[2024-08-04T17:52:24.148+0300][142,978s][info ][gc] GC(579) Pause Young (Normal) (G1 Evacuation Pause) 1258M->32M(2048M) 3,193ms
[2024-08-04T17:52:24.372+0300][143,202s][info ][gc] GC(580) Pause Young (Normal) (G1 Evacuation Pause) 1258M->32M(2048M) 3,178ms
[2024-08-04T17:52:24.591+0300][143,421s][info ][gc] GC(581) Pause Young (Normal) (G1 Evacuation Pause) 1259M->33M(2048M) 3,129ms
[2024-08-04T17:52:24.813+0300][143,643s][info ][gc] GC(582) Pause Young (Normal) (G1 Evacuation Pause) 1259M->33M(2048M) 3,310ms
[2024-08-04T17:52:25.037+0300][143,867s][info ][gc] GC(583) Pause Young (Normal) (G1 Evacuation Pause) 1260M->33M(2048M) 3,113ms
[2024-08-04T17:52:25.256+0300][144,087s][info ][gc] GC(584) Pause Young (Normal) (G1 Evacuation Pause) 1260M->33M(2048M) 3,322ms
[2024-08-04T17:52:25.459+0300][144,289s][info ][gc] GC(585) Pause Young (Normal) (G1 Evacuation Pause) 1260M->33M(2048M) 2,540ms
[2024-08-04T17:52:25.681+0300][144,511s][info ][gc] GC(586) Pause Young (Normal) (G1 Evacuation Pause) 1260M->33M(2048M) 3,067ms
[2024-08-04T17:52:25.882+0300][144,712s][info ][gc] GC(587) Pause Young (Normal) (G1 Evacuation Pause) 1260M->33M(2048M) 3,144ms
[2024-08-04T17:52:26.103+0300][144,933s][info ][gc] GC(588) Pause Young (Normal) (G1 Evacuation Pause) 1260M->33M(2048M) 3,168ms
[2024-08-04T17:52:26.327+0300][145,157s][info ][gc] GC(589) Pause Young (Normal) (G1 Evacuation Pause) 1260M->33M(2048M) 2,997ms
[2024-08-04T17:52:26.554+0300][145,385s][info ][gc] GC(590) Pause Young (Normal) (G1 Evacuation Pause) 1260M->33M(2048M) 3,004ms
[2024-08-04T17:52:26.782+0300][145,612s][info ][gc] GC(591) Pause Young (Normal) (G1 Evacuation Pause) 1260M->33M(2048M) 2,786ms
[2024-08-04T17:52:27.008+0300][145,838s][info ][gc] GC(592) Pause Young (Normal) (G1 Evacuation Pause) 1260M->33M(2048M) 3,188ms
[2024-08-04T17:52:27.217+0300][146,047s][info ][gc] GC(593) Pause Young (Normal) (G1 Evacuation Pause) 1260M->33M(2048M) 2,752ms
[2024-08-04T17:52:27.439+0300][146,269s][info ][gc] GC(594) Pause Young (Normal) (G1 Evacuation Pause) 1260M->33M(2048M) 2,918ms
[2024-08-04T17:52:27.663+0300][146,493s][info ][gc] GC(595) Pause Young (Normal) (G1 Evacuation Pause) 1260M->33M(2048M) 3,035ms
[2024-08-04T17:52:27.889+0300][146,719s][info ][gc] GC(596) Pause Young (Normal) (G1 Evacuation Pause) 1260M->33M(2048M) 2,918ms
[2024-08-04T17:52:28.120+0300][146,950s][info ][gc] GC(597) Pause Young (Normal) (G1 Evacuation Pause) 1260M->33M(2048M) 3,037ms
[2024-08-04T17:52:28.362+0300][147,193s][info ][gc] GC(598) Pause Young (Normal) (G1 Evacuation Pause) 1260M->33M(2048M) 2,524ms
[2024-08-04T17:52:28.621+0300][147,451s][info ][gc] GC(599) Pause Young (Normal) (G1 Evacuation Pause) 1260M->33M(2048M) 2,512ms
[2024-08-04T17:52:28.861+0300][147,691s][info ][gc] GC(600) Pause Young (Normal) (G1 Evacuation Pause) 1260M->33M(2048M) 2,490ms
[2024-08-04T17:52:29.107+0300][147,937s][info ][gc] GC(601) Pause Young (Normal) (G1 Evacuation Pause) 1260M->33M(2048M) 2,565ms
[2024-08-04T17:52:29.357+0300][148,187s][info ][gc] GC(602) Pause Young (Normal) (G1 Evacuation Pause) 1260M->33M(2048M) 2,690ms
[2024-08-04T17:52:29.611+0300][148,441s][info ][gc] GC(603) Pause Young (Normal) (G1 Evacuation Pause) 1260M->34M(2048M) 2,348ms
[2024-08-04T17:52:29.849+0300][148,679s][info ][gc] GC(604) Pause Young (Normal) (G1 Evacuation Pause) 1261M->34M(2048M) 2,426ms
[2024-08-04T17:52:30.088+0300][148,918s][info ][gc] GC(605) Pause Young (Normal) (G1 Evacuation Pause) 1261M->34M(2048M) 2,382ms
[2024-08-04T17:52:30.323+0300][149,154s][info ][gc] GC(606) Pause Young (Normal) (G1 Evacuation Pause) 1261M->34M(2048M) 2,497ms
[2024-08-04T17:52:30.577+0300][149,408s][info ][gc] GC(607) Pause Young (Normal) (G1 Evacuation Pause) 1261M->34M(2048M) 2,914ms
[2024-08-04T17:52:30.831+0300][149,662s][info ][gc] GC(608) Pause Young (Normal) (G1 Evacuation Pause) 1261M->34M(2048M) 2,558ms
[2024-08-04T17:52:31.101+0300][149,931s][info ][gc] GC(609) Pause Young (Normal) (G1 Evacuation Pause) 1261M->34M(2048M) 2,529ms
[2024-08-04T17:52:31.344+0300][150,174s][info ][gc] GC(610) Pause Young (Normal) (G1 Evacuation Pause) 1261M->34M(2048M) 2,527ms
[2024-08-04T17:52:31.608+0300][150,439s][info ][gc] GC(611) Pause Young (Normal) (G1 Evacuation Pause) 1261M->34M(2048M) 2,348ms
[2024-08-04T17:52:31.855+0300][150,685s][info ][gc] GC(612) Pause Young (Normal) (G1 Evacuation Pause) 1261M->34M(2048M) 2,427ms
[2024-08-04T17:52:32.115+0300][150,945s][info ][gc] GC(613) Pause Young (Normal) (G1 Evacuation Pause) 1261M->34M(2048M) 2,485ms
[2024-08-04T17:52:32.380+0300][151,210s][info ][gc] GC(614) Pause Young (Normal) (G1 Evacuation Pause) 1261M->34M(2048M) 2,660ms
[2024-08-04T17:52:32.609+0300][151,439s][info ][gc] GC(615) Pause Young (Normal) (G1 Evacuation Pause) 1261M->34M(2048M) 2,689ms
[2024-08-04T17:52:32.844+0300][151,674s][info ][gc] GC(616) Pause Young (Normal) (G1 Evacuation Pause) 1261M->34M(2048M) 2,692ms
[2024-08-04T17:52:33.100+0300][151,930s][info ][gc] GC(617) Pause Young (Normal) (G1 Evacuation Pause) 1261M->34M(2048M) 2,829ms
[2024-08-04T17:52:33.350+0300][152,180s][info ][gc] GC(618) Pause Young (Normal) (G1 Evacuation Pause) 1261M->34M(2048M) 2,584ms
[2024-08-04T17:52:33.582+0300][152,412s][info ][gc] GC(619) Pause Young (Normal) (G1 Evacuation Pause) 1261M->34M(2048M) 2,959ms
[2024-08-04T17:52:33.820+0300][152,650s][info ][gc] GC(620) Pause Young (Normal) (G1 Evacuation Pause) 1261M->34M(2048M) 3,088ms
[2024-08-04T17:52:34.080+0300][152,910s][info ][gc] GC(621) Pause Young (Normal) (G1 Evacuation Pause) 1261M->34M(2048M) 2,760ms
[2024-08-04T17:52:34.334+0300][153,164s][info ][gc] GC(622) Pause Young (Normal) (G1 Evacuation Pause) 1261M->34M(2048M) 2,507ms
[2024-08-04T17:52:34.598+0300][153,428s][info ][gc] GC(623) Pause Young (Normal) (G1 Evacuation Pause) 1261M->34M(2048M) 2,368ms
[2024-08-04T17:52:34.863+0300][153,693s][info ][gc] GC(624) Pause Young (Normal) (G1 Evacuation Pause) 1261M->34M(2048M) 2,688ms
[2024-08-04T17:52:35.267+0300][154,098s][info ][gc] GC(625) Pause Young (Normal) (G1 Evacuation Pause) 1261M->34M(2048M) 3,393ms
[2024-08-04T17:52:35.548+0300][154,378s][info ][gc] GC(626) Pause Young (Normal) (G1 Evacuation Pause) 1261M->34M(2048M) 3,125ms
[2024-08-04T17:52:35.783+0300][154,613s][info ][gc] GC(627) Pause Young (Normal) (G1 Evacuation Pause) 1261M->34M(2048M) 3,173ms
[2024-08-04T17:52:36.023+0300][154,853s][info ][gc] GC(628) Pause Young (Normal) (G1 Evacuation Pause) 1261M->35M(2048M) 3,917ms
[2024-08-04T17:52:36.261+0300][155,091s][info ][gc] GC(629) Pause Young (Normal) (G1 Evacuation Pause) 1262M->35M(2048M) 2,666ms
[2024-08-04T17:52:36.494+0300][155,324s][info ][gc] GC(630) Pause Young (Normal) (G1 Evacuation Pause) 1261M->35M(2048M) 2,728ms
[2024-08-04T17:52:36.728+0300][155,558s][info ][gc] GC(631) Pause Young (Normal) (G1 Evacuation Pause) 1261M->35M(2048M) 3,417ms
[2024-08-04T17:52:36.949+0300][155,779s][info ][gc] GC(632) Pause Young (Normal) (G1 Evacuation Pause) 1261M->35M(2048M) 3,202ms
[2024-08-04T17:52:37.173+0300][156,003s][info ][gc] GC(633) Pause Young (Normal) (G1 Evacuation Pause) 1261M->35M(2048M) 3,323ms
[2024-08-04T17:52:37.394+0300][156,224s][info ][gc] GC(634) Pause Young (Normal) (G1 Evacuation Pause) 1261M->35M(2048M) 2,979ms
[2024-08-04T17:52:37.620+0300][156,450s][info ][gc] GC(635) Pause Young (Normal) (G1 Evacuation Pause) 1261M->35M(2048M) 3,228ms
[2024-08-04T17:52:37.852+0300][156,682s][info ][gc] GC(636) Pause Young (Normal) (G1 Evacuation Pause) 1261M->35M(2048M) 3,125ms
[2024-08-04T17:52:38.104+0300][156,934s][info ][gc] GC(637) Pause Young (Normal) (G1 Evacuation Pause) 1261M->35M(2048M) 2,954ms
[2024-08-04T17:52:38.340+0300][157,170s][info ][gc] GC(638) Pause Young (Normal) (G1 Evacuation Pause) 1261M->35M(2048M) 3,298ms
[2024-08-04T17:52:38.573+0300][157,403s][info ][gc] GC(639) Pause Young (Normal) (G1 Evacuation Pause) 1261M->35M(2048M) 3,335ms
[2024-08-04T17:52:38.806+0300][157,636s][info ][gc] GC(640) Pause Young (Normal) (G1 Evacuation Pause) 1261M->35M(2048M) 3,160ms
[2024-08-04T17:52:39.025+0300][157,855s][info ][gc] GC(641) Pause Young (Normal) (G1 Evacuation Pause) 1261M->36M(2048M) 3,092ms
[2024-08-04T17:52:39.260+0300][158,090s][info ][gc] GC(642) Pause Young (Normal) (G1 Evacuation Pause) 1262M->36M(2048M) 3,187ms
[2024-08-04T17:52:39.495+0300][158,325s][info ][gc] GC(643) Pause Young (Normal) (G1 Evacuation Pause) 1262M->36M(2048M) 3,545ms
[2024-08-04T17:52:39.717+0300][158,547s][info ][gc] GC(644) Pause Young (Normal) (G1 Evacuation Pause) 1262M->36M(2048M) 3,267ms
[2024-08-04T17:52:39.938+0300][158,768s][info ][gc] GC(645) Pause Young (Normal) (G1 Evacuation Pause) 1263M->36M(2048M) 3,184ms
[2024-08-04T17:52:40.166+0300][158,996s][info ][gc] GC(646) Pause Young (Normal) (G1 Evacuation Pause) 1263M->36M(2048M) 3,409ms
[2024-08-04T17:52:40.415+0300][159,246s][info ][gc] GC(647) Pause Young (Normal) (G1 Evacuation Pause) 1263M->36M(2048M) 2,472ms
[2024-08-04T17:52:40.636+0300][159,466s][info ][gc] GC(648) Pause Young (Normal) (G1 Evacuation Pause) 1263M->36M(2048M) 2,596ms
[2024-08-04T17:52:40.858+0300][159,689s][info ][gc] GC(649) Pause Young (Normal) (G1 Evacuation Pause) 1263M->36M(2048M) 3,356ms
[2024-08-04T17:52:41.101+0300][159,931s][info ][gc] GC(650) Pause Young (Normal) (G1 Evacuation Pause) 1263M->36M(2048M) 2,634ms
[2024-08-04T17:52:41.349+0300][160,179s][info ][gc] GC(651) Pause Young (Normal) (G1 Evacuation Pause) 1263M->36M(2048M) 2,848ms
[2024-08-04T17:52:41.565+0300][160,395s][info ][gc] GC(652) Pause Young (Normal) (G1 Evacuation Pause) 1263M->36M(2048M) 2,992ms
[2024-08-04T17:52:41.784+0300][160,614s][info ][gc] GC(653) Pause Young (Normal) (G1 Evacuation Pause) 1263M->36M(2048M) 2,475ms
[2024-08-04T17:52:42.016+0300][160,846s][info ][gc] GC(654) Pause Young (Normal) (G1 Evacuation Pause) 1263M->36M(2048M) 3,234ms
[2024-08-04T17:52:42.244+0300][161,074s][info ][gc] GC(655) Pause Young (Normal) (G1 Evacuation Pause) 1263M->36M(2048M) 2,836ms
[2024-08-04T17:52:42.481+0300][161,311s][info ][gc] GC(656) Pause Young (Normal) (G1 Evacuation Pause) 1263M->36M(2048M) 2,670ms
[2024-08-04T17:52:42.811+0300][161,641s][info ][gc] GC(657) Pause Young (Normal) (G1 Evacuation Pause) 1263M->36M(2048M) 3,151ms
[2024-08-04T17:52:43.063+0300][161,893s][info ][gc] GC(658) Pause Young (Normal) (G1 Evacuation Pause) 1263M->36M(2048M) 3,063ms
[2024-08-04T17:52:43.295+0300][162,125s][info ][gc] GC(659) Pause Young (Normal) (G1 Evacuation Pause) 1263M->36M(2048M) 2,491ms
[2024-08-04T17:52:43.531+0300][162,361s][info ][gc] GC(660) Pause Young (Normal) (G1 Evacuation Pause) 1263M->36M(2048M) 2,899ms
[2024-08-04T17:52:43.764+0300][162,594s][info ][gc] GC(661) Pause Young (Normal) (G1 Evacuation Pause) 1263M->36M(2048M) 2,981ms
[2024-08-04T17:52:44.004+0300][162,834s][info ][gc] GC(662) Pause Young (Normal) (G1 Evacuation Pause) 1263M->36M(2048M) 2,804ms
[2024-08-04T17:52:44.245+0300][163,075s][info ][gc] GC(663) Pause Young (Normal) (G1 Evacuation Pause) 1263M->37M(2048M) 2,667ms
[2024-08-04T17:52:44.489+0300][163,319s][info ][gc] GC(664) Pause Young (Normal) (G1 Evacuation Pause) 1264M->37M(2048M) 2,054ms
[2024-08-04T17:52:44.731+0300][163,561s][info ][gc] GC(665) Pause Young (Normal) (G1 Evacuation Pause) 1264M->37M(2048M) 2,663ms
[2024-08-04T17:52:44.955+0300][163,785s][info ][gc] GC(666) Pause Young (Normal) (G1 Evacuation Pause) 1264M->37M(2048M) 2,548ms
[2024-08-04T17:52:45.199+0300][164,029s][info ][gc] GC(667) Pause Young (Normal) (G1 Evacuation Pause) 1264M->37M(2048M) 2,507ms
[2024-08-04T17:52:45.446+0300][164,276s][info ][gc] GC(668) Pause Young (Normal) (G1 Evacuation Pause) 1264M->37M(2048M) 2,298ms
[2024-08-04T17:52:45.682+0300][164,512s][info ][gc] GC(669) Pause Young (Normal) (G1 Evacuation Pause) 1264M->37M(2048M) 2,899ms
[2024-08-04T17:52:45.911+0300][164,741s][info ][gc] GC(670) Pause Young (Normal) (G1 Evacuation Pause) 1264M->37M(2048M) 2,751ms
[2024-08-04T17:52:46.143+0300][164,973s][info ][gc] GC(671) Pause Young (Normal) (G1 Evacuation Pause) 1264M->37M(2048M) 2,581ms
[2024-08-04T17:52:46.401+0300][165,231s][info ][gc] GC(672) Pause Young (Normal) (G1 Evacuation Pause) 1264M->37M(2048M) 2,850ms
[2024-08-04T17:52:46.652+0300][165,482s][info ][gc] GC(673) Pause Young (Normal) (G1 Evacuation Pause) 1264M->37M(2048M) 3,140ms
[2024-08-04T17:52:46.914+0300][165,744s][info ][gc] GC(674) Pause Young (Normal) (G1 Evacuation Pause) 1264M->37M(2048M) 2,921ms
[2024-08-04T17:52:47.169+0300][165,999s][info ][gc] GC(675) Pause Young (Normal) (G1 Evacuation Pause) 1264M->37M(2048M) 3,403ms
[2024-08-04T17:52:47.435+0300][166,265s][info ][gc] GC(676) Pause Young (Normal) (G1 Evacuation Pause) 1264M->37M(2048M) 2,999ms
[2024-08-04T17:52:47.690+0300][166,520s][info ][gc] GC(677) Pause Young (Normal) (G1 Evacuation Pause) 1264M->37M(2048M) 2,763ms
[2024-08-04T17:52:47.956+0300][166,786s][info ][gc] GC(678) Pause Young (Normal) (G1 Evacuation Pause) 1264M->37M(2048M) 2,654ms
[2024-08-04T17:52:48.215+0300][167,045s][info ][gc] GC(679) Pause Young (Normal) (G1 Evacuation Pause) 1264M->37M(2048M) 2,755ms
[2024-08-04T17:52:48.470+0300][167,300s][info ][gc] GC(680) Pause Young (Normal) (G1 Evacuation Pause) 1264M->37M(2048M) 3,179ms
[2024-08-04T17:52:48.723+0300][167,554s][info ][gc] GC(681) Pause Young (Normal) (G1 Evacuation Pause) 1264M->37M(2048M) 2,819ms
[2024-08-04T17:52:48.988+0300][167,818s][info ][gc] GC(682) Pause Young (Normal) (G1 Evacuation Pause) 1264M->37M(2048M) 2,677ms
[2024-08-04T17:52:49.256+0300][168,086s][info ][gc] GC(683) Pause Young (Normal) (G1 Evacuation Pause) 1264M->37M(2048M) 2,445ms
[2024-08-04T17:52:49.547+0300][168,377s][info ][gc] GC(684) Pause Young (Normal) (G1 Evacuation Pause) 1264M->37M(2048M) 2,597ms
[2024-08-04T17:52:49.821+0300][168,651s][info ][gc] GC(685) Pause Young (Normal) (G1 Evacuation Pause) 1264M->37M(2048M) 2,340ms
[2024-08-04T17:52:50.083+0300][168,913s][info ][gc] GC(686) Pause Young (Normal) (G1 Evacuation Pause) 1264M->37M(2048M) 2,547ms
[2024-08-04T17:52:50.595+0300][169,426s][info ][gc] GC(687) Pause Young (Normal) (G1 Evacuation Pause) 1264M->37M(2048M) 2,737ms
[2024-08-04T17:52:50.895+0300][169,726s][info ][gc] GC(688) Pause Young (Normal) (G1 Evacuation Pause) 1264M->37M(2048M) 2,888ms
[2024-08-04T17:52:51.149+0300][169,980s][info ][gc] GC(689) Pause Young (Normal) (G1 Evacuation Pause) 1264M->38M(2048M) 3,177ms
[2024-08-04T17:52:51.397+0300][170,227s][info ][gc] GC(690) Pause Young (Normal) (G1 Evacuation Pause) 1265M->38M(2048M) 2,967ms
[2024-08-04T17:52:51.639+0300][170,469s][info ][gc] GC(691) Pause Young (Normal) (G1 Evacuation Pause) 1265M->38M(2048M) 2,646ms
[2024-08-04T17:52:51.880+0300][170,710s][info ][gc] GC(692) Pause Young (Normal) (G1 Evacuation Pause) 1265M->38M(2048M) 2,984ms
[2024-08-04T17:52:52.110+0300][170,940s][info ][gc] GC(693) Pause Young (Normal) (G1 Evacuation Pause) 1265M->38M(2048M) 2,821ms
[2024-08-04T17:52:52.347+0300][171,177s][info ][gc] GC(694) Pause Young (Normal) (G1 Evacuation Pause) 1264M->38M(2048M) 3,122ms
[2024-08-04T17:52:52.565+0300][171,396s][info ][gc] GC(695) Pause Young (Normal) (G1 Evacuation Pause) 1264M->38M(2048M) 3,074ms
[2024-08-04T17:52:52.795+0300][171,625s][info ][gc] GC(696) Pause Young (Normal) (G1 Evacuation Pause) 1264M->38M(2048M) 3,120ms
[2024-08-04T17:52:53.020+0300][171,851s][info ][gc] GC(697) Pause Young (Normal) (G1 Evacuation Pause) 1264M->38M(2048M) 3,113ms
[2024-08-04T17:52:53.251+0300][172,082s][info ][gc] GC(698) Pause Young (Normal) (G1 Evacuation Pause) 1264M->38M(2048M) 3,078ms
[2024-08-04T17:52:53.481+0300][172,311s][info ][gc] GC(699) Pause Young (Normal) (G1 Evacuation Pause) 1264M->38M(2048M) 3,412ms
[2024-08-04T17:52:53.695+0300][172,525s][info ][gc] GC(700) Pause Young (Normal) (G1 Evacuation Pause) 1264M->38M(2048M) 3,389ms
[2024-08-04T17:52:53.898+0300][172,728s][info ][gc] GC(701) Pause Young (Normal) (G1 Evacuation Pause) 1264M->39M(2048M) 3,257ms
[2024-08-04T17:52:54.109+0300][172,939s][info ][gc] GC(702) Pause Young (Normal) (G1 Evacuation Pause) 1265M->39M(2048M) 3,292ms
[2024-08-04T17:52:54.336+0300][173,166s][info ][gc] GC(703) Pause Young (Normal) (G1 Evacuation Pause) 1265M->39M(2048M) 3,091ms
[2024-08-04T17:52:54.544+0300][173,374s][info ][gc] GC(704) Pause Young (Normal) (G1 Evacuation Pause) 1265M->39M(2048M) 3,137ms
[2024-08-04T17:52:54.758+0300][173,588s][info ][gc] GC(705) Pause Young (Normal) (G1 Evacuation Pause) 1265M->39M(2048M) 2,998ms
[2024-08-04T17:52:54.987+0300][173,817s][info ][gc] GC(706) Pause Young (Normal) (G1 Evacuation Pause) 1265M->39M(2048M) 2,896ms
[2024-08-04T17:52:55.215+0300][174,046s][info ][gc] GC(707) Pause Young (Normal) (G1 Evacuation Pause) 1266M->39M(2048M) 2,880ms
[2024-08-04T17:52:55.445+0300][174,275s][info ][gc] GC(708) Pause Young (Normal) (G1 Evacuation Pause) 1266M->39M(2048M) 3,040ms
[2024-08-04T17:52:55.671+0300][174,501s][info ][gc] GC(709) Pause Young (Normal) (G1 Evacuation Pause) 1266M->39M(2048M) 2,902ms
[2024-08-04T17:52:55.902+0300][174,732s][info ][gc] GC(710) Pause Young (Normal) (G1 Evacuation Pause) 1266M->39M(2048M) 2,930ms
[2024-08-04T17:52:56.119+0300][174,949s][info ][gc] GC(711) Pause Young (Normal) (G1 Evacuation Pause) 1266M->39M(2048M) 3,079ms
[2024-08-04T17:52:56.353+0300][175,183s][info ][gc] GC(712) Pause Young (Normal) (G1 Evacuation Pause) 1266M->39M(2048M) 3,049ms
[2024-08-04T17:52:56.553+0300][175,383s][info ][gc] GC(713) Pause Young (Normal) (G1 Evacuation Pause) 1266M->39M(2048M) 3,276ms
[2024-08-04T17:52:56.775+0300][175,605s][info ][gc] GC(714) Pause Young (Normal) (G1 Evacuation Pause) 1266M->39M(2048M) 3,067ms
[2024-08-04T17:52:56.978+0300][175,809s][info ][gc] GC(715) Pause Young (Normal) (G1 Evacuation Pause) 1266M->39M(2048M) 3,054ms
[2024-08-04T17:52:57.201+0300][176,032s][info ][gc] GC(716) Pause Young (Normal) (G1 Evacuation Pause) 1266M->39M(2048M) 3,558ms
[2024-08-04T17:52:57.435+0300][176,265s][info ][gc] GC(717) Pause Young (Normal) (G1 Evacuation Pause) 1266M->39M(2048M) 3,018ms
[2024-08-04T17:52:57.662+0300][176,493s][info ][gc] GC(718) Pause Young (Normal) (G1 Evacuation Pause) 1266M->39M(2048M) 3,098ms
[2024-08-04T17:52:57.900+0300][176,730s][info ][gc] GC(719) Pause Young (Normal) (G1 Evacuation Pause) 1266M->39M(2048M) 3,087ms
[2024-08-04T17:52:58.125+0300][176,955s][info ][gc] GC(720) Pause Young (Normal) (G1 Evacuation Pause) 1266M->39M(2048M) 3,348ms
[2024-08-04T17:52:58.349+0300][177,180s][info ][gc] GC(721) Pause Young (Normal) (G1 Evacuation Pause) 1266M->40M(2048M) 3,170ms
[2024-08-04T17:52:58.584+0300][177,414s][info ][gc] GC(722) Pause Young (Normal) (G1 Evacuation Pause) 1267M->40M(2048M) 2,922ms
[2024-08-04T17:52:58.812+0300][177,642s][info ][gc] GC(723) Pause Young (Normal) (G1 Evacuation Pause) 1267M->40M(2048M) 3,049ms
[2024-08-04T17:52:59.039+0300][177,869s][info ][gc] GC(724) Pause Young (Normal) (G1 Evacuation Pause) 1267M->40M(2048M) 3,097ms
[2024-08-04T17:52:59.277+0300][178,107s][info ][gc] GC(725) Pause Young (Normal) (G1 Evacuation Pause) 1267M->40M(2048M) 2,945ms
[2024-08-04T17:52:59.518+0300][178,348s][info ][gc] GC(726) Pause Young (Normal) (G1 Evacuation Pause) 1267M->40M(2048M) 3,225ms
[2024-08-04T17:52:59.750+0300][178,580s][info ][gc] GC(727) Pause Young (Normal) (G1 Evacuation Pause) 1267M->40M(2048M) 3,089ms
[2024-08-04T17:52:59.993+0300][178,823s][info ][gc] GC(728) Pause Young (Normal) (G1 Evacuation Pause) 1267M->40M(2048M) 3,473ms
[2024-08-04T17:53:00.232+0300][179,062s][info ][gc] GC(729) Pause Young (Normal) (G1 Evacuation Pause) 1267M->40M(2048M) 2,848ms
[2024-08-04T17:53:00.475+0300][179,306s][info ][gc] GC(730) Pause Young (Normal) (G1 Evacuation Pause) 1267M->40M(2048M) 3,145ms
[2024-08-04T17:53:00.712+0300][179,543s][info ][gc] GC(731) Pause Young (Normal) (G1 Evacuation Pause) 1267M->40M(2048M) 2,891ms
[2024-08-04T17:53:00.952+0300][179,782s][info ][gc] GC(732) Pause Young (Normal) (G1 Evacuation Pause) 1267M->40M(2048M) 2,694ms
[2024-08-04T17:53:01.195+0300][180,025s][info ][gc] GC(733) Pause Young (Normal) (G1 Evacuation Pause) 1267M->40M(2048M) 2,912ms
[2024-08-04T17:53:01.445+0300][180,275s][info ][gc] GC(734) Pause Young (Normal) (G1 Evacuation Pause) 1267M->40M(2048M) 2,945ms
[2024-08-04T17:53:01.695+0300][180,525s][info ][gc] GC(735) Pause Young (Normal) (G1 Evacuation Pause) 1267M->40M(2048M) 2,797ms
[2024-08-04T17:53:01.937+0300][180,767s][info ][gc] GC(736) Pause Young (Normal) (G1 Evacuation Pause) 1267M->40M(2048M) 2,972ms
[2024-08-04T17:53:02.185+0300][181,016s][info ][gc] GC(737) Pause Young (Normal) (G1 Evacuation Pause) 1267M->40M(2048M) 2,755ms
[2024-08-04T17:53:02.436+0300][181,266s][info ][gc] GC(738) Pause Young (Normal) (G1 Evacuation Pause) 1267M->40M(2048M) 2,791ms
[2024-08-04T17:53:02.690+0300][181,520s][info ][gc] GC(739) Pause Young (Normal) (G1 Evacuation Pause) 1267M->40M(2048M) 3,027ms
[2024-08-04T17:53:02.973+0300][181,803s][info ][gc] GC(740) Pause Young (Normal) (G1 Evacuation Pause) 1267M->40M(2048M) 2,439ms
[2024-08-04T17:53:03.226+0300][182,057s][info ][gc] GC(741) Pause Young (Normal) (G1 Evacuation Pause) 1267M->40M(2048M) 2,724ms
[2024-08-04T17:53:03.471+0300][182,301s][info ][gc] GC(742) Pause Young (Normal) (G1 Evacuation Pause) 1267M->40M(2048M) 2,429ms
[2024-08-04T17:53:03.740+0300][182,570s][info ][gc] GC(743) Pause Young (Normal) (G1 Evacuation Pause) 1267M->40M(2048M) 2,467ms
[2024-08-04T17:53:03.983+0300][182,813s][info ][gc] GC(744) Pause Young (Normal) (G1 Evacuation Pause) 1267M->40M(2048M) 2,316ms
[2024-08-04T17:53:04.248+0300][183,078s][info ][gc] GC(745) Pause Young (Normal) (G1 Evacuation Pause) 1267M->40M(2048M) 2,484ms
[2024-08-04T17:53:04.488+0300][183,318s][info ][gc] GC(746) Pause Young (Normal) (G1 Evacuation Pause) 1267M->40M(2048M) 2,364ms
[2024-08-04T17:53:04.745+0300][183,575s][info ][gc] GC(747) Pause Young (Normal) (G1 Evacuation Pause) 1267M->40M(2048M) 2,458ms
[2024-08-04T17:53:05.036+0300][183,866s][info ][gc] GC(748) Pause Young (Normal) (G1 Evacuation Pause) 1267M->40M(2048M) 2,877ms
[2024-08-04T17:53:05.446+0300][184,276s][info ][gc] GC(749) Pause Young (Normal) (G1 Evacuation Pause) 1267M->40M(2048M) 2,655ms
[2024-08-04T17:53:05.752+0300][184,582s][info ][gc] GC(750) Pause Young (Normal) (G1 Evacuation Pause) 1267M->41M(2048M) 2,738ms
[2024-08-04T17:53:05.988+0300][184,818s][info ][gc] GC(751) Pause Young (Normal) (G1 Evacuation Pause) 1268M->41M(2048M) 2,457ms
[2024-08-04T17:53:06.224+0300][185,055s][info ][gc] GC(752) Pause Young (Normal) (G1 Evacuation Pause) 1268M->41M(2048M) 2,751ms
[2024-08-04T17:53:06.455+0300][185,285s][info ][gc] GC(753) Pause Young (Normal) (G1 Evacuation Pause) 1268M->41M(2048M) 2,615ms
[2024-08-04T17:53:06.685+0300][185,515s][info ][gc] GC(754) Pause Young (Normal) (G1 Evacuation Pause) 1268M->41M(2048M) 3,128ms
[2024-08-04T17:53:06.918+0300][185,748s][info ][gc] GC(755) Pause Young (Normal) (G1 Evacuation Pause) 1267M->41M(2048M) 3,103ms
[2024-08-04T17:53:07.155+0300][185,986s][info ][gc] GC(756) Pause Young (Normal) (G1 Evacuation Pause) 1267M->41M(2048M) 3,097ms
[2024-08-04T17:53:07.375+0300][186,205s][info ][gc] GC(757) Pause Young (Normal) (G1 Evacuation Pause) 1267M->41M(2048M) 3,359ms
[2024-08-04T17:53:07.602+0300][186,433s][info ][gc] GC(758) Pause Young (Normal) (G1 Evacuation Pause) 1267M->41M(2048M) 3,279ms
[2024-08-04T17:53:07.803+0300][186,633s][info ][gc] GC(759) Pause Young (Normal) (G1 Evacuation Pause) 1267M->41M(2048M) 3,368ms
[2024-08-04T17:53:08.036+0300][186,866s][info ][gc] GC(760) Pause Young (Normal) (G1 Evacuation Pause) 1267M->42M(2048M) 3,423ms
[2024-08-04T17:53:08.237+0300][187,067s][info ][gc] GC(761) Pause Young (Normal) (G1 Evacuation Pause) 1268M->41M(2048M) 3,599ms
[2024-08-04T17:53:08.455+0300][187,285s][info ][gc] GC(762) Pause Young (Normal) (G1 Evacuation Pause) 1267M->42M(2048M) 3,067ms
[2024-08-04T17:53:08.672+0300][187,503s][info ][gc] GC(763) Pause Young (Normal) (G1 Evacuation Pause) 1268M->42M(2048M) 3,338ms
[2024-08-04T17:53:08.892+0300][187,722s][info ][gc] GC(764) Pause Young (Normal) (G1 Evacuation Pause) 1268M->42M(2048M) 3,716ms
[2024-08-04T17:53:09.092+0300][187,922s][info ][gc] GC(765) Pause Young (Normal) (G1 Evacuation Pause) 1268M->42M(2048M) 3,348ms
[2024-08-04T17:53:09.301+0300][188,131s][info ][gc] GC(766) Pause Young (Normal) (G1 Evacuation Pause) 1268M->42M(2048M) 3,235ms
[2024-08-04T17:53:09.520+0300][188,350s][info ][gc] GC(767) Pause Young (Normal) (G1 Evacuation Pause) 1268M->42M(2048M) 3,195ms
[2024-08-04T17:53:09.740+0300][188,571s][info ][gc] GC(768) Pause Young (Normal) (G1 Evacuation Pause) 1268M->42M(2048M) 3,313ms
[2024-08-04T17:53:09.961+0300][188,791s][info ][gc] GC(769) Pause Young (Normal) (G1 Evacuation Pause) 1269M->42M(2048M) 3,215ms
[2024-08-04T17:53:10.182+0300][189,012s][info ][gc] GC(770) Pause Young (Normal) (G1 Evacuation Pause) 1269M->42M(2048M) 3,123ms
[2024-08-04T17:53:10.400+0300][189,230s][info ][gc] GC(771) Pause Young (Normal) (G1 Evacuation Pause) 1269M->42M(2048M) 3,117ms
[2024-08-04T17:53:10.610+0300][189,440s][info ][gc] GC(772) Pause Young (Normal) (G1 Evacuation Pause) 1269M->42M(2048M) 3,132ms
[2024-08-04T17:53:10.831+0300][189,662s][info ][gc] GC(773) Pause Young (Normal) (G1 Evacuation Pause) 1269M->42M(2048M) 3,033ms
[2024-08-04T17:53:11.035+0300][189,866s][info ][gc] GC(774) Pause Young (Normal) (G1 Evacuation Pause) 1269M->42M(2048M) 3,145ms
[2024-08-04T17:53:11.256+0300][190,086s][info ][gc] GC(775) Pause Young (Normal) (G1 Evacuation Pause) 1269M->42M(2048M) 3,305ms
[2024-08-04T17:53:11.472+0300][190,302s][info ][gc] GC(776) Pause Young (Normal) (G1 Evacuation Pause) 1269M->42M(2048M) 3,065ms
[2024-08-04T17:53:11.695+0300][190,526s][info ][gc] GC(777) Pause Young (Normal) (G1 Evacuation Pause) 1269M->42M(2048M) 2,933ms
[2024-08-04T17:53:11.920+0300][190,750s][info ][gc] GC(778) Pause Young (Normal) (G1 Evacuation Pause) 1269M->42M(2048M) 3,453ms
[2024-08-04T17:53:12.144+0300][190,974s][info ][gc] GC(779) Pause Young (Normal) (G1 Evacuation Pause) 1269M->42M(2048M) 3,445ms
[2024-08-04T17:53:12.345+0300][191,175s][info ][gc] GC(780) Pause Young (Normal) (G1 Evacuation Pause) 1269M->43M(2048M) 2,994ms
[2024-08-04T17:53:12.551+0300][191,382s][info ][gc] GC(781) Pause Young (Normal) (G1 Evacuation Pause) 1270M->43M(2048M) 3,071ms
[2024-08-04T17:53:12.755+0300][191,585s][info ][gc] GC(782) Pause Young (Normal) (G1 Evacuation Pause) 1270M->43M(2048M) 2,720ms
[2024-08-04T17:53:12.959+0300][191,789s][info ][gc] GC(783) Pause Young (Normal) (G1 Evacuation Pause) 1270M->43M(2048M) 2,938ms
[2024-08-04T17:53:13.176+0300][192,006s][info ][gc] GC(784) Pause Young (Normal) (G1 Evacuation Pause) 1270M->43M(2048M) 3,138ms
[2024-08-04T17:53:13.405+0300][192,235s][info ][gc] GC(785) Pause Young (Normal) (G1 Evacuation Pause) 1270M->43M(2048M) 2,911ms
[2024-08-04T17:53:13.635+0300][192,466s][info ][gc] GC(786) Pause Young (Normal) (G1 Evacuation Pause) 1270M->43M(2048M) 3,089ms
[2024-08-04T17:53:13.861+0300][192,691s][info ][gc] GC(787) Pause Young (Normal) (G1 Evacuation Pause) 1270M->43M(2048M) 2,890ms
[2024-08-04T17:53:14.072+0300][192,902s][info ][gc] GC(788) Pause Young (Normal) (G1 Evacuation Pause) 1270M->43M(2048M) 2,920ms
[2024-08-04T17:53:14.281+0300][193,111s][info ][gc] GC(789) Pause Young (Normal) (G1 Evacuation Pause) 1270M->43M(2048M) 2,960ms
[2024-08-04T17:53:14.513+0300][193,344s][info ][gc] GC(790) Pause Young (Normal) (G1 Evacuation Pause) 1270M->43M(2048M) 3,019ms
[2024-08-04T17:53:14.743+0300][193,573s][info ][gc] GC(791) Pause Young (Normal) (G1 Evacuation Pause) 1270M->43M(2048M) 2,817ms
[2024-08-04T17:53:14.956+0300][193,786s][info ][gc] GC(792) Pause Young (Normal) (G1 Evacuation Pause) 1270M->43M(2048M) 3,191ms
[2024-08-04T17:53:15.182+0300][194,012s][info ][gc] GC(793) Pause Young (Normal) (G1 Evacuation Pause) 1270M->43M(2048M) 3,094ms
[2024-08-04T17:53:15.417+0300][194,247s][info ][gc] GC(794) Pause Young (Normal) (G1 Evacuation Pause) 1270M->43M(2048M) 3,012ms
[2024-08-04T17:53:15.642+0300][194,472s][info ][gc] GC(795) Pause Young (Normal) (G1 Evacuation Pause) 1270M->43M(2048M) 2,873ms
[2024-08-04T17:53:15.874+0300][194,704s][info ][gc] GC(796) Pause Young (Normal) (G1 Evacuation Pause) 1270M->43M(2048M) 2,853ms
[2024-08-04T17:53:16.095+0300][194,925s][info ][gc] GC(797) Pause Young (Normal) (G1 Evacuation Pause) 1270M->43M(2048M) 2,928ms
[2024-08-04T17:53:16.341+0300][195,171s][info ][gc] GC(798) Pause Young (Normal) (G1 Evacuation Pause) 1270M->43M(2048M) 3,217ms
[2024-08-04T17:53:16.578+0300][195,409s][info ][gc] GC(799) Pause Young (Normal) (G1 Evacuation Pause) 1270M->43M(2048M) 3,171ms
[2024-08-04T17:53:16.817+0300][195,647s][info ][gc] GC(800) Pause Young (Normal) (G1 Evacuation Pause) 1270M->43M(2048M) 2,960ms
[2024-08-04T17:53:17.040+0300][195,870s][info ][gc] GC(801) Pause Young (Normal) (G1 Evacuation Pause) 1270M->43M(2048M) 2,926ms
[2024-08-04T17:53:17.279+0300][196,109s][info ][gc] GC(802) Pause Young (Normal) (G1 Evacuation Pause) 1270M->43M(2048M) 2,787ms
[2024-08-04T17:53:17.521+0300][196,352s][info ][gc] GC(803) Pause Young (Normal) (G1 Evacuation Pause) 1270M->43M(2048M) 3,033ms
[2024-08-04T17:53:17.752+0300][196,582s][info ][gc] GC(804) Pause Young (Normal) (G1 Evacuation Pause) 1270M->43M(2048M) 2,900ms
[2024-08-04T17:53:17.994+0300][196,824s][info ][gc] GC(805) Pause Young (Normal) (G1 Evacuation Pause) 1270M->43M(2048M) 3,068ms
[2024-08-04T17:53:18.223+0300][197,053s][info ][gc] GC(806) Pause Young (Normal) (G1 Evacuation Pause) 1270M->44M(2048M) 2,741ms
[2024-08-04T17:53:18.469+0300][197,299s][info ][gc] GC(807) Pause Young (Normal) (G1 Evacuation Pause) 1271M->44M(2048M) 2,719ms
[2024-08-04T17:53:18.707+0300][197,538s][info ][gc] GC(808) Pause Young (Normal) (G1 Evacuation Pause) 1271M->44M(2048M) 3,000ms
[2024-08-04T17:53:18.941+0300][197,771s][info ][gc] GC(809) Pause Young (Normal) (G1 Evacuation Pause) 1271M->44M(2048M) 3,285ms
[2024-08-04T17:53:19.189+0300][198,020s][info ][gc] GC(810) Pause Young (Normal) (G1 Evacuation Pause) 1271M->44M(2048M) 2,650ms
[2024-08-04T17:53:19.471+0300][198,301s][info ][gc] GC(811) Pause Young (Normal) (G1 Evacuation Pause) 1271M->43M(2048M) 2,574ms
[2024-08-04T17:53:19.834+0300][198,664s][info ][gc] GC(812) Pause Young (Normal) (G1 Evacuation Pause) 1270M->44M(2048M) 3,281ms
[2024-08-04T17:53:20.100+0300][198,931s][info ][gc] GC(813) Pause Young (Normal) (G1 Evacuation Pause) 1271M->44M(2048M) 2,618ms
[2024-08-04T17:53:20.345+0300][199,176s][info ][gc] GC(814) Pause Young (Normal) (G1 Evacuation Pause) 1271M->44M(2048M) 2,921ms
[2024-08-04T17:53:20.588+0300][199,418s][info ][gc] GC(815) Pause Young (Normal) (G1 Evacuation Pause) 1271M->44M(2048M) 2,937ms
[2024-08-04T17:53:20.822+0300][199,653s][info ][gc] GC(816) Pause Young (Normal) (G1 Evacuation Pause) 1271M->44M(2048M) 2,922ms
[2024-08-04T17:53:21.052+0300][199,882s][info ][gc] GC(817) Pause Young (Normal) (G1 Evacuation Pause) 1271M->44M(2048M) 2,851ms
[2024-08-04T17:53:21.282+0300][200,113s][info ][gc] GC(818) Pause Young (Normal) (G1 Evacuation Pause) 1270M->44M(2048M) 3,193ms
[2024-08-04T17:53:21.511+0300][200,341s][info ][gc] GC(819) Pause Young (Normal) (G1 Evacuation Pause) 1270M->44M(2048M) 3,452ms
[2024-08-04T17:53:21.733+0300][200,563s][info ][gc] GC(820) Pause Young (Normal) (G1 Evacuation Pause) 1270M->44M(2048M) 2,672ms
[2024-08-04T17:53:21.947+0300][200,777s][info ][gc] GC(821) Pause Young (Normal) (G1 Evacuation Pause) 1270M->45M(2048M) 2,834ms
[2024-08-04T17:53:22.170+0300][201,000s][info ][gc] GC(822) Pause Young (Normal) (G1 Evacuation Pause) 1271M->45M(2048M) 2,978ms
[2024-08-04T17:53:22.401+0300][201,231s][info ][gc] GC(823) Pause Young (Normal) (G1 Evacuation Pause) 1271M->45M(2048M) 3,332ms
[2024-08-04T17:53:22.633+0300][201,463s][info ][gc] GC(824) Pause Young (Normal) (G1 Evacuation Pause) 1271M->45M(2048M) 3,151ms
[2024-08-04T17:53:22.863+0300][201,694s][info ][gc] GC(825) Pause Young (Normal) (G1 Evacuation Pause) 1271M->45M(2048M) 2,933ms
[2024-08-04T17:53:23.092+0300][201,922s][info ][gc] GC(826) Pause Young (Normal) (G1 Evacuation Pause) 1271M->45M(2048M) 3,236ms
[2024-08-04T17:53:23.327+0300][202,158s][info ][gc] GC(827) Pause Young (Normal) (G1 Evacuation Pause) 1271M->45M(2048M) 3,078ms
[2024-08-04T17:53:23.546+0300][202,377s][info ][gc] GC(828) Pause Young (Normal) (G1 Evacuation Pause) 1271M->45M(2048M) 3,522ms
[2024-08-04T17:53:23.764+0300][202,594s][info ][gc] GC(829) Pause Young (Normal) (G1 Evacuation Pause) 1271M->45M(2048M) 3,327ms
[2024-08-04T17:53:23.979+0300][202,809s][info ][gc] GC(830) Pause Young (Normal) (G1 Evacuation Pause) 1271M->45M(2048M) 3,231ms
[2024-08-04T17:53:24.175+0300][203,006s][info ][gc] GC(831) Pause Young (Normal) (G1 Evacuation Pause) 1271M->45M(2048M) 3,298ms
[2024-08-04T17:53:24.395+0300][203,226s][info ][gc] GC(832) Pause Young (Normal) (G1 Evacuation Pause) 1272M->45M(2048M) 3,152ms
[2024-08-04T17:53:24.624+0300][203,454s][info ][gc] GC(833) Pause Young (Normal) (G1 Evacuation Pause) 1272M->45M(2048M) 3,325ms
[2024-08-04T17:53:24.858+0300][203,688s][info ][gc] GC(834) Pause Young (Normal) (G1 Evacuation Pause) 1272M->45M(2048M) 3,295ms
[2024-08-04T17:53:25.069+0300][203,899s][info ][gc] GC(835) Pause Young (Normal) (G1 Evacuation Pause) 1272M->45M(2048M) 3,005ms
[2024-08-04T17:53:25.284+0300][204,114s][info ][gc] GC(836) Pause Young (Normal) (G1 Evacuation Pause) 1272M->45M(2048M) 2,876ms
[2024-08-04T17:53:25.489+0300][204,319s][info ][gc] GC(837) Pause Young (Normal) (G1 Evacuation Pause) 1272M->45M(2048M) 2,985ms
[2024-08-04T17:53:25.702+0300][204,532s][info ][gc] GC(838) Pause Young (Normal) (G1 Evacuation Pause) 1272M->45M(2048M) 2,765ms
[2024-08-04T17:53:25.921+0300][204,751s][info ][gc] GC(839) Pause Young (Normal) (G1 Evacuation Pause) 1272M->46M(2048M) 2,926ms
[2024-08-04T17:53:26.138+0300][204,968s][info ][gc] GC(840) Pause Young (Normal) (G1 Evacuation Pause) 1273M->46M(2048M) 2,712ms
[2024-08-04T17:53:26.363+0300][205,193s][info ][gc] GC(841) Pause Young (Normal) (G1 Evacuation Pause) 1273M->46M(2048M) 3,024ms
[2024-08-04T17:53:26.584+0300][205,414s][info ][gc] GC(842) Pause Young (Normal) (G1 Evacuation Pause) 1273M->46M(2048M) 3,224ms
[2024-08-04T17:53:26.792+0300][205,622s][info ][gc] GC(843) Pause Young (Normal) (G1 Evacuation Pause) 1273M->46M(2048M) 3,271ms
[2024-08-04T17:53:27.024+0300][205,854s][info ][gc] GC(844) Pause Young (Normal) (G1 Evacuation Pause) 1273M->46M(2048M) 3,147ms
[2024-08-04T17:53:27.258+0300][206,088s][info ][gc] GC(845) Pause Young (Normal) (G1 Evacuation Pause) 1273M->46M(2048M) 2,732ms
[2024-08-04T17:53:27.497+0300][206,327s][info ][gc] GC(846) Pause Young (Normal) (G1 Evacuation Pause) 1273M->46M(2048M) 2,327ms
[2024-08-04T17:53:27.735+0300][206,565s][info ][gc] GC(847) Pause Young (Normal) (G1 Evacuation Pause) 1273M->46M(2048M) 2,738ms
[2024-08-04T17:53:27.971+0300][206,801s][info ][gc] GC(848) Pause Young (Normal) (G1 Evacuation Pause) 1273M->46M(2048M) 2,724ms
[2024-08-04T17:53:28.218+0300][207,048s][info ][gc] GC(849) Pause Young (Normal) (G1 Evacuation Pause) 1273M->46M(2048M) 2,783ms
[2024-08-04T17:53:28.463+0300][207,293s][info ][gc] GC(850) Pause Young (Normal) (G1 Evacuation Pause) 1273M->46M(2048M) 3,115ms
[2024-08-04T17:53:28.683+0300][207,513s][info ][gc] GC(851) Pause Young (Normal) (G1 Evacuation Pause) 1273M->46M(2048M) 3,101ms
[2024-08-04T17:53:28.907+0300][207,737s][info ][gc] GC(852) Pause Young (Normal) (G1 Evacuation Pause) 1273M->46M(2048M) 2,792ms
[2024-08-04T17:53:29.147+0300][207,977s][info ][gc] GC(853) Pause Young (Normal) (G1 Evacuation Pause) 1273M->46M(2048M) 2,457ms
[2024-08-04T17:53:29.401+0300][208,232s][info ][gc] GC(854) Pause Young (Normal) (G1 Evacuation Pause) 1273M->46M(2048M) 2,614ms
[2024-08-04T17:53:29.620+0300][208,450s][info ][gc] GC(855) Pause Young (Normal) (G1 Evacuation Pause) 1273M->46M(2048M) 3,571ms
[2024-08-04T17:53:29.890+0300][208,720s][info ][gc] GC(856) Pause Young (Normal) (G1 Evacuation Pause) 1273M->46M(2048M) 2,761ms
[2024-08-04T17:53:30.165+0300][208,995s][info ][gc] GC(857) Pause Young (Normal) (G1 Evacuation Pause) 1273M->46M(2048M) 2,271ms
[2024-08-04T17:53:30.428+0300][209,258s][info ][gc] GC(858) Pause Young (Normal) (G1 Evacuation Pause) 1273M->46M(2048M) 2,936ms
[2024-08-04T17:53:30.699+0300][209,529s][info ][gc] GC(859) Pause Young (Normal) (G1 Evacuation Pause) 1273M->46M(2048M) 2,590ms
[2024-08-04T17:53:30.948+0300][209,778s][info ][gc] GC(860) Pause Young (Normal) (G1 Evacuation Pause) 1273M->46M(2048M) 2,937ms
[2024-08-04T17:53:31.202+0300][210,033s][info ][gc] GC(861) Pause Young (Normal) (G1 Evacuation Pause) 1273M->46M(2048M) 2,640ms
[2024-08-04T17:53:31.464+0300][210,294s][info ][gc] GC(862) Pause Young (Normal) (G1 Evacuation Pause) 1273M->46M(2048M) 2,789ms
[2024-08-04T17:53:31.720+0300][210,551s][info ][gc] GC(863) Pause Young (Normal) (G1 Evacuation Pause) 1273M->46M(2048M) 2,970ms
[2024-08-04T17:53:31.959+0300][210,790s][info ][gc] GC(864) Pause Young (Normal) (G1 Evacuation Pause) 1273M->47M(2048M) 2,707ms
[2024-08-04T17:53:32.215+0300][211,045s][info ][gc] GC(865) Pause Young (Normal) (G1 Evacuation Pause) 1274M->47M(2048M) 2,766ms
[2024-08-04T17:53:32.477+0300][211,308s][info ][gc] GC(866) Pause Young (Normal) (G1 Evacuation Pause) 1274M->47M(2048M) 2,357ms
[2024-08-04T17:53:32.739+0300][211,569s][info ][gc] GC(867) Pause Young (Normal) (G1 Evacuation Pause) 1274M->47M(2048M) 2,333ms
[2024-08-04T17:53:32.986+0300][211,816s][info ][gc] GC(868) Pause Young (Normal) (G1 Evacuation Pause) 1274M->47M(2048M) 2,371ms
[2024-08-04T17:53:33.259+0300][212,089s][info ][gc] GC(869) Pause Young (Normal) (G1 Evacuation Pause) 1274M->47M(2048M) 2,304ms
[2024-08-04T17:53:33.529+0300][212,359s][info ][gc] GC(870) Pause Young (Normal) (G1 Evacuation Pause) 1274M->47M(2048M) 2,385ms
[2024-08-04T17:53:33.779+0300][212,609s][info ][gc] GC(871) Pause Young (Normal) (G1 Evacuation Pause) 1274M->47M(2048M) 3,107ms
[2024-08-04T17:53:34.033+0300][212,864s][info ][gc] GC(872) Pause Young (Normal) (G1 Evacuation Pause) 1274M->47M(2048M) 3,124ms
[2024-08-04T17:53:34.295+0300][213,125s][info ][gc] GC(873) Pause Young (Normal) (G1 Evacuation Pause) 1274M->47M(2048M) 2,814ms
[2024-08-04T17:53:34.807+0300][213,637s][info ][gc] GC(874) Pause Young (Normal) (G1 Evacuation Pause) 1274M->47M(2048M) 2,958ms
[2024-08-04T17:53:35.081+0300][213,912s][info ][gc] GC(875) Pause Young (Normal) (G1 Evacuation Pause) 1274M->47M(2048M) 2,443ms
[2024-08-04T17:53:35.346+0300][214,177s][info ][gc] GC(876) Pause Young (Normal) (G1 Evacuation Pause) 1274M->47M(2048M) 2,942ms
[2024-08-04T17:53:35.591+0300][214,421s][info ][gc] GC(877) Pause Young (Normal) (G1 Evacuation Pause) 1274M->47M(2048M) 2,966ms
[2024-08-04T17:53:35.825+0300][214,655s][info ][gc] GC(878) Pause Young (Normal) (G1 Evacuation Pause) 1274M->47M(2048M) 3,049ms
[2024-08-04T17:53:36.054+0300][214,884s][info ][gc] GC(879) Pause Young (Normal) (G1 Evacuation Pause) 1273M->47M(2048M) 3,005ms
[2024-08-04T17:53:36.294+0300][215,124s][info ][gc] GC(880) Pause Young (Normal) (G1 Evacuation Pause) 1274M->47M(2048M) 3,103ms
[2024-08-04T17:53:36.520+0300][215,350s][info ][gc] GC(881) Pause Young (Normal) (G1 Evacuation Pause) 1273M->48M(2048M) 2,657ms
[2024-08-04T17:53:36.755+0300][215,585s][info ][gc] GC(882) Pause Young (Normal) (G1 Evacuation Pause) 1274M->48M(2048M) 3,163ms
[2024-08-04T17:53:36.971+0300][215,801s][info ][gc] GC(883) Pause Young (Normal) (G1 Evacuation Pause) 1274M->48M(2048M) 3,125ms
[2024-08-04T17:53:37.203+0300][216,033s][info ][gc] GC(884) Pause Young (Normal) (G1 Evacuation Pause) 1274M->48M(2048M) 3,159ms
[2024-08-04T17:53:37.434+0300][216,264s][info ][gc] GC(885) Pause Young (Normal) (G1 Evacuation Pause) 1274M->48M(2048M) 3,137ms
[2024-08-04T17:53:37.667+0300][216,497s][info ][gc] GC(886) Pause Young (Normal) (G1 Evacuation Pause) 1274M->48M(2048M) 3,306ms
[2024-08-04T17:53:37.899+0300][216,730s][info ][gc] GC(887) Pause Young (Normal) (G1 Evacuation Pause) 1274M->48M(2048M) 2,603ms
[2024-08-04T17:53:38.138+0300][216,969s][info ][gc] GC(888) Pause Young (Normal) (G1 Evacuation Pause) 1274M->48M(2048M) 3,187ms
[2024-08-04T17:53:38.362+0300][217,192s][info ][gc] GC(889) Pause Young (Normal) (G1 Evacuation Pause) 1274M->48M(2048M) 2,988ms
[2024-08-04T17:53:38.578+0300][217,408s][info ][gc] GC(890) Pause Young (Normal) (G1 Evacuation Pause) 1274M->48M(2048M) 3,015ms
[2024-08-04T17:53:38.803+0300][217,633s][info ][gc] GC(891) Pause Young (Normal) (G1 Evacuation Pause) 1274M->48M(2048M) 2,912ms
[2024-08-04T17:53:39.020+0300][217,850s][info ][gc] GC(892) Pause Young (Normal) (G1 Evacuation Pause) 1274M->48M(2048M) 2,776ms
[2024-08-04T17:53:39.234+0300][218,064s][info ][gc] GC(893) Pause Young (Normal) (G1 Evacuation Pause) 1274M->48M(2048M) 2,645ms
[2024-08-04T17:53:39.473+0300][218,303s][info ][gc] GC(894) Pause Young (Normal) (G1 Evacuation Pause) 1275M->48M(2048M) 2,550ms
[2024-08-04T17:53:39.693+0300][218,523s][info ][gc] GC(895) Pause Young (Normal) (G1 Evacuation Pause) 1275M->48M(2048M) 2,613ms
[2024-08-04T17:53:39.915+0300][218,745s][info ][gc] GC(896) Pause Young (Normal) (G1 Evacuation Pause) 1275M->48M(2048M) 2,871ms
[2024-08-04T17:53:40.113+0300][218,943s][info ][gc] GC(897) Pause Young (Normal) (G1 Evacuation Pause) 1275M->49M(2048M) 3,091ms
[2024-08-04T17:53:40.339+0300][219,169s][info ][gc] GC(898) Pause Young (Normal) (G1 Evacuation Pause) 1276M->49M(2048M) 3,068ms
[2024-08-04T17:53:40.564+0300][219,394s][info ][gc] GC(899) Pause Young (Normal) (G1 Evacuation Pause) 1276M->49M(2048M) 2,554ms
[2024-08-04T17:53:40.774+0300][219,604s][info ][gc] GC(900) Pause Young (Normal) (G1 Evacuation Pause) 1276M->49M(2048M) 2,475ms
[2024-08-04T17:53:40.986+0300][219,817s][info ][gc] GC(901) Pause Young (Normal) (G1 Evacuation Pause) 1276M->49M(2048M) 2,563ms
[2024-08-04T17:53:41.227+0300][220,057s][info ][gc] GC(902) Pause Young (Normal) (G1 Evacuation Pause) 1276M->49M(2048M) 3,052ms
[2024-08-04T17:53:41.451+0300][220,281s][info ][gc] GC(903) Pause Young (Normal) (G1 Evacuation Pause) 1276M->49M(2048M) 3,237ms
[2024-08-04T17:53:41.665+0300][220,495s][info ][gc] GC(904) Pause Young (Normal) (G1 Evacuation Pause) 1276M->49M(2048M) 3,022ms
[2024-08-04T17:53:41.893+0300][220,724s][info ][gc] GC(905) Pause Young (Normal) (G1 Evacuation Pause) 1276M->49M(2048M) 3,099ms
[2024-08-04T17:53:42.098+0300][220,928s][info ][gc] GC(906) Pause Young (Normal) (G1 Evacuation Pause) 1276M->49M(2048M) 3,270ms
[2024-08-04T17:53:42.323+0300][221,153s][info ][gc] GC(907) Pause Young (Normal) (G1 Evacuation Pause) 1276M->49M(2048M) 2,397ms
[2024-08-04T17:53:42.535+0300][221,365s][info ][gc] GC(908) Pause Young (Normal) (G1 Evacuation Pause) 1276M->49M(2048M) 2,673ms
[2024-08-04T17:53:42.740+0300][221,570s][info ][gc] GC(909) Pause Young (Normal) (G1 Evacuation Pause) 1276M->49M(2048M) 2,849ms
[2024-08-04T17:53:42.975+0300][221,805s][info ][gc] GC(910) Pause Young (Normal) (G1 Evacuation Pause) 1276M->49M(2048M) 2,731ms
[2024-08-04T17:53:43.207+0300][222,037s][info ][gc] GC(911) Pause Young (Normal) (G1 Evacuation Pause) 1276M->49M(2048M) 3,016ms
[2024-08-04T17:53:43.438+0300][222,268s][info ][gc] GC(912) Pause Young (Normal) (G1 Evacuation Pause) 1276M->49M(2048M) 3,056ms
[2024-08-04T17:53:43.664+0300][222,494s][info ][gc] GC(913) Pause Young (Normal) (G1 Evacuation Pause) 1276M->49M(2048M) 3,115ms
[2024-08-04T17:53:43.883+0300][222,713s][info ][gc] GC(914) Pause Young (Normal) (G1 Evacuation Pause) 1276M->49M(2048M) 2,731ms
[2024-08-04T17:53:44.100+0300][222,931s][info ][gc] GC(915) Pause Young (Normal) (G1 Evacuation Pause) 1276M->49M(2048M) 2,732ms
[2024-08-04T17:53:44.321+0300][223,152s][info ][gc] GC(916) Pause Young (Normal) (G1 Evacuation Pause) 1276M->49M(2048M) 2,948ms
[2024-08-04T17:53:44.549+0300][223,379s][info ][gc] GC(917) Pause Young (Normal) (G1 Evacuation Pause) 1276M->49M(2048M) 2,762ms
[2024-08-04T17:53:44.778+0300][223,608s][info ][gc] GC(918) Pause Young (Normal) (G1 Evacuation Pause) 1276M->49M(2048M) 2,887ms
[2024-08-04T17:53:45.016+0300][223,846s][info ][gc] GC(919) Pause Young (Normal) (G1 Evacuation Pause) 1276M->49M(2048M) 2,851ms
[2024-08-04T17:53:45.254+0300][224,085s][info ][gc] GC(920) Pause Young (Normal) (G1 Evacuation Pause) 1276M->49M(2048M) 2,919ms
[2024-08-04T17:53:45.480+0300][224,310s][info ][gc] GC(921) Pause Young (Normal) (G1 Evacuation Pause) 1276M->50M(2048M) 2,810ms
[2024-08-04T17:53:45.709+0300][224,539s][info ][gc] GC(922) Pause Young (Normal) (G1 Evacuation Pause) 1277M->50M(2048M) 3,072ms
[2024-08-04T17:53:45.929+0300][224,759s][info ][gc] GC(923) Pause Young (Normal) (G1 Evacuation Pause) 1277M->50M(2048M) 2,934ms
[2024-08-04T17:53:46.166+0300][224,996s][info ][gc] GC(924) Pause Young (Normal) (G1 Evacuation Pause) 1277M->50M(2048M) 2,721ms
[2024-08-04T17:53:46.396+0300][225,226s][info ][gc] GC(925) Pause Young (Normal) (G1 Evacuation Pause) 1277M->50M(2048M) 2,874ms
[2024-08-04T17:53:46.633+0300][225,463s][info ][gc] GC(926) Pause Young (Normal) (G1 Evacuation Pause) 1277M->50M(2048M) 3,065ms
[2024-08-04T17:53:46.876+0300][225,706s][info ][gc] GC(927) Pause Young (Normal) (G1 Evacuation Pause) 1277M->50M(2048M) 2,790ms
[2024-08-04T17:53:47.116+0300][225,946s][info ][gc] GC(928) Pause Young (Normal) (G1 Evacuation Pause) 1277M->50M(2048M) 2,846ms
[2024-08-04T17:53:47.361+0300][226,191s][info ][gc] GC(929) Pause Young (Normal) (G1 Evacuation Pause) 1277M->50M(2048M) 2,818ms
[2024-08-04T17:53:47.586+0300][226,417s][info ][gc] GC(930) Pause Young (Normal) (G1 Evacuation Pause) 1277M->50M(2048M) 2,957ms
[2024-08-04T17:53:47.832+0300][226,662s][info ][gc] GC(931) Pause Young (Normal) (G1 Evacuation Pause) 1277M->50M(2048M) 3,091ms
[2024-08-04T17:53:48.057+0300][226,888s][info ][gc] GC(932) Pause Young (Normal) (G1 Evacuation Pause) 1277M->50M(2048M) 2,838ms
[2024-08-04T17:53:48.306+0300][227,136s][info ][gc] GC(933) Pause Young (Normal) (G1 Evacuation Pause) 1277M->50M(2048M) 3,122ms
[2024-08-04T17:53:48.561+0300][227,391s][info ][gc] GC(934) Pause Young (Normal) (G1 Evacuation Pause) 1277M->50M(2048M) 2,588ms
[2024-08-04T17:53:48.817+0300][227,647s][info ][gc] GC(935) Pause Young (Normal) (G1 Evacuation Pause) 1277M->50M(2048M) 2,447ms
[2024-08-04T17:53:49.248+0300][228,078s][info ][gc] GC(936) Pause Young (Normal) (G1 Evacuation Pause) 1277M->50M(2048M) 2,700ms
[2024-08-04T17:53:49.562+0300][228,393s][info ][gc] GC(937) Pause Young (Normal) (G1 Evacuation Pause) 1277M->50M(2048M) 2,938ms
[2024-08-04T17:53:49.811+0300][228,641s][info ][gc] GC(938) Pause Young (Normal) (G1 Evacuation Pause) 1277M->50M(2048M) 2,731ms
[2024-08-04T17:53:50.041+0300][228,871s][info ][gc] GC(939) Pause Young (Normal) (G1 Evacuation Pause) 1277M->50M(2048M) 3,020ms
[2024-08-04T17:53:50.275+0300][229,106s][info ][gc] GC(940) Pause Young (Normal) (G1 Evacuation Pause) 1277M->50M(2048M) 2,613ms
[2024-08-04T17:53:50.516+0300][229,346s][info ][gc] GC(941) Pause Young (Normal) (G1 Evacuation Pause) 1277M->50M(2048M) 2,600ms
[2024-08-04T17:53:50.750+0300][229,580s][info ][gc] GC(942) Pause Young (Normal) (G1 Evacuation Pause) 1277M->51M(2048M) 3,157ms
[2024-08-04T17:53:50.981+0300][229,811s][info ][gc] GC(943) Pause Young (Normal) (G1 Evacuation Pause) 1277M->51M(2048M) 3,247ms
[2024-08-04T17:53:51.215+0300][230,046s][info ][gc] GC(944) Pause Young (Normal) (G1 Evacuation Pause) 1277M->51M(2048M) 2,834ms
[2024-08-04T17:53:51.450+0300][230,280s][info ][gc] GC(945) Pause Young (Normal) (G1 Evacuation Pause) 1277M->51M(2048M) 3,125ms
[2024-08-04T17:53:51.682+0300][230,512s][info ][gc] GC(946) Pause Young (Normal) (G1 Evacuation Pause) 1277M->51M(2048M) 3,039ms
[2024-08-04T17:53:51.914+0300][230,744s][info ][gc] GC(947) Pause Young (Normal) (G1 Evacuation Pause) 1277M->51M(2048M) 3,126ms
[2024-08-04T17:53:52.142+0300][230,973s][info ][gc] GC(948) Pause Young (Normal) (G1 Evacuation Pause) 1277M->51M(2048M) 3,271ms
[2024-08-04T17:53:52.356+0300][231,186s][info ][gc] GC(949) Pause Young (Normal) (G1 Evacuation Pause) 1277M->51M(2048M) 3,345ms
[2024-08-04T17:53:52.584+0300][231,414s][info ][gc] GC(950) Pause Young (Normal) (G1 Evacuation Pause) 1277M->51M(2048M) 2,814ms
[2024-08-04T17:53:52.808+0300][231,638s][info ][gc] GC(951) Pause Young (Normal) (G1 Evacuation Pause) 1277M->51M(2048M) 3,142ms
[2024-08-04T17:53:53.025+0300][231,855s][info ][gc] GC(952) Pause Young (Normal) (G1 Evacuation Pause) 1277M->51M(2048M) 3,471ms
[2024-08-04T17:53:53.253+0300][232,083s][info ][gc] GC(953) Pause Young (Normal) (G1 Evacuation Pause) 1277M->51M(2048M) 3,179ms
[2024-08-04T17:53:53.487+0300][232,317s][info ][gc] GC(954) Pause Young (Normal) (G1 Evacuation Pause) 1277M->51M(2048M) 3,036ms
[2024-08-04T17:53:53.703+0300][232,533s][info ][gc] GC(955) Pause Young (Normal) (G1 Evacuation Pause) 1277M->51M(2048M) 2,870ms
[2024-08-04T17:53:53.933+0300][232,763s][info ][gc] GC(956) Pause Young (Normal) (G1 Evacuation Pause) 1278M->51M(2048M) 2,714ms
[2024-08-04T17:53:54.168+0300][232,998s][info ][gc] GC(957) Pause Young (Normal) (G1 Evacuation Pause) 1278M->52M(2048M) 2,724ms
[2024-08-04T17:53:54.397+0300][233,227s][info ][gc] GC(958) Pause Young (Normal) (G1 Evacuation Pause) 1279M->52M(2048M) 2,671ms
[2024-08-04T17:53:54.621+0300][233,452s][info ][gc] GC(959) Pause Young (Normal) (G1 Evacuation Pause) 1279M->52M(2048M) 2,587ms
[2024-08-04T17:53:54.851+0300][233,681s][info ][gc] GC(960) Pause Young (Normal) (G1 Evacuation Pause) 1279M->52M(2048M) 2,574ms
[2024-08-04T17:53:55.094+0300][233,924s][info ][gc] GC(961) Pause Young (Normal) (G1 Evacuation Pause) 1279M->52M(2048M) 3,114ms
[2024-08-04T17:53:55.302+0300][234,132s][info ][gc] GC(962) Pause Young (Normal) (G1 Evacuation Pause) 1279M->52M(2048M) 2,984ms
[2024-08-04T17:53:55.519+0300][234,349s][info ][gc] GC(963) Pause Young (Normal) (G1 Evacuation Pause) 1279M->52M(2048M) 3,049ms
[2024-08-04T17:53:55.755+0300][234,585s][info ][gc] GC(964) Pause Young (Normal) (G1 Evacuation Pause) 1279M->52M(2048M) 2,536ms
[2024-08-04T17:53:55.995+0300][234,825s][info ][gc] GC(965) Pause Young (Normal) (G1 Evacuation Pause) 1279M->52M(2048M) 2,983ms
[2024-08-04T17:53:56.235+0300][235,065s][info ][gc] GC(966) Pause Young (Normal) (G1 Evacuation Pause) 1279M->52M(2048M) 2,851ms
[2024-08-04T17:53:56.474+0300][235,304s][info ][gc] GC(967) Pause Young (Normal) (G1 Evacuation Pause) 1279M->52M(2048M) 2,991ms
[2024-08-04T17:53:56.706+0300][235,536s][info ][gc] GC(968) Pause Young (Normal) (G1 Evacuation Pause) 1279M->52M(2048M) 2,853ms
[2024-08-04T17:53:56.945+0300][235,775s][info ][gc] GC(969) Pause Young (Normal) (G1 Evacuation Pause) 1279M->52M(2048M) 2,716ms
[2024-08-04T17:53:57.181+0300][236,011s][info ][gc] GC(970) Pause Young (Normal) (G1 Evacuation Pause) 1279M->52M(2048M) 3,184ms
[2024-08-04T17:53:57.405+0300][236,235s][info ][gc] GC(971) Pause Young (Normal) (G1 Evacuation Pause) 1279M->52M(2048M) 2,993ms
[2024-08-04T17:53:57.631+0300][236,461s][info ][gc] GC(972) Pause Young (Normal) (G1 Evacuation Pause) 1279M->52M(2048M) 2,660ms
[2024-08-04T17:53:57.840+0300][236,670s][info ][gc] GC(973) Pause Young (Normal) (G1 Evacuation Pause) 1279M->52M(2048M) 2,846ms
[2024-08-04T17:53:58.073+0300][236,903s][info ][gc] GC(974) Pause Young (Normal) (G1 Evacuation Pause) 1279M->52M(2048M) 2,445ms
[2024-08-04T17:53:58.310+0300][237,141s][info ][gc] GC(975) Pause Young (Normal) (G1 Evacuation Pause) 1279M->52M(2048M) 2,839ms
[2024-08-04T17:53:58.531+0300][237,362s][info ][gc] GC(976) Pause Young (Normal) (G1 Evacuation Pause) 1279M->52M(2048M) 2,399ms
[2024-08-04T17:53:58.754+0300][237,584s][info ][gc] GC(977) Pause Young (Normal) (G1 Evacuation Pause) 1279M->52M(2048M) 2,665ms
[2024-08-04T17:53:58.967+0300][237,797s][info ][gc] GC(978) Pause Young (Normal) (G1 Evacuation Pause) 1279M->52M(2048M) 2,882ms
[2024-08-04T17:53:59.180+0300][238,010s][info ][gc] GC(979) Pause Young (Normal) (G1 Evacuation Pause) 1279M->52M(2048M) 3,395ms
[2024-08-04T17:53:59.423+0300][238,253s][info ][gc] GC(980) Pause Young (Normal) (G1 Evacuation Pause) 1279M->53M(2048M) 2,589ms
[2024-08-04T17:53:59.669+0300][238,499s][info ][gc] GC(981) Pause Young (Normal) (G1 Evacuation Pause) 1280M->53M(2048M) 2,223ms
[2024-08-04T17:53:59.915+0300][238,745s][info ][gc] GC(982) Pause Young (Normal) (G1 Evacuation Pause) 1280M->53M(2048M) 2,241ms
[2024-08-04T17:54:00.160+0300][238,990s][info ][gc] GC(983) Pause Young (Normal) (G1 Evacuation Pause) 1280M->53M(2048M) 2,950ms
[2024-08-04T17:54:00.422+0300][239,252s][info ][gc] GC(984) Pause Young (Normal) (G1 Evacuation Pause) 1280M->53M(2048M) 2,796ms
[2024-08-04T17:54:00.668+0300][239,498s][info ][gc] GC(985) Pause Young (Normal) (G1 Evacuation Pause) 1280M->53M(2048M) 2,754ms
[2024-08-04T17:54:00.914+0300][239,744s][info ][gc] GC(986) Pause Young (Normal) (G1 Evacuation Pause) 1280M->53M(2048M) 2,905ms
[2024-08-04T17:54:01.142+0300][239,972s][info ][gc] GC(987) Pause Young (Normal) (G1 Evacuation Pause) 1280M->53M(2048M) 2,543ms
[2024-08-04T17:54:01.389+0300][240,219s][info ][gc] GC(988) Pause Young (Normal) (G1 Evacuation Pause) 1280M->53M(2048M) 3,078ms
[2024-08-04T17:54:01.637+0300][240,467s][info ][gc] GC(989) Pause Young (Normal) (G1 Evacuation Pause) 1280M->53M(2048M) 2,835ms
[2024-08-04T17:54:01.879+0300][240,710s][info ][gc] GC(990) Pause Young (Normal) (G1 Evacuation Pause) 1280M->53M(2048M) 2,870ms
[2024-08-04T17:54:02.126+0300][240,957s][info ][gc] GC(991) Pause Young (Normal) (G1 Evacuation Pause) 1280M->53M(2048M) 3,054ms
[2024-08-04T17:54:02.403+0300][241,233s][info ][gc] GC(992) Pause Young (Normal) (G1 Evacuation Pause) 1280M->53M(2048M) 2,723ms
[2024-08-04T17:54:02.653+0300][241,483s][info ][gc] GC(993) Pause Young (Normal) (G1 Evacuation Pause) 1280M->53M(2048M) 2,866ms
[2024-08-04T17:54:02.929+0300][241,759s][info ][gc] GC(994) Pause Young (Normal) (G1 Evacuation Pause) 1280M->53M(2048M) 2,483ms
[2024-08-04T17:54:03.205+0300][242,035s][info ][gc] GC(995) Pause Young (Normal) (G1 Evacuation Pause) 1280M->53M(2048M) 2,929ms
[2024-08-04T17:54:03.469+0300][242,299s][info ][gc] GC(996) Pause Young (Normal) (G1 Evacuation Pause) 1280M->53M(2048M) 2,624ms
[2024-08-04T17:54:03.735+0300][242,565s][info ][gc] GC(997) Pause Young (Normal) (G1 Evacuation Pause) 1280M->53M(2048M) 2,633ms
[2024-08-04T17:54:04.077+0300][242,907s][info ][gc] GC(998) Pause Young (Normal) (G1 Evacuation Pause) 1280M->53M(2048M) 2,492ms
[2024-08-04T17:54:04.425+0300][243,255s][info ][gc] GC(999) Pause Young (Normal) (G1 Evacuation Pause) 1280M->53M(2048M) 3,216ms
[2024-08-04T17:54:04.690+0300][243,520s][info ][gc] GC(1000) Pause Young (Normal) (G1 Evacuation Pause) 1280M->53M(2048M) 3,291ms
[2024-08-04T17:54:04.949+0300][243,779s][info ][gc] GC(1001) Pause Young (Normal) (G1 Evacuation Pause) 1280M->53M(2048M) 3,059ms
[2024-08-04T17:54:05.192+0300][244,022s][info ][gc] GC(1002) Pause Young (Normal) (G1 Evacuation Pause) 1280M->54M(2048M) 3,039ms
[2024-08-04T17:54:05.474+0300][244,304s][info ][gc] GC(1003) Pause Young (Normal) (G1 Evacuation Pause) 1281M->54M(2048M) 3,179ms
[2024-08-04T17:54:05.706+0300][244,536s][info ][gc] GC(1004) Pause Young (Normal) (G1 Evacuation Pause) 1280M->54M(2048M) 3,147ms
[2024-08-04T17:54:05.936+0300][244,766s][info ][gc] GC(1005) Pause Young (Normal) (G1 Evacuation Pause) 1280M->54M(2048M) 3,379ms
[2024-08-04T17:54:06.140+0300][244,970s][info ][gc] GC(1006) Pause Young (Normal) (G1 Evacuation Pause) 1280M->54M(2048M) 3,234ms
[2024-08-04T17:54:06.374+0300][245,204s][info ][gc] GC(1007) Pause Young (Normal) (G1 Evacuation Pause) 1280M->54M(2048M) 3,353ms
[2024-08-04T17:54:06.583+0300][245,413s][info ][gc] GC(1008) Pause Young (Normal) (G1 Evacuation Pause) 1280M->54M(2048M) 3,268ms
[2024-08-04T17:54:06.795+0300][245,625s][info ][gc] GC(1009) Pause Young (Normal) (G1 Evacuation Pause) 1280M->54M(2048M) 2,941ms
[2024-08-04T17:54:07.023+0300][245,853s][info ][gc] GC(1010) Pause Young (Normal) (G1 Evacuation Pause) 1280M->54M(2048M) 3,142ms
[2024-08-04T17:54:07.244+0300][246,074s][info ][gc] GC(1011) Pause Young (Normal) (G1 Evacuation Pause) 1280M->54M(2048M) 3,084ms
[2024-08-04T17:54:07.459+0300][246,290s][info ][gc] GC(1012) Pause Young (Normal) (G1 Evacuation Pause) 1280M->54M(2048M) 3,319ms
[2024-08-04T17:54:07.677+0300][246,507s][info ][gc] GC(1013) Pause Young (Normal) (G1 Evacuation Pause) 1280M->54M(2048M) 3,328ms
[2024-08-04T17:54:07.904+0300][246,734s][info ][gc] GC(1014) Pause Young (Normal) (G1 Evacuation Pause) 1280M->54M(2048M) 3,424ms
[2024-08-04T17:54:08.112+0300][246,943s][info ][gc] GC(1015) Pause Young (Normal) (G1 Evacuation Pause) 1280M->54M(2048M) 3,076ms
[2024-08-04T17:54:08.338+0300][247,168s][info ][gc] GC(1016) Pause Young (Normal) (G1 Evacuation Pause) 1280M->54M(2048M) 3,069ms
[2024-08-04T17:54:08.536+0300][247,367s][info ][gc] GC(1017) Pause Young (Normal) (G1 Evacuation Pause) 1281M->55M(2048M) 3,190ms
[2024-08-04T17:54:08.764+0300][247,594s][info ][gc] GC(1018) Pause Young (Normal) (G1 Evacuation Pause) 1282M->55M(2048M) 2,802ms
[2024-08-04T17:54:08.989+0300][247,819s][info ][gc] GC(1019) Pause Young (Normal) (G1 Evacuation Pause) 1282M->55M(2048M) 3,135ms
[2024-08-04T17:54:09.206+0300][248,036s][info ][gc] GC(1020) Pause Young (Normal) (G1 Evacuation Pause) 1282M->55M(2048M) 2,865ms
[2024-08-04T17:54:09.411+0300][248,242s][info ][gc] GC(1021) Pause Young (Normal) (G1 Evacuation Pause) 1282M->55M(2048M) 3,168ms
[2024-08-04T17:54:09.609+0300][248,439s][info ][gc] GC(1022) Pause Young (Normal) (G1 Evacuation Pause) 1282M->55M(2048M) 3,131ms
[2024-08-04T17:54:09.828+0300][248,658s][info ][gc] GC(1023) Pause Young (Normal) (G1 Evacuation Pause) 1282M->55M(2048M) 2,897ms
[2024-08-04T17:54:10.056+0300][248,886s][info ][gc] GC(1024) Pause Young (Normal) (G1 Evacuation Pause) 1282M->55M(2048M) 2,967ms
[2024-08-04T17:54:10.273+0300][249,103s][info ][gc] GC(1025) Pause Young (Normal) (G1 Evacuation Pause) 1282M->55M(2048M) 2,768ms
[2024-08-04T17:54:10.480+0300][249,310s][info ][gc] GC(1026) Pause Young (Normal) (G1 Evacuation Pause) 1282M->55M(2048M) 3,044ms
[2024-08-04T17:54:10.707+0300][249,537s][info ][gc] GC(1027) Pause Young (Normal) (G1 Evacuation Pause) 1282M->55M(2048M) 2,921ms
[2024-08-04T17:54:10.939+0300][249,769s][info ][gc] GC(1028) Pause Young (Normal) (G1 Evacuation Pause) 1282M->55M(2048M) 3,018ms
[2024-08-04T17:54:11.146+0300][249,976s][info ][gc] GC(1029) Pause Young (Normal) (G1 Evacuation Pause) 1282M->55M(2048M) 2,998ms
[2024-08-04T17:54:11.368+0300][250,199s][info ][gc] GC(1030) Pause Young (Normal) (G1 Evacuation Pause) 1282M->55M(2048M) 3,210ms
[2024-08-04T17:54:11.573+0300][250,403s][info ][gc] GC(1031) Pause Young (Normal) (G1 Evacuation Pause) 1282M->55M(2048M) 3,269ms
[2024-08-04T17:54:11.829+0300][250,659s][info ][gc] GC(1032) Pause Young (Normal) (G1 Evacuation Pause) 1282M->55M(2048M) 3,082ms
[2024-08-04T17:54:12.043+0300][250,874s][info ][gc] GC(1033) Pause Young (Normal) (G1 Evacuation Pause) 1282M->55M(2048M) 2,912ms
[2024-08-04T17:54:12.253+0300][251,084s][info ][gc] GC(1034) Pause Young (Normal) (G1 Evacuation Pause) 1282M->55M(2048M) 2,535ms
[2024-08-04T17:54:12.489+0300][251,319s][info ][gc] GC(1035) Pause Young (Normal) (G1 Evacuation Pause) 1282M->55M(2048M) 2,377ms
[2024-08-04T17:54:12.708+0300][251,538s][info ][gc] GC(1036) Pause Young (Normal) (G1 Evacuation Pause) 1282M->55M(2048M) 2,362ms
[2024-08-04T17:54:12.938+0300][251,768s][info ][gc] GC(1037) Pause Young (Normal) (G1 Evacuation Pause) 1282M->55M(2048M) 2,792ms
[2024-08-04T17:54:13.154+0300][251,984s][info ][gc] GC(1038) Pause Young (Normal) (G1 Evacuation Pause) 1282M->56M(2048M) 2,630ms
[2024-08-04T17:54:13.369+0300][252,199s][info ][gc] GC(1039) Pause Young (Normal) (G1 Evacuation Pause) 1283M->56M(2048M) 2,508ms
[2024-08-04T17:54:13.603+0300][252,433s][info ][gc] GC(1040) Pause Young (Normal) (G1 Evacuation Pause) 1283M->56M(2048M) 2,535ms
[2024-08-04T17:54:13.817+0300][252,647s][info ][gc] GC(1041) Pause Young (Normal) (G1 Evacuation Pause) 1283M->56M(2048M) 2,543ms
[2024-08-04T17:54:14.074+0300][252,905s][info ][gc] GC(1042) Pause Young (Normal) (G1 Evacuation Pause) 1283M->56M(2048M) 2,438ms
[2024-08-04T17:54:14.310+0300][253,140s][info ][gc] GC(1043) Pause Young (Normal) (G1 Evacuation Pause) 1283M->56M(2048M) 2,458ms
[2024-08-04T17:54:14.551+0300][253,381s][info ][gc] GC(1044) Pause Young (Normal) (G1 Evacuation Pause) 1283M->56M(2048M) 2,500ms
[2024-08-04T17:54:14.786+0300][253,616s][info ][gc] GC(1045) Pause Young (Normal) (G1 Evacuation Pause) 1283M->56M(2048M) 2,476ms
[2024-08-04T17:54:15.024+0300][253,854s][info ][gc] GC(1046) Pause Young (Normal) (G1 Evacuation Pause) 1283M->56M(2048M) 2,495ms
[2024-08-04T17:54:15.261+0300][254,091s][info ][gc] GC(1047) Pause Young (Normal) (G1 Evacuation Pause) 1283M->56M(2048M) 2,422ms
[2024-08-04T17:54:15.513+0300][254,343s][info ][gc] GC(1048) Pause Young (Normal) (G1 Evacuation Pause) 1283M->56M(2048M) 2,324ms
[2024-08-04T17:54:15.774+0300][254,604s][info ][gc] GC(1049) Pause Young (Normal) (G1 Evacuation Pause) 1283M->56M(2048M) 3,135ms
[2024-08-04T17:54:16.005+0300][254,835s][info ][gc] GC(1050) Pause Young (Normal) (G1 Evacuation Pause) 1283M->56M(2048M) 2,796ms
[2024-08-04T17:54:16.227+0300][255,057s][info ][gc] GC(1051) Pause Young (Normal) (G1 Evacuation Pause) 1283M->56M(2048M) 2,886ms
[2024-08-04T17:54:16.455+0300][255,285s][info ][gc] GC(1052) Pause Young (Normal) (G1 Evacuation Pause) 1283M->56M(2048M) 2,870ms
[2024-08-04T17:54:16.680+0300][255,510s][info ][gc] GC(1053) Pause Young (Normal) (G1 Evacuation Pause) 1283M->56M(2048M) 3,024ms
[2024-08-04T17:54:16.930+0300][255,760s][info ][gc] GC(1054) Pause Young (Normal) (G1 Evacuation Pause) 1283M->56M(2048M) 3,049ms
[2024-08-04T17:54:17.173+0300][256,003s][info ][gc] GC(1055) Pause Young (Normal) (G1 Evacuation Pause) 1283M->56M(2048M) 3,180ms
[2024-08-04T17:54:17.422+0300][256,252s][info ][gc] GC(1056) Pause Young (Normal) (G1 Evacuation Pause) 1283M->56M(2048M) 2,938ms
[2024-08-04T17:54:17.667+0300][256,497s][info ][gc] GC(1057) Pause Young (Normal) (G1 Evacuation Pause) 1283M->56M(2048M) 2,788ms
[2024-08-04T17:54:17.901+0300][256,731s][info ][gc] GC(1058) Pause Young (Normal) (G1 Evacuation Pause) 1283M->56M(2048M) 2,814ms
[2024-08-04T17:54:18.148+0300][256,978s][info ][gc] GC(1059) Pause Young (Normal) (G1 Evacuation Pause) 1283M->56M(2048M) 2,914ms
[2024-08-04T17:54:18.400+0300][257,230s][info ][gc] GC(1060) Pause Young (Normal) (G1 Evacuation Pause) 1283M->56M(2048M) 2,789ms
[2024-08-04T17:54:18.917+0300][257,747s][info ][gc] GC(1061) Pause Young (Normal) (G1 Evacuation Pause) 1283M->56M(2048M) 3,080ms
[2024-08-04T17:54:19.205+0300][258,035s][info ][gc] GC(1062) Pause Young (Normal) (G1 Evacuation Pause) 1283M->56M(2048M) 3,107ms
[2024-08-04T17:54:19.450+0300][258,280s][info ][gc] GC(1063) Pause Young (Normal) (G1 Evacuation Pause) 1283M->57M(2048M) 2,950ms
[2024-08-04T17:54:19.686+0300][258,516s][info ][gc] GC(1064) Pause Young (Normal) (G1 Evacuation Pause) 1284M->57M(2048M) 2,969ms
[2024-08-04T17:54:19.925+0300][258,755s][info ][gc] GC(1065) Pause Young (Normal) (G1 Evacuation Pause) 1284M->57M(2048M) 3,122ms
[2024-08-04T17:54:20.164+0300][258,994s][info ][gc] GC(1066) Pause Young (Normal) (G1 Evacuation Pause) 1284M->57M(2048M) 3,243ms
[2024-08-04T17:54:20.377+0300][259,207s][info ][gc] GC(1067) Pause Young (Normal) (G1 Evacuation Pause) 1283M->57M(2048M) 3,269ms
[2024-08-04T17:54:20.578+0300][259,409s][info ][gc] GC(1068) Pause Young (Normal) (G1 Evacuation Pause) 1283M->57M(2048M) 3,237ms
[2024-08-04T17:54:20.780+0300][259,610s][info ][gc] GC(1069) Pause Young (Normal) (G1 Evacuation Pause) 1283M->57M(2048M) 3,219ms
[2024-08-04T17:54:21.000+0300][259,830s][info ][gc] GC(1070) Pause Young (Normal) (G1 Evacuation Pause) 1283M->57M(2048M) 3,475ms
[2024-08-04T17:54:21.198+0300][260,028s][info ][gc] GC(1071) Pause Young (Normal) (G1 Evacuation Pause) 1283M->57M(2048M) 3,028ms
[2024-08-04T17:54:21.419+0300][260,249s][info ][gc] GC(1072) Pause Young (Normal) (G1 Evacuation Pause) 1283M->57M(2048M) 3,435ms
[2024-08-04T17:54:21.617+0300][260,447s][info ][gc] GC(1073) Pause Young (Normal) (G1 Evacuation Pause) 1283M->57M(2048M) 3,332ms
[2024-08-04T17:54:21.836+0300][260,667s][info ][gc] GC(1074) Pause Young (Normal) (G1 Evacuation Pause) 1283M->57M(2048M) 3,289ms
[2024-08-04T17:54:22.034+0300][260,864s][info ][gc] GC(1075) Pause Young (Normal) (G1 Evacuation Pause) 1283M->58M(2048M) 3,489ms
[2024-08-04T17:54:22.252+0300][261,082s][info ][gc] GC(1076) Pause Young (Normal) (G1 Evacuation Pause) 1284M->58M(2048M) 3,467ms
[2024-08-04T17:54:22.472+0300][261,302s][info ][gc] GC(1077) Pause Young (Normal) (G1 Evacuation Pause) 1284M->58M(2048M) 3,253ms
[2024-08-04T17:54:22.693+0300][261,523s][info ][gc] GC(1078) Pause Young (Normal) (G1 Evacuation Pause) 1284M->58M(2048M) 3,176ms
[2024-08-04T17:54:22.894+0300][261,724s][info ][gc] GC(1079) Pause Young (Normal) (G1 Evacuation Pause) 1284M->58M(2048M) 3,184ms
[2024-08-04T17:54:23.113+0300][261,943s][info ][gc] GC(1080) Pause Young (Normal) (G1 Evacuation Pause) 1284M->58M(2048M) 3,158ms
[2024-08-04T17:54:23.334+0300][262,164s][info ][gc] GC(1081) Pause Young (Normal) (G1 Evacuation Pause) 1285M->58M(2048M) 3,053ms
[2024-08-04T17:54:23.555+0300][262,385s][info ][gc] GC(1082) Pause Young (Normal) (G1 Evacuation Pause) 1285M->58M(2048M) 3,101ms
[2024-08-04T17:54:23.755+0300][262,586s][info ][gc] GC(1083) Pause Young (Normal) (G1 Evacuation Pause) 1285M->58M(2048M) 3,117ms
[2024-08-04T17:54:23.977+0300][262,807s][info ][gc] GC(1084) Pause Young (Normal) (G1 Evacuation Pause) 1285M->58M(2048M) 2,678ms
[2024-08-04T17:54:24.195+0300][263,025s][info ][gc] GC(1085) Pause Young (Normal) (G1 Evacuation Pause) 1285M->58M(2048M) 2,889ms
[2024-08-04T17:54:24.408+0300][263,238s][info ][gc] GC(1086) Pause Young (Normal) (G1 Evacuation Pause) 1285M->58M(2048M) 2,920ms
[2024-08-04T17:54:24.610+0300][263,440s][info ][gc] GC(1087) Pause Young (Normal) (G1 Evacuation Pause) 1285M->58M(2048M) 2,856ms
[2024-08-04T17:54:24.831+0300][263,661s][info ][gc] GC(1088) Pause Young (Normal) (G1 Evacuation Pause) 1285M->58M(2048M) 2,928ms
[2024-08-04T17:54:25.052+0300][263,882s][info ][gc] GC(1089) Pause Young (Normal) (G1 Evacuation Pause) 1285M->58M(2048M) 2,961ms
[2024-08-04T17:54:25.274+0300][264,104s][info ][gc] GC(1090) Pause Young (Normal) (G1 Evacuation Pause) 1285M->58M(2048M) 3,262ms
[2024-08-04T17:54:25.479+0300][264,309s][info ][gc] GC(1091) Pause Young (Normal) (G1 Evacuation Pause) 1285M->58M(2048M) 2,946ms
[2024-08-04T17:54:25.680+0300][264,510s][info ][gc] GC(1092) Pause Young (Normal) (G1 Evacuation Pause) 1285M->58M(2048M) 2,795ms
[2024-08-04T17:54:25.884+0300][264,715s][info ][gc] GC(1093) Pause Young (Normal) (G1 Evacuation Pause) 1285M->58M(2048M) 2,692ms
[2024-08-04T17:54:26.113+0300][264,943s][info ][gc] GC(1094) Pause Young (Normal) (G1 Evacuation Pause) 1285M->58M(2048M) 2,386ms
[2024-08-04T17:54:26.333+0300][265,163s][info ][gc] GC(1095) Pause Young (Normal) (G1 Evacuation Pause) 1285M->58M(2048M) 3,286ms
[2024-08-04T17:54:26.567+0300][265,397s][info ][gc] GC(1096) Pause Young (Normal) (G1 Evacuation Pause) 1285M->59M(2048M) 2,875ms
[2024-08-04T17:54:26.788+0300][265,618s][info ][gc] GC(1097) Pause Young (Normal) (G1 Evacuation Pause) 1286M->59M(2048M) 2,863ms
[2024-08-04T17:54:27.025+0300][265,855s][info ][gc] GC(1098) Pause Young (Normal) (G1 Evacuation Pause) 1286M->59M(2048M) 2,960ms
[2024-08-04T17:54:27.244+0300][266,074s][info ][gc] GC(1099) Pause Young (Normal) (G1 Evacuation Pause) 1286M->59M(2048M) 2,768ms
[2024-08-04T17:54:27.482+0300][266,312s][info ][gc] GC(1100) Pause Young (Normal) (G1 Evacuation Pause) 1286M->59M(2048M) 2,732ms
[2024-08-04T17:54:27.714+0300][266,544s][info ][gc] GC(1101) Pause Young (Normal) (G1 Evacuation Pause) 1286M->59M(2048M) 2,939ms
[2024-08-04T17:54:27.947+0300][266,777s][info ][gc] GC(1102) Pause Young (Normal) (G1 Evacuation Pause) 1286M->59M(2048M) 2,411ms
[2024-08-04T17:54:28.176+0300][267,006s][info ][gc] GC(1103) Pause Young (Normal) (G1 Evacuation Pause) 1286M->59M(2048M) 3,148ms
[2024-08-04T17:54:28.406+0300][267,236s][info ][gc] GC(1104) Pause Young (Normal) (G1 Evacuation Pause) 1286M->59M(2048M) 2,900ms
[2024-08-04T17:54:28.640+0300][267,470s][info ][gc] GC(1105) Pause Young (Normal) (G1 Evacuation Pause) 1286M->59M(2048M) 2,946ms
[2024-08-04T17:54:28.854+0300][267,684s][info ][gc] GC(1106) Pause Young (Normal) (G1 Evacuation Pause) 1286M->59M(2048M) 2,877ms
[2024-08-04T17:54:29.090+0300][267,921s][info ][gc] GC(1107) Pause Young (Normal) (G1 Evacuation Pause) 1286M->59M(2048M) 2,981ms
[2024-08-04T17:54:29.330+0300][268,160s][info ][gc] GC(1108) Pause Young (Normal) (G1 Evacuation Pause) 1286M->59M(2048M) 3,015ms
[2024-08-04T17:54:29.549+0300][268,379s][info ][gc] GC(1109) Pause Young (Normal) (G1 Evacuation Pause) 1286M->59M(2048M) 3,148ms
[2024-08-04T17:54:29.776+0300][268,606s][info ][gc] GC(1110) Pause Young (Normal) (G1 Evacuation Pause) 1286M->59M(2048M) 3,063ms
[2024-08-04T17:54:30.019+0300][268,849s][info ][gc] GC(1111) Pause Young (Normal) (G1 Evacuation Pause) 1286M->59M(2048M) 2,889ms
[2024-08-04T17:54:30.253+0300][269,084s][info ][gc] GC(1112) Pause Young (Normal) (G1 Evacuation Pause) 1286M->59M(2048M) 3,093ms
[2024-08-04T17:54:30.501+0300][269,331s][info ][gc] GC(1113) Pause Young (Normal) (G1 Evacuation Pause) 1286M->59M(2048M) 2,485ms
[2024-08-04T17:54:30.737+0300][269,567s][info ][gc] GC(1114) Pause Young (Normal) (G1 Evacuation Pause) 1286M->59M(2048M) 3,024ms
[2024-08-04T17:54:30.986+0300][269,816s][info ][gc] GC(1115) Pause Young (Normal) (G1 Evacuation Pause) 1286M->59M(2048M) 2,647ms
[2024-08-04T17:54:31.233+0300][270,063s][info ][gc] GC(1116) Pause Young (Normal) (G1 Evacuation Pause) 1286M->59M(2048M) 2,633ms
[2024-08-04T17:54:31.474+0300][270,304s][info ][gc] GC(1117) Pause Young (Normal) (G1 Evacuation Pause) 1286M->59M(2048M) 2,528ms
[2024-08-04T17:54:31.703+0300][270,533s][info ][gc] GC(1118) Pause Young (Normal) (G1 Evacuation Pause) 1286M->59M(2048M) 3,263ms
[2024-08-04T17:54:31.933+0300][270,763s][info ][gc] GC(1119) Pause Young (Normal) (G1 Evacuation Pause) 1286M->59M(2048M) 2,867ms
[2024-08-04T17:54:32.179+0300][271,009s][info ][gc] GC(1120) Pause Young (Normal) (G1 Evacuation Pause) 1286M->59M(2048M) 2,816ms
[2024-08-04T17:54:32.433+0300][271,263s][info ][gc] GC(1121) Pause Young (Normal) (G1 Evacuation Pause) 1286M->59M(2048M) 3,251ms
[2024-08-04T17:54:32.690+0300][271,520s][info ][gc] GC(1122) Pause Young (Normal) (G1 Evacuation Pause) 1286M->60M(2048M) 2,829ms
[2024-08-04T17:54:33.111+0300][271,941s][info ][gc] GC(1123) Pause Young (Normal) (G1 Evacuation Pause) 1287M->59M(2048M) 2,728ms
[2024-08-04T17:54:33.418+0300][272,248s][info ][gc] GC(1124) Pause Young (Normal) (G1 Evacuation Pause) 1286M->60M(2048M) 2,816ms
[2024-08-04T17:54:33.664+0300][272,494s][info ][gc] GC(1125) Pause Young (Normal) (G1 Evacuation Pause) 1287M->60M(2048M) 3,315ms
[2024-08-04T17:54:33.900+0300][272,730s][info ][gc] GC(1126) Pause Young (Normal) (G1 Evacuation Pause) 1287M->60M(2048M) 2,954ms
[2024-08-04T17:54:34.121+0300][272,951s][info ][gc] GC(1127) Pause Young (Normal) (G1 Evacuation Pause) 1287M->60M(2048M) 3,061ms
[2024-08-04T17:54:34.328+0300][273,158s][info ][gc] GC(1128) Pause Young (Normal) (G1 Evacuation Pause) 1287M->60M(2048M) 3,393ms
[2024-08-04T17:54:34.549+0300][273,379s][info ][gc] GC(1129) Pause Young (Normal) (G1 Evacuation Pause) 1286M->60M(2048M) 3,457ms
[2024-08-04T17:54:34.751+0300][273,581s][info ][gc] GC(1130) Pause Young (Normal) (G1 Evacuation Pause) 1286M->60M(2048M) 3,257ms
[2024-08-04T17:54:34.970+0300][273,801s][info ][gc] GC(1131) Pause Young (Normal) (G1 Evacuation Pause) 1286M->60M(2048M) 3,326ms
[2024-08-04T17:54:35.192+0300][274,022s][info ][gc] GC(1132) Pause Young (Normal) (G1 Evacuation Pause) 1286M->60M(2048M) 3,536ms
[2024-08-04T17:54:35.392+0300][274,222s][info ][gc] GC(1133) Pause Young (Normal) (G1 Evacuation Pause) 1286M->60M(2048M) 3,320ms
[2024-08-04T17:54:35.621+0300][274,452s][info ][gc] GC(1134) Pause Young (Normal) (G1 Evacuation Pause) 1286M->61M(2048M) 3,414ms
[2024-08-04T17:54:35.820+0300][274,650s][info ][gc] GC(1135) Pause Young (Normal) (G1 Evacuation Pause) 1287M->61M(2048M) 3,461ms
[2024-08-04T17:54:36.025+0300][274,855s][info ][gc] GC(1136) Pause Young (Normal) (G1 Evacuation Pause) 1287M->61M(2048M) 3,116ms
[2024-08-04T17:54:36.241+0300][275,072s][info ][gc] GC(1137) Pause Young (Normal) (G1 Evacuation Pause) 1287M->61M(2048M) 3,364ms
[2024-08-04T17:54:36.449+0300][275,279s][info ][gc] GC(1138) Pause Young (Normal) (G1 Evacuation Pause) 1287M->61M(2048M) 3,460ms
[2024-08-04T17:54:36.659+0300][275,489s][info ][gc] GC(1139) Pause Young (Normal) (G1 Evacuation Pause) 1287M->61M(2048M) 3,264ms
[2024-08-04T17:54:36.886+0300][275,716s][info ][gc] GC(1140) Pause Young (Normal) (G1 Evacuation Pause) 1287M->61M(2048M) 3,416ms
[2024-08-04T17:54:37.088+0300][275,918s][info ][gc] GC(1141) Pause Young (Normal) (G1 Evacuation Pause) 1287M->61M(2048M) 3,082ms
[2024-08-04T17:54:37.306+0300][276,136s][info ][gc] GC(1142) Pause Young (Normal) (G1 Evacuation Pause) 1287M->61M(2048M) 3,212ms
[2024-08-04T17:54:37.507+0300][276,338s][info ][gc] GC(1143) Pause Young (Normal) (G1 Evacuation Pause) 1288M->61M(2048M) 3,227ms
[2024-08-04T17:54:37.717+0300][276,547s][info ][gc] GC(1144) Pause Young (Normal) (G1 Evacuation Pause) 1288M->61M(2048M) 3,120ms
[2024-08-04T17:54:37.945+0300][276,775s][info ][gc] GC(1145) Pause Young (Normal) (G1 Evacuation Pause) 1288M->61M(2048M) 2,539ms
[2024-08-04T17:54:38.169+0300][276,999s][info ][gc] GC(1146) Pause Young (Normal) (G1 Evacuation Pause) 1288M->61M(2048M) 2,833ms
[2024-08-04T17:54:38.370+0300][277,201s][info ][gc] GC(1147) Pause Young (Normal) (G1 Evacuation Pause) 1288M->61M(2048M) 3,379ms
[2024-08-04T17:54:38.568+0300][277,398s][info ][gc] GC(1148) Pause Young (Normal) (G1 Evacuation Pause) 1288M->61M(2048M) 3,129ms
[2024-08-04T17:54:38.789+0300][277,619s][info ][gc] GC(1149) Pause Young (Normal) (G1 Evacuation Pause) 1288M->61M(2048M) 3,041ms
[2024-08-04T17:54:39.018+0300][277,848s][info ][gc] GC(1150) Pause Young (Normal) (G1 Evacuation Pause) 1288M->61M(2048M) 2,473ms
[2024-08-04T17:54:39.223+0300][278,053s][info ][gc] GC(1151) Pause Young (Normal) (G1 Evacuation Pause) 1288M->61M(2048M) 3,067ms
[2024-08-04T17:54:39.452+0300][278,282s][info ][gc] GC(1152) Pause Young (Normal) (G1 Evacuation Pause) 1288M->61M(2048M) 3,223ms
[2024-08-04T17:54:39.673+0300][278,503s][info ][gc] GC(1153) Pause Young (Normal) (G1 Evacuation Pause) 1288M->61M(2048M) 3,064ms
[2024-08-04T17:54:39.905+0300][278,735s][info ][gc] GC(1154) Pause Young (Normal) (G1 Evacuation Pause) 1288M->62M(2048M) 3,207ms
[2024-08-04T17:54:40.129+0300][278,959s][info ][gc] GC(1155) Pause Young (Normal) (G1 Evacuation Pause) 1289M->62M(2048M) 2,888ms
[2024-08-04T17:54:40.354+0300][279,184s][info ][gc] GC(1156) Pause Young (Normal) (G1 Evacuation Pause) 1289M->62M(2048M) 2,956ms
[2024-08-04T17:54:40.560+0300][279,390s][info ][gc] GC(1157) Pause Young (Normal) (G1 Evacuation Pause) 1289M->62M(2048M) 2,969ms
[2024-08-04T17:54:40.763+0300][279,593s][info ][gc] GC(1158) Pause Young (Normal) (G1 Evacuation Pause) 1289M->62M(2048M) 2,940ms
[2024-08-04T17:54:40.988+0300][279,818s][info ][gc] GC(1159) Pause Young (Normal) (G1 Evacuation Pause) 1289M->62M(2048M) 2,641ms
[2024-08-04T17:54:41.201+0300][280,031s][info ][gc] GC(1160) Pause Young (Normal) (G1 Evacuation Pause) 1289M->62M(2048M) 3,325ms
[2024-08-04T17:54:41.414+0300][280,244s][info ][gc] GC(1161) Pause Young (Normal) (G1 Evacuation Pause) 1289M->62M(2048M) 2,888ms
[2024-08-04T17:54:41.635+0300][280,466s][info ][gc] GC(1162) Pause Young (Normal) (G1 Evacuation Pause) 1289M->62M(2048M) 3,113ms
[2024-08-04T17:54:41.857+0300][280,687s][info ][gc] GC(1163) Pause Young (Normal) (G1 Evacuation Pause) 1289M->62M(2048M) 2,999ms
[2024-08-04T17:54:42.079+0300][280,909s][info ][gc] GC(1164) Pause Young (Normal) (G1 Evacuation Pause) 1289M->62M(2048M) 2,339ms
[2024-08-04T17:54:42.286+0300][281,116s][info ][gc] GC(1165) Pause Young (Normal) (G1 Evacuation Pause) 1289M->62M(2048M) 3,014ms
[2024-08-04T17:54:42.510+0300][281,340s][info ][gc] GC(1166) Pause Young (Normal) (G1 Evacuation Pause) 1289M->62M(2048M) 2,813ms
[2024-08-04T17:54:42.738+0300][281,568s][info ][gc] GC(1167) Pause Young (Normal) (G1 Evacuation Pause) 1289M->62M(2048M) 2,806ms
[2024-08-04T17:54:42.963+0300][281,793s][info ][gc] GC(1168) Pause Young (Normal) (G1 Evacuation Pause) 1289M->62M(2048M) 3,087ms
[2024-08-04T17:54:43.172+0300][282,003s][info ][gc] GC(1169) Pause Young (Normal) (G1 Evacuation Pause) 1289M->62M(2048M) 2,770ms
[2024-08-04T17:54:43.378+0300][282,209s][info ][gc] GC(1170) Pause Young (Normal) (G1 Evacuation Pause) 1289M->62M(2048M) 3,202ms
[2024-08-04T17:54:43.609+0300][282,439s][info ][gc] GC(1171) Pause Young (Normal) (G1 Evacuation Pause) 1289M->62M(2048M) 2,167ms
[2024-08-04T17:54:43.816+0300][282,646s][info ][gc] GC(1172) Pause Young (Normal) (G1 Evacuation Pause) 1289M->62M(2048M) 2,829ms
[2024-08-04T17:54:44.032+0300][282,862s][info ][gc] GC(1173) Pause Young (Normal) (G1 Evacuation Pause) 1289M->62M(2048M) 3,277ms
[2024-08-04T17:54:44.260+0300][283,090s][info ][gc] GC(1174) Pause Young (Normal) (G1 Evacuation Pause) 1289M->62M(2048M) 2,929ms
[2024-08-04T17:54:44.477+0300][283,307s][info ][gc] GC(1175) Pause Young (Normal) (G1 Evacuation Pause) 1289M->62M(2048M) 2,824ms
[2024-08-04T17:54:44.689+0300][283,519s][info ][gc] GC(1176) Pause Young (Normal) (G1 Evacuation Pause) 1289M->62M(2048M) 2,878ms
[2024-08-04T17:54:44.927+0300][283,757s][info ][gc] GC(1177) Pause Young (Normal) (G1 Evacuation Pause) 1289M->62M(2048M) 2,762ms
[2024-08-04T17:54:45.160+0300][283,991s][info ][gc] GC(1178) Pause Young (Normal) (G1 Evacuation Pause) 1289M->62M(2048M) 2,710ms
[2024-08-04T17:54:45.400+0300][284,230s][info ][gc] GC(1179) Pause Young (Normal) (G1 Evacuation Pause) 1289M->62M(2048M) 3,041ms
[2024-08-04T17:54:45.632+0300][284,462s][info ][gc] GC(1180) Pause Young (Normal) (G1 Evacuation Pause) 1289M->62M(2048M) 2,820ms
[2024-08-04T17:54:45.873+0300][284,703s][info ][gc] GC(1181) Pause Young (Normal) (G1 Evacuation Pause) 1289M->63M(2048M) 2,920ms
[2024-08-04T17:54:46.095+0300][284,925s][info ][gc] GC(1182) Pause Young (Normal) (G1 Evacuation Pause) 1290M->63M(2048M) 3,013ms
[2024-08-04T17:54:46.336+0300][285,166s][info ][gc] GC(1183) Pause Young (Normal) (G1 Evacuation Pause) 1290M->63M(2048M) 3,055ms
[2024-08-04T17:54:46.613+0300][285,443s][info ][gc] GC(1184) Pause Young (Normal) (G1 Evacuation Pause) 1290M->63M(2048M) 3,094ms
[2024-08-04T17:54:46.971+0300][285,801s][info ][gc] GC(1185) Pause Young (Normal) (G1 Evacuation Pause) 1290M->62M(2048M) 2,947ms
[2024-08-04T17:54:47.303+0300][286,133s][info ][gc] GC(1186) Pause Young (Normal) (G1 Evacuation Pause) 1289M->63M(2048M) 2,206ms
[2024-08-04T17:54:47.566+0300][286,396s][info ][gc] GC(1187) Pause Young (Normal) (G1 Evacuation Pause) 1290M->63M(2048M) 2,522ms
[2024-08-04T17:54:47.823+0300][286,653s][info ][gc] GC(1188) Pause Young (Normal) (G1 Evacuation Pause) 1290M->63M(2048M) 2,678ms
[2024-08-04T17:54:48.057+0300][286,887s][info ][gc] GC(1189) Pause Young (Normal) (G1 Evacuation Pause) 1290M->63M(2048M) 2,711ms
[2024-08-04T17:54:48.276+0300][287,106s][info ][gc] GC(1190) Pause Young (Normal) (G1 Evacuation Pause) 1290M->63M(2048M) 2,720ms
[2024-08-04T17:54:48.501+0300][287,331s][info ][gc] GC(1191) Pause Young (Normal) (G1 Evacuation Pause) 1289M->63M(2048M) 2,775ms
[2024-08-04T17:54:48.729+0300][287,559s][info ][gc] GC(1192) Pause Young (Normal) (G1 Evacuation Pause) 1289M->63M(2048M) 3,030ms
[2024-08-04T17:54:48.944+0300][287,774s][info ][gc] GC(1193) Pause Young (Normal) (G1 Evacuation Pause) 1289M->63M(2048M) 3,055ms
[2024-08-04T17:54:49.167+0300][287,997s][info ][gc] GC(1194) Pause Young (Normal) (G1 Evacuation Pause) 1289M->63M(2048M) 2,759ms
[2024-08-04T17:54:49.388+0300][288,218s][info ][gc] GC(1195) Pause Young (Normal) (G1 Evacuation Pause) 1289M->64M(2048M) 2,872ms
[2024-08-04T17:54:49.615+0300][288,445s][info ][gc] GC(1196) Pause Young (Normal) (G1 Evacuation Pause) 1290M->64M(2048M) 2,889ms
[2024-08-04T17:54:49.837+0300][288,667s][info ][gc] GC(1197) Pause Young (Normal) (G1 Evacuation Pause) 1290M->64M(2048M) 3,252ms
[2024-08-04T17:54:50.058+0300][288,888s][info ][gc] GC(1198) Pause Young (Normal) (G1 Evacuation Pause) 1290M->64M(2048M) 3,007ms
[2024-08-04T17:54:50.267+0300][289,097s][info ][gc] GC(1199) Pause Young (Normal) (G1 Evacuation Pause) 1290M->64M(2048M) 2,953ms
[2024-08-04T17:54:50.486+0300][289,316s][info ][gc] GC(1200) Pause Young (Normal) (G1 Evacuation Pause) 1290M->64M(2048M) 3,106ms
[2024-08-04T17:54:50.718+0300][289,548s][info ][gc] GC(1201) Pause Young (Normal) (G1 Evacuation Pause) 1290M->64M(2048M) 3,392ms
[2024-08-04T17:54:50.947+0300][289,777s][info ][gc] GC(1202) Pause Young (Normal) (G1 Evacuation Pause) 1290M->64M(2048M) 3,380ms
[2024-08-04T17:54:51.147+0300][289,977s][info ][gc] GC(1203) Pause Young (Normal) (G1 Evacuation Pause) 1290M->64M(2048M) 3,373ms
[2024-08-04T17:54:51.345+0300][290,175s][info ][gc] GC(1204) Pause Young (Normal) (G1 Evacuation Pause) 1291M->64M(2048M) 3,326ms
[2024-08-04T17:54:51.555+0300][290,385s][info ][gc] GC(1205) Pause Young (Normal) (G1 Evacuation Pause) 1290M->64M(2048M) 3,187ms
[2024-08-04T17:54:51.780+0300][290,610s][info ][gc] GC(1206) Pause Young (Normal) (G1 Evacuation Pause) 1291M->64M(2048M) 3,249ms
[2024-08-04T17:54:51.988+0300][290,818s][info ][gc] GC(1207) Pause Young (Normal) (G1 Evacuation Pause) 1291M->64M(2048M) 3,423ms
[2024-08-04T17:54:52.213+0300][291,043s][info ][gc] GC(1208) Pause Young (Normal) (G1 Evacuation Pause) 1291M->64M(2048M) 3,058ms
[2024-08-04T17:54:52.439+0300][291,270s][info ][gc] GC(1209) Pause Young (Normal) (G1 Evacuation Pause) 1291M->64M(2048M) 3,072ms
[2024-08-04T17:54:52.664+0300][291,494s][info ][gc] GC(1210) Pause Young (Normal) (G1 Evacuation Pause) 1291M->64M(2048M) 2,891ms
[2024-08-04T17:54:52.865+0300][291,696s][info ][gc] GC(1211) Pause Young (Normal) (G1 Evacuation Pause) 1291M->64M(2048M) 2,966ms
[2024-08-04T17:54:53.093+0300][291,923s][info ][gc] GC(1212) Pause Young (Normal) (G1 Evacuation Pause) 1291M->64M(2048M) 2,927ms
[2024-08-04T17:54:53.305+0300][292,135s][info ][gc] GC(1213) Pause Young (Normal) (G1 Evacuation Pause) 1291M->64M(2048M) 3,048ms
[2024-08-04T17:54:53.516+0300][292,346s][info ][gc] GC(1214) Pause Young (Normal) (G1 Evacuation Pause) 1291M->65M(2048M) 2,902ms
[2024-08-04T17:54:53.733+0300][292,564s][info ][gc] GC(1215) Pause Young (Normal) (G1 Evacuation Pause) 1292M->65M(2048M) 2,814ms
[2024-08-04T17:54:53.956+0300][292,787s][info ][gc] GC(1216) Pause Young (Normal) (G1 Evacuation Pause) 1292M->65M(2048M) 3,318ms
[2024-08-04T17:54:54.161+0300][292,991s][info ][gc] GC(1217) Pause Young (Normal) (G1 Evacuation Pause) 1292M->65M(2048M) 3,352ms
[2024-08-04T17:54:54.385+0300][293,215s][info ][gc] GC(1218) Pause Young (Normal) (G1 Evacuation Pause) 1292M->65M(2048M) 2,860ms
[2024-08-04T17:54:54.584+0300][293,414s][info ][gc] GC(1219) Pause Young (Normal) (G1 Evacuation Pause) 1292M->65M(2048M) 3,121ms
[2024-08-04T17:54:54.808+0300][293,638s][info ][gc] GC(1220) Pause Young (Normal) (G1 Evacuation Pause) 1292M->65M(2048M) 3,208ms
[2024-08-04T17:54:55.033+0300][293,864s][info ][gc] GC(1221) Pause Young (Normal) (G1 Evacuation Pause) 1292M->65M(2048M) 2,811ms
[2024-08-04T17:54:55.258+0300][294,088s][info ][gc] GC(1222) Pause Young (Normal) (G1 Evacuation Pause) 1292M->65M(2048M) 3,110ms
[2024-08-04T17:54:55.459+0300][294,289s][info ][gc] GC(1223) Pause Young (Normal) (G1 Evacuation Pause) 1292M->65M(2048M) 2,868ms
[2024-08-04T17:54:55.685+0300][294,515s][info ][gc] GC(1224) Pause Young (Normal) (G1 Evacuation Pause) 1292M->65M(2048M) 2,910ms
[2024-08-04T17:54:55.887+0300][294,718s][info ][gc] GC(1225) Pause Young (Normal) (G1 Evacuation Pause) 1292M->65M(2048M) 2,738ms
[2024-08-04T17:54:56.116+0300][294,947s][info ][gc] GC(1226) Pause Young (Normal) (G1 Evacuation Pause) 1292M->65M(2048M) 3,160ms
[2024-08-04T17:54:56.324+0300][295,155s][info ][gc] GC(1227) Pause Young (Normal) (G1 Evacuation Pause) 1292M->65M(2048M) 3,051ms
[2024-08-04T17:54:56.533+0300][295,364s][info ][gc] GC(1228) Pause Young (Normal) (G1 Evacuation Pause) 1292M->65M(2048M) 3,083ms
[2024-08-04T17:54:56.764+0300][295,594s][info ][gc] GC(1229) Pause Young (Normal) (G1 Evacuation Pause) 1292M->65M(2048M) 3,059ms
[2024-08-04T17:54:56.998+0300][295,828s][info ][gc] GC(1230) Pause Young (Normal) (G1 Evacuation Pause) 1292M->65M(2048M) 3,142ms
[2024-08-04T17:54:57.214+0300][296,044s][info ][gc] GC(1231) Pause Young (Normal) (G1 Evacuation Pause) 1292M->65M(2048M) 3,091ms
[2024-08-04T17:54:57.444+0300][296,275s][info ][gc] GC(1232) Pause Young (Normal) (G1 Evacuation Pause) 1292M->65M(2048M) 2,768ms
[2024-08-04T17:54:57.676+0300][296,506s][info ][gc] GC(1233) Pause Young (Normal) (G1 Evacuation Pause) 1292M->65M(2048M) 3,373ms
[2024-08-04T17:54:57.906+0300][296,736s][info ][gc] GC(1234) Pause Young (Normal) (G1 Evacuation Pause) 1292M->65M(2048M) 2,812ms
[2024-08-04T17:54:58.143+0300][296,973s][info ][gc] GC(1235) Pause Young (Normal) (G1 Evacuation Pause) 1292M->65M(2048M) 3,151ms
[2024-08-04T17:54:58.376+0300][297,206s][info ][gc] GC(1236) Pause Young (Normal) (G1 Evacuation Pause) 1292M->65M(2048M) 2,916ms
[2024-08-04T17:54:58.608+0300][297,438s][info ][gc] GC(1237) Pause Young (Normal) (G1 Evacuation Pause) 1292M->65M(2048M) 2,664ms
[2024-08-04T17:54:58.822+0300][297,652s][info ][gc] GC(1238) Pause Young (Normal) (G1 Evacuation Pause) 1292M->65M(2048M) 2,766ms
[2024-08-04T17:54:59.051+0300][297,881s][info ][gc] GC(1239) Pause Young (Normal) (G1 Evacuation Pause) 1292M->65M(2048M) 3,146ms
[2024-08-04T17:54:59.293+0300][298,123s][info ][gc] GC(1240) Pause Young (Normal) (G1 Evacuation Pause) 1292M->65M(2048M) 3,234ms
[2024-08-04T17:54:59.532+0300][298,362s][info ][gc] GC(1241) Pause Young (Normal) (G1 Evacuation Pause) 1292M->66M(2048M) 2,751ms
[2024-08-04T17:54:59.751+0300][298,581s][info ][gc] GC(1242) Pause Young (Normal) (G1 Evacuation Pause) 1293M->66M(2048M) 3,012ms
[2024-08-04T17:54:59.993+0300][298,823s][info ][gc] GC(1243) Pause Young (Normal) (G1 Evacuation Pause) 1293M->66M(2048M) 2,951ms
[2024-08-04T17:55:00.232+0300][299,062s][info ][gc] GC(1244) Pause Young (Normal) (G1 Evacuation Pause) 1293M->66M(2048M) 2,901ms
[2024-08-04T17:55:00.476+0300][299,306s][info ][gc] GC(1245) Pause Young (Normal) (G1 Evacuation Pause) 1293M->66M(2048M) 2,999ms
[2024-08-04T17:55:00.704+0300][299,534s][info ][gc] GC(1246) Pause Young (Normal) (G1 Evacuation Pause) 1293M->66M(2048M) 2,613ms
