[2024-08-04T17:56:43.088+0300][0.002s][info][gc] Using G1
[2024-08-04T17:56:43.089+0300][0.003s][debug][gc] ConcGCThreads: 3 offset 22
[2024-08-04T17:56:43.089+0300][0.003s][debug][gc] ParallelGCThreads: 10
[2024-08-04T17:56:43.089+0300][0.003s][debug][gc] Initialize mark stack with 4096 chunks, maximum 524288
[2024-08-04T17:56:43.289+0300][0,203s][info ][gc] GC(0) Pause Young (Normal) (G1 Evacuation Pause) 52M->2M(1024M) 3,620ms
[2024-08-04T17:56:43.319+0300][0,233s][info ][gc] GC(1) Pause Young (Normal) (G1 Evacuation Pause) 82M->2M(1024M) 1,494ms
[2024-08-04T17:56:43.737+0300][0,651s][info ][gc] GC(2) Pause Young (Normal) (G1 Evacuation Pause) 614M->2M(1024M) 3,092ms
[2024-08-04T17:56:43.912+0300][0,826s][info ][gc] GC(3) Pause Young (Normal) (G1 Evacuation Pause) 614M->2M(1024M) 2,563ms
[2024-08-04T17:56:44.035+0300][0,949s][info ][gc] GC(4) Pause Young (Normal) (G1 Evacuation Pause) 614M->2M(1024M) 3,000ms
[2024-08-04T17:56:44.162+0300][1,076s][info ][gc] GC(5) Pause Young (Normal) (G1 Evacuation Pause) 614M->2M(1024M) 2,970ms
[2024-08-04T17:56:44.286+0300][1,200s][info ][gc] GC(6) Pause Young (Normal) (G1 Evacuation Pause) 614M->2M(1024M) 3,230ms
[2024-08-04T17:56:44.405+0300][1,319s][info ][gc] GC(7) Pause Young (Normal) (G1 Evacuation Pause) 614M->2M(1024M) 2,993ms
[2024-08-04T17:56:44.522+0300][1,436s][info ][gc] GC(8) Pause Young (Normal) (G1 Evacuation Pause) 614M->2M(1024M) 2,958ms
[2024-08-04T17:56:44.642+0300][1,556s][info ][gc] GC(9) Pause Young (Normal) (G1 Evacuation Pause) 614M->3M(1024M) 2,560ms
[2024-08-04T17:56:44.762+0300][1,676s][info ][gc] GC(10) Pause Young (Normal) (G1 Evacuation Pause) 614M->3M(1024M) 2,951ms
[2024-08-04T17:56:44.874+0300][1,789s][info ][gc] GC(11) Pause Young (Normal) (G1 Evacuation Pause) 615M->3M(1024M) 2,981ms
[2024-08-04T17:56:44.993+0300][1,907s][info ][gc] GC(12) Pause Young (Normal) (G1 Evacuation Pause) 614M->3M(1024M) 3,013ms
[2024-08-04T17:56:45.102+0300][2,016s][info ][gc] GC(13) Pause Young (Normal) (G1 Evacuation Pause) 614M->3M(1024M) 3,014ms
[2024-08-04T17:56:45.217+0300][2,131s][info ][gc] GC(14) Pause Young (Normal) (G1 Evacuation Pause) 614M->3M(1024M) 3,372ms
[2024-08-04T17:56:45.324+0300][2,239s][info ][gc] GC(15) Pause Young (Normal) (G1 Evacuation Pause) 614M->3M(1024M) 3,093ms
[2024-08-04T17:56:45.445+0300][2,359s][info ][gc] GC(16) Pause Young (Normal) (G1 Evacuation Pause) 615M->3M(1024M) 2,345ms
[2024-08-04T17:56:45.556+0300][2,470s][info ][gc] GC(17) Pause Young (Normal) (G1 Evacuation Pause) 615M->3M(1024M) 2,418ms
[2024-08-04T17:56:45.674+0300][2,588s][info ][gc] GC(18) Pause Young (Normal) (G1 Evacuation Pause) 615M->3M(1024M) 2,336ms
[2024-08-04T17:56:45.792+0300][2,706s][info ][gc] GC(19) Pause Young (Normal) (G1 Evacuation Pause) 616M->3M(1024M) 2,375ms
[2024-08-04T17:56:45.900+0300][2,814s][info ][gc] GC(20) Pause Young (Normal) (G1 Evacuation Pause) 616M->3M(1024M) 2,418ms
[2024-08-04T17:56:46.018+0300][2,932s][info ][gc] GC(21) Pause Young (Normal) (G1 Evacuation Pause) 616M->3M(1024M) 2,194ms
[2024-08-04T17:56:46.129+0300][3,043s][info ][gc] GC(22) Pause Young (Normal) (G1 Evacuation Pause) 616M->3M(1024M) 2,260ms
[2024-08-04T17:56:46.242+0300][3,156s][info ][gc] GC(23) Pause Young (Normal) (G1 Evacuation Pause) 616M->3M(1024M) 2,285ms
[2024-08-04T17:56:46.351+0300][3,265s][info ][gc] GC(24) Pause Young (Normal) (G1 Evacuation Pause) 616M->3M(1024M) 2,247ms
[2024-08-04T17:56:46.460+0300][3,374s][info ][gc] GC(25) Pause Young (Normal) (G1 Evacuation Pause) 616M->3M(1024M) 2,231ms
[2024-08-04T17:56:46.567+0300][3,482s][info ][gc] GC(26) Pause Young (Normal) (G1 Evacuation Pause) 616M->3M(1024M) 2,648ms
[2024-08-04T17:56:46.683+0300][3,598s][info ][gc] GC(27) Pause Young (Normal) (G1 Evacuation Pause) 616M->3M(1024M) 2,252ms
[2024-08-04T17:56:46.795+0300][3,710s][info ][gc] GC(28) Pause Young (Normal) (G1 Evacuation Pause) 616M->3M(1024M) 2,410ms
[2024-08-04T17:56:46.895+0300][3,810s][info ][gc] GC(29) Pause Young (Normal) (G1 Evacuation Pause) 616M->4M(1024M) 2,250ms
[2024-08-04T17:56:47.006+0300][3,920s][info ][gc] GC(30) Pause Young (Normal) (G1 Evacuation Pause) 617M->4M(1024M) 2,235ms
[2024-08-04T17:56:47.107+0300][4,022s][info ][gc] GC(31) Pause Young (Normal) (G1 Evacuation Pause) 617M->4M(1024M) 2,165ms
[2024-08-04T17:56:47.221+0300][4,135s][info ][gc] GC(32) Pause Young (Normal) (G1 Evacuation Pause) 617M->4M(1024M) 2,381ms
[2024-08-04T17:56:47.340+0300][4,254s][info ][gc] GC(33) Pause Young (Normal) (G1 Evacuation Pause) 617M->4M(1024M) 2,208ms
[2024-08-04T17:56:47.449+0300][4,363s][info ][gc] GC(34) Pause Young (Normal) (G1 Evacuation Pause) 617M->4M(1024M) 2,314ms
[2024-08-04T17:56:47.560+0300][4,475s][info ][gc] GC(35) Pause Young (Normal) (G1 Evacuation Pause) 617M->4M(1024M) 2,439ms
[2024-08-04T17:56:47.663+0300][4,577s][info ][gc] GC(36) Pause Young (Normal) (G1 Evacuation Pause) 617M->4M(1024M) 2,066ms
[2024-08-04T17:56:47.774+0300][4,688s][info ][gc] GC(37) Pause Young (Normal) (G1 Evacuation Pause) 617M->4M(1024M) 2,415ms
[2024-08-04T17:56:47.890+0300][4,804s][info ][gc] GC(38) Pause Young (Normal) (G1 Evacuation Pause) 617M->4M(1024M) 2,123ms
[2024-08-04T17:56:47.992+0300][4,907s][info ][gc] GC(39) Pause Young (Normal) (G1 Evacuation Pause) 617M->4M(1024M) 2,226ms
[2024-08-04T17:56:48.113+0300][5,027s][info ][gc] GC(40) Pause Young (Normal) (G1 Evacuation Pause) 617M->4M(1024M) 2,174ms
[2024-08-04T17:56:48.232+0300][5,147s][info ][gc] GC(41) Pause Young (Normal) (G1 Evacuation Pause) 617M->4M(1024M) 2,046ms
[2024-08-04T17:56:48.351+0300][5,265s][info ][gc] GC(42) Pause Young (Normal) (G1 Evacuation Pause) 617M->4M(1024M) 2,240ms
[2024-08-04T17:56:48.458+0300][5,372s][info ][gc] GC(43) Pause Young (Normal) (G1 Evacuation Pause) 617M->4M(1024M) 2,107ms
[2024-08-04T17:56:48.574+0300][5,488s][info ][gc] GC(44) Pause Young (Normal) (G1 Evacuation Pause) 617M->4M(1024M) 2,775ms
[2024-08-04T17:56:48.694+0300][5,609s][info ][gc] GC(45) Pause Young (Normal) (G1 Evacuation Pause) 617M->4M(1024M) 1,923ms
[2024-08-04T17:56:48.807+0300][5,722s][info ][gc] GC(46) Pause Young (Normal) (G1 Evacuation Pause) 617M->4M(1024M) 2,606ms
[2024-08-04T17:56:48.928+0300][5,842s][info ][gc] GC(47) Pause Young (Normal) (G1 Evacuation Pause) 617M->4M(1024M) 2,615ms
[2024-08-04T17:56:49.045+0300][5,959s][info ][gc] GC(48) Pause Young (Normal) (G1 Evacuation Pause) 617M->4M(1024M) 2,569ms
[2024-08-04T17:56:49.159+0300][6,073s][info ][gc] GC(49) Pause Young (Normal) (G1 Evacuation Pause) 617M->4M(1024M) 2,550ms
[2024-08-04T17:56:49.266+0300][6,180s][info ][gc] GC(50) Pause Young (Normal) (G1 Evacuation Pause) 617M->4M(1024M) 2,839ms
[2024-08-04T17:56:49.383+0300][6,297s][info ][gc] GC(51) Pause Young (Normal) (G1 Evacuation Pause) 617M->4M(1024M) 2,599ms
[2024-08-04T17:56:49.493+0300][6,407s][info ][gc] GC(52) Pause Young (Normal) (G1 Evacuation Pause) 617M->4M(1024M) 2,605ms
[2024-08-04T17:56:49.608+0300][6,523s][info ][gc] GC(53) Pause Young (Normal) (G1 Evacuation Pause) 617M->4M(1024M) 2,574ms
[2024-08-04T17:56:49.730+0300][6,645s][info ][gc] GC(54) Pause Young (Normal) (G1 Evacuation Pause) 617M->5M(1024M) 2,446ms
[2024-08-04T17:56:49.839+0300][6,753s][info ][gc] GC(55) Pause Young (Normal) (G1 Evacuation Pause) 618M->5M(1024M) 2,534ms
[2024-08-04T17:56:49.957+0300][6,871s][info ][gc] GC(56) Pause Young (Normal) (G1 Evacuation Pause) 618M->5M(1024M) 2,542ms
[2024-08-04T17:56:50.083+0300][6,997s][info ][gc] GC(57) Pause Young (Normal) (G1 Evacuation Pause) 618M->5M(1024M) 2,414ms
[2024-08-04T17:56:50.209+0300][7,123s][info ][gc] GC(58) Pause Young (Normal) (G1 Evacuation Pause) 618M->5M(1024M) 2,460ms
[2024-08-04T17:56:50.336+0300][7,250s][info ][gc] GC(59) Pause Young (Normal) (G1 Evacuation Pause) 618M->5M(1024M) 2,430ms
[2024-08-04T17:56:50.463+0300][7,378s][info ][gc] GC(60) Pause Young (Normal) (G1 Evacuation Pause) 618M->5M(1024M) 2,460ms
[2024-08-04T17:56:50.591+0300][7,505s][info ][gc] GC(61) Pause Young (Normal) (G1 Evacuation Pause) 618M->5M(1024M) 2,498ms
[2024-08-04T17:56:50.719+0300][7,633s][info ][gc] GC(62) Pause Young (Normal) (G1 Evacuation Pause) 618M->5M(1024M) 2,478ms
[2024-08-04T17:56:50.836+0300][7,750s][info ][gc] GC(63) Pause Young (Normal) (G1 Evacuation Pause) 618M->5M(1024M) 2,400ms
[2024-08-04T17:56:50.953+0300][7,867s][info ][gc] GC(64) Pause Young (Normal) (G1 Evacuation Pause) 618M->5M(1024M) 2,372ms
[2024-08-04T17:56:51.073+0300][7,987s][info ][gc] GC(65) Pause Young (Normal) (G1 Evacuation Pause) 618M->5M(1024M) 2,164ms
[2024-08-04T17:56:51.204+0300][8,118s][info ][gc] GC(66) Pause Young (Normal) (G1 Evacuation Pause) 618M->5M(1024M) 1,807ms
[2024-08-04T17:56:51.322+0300][8,237s][info ][gc] GC(67) Pause Young (Normal) (G1 Evacuation Pause) 618M->5M(1024M) 2,055ms
[2024-08-04T17:56:51.454+0300][8,368s][info ][gc] GC(68) Pause Young (Normal) (G1 Evacuation Pause) 618M->5M(1024M) 2,431ms
[2024-08-04T17:56:51.586+0300][8,501s][info ][gc] GC(69) Pause Young (Normal) (G1 Evacuation Pause) 618M->5M(1024M) 2,349ms
[2024-08-04T17:56:51.721+0300][8,635s][info ][gc] GC(70) Pause Young (Normal) (G1 Evacuation Pause) 618M->5M(1024M) 2,341ms
[2024-08-04T17:56:51.855+0300][8,769s][info ][gc] GC(71) Pause Young (Normal) (G1 Evacuation Pause) 618M->5M(1024M) 2,184ms
[2024-08-04T17:56:51.980+0300][8,894s][info ][gc] GC(72) Pause Young (Normal) (G1 Evacuation Pause) 618M->5M(1024M) 2,771ms
[2024-08-04T17:56:52.108+0300][9,022s][info ][gc] GC(73) Pause Young (Normal) (G1 Evacuation Pause) 618M->5M(1024M) 2,207ms
[2024-08-04T17:56:52.232+0300][9,146s][info ][gc] GC(74) Pause Young (Normal) (G1 Evacuation Pause) 618M->6M(1024M) 2,206ms
[2024-08-04T17:56:52.369+0300][9,283s][info ][gc] GC(75) Pause Young (Normal) (G1 Evacuation Pause) 619M->6M(1024M) 2,034ms
[2024-08-04T17:56:52.499+0300][9,414s][info ][gc] GC(76) Pause Young (Normal) (G1 Evacuation Pause) 619M->6M(1024M) 2,200ms
[2024-08-04T17:56:52.637+0300][9,551s][info ][gc] GC(77) Pause Young (Normal) (G1 Evacuation Pause) 619M->6M(1024M) 2,206ms
[2024-08-04T17:56:52.765+0300][9,679s][info ][gc] GC(78) Pause Young (Normal) (G1 Evacuation Pause) 619M->6M(1024M) 2,343ms
[2024-08-04T17:56:52.897+0300][9,811s][info ][gc] GC(79) Pause Young (Normal) (G1 Evacuation Pause) 619M->6M(1024M) 2,561ms
[2024-08-04T17:56:53.031+0300][9,945s][info ][gc] GC(80) Pause Young (Normal) (G1 Evacuation Pause) 619M->6M(1024M) 2,616ms
[2024-08-04T17:56:53.168+0300][10,082s][info ][gc] GC(81) Pause Young (Normal) (G1 Evacuation Pause) 619M->6M(1024M) 2,659ms
[2024-08-04T17:56:53.294+0300][10,208s][info ][gc] GC(82) Pause Young (Normal) (G1 Evacuation Pause) 619M->6M(1024M) 2,391ms
[2024-08-04T17:56:53.421+0300][10,335s][info ][gc] GC(83) Pause Young (Normal) (G1 Evacuation Pause) 619M->6M(1024M) 2,725ms
[2024-08-04T17:56:53.554+0300][10,468s][info ][gc] GC(84) Pause Young (Normal) (G1 Evacuation Pause) 619M->6M(1024M) 2,466ms
[2024-08-04T17:56:53.683+0300][10,597s][info ][gc] GC(85) Pause Young (Normal) (G1 Evacuation Pause) 619M->6M(1024M) 2,576ms
[2024-08-04T17:56:53.810+0300][10,724s][info ][gc] GC(86) Pause Young (Normal) (G1 Evacuation Pause) 619M->6M(1024M) 2,195ms
[2024-08-04T17:56:53.940+0300][10,854s][info ][gc] GC(87) Pause Young (Normal) (G1 Evacuation Pause) 619M->6M(1024M) 2,443ms
[2024-08-04T17:56:54.073+0300][10,987s][info ][gc] GC(88) Pause Young (Normal) (G1 Evacuation Pause) 619M->6M(1024M) 2,171ms
[2024-08-04T17:56:54.220+0300][11,134s][info ][gc] GC(89) Pause Young (Normal) (G1 Evacuation Pause) 619M->6M(1024M) 2,458ms
[2024-08-04T17:56:54.366+0300][11,280s][info ][gc] GC(90) Pause Young (Normal) (G1 Evacuation Pause) 619M->6M(1024M) 2,084ms
[2024-08-04T17:56:54.512+0300][11,426s][info ][gc] GC(91) Pause Young (Normal) (G1 Evacuation Pause) 619M->6M(1024M) 2,480ms
[2024-08-04T17:56:54.646+0300][11,560s][info ][gc] GC(92) Pause Young (Normal) (G1 Evacuation Pause) 619M->6M(1024M) 1,944ms
[2024-08-04T17:56:54.790+0300][11,704s][info ][gc] GC(93) Pause Young (Normal) (G1 Evacuation Pause) 619M->6M(1024M) 2,302ms
[2024-08-04T17:56:54.928+0300][11,842s][info ][gc] GC(94) Pause Young (Normal) (G1 Evacuation Pause) 619M->6M(1024M) 2,391ms
[2024-08-04T17:56:55.074+0300][11,988s][info ][gc] GC(95) Pause Young (Normal) (G1 Evacuation Pause) 619M->6M(1024M) 2,383ms
[2024-08-04T17:56:55.212+0300][12,126s][info ][gc] GC(96) Pause Young (Normal) (G1 Evacuation Pause) 619M->6M(1024M) 2,404ms
[2024-08-04T17:56:55.363+0300][12,277s][info ][gc] GC(97) Pause Young (Normal) (G1 Evacuation Pause) 619M->6M(1024M) 2,114ms
[2024-08-04T17:56:55.504+0300][12,418s][info ][gc] GC(98) Pause Young (Normal) (G1 Evacuation Pause) 619M->6M(1024M) 2,400ms
[2024-08-04T17:56:55.656+0300][12,570s][info ][gc] GC(99) Pause Young (Normal) (G1 Evacuation Pause) 619M->6M(1024M) 2,078ms
[2024-08-04T17:56:55.800+0300][12,714s][info ][gc] GC(100) Pause Young (Normal) (G1 Evacuation Pause) 619M->6M(1024M) 2,537ms
[2024-08-04T17:56:55.953+0300][12,867s][info ][gc] GC(101) Pause Young (Normal) (G1 Evacuation Pause) 619M->6M(1024M) 2,165ms
[2024-08-04T17:56:56.109+0300][13,023s][info ][gc] GC(102) Pause Young (Normal) (G1 Evacuation Pause) 619M->6M(1024M) 2,503ms
[2024-08-04T17:56:56.264+0300][13,178s][info ][gc] GC(103) Pause Young (Normal) (G1 Evacuation Pause) 619M->6M(1024M) 2,545ms
[2024-08-04T17:56:56.418+0300][13,333s][info ][gc] GC(104) Pause Young (Normal) (G1 Evacuation Pause) 619M->6M(1024M) 2,204ms
[2024-08-04T17:56:56.614+0300][13,528s][info ][gc] GC(105) Pause Young (Normal) (G1 Evacuation Pause) 619M->6M(1024M) 2,241ms
[2024-08-04T17:56:56.779+0300][13,693s][info ][gc] GC(106) Pause Young (Normal) (G1 Evacuation Pause) 619M->6M(1024M) 2,396ms
[2024-08-04T17:56:56.933+0300][13,847s][info ][gc] GC(107) Pause Young (Normal) (G1 Evacuation Pause) 619M->6M(1024M) 2,510ms
[2024-08-04T17:56:57.089+0300][14,003s][info ][gc] GC(108) Pause Young (Normal) (G1 Evacuation Pause) 619M->6M(1024M) 2,139ms
[2024-08-04T17:56:57.244+0300][14,158s][info ][gc] GC(109) Pause Young (Normal) (G1 Evacuation Pause) 619M->6M(1024M) 2,017ms
[2024-08-04T17:56:57.402+0300][14,316s][info ][gc] GC(110) Pause Young (Normal) (G1 Evacuation Pause) 619M->6M(1024M) 2,091ms
[2024-08-04T17:56:57.559+0300][14,473s][info ][gc] GC(111) Pause Young (Normal) (G1 Evacuation Pause) 619M->6M(1024M) 2,445ms
[2024-08-04T17:56:57.715+0300][14,629s][info ][gc] GC(112) Pause Young (Normal) (G1 Evacuation Pause) 619M->6M(1024M) 2,413ms
[2024-08-04T17:56:57.878+0300][14,793s][info ][gc] GC(113) Pause Young (Normal) (G1 Evacuation Pause) 619M->6M(1024M) 2,472ms
[2024-08-04T17:56:58.037+0300][14,951s][info ][gc] GC(114) Pause Young (Normal) (G1 Evacuation Pause) 619M->7M(1024M) 2,267ms
[2024-08-04T17:56:58.209+0300][15,123s][info ][gc] GC(115) Pause Young (Normal) (G1 Evacuation Pause) 620M->7M(1024M) 2,045ms
[2024-08-04T17:56:58.374+0300][15,289s][info ][gc] GC(116) Pause Young (Normal) (G1 Evacuation Pause) 620M->7M(1024M) 2,616ms
[2024-08-04T17:56:58.549+0300][15,463s][info ][gc] GC(117) Pause Young (Normal) (G1 Evacuation Pause) 620M->7M(1024M) 1,998ms
[2024-08-04T17:56:58.716+0300][15,631s][info ][gc] GC(118) Pause Young (Normal) (G1 Evacuation Pause) 620M->7M(1024M) 2,390ms
[2024-08-04T17:56:58.876+0300][15,790s][info ][gc] GC(119) Pause Young (Normal) (G1 Evacuation Pause) 620M->7M(1024M) 2,230ms
[2024-08-04T17:56:59.042+0300][15,956s][info ][gc] GC(120) Pause Young (Normal) (G1 Evacuation Pause) 620M->7M(1024M) 2,176ms
[2024-08-04T17:56:59.205+0300][16,120s][info ][gc] GC(121) Pause Young (Normal) (G1 Evacuation Pause) 620M->7M(1024M) 2,368ms
[2024-08-04T17:56:59.375+0300][16,289s][info ][gc] GC(122) Pause Young (Normal) (G1 Evacuation Pause) 620M->7M(1024M) 2,304ms
[2024-08-04T17:56:59.549+0300][16,463s][info ][gc] GC(123) Pause Young (Normal) (G1 Evacuation Pause) 620M->7M(1024M) 2,573ms
[2024-08-04T17:56:59.720+0300][16,634s][info ][gc] GC(124) Pause Young (Normal) (G1 Evacuation Pause) 620M->7M(1024M) 2,283ms
[2024-08-04T17:56:59.893+0300][16,807s][info ][gc] GC(125) Pause Young (Normal) (G1 Evacuation Pause) 620M->7M(1024M) 2,647ms
[2024-08-04T17:57:00.116+0300][17,030s][info ][gc] GC(126) Pause Young (Normal) (G1 Evacuation Pause) 620M->7M(1024M) 2,221ms
[2024-08-04T17:57:00.264+0300][17,178s][info ][gc] GC(127) Pause Young (Normal) (G1 Evacuation Pause) 620M->7M(1024M) 2,259ms
[2024-08-04T17:57:00.396+0300][17,310s][info ][gc] GC(128) Pause Young (Normal) (G1 Evacuation Pause) 620M->7M(1024M) 2,363ms
[2024-08-04T17:57:00.520+0300][17,434s][info ][gc] GC(129) Pause Young (Normal) (G1 Evacuation Pause) 620M->7M(1024M) 2,504ms
[2024-08-04T17:57:00.639+0300][17,553s][info ][gc] GC(130) Pause Young (Normal) (G1 Evacuation Pause) 620M->7M(1024M) 2,547ms
[2024-08-04T17:57:00.742+0300][17,657s][info ][gc] GC(131) Pause Young (Normal) (G1 Evacuation Pause) 620M->7M(1024M) 2,572ms
[2024-08-04T17:57:00.857+0300][17,771s][info ][gc] GC(132) Pause Young (Normal) (G1 Evacuation Pause) 620M->7M(1024M) 2,572ms
[2024-08-04T17:57:00.961+0300][17,875s][info ][gc] GC(133) Pause Young (Normal) (G1 Evacuation Pause) 620M->7M(1024M) 2,403ms
[2024-08-04T17:57:01.073+0300][17,987s][info ][gc] GC(134) Pause Young (Normal) (G1 Evacuation Pause) 620M->7M(1024M) 2,769ms
[2024-08-04T17:57:01.185+0300][18,100s][info ][gc] GC(135) Pause Young (Normal) (G1 Evacuation Pause) 620M->7M(1024M) 2,552ms
[2024-08-04T17:57:01.293+0300][18,207s][info ][gc] GC(136) Pause Young (Normal) (G1 Evacuation Pause) 620M->8M(1024M) 2,437ms
[2024-08-04T17:57:01.407+0300][18,321s][info ][gc] GC(137) Pause Young (Normal) (G1 Evacuation Pause) 621M->8M(1024M) 2,567ms
[2024-08-04T17:57:01.518+0300][18,432s][info ][gc] GC(138) Pause Young (Normal) (G1 Evacuation Pause) 621M->8M(1024M) 2,385ms
[2024-08-04T17:57:01.623+0300][18,537s][info ][gc] GC(139) Pause Young (Normal) (G1 Evacuation Pause) 620M->8M(1024M) 2,652ms
[2024-08-04T17:57:01.724+0300][18,638s][info ][gc] GC(140) Pause Young (Normal) (G1 Evacuation Pause) 620M->8M(1024M) 2,879ms
[2024-08-04T17:57:01.821+0300][18,735s][info ][gc] GC(141) Pause Young (Normal) (G1 Evacuation Pause) 620M->8M(1024M) 2,721ms
[2024-08-04T17:57:01.928+0300][18,842s][info ][gc] GC(142) Pause Young (Normal) (G1 Evacuation Pause) 620M->8M(1024M) 2,707ms
[2024-08-04T17:57:02.023+0300][18,938s][info ][gc] GC(143) Pause Young (Normal) (G1 Evacuation Pause) 621M->8M(1024M) 2,500ms
[2024-08-04T17:57:02.132+0300][19,046s][info ][gc] GC(144) Pause Young (Normal) (G1 Evacuation Pause) 621M->8M(1024M) 2,429ms
[2024-08-04T17:57:02.240+0300][19,154s][info ][gc] GC(145) Pause Young (Normal) (G1 Evacuation Pause) 621M->8M(1024M) 2,339ms
[2024-08-04T17:57:02.336+0300][19,250s][info ][gc] GC(146) Pause Young (Normal) (G1 Evacuation Pause) 621M->8M(1024M) 2,456ms
[2024-08-04T17:57:02.440+0300][19,354s][info ][gc] GC(147) Pause Young (Normal) (G1 Evacuation Pause) 621M->8M(1024M) 2,304ms
[2024-08-04T17:57:02.538+0300][19,452s][info ][gc] GC(148) Pause Young (Normal) (G1 Evacuation Pause) 621M->8M(1024M) 2,320ms
[2024-08-04T17:57:02.637+0300][19,551s][info ][gc] GC(149) Pause Young (Normal) (G1 Evacuation Pause) 621M->8M(1024M) 2,217ms
[2024-08-04T17:57:02.739+0300][19,653s][info ][gc] GC(150) Pause Young (Normal) (G1 Evacuation Pause) 621M->8M(1024M) 2,325ms
[2024-08-04T17:57:02.851+0300][19,765s][info ][gc] GC(151) Pause Young (Normal) (G1 Evacuation Pause) 621M->8M(1024M) 2,267ms
[2024-08-04T17:57:02.963+0300][19,877s][info ][gc] GC(152) Pause Young (Normal) (G1 Evacuation Pause) 621M->8M(1024M) 2,480ms
[2024-08-04T17:57:03.065+0300][19,980s][info ][gc] GC(153) Pause Young (Normal) (G1 Evacuation Pause) 621M->8M(1024M) 2,400ms
[2024-08-04T17:57:03.178+0300][20,092s][info ][gc] GC(154) Pause Young (Normal) (G1 Evacuation Pause) 621M->8M(1024M) 2,616ms
[2024-08-04T17:57:03.289+0300][20,203s][info ][gc] GC(155) Pause Young (Normal) (G1 Evacuation Pause) 621M->8M(1024M) 2,327ms
[2024-08-04T17:57:03.401+0300][20,315s][info ][gc] GC(156) Pause Young (Normal) (G1 Evacuation Pause) 621M->8M(1024M) 2,260ms
[2024-08-04T17:57:03.505+0300][20,419s][info ][gc] GC(157) Pause Young (Normal) (G1 Evacuation Pause) 621M->8M(1024M) 2,195ms
[2024-08-04T17:57:03.610+0300][20,525s][info ][gc] GC(158) Pause Young (Normal) (G1 Evacuation Pause) 621M->8M(1024M) 2,450ms
[2024-08-04T17:57:03.715+0300][20,629s][info ][gc] GC(159) Pause Young (Normal) (G1 Evacuation Pause) 621M->8M(1024M) 2,799ms
[2024-08-04T17:57:03.817+0300][20,731s][info ][gc] GC(160) Pause Young (Normal) (G1 Evacuation Pause) 621M->8M(1024M) 2,114ms
[2024-08-04T17:57:03.922+0300][20,836s][info ][gc] GC(161) Pause Young (Normal) (G1 Evacuation Pause) 621M->8M(1024M) 2,321ms
[2024-08-04T17:57:04.021+0300][20,935s][info ][gc] GC(162) Pause Young (Normal) (G1 Evacuation Pause) 621M->8M(1024M) 2,205ms
[2024-08-04T17:57:04.125+0300][21,039s][info ][gc] GC(163) Pause Young (Normal) (G1 Evacuation Pause) 621M->8M(1024M) 2,335ms
[2024-08-04T17:57:04.240+0300][21,155s][info ][gc] GC(164) Pause Young (Normal) (G1 Evacuation Pause) 621M->9M(1024M) 1,734ms
[2024-08-04T17:57:04.352+0300][21,266s][info ][gc] GC(165) Pause Young (Normal) (G1 Evacuation Pause) 622M->9M(1024M) 1,639ms
[2024-08-04T17:57:04.461+0300][21,375s][info ][gc] GC(166) Pause Young (Normal) (G1 Evacuation Pause) 622M->9M(1024M) 1,683ms
[2024-08-04T17:57:04.583+0300][21,497s][info ][gc] GC(167) Pause Young (Normal) (G1 Evacuation Pause) 622M->9M(1024M) 2,053ms
[2024-08-04T17:57:04.683+0300][21,597s][info ][gc] GC(168) Pause Young (Normal) (G1 Evacuation Pause) 622M->9M(1024M) 2,168ms
[2024-08-04T17:57:04.789+0300][21,704s][info ][gc] GC(169) Pause Young (Normal) (G1 Evacuation Pause) 622M->9M(1024M) 2,057ms
[2024-08-04T17:57:04.899+0300][21,813s][info ][gc] GC(170) Pause Young (Normal) (G1 Evacuation Pause) 622M->9M(1024M) 2,141ms
[2024-08-04T17:57:05.007+0300][21,921s][info ][gc] GC(171) Pause Young (Normal) (G1 Evacuation Pause) 622M->9M(1024M) 1,984ms
[2024-08-04T17:57:05.115+0300][22,030s][info ][gc] GC(172) Pause Young (Normal) (G1 Evacuation Pause) 622M->9M(1024M) 2,191ms
[2024-08-04T17:57:05.225+0300][22,139s][info ][gc] GC(173) Pause Young (Normal) (G1 Evacuation Pause) 622M->9M(1024M) 1,974ms
[2024-08-04T17:57:05.336+0300][22,250s][info ][gc] GC(174) Pause Young (Normal) (G1 Evacuation Pause) 622M->9M(1024M) 1,878ms
[2024-08-04T17:57:05.446+0300][22,361s][info ][gc] GC(175) Pause Young (Normal) (G1 Evacuation Pause) 622M->9M(1024M) 1,823ms
[2024-08-04T17:57:05.548+0300][22,462s][info ][gc] GC(176) Pause Young (Normal) (G1 Evacuation Pause) 622M->9M(1024M) 1,813ms
[2024-08-04T17:57:05.660+0300][22,574s][info ][gc] GC(177) Pause Young (Normal) (G1 Evacuation Pause) 622M->9M(1024M) 1,739ms
[2024-08-04T17:57:05.758+0300][22,672s][info ][gc] GC(178) Pause Young (Normal) (G1 Evacuation Pause) 622M->9M(1024M) 1,780ms
[2024-08-04T17:57:05.867+0300][22,782s][info ][gc] GC(179) Pause Young (Normal) (G1 Evacuation Pause) 622M->9M(1024M) 1,981ms
[2024-08-04T17:57:05.979+0300][22,893s][info ][gc] GC(180) Pause Young (Normal) (G1 Evacuation Pause) 622M->9M(1024M) 1,946ms
[2024-08-04T17:57:06.088+0300][23,002s][info ][gc] GC(181) Pause Young (Normal) (G1 Evacuation Pause) 622M->9M(1024M) 2,006ms
[2024-08-04T17:57:06.200+0300][23,114s][info ][gc] GC(182) Pause Young (Normal) (G1 Evacuation Pause) 622M->9M(1024M) 2,020ms
[2024-08-04T17:57:06.309+0300][23,224s][info ][gc] GC(183) Pause Young (Normal) (G1 Evacuation Pause) 622M->9M(1024M) 1,807ms
[2024-08-04T17:57:06.428+0300][23,343s][info ][gc] GC(184) Pause Young (Normal) (G1 Evacuation Pause) 622M->9M(1024M) 1,785ms
[2024-08-04T17:57:06.550+0300][23,464s][info ][gc] GC(185) Pause Young (Normal) (G1 Evacuation Pause) 622M->9M(1024M) 1,757ms
[2024-08-04T17:57:06.671+0300][23,585s][info ][gc] GC(186) Pause Young (Normal) (G1 Evacuation Pause) 622M->9M(1024M) 1,996ms
[2024-08-04T17:57:06.788+0300][23,702s][info ][gc] GC(187) Pause Young (Normal) (G1 Evacuation Pause) 622M->9M(1024M) 1,946ms
[2024-08-04T17:57:06.905+0300][23,819s][info ][gc] GC(188) Pause Young (Normal) (G1 Evacuation Pause) 622M->9M(1024M) 1,994ms
[2024-08-04T17:57:07.014+0300][23,928s][info ][gc] GC(189) Pause Young (Normal) (G1 Evacuation Pause) 622M->9M(1024M) 1,619ms
[2024-08-04T17:57:07.132+0300][24,047s][info ][gc] GC(190) Pause Young (Normal) (G1 Evacuation Pause) 622M->9M(1024M) 2,028ms
[2024-08-04T17:57:07.251+0300][24,165s][info ][gc] GC(191) Pause Young (Normal) (G1 Evacuation Pause) 622M->9M(1024M) 1,873ms
[2024-08-04T17:57:07.360+0300][24,274s][info ][gc] GC(192) Pause Young (Normal) (G1 Evacuation Pause) 622M->9M(1024M) 2,044ms
[2024-08-04T17:57:07.480+0300][24,394s][info ][gc] GC(193) Pause Young (Normal) (G1 Evacuation Pause) 622M->9M(1024M) 1,594ms
[2024-08-04T17:57:07.596+0300][24,510s][info ][gc] GC(194) Pause Young (Normal) (G1 Evacuation Pause) 622M->9M(1024M) 2,029ms
[2024-08-04T17:57:07.715+0300][24,629s][info ][gc] GC(195) Pause Young (Normal) (G1 Evacuation Pause) 622M->9M(1024M) 1,961ms
[2024-08-04T17:57:07.836+0300][24,750s][info ][gc] GC(196) Pause Young (Normal) (G1 Evacuation Pause) 622M->9M(1024M) 1,994ms
[2024-08-04T17:57:07.939+0300][24,853s][info ][gc] GC(197) Pause Young (Normal) (G1 Evacuation Pause) 622M->9M(1024M) 1,992ms
[2024-08-04T17:57:08.051+0300][24,965s][info ][gc] GC(198) Pause Young (Normal) (G1 Evacuation Pause) 622M->9M(1024M) 1,867ms
[2024-08-04T17:57:08.171+0300][25,085s][info ][gc] GC(199) Pause Young (Normal) (G1 Evacuation Pause) 622M->10M(1024M) 1,726ms
[2024-08-04T17:57:08.288+0300][25,202s][info ][gc] GC(200) Pause Young (Normal) (G1 Evacuation Pause) 623M->10M(1024M) 2,042ms
[2024-08-04T17:57:08.410+0300][25,325s][info ][gc] GC(201) Pause Young (Normal) (G1 Evacuation Pause) 623M->10M(1024M) 2,319ms
[2024-08-04T17:57:08.522+0300][25,437s][info ][gc] GC(202) Pause Young (Normal) (G1 Evacuation Pause) 623M->10M(1024M) 2,300ms
[2024-08-04T17:57:08.638+0300][25,552s][info ][gc] GC(203) Pause Young (Normal) (G1 Evacuation Pause) 623M->10M(1024M) 2,358ms
[2024-08-04T17:57:08.753+0300][25,667s][info ][gc] GC(204) Pause Young (Normal) (G1 Evacuation Pause) 623M->10M(1024M) 1,989ms
[2024-08-04T17:57:08.875+0300][25,789s][info ][gc] GC(205) Pause Young (Normal) (G1 Evacuation Pause) 623M->10M(1024M) 2,213ms
[2024-08-04T17:57:09.000+0300][25,914s][info ][gc] GC(206) Pause Young (Normal) (G1 Evacuation Pause) 623M->10M(1024M) 2,367ms
[2024-08-04T17:57:09.123+0300][26,038s][info ][gc] GC(207) Pause Young (Normal) (G1 Evacuation Pause) 623M->10M(1024M) 2,307ms
[2024-08-04T17:57:09.247+0300][26,161s][info ][gc] GC(208) Pause Young (Normal) (G1 Evacuation Pause) 623M->10M(1024M) 1,957ms
[2024-08-04T17:57:09.369+0300][26,283s][info ][gc] GC(209) Pause Young (Normal) (G1 Evacuation Pause) 623M->10M(1024M) 1,979ms
[2024-08-04T17:57:09.494+0300][26,408s][info ][gc] GC(210) Pause Young (Normal) (G1 Evacuation Pause) 623M->10M(1024M) 2,155ms
[2024-08-04T17:57:09.605+0300][26,519s][info ][gc] GC(211) Pause Young (Normal) (G1 Evacuation Pause) 623M->10M(1024M) 1,936ms
[2024-08-04T17:57:09.730+0300][26,644s][info ][gc] GC(212) Pause Young (Normal) (G1 Evacuation Pause) 623M->10M(1024M) 2,356ms
[2024-08-04T17:57:09.856+0300][26,770s][info ][gc] GC(213) Pause Young (Normal) (G1 Evacuation Pause) 623M->10M(1024M) 2,520ms
[2024-08-04T17:57:09.967+0300][26,881s][info ][gc] GC(214) Pause Young (Normal) (G1 Evacuation Pause) 623M->10M(1024M) 2,129ms
[2024-08-04T17:57:10.077+0300][26,991s][info ][gc] GC(215) Pause Young (Normal) (G1 Evacuation Pause) 623M->10M(1024M) 2,496ms
[2024-08-04T17:57:10.195+0300][27,110s][info ][gc] GC(216) Pause Young (Normal) (G1 Evacuation Pause) 623M->10M(1024M) 2,031ms
[2024-08-04T17:57:10.311+0300][27,225s][info ][gc] GC(217) Pause Young (Normal) (G1 Evacuation Pause) 623M->10M(1024M) 1,901ms
[2024-08-04T17:57:10.429+0300][27,343s][info ][gc] GC(218) Pause Young (Normal) (G1 Evacuation Pause) 623M->10M(1024M) 2,127ms
[2024-08-04T17:57:10.556+0300][27,470s][info ][gc] GC(219) Pause Young (Normal) (G1 Evacuation Pause) 623M->10M(1024M) 2,040ms
[2024-08-04T17:57:10.685+0300][27,599s][info ][gc] GC(220) Pause Young (Normal) (G1 Evacuation Pause) 623M->10M(1024M) 2,390ms
[2024-08-04T17:57:10.806+0300][27,720s][info ][gc] GC(221) Pause Young (Normal) (G1 Evacuation Pause) 623M->10M(1024M) 2,502ms
[2024-08-04T17:57:10.933+0300][27,848s][info ][gc] GC(222) Pause Young (Normal) (G1 Evacuation Pause) 623M->10M(1024M) 2,385ms
[2024-08-04T17:57:11.064+0300][27,978s][info ][gc] GC(223) Pause Young (Normal) (G1 Evacuation Pause) 623M->10M(1024M) 2,354ms
[2024-08-04T17:57:11.195+0300][28,110s][info ][gc] GC(224) Pause Young (Normal) (G1 Evacuation Pause) 623M->10M(1024M) 2,024ms
[2024-08-04T17:57:11.328+0300][28,242s][info ][gc] GC(225) Pause Young (Normal) (G1 Evacuation Pause) 623M->10M(1024M) 2,588ms
[2024-08-04T17:57:11.459+0300][28,373s][info ][gc] GC(226) Pause Young (Normal) (G1 Evacuation Pause) 623M->10M(1024M) 1,677ms
[2024-08-04T17:57:11.591+0300][28,505s][info ][gc] GC(227) Pause Young (Normal) (G1 Evacuation Pause) 623M->10M(1024M) 2,390ms
[2024-08-04T17:57:11.715+0300][28,629s][info ][gc] GC(228) Pause Young (Normal) (G1 Evacuation Pause) 623M->10M(1024M) 2,340ms
[2024-08-04T17:57:11.848+0300][28,762s][info ][gc] GC(229) Pause Young (Normal) (G1 Evacuation Pause) 623M->10M(1024M) 1,984ms
[2024-08-04T17:57:11.970+0300][28,884s][info ][gc] GC(230) Pause Young (Normal) (G1 Evacuation Pause) 623M->10M(1024M) 1,888ms
[2024-08-04T17:57:12.095+0300][29,009s][info ][gc] GC(231) Pause Young (Normal) (G1 Evacuation Pause) 623M->10M(1024M) 2,037ms
[2024-08-04T17:57:12.219+0300][29,133s][info ][gc] GC(232) Pause Young (Normal) (G1 Evacuation Pause) 623M->10M(1024M) 2,125ms
[2024-08-04T17:57:12.345+0300][29,259s][info ][gc] GC(233) Pause Young (Normal) (G1 Evacuation Pause) 623M->10M(1024M) 1,851ms
[2024-08-04T17:57:12.478+0300][29,392s][info ][gc] GC(234) Pause Young (Normal) (G1 Evacuation Pause) 623M->10M(1024M) 1,790ms
[2024-08-04T17:57:12.612+0300][29,526s][info ][gc] GC(235) Pause Young (Normal) (G1 Evacuation Pause) 623M->10M(1024M) 1,974ms
[2024-08-04T17:57:12.742+0300][29,656s][info ][gc] GC(236) Pause Young (Normal) (G1 Evacuation Pause) 623M->10M(1024M) 2,660ms
[2024-08-04T17:57:12.880+0300][29,794s][info ][gc] GC(237) Pause Young (Normal) (G1 Evacuation Pause) 623M->11M(1024M) 2,287ms
[2024-08-04T17:57:13.018+0300][29,933s][info ][gc] GC(238) Pause Young (Normal) (G1 Evacuation Pause) 624M->11M(1024M) 2,032ms
[2024-08-04T17:57:13.154+0300][30,069s][info ][gc] GC(239) Pause Young (Normal) (G1 Evacuation Pause) 624M->11M(1024M) 1,896ms
[2024-08-04T17:57:13.293+0300][30,207s][info ][gc] GC(240) Pause Young (Normal) (G1 Evacuation Pause) 624M->11M(1024M) 2,354ms
[2024-08-04T17:57:13.434+0300][30,348s][info ][gc] GC(241) Pause Young (Normal) (G1 Evacuation Pause) 624M->11M(1024M) 2,305ms
[2024-08-04T17:57:13.575+0300][30,489s][info ][gc] GC(242) Pause Young (Normal) (G1 Evacuation Pause) 624M->11M(1024M) 1,771ms
[2024-08-04T17:57:13.713+0300][30,627s][info ][gc] GC(243) Pause Young (Normal) (G1 Evacuation Pause) 624M->11M(1024M) 1,903ms
[2024-08-04T17:57:13.854+0300][30,768s][info ][gc] GC(244) Pause Young (Normal) (G1 Evacuation Pause) 624M->11M(1024M) 1,956ms
[2024-08-04T17:57:13.997+0300][30,911s][info ][gc] GC(245) Pause Young (Normal) (G1 Evacuation Pause) 624M->11M(1024M) 2,356ms
[2024-08-04T17:57:14.133+0300][31,047s][info ][gc] GC(246) Pause Young (Normal) (G1 Evacuation Pause) 624M->11M(1024M) 2,196ms
[2024-08-04T17:57:14.276+0300][31,191s][info ][gc] GC(247) Pause Young (Normal) (G1 Evacuation Pause) 624M->11M(1024M) 1,922ms
[2024-08-04T17:57:14.413+0300][31,327s][info ][gc] GC(248) Pause Young (Normal) (G1 Evacuation Pause) 624M->11M(1024M) 2,111ms
[2024-08-04T17:57:14.553+0300][31,467s][info ][gc] GC(249) Pause Young (Normal) (G1 Evacuation Pause) 624M->11M(1024M) 2,023ms
[2024-08-04T17:57:14.682+0300][31,596s][info ][gc] GC(250) Pause Young (Normal) (G1 Evacuation Pause) 624M->11M(1024M) 1,653ms
[2024-08-04T17:57:14.897+0300][31,811s][info ][gc] GC(251) Pause Young (Normal) (G1 Evacuation Pause) 624M->11M(1024M) 2,241ms
[2024-08-04T17:57:15.030+0300][31,945s][info ][gc] GC(252) Pause Young (Normal) (G1 Evacuation Pause) 624M->11M(1024M) 2,467ms
[2024-08-04T17:57:15.140+0300][32,054s][info ][gc] GC(253) Pause Young (Normal) (G1 Evacuation Pause) 624M->11M(1024M) 2,593ms
[2024-08-04T17:57:15.257+0300][32,171s][info ][gc] GC(254) Pause Young (Normal) (G1 Evacuation Pause) 624M->11M(1024M) 2,675ms
[2024-08-04T17:57:15.370+0300][32,284s][info ][gc] GC(255) Pause Young (Normal) (G1 Evacuation Pause) 624M->11M(1024M) 2,418ms
[2024-08-04T17:57:15.471+0300][32,385s][info ][gc] GC(256) Pause Young (Normal) (G1 Evacuation Pause) 624M->11M(1024M) 2,692ms
[2024-08-04T17:57:15.581+0300][32,495s][info ][gc] GC(257) Pause Young (Normal) (G1 Evacuation Pause) 624M->11M(1024M) 2,507ms
[2024-08-04T17:57:15.691+0300][32,606s][info ][gc] GC(258) Pause Young (Normal) (G1 Evacuation Pause) 624M->11M(1024M) 2,483ms
[2024-08-04T17:57:15.806+0300][32,720s][info ][gc] GC(259) Pause Young (Normal) (G1 Evacuation Pause) 624M->11M(1024M) 2,759ms
[2024-08-04T17:57:15.904+0300][32,818s][info ][gc] GC(260) Pause Young (Normal) (G1 Evacuation Pause) 624M->12M(1024M) 2,589ms
[2024-08-04T17:57:16.008+0300][32,922s][info ][gc] GC(261) Pause Young (Normal) (G1 Evacuation Pause) 625M->12M(1024M) 2,845ms
[2024-08-04T17:57:16.113+0300][33,027s][info ][gc] GC(262) Pause Young (Normal) (G1 Evacuation Pause) 624M->12M(1024M) 2,756ms
[2024-08-04T17:57:16.210+0300][33,125s][info ][gc] GC(263) Pause Young (Normal) (G1 Evacuation Pause) 624M->12M(1024M) 2,753ms
[2024-08-04T17:57:16.307+0300][33,221s][info ][gc] GC(264) Pause Young (Normal) (G1 Evacuation Pause) 624M->12M(1024M) 2,683ms
[2024-08-04T17:57:16.404+0300][33,319s][info ][gc] GC(265) Pause Young (Normal) (G1 Evacuation Pause) 624M->12M(1024M) 2,830ms
[2024-08-04T17:57:16.512+0300][33,426s][info ][gc] GC(266) Pause Young (Normal) (G1 Evacuation Pause) 624M->12M(1024M) 2,839ms
[2024-08-04T17:57:16.626+0300][33,540s][info ][gc] GC(267) Pause Young (Normal) (G1 Evacuation Pause) 625M->12M(1024M) 2,678ms
[2024-08-04T17:57:16.722+0300][33,636s][info ][gc] GC(268) Pause Young (Normal) (G1 Evacuation Pause) 625M->12M(1024M) 2,414ms
[2024-08-04T17:57:16.834+0300][33,748s][info ][gc] GC(269) Pause Young (Normal) (G1 Evacuation Pause) 625M->12M(1024M) 2,653ms
[2024-08-04T17:57:16.930+0300][33,844s][info ][gc] GC(270) Pause Young (Normal) (G1 Evacuation Pause) 625M->12M(1024M) 2,607ms
[2024-08-04T17:57:17.026+0300][33,940s][info ][gc] GC(271) Pause Young (Normal) (G1 Evacuation Pause) 625M->12M(1024M) 2,350ms
[2024-08-04T17:57:17.134+0300][34,048s][info ][gc] GC(272) Pause Young (Normal) (G1 Evacuation Pause) 625M->12M(1024M) 2,733ms
[2024-08-04T17:57:17.243+0300][34,157s][info ][gc] GC(273) Pause Young (Normal) (G1 Evacuation Pause) 625M->12M(1024M) 2,689ms
[2024-08-04T17:57:17.345+0300][34,259s][info ][gc] GC(274) Pause Young (Normal) (G1 Evacuation Pause) 625M->12M(1024M) 2,544ms
[2024-08-04T17:57:17.454+0300][34,368s][info ][gc] GC(275) Pause Young (Normal) (G1 Evacuation Pause) 625M->12M(1024M) 2,729ms
[2024-08-04T17:57:17.562+0300][34,476s][info ][gc] GC(276) Pause Young (Normal) (G1 Evacuation Pause) 625M->12M(1024M) 2,333ms
[2024-08-04T17:57:17.667+0300][34,581s][info ][gc] GC(277) Pause Young (Normal) (G1 Evacuation Pause) 625M->12M(1024M) 2,515ms
[2024-08-04T17:57:17.774+0300][34,689s][info ][gc] GC(278) Pause Young (Normal) (G1 Evacuation Pause) 625M->12M(1024M) 2,376ms
[2024-08-04T17:57:17.871+0300][34,785s][info ][gc] GC(279) Pause Young (Normal) (G1 Evacuation Pause) 625M->12M(1024M) 2,595ms
[2024-08-04T17:57:17.977+0300][34,892s][info ][gc] GC(280) Pause Young (Normal) (G1 Evacuation Pause) 625M->12M(1024M) 2,327ms
[2024-08-04T17:57:18.088+0300][35,003s][info ][gc] GC(281) Pause Young (Normal) (G1 Evacuation Pause) 625M->12M(1024M) 2,556ms
[2024-08-04T17:57:18.187+0300][35,101s][info ][gc] GC(282) Pause Young (Normal) (G1 Evacuation Pause) 625M->12M(1024M) 2,161ms
[2024-08-04T17:57:18.291+0300][35,205s][info ][gc] GC(283) Pause Young (Normal) (G1 Evacuation Pause) 625M->12M(1024M) 2,497ms
[2024-08-04T17:57:18.386+0300][35,301s][info ][gc] GC(284) Pause Young (Normal) (G1 Evacuation Pause) 625M->12M(1024M) 2,369ms
[2024-08-04T17:57:18.487+0300][35,401s][info ][gc] GC(285) Pause Young (Normal) (G1 Evacuation Pause) 625M->12M(1024M) 2,557ms
[2024-08-04T17:57:18.594+0300][35,508s][info ][gc] GC(286) Pause Young (Normal) (G1 Evacuation Pause) 625M->12M(1024M) 2,337ms
[2024-08-04T17:57:18.701+0300][35,615s][info ][gc] GC(287) Pause Young (Normal) (G1 Evacuation Pause) 625M->13M(1024M) 2,420ms
[2024-08-04T17:57:18.798+0300][35,713s][info ][gc] GC(288) Pause Young (Normal) (G1 Evacuation Pause) 626M->13M(1024M) 2,271ms
[2024-08-04T17:57:18.901+0300][35,816s][info ][gc] GC(289) Pause Young (Normal) (G1 Evacuation Pause) 626M->13M(1024M) 2,259ms
[2024-08-04T17:57:19.006+0300][35,920s][info ][gc] GC(290) Pause Young (Normal) (G1 Evacuation Pause) 626M->13M(1024M) 2,466ms
[2024-08-04T17:57:19.113+0300][36,027s][info ][gc] GC(291) Pause Young (Normal) (G1 Evacuation Pause) 626M->13M(1024M) 2,058ms
[2024-08-04T17:57:19.225+0300][36,139s][info ][gc] GC(292) Pause Young (Normal) (G1 Evacuation Pause) 626M->13M(1024M) 2,629ms
[2024-08-04T17:57:19.338+0300][36,252s][info ][gc] GC(293) Pause Young (Normal) (G1 Evacuation Pause) 626M->13M(1024M) 2,717ms
[2024-08-04T17:57:19.446+0300][36,361s][info ][gc] GC(294) Pause Young (Normal) (G1 Evacuation Pause) 626M->13M(1024M) 2,362ms
[2024-08-04T17:57:19.557+0300][36,471s][info ][gc] GC(295) Pause Young (Normal) (G1 Evacuation Pause) 626M->13M(1024M) 2,369ms
[2024-08-04T17:57:19.659+0300][36,573s][info ][gc] GC(296) Pause Young (Normal) (G1 Evacuation Pause) 626M->13M(1024M) 2,028ms
[2024-08-04T17:57:19.772+0300][36,686s][info ][gc] GC(297) Pause Young (Normal) (G1 Evacuation Pause) 626M->13M(1024M) 2,154ms
[2024-08-04T17:57:19.880+0300][36,795s][info ][gc] GC(298) Pause Young (Normal) (G1 Evacuation Pause) 626M->13M(1024M) 2,200ms
[2024-08-04T17:57:19.993+0300][36,907s][info ][gc] GC(299) Pause Young (Normal) (G1 Evacuation Pause) 626M->13M(1024M) 2,133ms
[2024-08-04T17:57:20.104+0300][37,018s][info ][gc] GC(300) Pause Young (Normal) (G1 Evacuation Pause) 626M->13M(1024M) 2,105ms
[2024-08-04T17:57:20.216+0300][37,130s][info ][gc] GC(301) Pause Young (Normal) (G1 Evacuation Pause) 626M->13M(1024M) 2,003ms
[2024-08-04T17:57:20.323+0300][37,237s][info ][gc] GC(302) Pause Young (Normal) (G1 Evacuation Pause) 626M->13M(1024M) 2,369ms
[2024-08-04T17:57:20.424+0300][37,338s][info ][gc] GC(303) Pause Young (Normal) (G1 Evacuation Pause) 626M->13M(1024M) 2,424ms
[2024-08-04T17:57:20.537+0300][37,451s][info ][gc] GC(304) Pause Young (Normal) (G1 Evacuation Pause) 626M->13M(1024M) 2,592ms
[2024-08-04T17:57:20.648+0300][37,562s][info ][gc] GC(305) Pause Young (Normal) (G1 Evacuation Pause) 626M->13M(1024M) 2,284ms
[2024-08-04T17:57:20.761+0300][37,676s][info ][gc] GC(306) Pause Young (Normal) (G1 Evacuation Pause) 626M->13M(1024M) 2,446ms
[2024-08-04T17:57:20.875+0300][37,789s][info ][gc] GC(307) Pause Young (Normal) (G1 Evacuation Pause) 626M->13M(1024M) 1,954ms
[2024-08-04T17:57:20.984+0300][37,898s][info ][gc] GC(308) Pause Young (Normal) (G1 Evacuation Pause) 626M->13M(1024M) 1,759ms
[2024-08-04T17:57:21.082+0300][37,997s][info ][gc] GC(309) Pause Young (Normal) (G1 Evacuation Pause) 626M->13M(1024M) 1,969ms
[2024-08-04T17:57:21.195+0300][38,110s][info ][gc] GC(310) Pause Young (Normal) (G1 Evacuation Pause) 626M->13M(1024M) 2,310ms
[2024-08-04T17:57:21.301+0300][38,215s][info ][gc] GC(311) Pause Young (Normal) (G1 Evacuation Pause) 626M->13M(1024M) 1,875ms
[2024-08-04T17:57:21.415+0300][38,329s][info ][gc] GC(312) Pause Young (Normal) (G1 Evacuation Pause) 626M->13M(1024M) 2,262ms
[2024-08-04T17:57:21.514+0300][38,428s][info ][gc] GC(313) Pause Young (Normal) (G1 Evacuation Pause) 626M->13M(1024M) 2,248ms
[2024-08-04T17:57:21.627+0300][38,541s][info ][gc] GC(314) Pause Young (Normal) (G1 Evacuation Pause) 626M->13M(1024M) 2,355ms
[2024-08-04T17:57:21.736+0300][38,651s][info ][gc] GC(315) Pause Young (Normal) (G1 Evacuation Pause) 626M->13M(1024M) 2,516ms
[2024-08-04T17:57:21.843+0300][38,757s][info ][gc] GC(316) Pause Young (Normal) (G1 Evacuation Pause) 626M->13M(1024M) 2,838ms
[2024-08-04T17:57:21.945+0300][38,859s][info ][gc] GC(317) Pause Young (Normal) (G1 Evacuation Pause) 626M->13M(1024M) 2,443ms
[2024-08-04T17:57:22.052+0300][38,966s][info ][gc] GC(318) Pause Young (Normal) (G1 Evacuation Pause) 626M->13M(1024M) 2,434ms
[2024-08-04T17:57:22.161+0300][39,076s][info ][gc] GC(319) Pause Young (Normal) (G1 Evacuation Pause) 626M->13M(1024M) 1,819ms
[2024-08-04T17:57:22.268+0300][39,182s][info ][gc] GC(320) Pause Young (Normal) (G1 Evacuation Pause) 626M->13M(1024M) 1,965ms
[2024-08-04T17:57:22.385+0300][39,299s][info ][gc] GC(321) Pause Young (Normal) (G1 Evacuation Pause) 626M->13M(1024M) 2,134ms
[2024-08-04T17:57:22.486+0300][39,400s][info ][gc] GC(322) Pause Young (Normal) (G1 Evacuation Pause) 626M->14M(1024M) 2,445ms
[2024-08-04T17:57:22.598+0300][39,512s][info ][gc] GC(323) Pause Young (Normal) (G1 Evacuation Pause) 627M->14M(1024M) 1,986ms
[2024-08-04T17:57:22.703+0300][39,617s][info ][gc] GC(324) Pause Young (Normal) (G1 Evacuation Pause) 627M->14M(1024M) 2,336ms
[2024-08-04T17:57:22.818+0300][39,732s][info ][gc] GC(325) Pause Young (Normal) (G1 Evacuation Pause) 627M->14M(1024M) 1,907ms
[2024-08-04T17:57:22.929+0300][39,843s][info ][gc] GC(326) Pause Young (Normal) (G1 Evacuation Pause) 627M->14M(1024M) 2,448ms
[2024-08-04T17:57:23.032+0300][39,947s][info ][gc] GC(327) Pause Young (Normal) (G1 Evacuation Pause) 627M->14M(1024M) 2,212ms
[2024-08-04T17:57:23.142+0300][40,056s][info ][gc] GC(328) Pause Young (Normal) (G1 Evacuation Pause) 627M->14M(1024M) 2,150ms
[2024-08-04T17:57:23.254+0300][40,168s][info ][gc] GC(329) Pause Young (Normal) (G1 Evacuation Pause) 627M->14M(1024M) 1,816ms
[2024-08-04T17:57:23.364+0300][40,278s][info ][gc] GC(330) Pause Young (Normal) (G1 Evacuation Pause) 627M->14M(1024M) 2,192ms
[2024-08-04T17:57:23.470+0300][40,384s][info ][gc] GC(331) Pause Young (Normal) (G1 Evacuation Pause) 627M->14M(1024M) 2,122ms
[2024-08-04T17:57:23.584+0300][40,498s][info ][gc] GC(332) Pause Young (Normal) (G1 Evacuation Pause) 627M->14M(1024M) 1,835ms
[2024-08-04T17:57:23.703+0300][40,617s][info ][gc] GC(333) Pause Young (Normal) (G1 Evacuation Pause) 627M->14M(1024M) 1,711ms
[2024-08-04T17:57:23.820+0300][40,734s][info ][gc] GC(334) Pause Young (Normal) (G1 Evacuation Pause) 627M->14M(1024M) 2,104ms
[2024-08-04T17:57:23.926+0300][40,841s][info ][gc] GC(335) Pause Young (Normal) (G1 Evacuation Pause) 627M->14M(1024M) 2,002ms
[2024-08-04T17:57:24.042+0300][40,956s][info ][gc] GC(336) Pause Young (Normal) (G1 Evacuation Pause) 627M->14M(1024M) 2,367ms
[2024-08-04T17:57:24.149+0300][41,063s][info ][gc] GC(337) Pause Young (Normal) (G1 Evacuation Pause) 627M->14M(1024M) 2,118ms
[2024-08-04T17:57:24.256+0300][41,170s][info ][gc] GC(338) Pause Young (Normal) (G1 Evacuation Pause) 627M->14M(1024M) 1,844ms
[2024-08-04T17:57:24.364+0300][41,278s][info ][gc] GC(339) Pause Young (Normal) (G1 Evacuation Pause) 627M->14M(1024M) 2,139ms
[2024-08-04T17:57:24.482+0300][41,397s][info ][gc] GC(340) Pause Young (Normal) (G1 Evacuation Pause) 627M->14M(1024M) 1,784ms
[2024-08-04T17:57:24.592+0300][41,506s][info ][gc] GC(341) Pause Young (Normal) (G1 Evacuation Pause) 627M->14M(1024M) 2,069ms
[2024-08-04T17:57:24.715+0300][41,630s][info ][gc] GC(342) Pause Young (Normal) (G1 Evacuation Pause) 627M->14M(1024M) 2,108ms
[2024-08-04T17:57:24.824+0300][41,739s][info ][gc] GC(343) Pause Young (Normal) (G1 Evacuation Pause) 627M->14M(1024M) 2,262ms
[2024-08-04T17:57:24.935+0300][41,849s][info ][gc] GC(344) Pause Young (Normal) (G1 Evacuation Pause) 627M->14M(1024M) 1,977ms
[2024-08-04T17:57:25.055+0300][41,969s][info ][gc] GC(345) Pause Young (Normal) (G1 Evacuation Pause) 627M->14M(1024M) 2,196ms
[2024-08-04T17:57:25.175+0300][42,089s][info ][gc] GC(346) Pause Young (Normal) (G1 Evacuation Pause) 627M->14M(1024M) 1,802ms
[2024-08-04T17:57:25.300+0300][42,215s][info ][gc] GC(347) Pause Young (Normal) (G1 Evacuation Pause) 627M->14M(1024M) 1,879ms
[2024-08-04T17:57:25.426+0300][42,340s][info ][gc] GC(348) Pause Young (Normal) (G1 Evacuation Pause) 627M->14M(1024M) 1,960ms
[2024-08-04T17:57:25.553+0300][42,467s][info ][gc] GC(349) Pause Young (Normal) (G1 Evacuation Pause) 627M->14M(1024M) 1,789ms
[2024-08-04T17:57:25.681+0300][42,595s][info ][gc] GC(350) Pause Young (Normal) (G1 Evacuation Pause) 627M->14M(1024M) 1,766ms
[2024-08-04T17:57:25.808+0300][42,722s][info ][gc] GC(351) Pause Young (Normal) (G1 Evacuation Pause) 627M->14M(1024M) 2,064ms
[2024-08-04T17:57:25.935+0300][42,849s][info ][gc] GC(352) Pause Young (Normal) (G1 Evacuation Pause) 627M->14M(1024M) 2,086ms
[2024-08-04T17:57:26.056+0300][42,970s][info ][gc] GC(353) Pause Young (Normal) (G1 Evacuation Pause) 627M->14M(1024M) 2,127ms
[2024-08-04T17:57:26.185+0300][43,099s][info ][gc] GC(354) Pause Young (Normal) (G1 Evacuation Pause) 627M->14M(1024M) 1,954ms
[2024-08-04T17:57:26.316+0300][43,230s][info ][gc] GC(355) Pause Young (Normal) (G1 Evacuation Pause) 627M->14M(1024M) 2,253ms
[2024-08-04T17:57:26.447+0300][43,361s][info ][gc] GC(356) Pause Young (Normal) (G1 Evacuation Pause) 627M->14M(1024M) 2,045ms
[2024-08-04T17:57:26.575+0300][43,489s][info ][gc] GC(357) Pause Young (Normal) (G1 Evacuation Pause) 627M->14M(1024M) 2,170ms
[2024-08-04T17:57:26.703+0300][43,618s][info ][gc] GC(358) Pause Young (Normal) (G1 Evacuation Pause) 627M->14M(1024M) 2,076ms
[2024-08-04T17:57:26.835+0300][43,749s][info ][gc] GC(359) Pause Young (Normal) (G1 Evacuation Pause) 627M->14M(1024M) 2,190ms
[2024-08-04T17:57:26.959+0300][43,874s][info ][gc] GC(360) Pause Young (Normal) (G1 Evacuation Pause) 627M->14M(1024M) 2,271ms
[2024-08-04T17:57:27.091+0300][44,005s][info ][gc] GC(361) Pause Young (Normal) (G1 Evacuation Pause) 627M->14M(1024M) 2,303ms
[2024-08-04T17:57:27.225+0300][44,139s][info ][gc] GC(362) Pause Young (Normal) (G1 Evacuation Pause) 627M->14M(1024M) 1,900ms
[2024-08-04T17:57:27.360+0300][44,274s][info ][gc] GC(363) Pause Young (Normal) (G1 Evacuation Pause) 627M->15M(1024M) 2,056ms
[2024-08-04T17:57:27.490+0300][44,405s][info ][gc] GC(364) Pause Young (Normal) (G1 Evacuation Pause) 628M->15M(1024M) 2,166ms
[2024-08-04T17:57:27.625+0300][44,539s][info ][gc] GC(365) Pause Young (Normal) (G1 Evacuation Pause) 628M->15M(1024M) 2,013ms
[2024-08-04T17:57:27.762+0300][44,676s][info ][gc] GC(366) Pause Young (Normal) (G1 Evacuation Pause) 628M->15M(1024M) 1,984ms
[2024-08-04T17:57:27.897+0300][44,812s][info ][gc] GC(367) Pause Young (Normal) (G1 Evacuation Pause) 628M->15M(1024M) 1,459ms
[2024-08-04T17:57:28.033+0300][44,948s][info ][gc] GC(368) Pause Young (Normal) (G1 Evacuation Pause) 628M->15M(1024M) 1,450ms
[2024-08-04T17:57:28.164+0300][45,078s][info ][gc] GC(369) Pause Young (Normal) (G1 Evacuation Pause) 628M->15M(1024M) 1,915ms
[2024-08-04T17:57:28.288+0300][45,203s][info ][gc] GC(370) Pause Young (Normal) (G1 Evacuation Pause) 628M->15M(1024M) 1,966ms
[2024-08-04T17:57:28.421+0300][45,335s][info ][gc] GC(371) Pause Young (Normal) (G1 Evacuation Pause) 628M->15M(1024M) 2,359ms
[2024-08-04T17:57:28.560+0300][45,474s][info ][gc] GC(372) Pause Young (Normal) (G1 Evacuation Pause) 628M->15M(1024M) 2,005ms
[2024-08-04T17:57:28.698+0300][45,612s][info ][gc] GC(373) Pause Young (Normal) (G1 Evacuation Pause) 628M->15M(1024M) 1,607ms
[2024-08-04T17:57:28.833+0300][45,748s][info ][gc] GC(374) Pause Young (Normal) (G1 Evacuation Pause) 628M->15M(1024M) 1,811ms
[2024-08-04T17:57:28.970+0300][45,885s][info ][gc] GC(375) Pause Young (Normal) (G1 Evacuation Pause) 628M->15M(1024M) 1,694ms
[2024-08-04T17:57:29.147+0300][46,062s][info ][gc] GC(376) Pause Young (Normal) (G1 Evacuation Pause) 628M->15M(1024M) 2,640ms
[2024-08-04T17:57:29.265+0300][46,179s][info ][gc] GC(377) Pause Young (Normal) (G1 Evacuation Pause) 628M->15M(1024M) 2,285ms
[2024-08-04T17:57:29.378+0300][46,292s][info ][gc] GC(378) Pause Young (Normal) (G1 Evacuation Pause) 628M->15M(1024M) 2,525ms
[2024-08-04T17:57:29.493+0300][46,407s][info ][gc] GC(379) Pause Young (Normal) (G1 Evacuation Pause) 628M->15M(1024M) 2,415ms
[2024-08-04T17:57:29.611+0300][46,525s][info ][gc] GC(380) Pause Young (Normal) (G1 Evacuation Pause) 628M->15M(1024M) 2,216ms
[2024-08-04T17:57:29.726+0300][46,640s][info ][gc] GC(381) Pause Young (Normal) (G1 Evacuation Pause) 628M->15M(1024M) 2,114ms
[2024-08-04T17:57:29.842+0300][46,756s][info ][gc] GC(382) Pause Young (Normal) (G1 Evacuation Pause) 628M->15M(1024M) 2,382ms
[2024-08-04T17:57:29.956+0300][46,870s][info ][gc] GC(383) Pause Young (Normal) (G1 Evacuation Pause) 628M->15M(1024M) 2,510ms
[2024-08-04T17:57:30.065+0300][46,979s][info ][gc] GC(384) Pause Young (Normal) (G1 Evacuation Pause) 628M->15M(1024M) 2,580ms
[2024-08-04T17:57:30.181+0300][47,095s][info ][gc] GC(385) Pause Young (Normal) (G1 Evacuation Pause) 628M->16M(1024M) 2,529ms
[2024-08-04T17:57:30.278+0300][47,192s][info ][gc] GC(386) Pause Young (Normal) (G1 Evacuation Pause) 629M->16M(1024M) 2,627ms
[2024-08-04T17:57:30.391+0300][47,305s][info ][gc] GC(387) Pause Young (Normal) (G1 Evacuation Pause) 628M->16M(1024M) 2,431ms
[2024-08-04T17:57:30.500+0300][47,414s][info ][gc] GC(388) Pause Young (Normal) (G1 Evacuation Pause) 628M->16M(1024M) 2,638ms
[2024-08-04T17:57:30.603+0300][47,517s][info ][gc] GC(389) Pause Young (Normal) (G1 Evacuation Pause) 628M->16M(1024M) 2,607ms
[2024-08-04T17:57:30.710+0300][47,624s][info ][gc] GC(390) Pause Young (Normal) (G1 Evacuation Pause) 628M->16M(1024M) 2,323ms
[2024-08-04T17:57:30.813+0300][47,727s][info ][gc] GC(391) Pause Young (Normal) (G1 Evacuation Pause) 628M->16M(1024M) 2,521ms
[2024-08-04T17:57:30.919+0300][47,833s][info ][gc] GC(392) Pause Young (Normal) (G1 Evacuation Pause) 629M->16M(1024M) 2,426ms
[2024-08-04T17:57:31.030+0300][47,944s][info ][gc] GC(393) Pause Young (Normal) (G1 Evacuation Pause) 629M->16M(1024M) 2,714ms
[2024-08-04T17:57:31.143+0300][48,057s][info ][gc] GC(394) Pause Young (Normal) (G1 Evacuation Pause) 629M->16M(1024M) 2,444ms
[2024-08-04T17:57:31.254+0300][48,168s][info ][gc] GC(395) Pause Young (Normal) (G1 Evacuation Pause) 629M->16M(1024M) 2,403ms
[2024-08-04T17:57:31.364+0300][48,278s][info ][gc] GC(396) Pause Young (Normal) (G1 Evacuation Pause) 629M->16M(1024M) 2,528ms
[2024-08-04T17:57:31.463+0300][48,377s][info ][gc] GC(397) Pause Young (Normal) (G1 Evacuation Pause) 629M->16M(1024M) 2,341ms
[2024-08-04T17:57:31.572+0300][48,486s][info ][gc] GC(398) Pause Young (Normal) (G1 Evacuation Pause) 629M->16M(1024M) 2,477ms
[2024-08-04T17:57:31.669+0300][48,583s][info ][gc] GC(399) Pause Young (Normal) (G1 Evacuation Pause) 629M->16M(1024M) 2,176ms
[2024-08-04T17:57:31.770+0300][48,685s][info ][gc] GC(400) Pause Young (Normal) (G1 Evacuation Pause) 629M->16M(1024M) 2,503ms
[2024-08-04T17:57:31.875+0300][48,789s][info ][gc] GC(401) Pause Young (Normal) (G1 Evacuation Pause) 629M->16M(1024M) 2,371ms
[2024-08-04T17:57:31.987+0300][48,901s][info ][gc] GC(402) Pause Young (Normal) (G1 Evacuation Pause) 629M->16M(1024M) 2,274ms
[2024-08-04T17:57:32.094+0300][49,008s][info ][gc] GC(403) Pause Young (Normal) (G1 Evacuation Pause) 629M->16M(1024M) 2,392ms
[2024-08-04T17:57:32.202+0300][49,116s][info ][gc] GC(404) Pause Young (Normal) (G1 Evacuation Pause) 629M->16M(1024M) 2,054ms
[2024-08-04T17:57:32.311+0300][49,225s][info ][gc] GC(405) Pause Young (Normal) (G1 Evacuation Pause) 629M->16M(1024M) 2,592ms
[2024-08-04T17:57:32.419+0300][49,333s][info ][gc] GC(406) Pause Young (Normal) (G1 Evacuation Pause) 629M->16M(1024M) 2,392ms
[2024-08-04T17:57:32.516+0300][49,430s][info ][gc] GC(407) Pause Young (Normal) (G1 Evacuation Pause) 629M->16M(1024M) 1,997ms
[2024-08-04T17:57:32.616+0300][49,530s][info ][gc] GC(408) Pause Young (Normal) (G1 Evacuation Pause) 629M->16M(1024M) 2,282ms
[2024-08-04T17:57:32.720+0300][49,635s][info ][gc] GC(409) Pause Young (Normal) (G1 Evacuation Pause) 629M->16M(1024M) 1,964ms
[2024-08-04T17:57:32.829+0300][49,743s][info ][gc] GC(410) Pause Young (Normal) (G1 Evacuation Pause) 629M->16M(1024M) 2,239ms
[2024-08-04T17:57:32.934+0300][49,848s][info ][gc] GC(411) Pause Young (Normal) (G1 Evacuation Pause) 629M->16M(1024M) 2,205ms
[2024-08-04T17:57:33.043+0300][49,957s][info ][gc] GC(412) Pause Young (Normal) (G1 Evacuation Pause) 629M->16M(1024M) 2,570ms
[2024-08-04T17:57:33.141+0300][50,055s][info ][gc] GC(413) Pause Young (Normal) (G1 Evacuation Pause) 629M->16M(1024M) 2,181ms
[2024-08-04T17:57:33.250+0300][50,164s][info ][gc] GC(414) Pause Young (Normal) (G1 Evacuation Pause) 629M->17M(1024M) 2,077ms
[2024-08-04T17:57:33.354+0300][50,268s][info ][gc] GC(415) Pause Young (Normal) (G1 Evacuation Pause) 630M->17M(1024M) 2,311ms
[2024-08-04T17:57:33.465+0300][50,379s][info ][gc] GC(416) Pause Young (Normal) (G1 Evacuation Pause) 630M->17M(1024M) 2,276ms
[2024-08-04T17:57:33.578+0300][50,492s][info ][gc] GC(417) Pause Young (Normal) (G1 Evacuation Pause) 630M->17M(1024M) 2,332ms
[2024-08-04T17:57:33.690+0300][50,604s][info ][gc] GC(418) Pause Young (Normal) (G1 Evacuation Pause) 630M->17M(1024M) 2,172ms
[2024-08-04T17:57:33.797+0300][50,711s][info ][gc] GC(419) Pause Young (Normal) (G1 Evacuation Pause) 630M->17M(1024M) 2,026ms
[2024-08-04T17:57:33.907+0300][50,822s][info ][gc] GC(420) Pause Young (Normal) (G1 Evacuation Pause) 630M->17M(1024M) 2,151ms
[2024-08-04T17:57:34.020+0300][50,934s][info ][gc] GC(421) Pause Young (Normal) (G1 Evacuation Pause) 630M->17M(1024M) 2,184ms
[2024-08-04T17:57:34.131+0300][51,045s][info ][gc] GC(422) Pause Young (Normal) (G1 Evacuation Pause) 630M->17M(1024M) 1,878ms
[2024-08-04T17:57:34.242+0300][51,156s][info ][gc] GC(423) Pause Young (Normal) (G1 Evacuation Pause) 630M->17M(1024M) 1,875ms
[2024-08-04T17:57:34.348+0300][51,262s][info ][gc] GC(424) Pause Young (Normal) (G1 Evacuation Pause) 630M->17M(1024M) 1,986ms
[2024-08-04T17:57:34.460+0300][51,375s][info ][gc] GC(425) Pause Young (Normal) (G1 Evacuation Pause) 630M->17M(1024M) 2,049ms
[2024-08-04T17:57:34.573+0300][51,488s][info ][gc] GC(426) Pause Young (Normal) (G1 Evacuation Pause) 630M->17M(1024M) 2,408ms
[2024-08-04T17:57:34.682+0300][51,596s][info ][gc] GC(427) Pause Young (Normal) (G1 Evacuation Pause) 630M->17M(1024M) 2,062ms
[2024-08-04T17:57:34.795+0300][51,709s][info ][gc] GC(428) Pause Young (Normal) (G1 Evacuation Pause) 630M->17M(1024M) 2,128ms
[2024-08-04T17:57:34.907+0300][51,821s][info ][gc] GC(429) Pause Young (Normal) (G1 Evacuation Pause) 630M->17M(1024M) 2,086ms
[2024-08-04T17:57:35.015+0300][51,929s][info ][gc] GC(430) Pause Young (Normal) (G1 Evacuation Pause) 630M->17M(1024M) 2,618ms
[2024-08-04T17:57:35.124+0300][52,038s][info ][gc] GC(431) Pause Young (Normal) (G1 Evacuation Pause) 630M->17M(1024M) 2,122ms
[2024-08-04T17:57:35.233+0300][52,147s][info ][gc] GC(432) Pause Young (Normal) (G1 Evacuation Pause) 630M->17M(1024M) 2,375ms
[2024-08-04T17:57:35.336+0300][52,251s][info ][gc] GC(433) Pause Young (Normal) (G1 Evacuation Pause) 630M->17M(1024M) 2,182ms
[2024-08-04T17:57:35.450+0300][52,364s][info ][gc] GC(434) Pause Young (Normal) (G1 Evacuation Pause) 630M->17M(1024M) 2,351ms
[2024-08-04T17:57:35.564+0300][52,478s][info ][gc] GC(435) Pause Young (Normal) (G1 Evacuation Pause) 630M->17M(1024M) 2,230ms
[2024-08-04T17:57:35.674+0300][52,588s][info ][gc] GC(436) Pause Young (Normal) (G1 Evacuation Pause) 630M->17M(1024M) 1,850ms
[2024-08-04T17:57:35.783+0300][52,697s][info ][gc] GC(437) Pause Young (Normal) (G1 Evacuation Pause) 630M->17M(1024M) 2,208ms
[2024-08-04T17:57:35.887+0300][52,801s][info ][gc] GC(438) Pause Young (Normal) (G1 Evacuation Pause) 630M->17M(1024M) 1,941ms
[2024-08-04T17:57:35.995+0300][52,909s][info ][gc] GC(439) Pause Young (Normal) (G1 Evacuation Pause) 630M->17M(1024M) 1,825ms
[2024-08-04T17:57:36.108+0300][53,022s][info ][gc] GC(440) Pause Young (Normal) (G1 Evacuation Pause) 630M->17M(1024M) 1,950ms
[2024-08-04T17:57:36.222+0300][53,136s][info ][gc] GC(441) Pause Young (Normal) (G1 Evacuation Pause) 630M->17M(1024M) 2,083ms
[2024-08-04T17:57:36.334+0300][53,248s][info ][gc] GC(442) Pause Young (Normal) (G1 Evacuation Pause) 630M->17M(1024M) 1,773ms
[2024-08-04T17:57:36.449+0300][53,363s][info ][gc] GC(443) Pause Young (Normal) (G1 Evacuation Pause) 630M->17M(1024M) 2,032ms
[2024-08-04T17:57:36.553+0300][53,467s][info ][gc] GC(444) Pause Young (Normal) (G1 Evacuation Pause) 630M->17M(1024M) 1,862ms
[2024-08-04T17:57:36.668+0300][53,582s][info ][gc] GC(445) Pause Young (Normal) (G1 Evacuation Pause) 630M->17M(1024M) 1,869ms
[2024-08-04T17:57:36.780+0300][53,694s][info ][gc] GC(446) Pause Young (Normal) (G1 Evacuation Pause) 630M->17M(1024M) 1,958ms
[2024-08-04T17:57:36.892+0300][53,806s][info ][gc] GC(447) Pause Young (Normal) (G1 Evacuation Pause) 630M->17M(1024M) 1,692ms
[2024-08-04T17:57:37.004+0300][53,918s][info ][gc] GC(448) Pause Young (Normal) (G1 Evacuation Pause) 630M->17M(1024M) 1,807ms
[2024-08-04T17:57:37.118+0300][54,032s][info ][gc] GC(449) Pause Young (Normal) (G1 Evacuation Pause) 630M->17M(1024M) 1,944ms
[2024-08-04T17:57:37.225+0300][54,140s][info ][gc] GC(450) Pause Young (Normal) (G1 Evacuation Pause) 630M->17M(1024M) 1,737ms
[2024-08-04T17:57:37.342+0300][54,256s][info ][gc] GC(451) Pause Young (Normal) (G1 Evacuation Pause) 630M->17M(1024M) 2,108ms
[2024-08-04T17:57:37.456+0300][54,370s][info ][gc] GC(452) Pause Young (Normal) (G1 Evacuation Pause) 630M->18M(1024M) 1,864ms
[2024-08-04T17:57:37.572+0300][54,487s][info ][gc] GC(453) Pause Young (Normal) (G1 Evacuation Pause) 631M->18M(1024M) 1,745ms
[2024-08-04T17:57:37.680+0300][54,594s][info ][gc] GC(454) Pause Young (Normal) (G1 Evacuation Pause) 631M->18M(1024M) 1,871ms
[2024-08-04T17:57:37.795+0300][54,709s][info ][gc] GC(455) Pause Young (Normal) (G1 Evacuation Pause) 631M->18M(1024M) 1,888ms
[2024-08-04T17:57:37.906+0300][54,820s][info ][gc] GC(456) Pause Young (Normal) (G1 Evacuation Pause) 631M->18M(1024M) 1,827ms
[2024-08-04T17:57:38.025+0300][54,939s][info ][gc] GC(457) Pause Young (Normal) (G1 Evacuation Pause) 631M->18M(1024M) 1,728ms
[2024-08-04T17:57:38.141+0300][55,055s][info ][gc] GC(458) Pause Young (Normal) (G1 Evacuation Pause) 631M->18M(1024M) 1,767ms
[2024-08-04T17:57:38.261+0300][55,175s][info ][gc] GC(459) Pause Young (Normal) (G1 Evacuation Pause) 631M->18M(1024M) 1,749ms
[2024-08-04T17:57:38.380+0300][55,294s][info ][gc] GC(460) Pause Young (Normal) (G1 Evacuation Pause) 631M->18M(1024M) 2,008ms
[2024-08-04T17:57:38.492+0300][55,406s][info ][gc] GC(461) Pause Young (Normal) (G1 Evacuation Pause) 631M->18M(1024M) 2,199ms
[2024-08-04T17:57:38.612+0300][55,526s][info ][gc] GC(462) Pause Young (Normal) (G1 Evacuation Pause) 631M->18M(1024M) 2,410ms
[2024-08-04T17:57:38.772+0300][55,686s][info ][gc] GC(463) Pause Young (Normal) (G1 Evacuation Pause) 631M->18M(1024M) 2,233ms
[2024-08-04T17:57:38.910+0300][55,824s][info ][gc] GC(464) Pause Young (Normal) (G1 Evacuation Pause) 631M->18M(1024M) 1,684ms
[2024-08-04T17:57:39.034+0300][55,948s][info ][gc] GC(465) Pause Young (Normal) (G1 Evacuation Pause) 631M->18M(1024M) 1,690ms
[2024-08-04T17:57:39.152+0300][56,066s][info ][gc] GC(466) Pause Young (Normal) (G1 Evacuation Pause) 631M->18M(1024M) 1,695ms
[2024-08-04T17:57:39.278+0300][56,192s][info ][gc] GC(467) Pause Young (Normal) (G1 Evacuation Pause) 631M->18M(1024M) 1,700ms
[2024-08-04T17:57:39.394+0300][56,308s][info ][gc] GC(468) Pause Young (Normal) (G1 Evacuation Pause) 631M->18M(1024M) 1,897ms
[2024-08-04T17:57:39.540+0300][56,454s][info ][gc] GC(469) Pause Young (Normal) (G1 Evacuation Pause) 631M->18M(1024M) 1,933ms
[2024-08-04T17:57:39.665+0300][56,579s][info ][gc] GC(470) Pause Young (Normal) (G1 Evacuation Pause) 631M->18M(1024M) 2,055ms
[2024-08-04T17:57:39.785+0300][56,699s][info ][gc] GC(471) Pause Young (Normal) (G1 Evacuation Pause) 631M->18M(1024M) 1,991ms
[2024-08-04T17:57:39.917+0300][56,831s][info ][gc] GC(472) Pause Young (Normal) (G1 Evacuation Pause) 631M->18M(1024M) 1,792ms
[2024-08-04T17:57:40.036+0300][56,950s][info ][gc] GC(473) Pause Young (Normal) (G1 Evacuation Pause) 631M->18M(1024M) 1,647ms
[2024-08-04T17:57:40.149+0300][57,063s][info ][gc] GC(474) Pause Young (Normal) (G1 Evacuation Pause) 631M->18M(1024M) 1,621ms
[2024-08-04T17:57:40.272+0300][57,186s][info ][gc] GC(475) Pause Young (Normal) (G1 Evacuation Pause) 631M->18M(1024M) 1,967ms
[2024-08-04T17:57:40.401+0300][57,316s][info ][gc] GC(476) Pause Young (Normal) (G1 Evacuation Pause) 631M->18M(1024M) 1,892ms
[2024-08-04T17:57:40.526+0300][57,440s][info ][gc] GC(477) Pause Young (Normal) (G1 Evacuation Pause) 631M->18M(1024M) 1,768ms
[2024-08-04T17:57:40.659+0300][57,573s][info ][gc] GC(478) Pause Young (Normal) (G1 Evacuation Pause) 631M->18M(1024M) 1,927ms
[2024-08-04T17:57:40.786+0300][57,700s][info ][gc] GC(479) Pause Young (Normal) (G1 Evacuation Pause) 631M->18M(1024M) 1,720ms
[2024-08-04T17:57:40.910+0300][57,825s][info ][gc] GC(480) Pause Young (Normal) (G1 Evacuation Pause) 631M->18M(1024M) 1,676ms
[2024-08-04T17:57:41.050+0300][57,965s][info ][gc] GC(481) Pause Young (Normal) (G1 Evacuation Pause) 631M->18M(1024M) 2,120ms
[2024-08-04T17:57:41.196+0300][58,110s][info ][gc] GC(482) Pause Young (Normal) (G1 Evacuation Pause) 631M->18M(1024M) 1,927ms
[2024-08-04T17:57:41.320+0300][58,234s][info ][gc] GC(483) Pause Young (Normal) (G1 Evacuation Pause) 631M->18M(1024M) 1,825ms
[2024-08-04T17:57:41.451+0300][58,365s][info ][gc] GC(484) Pause Young (Normal) (G1 Evacuation Pause) 631M->18M(1024M) 1,929ms
[2024-08-04T17:57:41.582+0300][58,496s][info ][gc] GC(485) Pause Young (Normal) (G1 Evacuation Pause) 631M->18M(1024M) 1,761ms
[2024-08-04T17:57:41.716+0300][58,630s][info ][gc] GC(486) Pause Young (Normal) (G1 Evacuation Pause) 631M->18M(1024M) 1,668ms
[2024-08-04T17:57:41.841+0300][58,755s][info ][gc] GC(487) Pause Young (Normal) (G1 Evacuation Pause) 631M->18M(1024M) 1,817ms
[2024-08-04T17:57:41.989+0300][58,903s][info ][gc] GC(488) Pause Young (Normal) (G1 Evacuation Pause) 631M->18M(1024M) 1,899ms
[2024-08-04T17:57:42.128+0300][59,043s][info ][gc] GC(489) Pause Young (Normal) (G1 Evacuation Pause) 631M->18M(1024M) 1,851ms
[2024-08-04T17:57:42.270+0300][59,184s][info ][gc] GC(490) Pause Young (Normal) (G1 Evacuation Pause) 631M->18M(1024M) 1,806ms
[2024-08-04T17:57:42.406+0300][59,320s][info ][gc] GC(491) Pause Young (Normal) (G1 Evacuation Pause) 631M->18M(1024M) 1,917ms
[2024-08-04T17:57:42.542+0300][59,457s][info ][gc] GC(492) Pause Young (Normal) (G1 Evacuation Pause) 631M->18M(1024M) 1,909ms
[2024-08-04T17:57:42.673+0300][59,587s][info ][gc] GC(493) Pause Young (Normal) (G1 Evacuation Pause) 631M->18M(1024M) 2,012ms
[2024-08-04T17:57:42.824+0300][59,738s][info ][gc] GC(494) Pause Young (Normal) (G1 Evacuation Pause) 631M->18M(1024M) 1,754ms
[2024-08-04T17:57:42.958+0300][59,872s][info ][gc] GC(495) Pause Young (Normal) (G1 Evacuation Pause) 631M->19M(1024M) 2,063ms
[2024-08-04T17:57:43.096+0300][60,010s][info ][gc] GC(496) Pause Young (Normal) (G1 Evacuation Pause) 632M->19M(1024M) 1,714ms
[2024-08-04T17:57:43.233+0300][60,148s][info ][gc] GC(497) Pause Young (Normal) (G1 Evacuation Pause) 632M->19M(1024M) 1,846ms
[2024-08-04T17:57:43.364+0300][60,279s][info ][gc] GC(498) Pause Young (Normal) (G1 Evacuation Pause) 632M->19M(1024M) 1,946ms
[2024-08-04T17:57:43.504+0300][60,418s][info ][gc] GC(499) Pause Young (Normal) (G1 Evacuation Pause) 632M->19M(1024M) 1,867ms
[2024-08-04T17:57:43.678+0300][60,592s][info ][gc] GC(500) Pause Young (Normal) (G1 Evacuation Pause) 632M->19M(1024M) 2,106ms
[2024-08-04T17:57:43.838+0300][60,752s][info ][gc] GC(501) Pause Young (Normal) (G1 Evacuation Pause) 632M->19M(1024M) 2,241ms
[2024-08-04T17:57:43.971+0300][60,886s][info ][gc] GC(502) Pause Young (Normal) (G1 Evacuation Pause) 632M->19M(1024M) 2,650ms
[2024-08-04T17:57:44.093+0300][61,007s][info ][gc] GC(503) Pause Young (Normal) (G1 Evacuation Pause) 632M->19M(1024M) 2,326ms
[2024-08-04T17:57:44.213+0300][61,127s][info ][gc] GC(504) Pause Young (Normal) (G1 Evacuation Pause) 632M->19M(1024M) 2,470ms
[2024-08-04T17:57:44.321+0300][61,235s][info ][gc] GC(505) Pause Young (Normal) (G1 Evacuation Pause) 632M->19M(1024M) 2,299ms
[2024-08-04T17:57:44.427+0300][61,341s][info ][gc] GC(506) Pause Young (Normal) (G1 Evacuation Pause) 632M->19M(1024M) 2,390ms
[2024-08-04T17:57:44.533+0300][61,447s][info ][gc] GC(507) Pause Young (Normal) (G1 Evacuation Pause) 632M->19M(1024M) 2,403ms
[2024-08-04T17:57:44.649+0300][61,563s][info ][gc] GC(508) Pause Young (Normal) (G1 Evacuation Pause) 632M->19M(1024M) 2,504ms
[2024-08-04T17:57:44.765+0300][61,679s][info ][gc] GC(509) Pause Young (Normal) (G1 Evacuation Pause) 632M->19M(1024M) 2,468ms
[2024-08-04T17:57:44.874+0300][61,788s][info ][gc] GC(510) Pause Young (Normal) (G1 Evacuation Pause) 632M->19M(1024M) 2,506ms
[2024-08-04T17:57:44.982+0300][61,896s][info ][gc] GC(511) Pause Young (Normal) (G1 Evacuation Pause) 632M->19M(1024M) 2,383ms
[2024-08-04T17:57:45.080+0300][61,994s][info ][gc] GC(512) Pause Young (Normal) (G1 Evacuation Pause) 632M->19M(1024M) 2,464ms
[2024-08-04T17:57:45.193+0300][62,107s][info ][gc] GC(513) Pause Young (Normal) (G1 Evacuation Pause) 631M->19M(1024M) 2,632ms
[2024-08-04T17:57:45.304+0300][62,218s][info ][gc] GC(514) Pause Young (Normal) (G1 Evacuation Pause) 631M->20M(1024M) 2,549ms
[2024-08-04T17:57:45.414+0300][62,328s][info ][gc] GC(515) Pause Young (Normal) (G1 Evacuation Pause) 632M->20M(1024M) 2,635ms
[2024-08-04T17:57:45.526+0300][62,440s][info ][gc] GC(516) Pause Young (Normal) (G1 Evacuation Pause) 633M->20M(1024M) 2,408ms
[2024-08-04T17:57:45.640+0300][62,554s][info ][gc] GC(517) Pause Young (Normal) (G1 Evacuation Pause) 633M->20M(1024M) 2,303ms
[2024-08-04T17:57:45.748+0300][62,662s][info ][gc] GC(518) Pause Young (Normal) (G1 Evacuation Pause) 633M->20M(1024M) 2,241ms
[2024-08-04T17:57:45.856+0300][62,771s][info ][gc] GC(519) Pause Young (Normal) (G1 Evacuation Pause) 633M->20M(1024M) 2,324ms
[2024-08-04T17:57:45.959+0300][62,874s][info ][gc] GC(520) Pause Young (Normal) (G1 Evacuation Pause) 633M->20M(1024M) 2,406ms
[2024-08-04T17:57:46.070+0300][62,985s][info ][gc] GC(521) Pause Young (Normal) (G1 Evacuation Pause) 633M->20M(1024M) 2,062ms
[2024-08-04T17:57:46.173+0300][63,087s][info ][gc] GC(522) Pause Young (Normal) (G1 Evacuation Pause) 633M->20M(1024M) 2,348ms
[2024-08-04T17:57:46.279+0300][63,193s][info ][gc] GC(523) Pause Young (Normal) (G1 Evacuation Pause) 633M->20M(1024M) 2,250ms
[2024-08-04T17:57:46.394+0300][63,308s][info ][gc] GC(524) Pause Young (Normal) (G1 Evacuation Pause) 633M->20M(1024M) 2,335ms
[2024-08-04T17:57:46.505+0300][63,419s][info ][gc] GC(525) Pause Young (Normal) (G1 Evacuation Pause) 633M->20M(1024M) 2,078ms
[2024-08-04T17:57:46.616+0300][63,530s][info ][gc] GC(526) Pause Young (Normal) (G1 Evacuation Pause) 633M->20M(1024M) 2,098ms
[2024-08-04T17:57:46.727+0300][63,641s][info ][gc] GC(527) Pause Young (Normal) (G1 Evacuation Pause) 633M->20M(1024M) 2,162ms
[2024-08-04T17:57:46.834+0300][63,748s][info ][gc] GC(528) Pause Young (Normal) (G1 Evacuation Pause) 633M->20M(1024M) 2,170ms
[2024-08-04T17:57:46.936+0300][63,850s][info ][gc] GC(529) Pause Young (Normal) (G1 Evacuation Pause) 633M->20M(1024M) 2,194ms
[2024-08-04T17:57:47.048+0300][63,963s][info ][gc] GC(530) Pause Young (Normal) (G1 Evacuation Pause) 633M->20M(1024M) 2,421ms
[2024-08-04T17:57:47.161+0300][64,076s][info ][gc] GC(531) Pause Young (Normal) (G1 Evacuation Pause) 633M->20M(1024M) 2,466ms
[2024-08-04T17:57:47.276+0300][64,190s][info ][gc] GC(532) Pause Young (Normal) (G1 Evacuation Pause) 633M->20M(1024M) 2,353ms
[2024-08-04T17:57:47.381+0300][64,295s][info ][gc] GC(533) Pause Young (Normal) (G1 Evacuation Pause) 633M->20M(1024M) 2,404ms
[2024-08-04T17:57:47.485+0300][64,399s][info ][gc] GC(534) Pause Young (Normal) (G1 Evacuation Pause) 633M->20M(1024M) 2,651ms
[2024-08-04T17:57:47.595+0300][64,509s][info ][gc] GC(535) Pause Young (Normal) (G1 Evacuation Pause) 633M->20M(1024M) 2,228ms
[2024-08-04T17:57:47.694+0300][64,608s][info ][gc] GC(536) Pause Young (Normal) (G1 Evacuation Pause) 633M->20M(1024M) 2,061ms
[2024-08-04T17:57:47.807+0300][64,721s][info ][gc] GC(537) Pause Young (Normal) (G1 Evacuation Pause) 633M->20M(1024M) 2,662ms
[2024-08-04T17:57:47.910+0300][64,824s][info ][gc] GC(538) Pause Young (Normal) (G1 Evacuation Pause) 633M->20M(1024M) 1,968ms
[2024-08-04T17:57:48.017+0300][64,931s][info ][gc] GC(539) Pause Young (Normal) (G1 Evacuation Pause) 633M->20M(1024M) 2,304ms
[2024-08-04T17:57:48.130+0300][65,044s][info ][gc] GC(540) Pause Young (Normal) (G1 Evacuation Pause) 633M->20M(1024M) 2,209ms
[2024-08-04T17:57:48.243+0300][65,157s][info ][gc] GC(541) Pause Young (Normal) (G1 Evacuation Pause) 633M->20M(1024M) 2,086ms
[2024-08-04T17:57:48.346+0300][65,260s][info ][gc] GC(542) Pause Young (Normal) (G1 Evacuation Pause) 633M->21M(1024M) 2,291ms
[2024-08-04T17:57:48.455+0300][65,369s][info ][gc] GC(543) Pause Young (Normal) (G1 Evacuation Pause) 634M->21M(1024M) 2,294ms
[2024-08-04T17:57:48.559+0300][65,473s][info ][gc] GC(544) Pause Young (Normal) (G1 Evacuation Pause) 634M->21M(1024M) 2,407ms
[2024-08-04T17:57:48.666+0300][65,580s][info ][gc] GC(545) Pause Young (Normal) (G1 Evacuation Pause) 634M->21M(1024M) 2,547ms
[2024-08-04T17:57:48.772+0300][65,686s][info ][gc] GC(546) Pause Young (Normal) (G1 Evacuation Pause) 634M->21M(1024M) 2,301ms
[2024-08-04T17:57:48.886+0300][65,800s][info ][gc] GC(547) Pause Young (Normal) (G1 Evacuation Pause) 634M->21M(1024M) 2,138ms
[2024-08-04T17:57:49.000+0300][65,914s][info ][gc] GC(548) Pause Young (Normal) (G1 Evacuation Pause) 634M->21M(1024M) 2,249ms
[2024-08-04T17:57:49.110+0300][66,024s][info ][gc] GC(549) Pause Young (Normal) (G1 Evacuation Pause) 634M->21M(1024M) 2,299ms
[2024-08-04T17:57:49.225+0300][66,139s][info ][gc] GC(550) Pause Young (Normal) (G1 Evacuation Pause) 634M->21M(1024M) 1,958ms
[2024-08-04T17:57:49.337+0300][66,251s][info ][gc] GC(551) Pause Young (Normal) (G1 Evacuation Pause) 634M->21M(1024M) 2,208ms
[2024-08-04T17:57:49.441+0300][66,355s][info ][gc] GC(552) Pause Young (Normal) (G1 Evacuation Pause) 634M->21M(1024M) 2,447ms
[2024-08-04T17:57:49.551+0300][66,465s][info ][gc] GC(553) Pause Young (Normal) (G1 Evacuation Pause) 634M->21M(1024M) 2,347ms
[2024-08-04T17:57:49.661+0300][66,575s][info ][gc] GC(554) Pause Young (Normal) (G1 Evacuation Pause) 634M->21M(1024M) 2,444ms
[2024-08-04T17:57:49.770+0300][66,684s][info ][gc] GC(555) Pause Young (Normal) (G1 Evacuation Pause) 634M->21M(1024M) 2,418ms
[2024-08-04T17:57:49.883+0300][66,797s][info ][gc] GC(556) Pause Young (Normal) (G1 Evacuation Pause) 634M->21M(1024M) 2,318ms
[2024-08-04T17:57:49.998+0300][66,912s][info ][gc] GC(557) Pause Young (Normal) (G1 Evacuation Pause) 634M->21M(1024M) 2,419ms
[2024-08-04T17:57:50.112+0300][67,026s][info ][gc] GC(558) Pause Young (Normal) (G1 Evacuation Pause) 634M->21M(1024M) 2,330ms
[2024-08-04T17:57:50.218+0300][67,132s][info ][gc] GC(559) Pause Young (Normal) (G1 Evacuation Pause) 634M->21M(1024M) 1,981ms
[2024-08-04T17:57:50.324+0300][67,238s][info ][gc] GC(560) Pause Young (Normal) (G1 Evacuation Pause) 634M->21M(1024M) 2,334ms
[2024-08-04T17:57:50.438+0300][67,352s][info ][gc] GC(561) Pause Young (Normal) (G1 Evacuation Pause) 634M->21M(1024M) 2,094ms
[2024-08-04T17:57:50.554+0300][67,468s][info ][gc] GC(562) Pause Young (Normal) (G1 Evacuation Pause) 634M->21M(1024M) 2,184ms
[2024-08-04T17:57:50.667+0300][67,581s][info ][gc] GC(563) Pause Young (Normal) (G1 Evacuation Pause) 634M->21M(1024M) 2,312ms
[2024-08-04T17:57:50.783+0300][67,697s][info ][gc] GC(564) Pause Young (Normal) (G1 Evacuation Pause) 634M->21M(1024M) 2,327ms
[2024-08-04T17:57:50.892+0300][67,806s][info ][gc] GC(565) Pause Young (Normal) (G1 Evacuation Pause) 634M->21M(1024M) 2,190ms
[2024-08-04T17:57:50.999+0300][67,913s][info ][gc] GC(566) Pause Young (Normal) (G1 Evacuation Pause) 634M->21M(1024M) 2,166ms
[2024-08-04T17:57:51.111+0300][68,025s][info ][gc] GC(567) Pause Young (Normal) (G1 Evacuation Pause) 634M->21M(1024M) 2,436ms
[2024-08-04T17:57:51.215+0300][68,129s][info ][gc] GC(568) Pause Young (Normal) (G1 Evacuation Pause) 634M->21M(1024M) 2,401ms
[2024-08-04T17:57:51.330+0300][68,245s][info ][gc] GC(569) Pause Young (Normal) (G1 Evacuation Pause) 634M->21M(1024M) 2,697ms
[2024-08-04T17:57:51.435+0300][68,349s][info ][gc] GC(570) Pause Young (Normal) (G1 Evacuation Pause) 634M->21M(1024M) 2,867ms
[2024-08-04T17:57:51.547+0300][68,461s][info ][gc] GC(571) Pause Young (Normal) (G1 Evacuation Pause) 634M->21M(1024M) 2,516ms
[2024-08-04T17:57:51.650+0300][68,564s][info ][gc] GC(572) Pause Young (Normal) (G1 Evacuation Pause) 634M->21M(1024M) 2,030ms
[2024-08-04T17:57:51.768+0300][68,682s][info ][gc] GC(573) Pause Young (Normal) (G1 Evacuation Pause) 634M->21M(1024M) 2,134ms
[2024-08-04T17:57:51.882+0300][68,796s][info ][gc] GC(574) Pause Young (Normal) (G1 Evacuation Pause) 634M->21M(1024M) 2,360ms
[2024-08-04T17:57:51.999+0300][68,913s][info ][gc] GC(575) Pause Young (Normal) (G1 Evacuation Pause) 634M->21M(1024M) 2,036ms
[2024-08-04T17:57:52.104+0300][69,018s][info ][gc] GC(576) Pause Young (Normal) (G1 Evacuation Pause) 634M->21M(1024M) 2,419ms
[2024-08-04T17:57:52.218+0300][69,132s][info ][gc] GC(577) Pause Young (Normal) (G1 Evacuation Pause) 634M->21M(1024M) 2,393ms
[2024-08-04T17:57:52.335+0300][69,250s][info ][gc] GC(578) Pause Young (Normal) (G1 Evacuation Pause) 634M->21M(1024M) 2,605ms
[2024-08-04T17:57:52.444+0300][69,358s][info ][gc] GC(579) Pause Young (Normal) (G1 Evacuation Pause) 634M->21M(1024M) 2,852ms
[2024-08-04T17:57:52.555+0300][69,469s][info ][gc] GC(580) Pause Young (Normal) (G1 Evacuation Pause) 634M->22M(1024M) 2,468ms
[2024-08-04T17:57:52.663+0300][69,577s][info ][gc] GC(581) Pause Young (Normal) (G1 Evacuation Pause) 635M->22M(1024M) 2,463ms
[2024-08-04T17:57:52.777+0300][69,692s][info ][gc] GC(582) Pause Young (Normal) (G1 Evacuation Pause) 635M->22M(1024M) 2,627ms
[2024-08-04T17:57:52.900+0300][69,815s][info ][gc] GC(583) Pause Young (Normal) (G1 Evacuation Pause) 635M->22M(1024M) 2,092ms
[2024-08-04T17:57:53.018+0300][69,932s][info ][gc] GC(584) Pause Young (Normal) (G1 Evacuation Pause) 635M->22M(1024M) 2,065ms
[2024-08-04T17:57:53.136+0300][70,051s][info ][gc] GC(585) Pause Young (Normal) (G1 Evacuation Pause) 635M->22M(1024M) 2,086ms
[2024-08-04T17:57:53.247+0300][70,161s][info ][gc] GC(586) Pause Young (Normal) (G1 Evacuation Pause) 635M->22M(1024M) 2,177ms
[2024-08-04T17:57:53.355+0300][70,270s][info ][gc] GC(587) Pause Young (Normal) (G1 Evacuation Pause) 635M->22M(1024M) 1,995ms
[2024-08-04T17:57:53.473+0300][70,387s][info ][gc] GC(588) Pause Young (Normal) (G1 Evacuation Pause) 635M->22M(1024M) 2,021ms
[2024-08-04T17:57:53.584+0300][70,498s][info ][gc] GC(589) Pause Young (Normal) (G1 Evacuation Pause) 635M->22M(1024M) 1,786ms
[2024-08-04T17:57:53.702+0300][70,617s][info ][gc] GC(590) Pause Young (Normal) (G1 Evacuation Pause) 635M->22M(1024M) 2,272ms
[2024-08-04T17:57:53.829+0300][70,743s][info ][gc] GC(591) Pause Young (Normal) (G1 Evacuation Pause) 635M->22M(1024M) 2,154ms
[2024-08-04T17:57:53.955+0300][70,869s][info ][gc] GC(592) Pause Young (Normal) (G1 Evacuation Pause) 635M->22M(1024M) 2,050ms
[2024-08-04T17:57:54.083+0300][70,997s][info ][gc] GC(593) Pause Young (Normal) (G1 Evacuation Pause) 635M->22M(1024M) 1,867ms
[2024-08-04T17:57:54.206+0300][71,120s][info ][gc] GC(594) Pause Young (Normal) (G1 Evacuation Pause) 635M->22M(1024M) 1,948ms
[2024-08-04T17:57:54.332+0300][71,246s][info ][gc] GC(595) Pause Young (Normal) (G1 Evacuation Pause) 635M->22M(1024M) 2,347ms
[2024-08-04T17:57:54.446+0300][71,361s][info ][gc] GC(596) Pause Young (Normal) (G1 Evacuation Pause) 635M->22M(1024M) 2,230ms
[2024-08-04T17:57:54.575+0300][71,489s][info ][gc] GC(597) Pause Young (Normal) (G1 Evacuation Pause) 635M->22M(1024M) 2,016ms
[2024-08-04T17:57:54.690+0300][71,604s][info ][gc] GC(598) Pause Young (Normal) (G1 Evacuation Pause) 635M->22M(1024M) 2,057ms
[2024-08-04T17:57:54.813+0300][71,727s][info ][gc] GC(599) Pause Young (Normal) (G1 Evacuation Pause) 635M->22M(1024M) 2,104ms
[2024-08-04T17:57:54.930+0300][71,845s][info ][gc] GC(600) Pause Young (Normal) (G1 Evacuation Pause) 635M->22M(1024M) 1,898ms
[2024-08-04T17:57:55.054+0300][71,968s][info ][gc] GC(601) Pause Young (Normal) (G1 Evacuation Pause) 635M->22M(1024M) 1,608ms
[2024-08-04T17:57:55.184+0300][72,098s][info ][gc] GC(602) Pause Young (Normal) (G1 Evacuation Pause) 635M->22M(1024M) 1,995ms
[2024-08-04T17:57:55.309+0300][72,223s][info ][gc] GC(603) Pause Young (Normal) (G1 Evacuation Pause) 635M->22M(1024M) 2,064ms
[2024-08-04T17:57:55.434+0300][72,348s][info ][gc] GC(604) Pause Young (Normal) (G1 Evacuation Pause) 635M->22M(1024M) 1,685ms
[2024-08-04T17:57:55.560+0300][72,474s][info ][gc] GC(605) Pause Young (Normal) (G1 Evacuation Pause) 635M->22M(1024M) 1,815ms
[2024-08-04T17:57:55.681+0300][72,595s][info ][gc] GC(606) Pause Young (Normal) (G1 Evacuation Pause) 635M->22M(1024M) 1,720ms
[2024-08-04T17:57:55.814+0300][72,728s][info ][gc] GC(607) Pause Young (Normal) (G1 Evacuation Pause) 635M->22M(1024M) 1,651ms
[2024-08-04T17:57:55.934+0300][72,848s][info ][gc] GC(608) Pause Young (Normal) (G1 Evacuation Pause) 635M->22M(1024M) 2,401ms
[2024-08-04T17:57:56.062+0300][72,977s][info ][gc] GC(609) Pause Young (Normal) (G1 Evacuation Pause) 635M->22M(1024M) 2,094ms
[2024-08-04T17:57:56.190+0300][73,104s][info ][gc] GC(610) Pause Young (Normal) (G1 Evacuation Pause) 635M->22M(1024M) 1,982ms
[2024-08-04T17:57:56.323+0300][73,237s][info ][gc] GC(611) Pause Young (Normal) (G1 Evacuation Pause) 635M->22M(1024M) 1,893ms
[2024-08-04T17:57:56.447+0300][73,361s][info ][gc] GC(612) Pause Young (Normal) (G1 Evacuation Pause) 635M->22M(1024M) 2,105ms
[2024-08-04T17:57:56.580+0300][73,494s][info ][gc] GC(613) Pause Young (Normal) (G1 Evacuation Pause) 635M->22M(1024M) 2,083ms
[2024-08-04T17:57:56.708+0300][73,622s][info ][gc] GC(614) Pause Young (Normal) (G1 Evacuation Pause) 635M->22M(1024M) 2,035ms
[2024-08-04T17:57:56.840+0300][73,754s][info ][gc] GC(615) Pause Young (Normal) (G1 Evacuation Pause) 635M->22M(1024M) 2,228ms
[2024-08-04T17:57:56.974+0300][73,888s][info ][gc] GC(616) Pause Young (Normal) (G1 Evacuation Pause) 635M->22M(1024M) 2,040ms
[2024-08-04T17:57:57.109+0300][74,023s][info ][gc] GC(617) Pause Young (Normal) (G1 Evacuation Pause) 635M->22M(1024M) 2,141ms
[2024-08-04T17:57:57.235+0300][74,150s][info ][gc] GC(618) Pause Young (Normal) (G1 Evacuation Pause) 635M->22M(1024M) 1,917ms
[2024-08-04T17:57:57.365+0300][74,279s][info ][gc] GC(619) Pause Young (Normal) (G1 Evacuation Pause) 635M->22M(1024M) 2,228ms
[2024-08-04T17:57:57.495+0300][74,410s][info ][gc] GC(620) Pause Young (Normal) (G1 Evacuation Pause) 635M->22M(1024M) 2,273ms
[2024-08-04T17:57:57.618+0300][74,533s][info ][gc] GC(621) Pause Young (Normal) (G1 Evacuation Pause) 635M->22M(1024M) 1,937ms
[2024-08-04T17:57:57.740+0300][74,654s][info ][gc] GC(622) Pause Young (Normal) (G1 Evacuation Pause) 635M->22M(1024M) 1,797ms
[2024-08-04T17:57:57.876+0300][74,790s][info ][gc] GC(623) Pause Young (Normal) (G1 Evacuation Pause) 635M->22M(1024M) 1,724ms
[2024-08-04T17:57:57.998+0300][74,913s][info ][gc] GC(624) Pause Young (Normal) (G1 Evacuation Pause) 635M->23M(1024M) 2,019ms
[2024-08-04T17:57:58.215+0300][75,130s][info ][gc] GC(625) Pause Young (Normal) (G1 Evacuation Pause) 636M->23M(1024M) 2,242ms
[2024-08-04T17:57:58.359+0300][75,273s][info ][gc] GC(626) Pause Young (Normal) (G1 Evacuation Pause) 636M->23M(1024M) 2,278ms
[2024-08-04T17:57:58.486+0300][75,401s][info ][gc] GC(627) Pause Young (Normal) (G1 Evacuation Pause) 636M->23M(1024M) 2,110ms
[2024-08-04T17:57:58.608+0300][75,522s][info ][gc] GC(628) Pause Young (Normal) (G1 Evacuation Pause) 636M->23M(1024M) 2,340ms
[2024-08-04T17:57:58.728+0300][75,642s][info ][gc] GC(629) Pause Young (Normal) (G1 Evacuation Pause) 636M->23M(1024M) 2,032ms
[2024-08-04T17:57:58.840+0300][75,754s][info ][gc] GC(630) Pause Young (Normal) (G1 Evacuation Pause) 636M->23M(1024M) 2,240ms
[2024-08-04T17:57:58.951+0300][75,865s][info ][gc] GC(631) Pause Young (Normal) (G1 Evacuation Pause) 636M->23M(1024M) 2,237ms
[2024-08-04T17:57:59.063+0300][75,977s][info ][gc] GC(632) Pause Young (Normal) (G1 Evacuation Pause) 636M->23M(1024M) 2,658ms
[2024-08-04T17:57:59.175+0300][76,089s][info ][gc] GC(633) Pause Young (Normal) (G1 Evacuation Pause) 636M->23M(1024M) 2,323ms
[2024-08-04T17:57:59.284+0300][76,198s][info ][gc] GC(634) Pause Young (Normal) (G1 Evacuation Pause) 636M->23M(1024M) 2,456ms
[2024-08-04T17:57:59.398+0300][76,313s][info ][gc] GC(635) Pause Young (Normal) (G1 Evacuation Pause) 636M->23M(1024M) 2,598ms
[2024-08-04T17:57:59.505+0300][76,419s][info ][gc] GC(636) Pause Young (Normal) (G1 Evacuation Pause) 635M->23M(1024M) 2,806ms
[2024-08-04T17:57:59.607+0300][76,521s][info ][gc] GC(637) Pause Young (Normal) (G1 Evacuation Pause) 635M->23M(1024M) 2,464ms
[2024-08-04T17:57:59.720+0300][76,635s][info ][gc] GC(638) Pause Young (Normal) (G1 Evacuation Pause) 635M->23M(1024M) 2,573ms
[2024-08-04T17:57:59.829+0300][76,743s][info ][gc] GC(639) Pause Young (Normal) (G1 Evacuation Pause) 635M->23M(1024M) 2,621ms
[2024-08-04T17:57:59.934+0300][76,849s][info ][gc] GC(640) Pause Young (Normal) (G1 Evacuation Pause) 635M->23M(1024M) 2,622ms
[2024-08-04T17:58:00.047+0300][76,961s][info ][gc] GC(641) Pause Young (Normal) (G1 Evacuation Pause) 636M->24M(1024M) 2,512ms
[2024-08-04T17:58:00.152+0300][77,066s][info ][gc] GC(642) Pause Young (Normal) (G1 Evacuation Pause) 637M->24M(1024M) 2,611ms
[2024-08-04T17:58:00.264+0300][77,178s][info ][gc] GC(643) Pause Young (Normal) (G1 Evacuation Pause) 637M->24M(1024M) 2,266ms
[2024-08-04T17:58:00.371+0300][77,285s][info ][gc] GC(644) Pause Young (Normal) (G1 Evacuation Pause) 637M->24M(1024M) 2,405ms
[2024-08-04T17:58:00.479+0300][77,393s][info ][gc] GC(645) Pause Young (Normal) (G1 Evacuation Pause) 637M->24M(1024M) 2,487ms
[2024-08-04T17:58:00.576+0300][77,490s][info ][gc] GC(646) Pause Young (Normal) (G1 Evacuation Pause) 637M->24M(1024M) 2,517ms
[2024-08-04T17:58:00.683+0300][77,597s][info ][gc] GC(647) Pause Young (Normal) (G1 Evacuation Pause) 637M->24M(1024M) 2,367ms
[2024-08-04T17:58:00.779+0300][77,693s][info ][gc] GC(648) Pause Young (Normal) (G1 Evacuation Pause) 637M->24M(1024M) 1,964ms
[2024-08-04T17:58:00.887+0300][77,802s][info ][gc] GC(649) Pause Young (Normal) (G1 Evacuation Pause) 637M->24M(1024M) 2,690ms
[2024-08-04T17:58:00.995+0300][77,909s][info ][gc] GC(650) Pause Young (Normal) (G1 Evacuation Pause) 637M->24M(1024M) 2,431ms
[2024-08-04T17:58:01.105+0300][78,019s][info ][gc] GC(651) Pause Young (Normal) (G1 Evacuation Pause) 637M->24M(1024M) 2,402ms
[2024-08-04T17:58:01.203+0300][78,117s][info ][gc] GC(652) Pause Young (Normal) (G1 Evacuation Pause) 637M->24M(1024M) 2,477ms
[2024-08-04T17:58:01.303+0300][78,217s][info ][gc] GC(653) Pause Young (Normal) (G1 Evacuation Pause) 637M->24M(1024M) 1,980ms
[2024-08-04T17:58:01.411+0300][78,326s][info ][gc] GC(654) Pause Young (Normal) (G1 Evacuation Pause) 637M->24M(1024M) 2,400ms
[2024-08-04T17:58:01.511+0300][78,425s][info ][gc] GC(655) Pause Young (Normal) (G1 Evacuation Pause) 637M->24M(1024M) 2,076ms
[2024-08-04T17:58:01.618+0300][78,532s][info ][gc] GC(656) Pause Young (Normal) (G1 Evacuation Pause) 637M->24M(1024M) 2,085ms
[2024-08-04T17:58:01.720+0300][78,634s][info ][gc] GC(657) Pause Young (Normal) (G1 Evacuation Pause) 637M->24M(1024M) 1,947ms
[2024-08-04T17:58:01.817+0300][78,731s][info ][gc] GC(658) Pause Young (Normal) (G1 Evacuation Pause) 637M->24M(1024M) 2,104ms
[2024-08-04T17:58:01.927+0300][78,842s][info ][gc] GC(659) Pause Young (Normal) (G1 Evacuation Pause) 637M->24M(1024M) 2,027ms
[2024-08-04T17:58:02.037+0300][78,951s][info ][gc] GC(660) Pause Young (Normal) (G1 Evacuation Pause) 637M->24M(1024M) 2,155ms
[2024-08-04T17:58:02.147+0300][79,061s][info ][gc] GC(661) Pause Young (Normal) (G1 Evacuation Pause) 637M->24M(1024M) 2,196ms
[2024-08-04T17:58:02.258+0300][79,172s][info ][gc] GC(662) Pause Young (Normal) (G1 Evacuation Pause) 637M->24M(1024M) 2,456ms
[2024-08-04T17:58:02.355+0300][79,270s][info ][gc] GC(663) Pause Young (Normal) (G1 Evacuation Pause) 637M->24M(1024M) 2,595ms
[2024-08-04T17:58:02.467+0300][79,382s][info ][gc] GC(664) Pause Young (Normal) (G1 Evacuation Pause) 637M->24M(1024M) 2,411ms
[2024-08-04T17:58:02.574+0300][79,488s][info ][gc] GC(665) Pause Young (Normal) (G1 Evacuation Pause) 637M->24M(1024M) 2,397ms
[2024-08-04T17:58:02.682+0300][79,596s][info ][gc] GC(666) Pause Young (Normal) (G1 Evacuation Pause) 637M->24M(1024M) 2,267ms
[2024-08-04T17:58:02.786+0300][79,700s][info ][gc] GC(667) Pause Young (Normal) (G1 Evacuation Pause) 637M->24M(1024M) 2,295ms
[2024-08-04T17:58:02.893+0300][79,807s][info ][gc] GC(668) Pause Young (Normal) (G1 Evacuation Pause) 637M->24M(1024M) 2,406ms
[2024-08-04T17:58:02.997+0300][79,911s][info ][gc] GC(669) Pause Young (Normal) (G1 Evacuation Pause) 637M->24M(1024M) 2,377ms
[2024-08-04T17:58:03.104+0300][80,018s][info ][gc] GC(670) Pause Young (Normal) (G1 Evacuation Pause) 637M->24M(1024M) 2,105ms
[2024-08-04T17:58:03.218+0300][80,132s][info ][gc] GC(671) Pause Young (Normal) (G1 Evacuation Pause) 637M->24M(1024M) 2,302ms
[2024-08-04T17:58:03.324+0300][80,238s][info ][gc] GC(672) Pause Young (Normal) (G1 Evacuation Pause) 637M->24M(1024M) 2,394ms
[2024-08-04T17:58:03.420+0300][80,334s][info ][gc] GC(673) Pause Young (Normal) (G1 Evacuation Pause) 637M->25M(1024M) 1,842ms
[2024-08-04T17:58:03.528+0300][80,442s][info ][gc] GC(674) Pause Young (Normal) (G1 Evacuation Pause) 638M->25M(1024M) 2,340ms
[2024-08-04T17:58:03.625+0300][80,539s][info ][gc] GC(675) Pause Young (Normal) (G1 Evacuation Pause) 638M->25M(1024M) 2,139ms
[2024-08-04T17:58:03.738+0300][80,653s][info ][gc] GC(676) Pause Young (Normal) (G1 Evacuation Pause) 638M->25M(1024M) 2,137ms
[2024-08-04T17:58:03.845+0300][80,760s][info ][gc] GC(677) Pause Young (Normal) (G1 Evacuation Pause) 638M->25M(1024M) 1,810ms
[2024-08-04T17:58:03.948+0300][80,862s][info ][gc] GC(678) Pause Young (Normal) (G1 Evacuation Pause) 638M->25M(1024M) 2,154ms
[2024-08-04T17:58:04.057+0300][80,971s][info ][gc] GC(679) Pause Young (Normal) (G1 Evacuation Pause) 638M->25M(1024M) 2,418ms
[2024-08-04T17:58:04.154+0300][81,068s][info ][gc] GC(680) Pause Young (Normal) (G1 Evacuation Pause) 638M->25M(1024M) 2,109ms
[2024-08-04T17:58:04.268+0300][81,182s][info ][gc] GC(681) Pause Young (Normal) (G1 Evacuation Pause) 638M->25M(1024M) 2,029ms
[2024-08-04T17:58:04.377+0300][81,291s][info ][gc] GC(682) Pause Young (Normal) (G1 Evacuation Pause) 638M->25M(1024M) 1,956ms
[2024-08-04T17:58:04.491+0300][81,406s][info ][gc] GC(683) Pause Young (Normal) (G1 Evacuation Pause) 638M->25M(1024M) 1,982ms
[2024-08-04T17:58:04.592+0300][81,506s][info ][gc] GC(684) Pause Young (Normal) (G1 Evacuation Pause) 638M->25M(1024M) 2,480ms
[2024-08-04T17:58:04.704+0300][81,618s][info ][gc] GC(685) Pause Young (Normal) (G1 Evacuation Pause) 638M->25M(1024M) 1,908ms
[2024-08-04T17:58:04.808+0300][81,722s][info ][gc] GC(686) Pause Young (Normal) (G1 Evacuation Pause) 638M->25M(1024M) 2,207ms
[2024-08-04T17:58:04.916+0300][81,830s][info ][gc] GC(687) Pause Young (Normal) (G1 Evacuation Pause) 638M->25M(1024M) 2,432ms
[2024-08-04T17:58:05.031+0300][81,946s][info ][gc] GC(688) Pause Young (Normal) (G1 Evacuation Pause) 638M->25M(1024M) 2,134ms
[2024-08-04T17:58:05.147+0300][82,061s][info ][gc] GC(689) Pause Young (Normal) (G1 Evacuation Pause) 638M->25M(1024M) 2,205ms
[2024-08-04T17:58:05.270+0300][82,184s][info ][gc] GC(690) Pause Young (Normal) (G1 Evacuation Pause) 638M->25M(1024M) 1,821ms
[2024-08-04T17:58:05.386+0300][82,300s][info ][gc] GC(691) Pause Young (Normal) (G1 Evacuation Pause) 638M->25M(1024M) 1,782ms
[2024-08-04T17:58:05.501+0300][82,415s][info ][gc] GC(692) Pause Young (Normal) (G1 Evacuation Pause) 638M->25M(1024M) 1,847ms
[2024-08-04T17:58:05.617+0300][82,531s][info ][gc] GC(693) Pause Young (Normal) (G1 Evacuation Pause) 638M->25M(1024M) 1,871ms
[2024-08-04T17:58:05.720+0300][82,635s][info ][gc] GC(694) Pause Young (Normal) (G1 Evacuation Pause) 638M->25M(1024M) 2,134ms
[2024-08-04T17:58:05.822+0300][82,737s][info ][gc] GC(695) Pause Young (Normal) (G1 Evacuation Pause) 638M->25M(1024M) 1,801ms
[2024-08-04T17:58:05.924+0300][82,838s][info ][gc] GC(696) Pause Young (Normal) (G1 Evacuation Pause) 638M->25M(1024M) 2,163ms
[2024-08-04T17:58:06.027+0300][82,941s][info ][gc] GC(697) Pause Young (Normal) (G1 Evacuation Pause) 638M->25M(1024M) 2,075ms
[2024-08-04T17:58:06.136+0300][83,050s][info ][gc] GC(698) Pause Young (Normal) (G1 Evacuation Pause) 638M->25M(1024M) 1,864ms
[2024-08-04T17:58:06.245+0300][83,159s][info ][gc] GC(699) Pause Young (Normal) (G1 Evacuation Pause) 638M->25M(1024M) 1,747ms
[2024-08-04T17:58:06.354+0300][83,268s][info ][gc] GC(700) Pause Young (Normal) (G1 Evacuation Pause) 638M->25M(1024M) 1,804ms
[2024-08-04T17:58:06.473+0300][83,387s][info ][gc] GC(701) Pause Young (Normal) (G1 Evacuation Pause) 638M->25M(1024M) 1,898ms
[2024-08-04T17:58:06.592+0300][83,506s][info ][gc] GC(702) Pause Young (Normal) (G1 Evacuation Pause) 638M->25M(1024M) 2,315ms
[2024-08-04T17:58:06.703+0300][83,618s][info ][gc] GC(703) Pause Young (Normal) (G1 Evacuation Pause) 638M->25M(1024M) 2,350ms
[2024-08-04T17:58:06.814+0300][83,728s][info ][gc] GC(704) Pause Young (Normal) (G1 Evacuation Pause) 638M->25M(1024M) 1,783ms
[2024-08-04T17:58:06.934+0300][83,848s][info ][gc] GC(705) Pause Young (Normal) (G1 Evacuation Pause) 638M->25M(1024M) 1,793ms
[2024-08-04T17:58:07.044+0300][83,959s][info ][gc] GC(706) Pause Young (Normal) (G1 Evacuation Pause) 638M->25M(1024M) 1,865ms
[2024-08-04T17:58:07.162+0300][84,076s][info ][gc] GC(707) Pause Young (Normal) (G1 Evacuation Pause) 638M->25M(1024M) 1,762ms
[2024-08-04T17:58:07.273+0300][84,187s][info ][gc] GC(708) Pause Young (Normal) (G1 Evacuation Pause) 638M->25M(1024M) 1,850ms
[2024-08-04T17:58:07.385+0300][84,299s][info ][gc] GC(709) Pause Young (Normal) (G1 Evacuation Pause) 638M->26M(1024M) 2,095ms
[2024-08-04T17:58:07.505+0300][84,419s][info ][gc] GC(710) Pause Young (Normal) (G1 Evacuation Pause) 639M->26M(1024M) 1,964ms
[2024-08-04T17:58:07.617+0300][84,531s][info ][gc] GC(711) Pause Young (Normal) (G1 Evacuation Pause) 639M->26M(1024M) 1,853ms
[2024-08-04T17:58:07.739+0300][84,654s][info ][gc] GC(712) Pause Young (Normal) (G1 Evacuation Pause) 639M->26M(1024M) 1,951ms
[2024-08-04T17:58:07.861+0300][84,776s][info ][gc] GC(713) Pause Young (Normal) (G1 Evacuation Pause) 639M->26M(1024M) 1,818ms
[2024-08-04T17:58:07.986+0300][84,901s][info ][gc] GC(714) Pause Young (Normal) (G1 Evacuation Pause) 639M->26M(1024M) 1,798ms
[2024-08-04T17:58:08.110+0300][85,024s][info ][gc] GC(715) Pause Young (Normal) (G1 Evacuation Pause) 639M->26M(1024M) 1,776ms
[2024-08-04T17:58:08.225+0300][85,139s][info ][gc] GC(716) Pause Young (Normal) (G1 Evacuation Pause) 639M->26M(1024M) 2,089ms
[2024-08-04T17:58:08.347+0300][85,261s][info ][gc] GC(717) Pause Young (Normal) (G1 Evacuation Pause) 639M->26M(1024M) 1,859ms
[2024-08-04T17:58:08.468+0300][85,382s][info ][gc] GC(718) Pause Young (Normal) (G1 Evacuation Pause) 639M->26M(1024M) 2,097ms
[2024-08-04T17:58:08.584+0300][85,498s][info ][gc] GC(719) Pause Young (Normal) (G1 Evacuation Pause) 639M->26M(1024M) 2,078ms
[2024-08-04T17:58:08.702+0300][85,616s][info ][gc] GC(720) Pause Young (Normal) (G1 Evacuation Pause) 639M->26M(1024M) 2,230ms
[2024-08-04T17:58:08.819+0300][85,733s][info ][gc] GC(721) Pause Young (Normal) (G1 Evacuation Pause) 639M->26M(1024M) 2,531ms
[2024-08-04T17:58:08.949+0300][85,863s][info ][gc] GC(722) Pause Young (Normal) (G1 Evacuation Pause) 639M->26M(1024M) 1,773ms
[2024-08-04T17:58:09.067+0300][85,981s][info ][gc] GC(723) Pause Young (Normal) (G1 Evacuation Pause) 639M->26M(1024M) 1,700ms
[2024-08-04T17:58:09.187+0300][86,101s][info ][gc] GC(724) Pause Young (Normal) (G1 Evacuation Pause) 639M->26M(1024M) 2,346ms
[2024-08-04T17:58:09.301+0300][86,215s][info ][gc] GC(725) Pause Young (Normal) (G1 Evacuation Pause) 639M->26M(1024M) 2,144ms
[2024-08-04T17:58:09.426+0300][86,340s][info ][gc] GC(726) Pause Young (Normal) (G1 Evacuation Pause) 639M->26M(1024M) 2,257ms
[2024-08-04T17:58:09.547+0300][86,461s][info ][gc] GC(727) Pause Young (Normal) (G1 Evacuation Pause) 639M->26M(1024M) 2,209ms
[2024-08-04T17:58:09.670+0300][86,584s][info ][gc] GC(728) Pause Young (Normal) (G1 Evacuation Pause) 639M->26M(1024M) 2,114ms
[2024-08-04T17:58:09.800+0300][86,715s][info ][gc] GC(729) Pause Young (Normal) (G1 Evacuation Pause) 639M->26M(1024M) 2,100ms
[2024-08-04T17:58:09.932+0300][86,846s][info ][gc] GC(730) Pause Young (Normal) (G1 Evacuation Pause) 639M->26M(1024M) 1,978ms
[2024-08-04T17:58:10.056+0300][86,970s][info ][gc] GC(731) Pause Young (Normal) (G1 Evacuation Pause) 639M->26M(1024M) 2,169ms
[2024-08-04T17:58:10.185+0300][87,099s][info ][gc] GC(732) Pause Young (Normal) (G1 Evacuation Pause) 639M->26M(1024M) 2,150ms
[2024-08-04T17:58:10.314+0300][87,228s][info ][gc] GC(733) Pause Young (Normal) (G1 Evacuation Pause) 639M->26M(1024M) 1,987ms
[2024-08-04T17:58:10.448+0300][87,362s][info ][gc] GC(734) Pause Young (Normal) (G1 Evacuation Pause) 639M->26M(1024M) 1,993ms
[2024-08-04T17:58:10.582+0300][87,497s][info ][gc] GC(735) Pause Young (Normal) (G1 Evacuation Pause) 639M->26M(1024M) 2,125ms
[2024-08-04T17:58:10.710+0300][87,624s][info ][gc] GC(736) Pause Young (Normal) (G1 Evacuation Pause) 639M->26M(1024M) 2,073ms
[2024-08-04T17:58:10.837+0300][87,751s][info ][gc] GC(737) Pause Young (Normal) (G1 Evacuation Pause) 639M->26M(1024M) 1,832ms
[2024-08-04T17:58:10.973+0300][87,888s][info ][gc] GC(738) Pause Young (Normal) (G1 Evacuation Pause) 639M->26M(1024M) 1,692ms
[2024-08-04T17:58:11.107+0300][88,021s][info ][gc] GC(739) Pause Young (Normal) (G1 Evacuation Pause) 639M->26M(1024M) 1,794ms
[2024-08-04T17:58:11.237+0300][88,152s][info ][gc] GC(740) Pause Young (Normal) (G1 Evacuation Pause) 639M->26M(1024M) 2,117ms
[2024-08-04T17:58:11.364+0300][88,278s][info ][gc] GC(741) Pause Young (Normal) (G1 Evacuation Pause) 639M->26M(1024M) 2,358ms
[2024-08-04T17:58:11.494+0300][88,408s][info ][gc] GC(742) Pause Young (Normal) (G1 Evacuation Pause) 639M->26M(1024M) 2,148ms
[2024-08-04T17:58:11.633+0300][88,548s][info ][gc] GC(743) Pause Young (Normal) (G1 Evacuation Pause) 639M->26M(1024M) 2,030ms
[2024-08-04T17:58:11.774+0300][88,688s][info ][gc] GC(744) Pause Young (Normal) (G1 Evacuation Pause) 639M->26M(1024M) 2,072ms
[2024-08-04T17:58:11.906+0300][88,820s][info ][gc] GC(745) Pause Young (Normal) (G1 Evacuation Pause) 639M->26M(1024M) 1,721ms
[2024-08-04T17:58:12.041+0300][88,955s][info ][gc] GC(746) Pause Young (Normal) (G1 Evacuation Pause) 639M->26M(1024M) 2,097ms
[2024-08-04T17:58:12.174+0300][89,089s][info ][gc] GC(747) Pause Young (Normal) (G1 Evacuation Pause) 639M->26M(1024M) 2,039ms
[2024-08-04T17:58:12.315+0300][89,229s][info ][gc] GC(748) Pause Young (Normal) (G1 Evacuation Pause) 639M->26M(1024M) 2,012ms
[2024-08-04T17:58:12.455+0300][89,369s][info ][gc] GC(749) Pause Young (Normal) (G1 Evacuation Pause) 639M->26M(1024M) 1,863ms
[2024-08-04T17:58:12.672+0300][89,587s][info ][gc] GC(750) Pause Young (Normal) (G1 Evacuation Pause) 639M->26M(1024M) 2,016ms
[2024-08-04T17:58:12.810+0300][89,724s][info ][gc] GC(751) Pause Young (Normal) (G1 Evacuation Pause) 639M->27M(1024M) 2,736ms
[2024-08-04T17:58:12.937+0300][89,851s][info ][gc] GC(752) Pause Young (Normal) (G1 Evacuation Pause) 640M->27M(1024M) 2,555ms
[2024-08-04T17:58:13.048+0300][89,962s][info ][gc] GC(753) Pause Young (Normal) (G1 Evacuation Pause) 640M->27M(1024M) 2,388ms
[2024-08-04T17:58:13.171+0300][90,085s][info ][gc] GC(754) Pause Young (Normal) (G1 Evacuation Pause) 640M->27M(1024M) 2,153ms
[2024-08-04T17:58:13.290+0300][90,205s][info ][gc] GC(755) Pause Young (Normal) (G1 Evacuation Pause) 640M->27M(1024M) 2,038ms
[2024-08-04T17:58:13.409+0300][90,323s][info ][gc] GC(756) Pause Young (Normal) (G1 Evacuation Pause) 640M->27M(1024M) 2,131ms
[2024-08-04T17:58:13.515+0300][90,429s][info ][gc] GC(757) Pause Young (Normal) (G1 Evacuation Pause) 640M->27M(1024M) 2,313ms
[2024-08-04T17:58:13.625+0300][90,539s][info ][gc] GC(758) Pause Young (Normal) (G1 Evacuation Pause) 640M->27M(1024M) 2,323ms
[2024-08-04T17:58:13.737+0300][90,652s][info ][gc] GC(759) Pause Young (Normal) (G1 Evacuation Pause) 640M->27M(1024M) 2,229ms
[2024-08-04T17:58:13.845+0300][90,759s][info ][gc] GC(760) Pause Young (Normal) (G1 Evacuation Pause) 640M->27M(1024M) 2,252ms
[2024-08-04T17:58:13.958+0300][90,873s][info ][gc] GC(761) Pause Young (Normal) (G1 Evacuation Pause) 640M->27M(1024M) 2,162ms
[2024-08-04T17:58:14.067+0300][90,981s][info ][gc] GC(762) Pause Young (Normal) (G1 Evacuation Pause) 639M->27M(1024M) 2,069ms
[2024-08-04T17:58:14.170+0300][91,085s][info ][gc] GC(763) Pause Young (Normal) (G1 Evacuation Pause) 639M->27M(1024M) 2,199ms
[2024-08-04T17:58:14.283+0300][91,198s][info ][gc] GC(764) Pause Young (Normal) (G1 Evacuation Pause) 639M->27M(1024M) 2,220ms
[2024-08-04T17:58:14.396+0300][91,310s][info ][gc] GC(765) Pause Young (Normal) (G1 Evacuation Pause) 639M->27M(1024M) 2,234ms
[2024-08-04T17:58:14.506+0300][91,420s][info ][gc] GC(766) Pause Young (Normal) (G1 Evacuation Pause) 640M->27M(1024M) 2,175ms
[2024-08-04T17:58:14.618+0300][91,533s][info ][gc] GC(767) Pause Young (Normal) (G1 Evacuation Pause) 640M->27M(1024M) 2,119ms
[2024-08-04T17:58:14.730+0300][91,644s][info ][gc] GC(768) Pause Young (Normal) (G1 Evacuation Pause) 640M->27M(1024M) 2,190ms
[2024-08-04T17:58:14.827+0300][91,741s][info ][gc] GC(769) Pause Young (Normal) (G1 Evacuation Pause) 640M->27M(1024M) 2,122ms
[2024-08-04T17:58:14.934+0300][91,848s][info ][gc] GC(770) Pause Young (Normal) (G1 Evacuation Pause) 640M->28M(1024M) 1,909ms
[2024-08-04T17:58:15.043+0300][91,958s][info ][gc] GC(771) Pause Young (Normal) (G1 Evacuation Pause) 641M->28M(1024M) 2,081ms
[2024-08-04T17:58:15.156+0300][92,070s][info ][gc] GC(772) Pause Young (Normal) (G1 Evacuation Pause) 641M->28M(1024M) 2,028ms
[2024-08-04T17:58:15.257+0300][92,171s][info ][gc] GC(773) Pause Young (Normal) (G1 Evacuation Pause) 641M->28M(1024M) 1,991ms
[2024-08-04T17:58:15.361+0300][92,275s][info ][gc] GC(774) Pause Young (Normal) (G1 Evacuation Pause) 641M->28M(1024M) 2,323ms
[2024-08-04T17:58:15.488+0300][92,402s][info ][gc] GC(775) Pause Young (Normal) (G1 Evacuation Pause) 641M->28M(1024M) 2,227ms
[2024-08-04T17:58:15.601+0300][92,515s][info ][gc] GC(776) Pause Young (Normal) (G1 Evacuation Pause) 641M->28M(1024M) 1,838ms
[2024-08-04T17:58:15.710+0300][92,624s][info ][gc] GC(777) Pause Young (Normal) (G1 Evacuation Pause) 641M->28M(1024M) 2,486ms
[2024-08-04T17:58:15.819+0300][92,733s][info ][gc] GC(778) Pause Young (Normal) (G1 Evacuation Pause) 641M->28M(1024M) 2,601ms
[2024-08-04T17:58:15.926+0300][92,840s][info ][gc] GC(779) Pause Young (Normal) (G1 Evacuation Pause) 641M->28M(1024M) 1,948ms
[2024-08-04T17:58:16.022+0300][92,936s][info ][gc] GC(780) Pause Young (Normal) (G1 Evacuation Pause) 641M->28M(1024M) 1,955ms
[2024-08-04T17:58:16.132+0300][93,046s][info ][gc] GC(781) Pause Young (Normal) (G1 Evacuation Pause) 641M->28M(1024M) 1,846ms
[2024-08-04T17:58:16.238+0300][93,152s][info ][gc] GC(782) Pause Young (Normal) (G1 Evacuation Pause) 641M->28M(1024M) 1,922ms
[2024-08-04T17:58:16.337+0300][93,251s][info ][gc] GC(783) Pause Young (Normal) (G1 Evacuation Pause) 641M->28M(1024M) 2,174ms
[2024-08-04T17:58:16.445+0300][93,359s][info ][gc] GC(784) Pause Young (Normal) (G1 Evacuation Pause) 641M->28M(1024M) 2,154ms
[2024-08-04T17:58:16.556+0300][93,470s][info ][gc] GC(785) Pause Young (Normal) (G1 Evacuation Pause) 641M->28M(1024M) 1,974ms
[2024-08-04T17:58:16.666+0300][93,580s][info ][gc] GC(786) Pause Young (Normal) (G1 Evacuation Pause) 641M->28M(1024M) 1,844ms
[2024-08-04T17:58:16.775+0300][93,689s][info ][gc] GC(787) Pause Young (Normal) (G1 Evacuation Pause) 641M->28M(1024M) 1,907ms
[2024-08-04T17:58:16.886+0300][93,801s][info ][gc] GC(788) Pause Young (Normal) (G1 Evacuation Pause) 641M->28M(1024M) 2,398ms
[2024-08-04T17:58:16.997+0300][93,911s][info ][gc] GC(789) Pause Young (Normal) (G1 Evacuation Pause) 641M->28M(1024M) 1,908ms
[2024-08-04T17:58:17.106+0300][94,020s][info ][gc] GC(790) Pause Young (Normal) (G1 Evacuation Pause) 641M->28M(1024M) 2,018ms
[2024-08-04T17:58:17.224+0300][94,138s][info ][gc] GC(791) Pause Young (Normal) (G1 Evacuation Pause) 641M->28M(1024M) 2,273ms
[2024-08-04T17:58:17.336+0300][94,251s][info ][gc] GC(792) Pause Young (Normal) (G1 Evacuation Pause) 641M->28M(1024M) 2,264ms
[2024-08-04T17:58:17.446+0300][94,361s][info ][gc] GC(793) Pause Young (Normal) (G1 Evacuation Pause) 641M->28M(1024M) 2,442ms
[2024-08-04T17:58:17.545+0300][94,459s][info ][gc] GC(794) Pause Young (Normal) (G1 Evacuation Pause) 641M->28M(1024M) 2,251ms
[2024-08-04T17:58:17.655+0300][94,569s][info ][gc] GC(795) Pause Young (Normal) (G1 Evacuation Pause) 641M->28M(1024M) 2,487ms
[2024-08-04T17:58:17.764+0300][94,678s][info ][gc] GC(796) Pause Young (Normal) (G1 Evacuation Pause) 641M->28M(1024M) 1,766ms
[2024-08-04T17:58:17.866+0300][94,780s][info ][gc] GC(797) Pause Young (Normal) (G1 Evacuation Pause) 641M->28M(1024M) 2,421ms
[2024-08-04T17:58:17.975+0300][94,889s][info ][gc] GC(798) Pause Young (Normal) (G1 Evacuation Pause) 641M->28M(1024M) 2,286ms
[2024-08-04T17:58:18.086+0300][95,000s][info ][gc] GC(799) Pause Young (Normal) (G1 Evacuation Pause) 641M->28M(1024M) 2,710ms
[2024-08-04T17:58:18.195+0300][95,110s][info ][gc] GC(800) Pause Young (Normal) (G1 Evacuation Pause) 641M->28M(1024M) 2,099ms
[2024-08-04T17:58:18.295+0300][95,210s][info ][gc] GC(801) Pause Young (Normal) (G1 Evacuation Pause) 641M->29M(1024M) 2,498ms
[2024-08-04T17:58:18.404+0300][95,318s][info ][gc] GC(802) Pause Young (Normal) (G1 Evacuation Pause) 642M->29M(1024M) 2,020ms
[2024-08-04T17:58:18.504+0300][95,418s][info ][gc] GC(803) Pause Young (Normal) (G1 Evacuation Pause) 642M->29M(1024M) 2,395ms
[2024-08-04T17:58:18.603+0300][95,517s][info ][gc] GC(804) Pause Young (Normal) (G1 Evacuation Pause) 642M->29M(1024M) 2,370ms
[2024-08-04T17:58:18.710+0300][95,624s][info ][gc] GC(805) Pause Young (Normal) (G1 Evacuation Pause) 642M->29M(1024M) 2,255ms
[2024-08-04T17:58:18.812+0300][95,726s][info ][gc] GC(806) Pause Young (Normal) (G1 Evacuation Pause) 642M->29M(1024M) 2,500ms
[2024-08-04T17:58:18.922+0300][95,836s][info ][gc] GC(807) Pause Young (Normal) (G1 Evacuation Pause) 642M->29M(1024M) 2,400ms
[2024-08-04T17:58:19.033+0300][95,947s][info ][gc] GC(808) Pause Young (Normal) (G1 Evacuation Pause) 642M->29M(1024M) 2,666ms
[2024-08-04T17:58:19.143+0300][96,057s][info ][gc] GC(809) Pause Young (Normal) (G1 Evacuation Pause) 642M->29M(1024M) 2,698ms
[2024-08-04T17:58:19.255+0300][96,169s][info ][gc] GC(810) Pause Young (Normal) (G1 Evacuation Pause) 642M->29M(1024M) 2,169ms
[2024-08-04T17:58:19.364+0300][96,278s][info ][gc] GC(811) Pause Young (Normal) (G1 Evacuation Pause) 642M->29M(1024M) 2,509ms
[2024-08-04T17:58:19.476+0300][96,390s][info ][gc] GC(812) Pause Young (Normal) (G1 Evacuation Pause) 642M->29M(1024M) 1,871ms
[2024-08-04T17:58:19.586+0300][96,500s][info ][gc] GC(813) Pause Young (Normal) (G1 Evacuation Pause) 642M->29M(1024M) 1,863ms
[2024-08-04T17:58:19.701+0300][96,615s][info ][gc] GC(814) Pause Young (Normal) (G1 Evacuation Pause) 642M->29M(1024M) 1,891ms
[2024-08-04T17:58:19.813+0300][96,727s][info ][gc] GC(815) Pause Young (Normal) (G1 Evacuation Pause) 642M->29M(1024M) 2,090ms
[2024-08-04T17:58:19.914+0300][96,828s][info ][gc] GC(816) Pause Young (Normal) (G1 Evacuation Pause) 642M->29M(1024M) 1,569ms
[2024-08-04T17:58:20.020+0300][96,935s][info ][gc] GC(817) Pause Young (Normal) (G1 Evacuation Pause) 642M->29M(1024M) 2,322ms
[2024-08-04T17:58:20.134+0300][97,048s][info ][gc] GC(818) Pause Young (Normal) (G1 Evacuation Pause) 642M->29M(1024M) 2,112ms
[2024-08-04T17:58:20.248+0300][97,162s][info ][gc] GC(819) Pause Young (Normal) (G1 Evacuation Pause) 642M->29M(1024M) 2,329ms
[2024-08-04T17:58:20.356+0300][97,270s][info ][gc] GC(820) Pause Young (Normal) (G1 Evacuation Pause) 642M->29M(1024M) 1,804ms
[2024-08-04T17:58:20.458+0300][97,372s][info ][gc] GC(821) Pause Young (Normal) (G1 Evacuation Pause) 642M->29M(1024M) 1,885ms
[2024-08-04T17:58:20.571+0300][97,486s][info ][gc] GC(822) Pause Young (Normal) (G1 Evacuation Pause) 642M->29M(1024M) 2,397ms
[2024-08-04T17:58:20.679+0300][97,593s][info ][gc] GC(823) Pause Young (Normal) (G1 Evacuation Pause) 642M->29M(1024M) 1,983ms
[2024-08-04T17:58:20.797+0300][97,711s][info ][gc] GC(824) Pause Young (Normal) (G1 Evacuation Pause) 642M->29M(1024M) 1,811ms
[2024-08-04T17:58:20.916+0300][97,830s][info ][gc] GC(825) Pause Young (Normal) (G1 Evacuation Pause) 642M->29M(1024M) 1,880ms
[2024-08-04T17:58:21.028+0300][97,942s][info ][gc] GC(826) Pause Young (Normal) (G1 Evacuation Pause) 642M->29M(1024M) 1,664ms
[2024-08-04T17:58:21.131+0300][98,046s][info ][gc] GC(827) Pause Young (Normal) (G1 Evacuation Pause) 642M->29M(1024M) 2,601ms
[2024-08-04T17:58:21.247+0300][98,162s][info ][gc] GC(828) Pause Young (Normal) (G1 Evacuation Pause) 642M->29M(1024M) 2,071ms
[2024-08-04T17:58:21.363+0300][98,277s][info ][gc] GC(829) Pause Young (Normal) (G1 Evacuation Pause) 642M->29M(1024M) 1,850ms
[2024-08-04T17:58:21.480+0300][98,394s][info ][gc] GC(830) Pause Young (Normal) (G1 Evacuation Pause) 642M->29M(1024M) 2,390ms
[2024-08-04T17:58:21.597+0300][98,511s][info ][gc] GC(831) Pause Young (Normal) (G1 Evacuation Pause) 642M->29M(1024M) 2,159ms
[2024-08-04T17:58:21.704+0300][98,618s][info ][gc] GC(832) Pause Young (Normal) (G1 Evacuation Pause) 642M->29M(1024M) 1,776ms
[2024-08-04T17:58:21.810+0300][98,724s][info ][gc] GC(833) Pause Young (Normal) (G1 Evacuation Pause) 642M->29M(1024M) 2,078ms
[2024-08-04T17:58:21.918+0300][98,832s][info ][gc] GC(834) Pause Young (Normal) (G1 Evacuation Pause) 642M->29M(1024M) 2,328ms
[2024-08-04T17:58:22.028+0300][98,942s][info ][gc] GC(835) Pause Young (Normal) (G1 Evacuation Pause) 642M->29M(1024M) 2,066ms
[2024-08-04T17:58:22.146+0300][99,061s][info ][gc] GC(836) Pause Young (Normal) (G1 Evacuation Pause) 642M->29M(1024M) 1,839ms
[2024-08-04T17:58:22.257+0300][99,171s][info ][gc] GC(837) Pause Young (Normal) (G1 Evacuation Pause) 642M->30M(1024M) 1,799ms
[2024-08-04T17:58:22.369+0300][99,283s][info ][gc] GC(838) Pause Young (Normal) (G1 Evacuation Pause) 643M->30M(1024M) 1,705ms
[2024-08-04T17:58:22.489+0300][99,403s][info ][gc] GC(839) Pause Young (Normal) (G1 Evacuation Pause) 643M->30M(1024M) 1,747ms
[2024-08-04T17:58:22.602+0300][99,516s][info ][gc] GC(840) Pause Young (Normal) (G1 Evacuation Pause) 643M->30M(1024M) 1,829ms
[2024-08-04T17:58:22.723+0300][99,637s][info ][gc] GC(841) Pause Young (Normal) (G1 Evacuation Pause) 643M->30M(1024M) 2,063ms
[2024-08-04T17:58:22.832+0300][99,746s][info ][gc] GC(842) Pause Young (Normal) (G1 Evacuation Pause) 643M->30M(1024M) 1,878ms
[2024-08-04T17:58:22.954+0300][99,868s][info ][gc] GC(843) Pause Young (Normal) (G1 Evacuation Pause) 643M->30M(1024M) 2,380ms
[2024-08-04T17:58:23.073+0300][99,988s][info ][gc] GC(844) Pause Young (Normal) (G1 Evacuation Pause) 643M->30M(1024M) 1,845ms
[2024-08-04T17:58:23.184+0300][100,099s][info ][gc] GC(845) Pause Young (Normal) (G1 Evacuation Pause) 643M->30M(1024M) 1,819ms
[2024-08-04T17:58:23.306+0300][100,220s][info ][gc] GC(846) Pause Young (Normal) (G1 Evacuation Pause) 643M->30M(1024M) 2,121ms
[2024-08-04T17:58:23.426+0300][100,340s][info ][gc] GC(847) Pause Young (Normal) (G1 Evacuation Pause) 643M->30M(1024M) 1,786ms
[2024-08-04T17:58:23.548+0300][100,462s][info ][gc] GC(848) Pause Young (Normal) (G1 Evacuation Pause) 643M->30M(1024M) 1,803ms
[2024-08-04T17:58:23.669+0300][100,583s][info ][gc] GC(849) Pause Young (Normal) (G1 Evacuation Pause) 643M->30M(1024M) 2,014ms
[2024-08-04T17:58:23.792+0300][100,706s][info ][gc] GC(850) Pause Young (Normal) (G1 Evacuation Pause) 643M->30M(1024M) 1,961ms
[2024-08-04T17:58:23.918+0300][100,832s][info ][gc] GC(851) Pause Young (Normal) (G1 Evacuation Pause) 643M->30M(1024M) 1,791ms
[2024-08-04T17:58:24.045+0300][100,960s][info ][gc] GC(852) Pause Young (Normal) (G1 Evacuation Pause) 643M->30M(1024M) 1,894ms
[2024-08-04T17:58:24.168+0300][101,082s][info ][gc] GC(853) Pause Young (Normal) (G1 Evacuation Pause) 643M->30M(1024M) 2,562ms
[2024-08-04T17:58:24.291+0300][101,205s][info ][gc] GC(854) Pause Young (Normal) (G1 Evacuation Pause) 643M->30M(1024M) 2,737ms
[2024-08-04T17:58:24.414+0300][101,329s][info ][gc] GC(855) Pause Young (Normal) (G1 Evacuation Pause) 643M->30M(1024M) 2,024ms
[2024-08-04T17:58:24.545+0300][101,459s][info ][gc] GC(856) Pause Young (Normal) (G1 Evacuation Pause) 643M->30M(1024M) 1,793ms
[2024-08-04T17:58:24.674+0300][101,588s][info ][gc] GC(857) Pause Young (Normal) (G1 Evacuation Pause) 643M->30M(1024M) 1,897ms
[2024-08-04T17:58:24.798+0300][101,712s][info ][gc] GC(858) Pause Young (Normal) (G1 Evacuation Pause) 643M->30M(1024M) 1,874ms
[2024-08-04T17:58:24.914+0300][101,828s][info ][gc] GC(859) Pause Young (Normal) (G1 Evacuation Pause) 643M->30M(1024M) 1,788ms
[2024-08-04T17:58:25.032+0300][101,946s][info ][gc] GC(860) Pause Young (Normal) (G1 Evacuation Pause) 643M->30M(1024M) 1,969ms
[2024-08-04T17:58:25.151+0300][102,065s][info ][gc] GC(861) Pause Young (Normal) (G1 Evacuation Pause) 643M->30M(1024M) 2,442ms
[2024-08-04T17:58:25.278+0300][102,192s][info ][gc] GC(862) Pause Young (Normal) (G1 Evacuation Pause) 643M->30M(1024M) 1,841ms
[2024-08-04T17:58:25.406+0300][102,320s][info ][gc] GC(863) Pause Young (Normal) (G1 Evacuation Pause) 643M->30M(1024M) 1,944ms
[2024-08-04T17:58:25.532+0300][102,446s][info ][gc] GC(864) Pause Young (Normal) (G1 Evacuation Pause) 643M->30M(1024M) 2,300ms
[2024-08-04T17:58:25.665+0300][102,579s][info ][gc] GC(865) Pause Young (Normal) (G1 Evacuation Pause) 643M->30M(1024M) 2,045ms
[2024-08-04T17:58:25.797+0300][102,711s][info ][gc] GC(866) Pause Young (Normal) (G1 Evacuation Pause) 643M->30M(1024M) 2,076ms
[2024-08-04T17:58:25.928+0300][102,842s][info ][gc] GC(867) Pause Young (Normal) (G1 Evacuation Pause) 643M->30M(1024M) 2,030ms
[2024-08-04T17:58:26.058+0300][102,972s][info ][gc] GC(868) Pause Young (Normal) (G1 Evacuation Pause) 643M->30M(1024M) 2,390ms
[2024-08-04T17:58:26.188+0300][103,103s][info ][gc] GC(869) Pause Young (Normal) (G1 Evacuation Pause) 643M->30M(1024M) 2,199ms
[2024-08-04T17:58:26.320+0300][103,234s][info ][gc] GC(870) Pause Young (Normal) (G1 Evacuation Pause) 643M->30M(1024M) 2,266ms
[2024-08-04T17:58:26.443+0300][103,358s][info ][gc] GC(871) Pause Young (Normal) (G1 Evacuation Pause) 643M->30M(1024M) 2,185ms
[2024-08-04T17:58:26.571+0300][103,486s][info ][gc] GC(872) Pause Young (Normal) (G1 Evacuation Pause) 643M->30M(1024M) 1,899ms
[2024-08-04T17:58:26.697+0300][103,611s][info ][gc] GC(873) Pause Young (Normal) (G1 Evacuation Pause) 643M->30M(1024M) 2,247ms
[2024-08-04T17:58:26.841+0300][103,756s][info ][gc] GC(874) Pause Young (Normal) (G1 Evacuation Pause) 643M->30M(1024M) 2,505ms
[2024-08-04T17:58:26.999+0300][103,913s][info ][gc] GC(875) Pause Young (Normal) (G1 Evacuation Pause) 643M->30M(1024M) 2,129ms
[2024-08-04T17:58:27.129+0300][104,043s][info ][gc] GC(876) Pause Young (Normal) (G1 Evacuation Pause) 643M->31M(1024M) 2,393ms
[2024-08-04T17:58:27.254+0300][104,168s][info ][gc] GC(877) Pause Young (Normal) (G1 Evacuation Pause) 644M->31M(1024M) 2,380ms
[2024-08-04T17:58:27.375+0300][104,289s][info ][gc] GC(878) Pause Young (Normal) (G1 Evacuation Pause) 644M->31M(1024M) 2,666ms
[2024-08-04T17:58:27.493+0300][104,407s][info ][gc] GC(879) Pause Young (Normal) (G1 Evacuation Pause) 644M->31M(1024M) 2,466ms
[2024-08-04T17:58:27.609+0300][104,523s][info ][gc] GC(880) Pause Young (Normal) (G1 Evacuation Pause) 644M->31M(1024M) 2,485ms
[2024-08-04T17:58:27.716+0300][104,631s][info ][gc] GC(881) Pause Young (Normal) (G1 Evacuation Pause) 644M->31M(1024M) 2,496ms
[2024-08-04T17:58:27.833+0300][104,747s][info ][gc] GC(882) Pause Young (Normal) (G1 Evacuation Pause) 644M->31M(1024M) 2,653ms
[2024-08-04T17:58:27.939+0300][104,853s][info ][gc] GC(883) Pause Young (Normal) (G1 Evacuation Pause) 644M->31M(1024M) 2,297ms
[2024-08-04T17:58:28.048+0300][104,963s][info ][gc] GC(884) Pause Young (Normal) (G1 Evacuation Pause) 644M->31M(1024M) 2,575ms
[2024-08-04T17:58:28.157+0300][105,071s][info ][gc] GC(885) Pause Young (Normal) (G1 Evacuation Pause) 644M->31M(1024M) 2,478ms
[2024-08-04T17:58:28.265+0300][105,179s][info ][gc] GC(886) Pause Young (Normal) (G1 Evacuation Pause) 643M->31M(1024M) 2,519ms
[2024-08-04T17:58:28.380+0300][105,295s][info ][gc] GC(887) Pause Young (Normal) (G1 Evacuation Pause) 643M->31M(1024M) 2,535ms
[2024-08-04T17:58:28.489+0300][105,404s][info ][gc] GC(888) Pause Young (Normal) (G1 Evacuation Pause) 643M->31M(1024M) 2,582ms
[2024-08-04T17:58:28.603+0300][105,517s][info ][gc] GC(889) Pause Young (Normal) (G1 Evacuation Pause) 643M->31M(1024M) 2,559ms
[2024-08-04T17:58:28.710+0300][105,625s][info ][gc] GC(890) Pause Young (Normal) (G1 Evacuation Pause) 644M->31M(1024M) 2,536ms
[2024-08-04T17:58:28.817+0300][105,732s][info ][gc] GC(891) Pause Young (Normal) (G1 Evacuation Pause) 644M->31M(1024M) 2,368ms
[2024-08-04T17:58:28.914+0300][105,829s][info ][gc] GC(892) Pause Young (Normal) (G1 Evacuation Pause) 644M->31M(1024M) 2,445ms
[2024-08-04T17:58:29.022+0300][105,936s][info ][gc] GC(893) Pause Young (Normal) (G1 Evacuation Pause) 644M->32M(1024M) 2,366ms
[2024-08-04T17:58:29.125+0300][106,039s][info ][gc] GC(894) Pause Young (Normal) (G1 Evacuation Pause) 645M->32M(1024M) 2,531ms
[2024-08-04T17:58:29.233+0300][106,147s][info ][gc] GC(895) Pause Young (Normal) (G1 Evacuation Pause) 645M->32M(1024M) 2,642ms
[2024-08-04T17:58:29.345+0300][106,259s][info ][gc] GC(896) Pause Young (Normal) (G1 Evacuation Pause) 645M->32M(1024M) 2,423ms
[2024-08-04T17:58:29.453+0300][106,368s][info ][gc] GC(897) Pause Young (Normal) (G1 Evacuation Pause) 645M->32M(1024M) 2,317ms
[2024-08-04T17:58:29.556+0300][106,470s][info ][gc] GC(898) Pause Young (Normal) (G1 Evacuation Pause) 645M->32M(1024M) 2,146ms
[2024-08-04T17:58:29.656+0300][106,570s][info ][gc] GC(899) Pause Young (Normal) (G1 Evacuation Pause) 645M->32M(1024M) 2,527ms
[2024-08-04T17:58:29.767+0300][106,682s][info ][gc] GC(900) Pause Young (Normal) (G1 Evacuation Pause) 645M->32M(1024M) 2,473ms
[2024-08-04T17:58:29.869+0300][106,783s][info ][gc] GC(901) Pause Young (Normal) (G1 Evacuation Pause) 645M->32M(1024M) 2,012ms
[2024-08-04T17:58:29.975+0300][106,889s][info ][gc] GC(902) Pause Young (Normal) (G1 Evacuation Pause) 645M->32M(1024M) 2,083ms
[2024-08-04T17:58:30.086+0300][107,000s][info ][gc] GC(903) Pause Young (Normal) (G1 Evacuation Pause) 645M->32M(1024M) 2,348ms
[2024-08-04T17:58:30.188+0300][107,102s][info ][gc] GC(904) Pause Young (Normal) (G1 Evacuation Pause) 645M->32M(1024M) 2,141ms
[2024-08-04T17:58:30.289+0300][107,203s][info ][gc] GC(905) Pause Young (Normal) (G1 Evacuation Pause) 645M->32M(1024M) 2,642ms
[2024-08-04T17:58:30.384+0300][107,299s][info ][gc] GC(906) Pause Young (Normal) (G1 Evacuation Pause) 645M->32M(1024M) 2,109ms
[2024-08-04T17:58:30.491+0300][107,406s][info ][gc] GC(907) Pause Young (Normal) (G1 Evacuation Pause) 645M->32M(1024M) 2,531ms
[2024-08-04T17:58:30.591+0300][107,505s][info ][gc] GC(908) Pause Young (Normal) (G1 Evacuation Pause) 645M->32M(1024M) 2,033ms
[2024-08-04T17:58:30.696+0300][107,610s][info ][gc] GC(909) Pause Young (Normal) (G1 Evacuation Pause) 645M->32M(1024M) 2,060ms
[2024-08-04T17:58:30.802+0300][107,717s][info ][gc] GC(910) Pause Young (Normal) (G1 Evacuation Pause) 645M->32M(1024M) 2,151ms
[2024-08-04T17:58:30.915+0300][107,829s][info ][gc] GC(911) Pause Young (Normal) (G1 Evacuation Pause) 645M->32M(1024M) 2,466ms
[2024-08-04T17:58:31.026+0300][107,940s][info ][gc] GC(912) Pause Young (Normal) (G1 Evacuation Pause) 645M->32M(1024M) 2,295ms
[2024-08-04T17:58:31.137+0300][108,051s][info ][gc] GC(913) Pause Young (Normal) (G1 Evacuation Pause) 645M->32M(1024M) 2,190ms
[2024-08-04T17:58:31.238+0300][108,152s][info ][gc] GC(914) Pause Young (Normal) (G1 Evacuation Pause) 645M->32M(1024M) 2,055ms
[2024-08-04T17:58:31.345+0300][108,260s][info ][gc] GC(915) Pause Young (Normal) (G1 Evacuation Pause) 645M->32M(1024M) 2,100ms
[2024-08-04T17:58:31.447+0300][108,361s][info ][gc] GC(916) Pause Young (Normal) (G1 Evacuation Pause) 645M->32M(1024M) 2,301ms
[2024-08-04T17:58:31.548+0300][108,462s][info ][gc] GC(917) Pause Young (Normal) (G1 Evacuation Pause) 645M->32M(1024M) 2,313ms
[2024-08-04T17:58:31.657+0300][108,571s][info ][gc] GC(918) Pause Young (Normal) (G1 Evacuation Pause) 645M->32M(1024M) 1,863ms
[2024-08-04T17:58:31.764+0300][108,678s][info ][gc] GC(919) Pause Young (Normal) (G1 Evacuation Pause) 645M->32M(1024M) 3,012ms
[2024-08-04T17:58:31.860+0300][108,774s][info ][gc] GC(920) Pause Young (Normal) (G1 Evacuation Pause) 645M->32M(1024M) 2,535ms
[2024-08-04T17:58:31.969+0300][108,884s][info ][gc] GC(921) Pause Young (Normal) (G1 Evacuation Pause) 645M->32M(1024M) 2,180ms
[2024-08-04T17:58:32.071+0300][108,985s][info ][gc] GC(922) Pause Young (Normal) (G1 Evacuation Pause) 645M->32M(1024M) 2,222ms
[2024-08-04T17:58:32.182+0300][109,096s][info ][gc] GC(923) Pause Young (Normal) (G1 Evacuation Pause) 645M->32M(1024M) 1,774ms
[2024-08-04T17:58:32.293+0300][109,207s][info ][gc] GC(924) Pause Young (Normal) (G1 Evacuation Pause) 645M->32M(1024M) 1,899ms
[2024-08-04T17:58:32.394+0300][109,308s][info ][gc] GC(925) Pause Young (Normal) (G1 Evacuation Pause) 645M->32M(1024M) 1,820ms
[2024-08-04T17:58:32.504+0300][109,418s][info ][gc] GC(926) Pause Young (Normal) (G1 Evacuation Pause) 645M->33M(1024M) 2,144ms
[2024-08-04T17:58:32.602+0300][109,516s][info ][gc] GC(927) Pause Young (Normal) (G1 Evacuation Pause) 646M->33M(1024M) 2,097ms
[2024-08-04T17:58:32.718+0300][109,632s][info ][gc] GC(928) Pause Young (Normal) (G1 Evacuation Pause) 646M->33M(1024M) 1,578ms
[2024-08-04T17:58:32.820+0300][109,734s][info ][gc] GC(929) Pause Young (Normal) (G1 Evacuation Pause) 646M->33M(1024M) 2,420ms
[2024-08-04T17:58:32.922+0300][109,837s][info ][gc] GC(930) Pause Young (Normal) (G1 Evacuation Pause) 646M->33M(1024M) 2,299ms
[2024-08-04T17:58:33.019+0300][109,933s][info ][gc] GC(931) Pause Young (Normal) (G1 Evacuation Pause) 646M->33M(1024M) 2,434ms
[2024-08-04T17:58:33.126+0300][110,041s][info ][gc] GC(932) Pause Young (Normal) (G1 Evacuation Pause) 646M->33M(1024M) 2,095ms
[2024-08-04T17:58:33.234+0300][110,149s][info ][gc] GC(933) Pause Young (Normal) (G1 Evacuation Pause) 646M->33M(1024M) 2,414ms
[2024-08-04T17:58:33.348+0300][110,262s][info ][gc] GC(934) Pause Young (Normal) (G1 Evacuation Pause) 646M->33M(1024M) 2,123ms
[2024-08-04T17:58:33.446+0300][110,360s][info ][gc] GC(935) Pause Young (Normal) (G1 Evacuation Pause) 646M->33M(1024M) 1,679ms
[2024-08-04T17:58:33.554+0300][110,468s][info ][gc] GC(936) Pause Young (Normal) (G1 Evacuation Pause) 646M->33M(1024M) 1,553ms
[2024-08-04T17:58:33.662+0300][110,576s][info ][gc] GC(937) Pause Young (Normal) (G1 Evacuation Pause) 646M->33M(1024M) 1,947ms
[2024-08-04T17:58:33.771+0300][110,685s][info ][gc] GC(938) Pause Young (Normal) (G1 Evacuation Pause) 646M->33M(1024M) 1,839ms
[2024-08-04T17:58:33.869+0300][110,783s][info ][gc] GC(939) Pause Young (Normal) (G1 Evacuation Pause) 646M->33M(1024M) 1,793ms
[2024-08-04T17:58:33.981+0300][110,895s][info ][gc] GC(940) Pause Young (Normal) (G1 Evacuation Pause) 646M->33M(1024M) 1,786ms
[2024-08-04T17:58:34.101+0300][111,015s][info ][gc] GC(941) Pause Young (Normal) (G1 Evacuation Pause) 646M->33M(1024M) 1,922ms
[2024-08-04T17:58:34.216+0300][111,130s][info ][gc] GC(942) Pause Young (Normal) (G1 Evacuation Pause) 646M->33M(1024M) 1,809ms
[2024-08-04T17:58:34.330+0300][111,244s][info ][gc] GC(943) Pause Young (Normal) (G1 Evacuation Pause) 646M->33M(1024M) 2,329ms
[2024-08-04T17:58:34.430+0300][111,344s][info ][gc] GC(944) Pause Young (Normal) (G1 Evacuation Pause) 646M->33M(1024M) 2,493ms
[2024-08-04T17:58:34.542+0300][111,456s][info ][gc] GC(945) Pause Young (Normal) (G1 Evacuation Pause) 646M->33M(1024M) 1,831ms
[2024-08-04T17:58:34.658+0300][111,572s][info ][gc] GC(946) Pause Young (Normal) (G1 Evacuation Pause) 646M->33M(1024M) 2,514ms
[2024-08-04T17:58:34.764+0300][111,679s][info ][gc] GC(947) Pause Young (Normal) (G1 Evacuation Pause) 646M->33M(1024M) 1,853ms
[2024-08-04T17:58:34.883+0300][111,797s][info ][gc] GC(948) Pause Young (Normal) (G1 Evacuation Pause) 646M->33M(1024M) 2,261ms
[2024-08-04T17:58:35.000+0300][111,914s][info ][gc] GC(949) Pause Young (Normal) (G1 Evacuation Pause) 646M->33M(1024M) 1,919ms
[2024-08-04T17:58:35.111+0300][112,025s][info ][gc] GC(950) Pause Young (Normal) (G1 Evacuation Pause) 646M->33M(1024M) 1,903ms
[2024-08-04T17:58:35.227+0300][112,141s][info ][gc] GC(951) Pause Young (Normal) (G1 Evacuation Pause) 646M->33M(1024M) 1,953ms
[2024-08-04T17:58:35.346+0300][112,260s][info ][gc] GC(952) Pause Young (Normal) (G1 Evacuation Pause) 646M->33M(1024M) 1,966ms
[2024-08-04T17:58:35.462+0300][112,376s][info ][gc] GC(953) Pause Young (Normal) (G1 Evacuation Pause) 646M->33M(1024M) 2,022ms
[2024-08-04T17:58:35.579+0300][112,493s][info ][gc] GC(954) Pause Young (Normal) (G1 Evacuation Pause) 646M->33M(1024M) 2,047ms
[2024-08-04T17:58:35.694+0300][112,608s][info ][gc] GC(955) Pause Young (Normal) (G1 Evacuation Pause) 646M->33M(1024M) 2,431ms
[2024-08-04T17:58:35.799+0300][112,713s][info ][gc] GC(956) Pause Young (Normal) (G1 Evacuation Pause) 646M->33M(1024M) 1,799ms
[2024-08-04T17:58:35.920+0300][112,834s][info ][gc] GC(957) Pause Young (Normal) (G1 Evacuation Pause) 646M->33M(1024M) 2,277ms
[2024-08-04T17:58:36.033+0300][112,947s][info ][gc] GC(958) Pause Young (Normal) (G1 Evacuation Pause) 646M->33M(1024M) 2,082ms
[2024-08-04T17:58:36.153+0300][113,067s][info ][gc] GC(959) Pause Young (Normal) (G1 Evacuation Pause) 646M->33M(1024M) 2,111ms
[2024-08-04T17:58:36.275+0300][113,189s][info ][gc] GC(960) Pause Young (Normal) (G1 Evacuation Pause) 646M->33M(1024M) 2,146ms
[2024-08-04T17:58:36.391+0300][113,305s][info ][gc] GC(961) Pause Young (Normal) (G1 Evacuation Pause) 646M->33M(1024M) 2,022ms
[2024-08-04T17:58:36.514+0300][113,428s][info ][gc] GC(962) Pause Young (Normal) (G1 Evacuation Pause) 646M->33M(1024M) 1,943ms
[2024-08-04T17:58:36.632+0300][113,546s][info ][gc] GC(963) Pause Young (Normal) (G1 Evacuation Pause) 646M->33M(1024M) 2,231ms
[2024-08-04T17:58:36.751+0300][113,665s][info ][gc] GC(964) Pause Young (Normal) (G1 Evacuation Pause) 646M->33M(1024M) 2,185ms
[2024-08-04T17:58:36.870+0300][113,784s][info ][gc] GC(965) Pause Young (Normal) (G1 Evacuation Pause) 646M->34M(1024M) 1,847ms
[2024-08-04T17:58:36.993+0300][113,908s][info ][gc] GC(966) Pause Young (Normal) (G1 Evacuation Pause) 647M->34M(1024M) 1,975ms
[2024-08-04T17:58:37.108+0300][114,022s][info ][gc] GC(967) Pause Young (Normal) (G1 Evacuation Pause) 647M->34M(1024M) 1,864ms
[2024-08-04T17:58:37.225+0300][114,139s][info ][gc] GC(968) Pause Young (Normal) (G1 Evacuation Pause) 647M->34M(1024M) 2,222ms
[2024-08-04T17:58:37.349+0300][114,263s][info ][gc] GC(969) Pause Young (Normal) (G1 Evacuation Pause) 647M->34M(1024M) 1,875ms
[2024-08-04T17:58:37.467+0300][114,381s][info ][gc] GC(970) Pause Young (Normal) (G1 Evacuation Pause) 647M->34M(1024M) 1,780ms
[2024-08-04T17:58:37.585+0300][114,499s][info ][gc] GC(971) Pause Young (Normal) (G1 Evacuation Pause) 647M->34M(1024M) 1,881ms
[2024-08-04T17:58:37.697+0300][114,611s][info ][gc] GC(972) Pause Young (Normal) (G1 Evacuation Pause) 647M->34M(1024M) 2,106ms
[2024-08-04T17:58:37.819+0300][114,734s][info ][gc] GC(973) Pause Young (Normal) (G1 Evacuation Pause) 647M->34M(1024M) 1,906ms
[2024-08-04T17:58:37.942+0300][114,856s][info ][gc] GC(974) Pause Young (Normal) (G1 Evacuation Pause) 647M->34M(1024M) 2,213ms
[2024-08-04T17:58:38.064+0300][114,978s][info ][gc] GC(975) Pause Young (Normal) (G1 Evacuation Pause) 647M->34M(1024M) 2,176ms
[2024-08-04T17:58:38.177+0300][115,091s][info ][gc] GC(976) Pause Young (Normal) (G1 Evacuation Pause) 647M->34M(1024M) 1,958ms
[2024-08-04T17:58:38.294+0300][115,208s][info ][gc] GC(977) Pause Young (Normal) (G1 Evacuation Pause) 647M->34M(1024M) 1,834ms
[2024-08-04T17:58:38.409+0300][115,323s][info ][gc] GC(978) Pause Young (Normal) (G1 Evacuation Pause) 647M->34M(1024M) 1,803ms
[2024-08-04T17:58:38.525+0300][115,439s][info ][gc] GC(979) Pause Young (Normal) (G1 Evacuation Pause) 647M->34M(1024M) 1,735ms
[2024-08-04T17:58:38.641+0300][115,555s][info ][gc] GC(980) Pause Young (Normal) (G1 Evacuation Pause) 647M->34M(1024M) 1,799ms
[2024-08-04T17:58:38.758+0300][115,672s][info ][gc] GC(981) Pause Young (Normal) (G1 Evacuation Pause) 647M->34M(1024M) 1,780ms
[2024-08-04T17:58:38.875+0300][115,790s][info ][gc] GC(982) Pause Young (Normal) (G1 Evacuation Pause) 647M->34M(1024M) 2,048ms
[2024-08-04T17:58:39.002+0300][115,916s][info ][gc] GC(983) Pause Young (Normal) (G1 Evacuation Pause) 647M->34M(1024M) 2,162ms
[2024-08-04T17:58:39.128+0300][116,042s][info ][gc] GC(984) Pause Young (Normal) (G1 Evacuation Pause) 647M->34M(1024M) 1,902ms
[2024-08-04T17:58:39.257+0300][116,171s][info ][gc] GC(985) Pause Young (Normal) (G1 Evacuation Pause) 647M->34M(1024M) 2,072ms
[2024-08-04T17:58:39.391+0300][116,305s][info ][gc] GC(986) Pause Young (Normal) (G1 Evacuation Pause) 647M->34M(1024M) 2,355ms
[2024-08-04T17:58:39.517+0300][116,431s][info ][gc] GC(987) Pause Young (Normal) (G1 Evacuation Pause) 647M->34M(1024M) 2,193ms
[2024-08-04T17:58:39.653+0300][116,567s][info ][gc] GC(988) Pause Young (Normal) (G1 Evacuation Pause) 647M->34M(1024M) 2,009ms
[2024-08-04T17:58:39.779+0300][116,693s][info ][gc] GC(989) Pause Young (Normal) (G1 Evacuation Pause) 647M->34M(1024M) 2,112ms
[2024-08-04T17:58:39.916+0300][116,831s][info ][gc] GC(990) Pause Young (Normal) (G1 Evacuation Pause) 647M->34M(1024M) 1,811ms
[2024-08-04T17:58:40.050+0300][116,964s][info ][gc] GC(991) Pause Young (Normal) (G1 Evacuation Pause) 647M->34M(1024M) 1,782ms
[2024-08-04T17:58:40.187+0300][117,101s][info ][gc] GC(992) Pause Young (Normal) (G1 Evacuation Pause) 647M->34M(1024M) 2,147ms
[2024-08-04T17:58:40.324+0300][117,238s][info ][gc] GC(993) Pause Young (Normal) (G1 Evacuation Pause) 647M->34M(1024M) 1,779ms
[2024-08-04T17:58:40.462+0300][117,376s][info ][gc] GC(994) Pause Young (Normal) (G1 Evacuation Pause) 647M->34M(1024M) 1,745ms
[2024-08-04T17:58:40.593+0300][117,507s][info ][gc] GC(995) Pause Young (Normal) (G1 Evacuation Pause) 647M->34M(1024M) 1,800ms
[2024-08-04T17:58:40.732+0300][117,647s][info ][gc] GC(996) Pause Young (Normal) (G1 Evacuation Pause) 647M->34M(1024M) 1,818ms
[2024-08-04T17:58:40.870+0300][117,784s][info ][gc] GC(997) Pause Young (Normal) (G1 Evacuation Pause) 647M->34M(1024M) 1,803ms
[2024-08-04T17:58:40.996+0300][117,910s][info ][gc] GC(998) Pause Young (Normal) (G1 Evacuation Pause) 647M->34M(1024M) 1,751ms
[2024-08-04T17:58:41.185+0300][118,099s][info ][gc] GC(999) Pause Young (Normal) (G1 Evacuation Pause) 647M->34M(1024M) 1,976ms
[2024-08-04T17:58:41.313+0300][118,228s][info ][gc] GC(1000) Pause Young (Normal) (G1 Evacuation Pause) 647M->35M(1024M) 2,069ms
[2024-08-04T17:58:41.443+0300][118,357s][info ][gc] GC(1001) Pause Young (Normal) (G1 Evacuation Pause) 648M->35M(1024M) 2,592ms
[2024-08-04T17:58:41.567+0300][118,481s][info ][gc] GC(1002) Pause Young (Normal) (G1 Evacuation Pause) 648M->35M(1024M) 2,375ms
[2024-08-04T17:58:41.680+0300][118,594s][info ][gc] GC(1003) Pause Young (Normal) (G1 Evacuation Pause) 648M->35M(1024M) 2,522ms
[2024-08-04T17:58:41.798+0300][118,713s][info ][gc] GC(1004) Pause Young (Normal) (G1 Evacuation Pause) 648M->35M(1024M) 2,277ms
[2024-08-04T17:58:41.906+0300][118,820s][info ][gc] GC(1005) Pause Young (Normal) (G1 Evacuation Pause) 648M->35M(1024M) 2,622ms
[2024-08-04T17:58:42.022+0300][118,937s][info ][gc] GC(1006) Pause Young (Normal) (G1 Evacuation Pause) 648M->35M(1024M) 2,467ms
[2024-08-04T17:58:42.127+0300][119,041s][info ][gc] GC(1007) Pause Young (Normal) (G1 Evacuation Pause) 648M->35M(1024M) 2,702ms
[2024-08-04T17:58:42.233+0300][119,147s][info ][gc] GC(1008) Pause Young (Normal) (G1 Evacuation Pause) 648M->35M(1024M) 2,565ms
[2024-08-04T17:58:42.343+0300][119,257s][info ][gc] GC(1009) Pause Young (Normal) (G1 Evacuation Pause) 648M->35M(1024M) 2,562ms
[2024-08-04T17:58:42.449+0300][119,363s][info ][gc] GC(1010) Pause Young (Normal) (G1 Evacuation Pause) 648M->35M(1024M) 2,511ms
[2024-08-04T17:58:42.554+0300][119,468s][info ][gc] GC(1011) Pause Young (Normal) (G1 Evacuation Pause) 647M->35M(1024M) 2,602ms
[2024-08-04T17:58:42.661+0300][119,575s][info ][gc] GC(1012) Pause Young (Normal) (G1 Evacuation Pause) 647M->35M(1024M) 2,269ms
[2024-08-04T17:58:42.763+0300][119,678s][info ][gc] GC(1013) Pause Young (Normal) (G1 Evacuation Pause) 647M->35M(1024M) 2,587ms
[2024-08-04T17:58:42.872+0300][119,786s][info ][gc] GC(1014) Pause Young (Normal) (G1 Evacuation Pause) 647M->35M(1024M) 2,516ms
[2024-08-04T17:58:42.971+0300][119,885s][info ][gc] GC(1015) Pause Young (Normal) (G1 Evacuation Pause) 648M->35M(1024M) 2,433ms
[2024-08-04T17:58:43.076+0300][119,990s][info ][gc] GC(1016) Pause Young (Normal) (G1 Evacuation Pause) 648M->35M(1024M) 2,519ms
[2024-08-04T17:58:43.179+0300][120,093s][info ][gc] GC(1017) Pause Young (Normal) (G1 Evacuation Pause) 648M->35M(1024M) 2,541ms
[2024-08-04T17:58:43.292+0300][120,207s][info ][gc] GC(1018) Pause Young (Normal) (G1 Evacuation Pause) 648M->35M(1024M) 2,797ms
[2024-08-04T17:58:43.394+0300][120,309s][info ][gc] GC(1019) Pause Young (Normal) (G1 Evacuation Pause) 648M->35M(1024M) 2,352ms
[2024-08-04T17:58:43.506+0300][120,420s][info ][gc] GC(1020) Pause Young (Normal) (G1 Evacuation Pause) 648M->36M(1024M) 2,341ms
[2024-08-04T17:58:43.613+0300][120,528s][info ][gc] GC(1021) Pause Young (Normal) (G1 Evacuation Pause) 649M->36M(1024M) 2,315ms
[2024-08-04T17:58:43.715+0300][120,629s][info ][gc] GC(1022) Pause Young (Normal) (G1 Evacuation Pause) 649M->36M(1024M) 2,548ms
[2024-08-04T17:58:43.825+0300][120,739s][info ][gc] GC(1023) Pause Young (Normal) (G1 Evacuation Pause) 649M->36M(1024M) 2,237ms
[2024-08-04T17:58:43.926+0300][120,840s][info ][gc] GC(1024) Pause Young (Normal) (G1 Evacuation Pause) 649M->36M(1024M) 2,262ms
[2024-08-04T17:58:44.037+0300][120,951s][info ][gc] GC(1025) Pause Young (Normal) (G1 Evacuation Pause) 649M->36M(1024M) 2,482ms
[2024-08-04T17:58:44.149+0300][121,063s][info ][gc] GC(1026) Pause Young (Normal) (G1 Evacuation Pause) 649M->36M(1024M) 2,357ms
[2024-08-04T17:58:44.259+0300][121,174s][info ][gc] GC(1027) Pause Young (Normal) (G1 Evacuation Pause) 649M->36M(1024M) 1,979ms
[2024-08-04T17:58:44.370+0300][121,284s][info ][gc] GC(1028) Pause Young (Normal) (G1 Evacuation Pause) 649M->36M(1024M) 2,475ms
[2024-08-04T17:58:44.482+0300][121,396s][info ][gc] GC(1029) Pause Young (Normal) (G1 Evacuation Pause) 649M->36M(1024M) 2,168ms
[2024-08-04T17:58:44.592+0300][121,507s][info ][gc] GC(1030) Pause Young (Normal) (G1 Evacuation Pause) 649M->36M(1024M) 1,918ms
[2024-08-04T17:58:44.703+0300][121,617s][info ][gc] GC(1031) Pause Young (Normal) (G1 Evacuation Pause) 649M->36M(1024M) 2,157ms
[2024-08-04T17:58:44.798+0300][121,712s][info ][gc] GC(1032) Pause Young (Normal) (G1 Evacuation Pause) 649M->36M(1024M) 2,284ms
[2024-08-04T17:58:44.904+0300][121,818s][info ][gc] GC(1033) Pause Young (Normal) (G1 Evacuation Pause) 649M->36M(1024M) 2,275ms
[2024-08-04T17:58:45.012+0300][121,926s][info ][gc] GC(1034) Pause Young (Normal) (G1 Evacuation Pause) 649M->36M(1024M) 2,266ms
[2024-08-04T17:58:45.107+0300][122,021s][info ][gc] GC(1035) Pause Young (Normal) (G1 Evacuation Pause) 649M->36M(1024M) 2,402ms
[2024-08-04T17:58:45.214+0300][122,129s][info ][gc] GC(1036) Pause Young (Normal) (G1 Evacuation Pause) 649M->36M(1024M) 2,346ms
[2024-08-04T17:58:45.324+0300][122,238s][info ][gc] GC(1037) Pause Young (Normal) (G1 Evacuation Pause) 649M->36M(1024M) 2,379ms
[2024-08-04T17:58:45.419+0300][122,334s][info ][gc] GC(1038) Pause Young (Normal) (G1 Evacuation Pause) 649M->36M(1024M) 1,967ms
[2024-08-04T17:58:45.515+0300][122,429s][info ][gc] GC(1039) Pause Young (Normal) (G1 Evacuation Pause) 649M->36M(1024M) 2,198ms
[2024-08-04T17:58:45.623+0300][122,537s][info ][gc] GC(1040) Pause Young (Normal) (G1 Evacuation Pause) 649M->36M(1024M) 2,278ms
[2024-08-04T17:58:45.730+0300][122,644s][info ][gc] GC(1041) Pause Young (Normal) (G1 Evacuation Pause) 649M->36M(1024M) 2,084ms
[2024-08-04T17:58:45.837+0300][122,751s][info ][gc] GC(1042) Pause Young (Normal) (G1 Evacuation Pause) 649M->36M(1024M) 1,840ms
[2024-08-04T17:58:45.932+0300][122,846s][info ][gc] GC(1043) Pause Young (Normal) (G1 Evacuation Pause) 649M->36M(1024M) 2,120ms
[2024-08-04T17:58:46.039+0300][122,953s][info ][gc] GC(1044) Pause Young (Normal) (G1 Evacuation Pause) 649M->36M(1024M) 1,953ms
[2024-08-04T17:58:46.147+0300][123,061s][info ][gc] GC(1045) Pause Young (Normal) (G1 Evacuation Pause) 649M->36M(1024M) 2,155ms
[2024-08-04T17:58:46.242+0300][123,157s][info ][gc] GC(1046) Pause Young (Normal) (G1 Evacuation Pause) 649M->36M(1024M) 2,044ms
[2024-08-04T17:58:46.347+0300][123,261s][info ][gc] GC(1047) Pause Young (Normal) (G1 Evacuation Pause) 649M->36M(1024M) 2,110ms
[2024-08-04T17:58:46.443+0300][123,357s][info ][gc] GC(1048) Pause Young (Normal) (G1 Evacuation Pause) 649M->36M(1024M) 2,106ms
[2024-08-04T17:58:46.550+0300][123,464s][info ][gc] GC(1049) Pause Young (Normal) (G1 Evacuation Pause) 649M->36M(1024M) 2,383ms
[2024-08-04T17:58:46.657+0300][123,571s][info ][gc] GC(1050) Pause Young (Normal) (G1 Evacuation Pause) 649M->36M(1024M) 1,963ms
[2024-08-04T17:58:46.754+0300][123,668s][info ][gc] GC(1051) Pause Young (Normal) (G1 Evacuation Pause) 649M->37M(1024M) 2,117ms
[2024-08-04T17:58:46.861+0300][123,775s][info ][gc] GC(1052) Pause Young (Normal) (G1 Evacuation Pause) 650M->37M(1024M) 1,994ms
[2024-08-04T17:58:46.962+0300][123,876s][info ][gc] GC(1053) Pause Young (Normal) (G1 Evacuation Pause) 650M->37M(1024M) 1,901ms
[2024-08-04T17:58:47.068+0300][123,983s][info ][gc] GC(1054) Pause Young (Normal) (G1 Evacuation Pause) 650M->37M(1024M) 2,646ms
[2024-08-04T17:58:47.177+0300][124,092s][info ][gc] GC(1055) Pause Young (Normal) (G1 Evacuation Pause) 650M->37M(1024M) 2,018ms
[2024-08-04T17:58:47.276+0300][124,190s][info ][gc] GC(1056) Pause Young (Normal) (G1 Evacuation Pause) 650M->37M(1024M) 1,774ms
[2024-08-04T17:58:47.379+0300][124,293s][info ][gc] GC(1057) Pause Young (Normal) (G1 Evacuation Pause) 650M->37M(1024M) 1,951ms
[2024-08-04T17:58:47.492+0300][124,406s][info ][gc] GC(1058) Pause Young (Normal) (G1 Evacuation Pause) 650M->37M(1024M) 2,711ms
[2024-08-04T17:58:47.625+0300][124,539s][info ][gc] GC(1059) Pause Young (Normal) (G1 Evacuation Pause) 650M->37M(1024M) 2,151ms
[2024-08-04T17:58:47.748+0300][124,662s][info ][gc] GC(1060) Pause Young (Normal) (G1 Evacuation Pause) 650M->37M(1024M) 1,637ms
[2024-08-04T17:58:47.867+0300][124,781s][info ][gc] GC(1061) Pause Young (Normal) (G1 Evacuation Pause) 650M->37M(1024M) 2,112ms
[2024-08-04T17:58:47.976+0300][124,890s][info ][gc] GC(1062) Pause Young (Normal) (G1 Evacuation Pause) 650M->37M(1024M) 1,642ms
[2024-08-04T17:58:48.093+0300][125,007s][info ][gc] GC(1063) Pause Young (Normal) (G1 Evacuation Pause) 650M->37M(1024M) 1,833ms
[2024-08-04T17:58:48.212+0300][125,126s][info ][gc] GC(1064) Pause Young (Normal) (G1 Evacuation Pause) 650M->37M(1024M) 2,026ms
[2024-08-04T17:58:48.327+0300][125,241s][info ][gc] GC(1065) Pause Young (Normal) (G1 Evacuation Pause) 650M->37M(1024M) 2,048ms
[2024-08-04T17:58:48.448+0300][125,362s][info ][gc] GC(1066) Pause Young (Normal) (G1 Evacuation Pause) 650M->37M(1024M) 1,832ms
[2024-08-04T17:58:48.565+0300][125,479s][info ][gc] GC(1067) Pause Young (Normal) (G1 Evacuation Pause) 650M->37M(1024M) 1,678ms
[2024-08-04T17:58:48.674+0300][125,589s][info ][gc] GC(1068) Pause Young (Normal) (G1 Evacuation Pause) 650M->37M(1024M) 1,976ms
[2024-08-04T17:58:48.794+0300][125,709s][info ][gc] GC(1069) Pause Young (Normal) (G1 Evacuation Pause) 650M->37M(1024M) 1,826ms
[2024-08-04T17:58:48.914+0300][125,829s][info ][gc] GC(1070) Pause Young (Normal) (G1 Evacuation Pause) 650M->37M(1024M) 1,692ms
[2024-08-04T17:58:49.034+0300][125,948s][info ][gc] GC(1071) Pause Young (Normal) (G1 Evacuation Pause) 650M->37M(1024M) 1,881ms
[2024-08-04T17:58:49.151+0300][126,066s][info ][gc] GC(1072) Pause Young (Normal) (G1 Evacuation Pause) 650M->37M(1024M) 1,922ms
[2024-08-04T17:58:49.271+0300][126,185s][info ][gc] GC(1073) Pause Young (Normal) (G1 Evacuation Pause) 650M->37M(1024M) 1,833ms
[2024-08-04T17:58:49.392+0300][126,306s][info ][gc] GC(1074) Pause Young (Normal) (G1 Evacuation Pause) 650M->37M(1024M) 1,718ms
[2024-08-04T17:58:49.514+0300][126,428s][info ][gc] GC(1075) Pause Young (Normal) (G1 Evacuation Pause) 650M->37M(1024M) 1,787ms
[2024-08-04T17:58:49.624+0300][126,538s][info ][gc] GC(1076) Pause Young (Normal) (G1 Evacuation Pause) 650M->37M(1024M) 1,917ms
[2024-08-04T17:58:49.741+0300][126,655s][info ][gc] GC(1077) Pause Young (Normal) (G1 Evacuation Pause) 650M->37M(1024M) 2,015ms
[2024-08-04T17:58:49.853+0300][126,767s][info ][gc] GC(1078) Pause Young (Normal) (G1 Evacuation Pause) 650M->37M(1024M) 1,922ms
[2024-08-04T17:58:49.986+0300][126,900s][info ][gc] GC(1079) Pause Young (Normal) (G1 Evacuation Pause) 650M->37M(1024M) 1,844ms
[2024-08-04T17:58:50.125+0300][127,039s][info ][gc] GC(1080) Pause Young (Normal) (G1 Evacuation Pause) 650M->37M(1024M) 1,539ms
[2024-08-04T17:58:50.252+0300][127,166s][info ][gc] GC(1081) Pause Young (Normal) (G1 Evacuation Pause) 650M->37M(1024M) 1,685ms
[2024-08-04T17:58:50.382+0300][127,296s][info ][gc] GC(1082) Pause Young (Normal) (G1 Evacuation Pause) 650M->37M(1024M) 1,879ms
[2024-08-04T17:58:50.503+0300][127,417s][info ][gc] GC(1083) Pause Young (Normal) (G1 Evacuation Pause) 650M->37M(1024M) 2,109ms
[2024-08-04T17:58:50.626+0300][127,540s][info ][gc] GC(1084) Pause Young (Normal) (G1 Evacuation Pause) 650M->37M(1024M) 1,595ms
[2024-08-04T17:58:50.749+0300][127,663s][info ][gc] GC(1085) Pause Young (Normal) (G1 Evacuation Pause) 650M->37M(1024M) 1,908ms
[2024-08-04T17:58:50.886+0300][127,801s][info ][gc] GC(1086) Pause Young (Normal) (G1 Evacuation Pause) 650M->37M(1024M) 1,939ms
[2024-08-04T17:58:51.032+0300][127,946s][info ][gc] GC(1087) Pause Young (Normal) (G1 Evacuation Pause) 650M->37M(1024M) 1,939ms
[2024-08-04T17:58:51.160+0300][128,074s][info ][gc] GC(1088) Pause Young (Normal) (G1 Evacuation Pause) 650M->38M(1024M) 2,083ms
[2024-08-04T17:58:51.302+0300][128,216s][info ][gc] GC(1089) Pause Young (Normal) (G1 Evacuation Pause) 651M->38M(1024M) 1,808ms
[2024-08-04T17:58:51.439+0300][128,353s][info ][gc] GC(1090) Pause Young (Normal) (G1 Evacuation Pause) 651M->38M(1024M) 1,697ms
[2024-08-04T17:58:51.571+0300][128,485s][info ][gc] GC(1091) Pause Young (Normal) (G1 Evacuation Pause) 651M->38M(1024M) 2,073ms
[2024-08-04T17:58:51.708+0300][128,622s][info ][gc] GC(1092) Pause Young (Normal) (G1 Evacuation Pause) 651M->38M(1024M) 1,921ms
[2024-08-04T17:58:51.838+0300][128,752s][info ][gc] GC(1093) Pause Young (Normal) (G1 Evacuation Pause) 651M->38M(1024M) 1,623ms
[2024-08-04T17:58:51.950+0300][128,864s][info ][gc] GC(1094) Pause Young (Normal) (G1 Evacuation Pause) 651M->38M(1024M) 2,154ms
[2024-08-04T17:58:52.066+0300][128,981s][info ][gc] GC(1095) Pause Young (Normal) (G1 Evacuation Pause) 651M->38M(1024M) 1,866ms
[2024-08-04T17:58:52.193+0300][129,108s][info ][gc] GC(1096) Pause Young (Normal) (G1 Evacuation Pause) 651M->38M(1024M) 2,132ms
[2024-08-04T17:58:52.321+0300][129,235s][info ][gc] GC(1097) Pause Young (Normal) (G1 Evacuation Pause) 651M->38M(1024M) 2,123ms
[2024-08-04T17:58:52.448+0300][129,362s][info ][gc] GC(1098) Pause Young (Normal) (G1 Evacuation Pause) 651M->38M(1024M) 1,777ms
[2024-08-04T17:58:52.567+0300][129,481s][info ][gc] GC(1099) Pause Young (Normal) (G1 Evacuation Pause) 651M->38M(1024M) 1,787ms
[2024-08-04T17:58:52.695+0300][129,609s][info ][gc] GC(1100) Pause Young (Normal) (G1 Evacuation Pause) 651M->38M(1024M) 2,038ms
[2024-08-04T17:58:52.819+0300][129,733s][info ][gc] GC(1101) Pause Young (Normal) (G1 Evacuation Pause) 651M->38M(1024M) 2,082ms
[2024-08-04T17:58:52.939+0300][129,853s][info ][gc] GC(1102) Pause Young (Normal) (G1 Evacuation Pause) 651M->38M(1024M) 2,231ms
[2024-08-04T17:58:53.060+0300][129,974s][info ][gc] GC(1103) Pause Young (Normal) (G1 Evacuation Pause) 651M->38M(1024M) 1,851ms
[2024-08-04T17:58:53.181+0300][130,096s][info ][gc] GC(1104) Pause Young (Normal) (G1 Evacuation Pause) 651M->38M(1024M) 2,145ms
[2024-08-04T17:58:53.312+0300][130,227s][info ][gc] GC(1105) Pause Young (Normal) (G1 Evacuation Pause) 651M->38M(1024M) 2,052ms
[2024-08-04T17:58:53.442+0300][130,356s][info ][gc] GC(1106) Pause Young (Normal) (G1 Evacuation Pause) 651M->38M(1024M) 1,769ms
[2024-08-04T17:58:53.565+0300][130,480s][info ][gc] GC(1107) Pause Young (Normal) (G1 Evacuation Pause) 651M->38M(1024M) 2,272ms
[2024-08-04T17:58:53.688+0300][130,602s][info ][gc] GC(1108) Pause Young (Normal) (G1 Evacuation Pause) 651M->38M(1024M) 1,898ms
[2024-08-04T17:58:53.817+0300][130,731s][info ][gc] GC(1109) Pause Young (Normal) (G1 Evacuation Pause) 651M->38M(1024M) 1,770ms
[2024-08-04T17:58:53.949+0300][130,864s][info ][gc] GC(1110) Pause Young (Normal) (G1 Evacuation Pause) 651M->38M(1024M) 1,859ms
[2024-08-04T17:58:54.074+0300][130,988s][info ][gc] GC(1111) Pause Young (Normal) (G1 Evacuation Pause) 651M->38M(1024M) 1,802ms
[2024-08-04T17:58:54.199+0300][131,114s][info ][gc] GC(1112) Pause Young (Normal) (G1 Evacuation Pause) 651M->38M(1024M) 2,038ms
[2024-08-04T17:58:54.329+0300][131,243s][info ][gc] GC(1113) Pause Young (Normal) (G1 Evacuation Pause) 651M->38M(1024M) 1,900ms
[2024-08-04T17:58:54.449+0300][131,363s][info ][gc] GC(1114) Pause Young (Normal) (G1 Evacuation Pause) 651M->38M(1024M) 1,668ms
[2024-08-04T17:58:54.578+0300][131,492s][info ][gc] GC(1115) Pause Young (Normal) (G1 Evacuation Pause) 651M->38M(1024M) 1,851ms
[2024-08-04T17:58:54.700+0300][131,615s][info ][gc] GC(1116) Pause Young (Normal) (G1 Evacuation Pause) 651M->38M(1024M) 1,969ms
[2024-08-04T17:58:54.833+0300][131,747s][info ][gc] GC(1117) Pause Young (Normal) (G1 Evacuation Pause) 651M->38M(1024M) 1,812ms
[2024-08-04T17:58:54.986+0300][131,900s][info ][gc] GC(1118) Pause Young (Normal) (G1 Evacuation Pause) 651M->38M(1024M) 1,794ms
[2024-08-04T17:58:55.123+0300][132,037s][info ][gc] GC(1119) Pause Young (Normal) (G1 Evacuation Pause) 651M->38M(1024M) 1,996ms
[2024-08-04T17:58:55.255+0300][132,169s][info ][gc] GC(1120) Pause Young (Normal) (G1 Evacuation Pause) 651M->38M(1024M) 2,045ms
[2024-08-04T17:58:55.381+0300][132,295s][info ][gc] GC(1121) Pause Young (Normal) (G1 Evacuation Pause) 651M->38M(1024M) 1,742ms
[2024-08-04T17:58:55.505+0300][132,420s][info ][gc] GC(1122) Pause Young (Normal) (G1 Evacuation Pause) 651M->38M(1024M) 1,865ms
[2024-08-04T17:58:55.638+0300][132,552s][info ][gc] GC(1123) Pause Young (Normal) (G1 Evacuation Pause) 651M->38M(1024M) 2,200ms
[2024-08-04T17:58:55.866+0300][132,780s][info ][gc] GC(1124) Pause Young (Normal) (G1 Evacuation Pause) 651M->38M(1024M) 2,671ms
[2024-08-04T17:58:55.989+0300][132,903s][info ][gc] GC(1125) Pause Young (Normal) (G1 Evacuation Pause) 651M->39M(1024M) 2,586ms
[2024-08-04T17:58:56.101+0300][133,015s][info ][gc] GC(1126) Pause Young (Normal) (G1 Evacuation Pause) 652M->39M(1024M) 2,717ms
[2024-08-04T17:58:56.212+0300][133,126s][info ][gc] GC(1127) Pause Young (Normal) (G1 Evacuation Pause) 652M->39M(1024M) 2,560ms
[2024-08-04T17:58:56.322+0300][133,236s][info ][gc] GC(1128) Pause Young (Normal) (G1 Evacuation Pause) 652M->39M(1024M) 2,249ms
[2024-08-04T17:58:56.434+0300][133,348s][info ][gc] GC(1129) Pause Young (Normal) (G1 Evacuation Pause) 652M->39M(1024M) 1,761ms
[2024-08-04T17:58:56.541+0300][133,456s][info ][gc] GC(1130) Pause Young (Normal) (G1 Evacuation Pause) 652M->39M(1024M) 2,785ms
[2024-08-04T17:58:56.654+0300][133,568s][info ][gc] GC(1131) Pause Young (Normal) (G1 Evacuation Pause) 652M->39M(1024M) 2,629ms
[2024-08-04T17:58:56.757+0300][133,672s][info ][gc] GC(1132) Pause Young (Normal) (G1 Evacuation Pause) 652M->39M(1024M) 2,508ms
[2024-08-04T17:58:56.864+0300][133,778s][info ][gc] GC(1133) Pause Young (Normal) (G1 Evacuation Pause) 652M->39M(1024M) 2,827ms
[2024-08-04T17:58:56.977+0300][133,891s][info ][gc] GC(1134) Pause Young (Normal) (G1 Evacuation Pause) 652M->39M(1024M) 2,545ms
[2024-08-04T17:58:57.085+0300][133,999s][info ][gc] GC(1135) Pause Young (Normal) (G1 Evacuation Pause) 651M->39M(1024M) 2,591ms
[2024-08-04T17:58:57.186+0300][134,100s][info ][gc] GC(1136) Pause Young (Normal) (G1 Evacuation Pause) 651M->39M(1024M) 2,811ms
[2024-08-04T17:58:57.293+0300][134,207s][info ][gc] GC(1137) Pause Young (Normal) (G1 Evacuation Pause) 651M->39M(1024M) 2,526ms
[2024-08-04T17:58:57.406+0300][134,321s][info ][gc] GC(1138) Pause Young (Normal) (G1 Evacuation Pause) 651M->39M(1024M) 2,462ms
[2024-08-04T17:58:57.520+0300][134,434s][info ][gc] GC(1139) Pause Young (Normal) (G1 Evacuation Pause) 651M->39M(1024M) 2,890ms
[2024-08-04T17:58:57.623+0300][134,537s][info ][gc] GC(1140) Pause Young (Normal) (G1 Evacuation Pause) 652M->39M(1024M) 2,650ms
[2024-08-04T17:58:57.734+0300][134,648s][info ][gc] GC(1141) Pause Young (Normal) (G1 Evacuation Pause) 652M->39M(1024M) 2,435ms
[2024-08-04T17:58:57.842+0300][134,756s][info ][gc] GC(1142) Pause Young (Normal) (G1 Evacuation Pause) 652M->39M(1024M) 2,555ms
[2024-08-04T17:58:57.950+0300][134,864s][info ][gc] GC(1143) Pause Young (Normal) (G1 Evacuation Pause) 652M->39M(1024M) 2,454ms
[2024-08-04T17:58:58.057+0300][134,971s][info ][gc] GC(1144) Pause Young (Normal) (G1 Evacuation Pause) 652M->39M(1024M) 2,672ms
[2024-08-04T17:58:58.163+0300][135,077s][info ][gc] GC(1145) Pause Young (Normal) (G1 Evacuation Pause) 652M->40M(1024M) 2,675ms
[2024-08-04T17:58:58.274+0300][135,188s][info ][gc] GC(1146) Pause Young (Normal) (G1 Evacuation Pause) 653M->40M(1024M) 2,280ms
[2024-08-04T17:58:58.381+0300][135,295s][info ][gc] GC(1147) Pause Young (Normal) (G1 Evacuation Pause) 653M->40M(1024M) 2,639ms
[2024-08-04T17:58:58.477+0300][135,391s][info ][gc] GC(1148) Pause Young (Normal) (G1 Evacuation Pause) 653M->40M(1024M) 2,747ms
[2024-08-04T17:58:58.584+0300][135,498s][info ][gc] GC(1149) Pause Young (Normal) (G1 Evacuation Pause) 653M->40M(1024M) 1,822ms
[2024-08-04T17:58:58.679+0300][135,593s][info ][gc] GC(1150) Pause Young (Normal) (G1 Evacuation Pause) 653M->40M(1024M) 2,514ms
[2024-08-04T17:58:58.775+0300][135,689s][info ][gc] GC(1151) Pause Young (Normal) (G1 Evacuation Pause) 653M->40M(1024M) 2,666ms
[2024-08-04T17:58:58.880+0300][135,794s][info ][gc] GC(1152) Pause Young (Normal) (G1 Evacuation Pause) 653M->40M(1024M) 2,218ms
[2024-08-04T17:58:58.988+0300][135,902s][info ][gc] GC(1153) Pause Young (Normal) (G1 Evacuation Pause) 653M->40M(1024M) 1,854ms
[2024-08-04T17:58:59.084+0300][135,998s][info ][gc] GC(1154) Pause Young (Normal) (G1 Evacuation Pause) 653M->40M(1024M) 2,389ms
[2024-08-04T17:58:59.195+0300][136,109s][info ][gc] GC(1155) Pause Young (Normal) (G1 Evacuation Pause) 653M->40M(1024M) 1,893ms
[2024-08-04T17:58:59.307+0300][136,221s][info ][gc] GC(1156) Pause Young (Normal) (G1 Evacuation Pause) 653M->40M(1024M) 2,739ms
[2024-08-04T17:58:59.418+0300][136,332s][info ][gc] GC(1157) Pause Young (Normal) (G1 Evacuation Pause) 653M->40M(1024M) 2,530ms
[2024-08-04T17:58:59.514+0300][136,428s][info ][gc] GC(1158) Pause Young (Normal) (G1 Evacuation Pause) 653M->40M(1024M) 2,168ms
[2024-08-04T17:58:59.615+0300][136,529s][info ][gc] GC(1159) Pause Young (Normal) (G1 Evacuation Pause) 653M->40M(1024M) 2,208ms
[2024-08-04T17:58:59.726+0300][136,640s][info ][gc] GC(1160) Pause Young (Normal) (G1 Evacuation Pause) 653M->40M(1024M) 2,414ms
[2024-08-04T17:58:59.835+0300][136,749s][info ][gc] GC(1161) Pause Young (Normal) (G1 Evacuation Pause) 653M->40M(1024M) 2,636ms
[2024-08-04T17:58:59.939+0300][136,853s][info ][gc] GC(1162) Pause Young (Normal) (G1 Evacuation Pause) 653M->40M(1024M) 2,031ms
[2024-08-04T17:59:00.041+0300][136,955s][info ][gc] GC(1163) Pause Young (Normal) (G1 Evacuation Pause) 653M->40M(1024M) 2,371ms
[2024-08-04T17:59:00.147+0300][137,061s][info ][gc] GC(1164) Pause Young (Normal) (G1 Evacuation Pause) 653M->40M(1024M) 2,242ms
[2024-08-04T17:59:00.242+0300][137,156s][info ][gc] GC(1165) Pause Young (Normal) (G1 Evacuation Pause) 653M->40M(1024M) 1,965ms
[2024-08-04T17:59:00.350+0300][137,265s][info ][gc] GC(1166) Pause Young (Normal) (G1 Evacuation Pause) 653M->40M(1024M) 2,295ms
[2024-08-04T17:59:00.459+0300][137,373s][info ][gc] GC(1167) Pause Young (Normal) (G1 Evacuation Pause) 653M->40M(1024M) 2,313ms
[2024-08-04T17:59:00.560+0300][137,474s][info ][gc] GC(1168) Pause Young (Normal) (G1 Evacuation Pause) 653M->40M(1024M) 1,888ms
[2024-08-04T17:59:00.663+0300][137,578s][info ][gc] GC(1169) Pause Young (Normal) (G1 Evacuation Pause) 653M->40M(1024M) 2,131ms
[2024-08-04T17:59:00.777+0300][137,691s][info ][gc] GC(1170) Pause Young (Normal) (G1 Evacuation Pause) 653M->40M(1024M) 2,239ms
[2024-08-04T17:59:00.879+0300][137,793s][info ][gc] GC(1171) Pause Young (Normal) (G1 Evacuation Pause) 653M->40M(1024M) 2,087ms
[2024-08-04T17:59:00.991+0300][137,906s][info ][gc] GC(1172) Pause Young (Normal) (G1 Evacuation Pause) 653M->40M(1024M) 2,126ms
[2024-08-04T17:59:01.093+0300][138,008s][info ][gc] GC(1173) Pause Young (Normal) (G1 Evacuation Pause) 653M->40M(1024M) 2,342ms
[2024-08-04T17:59:01.197+0300][138,111s][info ][gc] GC(1174) Pause Young (Normal) (G1 Evacuation Pause) 653M->40M(1024M) 2,083ms
[2024-08-04T17:59:01.301+0300][138,215s][info ][gc] GC(1175) Pause Young (Normal) (G1 Evacuation Pause) 653M->40M(1024M) 2,135ms
[2024-08-04T17:59:01.404+0300][138,318s][info ][gc] GC(1176) Pause Young (Normal) (G1 Evacuation Pause) 653M->41M(1024M) 1,991ms
[2024-08-04T17:59:01.516+0300][138,431s][info ][gc] GC(1177) Pause Young (Normal) (G1 Evacuation Pause) 654M->41M(1024M) 2,072ms
[2024-08-04T17:59:01.625+0300][138,540s][info ][gc] GC(1178) Pause Young (Normal) (G1 Evacuation Pause) 654M->41M(1024M) 2,162ms
[2024-08-04T17:59:01.729+0300][138,643s][info ][gc] GC(1179) Pause Young (Normal) (G1 Evacuation Pause) 654M->41M(1024M) 1,702ms
[2024-08-04T17:59:01.842+0300][138,756s][info ][gc] GC(1180) Pause Young (Normal) (G1 Evacuation Pause) 654M->41M(1024M) 2,010ms
[2024-08-04T17:59:01.954+0300][138,868s][info ][gc] GC(1181) Pause Young (Normal) (G1 Evacuation Pause) 654M->41M(1024M) 1,824ms
[2024-08-04T17:59:02.068+0300][138,983s][info ][gc] GC(1182) Pause Young (Normal) (G1 Evacuation Pause) 654M->41M(1024M) 1,761ms
[2024-08-04T17:59:02.172+0300][139,087s][info ][gc] GC(1183) Pause Young (Normal) (G1 Evacuation Pause) 654M->41M(1024M) 2,044ms
[2024-08-04T17:59:02.277+0300][139,191s][info ][gc] GC(1184) Pause Young (Normal) (G1 Evacuation Pause) 654M->41M(1024M) 1,867ms
[2024-08-04T17:59:02.383+0300][139,297s][info ][gc] GC(1185) Pause Young (Normal) (G1 Evacuation Pause) 654M->41M(1024M) 2,026ms
[2024-08-04T17:59:02.492+0300][139,407s][info ][gc] GC(1186) Pause Young (Normal) (G1 Evacuation Pause) 654M->41M(1024M) 2,282ms
[2024-08-04T17:59:02.591+0300][139,505s][info ][gc] GC(1187) Pause Young (Normal) (G1 Evacuation Pause) 654M->41M(1024M) 1,970ms
[2024-08-04T17:59:02.700+0300][139,614s][info ][gc] GC(1188) Pause Young (Normal) (G1 Evacuation Pause) 654M->41M(1024M) 2,080ms
[2024-08-04T17:59:02.810+0300][139,724s][info ][gc] GC(1189) Pause Young (Normal) (G1 Evacuation Pause) 654M->41M(1024M) 2,272ms
[2024-08-04T17:59:02.921+0300][139,835s][info ][gc] GC(1190) Pause Young (Normal) (G1 Evacuation Pause) 654M->41M(1024M) 1,984ms
[2024-08-04T17:59:03.037+0300][139,951s][info ][gc] GC(1191) Pause Young (Normal) (G1 Evacuation Pause) 654M->41M(1024M) 1,739ms
[2024-08-04T17:59:03.143+0300][140,057s][info ][gc] GC(1192) Pause Young (Normal) (G1 Evacuation Pause) 654M->41M(1024M) 2,193ms
[2024-08-04T17:59:03.256+0300][140,170s][info ][gc] GC(1193) Pause Young (Normal) (G1 Evacuation Pause) 654M->41M(1024M) 2,153ms
[2024-08-04T17:59:03.366+0300][140,280s][info ][gc] GC(1194) Pause Young (Normal) (G1 Evacuation Pause) 654M->41M(1024M) 2,265ms
[2024-08-04T17:59:03.482+0300][140,396s][info ][gc] GC(1195) Pause Young (Normal) (G1 Evacuation Pause) 654M->41M(1024M) 1,882ms
[2024-08-04T17:59:03.596+0300][140,511s][info ][gc] GC(1196) Pause Young (Normal) (G1 Evacuation Pause) 654M->41M(1024M) 1,876ms
[2024-08-04T17:59:03.713+0300][140,627s][info ][gc] GC(1197) Pause Young (Normal) (G1 Evacuation Pause) 654M->41M(1024M) 1,873ms
[2024-08-04T17:59:03.830+0300][140,744s][info ][gc] GC(1198) Pause Young (Normal) (G1 Evacuation Pause) 654M->41M(1024M) 1,753ms
[2024-08-04T17:59:03.942+0300][140,856s][info ][gc] GC(1199) Pause Young (Normal) (G1 Evacuation Pause) 654M->41M(1024M) 1,947ms
[2024-08-04T17:59:04.056+0300][140,970s][info ][gc] GC(1200) Pause Young (Normal) (G1 Evacuation Pause) 654M->41M(1024M) 1,946ms
[2024-08-04T17:59:04.168+0300][141,083s][info ][gc] GC(1201) Pause Young (Normal) (G1 Evacuation Pause) 654M->41M(1024M) 2,350ms
[2024-08-04T17:59:04.278+0300][141,192s][info ][gc] GC(1202) Pause Young (Normal) (G1 Evacuation Pause) 654M->41M(1024M) 2,074ms
[2024-08-04T17:59:04.395+0300][141,309s][info ][gc] GC(1203) Pause Young (Normal) (G1 Evacuation Pause) 654M->41M(1024M) 1,827ms
[2024-08-04T17:59:04.514+0300][141,428s][info ][gc] GC(1204) Pause Young (Normal) (G1 Evacuation Pause) 654M->41M(1024M) 1,754ms
[2024-08-04T17:59:04.634+0300][141,548s][info ][gc] GC(1205) Pause Young (Normal) (G1 Evacuation Pause) 654M->41M(1024M) 1,787ms
[2024-08-04T17:59:04.752+0300][141,666s][info ][gc] GC(1206) Pause Young (Normal) (G1 Evacuation Pause) 654M->41M(1024M) 1,755ms
[2024-08-04T17:59:04.874+0300][141,788s][info ][gc] GC(1207) Pause Young (Normal) (G1 Evacuation Pause) 654M->41M(1024M) 2,084ms
[2024-08-04T17:59:04.989+0300][141,903s][info ][gc] GC(1208) Pause Young (Normal) (G1 Evacuation Pause) 654M->41M(1024M) 1,746ms
[2024-08-04T17:59:05.108+0300][142,022s][info ][gc] GC(1209) Pause Young (Normal) (G1 Evacuation Pause) 654M->41M(1024M) 1,988ms
[2024-08-04T17:59:05.219+0300][142,133s][info ][gc] GC(1210) Pause Young (Normal) (G1 Evacuation Pause) 654M->41M(1024M) 1,958ms
[2024-08-04T17:59:05.342+0300][142,256s][info ][gc] GC(1211) Pause Young (Normal) (G1 Evacuation Pause) 654M->41M(1024M) 2,064ms
[2024-08-04T17:59:05.462+0300][142,377s][info ][gc] GC(1212) Pause Young (Normal) (G1 Evacuation Pause) 654M->42M(1024M) 1,752ms
[2024-08-04T17:59:05.579+0300][142,493s][info ][gc] GC(1213) Pause Young (Normal) (G1 Evacuation Pause) 655M->42M(1024M) 2,035ms
[2024-08-04T17:59:05.702+0300][142,616s][info ][gc] GC(1214) Pause Young (Normal) (G1 Evacuation Pause) 655M->42M(1024M) 1,743ms
[2024-08-04T17:59:05.818+0300][142,732s][info ][gc] GC(1215) Pause Young (Normal) (G1 Evacuation Pause) 655M->42M(1024M) 2,340ms
[2024-08-04T17:59:05.936+0300][142,850s][info ][gc] GC(1216) Pause Young (Normal) (G1 Evacuation Pause) 655M->42M(1024M) 2,178ms
[2024-08-04T17:59:06.053+0300][142,967s][info ][gc] GC(1217) Pause Young (Normal) (G1 Evacuation Pause) 655M->42M(1024M) 2,100ms
[2024-08-04T17:59:06.178+0300][143,092s][info ][gc] GC(1218) Pause Young (Normal) (G1 Evacuation Pause) 655M->42M(1024M) 2,111ms
[2024-08-04T17:59:06.300+0300][143,214s][info ][gc] GC(1219) Pause Young (Normal) (G1 Evacuation Pause) 655M->42M(1024M) 1,933ms
[2024-08-04T17:59:06.426+0300][143,341s][info ][gc] GC(1220) Pause Young (Normal) (G1 Evacuation Pause) 655M->42M(1024M) 1,831ms
[2024-08-04T17:59:06.544+0300][143,458s][info ][gc] GC(1221) Pause Young (Normal) (G1 Evacuation Pause) 655M->42M(1024M) 1,746ms
[2024-08-04T17:59:06.670+0300][143,584s][info ][gc] GC(1222) Pause Young (Normal) (G1 Evacuation Pause) 655M->42M(1024M) 1,918ms
[2024-08-04T17:59:06.789+0300][143,703s][info ][gc] GC(1223) Pause Young (Normal) (G1 Evacuation Pause) 655M->42M(1024M) 2,317ms
[2024-08-04T17:59:06.920+0300][143,834s][info ][gc] GC(1224) Pause Young (Normal) (G1 Evacuation Pause) 655M->42M(1024M) 2,039ms
[2024-08-04T17:59:07.049+0300][143,963s][info ][gc] GC(1225) Pause Young (Normal) (G1 Evacuation Pause) 655M->42M(1024M) 1,871ms
[2024-08-04T17:59:07.176+0300][144,090s][info ][gc] GC(1226) Pause Young (Normal) (G1 Evacuation Pause) 655M->42M(1024M) 1,770ms
[2024-08-04T17:59:07.305+0300][144,219s][info ][gc] GC(1227) Pause Young (Normal) (G1 Evacuation Pause) 655M->42M(1024M) 1,730ms
[2024-08-04T17:59:07.436+0300][144,350s][info ][gc] GC(1228) Pause Young (Normal) (G1 Evacuation Pause) 655M->42M(1024M) 2,223ms
[2024-08-04T17:59:07.567+0300][144,481s][info ][gc] GC(1229) Pause Young (Normal) (G1 Evacuation Pause) 655M->42M(1024M) 1,912ms
[2024-08-04T17:59:07.691+0300][144,605s][info ][gc] GC(1230) Pause Young (Normal) (G1 Evacuation Pause) 655M->42M(1024M) 2,157ms
[2024-08-04T17:59:07.815+0300][144,730s][info ][gc] GC(1231) Pause Young (Normal) (G1 Evacuation Pause) 655M->42M(1024M) 2,212ms
[2024-08-04T17:59:07.941+0300][144,856s][info ][gc] GC(1232) Pause Young (Normal) (G1 Evacuation Pause) 655M->42M(1024M) 2,114ms
[2024-08-04T17:59:08.066+0300][144,980s][info ][gc] GC(1233) Pause Young (Normal) (G1 Evacuation Pause) 655M->42M(1024M) 1,957ms
[2024-08-04T17:59:08.195+0300][145,109s][info ][gc] GC(1234) Pause Young (Normal) (G1 Evacuation Pause) 655M->42M(1024M) 1,767ms
[2024-08-04T17:59:08.325+0300][145,240s][info ][gc] GC(1235) Pause Young (Normal) (G1 Evacuation Pause) 655M->42M(1024M) 1,814ms
[2024-08-04T17:59:08.461+0300][145,375s][info ][gc] GC(1236) Pause Young (Normal) (G1 Evacuation Pause) 655M->42M(1024M) 2,045ms
[2024-08-04T17:59:08.597+0300][145,511s][info ][gc] GC(1237) Pause Young (Normal) (G1 Evacuation Pause) 655M->42M(1024M) 2,122ms
[2024-08-04T17:59:08.735+0300][145,649s][info ][gc] GC(1238) Pause Young (Normal) (G1 Evacuation Pause) 655M->42M(1024M) 2,210ms
[2024-08-04T17:59:08.863+0300][145,778s][info ][gc] GC(1239) Pause Young (Normal) (G1 Evacuation Pause) 655M->42M(1024M) 2,211ms
[2024-08-04T17:59:08.998+0300][145,912s][info ][gc] GC(1240) Pause Young (Normal) (G1 Evacuation Pause) 655M->42M(1024M) 2,123ms
[2024-08-04T17:59:09.134+0300][146,049s][info ][gc] GC(1241) Pause Young (Normal) (G1 Evacuation Pause) 655M->42M(1024M) 1,945ms
[2024-08-04T17:59:09.271+0300][146,185s][info ][gc] GC(1242) Pause Young (Normal) (G1 Evacuation Pause) 655M->42M(1024M) 1,787ms
[2024-08-04T17:59:09.400+0300][146,314s][info ][gc] GC(1243) Pause Young (Normal) (G1 Evacuation Pause) 655M->42M(1024M) 1,745ms
[2024-08-04T17:59:09.538+0300][146,453s][info ][gc] GC(1244) Pause Young (Normal) (G1 Evacuation Pause) 655M->42M(1024M) 1,860ms
[2024-08-04T17:59:09.672+0300][146,586s][info ][gc] GC(1245) Pause Young (Normal) (G1 Evacuation Pause) 655M->42M(1024M) 1,979ms
[2024-08-04T17:59:09.812+0300][146,727s][info ][gc] GC(1246) Pause Young (Normal) (G1 Evacuation Pause) 655M->42M(1024M) 2,252ms
[2024-08-04T17:59:09.954+0300][146,868s][info ][gc] GC(1247) Pause Young (Normal) (G1 Evacuation Pause) 655M->42M(1024M) 1,820ms
[2024-08-04T17:59:10.109+0300][147,023s][info ][gc] GC(1248) Pause Young (Normal) (G1 Evacuation Pause) 655M->42M(1024M) 2,028ms
[2024-08-04T17:59:10.276+0300][147,190s][info ][gc] GC(1249) Pause Young (Normal) (G1 Evacuation Pause) 655M->42M(1024M) 2,171ms
[2024-08-04T17:59:10.413+0300][147,327s][info ][gc] GC(1250) Pause Young (Normal) (G1 Evacuation Pause) 655M->43M(1024M) 2,218ms
[2024-08-04T17:59:10.537+0300][147,451s][info ][gc] GC(1251) Pause Young (Normal) (G1 Evacuation Pause) 656M->43M(1024M) 2,288ms
[2024-08-04T17:59:10.653+0300][147,568s][info ][gc] GC(1252) Pause Young (Normal) (G1 Evacuation Pause) 656M->43M(1024M) 2,445ms
[2024-08-04T17:59:10.763+0300][147,677s][info ][gc] GC(1253) Pause Young (Normal) (G1 Evacuation Pause) 656M->43M(1024M) 2,504ms
[2024-08-04T17:59:10.873+0300][147,787s][info ][gc] GC(1254) Pause Young (Normal) (G1 Evacuation Pause) 656M->43M(1024M) 2,473ms
[2024-08-04T17:59:10.988+0300][147,902s][info ][gc] GC(1255) Pause Young (Normal) (G1 Evacuation Pause) 656M->43M(1024M) 2,398ms
[2024-08-04T17:59:11.104+0300][148,018s][info ][gc] GC(1256) Pause Young (Normal) (G1 Evacuation Pause) 656M->43M(1024M) 2,370ms
[2024-08-04T17:59:11.218+0300][148,132s][info ][gc] GC(1257) Pause Young (Normal) (G1 Evacuation Pause) 656M->43M(1024M) 2,233ms
[2024-08-04T17:59:11.331+0300][148,245s][info ][gc] GC(1258) Pause Young (Normal) (G1 Evacuation Pause) 656M->43M(1024M) 2,555ms
[2024-08-04T17:59:11.438+0300][148,352s][info ][gc] GC(1259) Pause Young (Normal) (G1 Evacuation Pause) 656M->43M(1024M) 2,720ms
[2024-08-04T17:59:11.549+0300][148,463s][info ][gc] GC(1260) Pause Young (Normal) (G1 Evacuation Pause) 655M->43M(1024M) 2,447ms
[2024-08-04T17:59:11.661+0300][148,575s][info ][gc] GC(1261) Pause Young (Normal) (G1 Evacuation Pause) 655M->43M(1024M) 2,431ms
[2024-08-04T17:59:11.768+0300][148,682s][info ][gc] GC(1262) Pause Young (Normal) (G1 Evacuation Pause) 655M->43M(1024M) 2,577ms
[2024-08-04T17:59:11.877+0300][148,791s][info ][gc] GC(1263) Pause Young (Normal) (G1 Evacuation Pause) 655M->43M(1024M) 2,390ms
[2024-08-04T17:59:11.979+0300][148,894s][info ][gc] GC(1264) Pause Young (Normal) (G1 Evacuation Pause) 655M->43M(1024M) 2,576ms
[2024-08-04T17:59:12.092+0300][149,006s][info ][gc] GC(1265) Pause Young (Normal) (G1 Evacuation Pause) 656M->43M(1024M) 1,762ms
[2024-08-04T17:59:12.188+0300][149,102s][info ][gc] GC(1266) Pause Young (Normal) (G1 Evacuation Pause) 656M->43M(1024M) 2,672ms
[2024-08-04T17:59:12.300+0300][149,214s][info ][gc] GC(1267) Pause Young (Normal) (G1 Evacuation Pause) 656M->43M(1024M) 2,426ms
[2024-08-04T17:59:12.402+0300][149,317s][info ][gc] GC(1268) Pause Young (Normal) (G1 Evacuation Pause) 656M->43M(1024M) 2,140ms
[2024-08-04T17:59:12.515+0300][149,430s][info ][gc] GC(1269) Pause Young (Normal) (G1 Evacuation Pause) 656M->43M(1024M) 2,277ms
[2024-08-04T17:59:12.618+0300][149,532s][info ][gc] GC(1270) Pause Young (Normal) (G1 Evacuation Pause) 656M->44M(1024M) 2,229ms
[2024-08-04T17:59:12.725+0300][149,639s][info ][gc] GC(1271) Pause Young (Normal) (G1 Evacuation Pause) 657M->44M(1024M) 2,324ms
[2024-08-04T17:59:12.825+0300][149,740s][info ][gc] GC(1272) Pause Young (Normal) (G1 Evacuation Pause) 657M->44M(1024M) 1,921ms
[2024-08-04T17:59:12.927+0300][149,841s][info ][gc] GC(1273) Pause Young (Normal) (G1 Evacuation Pause) 657M->44M(1024M) 1,866ms
[2024-08-04T17:59:13.030+0300][149,945s][info ][gc] GC(1274) Pause Young (Normal) (G1 Evacuation Pause) 657M->44M(1024M) 2,369ms
[2024-08-04T17:59:13.140+0300][150,055s][info ][gc] GC(1275) Pause Young (Normal) (G1 Evacuation Pause) 657M->44M(1024M) 2,462ms
[2024-08-04T17:59:13.248+0300][150,162s][info ][gc] GC(1276) Pause Young (Normal) (G1 Evacuation Pause) 657M->44M(1024M) 2,056ms
[2024-08-04T17:59:13.350+0300][150,264s][info ][gc] GC(1277) Pause Young (Normal) (G1 Evacuation Pause) 657M->44M(1024M) 2,470ms
[2024-08-04T17:59:13.457+0300][150,371s][info ][gc] GC(1278) Pause Young (Normal) (G1 Evacuation Pause) 657M->44M(1024M) 2,202ms
[2024-08-04T17:59:13.553+0300][150,468s][info ][gc] GC(1279) Pause Young (Normal) (G1 Evacuation Pause) 657M->44M(1024M) 2,502ms
[2024-08-04T17:59:13.667+0300][150,581s][info ][gc] GC(1280) Pause Young (Normal) (G1 Evacuation Pause) 657M->44M(1024M) 2,211ms
[2024-08-04T17:59:13.763+0300][150,677s][info ][gc] GC(1281) Pause Young (Normal) (G1 Evacuation Pause) 657M->44M(1024M) 1,947ms
[2024-08-04T17:59:13.870+0300][150,784s][info ][gc] GC(1282) Pause Young (Normal) (G1 Evacuation Pause) 657M->44M(1024M) 2,354ms
[2024-08-04T17:59:13.983+0300][150,898s][info ][gc] GC(1283) Pause Young (Normal) (G1 Evacuation Pause) 657M->44M(1024M) 2,218ms
[2024-08-04T17:59:14.104+0300][151,019s][info ][gc] GC(1284) Pause Young (Normal) (G1 Evacuation Pause) 657M->44M(1024M) 2,379ms
[2024-08-04T17:59:14.208+0300][151,123s][info ][gc] GC(1285) Pause Young (Normal) (G1 Evacuation Pause) 657M->44M(1024M) 2,453ms
[2024-08-04T17:59:14.322+0300][151,236s][info ][gc] GC(1286) Pause Young (Normal) (G1 Evacuation Pause) 657M->44M(1024M) 2,374ms
[2024-08-04T17:59:14.426+0300][151,340s][info ][gc] GC(1287) Pause Young (Normal) (G1 Evacuation Pause) 657M->44M(1024M) 2,242ms
[2024-08-04T17:59:14.537+0300][151,452s][info ][gc] GC(1288) Pause Young (Normal) (G1 Evacuation Pause) 657M->44M(1024M) 1,960ms
[2024-08-04T17:59:14.649+0300][151,564s][info ][gc] GC(1289) Pause Young (Normal) (G1 Evacuation Pause) 657M->44M(1024M) 2,073ms
[2024-08-04T17:59:14.760+0300][151,675s][info ][gc] GC(1290) Pause Young (Normal) (G1 Evacuation Pause) 657M->44M(1024M) 2,165ms
[2024-08-04T17:59:14.868+0300][151,782s][info ][gc] GC(1291) Pause Young (Normal) (G1 Evacuation Pause) 657M->44M(1024M) 2,213ms
[2024-08-04T17:59:14.972+0300][151,887s][info ][gc] GC(1292) Pause Young (Normal) (G1 Evacuation Pause) 657M->44M(1024M) 2,249ms
[2024-08-04T17:59:15.085+0300][151,999s][info ][gc] GC(1293) Pause Young (Normal) (G1 Evacuation Pause) 657M->44M(1024M) 2,121ms
[2024-08-04T17:59:15.199+0300][152,113s][info ][gc] GC(1294) Pause Young (Normal) (G1 Evacuation Pause) 657M->44M(1024M) 2,018ms
[2024-08-04T17:59:15.313+0300][152,227s][info ][gc] GC(1295) Pause Young (Normal) (G1 Evacuation Pause) 657M->44M(1024M) 2,190ms
[2024-08-04T17:59:15.425+0300][152,340s][info ][gc] GC(1296) Pause Young (Normal) (G1 Evacuation Pause) 657M->44M(1024M) 2,088ms
[2024-08-04T17:59:15.539+0300][152,453s][info ][gc] GC(1297) Pause Young (Normal) (G1 Evacuation Pause) 657M->44M(1024M) 2,157ms
[2024-08-04T17:59:15.652+0300][152,567s][info ][gc] GC(1298) Pause Young (Normal) (G1 Evacuation Pause) 657M->44M(1024M) 2,104ms
[2024-08-04T17:59:15.766+0300][152,680s][info ][gc] GC(1299) Pause Young (Normal) (G1 Evacuation Pause) 657M->44M(1024M) 2,108ms
[2024-08-04T17:59:15.878+0300][152,792s][info ][gc] GC(1300) Pause Young (Normal) (G1 Evacuation Pause) 657M->44M(1024M) 1,723ms
[2024-08-04T17:59:15.989+0300][152,903s][info ][gc] GC(1301) Pause Young (Normal) (G1 Evacuation Pause) 657M->44M(1024M) 2,155ms
[2024-08-04T17:59:16.098+0300][153,012s][info ][gc] GC(1302) Pause Young (Normal) (G1 Evacuation Pause) 657M->44M(1024M) 2,265ms
[2024-08-04T17:59:16.212+0300][153,127s][info ][gc] GC(1303) Pause Young (Normal) (G1 Evacuation Pause) 657M->45M(1024M) 2,208ms
[2024-08-04T17:59:16.326+0300][153,240s][info ][gc] GC(1304) Pause Young (Normal) (G1 Evacuation Pause) 658M->45M(1024M) 2,191ms
[2024-08-04T17:59:16.439+0300][153,354s][info ][gc] GC(1305) Pause Young (Normal) (G1 Evacuation Pause) 658M->45M(1024M) 2,314ms
[2024-08-04T17:59:16.554+0300][153,468s][info ][gc] GC(1306) Pause Young (Normal) (G1 Evacuation Pause) 658M->45M(1024M) 2,068ms
[2024-08-04T17:59:16.665+0300][153,579s][info ][gc] GC(1307) Pause Young (Normal) (G1 Evacuation Pause) 658M->45M(1024M) 1,856ms
[2024-08-04T17:59:16.772+0300][153,686s][info ][gc] GC(1308) Pause Young (Normal) (G1 Evacuation Pause) 658M->45M(1024M) 2,311ms
[2024-08-04T17:59:16.878+0300][153,792s][info ][gc] GC(1309) Pause Young (Normal) (G1 Evacuation Pause) 658M->45M(1024M) 1,903ms
[2024-08-04T17:59:16.984+0300][153,898s][info ][gc] GC(1310) Pause Young (Normal) (G1 Evacuation Pause) 658M->45M(1024M) 1,934ms
[2024-08-04T17:59:17.099+0300][154,013s][info ][gc] GC(1311) Pause Young (Normal) (G1 Evacuation Pause) 658M->45M(1024M) 1,870ms
[2024-08-04T17:59:17.214+0300][154,128s][info ][gc] GC(1312) Pause Young (Normal) (G1 Evacuation Pause) 658M->45M(1024M) 2,018ms
[2024-08-04T17:59:17.329+0300][154,244s][info ][gc] GC(1313) Pause Young (Normal) (G1 Evacuation Pause) 658M->45M(1024M) 1,892ms
[2024-08-04T17:59:17.445+0300][154,360s][info ][gc] GC(1314) Pause Young (Normal) (G1 Evacuation Pause) 658M->45M(1024M) 2,242ms
[2024-08-04T17:59:17.561+0300][154,475s][info ][gc] GC(1315) Pause Young (Normal) (G1 Evacuation Pause) 658M->45M(1024M) 1,874ms
[2024-08-04T17:59:17.668+0300][154,582s][info ][gc] GC(1316) Pause Young (Normal) (G1 Evacuation Pause) 658M->45M(1024M) 2,528ms
[2024-08-04T17:59:17.770+0300][154,684s][info ][gc] GC(1317) Pause Young (Normal) (G1 Evacuation Pause) 658M->45M(1024M) 2,420ms
[2024-08-04T17:59:17.886+0300][154,801s][info ][gc] GC(1318) Pause Young (Normal) (G1 Evacuation Pause) 658M->45M(1024M) 2,013ms
[2024-08-04T17:59:18.005+0300][154,919s][info ][gc] GC(1319) Pause Young (Normal) (G1 Evacuation Pause) 658M->45M(1024M) 1,889ms
[2024-08-04T17:59:18.114+0300][155,028s][info ][gc] GC(1320) Pause Young (Normal) (G1 Evacuation Pause) 658M->45M(1024M) 1,808ms
[2024-08-04T17:59:18.228+0300][155,143s][info ][gc] GC(1321) Pause Young (Normal) (G1 Evacuation Pause) 658M->45M(1024M) 1,868ms
[2024-08-04T17:59:18.337+0300][155,251s][info ][gc] GC(1322) Pause Young (Normal) (G1 Evacuation Pause) 658M->45M(1024M) 2,011ms
[2024-08-04T17:59:18.454+0300][155,369s][info ][gc] GC(1323) Pause Young (Normal) (G1 Evacuation Pause) 658M->45M(1024M) 1,865ms
[2024-08-04T17:59:18.565+0300][155,479s][info ][gc] GC(1324) Pause Young (Normal) (G1 Evacuation Pause) 658M->45M(1024M) 1,882ms
[2024-08-04T17:59:18.676+0300][155,590s][info ][gc] GC(1325) Pause Young (Normal) (G1 Evacuation Pause) 658M->45M(1024M) 1,989ms
[2024-08-04T17:59:18.797+0300][155,711s][info ][gc] GC(1326) Pause Young (Normal) (G1 Evacuation Pause) 658M->45M(1024M) 1,986ms
[2024-08-04T17:59:18.918+0300][155,832s][info ][gc] GC(1327) Pause Young (Normal) (G1 Evacuation Pause) 658M->45M(1024M) 1,780ms
[2024-08-04T17:59:19.038+0300][155,952s][info ][gc] GC(1328) Pause Young (Normal) (G1 Evacuation Pause) 658M->45M(1024M) 1,735ms
[2024-08-04T17:59:19.159+0300][156,073s][info ][gc] GC(1329) Pause Young (Normal) (G1 Evacuation Pause) 658M->45M(1024M) 1,739ms
[2024-08-04T17:59:19.280+0300][156,194s][info ][gc] GC(1330) Pause Young (Normal) (G1 Evacuation Pause) 658M->45M(1024M) 1,839ms
[2024-08-04T17:59:19.396+0300][156,310s][info ][gc] GC(1331) Pause Young (Normal) (G1 Evacuation Pause) 658M->45M(1024M) 1,891ms
[2024-08-04T17:59:19.513+0300][156,427s][info ][gc] GC(1332) Pause Young (Normal) (G1 Evacuation Pause) 658M->45M(1024M) 1,719ms
[2024-08-04T17:59:19.628+0300][156,542s][info ][gc] GC(1333) Pause Young (Normal) (G1 Evacuation Pause) 658M->45M(1024M) 2,235ms
[2024-08-04T17:59:19.753+0300][156,667s][info ][gc] GC(1334) Pause Young (Normal) (G1 Evacuation Pause) 658M->45M(1024M) 2,454ms
[2024-08-04T17:59:19.877+0300][156,791s][info ][gc] GC(1335) Pause Young (Normal) (G1 Evacuation Pause) 658M->45M(1024M) 1,904ms
[2024-08-04T17:59:19.997+0300][156,911s][info ][gc] GC(1336) Pause Young (Normal) (G1 Evacuation Pause) 658M->45M(1024M) 1,766ms
[2024-08-04T17:59:20.115+0300][157,030s][info ][gc] GC(1337) Pause Young (Normal) (G1 Evacuation Pause) 658M->45M(1024M) 1,837ms
[2024-08-04T17:59:20.241+0300][157,155s][info ][gc] GC(1338) Pause Young (Normal) (G1 Evacuation Pause) 658M->45M(1024M) 1,827ms
[2024-08-04T17:59:20.356+0300][157,271s][info ][gc] GC(1339) Pause Young (Normal) (G1 Evacuation Pause) 658M->45M(1024M) 1,752ms
[2024-08-04T17:59:20.477+0300][157,391s][info ][gc] GC(1340) Pause Young (Normal) (G1 Evacuation Pause) 658M->45M(1024M) 1,734ms
[2024-08-04T17:59:20.595+0300][157,509s][info ][gc] GC(1341) Pause Young (Normal) (G1 Evacuation Pause) 658M->45M(1024M) 2,078ms
[2024-08-04T17:59:20.712+0300][157,627s][info ][gc] GC(1342) Pause Young (Normal) (G1 Evacuation Pause) 658M->46M(1024M) 1,911ms
[2024-08-04T17:59:20.834+0300][157,748s][info ][gc] GC(1343) Pause Young (Normal) (G1 Evacuation Pause) 659M->46M(1024M) 1,849ms
[2024-08-04T17:59:20.946+0300][157,860s][info ][gc] GC(1344) Pause Young (Normal) (G1 Evacuation Pause) 659M->46M(1024M) 1,993ms
[2024-08-04T17:59:21.066+0300][157,980s][info ][gc] GC(1345) Pause Young (Normal) (G1 Evacuation Pause) 659M->46M(1024M) 1,688ms
[2024-08-04T17:59:21.188+0300][158,102s][info ][gc] GC(1346) Pause Young (Normal) (G1 Evacuation Pause) 659M->46M(1024M) 1,838ms
[2024-08-04T17:59:21.317+0300][158,232s][info ][gc] GC(1347) Pause Young (Normal) (G1 Evacuation Pause) 659M->46M(1024M) 1,813ms
[2024-08-04T17:59:21.440+0300][158,354s][info ][gc] GC(1348) Pause Young (Normal) (G1 Evacuation Pause) 659M->46M(1024M) 2,289ms
[2024-08-04T17:59:21.555+0300][158,470s][info ][gc] GC(1349) Pause Young (Normal) (G1 Evacuation Pause) 659M->46M(1024M) 2,015ms
[2024-08-04T17:59:21.674+0300][158,588s][info ][gc] GC(1350) Pause Young (Normal) (G1 Evacuation Pause) 659M->46M(1024M) 1,947ms
[2024-08-04T17:59:21.796+0300][158,710s][info ][gc] GC(1351) Pause Young (Normal) (G1 Evacuation Pause) 659M->46M(1024M) 2,121ms
[2024-08-04T17:59:21.920+0300][158,835s][info ][gc] GC(1352) Pause Young (Normal) (G1 Evacuation Pause) 659M->46M(1024M) 1,817ms
[2024-08-04T17:59:22.037+0300][158,952s][info ][gc] GC(1353) Pause Young (Normal) (G1 Evacuation Pause) 659M->46M(1024M) 1,721ms
[2024-08-04T17:59:22.161+0300][159,075s][info ][gc] GC(1354) Pause Young (Normal) (G1 Evacuation Pause) 659M->46M(1024M) 2,511ms
[2024-08-04T17:59:22.308+0300][159,222s][info ][gc] GC(1355) Pause Young (Normal) (G1 Evacuation Pause) 659M->46M(1024M) 1,648ms
[2024-08-04T17:59:22.451+0300][159,365s][info ][gc] GC(1356) Pause Young (Normal) (G1 Evacuation Pause) 659M->46M(1024M) 1,949ms
[2024-08-04T17:59:22.598+0300][159,513s][info ][gc] GC(1357) Pause Young (Normal) (G1 Evacuation Pause) 659M->46M(1024M) 1,717ms
[2024-08-04T17:59:22.746+0300][159,660s][info ][gc] GC(1358) Pause Young (Normal) (G1 Evacuation Pause) 659M->46M(1024M) 2,063ms
[2024-08-04T17:59:22.893+0300][159,807s][info ][gc] GC(1359) Pause Young (Normal) (G1 Evacuation Pause) 659M->46M(1024M) 1,805ms
[2024-08-04T17:59:23.045+0300][159,959s][info ][gc] GC(1360) Pause Young (Normal) (G1 Evacuation Pause) 659M->46M(1024M) 1,860ms
[2024-08-04T17:59:23.193+0300][160,107s][info ][gc] GC(1361) Pause Young (Normal) (G1 Evacuation Pause) 659M->46M(1024M) 1,828ms
[2024-08-04T17:59:23.341+0300][160,255s][info ][gc] GC(1362) Pause Young (Normal) (G1 Evacuation Pause) 659M->46M(1024M) 2,090ms
[2024-08-04T17:59:23.483+0300][160,397s][info ][gc] GC(1363) Pause Young (Normal) (G1 Evacuation Pause) 659M->46M(1024M) 1,897ms
[2024-08-04T17:59:23.636+0300][160,550s][info ][gc] GC(1364) Pause Young (Normal) (G1 Evacuation Pause) 659M->46M(1024M) 1,691ms
[2024-08-04T17:59:23.773+0300][160,687s][info ][gc] GC(1365) Pause Young (Normal) (G1 Evacuation Pause) 659M->46M(1024M) 1,719ms
[2024-08-04T17:59:23.910+0300][160,824s][info ][gc] GC(1366) Pause Young (Normal) (G1 Evacuation Pause) 659M->46M(1024M) 1,768ms
[2024-08-04T17:59:24.044+0300][160,958s][info ][gc] GC(1367) Pause Young (Normal) (G1 Evacuation Pause) 659M->46M(1024M) 2,002ms
[2024-08-04T17:59:24.178+0300][161,092s][info ][gc] GC(1368) Pause Young (Normal) (G1 Evacuation Pause) 659M->46M(1024M) 1,963ms
[2024-08-04T17:59:24.317+0300][161,231s][info ][gc] GC(1369) Pause Young (Normal) (G1 Evacuation Pause) 659M->46M(1024M) 1,932ms
[2024-08-04T17:59:24.460+0300][161,374s][info ][gc] GC(1370) Pause Young (Normal) (G1 Evacuation Pause) 659M->46M(1024M) 1,989ms
[2024-08-04T17:59:24.629+0300][161,543s][info ][gc] GC(1371) Pause Young (Normal) (G1 Evacuation Pause) 659M->46M(1024M) 1,695ms
[2024-08-04T17:59:24.789+0300][161,703s][info ][gc] GC(1372) Pause Young (Normal) (G1 Evacuation Pause) 659M->46M(1024M) 1,679ms
[2024-08-04T17:59:24.986+0300][161,900s][info ][gc] GC(1373) Pause Young (Normal) (G1 Evacuation Pause) 659M->46M(1024M) 1,792ms
[2024-08-04T17:59:25.139+0300][162,053s][info ][gc] GC(1374) Pause Young (Normal) (G1 Evacuation Pause) 659M->46M(1024M) 2,084ms
[2024-08-04T17:59:25.251+0300][162,166s][info ][gc] GC(1375) Pause Young (Normal) (G1 Evacuation Pause) 659M->46M(1024M) 2,763ms
[2024-08-04T17:59:25.370+0300][162,285s][info ][gc] GC(1376) Pause Young (Normal) (G1 Evacuation Pause) 659M->47M(1024M) 2,383ms
[2024-08-04T17:59:25.492+0300][162,406s][info ][gc] GC(1377) Pause Young (Normal) (G1 Evacuation Pause) 660M->47M(1024M) 2,451ms
[2024-08-04T17:59:25.605+0300][162,519s][info ][gc] GC(1378) Pause Young (Normal) (G1 Evacuation Pause) 660M->47M(1024M) 2,119ms
[2024-08-04T17:59:25.716+0300][162,630s][info ][gc] GC(1379) Pause Young (Normal) (G1 Evacuation Pause) 660M->47M(1024M) 2,513ms
[2024-08-04T17:59:25.832+0300][162,746s][info ][gc] GC(1380) Pause Young (Normal) (G1 Evacuation Pause) 660M->47M(1024M) 2,454ms
[2024-08-04T17:59:25.945+0300][162,859s][info ][gc] GC(1381) Pause Young (Normal) (G1 Evacuation Pause) 660M->47M(1024M) 2,695ms
[2024-08-04T17:59:26.054+0300][162,968s][info ][gc] GC(1382) Pause Young (Normal) (G1 Evacuation Pause) 660M->47M(1024M) 2,446ms
[2024-08-04T17:59:26.166+0300][163,080s][info ][gc] GC(1383) Pause Young (Normal) (G1 Evacuation Pause) 660M->47M(1024M) 2,729ms
[2024-08-04T17:59:26.281+0300][163,195s][info ][gc] GC(1384) Pause Young (Normal) (G1 Evacuation Pause) 660M->47M(1024M) 2,325ms
[2024-08-04T17:59:26.391+0300][163,305s][info ][gc] GC(1385) Pause Young (Normal) (G1 Evacuation Pause) 660M->47M(1024M) 2,014ms
[2024-08-04T17:59:26.506+0300][163,420s][info ][gc] GC(1386) Pause Young (Normal) (G1 Evacuation Pause) 659M->47M(1024M) 2,651ms
[2024-08-04T17:59:26.609+0300][163,523s][info ][gc] GC(1387) Pause Young (Normal) (G1 Evacuation Pause) 659M->47M(1024M) 3,125ms
[2024-08-04T17:59:26.719+0300][163,633s][info ][gc] GC(1388) Pause Young (Normal) (G1 Evacuation Pause) 659M->47M(1024M) 2,831ms
[2024-08-04T17:59:26.834+0300][163,748s][info ][gc] GC(1389) Pause Young (Normal) (G1 Evacuation Pause) 660M->47M(1024M) 2,522ms
[2024-08-04T17:59:26.943+0300][163,857s][info ][gc] GC(1390) Pause Young (Normal) (G1 Evacuation Pause) 660M->47M(1024M) 2,747ms
[2024-08-04T17:59:27.054+0300][163,969s][info ][gc] GC(1391) Pause Young (Normal) (G1 Evacuation Pause) 660M->47M(1024M) 2,567ms
[2024-08-04T17:59:27.162+0300][164,077s][info ][gc] GC(1392) Pause Young (Normal) (G1 Evacuation Pause) 660M->47M(1024M) 2,714ms
[2024-08-04T17:59:27.275+0300][164,189s][info ][gc] GC(1393) Pause Young (Normal) (G1 Evacuation Pause) 660M->47M(1024M) 2,554ms
[2024-08-04T17:59:27.383+0300][164,297s][info ][gc] GC(1394) Pause Young (Normal) (G1 Evacuation Pause) 660M->47M(1024M) 2,402ms
[2024-08-04T17:59:27.483+0300][164,398s][info ][gc] GC(1395) Pause Young (Normal) (G1 Evacuation Pause) 660M->47M(1024M) 2,583ms
[2024-08-04T17:59:27.593+0300][164,507s][info ][gc] GC(1396) Pause Young (Normal) (G1 Evacuation Pause) 660M->47M(1024M) 2,344ms
[2024-08-04T17:59:27.689+0300][164,603s][info ][gc] GC(1397) Pause Young (Normal) (G1 Evacuation Pause) 660M->48M(1024M) 2,441ms
[2024-08-04T17:59:27.793+0300][164,707s][info ][gc] GC(1398) Pause Young (Normal) (G1 Evacuation Pause) 661M->48M(1024M) 2,730ms
[2024-08-04T17:59:27.899+0300][164,813s][info ][gc] GC(1399) Pause Young (Normal) (G1 Evacuation Pause) 661M->48M(1024M) 2,408ms
[2024-08-04T17:59:28.001+0300][164,915s][info ][gc] GC(1400) Pause Young (Normal) (G1 Evacuation Pause) 661M->48M(1024M) 2,342ms
[2024-08-04T17:59:28.110+0300][165,024s][info ][gc] GC(1401) Pause Young (Normal) (G1 Evacuation Pause) 661M->48M(1024M) 2,632ms
[2024-08-04T17:59:28.220+0300][165,134s][info ][gc] GC(1402) Pause Young (Normal) (G1 Evacuation Pause) 661M->48M(1024M) 2,282ms
[2024-08-04T17:59:28.322+0300][165,236s][info ][gc] GC(1403) Pause Young (Normal) (G1 Evacuation Pause) 661M->48M(1024M) 2,489ms
[2024-08-04T17:59:28.424+0300][165,338s][info ][gc] GC(1404) Pause Young (Normal) (G1 Evacuation Pause) 661M->48M(1024M) 2,440ms
[2024-08-04T17:59:28.535+0300][165,449s][info ][gc] GC(1405) Pause Young (Normal) (G1 Evacuation Pause) 661M->48M(1024M) 2,370ms
[2024-08-04T17:59:28.637+0300][165,551s][info ][gc] GC(1406) Pause Young (Normal) (G1 Evacuation Pause) 661M->48M(1024M) 2,383ms
[2024-08-04T17:59:28.745+0300][165,659s][info ][gc] GC(1407) Pause Young (Normal) (G1 Evacuation Pause) 661M->48M(1024M) 2,281ms
[2024-08-04T17:59:28.853+0300][165,767s][info ][gc] GC(1408) Pause Young (Normal) (G1 Evacuation Pause) 661M->48M(1024M) 2,338ms
[2024-08-04T17:59:28.950+0300][165,864s][info ][gc] GC(1409) Pause Young (Normal) (G1 Evacuation Pause) 661M->48M(1024M) 2,407ms
[2024-08-04T17:59:29.057+0300][165,971s][info ][gc] GC(1410) Pause Young (Normal) (G1 Evacuation Pause) 661M->48M(1024M) 2,555ms
[2024-08-04T17:59:29.160+0300][166,074s][info ][gc] GC(1411) Pause Young (Normal) (G1 Evacuation Pause) 661M->48M(1024M) 2,361ms
[2024-08-04T17:59:29.262+0300][166,177s][info ][gc] GC(1412) Pause Young (Normal) (G1 Evacuation Pause) 661M->48M(1024M) 2,254ms
[2024-08-04T17:59:29.364+0300][166,278s][info ][gc] GC(1413) Pause Young (Normal) (G1 Evacuation Pause) 661M->48M(1024M) 2,085ms
[2024-08-04T17:59:29.473+0300][166,387s][info ][gc] GC(1414) Pause Young (Normal) (G1 Evacuation Pause) 661M->48M(1024M) 2,071ms
[2024-08-04T17:59:29.574+0300][166,489s][info ][gc] GC(1415) Pause Young (Normal) (G1 Evacuation Pause) 661M->48M(1024M) 2,429ms
[2024-08-04T17:59:29.687+0300][166,601s][info ][gc] GC(1416) Pause Young (Normal) (G1 Evacuation Pause) 661M->48M(1024M) 2,102ms
[2024-08-04T17:59:29.797+0300][166,711s][info ][gc] GC(1417) Pause Young (Normal) (G1 Evacuation Pause) 661M->48M(1024M) 2,268ms
[2024-08-04T17:59:29.906+0300][166,820s][info ][gc] GC(1418) Pause Young (Normal) (G1 Evacuation Pause) 661M->48M(1024M) 1,990ms
[2024-08-04T17:59:30.015+0300][166,929s][info ][gc] GC(1419) Pause Young (Normal) (G1 Evacuation Pause) 661M->48M(1024M) 2,484ms
[2024-08-04T17:59:30.129+0300][167,043s][info ][gc] GC(1420) Pause Young (Normal) (G1 Evacuation Pause) 661M->48M(1024M) 2,056ms
[2024-08-04T17:59:30.232+0300][167,146s][info ][gc] GC(1421) Pause Young (Normal) (G1 Evacuation Pause) 661M->48M(1024M) 2,308ms
[2024-08-04T17:59:30.343+0300][167,258s][info ][gc] GC(1422) Pause Young (Normal) (G1 Evacuation Pause) 661M->48M(1024M) 2,066ms
[2024-08-04T17:59:30.454+0300][167,368s][info ][gc] GC(1423) Pause Young (Normal) (G1 Evacuation Pause) 661M->48M(1024M) 2,371ms
[2024-08-04T17:59:30.567+0300][167,482s][info ][gc] GC(1424) Pause Young (Normal) (G1 Evacuation Pause) 661M->48M(1024M) 2,324ms
[2024-08-04T17:59:30.669+0300][167,584s][info ][gc] GC(1425) Pause Young (Normal) (G1 Evacuation Pause) 661M->48M(1024M) 1,892ms
[2024-08-04T17:59:30.774+0300][167,688s][info ][gc] GC(1426) Pause Young (Normal) (G1 Evacuation Pause) 661M->48M(1024M) 2,088ms
[2024-08-04T17:59:30.880+0300][167,794s][info ][gc] GC(1427) Pause Young (Normal) (G1 Evacuation Pause) 661M->48M(1024M) 2,468ms
[2024-08-04T17:59:30.993+0300][167,908s][info ][gc] GC(1428) Pause Young (Normal) (G1 Evacuation Pause) 661M->48M(1024M) 2,528ms
[2024-08-04T17:59:31.107+0300][168,021s][info ][gc] GC(1429) Pause Young (Normal) (G1 Evacuation Pause) 661M->48M(1024M) 2,668ms
[2024-08-04T17:59:31.214+0300][168,129s][info ][gc] GC(1430) Pause Young (Normal) (G1 Evacuation Pause) 661M->48M(1024M) 2,013ms
[2024-08-04T17:59:31.322+0300][168,236s][info ][gc] GC(1431) Pause Young (Normal) (G1 Evacuation Pause) 661M->48M(1024M) 2,161ms
[2024-08-04T17:59:31.435+0300][168,349s][info ][gc] GC(1432) Pause Young (Normal) (G1 Evacuation Pause) 661M->49M(1024M) 2,298ms
[2024-08-04T17:59:31.542+0300][168,456s][info ][gc] GC(1433) Pause Young (Normal) (G1 Evacuation Pause) 662M->49M(1024M) 2,080ms
[2024-08-04T17:59:31.652+0300][168,566s][info ][gc] GC(1434) Pause Young (Normal) (G1 Evacuation Pause) 662M->49M(1024M) 2,277ms
[2024-08-04T17:59:31.765+0300][168,679s][info ][gc] GC(1435) Pause Young (Normal) (G1 Evacuation Pause) 662M->49M(1024M) 1,978ms
[2024-08-04T17:59:31.870+0300][168,784s][info ][gc] GC(1436) Pause Young (Normal) (G1 Evacuation Pause) 662M->49M(1024M) 2,011ms
[2024-08-04T17:59:31.983+0300][168,898s][info ][gc] GC(1437) Pause Young (Normal) (G1 Evacuation Pause) 662M->49M(1024M) 2,007ms
[2024-08-04T17:59:32.100+0300][169,014s][info ][gc] GC(1438) Pause Young (Normal) (G1 Evacuation Pause) 662M->49M(1024M) 2,082ms
[2024-08-04T17:59:32.209+0300][169,123s][info ][gc] GC(1439) Pause Young (Normal) (G1 Evacuation Pause) 662M->49M(1024M) 2,047ms
[2024-08-04T17:59:32.324+0300][169,238s][info ][gc] GC(1440) Pause Young (Normal) (G1 Evacuation Pause) 662M->49M(1024M) 2,779ms
[2024-08-04T17:59:32.437+0300][169,351s][info ][gc] GC(1441) Pause Young (Normal) (G1 Evacuation Pause) 662M->49M(1024M) 2,524ms
[2024-08-04T17:59:32.552+0300][169,466s][info ][gc] GC(1442) Pause Young (Normal) (G1 Evacuation Pause) 662M->49M(1024M) 2,586ms
[2024-08-04T17:59:32.659+0300][169,573s][info ][gc] GC(1443) Pause Young (Normal) (G1 Evacuation Pause) 662M->49M(1024M) 2,491ms
[2024-08-04T17:59:32.773+0300][169,687s][info ][gc] GC(1444) Pause Young (Normal) (G1 Evacuation Pause) 662M->49M(1024M) 2,338ms
[2024-08-04T17:59:32.875+0300][169,789s][info ][gc] GC(1445) Pause Young (Normal) (G1 Evacuation Pause) 662M->49M(1024M) 2,719ms
[2024-08-04T17:59:32.987+0300][169,901s][info ][gc] GC(1446) Pause Young (Normal) (G1 Evacuation Pause) 662M->49M(1024M) 2,546ms
[2024-08-04T17:59:33.089+0300][170,003s][info ][gc] GC(1447) Pause Young (Normal) (G1 Evacuation Pause) 662M->49M(1024M) 2,630ms
[2024-08-04T17:59:33.194+0300][170,108s][info ][gc] GC(1448) Pause Young (Normal) (G1 Evacuation Pause) 662M->49M(1024M) 2,305ms
[2024-08-04T17:59:33.306+0300][170,220s][info ][gc] GC(1449) Pause Young (Normal) (G1 Evacuation Pause) 662M->49M(1024M) 2,422ms
[2024-08-04T17:59:33.420+0300][170,334s][info ][gc] GC(1450) Pause Young (Normal) (G1 Evacuation Pause) 662M->49M(1024M) 2,666ms
[2024-08-04T17:59:33.526+0300][170,440s][info ][gc] GC(1451) Pause Young (Normal) (G1 Evacuation Pause) 662M->49M(1024M) 2,560ms
[2024-08-04T17:59:33.641+0300][170,555s][info ][gc] GC(1452) Pause Young (Normal) (G1 Evacuation Pause) 662M->49M(1024M) 2,620ms
[2024-08-04T17:59:33.755+0300][170,669s][info ][gc] GC(1453) Pause Young (Normal) (G1 Evacuation Pause) 662M->49M(1024M) 2,733ms
[2024-08-04T17:59:33.863+0300][170,777s][info ][gc] GC(1454) Pause Young (Normal) (G1 Evacuation Pause) 662M->49M(1024M) 2,317ms
[2024-08-04T17:59:33.976+0300][170,890s][info ][gc] GC(1455) Pause Young (Normal) (G1 Evacuation Pause) 662M->49M(1024M) 2,287ms
[2024-08-04T17:59:34.089+0300][171,003s][info ][gc] GC(1456) Pause Young (Normal) (G1 Evacuation Pause) 662M->49M(1024M) 1,493ms
[2024-08-04T17:59:34.211+0300][171,126s][info ][gc] GC(1457) Pause Young (Normal) (G1 Evacuation Pause) 662M->49M(1024M) 2,235ms
[2024-08-04T17:59:34.332+0300][171,246s][info ][gc] GC(1458) Pause Young (Normal) (G1 Evacuation Pause) 662M->49M(1024M) 2,378ms
[2024-08-04T17:59:34.456+0300][171,370s][info ][gc] GC(1459) Pause Young (Normal) (G1 Evacuation Pause) 662M->49M(1024M) 2,038ms
[2024-08-04T17:59:34.576+0300][171,490s][info ][gc] GC(1460) Pause Young (Normal) (G1 Evacuation Pause) 662M->49M(1024M) 2,394ms
[2024-08-04T17:59:34.694+0300][171,609s][info ][gc] GC(1461) Pause Young (Normal) (G1 Evacuation Pause) 662M->49M(1024M) 2,287ms
[2024-08-04T17:59:34.811+0300][171,725s][info ][gc] GC(1462) Pause Young (Normal) (G1 Evacuation Pause) 662M->49M(1024M) 2,026ms
[2024-08-04T17:59:34.936+0300][171,851s][info ][gc] GC(1463) Pause Young (Normal) (G1 Evacuation Pause) 662M->49M(1024M) 2,348ms
[2024-08-04T17:59:35.049+0300][171,963s][info ][gc] GC(1464) Pause Young (Normal) (G1 Evacuation Pause) 662M->49M(1024M) 2,294ms
[2024-08-04T17:59:35.176+0300][172,090s][info ][gc] GC(1465) Pause Young (Normal) (G1 Evacuation Pause) 662M->49M(1024M) 2,529ms
[2024-08-04T17:59:35.303+0300][172,217s][info ][gc] GC(1466) Pause Young (Normal) (G1 Evacuation Pause) 662M->49M(1024M) 2,077ms
[2024-08-04T17:59:35.423+0300][172,337s][info ][gc] GC(1467) Pause Young (Normal) (G1 Evacuation Pause) 662M->49M(1024M) 2,713ms
[2024-08-04T17:59:35.536+0300][172,450s][info ][gc] GC(1468) Pause Young (Normal) (G1 Evacuation Pause) 662M->50M(1024M) 1,893ms
[2024-08-04T17:59:35.657+0300][172,571s][info ][gc] GC(1469) Pause Young (Normal) (G1 Evacuation Pause) 663M->50M(1024M) 2,022ms
[2024-08-04T17:59:35.769+0300][172,683s][info ][gc] GC(1470) Pause Young (Normal) (G1 Evacuation Pause) 663M->50M(1024M) 1,957ms
[2024-08-04T17:59:35.891+0300][172,806s][info ][gc] GC(1471) Pause Young (Normal) (G1 Evacuation Pause) 663M->50M(1024M) 2,425ms
[2024-08-04T17:59:36.019+0300][172,933s][info ][gc] GC(1472) Pause Young (Normal) (G1 Evacuation Pause) 663M->50M(1024M) 2,040ms
[2024-08-04T17:59:36.140+0300][173,055s][info ][gc] GC(1473) Pause Young (Normal) (G1 Evacuation Pause) 663M->50M(1024M) 1,551ms
[2024-08-04T17:59:36.258+0300][173,172s][info ][gc] GC(1474) Pause Young (Normal) (G1 Evacuation Pause) 663M->50M(1024M) 2,120ms
[2024-08-04T17:59:36.372+0300][173,287s][info ][gc] GC(1475) Pause Young (Normal) (G1 Evacuation Pause) 663M->50M(1024M) 2,552ms
[2024-08-04T17:59:36.488+0300][173,402s][info ][gc] GC(1476) Pause Young (Normal) (G1 Evacuation Pause) 663M->50M(1024M) 2,193ms
[2024-08-04T17:59:36.614+0300][173,528s][info ][gc] GC(1477) Pause Young (Normal) (G1 Evacuation Pause) 663M->50M(1024M) 2,234ms
[2024-08-04T17:59:36.742+0300][173,656s][info ][gc] GC(1478) Pause Young (Normal) (G1 Evacuation Pause) 663M->50M(1024M) 1,926ms
[2024-08-04T17:59:36.867+0300][173,781s][info ][gc] GC(1479) Pause Young (Normal) (G1 Evacuation Pause) 663M->50M(1024M) 2,281ms
[2024-08-04T17:59:36.984+0300][173,898s][info ][gc] GC(1480) Pause Young (Normal) (G1 Evacuation Pause) 663M->50M(1024M) 2,326ms
[2024-08-04T17:59:37.105+0300][174,020s][info ][gc] GC(1481) Pause Young (Normal) (G1 Evacuation Pause) 663M->50M(1024M) 1,896ms
[2024-08-04T17:59:37.224+0300][174,138s][info ][gc] GC(1482) Pause Young (Normal) (G1 Evacuation Pause) 663M->50M(1024M) 2,317ms
[2024-08-04T17:59:37.342+0300][174,256s][info ][gc] GC(1483) Pause Young (Normal) (G1 Evacuation Pause) 663M->50M(1024M) 1,931ms
[2024-08-04T17:59:37.466+0300][174,380s][info ][gc] GC(1484) Pause Young (Normal) (G1 Evacuation Pause) 663M->50M(1024M) 2,454ms
[2024-08-04T17:59:37.586+0300][174,500s][info ][gc] GC(1485) Pause Young (Normal) (G1 Evacuation Pause) 663M->50M(1024M) 2,058ms
[2024-08-04T17:59:37.710+0300][174,624s][info ][gc] GC(1486) Pause Young (Normal) (G1 Evacuation Pause) 663M->50M(1024M) 2,194ms
[2024-08-04T17:59:37.841+0300][174,755s][info ][gc] GC(1487) Pause Young (Normal) (G1 Evacuation Pause) 663M->50M(1024M) 2,204ms
[2024-08-04T17:59:37.975+0300][174,889s][info ][gc] GC(1488) Pause Young (Normal) (G1 Evacuation Pause) 663M->50M(1024M) 2,372ms
[2024-08-04T17:59:38.114+0300][175,028s][info ][gc] GC(1489) Pause Young (Normal) (G1 Evacuation Pause) 663M->50M(1024M) 1,977ms
[2024-08-04T17:59:38.245+0300][175,159s][info ][gc] GC(1490) Pause Young (Normal) (G1 Evacuation Pause) 663M->50M(1024M) 2,260ms
[2024-08-04T17:59:38.375+0300][175,289s][info ][gc] GC(1491) Pause Young (Normal) (G1 Evacuation Pause) 663M->50M(1024M) 2,009ms
[2024-08-04T17:59:38.504+0300][175,418s][info ][gc] GC(1492) Pause Young (Normal) (G1 Evacuation Pause) 663M->50M(1024M) 1,736ms
[2024-08-04T17:59:38.642+0300][175,556s][info ][gc] GC(1493) Pause Young (Normal) (G1 Evacuation Pause) 663M->50M(1024M) 2,199ms
[2024-08-04T17:59:38.768+0300][175,683s][info ][gc] GC(1494) Pause Young (Normal) (G1 Evacuation Pause) 663M->50M(1024M) 1,882ms
[2024-08-04T17:59:38.896+0300][175,810s][info ][gc] GC(1495) Pause Young (Normal) (G1 Evacuation Pause) 663M->50M(1024M) 2,330ms
[2024-08-04T17:59:39.020+0300][175,934s][info ][gc] GC(1496) Pause Young (Normal) (G1 Evacuation Pause) 663M->50M(1024M) 2,399ms
[2024-08-04T17:59:39.146+0300][176,060s][info ][gc] GC(1497) Pause Young (Normal) (G1 Evacuation Pause) 663M->50M(1024M) 1,805ms
[2024-08-04T17:59:39.381+0300][176,295s][info ][gc] GC(1498) Pause Young (Normal) (G1 Evacuation Pause) 663M->50M(1024M) 2,502ms
[2024-08-04T17:59:39.513+0300][176,427s][info ][gc] GC(1499) Pause Young (Normal) (G1 Evacuation Pause) 663M->50M(1024M) 2,416ms
[2024-08-04T17:59:39.631+0300][176,546s][info ][gc] GC(1500) Pause Young (Normal) (G1 Evacuation Pause) 663M->50M(1024M) 2,363ms
[2024-08-04T17:59:39.735+0300][176,649s][info ][gc] GC(1501) Pause Young (Normal) (G1 Evacuation Pause) 663M->50M(1024M) 2,325ms
[2024-08-04T17:59:39.855+0300][176,769s][info ][gc] GC(1502) Pause Young (Normal) (G1 Evacuation Pause) 663M->51M(1024M) 2,449ms
[2024-08-04T17:59:39.966+0300][176,881s][info ][gc] GC(1503) Pause Young (Normal) (G1 Evacuation Pause) 664M->51M(1024M) 2,495ms
[2024-08-04T17:59:40.078+0300][176,992s][info ][gc] GC(1504) Pause Young (Normal) (G1 Evacuation Pause) 664M->51M(1024M) 2,214ms
[2024-08-04T17:59:40.192+0300][177,106s][info ][gc] GC(1505) Pause Young (Normal) (G1 Evacuation Pause) 664M->51M(1024M) 2,484ms
[2024-08-04T17:59:40.290+0300][177,205s][info ][gc] GC(1506) Pause Young (Normal) (G1 Evacuation Pause) 664M->51M(1024M) 2,745ms
[2024-08-04T17:59:40.405+0300][177,319s][info ][gc] GC(1507) Pause Young (Normal) (G1 Evacuation Pause) 664M->51M(1024M) 2,580ms
[2024-08-04T17:59:40.510+0300][177,424s][info ][gc] GC(1508) Pause Young (Normal) (G1 Evacuation Pause) 664M->51M(1024M) 2,412ms
[2024-08-04T17:59:40.616+0300][177,530s][info ][gc] GC(1509) Pause Young (Normal) (G1 Evacuation Pause) 664M->51M(1024M) 2,708ms
[2024-08-04T17:59:40.727+0300][177,642s][info ][gc] GC(1510) Pause Young (Normal) (G1 Evacuation Pause) 663M->51M(1024M) 2,750ms
[2024-08-04T17:59:40.833+0300][177,747s][info ][gc] GC(1511) Pause Young (Normal) (G1 Evacuation Pause) 663M->51M(1024M) 2,567ms
[2024-08-04T17:59:40.940+0300][177,854s][info ][gc] GC(1512) Pause Young (Normal) (G1 Evacuation Pause) 663M->51M(1024M) 2,634ms
[2024-08-04T17:59:41.037+0300][177,951s][info ][gc] GC(1513) Pause Young (Normal) (G1 Evacuation Pause) 663M->51M(1024M) 2,546ms
[2024-08-04T17:59:41.133+0300][178,047s][info ][gc] GC(1514) Pause Young (Normal) (G1 Evacuation Pause) 664M->51M(1024M) 2,468ms
[2024-08-04T17:59:41.230+0300][178,144s][info ][gc] GC(1515) Pause Young (Normal) (G1 Evacuation Pause) 664M->51M(1024M) 2,505ms
[2024-08-04T17:59:41.333+0300][178,247s][info ][gc] GC(1516) Pause Young (Normal) (G1 Evacuation Pause) 664M->51M(1024M) 2,548ms
[2024-08-04T17:59:41.441+0300][178,356s][info ][gc] GC(1517) Pause Young (Normal) (G1 Evacuation Pause) 664M->51M(1024M) 2,547ms
[2024-08-04T17:59:41.551+0300][178,465s][info ][gc] GC(1518) Pause Young (Normal) (G1 Evacuation Pause) 664M->51M(1024M) 2,366ms
[2024-08-04T17:59:41.660+0300][178,574s][info ][gc] GC(1519) Pause Young (Normal) (G1 Evacuation Pause) 664M->51M(1024M) 2,501ms
[2024-08-04T17:59:41.762+0300][178,676s][info ][gc] GC(1520) Pause Young (Normal) (G1 Evacuation Pause) 664M->51M(1024M) 2,524ms
[2024-08-04T17:59:41.863+0300][178,777s][info ][gc] GC(1521) Pause Young (Normal) (G1 Evacuation Pause) 664M->51M(1024M) 1,937ms
[2024-08-04T17:59:41.969+0300][178,883s][info ][gc] GC(1522) Pause Young (Normal) (G1 Evacuation Pause) 664M->51M(1024M) 2,235ms
[2024-08-04T17:59:42.078+0300][178,992s][info ][gc] GC(1523) Pause Young (Normal) (G1 Evacuation Pause) 664M->51M(1024M) 2,251ms
[2024-08-04T17:59:42.190+0300][179,104s][info ][gc] GC(1524) Pause Young (Normal) (G1 Evacuation Pause) 664M->51M(1024M) 2,294ms
[2024-08-04T17:59:42.292+0300][179,206s][info ][gc] GC(1525) Pause Young (Normal) (G1 Evacuation Pause) 664M->52M(1024M) 2,600ms
[2024-08-04T17:59:42.402+0300][179,316s][info ][gc] GC(1526) Pause Young (Normal) (G1 Evacuation Pause) 665M->52M(1024M) 2,519ms
[2024-08-04T17:59:42.511+0300][179,425s][info ][gc] GC(1527) Pause Young (Normal) (G1 Evacuation Pause) 665M->52M(1024M) 2,205ms
[2024-08-04T17:59:42.624+0300][179,538s][info ][gc] GC(1528) Pause Young (Normal) (G1 Evacuation Pause) 665M->52M(1024M) 2,428ms
[2024-08-04T17:59:42.731+0300][179,646s][info ][gc] GC(1529) Pause Young (Normal) (G1 Evacuation Pause) 665M->52M(1024M) 2,406ms
[2024-08-04T17:59:42.844+0300][179,759s][info ][gc] GC(1530) Pause Young (Normal) (G1 Evacuation Pause) 665M->52M(1024M) 2,486ms
[2024-08-04T17:59:42.958+0300][179,872s][info ][gc] GC(1531) Pause Young (Normal) (G1 Evacuation Pause) 665M->52M(1024M) 2,286ms
[2024-08-04T17:59:43.064+0300][179,978s][info ][gc] GC(1532) Pause Young (Normal) (G1 Evacuation Pause) 665M->52M(1024M) 2,610ms
[2024-08-04T17:59:43.178+0300][180,092s][info ][gc] GC(1533) Pause Young (Normal) (G1 Evacuation Pause) 665M->52M(1024M) 2,325ms
[2024-08-04T17:59:43.284+0300][180,199s][info ][gc] GC(1534) Pause Young (Normal) (G1 Evacuation Pause) 665M->52M(1024M) 2,600ms
[2024-08-04T17:59:43.395+0300][180,309s][info ][gc] GC(1535) Pause Young (Normal) (G1 Evacuation Pause) 665M->52M(1024M) 2,329ms
[2024-08-04T17:59:43.505+0300][180,419s][info ][gc] GC(1536) Pause Young (Normal) (G1 Evacuation Pause) 665M->52M(1024M) 2,321ms
[2024-08-04T17:59:43.618+0300][180,532s][info ][gc] GC(1537) Pause Young (Normal) (G1 Evacuation Pause) 665M->52M(1024M) 2,687ms
[2024-08-04T17:59:43.720+0300][180,634s][info ][gc] GC(1538) Pause Young (Normal) (G1 Evacuation Pause) 665M->52M(1024M) 2,285ms
[2024-08-04T17:59:43.833+0300][180,747s][info ][gc] GC(1539) Pause Young (Normal) (G1 Evacuation Pause) 665M->52M(1024M) 2,347ms
[2024-08-04T17:59:43.940+0300][180,855s][info ][gc] GC(1540) Pause Young (Normal) (G1 Evacuation Pause) 665M->52M(1024M) 2,577ms
[2024-08-04T17:59:44.039+0300][180,953s][info ][gc] GC(1541) Pause Young (Normal) (G1 Evacuation Pause) 665M->52M(1024M) 2,289ms
[2024-08-04T17:59:44.141+0300][181,055s][info ][gc] GC(1542) Pause Young (Normal) (G1 Evacuation Pause) 665M->52M(1024M) 2,400ms
[2024-08-04T17:59:44.238+0300][181,152s][info ][gc] GC(1543) Pause Young (Normal) (G1 Evacuation Pause) 665M->52M(1024M) 2,358ms
[2024-08-04T17:59:44.334+0300][181,249s][info ][gc] GC(1544) Pause Young (Normal) (G1 Evacuation Pause) 665M->52M(1024M) 2,457ms
[2024-08-04T17:59:44.431+0300][181,346s][info ][gc] GC(1545) Pause Young (Normal) (G1 Evacuation Pause) 665M->52M(1024M) 2,548ms
[2024-08-04T17:59:44.527+0300][181,441s][info ][gc] GC(1546) Pause Young (Normal) (G1 Evacuation Pause) 665M->52M(1024M) 2,262ms
[2024-08-04T17:59:44.627+0300][181,541s][info ][gc] GC(1547) Pause Young (Normal) (G1 Evacuation Pause) 665M->52M(1024M) 2,202ms
[2024-08-04T17:59:44.734+0300][181,649s][info ][gc] GC(1548) Pause Young (Normal) (G1 Evacuation Pause) 665M->52M(1024M) 2,285ms
[2024-08-04T17:59:44.834+0300][181,748s][info ][gc] GC(1549) Pause Young (Normal) (G1 Evacuation Pause) 665M->52M(1024M) 2,195ms
[2024-08-04T17:59:44.931+0300][181,846s][info ][gc] GC(1550) Pause Young (Normal) (G1 Evacuation Pause) 665M->52M(1024M) 1,983ms
[2024-08-04T17:59:45.030+0300][181,944s][info ][gc] GC(1551) Pause Young (Normal) (G1 Evacuation Pause) 665M->52M(1024M) 2,313ms
[2024-08-04T17:59:45.138+0300][182,052s][info ][gc] GC(1552) Pause Young (Normal) (G1 Evacuation Pause) 665M->52M(1024M) 2,070ms
[2024-08-04T17:59:45.241+0300][182,155s][info ][gc] GC(1553) Pause Young (Normal) (G1 Evacuation Pause) 665M->52M(1024M) 2,864ms
[2024-08-04T17:59:45.339+0300][182,253s][info ][gc] GC(1554) Pause Young (Normal) (G1 Evacuation Pause) 665M->52M(1024M) 2,129ms
[2024-08-04T17:59:45.448+0300][182,362s][info ][gc] GC(1555) Pause Young (Normal) (G1 Evacuation Pause) 665M->52M(1024M) 1,956ms
[2024-08-04T17:59:45.553+0300][182,467s][info ][gc] GC(1556) Pause Young (Normal) (G1 Evacuation Pause) 665M->52M(1024M) 2,092ms
[2024-08-04T17:59:45.662+0300][182,576s][info ][gc] GC(1557) Pause Young (Normal) (G1 Evacuation Pause) 665M->52M(1024M) 1,926ms
[2024-08-04T17:59:45.774+0300][182,688s][info ][gc] GC(1558) Pause Young (Normal) (G1 Evacuation Pause) 665M->52M(1024M) 2,023ms
[2024-08-04T17:59:45.889+0300][182,803s][info ][gc] GC(1559) Pause Young (Normal) (G1 Evacuation Pause) 665M->53M(1024M) 2,034ms
[2024-08-04T17:59:46.002+0300][182,916s][info ][gc] GC(1560) Pause Young (Normal) (G1 Evacuation Pause) 666M->53M(1024M) 1,768ms
[2024-08-04T17:59:46.103+0300][183,017s][info ][gc] GC(1561) Pause Young (Normal) (G1 Evacuation Pause) 666M->53M(1024M) 2,419ms
[2024-08-04T17:59:46.215+0300][183,129s][info ][gc] GC(1562) Pause Young (Normal) (G1 Evacuation Pause) 666M->53M(1024M) 1,993ms
[2024-08-04T17:59:46.321+0300][183,236s][info ][gc] GC(1563) Pause Young (Normal) (G1 Evacuation Pause) 666M->53M(1024M) 1,802ms
[2024-08-04T17:59:46.432+0300][183,347s][info ][gc] GC(1564) Pause Young (Normal) (G1 Evacuation Pause) 666M->53M(1024M) 1,941ms
[2024-08-04T17:59:46.546+0300][183,461s][info ][gc] GC(1565) Pause Young (Normal) (G1 Evacuation Pause) 666M->53M(1024M) 2,407ms
[2024-08-04T17:59:46.652+0300][183,567s][info ][gc] GC(1566) Pause Young (Normal) (G1 Evacuation Pause) 666M->53M(1024M) 2,000ms
[2024-08-04T17:59:46.766+0300][183,680s][info ][gc] GC(1567) Pause Young (Normal) (G1 Evacuation Pause) 666M->53M(1024M) 2,000ms
[2024-08-04T17:59:46.882+0300][183,796s][info ][gc] GC(1568) Pause Young (Normal) (G1 Evacuation Pause) 666M->53M(1024M) 1,965ms
[2024-08-04T17:59:46.996+0300][183,910s][info ][gc] GC(1569) Pause Young (Normal) (G1 Evacuation Pause) 666M->53M(1024M) 2,180ms
[2024-08-04T17:59:47.111+0300][184,025s][info ][gc] GC(1570) Pause Young (Normal) (G1 Evacuation Pause) 666M->53M(1024M) 1,779ms
[2024-08-04T17:59:47.229+0300][184,144s][info ][gc] GC(1571) Pause Young (Normal) (G1 Evacuation Pause) 666M->53M(1024M) 1,982ms
[2024-08-04T17:59:47.360+0300][184,274s][info ][gc] GC(1572) Pause Young (Normal) (G1 Evacuation Pause) 666M->53M(1024M) 2,247ms
[2024-08-04T17:59:47.483+0300][184,398s][info ][gc] GC(1573) Pause Young (Normal) (G1 Evacuation Pause) 666M->53M(1024M) 2,128ms
[2024-08-04T17:59:47.608+0300][184,522s][info ][gc] GC(1574) Pause Young (Normal) (G1 Evacuation Pause) 666M->53M(1024M) 1,892ms
[2024-08-04T17:59:47.717+0300][184,631s][info ][gc] GC(1575) Pause Young (Normal) (G1 Evacuation Pause) 666M->53M(1024M) 1,895ms
[2024-08-04T17:59:47.834+0300][184,748s][info ][gc] GC(1576) Pause Young (Normal) (G1 Evacuation Pause) 666M->53M(1024M) 1,672ms
[2024-08-04T17:59:47.955+0300][184,870s][info ][gc] GC(1577) Pause Young (Normal) (G1 Evacuation Pause) 666M->53M(1024M) 2,024ms
[2024-08-04T17:59:48.079+0300][184,994s][info ][gc] GC(1578) Pause Young (Normal) (G1 Evacuation Pause) 666M->53M(1024M) 2,202ms
[2024-08-04T17:59:48.204+0300][185,118s][info ][gc] GC(1579) Pause Young (Normal) (G1 Evacuation Pause) 666M->53M(1024M) 2,369ms
[2024-08-04T17:59:48.335+0300][185,249s][info ][gc] GC(1580) Pause Young (Normal) (G1 Evacuation Pause) 666M->53M(1024M) 2,100ms
[2024-08-04T17:59:48.465+0300][185,379s][info ][gc] GC(1581) Pause Young (Normal) (G1 Evacuation Pause) 666M->53M(1024M) 1,993ms
[2024-08-04T17:59:48.599+0300][185,513s][info ][gc] GC(1582) Pause Young (Normal) (G1 Evacuation Pause) 666M->53M(1024M) 2,246ms
[2024-08-04T17:59:48.731+0300][185,646s][info ][gc] GC(1583) Pause Young (Normal) (G1 Evacuation Pause) 666M->53M(1024M) 1,837ms
[2024-08-04T17:59:48.853+0300][185,768s][info ][gc] GC(1584) Pause Young (Normal) (G1 Evacuation Pause) 666M->53M(1024M) 1,799ms
[2024-08-04T17:59:48.966+0300][185,880s][info ][gc] GC(1585) Pause Young (Normal) (G1 Evacuation Pause) 666M->53M(1024M) 2,275ms
[2024-08-04T17:59:49.088+0300][186,002s][info ][gc] GC(1586) Pause Young (Normal) (G1 Evacuation Pause) 666M->53M(1024M) 2,153ms
[2024-08-04T17:59:49.199+0300][186,113s][info ][gc] GC(1587) Pause Young (Normal) (G1 Evacuation Pause) 666M->53M(1024M) 2,142ms
[2024-08-04T17:59:49.321+0300][186,236s][info ][gc] GC(1588) Pause Young (Normal) (G1 Evacuation Pause) 666M->53M(1024M) 1,777ms
[2024-08-04T17:59:49.445+0300][186,359s][info ][gc] GC(1589) Pause Young (Normal) (G1 Evacuation Pause) 666M->53M(1024M) 2,082ms
[2024-08-04T17:59:49.569+0300][186,483s][info ][gc] GC(1590) Pause Young (Normal) (G1 Evacuation Pause) 666M->53M(1024M) 2,306ms
[2024-08-04T17:59:49.696+0300][186,610s][info ][gc] GC(1591) Pause Young (Normal) (G1 Evacuation Pause) 666M->53M(1024M) 2,833ms
[2024-08-04T17:59:49.834+0300][186,748s][info ][gc] GC(1592) Pause Young (Normal) (G1 Evacuation Pause) 666M->53M(1024M) 1,776ms
[2024-08-04T17:59:49.959+0300][186,874s][info ][gc] GC(1593) Pause Young (Normal) (G1 Evacuation Pause) 666M->53M(1024M) 1,720ms
[2024-08-04T17:59:50.085+0300][186,999s][info ][gc] GC(1594) Pause Young (Normal) (G1 Evacuation Pause) 666M->53M(1024M) 2,119ms
[2024-08-04T17:59:50.206+0300][187,120s][info ][gc] GC(1595) Pause Young (Normal) (G1 Evacuation Pause) 666M->53M(1024M) 1,845ms
[2024-08-04T17:59:50.324+0300][187,238s][info ][gc] GC(1596) Pause Young (Normal) (G1 Evacuation Pause) 666M->53M(1024M) 1,965ms
[2024-08-04T17:59:50.452+0300][187,366s][info ][gc] GC(1597) Pause Young (Normal) (G1 Evacuation Pause) 666M->53M(1024M) 1,884ms
[2024-08-04T17:59:50.581+0300][187,495s][info ][gc] GC(1598) Pause Young (Normal) (G1 Evacuation Pause) 666M->53M(1024M) 1,970ms
[2024-08-04T17:59:50.713+0300][187,627s][info ][gc] GC(1599) Pause Young (Normal) (G1 Evacuation Pause) 666M->53M(1024M) 2,234ms
[2024-08-04T17:59:50.849+0300][187,763s][info ][gc] GC(1600) Pause Young (Normal) (G1 Evacuation Pause) 666M->53M(1024M) 1,960ms
[2024-08-04T17:59:50.984+0300][187,898s][info ][gc] GC(1601) Pause Young (Normal) (G1 Evacuation Pause) 666M->54M(1024M) 2,451ms
[2024-08-04T17:59:51.116+0300][188,030s][info ][gc] GC(1602) Pause Young (Normal) (G1 Evacuation Pause) 667M->54M(1024M) 1,963ms
[2024-08-04T17:59:51.238+0300][188,152s][info ][gc] GC(1603) Pause Young (Normal) (G1 Evacuation Pause) 667M->54M(1024M) 1,696ms
[2024-08-04T17:59:51.370+0300][188,284s][info ][gc] GC(1604) Pause Young (Normal) (G1 Evacuation Pause) 667M->54M(1024M) 1,857ms
[2024-08-04T17:59:51.500+0300][188,414s][info ][gc] GC(1605) Pause Young (Normal) (G1 Evacuation Pause) 667M->54M(1024M) 2,011ms
[2024-08-04T17:59:51.623+0300][188,537s][info ][gc] GC(1606) Pause Young (Normal) (G1 Evacuation Pause) 667M->54M(1024M) 1,733ms
[2024-08-04T17:59:51.752+0300][188,667s][info ][gc] GC(1607) Pause Young (Normal) (G1 Evacuation Pause) 667M->54M(1024M) 1,895ms
[2024-08-04T17:59:51.880+0300][188,794s][info ][gc] GC(1608) Pause Young (Normal) (G1 Evacuation Pause) 667M->54M(1024M) 2,089ms
[2024-08-04T17:59:52.012+0300][188,926s][info ][gc] GC(1609) Pause Young (Normal) (G1 Evacuation Pause) 667M->54M(1024M) 1,747ms
[2024-08-04T17:59:52.139+0300][189,053s][info ][gc] GC(1610) Pause Young (Normal) (G1 Evacuation Pause) 667M->54M(1024M) 1,744ms
[2024-08-04T17:59:52.274+0300][189,188s][info ][gc] GC(1611) Pause Young (Normal) (G1 Evacuation Pause) 667M->54M(1024M) 1,765ms
[2024-08-04T17:59:52.405+0300][189,319s][info ][gc] GC(1612) Pause Young (Normal) (G1 Evacuation Pause) 667M->54M(1024M) 2,028ms
[2024-08-04T17:59:52.530+0300][189,444s][info ][gc] GC(1613) Pause Young (Normal) (G1 Evacuation Pause) 667M->54M(1024M) 1,814ms
[2024-08-04T17:59:52.660+0300][189,574s][info ][gc] GC(1614) Pause Young (Normal) (G1 Evacuation Pause) 667M->54M(1024M) 1,963ms
[2024-08-04T17:59:52.795+0300][189,709s][info ][gc] GC(1615) Pause Young (Normal) (G1 Evacuation Pause) 667M->54M(1024M) 2,197ms
[2024-08-04T17:59:52.929+0300][189,843s][info ][gc] GC(1616) Pause Young (Normal) (G1 Evacuation Pause) 667M->54M(1024M) 1,609ms
[2024-08-04T17:59:53.066+0300][189,980s][info ][gc] GC(1617) Pause Young (Normal) (G1 Evacuation Pause) 667M->54M(1024M) 2,554ms
[2024-08-04T17:59:53.200+0300][190,114s][info ][gc] GC(1618) Pause Young (Normal) (G1 Evacuation Pause) 667M->54M(1024M) 2,197ms
[2024-08-04T17:59:53.335+0300][190,250s][info ][gc] GC(1619) Pause Young (Normal) (G1 Evacuation Pause) 667M->54M(1024M) 2,057ms
[2024-08-04T17:59:53.462+0300][190,376s][info ][gc] GC(1620) Pause Young (Normal) (G1 Evacuation Pause) 667M->54M(1024M) 2,030ms
[2024-08-04T17:59:53.598+0300][190,512s][info ][gc] GC(1621) Pause Young (Normal) (G1 Evacuation Pause) 667M->54M(1024M) 2,022ms
[2024-08-04T17:59:53.739+0300][190,653s][info ][gc] GC(1622) Pause Young (Normal) (G1 Evacuation Pause) 667M->54M(1024M) 1,486ms
[2024-08-04T17:59:53.912+0300][190,827s][info ][gc] GC(1623) Pause Young (Normal) (G1 Evacuation Pause) 667M->54M(1024M) 1,747ms
[2024-08-04T17:59:54.046+0300][190,960s][info ][gc] GC(1624) Pause Young (Normal) (G1 Evacuation Pause) 667M->54M(1024M) 1,949ms
[2024-08-04T17:59:54.175+0300][191,089s][info ][gc] GC(1625) Pause Young (Normal) (G1 Evacuation Pause) 667M->54M(1024M) 2,076ms
[2024-08-04T17:59:54.291+0300][191,205s][info ][gc] GC(1626) Pause Young (Normal) (G1 Evacuation Pause) 667M->54M(1024M) 2,234ms
[2024-08-04T17:59:54.406+0300][191,321s][info ][gc] GC(1627) Pause Young (Normal) (G1 Evacuation Pause) 667M->54M(1024M) 2,294ms
[2024-08-04T17:59:54.516+0300][191,431s][info ][gc] GC(1628) Pause Young (Normal) (G1 Evacuation Pause) 667M->55M(1024M) 2,485ms
[2024-08-04T17:59:54.635+0300][191,549s][info ][gc] GC(1629) Pause Young (Normal) (G1 Evacuation Pause) 668M->55M(1024M) 2,221ms
[2024-08-04T17:59:54.747+0300][191,661s][info ][gc] GC(1630) Pause Young (Normal) (G1 Evacuation Pause) 668M->55M(1024M) 2,227ms
[2024-08-04T17:59:54.857+0300][191,771s][info ][gc] GC(1631) Pause Young (Normal) (G1 Evacuation Pause) 668M->55M(1024M) 2,455ms
[2024-08-04T17:59:54.969+0300][191,883s][info ][gc] GC(1632) Pause Young (Normal) (G1 Evacuation Pause) 668M->55M(1024M) 2,766ms
[2024-08-04T17:59:55.074+0300][191,989s][info ][gc] GC(1633) Pause Young (Normal) (G1 Evacuation Pause) 668M->55M(1024M) 2,648ms
[2024-08-04T17:59:55.180+0300][192,094s][info ][gc] GC(1634) Pause Young (Normal) (G1 Evacuation Pause) 668M->55M(1024M) 2,711ms
[2024-08-04T17:59:55.284+0300][192,198s][info ][gc] GC(1635) Pause Young (Normal) (G1 Evacuation Pause) 667M->55M(1024M) 2,603ms
[2024-08-04T17:59:55.397+0300][192,312s][info ][gc] GC(1636) Pause Young (Normal) (G1 Evacuation Pause) 667M->55M(1024M) 1,999ms
[2024-08-04T17:59:55.496+0300][192,410s][info ][gc] GC(1637) Pause Young (Normal) (G1 Evacuation Pause) 667M->55M(1024M) 2,602ms
[2024-08-04T17:59:55.607+0300][192,521s][info ][gc] GC(1638) Pause Young (Normal) (G1 Evacuation Pause) 667M->55M(1024M) 2,576ms
[2024-08-04T17:59:55.710+0300][192,624s][info ][gc] GC(1639) Pause Young (Normal) (G1 Evacuation Pause) 668M->55M(1024M) 2,638ms
[2024-08-04T17:59:55.815+0300][192,729s][info ][gc] GC(1640) Pause Young (Normal) (G1 Evacuation Pause) 668M->55M(1024M) 2,420ms
[2024-08-04T17:59:55.927+0300][192,841s][info ][gc] GC(1641) Pause Young (Normal) (G1 Evacuation Pause) 668M->55M(1024M) 2,575ms
[2024-08-04T17:59:56.039+0300][192,953s][info ][gc] GC(1642) Pause Young (Normal) (G1 Evacuation Pause) 668M->55M(1024M) 2,549ms
[2024-08-04T17:59:56.149+0300][193,063s][info ][gc] GC(1643) Pause Young (Normal) (G1 Evacuation Pause) 668M->55M(1024M) 2,276ms
[2024-08-04T17:59:56.260+0300][193,174s][info ][gc] GC(1644) Pause Young (Normal) (G1 Evacuation Pause) 668M->55M(1024M) 2,395ms
[2024-08-04T17:59:56.378+0300][193,292s][info ][gc] GC(1645) Pause Young (Normal) (G1 Evacuation Pause) 668M->55M(1024M) 1,884ms
[2024-08-04T17:59:56.503+0300][193,417s][info ][gc] GC(1646) Pause Young (Normal) (G1 Evacuation Pause) 668M->55M(1024M) 3,061ms
[2024-08-04T17:59:56.636+0300][193,551s][info ][gc] GC(1647) Pause Young (Normal) (G1 Evacuation Pause) 668M->55M(1024M) 1,977ms
[2024-08-04T17:59:56.758+0300][193,673s][info ][gc] GC(1648) Pause Young (Normal) (G1 Evacuation Pause) 668M->55M(1024M) 2,094ms
[2024-08-04T17:59:56.872+0300][193,786s][info ][gc] GC(1649) Pause Young (Normal) (G1 Evacuation Pause) 668M->55M(1024M) 1,965ms
[2024-08-04T17:59:56.983+0300][193,897s][info ][gc] GC(1650) Pause Young (Normal) (G1 Evacuation Pause) 668M->55M(1024M) 1,702ms
[2024-08-04T17:59:57.100+0300][194,015s][info ][gc] GC(1651) Pause Young (Normal) (G1 Evacuation Pause) 668M->55M(1024M) 2,004ms
[2024-08-04T17:59:57.215+0300][194,130s][info ][gc] GC(1652) Pause Young (Normal) (G1 Evacuation Pause) 668M->56M(1024M) 1,555ms
[2024-08-04T17:59:57.330+0300][194,244s][info ][gc] GC(1653) Pause Young (Normal) (G1 Evacuation Pause) 669M->56M(1024M) 1,887ms
[2024-08-04T17:59:57.434+0300][194,349s][info ][gc] GC(1654) Pause Young (Normal) (G1 Evacuation Pause) 669M->56M(1024M) 1,909ms
[2024-08-04T17:59:57.540+0300][194,454s][info ][gc] GC(1655) Pause Young (Normal) (G1 Evacuation Pause) 669M->56M(1024M) 1,610ms
[2024-08-04T17:59:57.652+0300][194,566s][info ][gc] GC(1656) Pause Young (Normal) (G1 Evacuation Pause) 669M->56M(1024M) 1,851ms
[2024-08-04T17:59:57.764+0300][194,679s][info ][gc] GC(1657) Pause Young (Normal) (G1 Evacuation Pause) 669M->56M(1024M) 1,831ms
[2024-08-04T17:59:57.873+0300][194,787s][info ][gc] GC(1658) Pause Young (Normal) (G1 Evacuation Pause) 669M->56M(1024M) 2,142ms
[2024-08-04T17:59:57.983+0300][194,897s][info ][gc] GC(1659) Pause Young (Normal) (G1 Evacuation Pause) 669M->56M(1024M) 2,182ms
[2024-08-04T17:59:58.091+0300][195,006s][info ][gc] GC(1660) Pause Young (Normal) (G1 Evacuation Pause) 669M->56M(1024M) 1,704ms
[2024-08-04T17:59:58.202+0300][195,116s][info ][gc] GC(1661) Pause Young (Normal) (G1 Evacuation Pause) 669M->56M(1024M) 1,823ms
[2024-08-04T17:59:58.306+0300][195,220s][info ][gc] GC(1662) Pause Young (Normal) (G1 Evacuation Pause) 669M->56M(1024M) 1,795ms
[2024-08-04T17:59:58.420+0300][195,334s][info ][gc] GC(1663) Pause Young (Normal) (G1 Evacuation Pause) 669M->56M(1024M) 1,935ms
[2024-08-04T17:59:58.535+0300][195,450s][info ][gc] GC(1664) Pause Young (Normal) (G1 Evacuation Pause) 669M->56M(1024M) 2,026ms
[2024-08-04T17:59:58.648+0300][195,562s][info ][gc] GC(1665) Pause Young (Normal) (G1 Evacuation Pause) 669M->56M(1024M) 1,909ms
[2024-08-04T17:59:58.766+0300][195,680s][info ][gc] GC(1666) Pause Young (Normal) (G1 Evacuation Pause) 669M->56M(1024M) 1,624ms
[2024-08-04T17:59:58.877+0300][195,791s][info ][gc] GC(1667) Pause Young (Normal) (G1 Evacuation Pause) 669M->56M(1024M) 1,858ms
[2024-08-04T17:59:58.994+0300][195,908s][info ][gc] GC(1668) Pause Young (Normal) (G1 Evacuation Pause) 669M->56M(1024M) 1,805ms
[2024-08-04T17:59:59.112+0300][196,026s][info ][gc] GC(1669) Pause Young (Normal) (G1 Evacuation Pause) 669M->56M(1024M) 1,864ms
[2024-08-04T17:59:59.228+0300][196,142s][info ][gc] GC(1670) Pause Young (Normal) (G1 Evacuation Pause) 669M->56M(1024M) 2,004ms
[2024-08-04T17:59:59.333+0300][196,247s][info ][gc] GC(1671) Pause Young (Normal) (G1 Evacuation Pause) 669M->56M(1024M) 1,976ms
[2024-08-04T17:59:59.442+0300][196,356s][info ][gc] GC(1672) Pause Young (Normal) (G1 Evacuation Pause) 669M->56M(1024M) 1,688ms
[2024-08-04T17:59:59.552+0300][196,466s][info ][gc] GC(1673) Pause Young (Normal) (G1 Evacuation Pause) 669M->56M(1024M) 1,751ms
[2024-08-04T17:59:59.664+0300][196,578s][info ][gc] GC(1674) Pause Young (Normal) (G1 Evacuation Pause) 669M->56M(1024M) 1,979ms
[2024-08-04T17:59:59.779+0300][196,693s][info ][gc] GC(1675) Pause Young (Normal) (G1 Evacuation Pause) 669M->56M(1024M) 1,862ms
[2024-08-04T17:59:59.885+0300][196,799s][info ][gc] GC(1676) Pause Young (Normal) (G1 Evacuation Pause) 669M->56M(1024M) 1,779ms
[2024-08-04T18:00:00.002+0300][196,916s][info ][gc] GC(1677) Pause Young (Normal) (G1 Evacuation Pause) 669M->56M(1024M) 1,964ms
[2024-08-04T18:00:00.121+0300][197,036s][info ][gc] GC(1678) Pause Young (Normal) (G1 Evacuation Pause) 669M->56M(1024M) 2,078ms
[2024-08-04T18:00:00.238+0300][197,152s][info ][gc] GC(1679) Pause Young (Normal) (G1 Evacuation Pause) 669M->56M(1024M) 1,989ms
[2024-08-04T18:00:00.355+0300][197,269s][info ][gc] GC(1680) Pause Young (Normal) (G1 Evacuation Pause) 669M->56M(1024M) 1,717ms
[2024-08-04T18:00:00.470+0300][197,384s][info ][gc] GC(1681) Pause Young (Normal) (G1 Evacuation Pause) 669M->56M(1024M) 1,921ms
[2024-08-04T18:00:00.586+0300][197,500s][info ][gc] GC(1682) Pause Young (Normal) (G1 Evacuation Pause) 669M->56M(1024M) 1,821ms
[2024-08-04T18:00:00.704+0300][197,618s][info ][gc] GC(1683) Pause Young (Normal) (G1 Evacuation Pause) 669M->56M(1024M) 1,925ms
[2024-08-04T18:00:00.814+0300][197,729s][info ][gc] GC(1684) Pause Young (Normal) (G1 Evacuation Pause) 669M->56M(1024M) 1,949ms
[2024-08-04T18:00:00.923+0300][197,837s][info ][gc] GC(1685) Pause Young (Normal) (G1 Evacuation Pause) 669M->57M(1024M) 2,142ms
[2024-08-04T18:00:01.036+0300][197,950s][info ][gc] GC(1686) Pause Young (Normal) (G1 Evacuation Pause) 670M->57M(1024M) 2,378ms
[2024-08-04T18:00:01.144+0300][198,058s][info ][gc] GC(1687) Pause Young (Normal) (G1 Evacuation Pause) 670M->57M(1024M) 2,163ms
[2024-08-04T18:00:01.257+0300][198,171s][info ][gc] GC(1688) Pause Young (Normal) (G1 Evacuation Pause) 670M->57M(1024M) 1,993ms
[2024-08-04T18:00:01.371+0300][198,285s][info ][gc] GC(1689) Pause Young (Normal) (G1 Evacuation Pause) 670M->57M(1024M) 2,096ms
[2024-08-04T18:00:01.480+0300][198,394s][info ][gc] GC(1690) Pause Young (Normal) (G1 Evacuation Pause) 670M->57M(1024M) 2,217ms
[2024-08-04T18:00:01.594+0300][198,508s][info ][gc] GC(1691) Pause Young (Normal) (G1 Evacuation Pause) 670M->57M(1024M) 2,326ms
[2024-08-04T18:00:01.695+0300][198,609s][info ][gc] GC(1692) Pause Young (Normal) (G1 Evacuation Pause) 670M->57M(1024M) 2,487ms
[2024-08-04T18:00:01.810+0300][198,724s][info ][gc] GC(1693) Pause Young (Normal) (G1 Evacuation Pause) 670M->57M(1024M) 2,387ms
[2024-08-04T18:00:01.926+0300][198,840s][info ][gc] GC(1694) Pause Young (Normal) (G1 Evacuation Pause) 670M->57M(1024M) 2,151ms
[2024-08-04T18:00:02.028+0300][198,943s][info ][gc] GC(1695) Pause Young (Normal) (G1 Evacuation Pause) 670M->57M(1024M) 2,455ms
[2024-08-04T18:00:02.131+0300][199,046s][info ][gc] GC(1696) Pause Young (Normal) (G1 Evacuation Pause) 670M->57M(1024M) 2,319ms
[2024-08-04T18:00:02.239+0300][199,154s][info ][gc] GC(1697) Pause Young (Normal) (G1 Evacuation Pause) 670M->57M(1024M) 1,952ms
[2024-08-04T18:00:02.353+0300][199,267s][info ][gc] GC(1698) Pause Young (Normal) (G1 Evacuation Pause) 670M->57M(1024M) 2,308ms
[2024-08-04T18:00:02.468+0300][199,382s][info ][gc] GC(1699) Pause Young (Normal) (G1 Evacuation Pause) 670M->57M(1024M) 2,165ms
[2024-08-04T18:00:02.571+0300][199,486s][info ][gc] GC(1700) Pause Young (Normal) (G1 Evacuation Pause) 670M->57M(1024M) 1,940ms
[2024-08-04T18:00:02.687+0300][199,601s][info ][gc] GC(1701) Pause Young (Normal) (G1 Evacuation Pause) 670M->57M(1024M) 2,077ms
[2024-08-04T18:00:02.806+0300][199,720s][info ][gc] GC(1702) Pause Young (Normal) (G1 Evacuation Pause) 670M->57M(1024M) 1,952ms
[2024-08-04T18:00:02.914+0300][199,829s][info ][gc] GC(1703) Pause Young (Normal) (G1 Evacuation Pause) 670M->57M(1024M) 2,456ms
[2024-08-04T18:00:03.035+0300][199,949s][info ][gc] GC(1704) Pause Young (Normal) (G1 Evacuation Pause) 670M->57M(1024M) 2,216ms
[2024-08-04T18:00:03.155+0300][200,069s][info ][gc] GC(1705) Pause Young (Normal) (G1 Evacuation Pause) 670M->57M(1024M) 2,416ms
[2024-08-04T18:00:03.259+0300][200,174s][info ][gc] GC(1706) Pause Young (Normal) (G1 Evacuation Pause) 670M->57M(1024M) 2,135ms
[2024-08-04T18:00:03.377+0300][200,291s][info ][gc] GC(1707) Pause Young (Normal) (G1 Evacuation Pause) 670M->57M(1024M) 2,220ms
[2024-08-04T18:00:03.497+0300][200,411s][info ][gc] GC(1708) Pause Young (Normal) (G1 Evacuation Pause) 670M->57M(1024M) 2,523ms
[2024-08-04T18:00:03.607+0300][200,522s][info ][gc] GC(1709) Pause Young (Normal) (G1 Evacuation Pause) 670M->57M(1024M) 1,932ms
[2024-08-04T18:00:03.726+0300][200,641s][info ][gc] GC(1710) Pause Young (Normal) (G1 Evacuation Pause) 670M->57M(1024M) 2,133ms
[2024-08-04T18:00:03.848+0300][200,762s][info ][gc] GC(1711) Pause Young (Normal) (G1 Evacuation Pause) 670M->57M(1024M) 2,130ms
[2024-08-04T18:00:03.970+0300][200,885s][info ][gc] GC(1712) Pause Young (Normal) (G1 Evacuation Pause) 670M->57M(1024M) 1,867ms
[2024-08-04T18:00:04.080+0300][200,994s][info ][gc] GC(1713) Pause Young (Normal) (G1 Evacuation Pause) 670M->57M(1024M) 2,175ms
[2024-08-04T18:00:04.195+0300][201,109s][info ][gc] GC(1714) Pause Young (Normal) (G1 Evacuation Pause) 670M->57M(1024M) 2,072ms
[2024-08-04T18:00:04.320+0300][201,234s][info ][gc] GC(1715) Pause Young (Normal) (G1 Evacuation Pause) 670M->57M(1024M) 2,069ms
[2024-08-04T18:00:04.444+0300][201,358s][info ][gc] GC(1716) Pause Young (Normal) (G1 Evacuation Pause) 670M->57M(1024M) 2,384ms
[2024-08-04T18:00:04.557+0300][201,471s][info ][gc] GC(1717) Pause Young (Normal) (G1 Evacuation Pause) 670M->57M(1024M) 2,107ms
[2024-08-04T18:00:04.681+0300][201,595s][info ][gc] GC(1718) Pause Young (Normal) (G1 Evacuation Pause) 670M->57M(1024M) 2,069ms
[2024-08-04T18:00:04.804+0300][201,718s][info ][gc] GC(1719) Pause Young (Normal) (G1 Evacuation Pause) 670M->57M(1024M) 1,882ms
[2024-08-04T18:00:04.924+0300][201,838s][info ][gc] GC(1720) Pause Young (Normal) (G1 Evacuation Pause) 670M->57M(1024M) 2,311ms
[2024-08-04T18:00:05.047+0300][201,961s][info ][gc] GC(1721) Pause Young (Normal) (G1 Evacuation Pause) 670M->57M(1024M) 2,372ms
[2024-08-04T18:00:05.165+0300][202,079s][info ][gc] GC(1722) Pause Young (Normal) (G1 Evacuation Pause) 670M->57M(1024M) 2,324ms
[2024-08-04T18:00:05.291+0300][202,205s][info ][gc] GC(1723) Pause Young (Normal) (G1 Evacuation Pause) 670M->57M(1024M) 2,325ms
[2024-08-04T18:00:05.423+0300][202,337s][info ][gc] GC(1724) Pause Young (Normal) (G1 Evacuation Pause) 670M->57M(1024M) 1,883ms
[2024-08-04T18:00:05.547+0300][202,462s][info ][gc] GC(1725) Pause Young (Normal) (G1 Evacuation Pause) 670M->58M(1024M) 2,154ms
[2024-08-04T18:00:05.681+0300][202,595s][info ][gc] GC(1726) Pause Young (Normal) (G1 Evacuation Pause) 671M->58M(1024M) 1,898ms
[2024-08-04T18:00:05.815+0300][202,729s][info ][gc] GC(1727) Pause Young (Normal) (G1 Evacuation Pause) 671M->58M(1024M) 2,276ms
[2024-08-04T18:00:05.941+0300][202,855s][info ][gc] GC(1728) Pause Young (Normal) (G1 Evacuation Pause) 671M->58M(1024M) 1,847ms
[2024-08-04T18:00:06.070+0300][202,984s][info ][gc] GC(1729) Pause Young (Normal) (G1 Evacuation Pause) 671M->58M(1024M) 2,455ms
[2024-08-04T18:00:06.206+0300][203,120s][info ][gc] GC(1730) Pause Young (Normal) (G1 Evacuation Pause) 671M->58M(1024M) 1,923ms
[2024-08-04T18:00:06.330+0300][203,244s][info ][gc] GC(1731) Pause Young (Normal) (G1 Evacuation Pause) 671M->58M(1024M) 2,118ms
[2024-08-04T18:00:06.461+0300][203,375s][info ][gc] GC(1732) Pause Young (Normal) (G1 Evacuation Pause) 671M->58M(1024M) 1,931ms
[2024-08-04T18:00:06.593+0300][203,507s][info ][gc] GC(1733) Pause Young (Normal) (G1 Evacuation Pause) 671M->58M(1024M) 1,895ms
[2024-08-04T18:00:06.735+0300][203,649s][info ][gc] GC(1734) Pause Young (Normal) (G1 Evacuation Pause) 671M->58M(1024M) 2,036ms
[2024-08-04T18:00:06.874+0300][203,788s][info ][gc] GC(1735) Pause Young (Normal) (G1 Evacuation Pause) 671M->58M(1024M) 1,898ms
[2024-08-04T18:00:07.014+0300][203,929s][info ][gc] GC(1736) Pause Young (Normal) (G1 Evacuation Pause) 671M->58M(1024M) 1,775ms
[2024-08-04T18:00:07.143+0300][204,057s][info ][gc] GC(1737) Pause Young (Normal) (G1 Evacuation Pause) 671M->58M(1024M) 1,894ms
[2024-08-04T18:00:07.281+0300][204,195s][info ][gc] GC(1738) Pause Young (Normal) (G1 Evacuation Pause) 671M->58M(1024M) 2,372ms
[2024-08-04T18:00:07.412+0300][204,327s][info ][gc] GC(1739) Pause Young (Normal) (G1 Evacuation Pause) 671M->58M(1024M) 2,415ms
[2024-08-04T18:00:07.551+0300][204,465s][info ][gc] GC(1740) Pause Young (Normal) (G1 Evacuation Pause) 671M->58M(1024M) 2,196ms
[2024-08-04T18:00:07.692+0300][204,606s][info ][gc] GC(1741) Pause Young (Normal) (G1 Evacuation Pause) 671M->58M(1024M) 2,189ms
[2024-08-04T18:00:07.833+0300][204,748s][info ][gc] GC(1742) Pause Young (Normal) (G1 Evacuation Pause) 671M->58M(1024M) 2,096ms
[2024-08-04T18:00:07.975+0300][204,889s][info ][gc] GC(1743) Pause Young (Normal) (G1 Evacuation Pause) 671M->58M(1024M) 1,781ms
[2024-08-04T18:00:08.123+0300][205,037s][info ][gc] GC(1744) Pause Young (Normal) (G1 Evacuation Pause) 671M->58M(1024M) 2,191ms
[2024-08-04T18:00:08.260+0300][205,174s][info ][gc] GC(1745) Pause Young (Normal) (G1 Evacuation Pause) 671M->58M(1024M) 2,622ms
[2024-08-04T18:00:08.403+0300][205,318s][info ][gc] GC(1746) Pause Young (Normal) (G1 Evacuation Pause) 671M->58M(1024M) 2,300ms
[2024-08-04T18:00:08.587+0300][205,501s][info ][gc] GC(1747) Pause Young (Normal) (G1 Evacuation Pause) 671M->58M(1024M) 2,581ms
[2024-08-04T18:00:08.747+0300][205,661s][info ][gc] GC(1748) Pause Young (Normal) (G1 Evacuation Pause) 671M->58M(1024M) 1,967ms
[2024-08-04T18:00:08.876+0300][205,790s][info ][gc] GC(1749) Pause Young (Normal) (G1 Evacuation Pause) 671M->58M(1024M) 2,450ms
[2024-08-04T18:00:09.001+0300][205,915s][info ][gc] GC(1750) Pause Young (Normal) (G1 Evacuation Pause) 671M->58M(1024M) 2,814ms
[2024-08-04T18:00:09.109+0300][206,023s][info ][gc] GC(1751) Pause Young (Normal) (G1 Evacuation Pause) 671M->58M(1024M) 2,613ms
[2024-08-04T18:00:09.211+0300][206,126s][info ][gc] GC(1752) Pause Young (Normal) (G1 Evacuation Pause) 671M->58M(1024M) 2,581ms
[2024-08-04T18:00:09.327+0300][206,241s][info ][gc] GC(1753) Pause Young (Normal) (G1 Evacuation Pause) 671M->59M(1024M) 2,399ms
[2024-08-04T18:00:09.432+0300][206,346s][info ][gc] GC(1754) Pause Young (Normal) (G1 Evacuation Pause) 672M->59M(1024M) 2,710ms
[2024-08-04T18:00:09.533+0300][206,447s][info ][gc] GC(1755) Pause Young (Normal) (G1 Evacuation Pause) 672M->59M(1024M) 2,621ms
[2024-08-04T18:00:09.639+0300][206,554s][info ][gc] GC(1756) Pause Young (Normal) (G1 Evacuation Pause) 672M->59M(1024M) 2,600ms
[2024-08-04T18:00:09.750+0300][206,664s][info ][gc] GC(1757) Pause Young (Normal) (G1 Evacuation Pause) 672M->59M(1024M) 2,395ms
[2024-08-04T18:00:09.848+0300][206,762s][info ][gc] GC(1758) Pause Young (Normal) (G1 Evacuation Pause) 671M->59M(1024M) 2,834ms
[2024-08-04T18:00:09.963+0300][206,877s][info ][gc] GC(1759) Pause Young (Normal) (G1 Evacuation Pause) 671M->59M(1024M) 2,762ms
[2024-08-04T18:00:10.077+0300][206,991s][info ][gc] GC(1760) Pause Young (Normal) (G1 Evacuation Pause) 671M->59M(1024M) 2,857ms
[2024-08-04T18:00:10.186+0300][207,100s][info ][gc] GC(1761) Pause Young (Normal) (G1 Evacuation Pause) 671M->59M(1024M) 2,705ms
[2024-08-04T18:00:10.291+0300][207,205s][info ][gc] GC(1762) Pause Young (Normal) (G1 Evacuation Pause) 671M->59M(1024M) 2,625ms
[2024-08-04T18:00:10.403+0300][207,317s][info ][gc] GC(1763) Pause Young (Normal) (G1 Evacuation Pause) 672M->59M(1024M) 2,708ms
[2024-08-04T18:00:10.514+0300][207,429s][info ][gc] GC(1764) Pause Young (Normal) (G1 Evacuation Pause) 672M->59M(1024M) 2,462ms
[2024-08-04T18:00:10.616+0300][207,530s][info ][gc] GC(1765) Pause Young (Normal) (G1 Evacuation Pause) 672M->59M(1024M) 2,277ms
[2024-08-04T18:00:10.727+0300][207,641s][info ][gc] GC(1766) Pause Young (Normal) (G1 Evacuation Pause) 672M->59M(1024M) 2,479ms
[2024-08-04T18:00:10.835+0300][207,749s][info ][gc] GC(1767) Pause Young (Normal) (G1 Evacuation Pause) 672M->59M(1024M) 2,383ms
[2024-08-04T18:00:10.934+0300][207,848s][info ][gc] GC(1768) Pause Young (Normal) (G1 Evacuation Pause) 672M->59M(1024M) 2,187ms
[2024-08-04T18:00:11.036+0300][207,951s][info ][gc] GC(1769) Pause Young (Normal) (G1 Evacuation Pause) 672M->59M(1024M) 2,498ms
[2024-08-04T18:00:11.144+0300][208,058s][info ][gc] GC(1770) Pause Young (Normal) (G1 Evacuation Pause) 672M->59M(1024M) 2,412ms
[2024-08-04T18:00:11.255+0300][208,169s][info ][gc] GC(1771) Pause Young (Normal) (G1 Evacuation Pause) 672M->59M(1024M) 2,403ms
[2024-08-04T18:00:11.362+0300][208,276s][info ][gc] GC(1772) Pause Young (Normal) (G1 Evacuation Pause) 672M->59M(1024M) 2,633ms
[2024-08-04T18:00:11.469+0300][208,384s][info ][gc] GC(1773) Pause Young (Normal) (G1 Evacuation Pause) 672M->59M(1024M) 2,678ms
[2024-08-04T18:00:11.571+0300][208,485s][info ][gc] GC(1774) Pause Young (Normal) (G1 Evacuation Pause) 672M->59M(1024M) 2,396ms
[2024-08-04T18:00:11.667+0300][208,581s][info ][gc] GC(1775) Pause Young (Normal) (G1 Evacuation Pause) 672M->59M(1024M) 2,611ms
[2024-08-04T18:00:11.775+0300][208,689s][info ][gc] GC(1776) Pause Young (Normal) (G1 Evacuation Pause) 672M->59M(1024M) 2,604ms
[2024-08-04T18:00:11.873+0300][208,787s][info ][gc] GC(1777) Pause Young (Normal) (G1 Evacuation Pause) 672M->60M(1024M) 2,138ms
[2024-08-04T18:00:11.983+0300][208,898s][info ][gc] GC(1778) Pause Young (Normal) (G1 Evacuation Pause) 673M->60M(1024M) 2,505ms
[2024-08-04T18:00:12.091+0300][209,005s][info ][gc] GC(1779) Pause Young (Normal) (G1 Evacuation Pause) 673M->60M(1024M) 2,506ms
[2024-08-04T18:00:12.200+0300][209,114s][info ][gc] GC(1780) Pause Young (Normal) (G1 Evacuation Pause) 673M->60M(1024M) 2,368ms
[2024-08-04T18:00:12.302+0300][209,216s][info ][gc] GC(1781) Pause Young (Normal) (G1 Evacuation Pause) 673M->60M(1024M) 2,356ms
[2024-08-04T18:00:12.403+0300][209,317s][info ][gc] GC(1782) Pause Young (Normal) (G1 Evacuation Pause) 673M->60M(1024M) 2,254ms
[2024-08-04T18:00:12.516+0300][209,430s][info ][gc] GC(1783) Pause Young (Normal) (G1 Evacuation Pause) 673M->60M(1024M) 2,393ms
[2024-08-04T18:00:12.624+0300][209,538s][info ][gc] GC(1784) Pause Young (Normal) (G1 Evacuation Pause) 673M->60M(1024M) 2,414ms
[2024-08-04T18:00:12.731+0300][209,645s][info ][gc] GC(1785) Pause Young (Normal) (G1 Evacuation Pause) 673M->60M(1024M) 2,157ms
[2024-08-04T18:00:12.843+0300][209,758s][info ][gc] GC(1786) Pause Young (Normal) (G1 Evacuation Pause) 673M->60M(1024M) 2,003ms
[2024-08-04T18:00:12.959+0300][209,873s][info ][gc] GC(1787) Pause Young (Normal) (G1 Evacuation Pause) 673M->60M(1024M) 2,242ms
[2024-08-04T18:00:13.065+0300][209,979s][info ][gc] GC(1788) Pause Young (Normal) (G1 Evacuation Pause) 673M->60M(1024M) 2,275ms
[2024-08-04T18:00:13.176+0300][210,090s][info ][gc] GC(1789) Pause Young (Normal) (G1 Evacuation Pause) 673M->60M(1024M) 2,394ms
[2024-08-04T18:00:13.273+0300][210,187s][info ][gc] GC(1790) Pause Young (Normal) (G1 Evacuation Pause) 673M->60M(1024M) 2,535ms
[2024-08-04T18:00:13.370+0300][210,284s][info ][gc] GC(1791) Pause Young (Normal) (G1 Evacuation Pause) 673M->60M(1024M) 2,574ms
[2024-08-04T18:00:13.476+0300][210,391s][info ][gc] GC(1792) Pause Young (Normal) (G1 Evacuation Pause) 673M->60M(1024M) 2,426ms
[2024-08-04T18:00:13.582+0300][210,497s][info ][gc] GC(1793) Pause Young (Normal) (G1 Evacuation Pause) 673M->60M(1024M) 1,929ms
[2024-08-04T18:00:13.678+0300][210,593s][info ][gc] GC(1794) Pause Young (Normal) (G1 Evacuation Pause) 673M->60M(1024M) 2,267ms
[2024-08-04T18:00:13.783+0300][210,697s][info ][gc] GC(1795) Pause Young (Normal) (G1 Evacuation Pause) 673M->60M(1024M) 2,394ms
[2024-08-04T18:00:13.890+0300][210,804s][info ][gc] GC(1796) Pause Young (Normal) (G1 Evacuation Pause) 673M->60M(1024M) 1,912ms
[2024-08-04T18:00:13.998+0300][210,912s][info ][gc] GC(1797) Pause Young (Normal) (G1 Evacuation Pause) 673M->60M(1024M) 1,860ms
[2024-08-04T18:00:14.095+0300][211,009s][info ][gc] GC(1798) Pause Young (Normal) (G1 Evacuation Pause) 673M->60M(1024M) 2,261ms
[2024-08-04T18:00:14.192+0300][211,106s][info ][gc] GC(1799) Pause Young (Normal) (G1 Evacuation Pause) 673M->60M(1024M) 2,433ms
[2024-08-04T18:00:14.289+0300][211,204s][info ][gc] GC(1800) Pause Young (Normal) (G1 Evacuation Pause) 673M->60M(1024M) 2,042ms
[2024-08-04T18:00:14.404+0300][211,318s][info ][gc] GC(1801) Pause Young (Normal) (G1 Evacuation Pause) 673M->60M(1024M) 2,379ms
[2024-08-04T18:00:14.518+0300][211,432s][info ][gc] GC(1802) Pause Young (Normal) (G1 Evacuation Pause) 673M->60M(1024M) 2,465ms
[2024-08-04T18:00:14.635+0300][211,549s][info ][gc] GC(1803) Pause Young (Normal) (G1 Evacuation Pause) 673M->60M(1024M) 2,385ms
[2024-08-04T18:00:14.743+0300][211,657s][info ][gc] GC(1804) Pause Young (Normal) (G1 Evacuation Pause) 673M->60M(1024M) 2,429ms
[2024-08-04T18:00:14.858+0300][211,772s][info ][gc] GC(1805) Pause Young (Normal) (G1 Evacuation Pause) 673M->60M(1024M) 2,309ms
[2024-08-04T18:00:14.972+0300][211,886s][info ][gc] GC(1806) Pause Young (Normal) (G1 Evacuation Pause) 673M->60M(1024M) 2,571ms
[2024-08-04T18:00:15.081+0300][211,995s][info ][gc] GC(1807) Pause Young (Normal) (G1 Evacuation Pause) 673M->60M(1024M) 2,447ms
[2024-08-04T18:00:15.190+0300][212,104s][info ][gc] GC(1808) Pause Young (Normal) (G1 Evacuation Pause) 673M->60M(1024M) 2,326ms
[2024-08-04T18:00:15.299+0300][212,213s][info ][gc] GC(1809) Pause Young (Normal) (G1 Evacuation Pause) 673M->60M(1024M) 2,175ms
[2024-08-04T18:00:15.411+0300][212,325s][info ][gc] GC(1810) Pause Young (Normal) (G1 Evacuation Pause) 673M->60M(1024M) 2,177ms
[2024-08-04T18:00:15.527+0300][212,441s][info ][gc] GC(1811) Pause Young (Normal) (G1 Evacuation Pause) 673M->60M(1024M) 2,508ms
[2024-08-04T18:00:15.633+0300][212,547s][info ][gc] GC(1812) Pause Young (Normal) (G1 Evacuation Pause) 673M->61M(1024M) 2,388ms
[2024-08-04T18:00:15.735+0300][212,649s][info ][gc] GC(1813) Pause Young (Normal) (G1 Evacuation Pause) 674M->61M(1024M) 2,110ms
[2024-08-04T18:00:15.841+0300][212,755s][info ][gc] GC(1814) Pause Young (Normal) (G1 Evacuation Pause) 674M->61M(1024M) 2,063ms
[2024-08-04T18:00:15.943+0300][212,858s][info ][gc] GC(1815) Pause Young (Normal) (G1 Evacuation Pause) 674M->61M(1024M) 2,401ms
[2024-08-04T18:00:16.057+0300][212,971s][info ][gc] GC(1816) Pause Young (Normal) (G1 Evacuation Pause) 674M->61M(1024M) 2,590ms
[2024-08-04T18:00:16.170+0300][213,085s][info ][gc] GC(1817) Pause Young (Normal) (G1 Evacuation Pause) 674M->61M(1024M) 2,997ms
[2024-08-04T18:00:16.274+0300][213,188s][info ][gc] GC(1818) Pause Young (Normal) (G1 Evacuation Pause) 674M->61M(1024M) 2,716ms
[2024-08-04T18:00:16.386+0300][213,300s][info ][gc] GC(1819) Pause Young (Normal) (G1 Evacuation Pause) 674M->61M(1024M) 2,376ms
[2024-08-04T18:00:16.499+0300][213,413s][info ][gc] GC(1820) Pause Young (Normal) (G1 Evacuation Pause) 674M->61M(1024M) 2,329ms
[2024-08-04T18:00:16.604+0300][213,518s][info ][gc] GC(1821) Pause Young (Normal) (G1 Evacuation Pause) 674M->61M(1024M) 2,228ms
[2024-08-04T18:00:16.708+0300][213,623s][info ][gc] GC(1822) Pause Young (Normal) (G1 Evacuation Pause) 674M->61M(1024M) 2,560ms
[2024-08-04T18:00:16.818+0300][213,733s][info ][gc] GC(1823) Pause Young (Normal) (G1 Evacuation Pause) 674M->61M(1024M) 2,665ms
[2024-08-04T18:00:16.935+0300][213,849s][info ][gc] GC(1824) Pause Young (Normal) (G1 Evacuation Pause) 674M->61M(1024M) 2,383ms
[2024-08-04T18:00:17.041+0300][213,956s][info ][gc] GC(1825) Pause Young (Normal) (G1 Evacuation Pause) 674M->61M(1024M) 2,564ms
[2024-08-04T18:00:17.161+0300][214,075s][info ][gc] GC(1826) Pause Young (Normal) (G1 Evacuation Pause) 674M->61M(1024M) 2,433ms
[2024-08-04T18:00:17.284+0300][214,199s][info ][gc] GC(1827) Pause Young (Normal) (G1 Evacuation Pause) 674M->61M(1024M) 2,112ms
[2024-08-04T18:00:17.408+0300][214,322s][info ][gc] GC(1828) Pause Young (Normal) (G1 Evacuation Pause) 674M->61M(1024M) 2,570ms
[2024-08-04T18:00:17.531+0300][214,446s][info ][gc] GC(1829) Pause Young (Normal) (G1 Evacuation Pause) 674M->61M(1024M) 2,289ms
[2024-08-04T18:00:17.646+0300][214,560s][info ][gc] GC(1830) Pause Young (Normal) (G1 Evacuation Pause) 674M->61M(1024M) 1,867ms
[2024-08-04T18:00:17.763+0300][214,677s][info ][gc] GC(1831) Pause Young (Normal) (G1 Evacuation Pause) 674M->61M(1024M) 2,029ms
[2024-08-04T18:00:17.873+0300][214,787s][info ][gc] GC(1832) Pause Young (Normal) (G1 Evacuation Pause) 674M->61M(1024M) 2,371ms
[2024-08-04T18:00:17.984+0300][214,898s][info ][gc] GC(1833) Pause Young (Normal) (G1 Evacuation Pause) 674M->61M(1024M) 1,581ms
[2024-08-04T18:00:18.105+0300][215,020s][info ][gc] GC(1834) Pause Young (Normal) (G1 Evacuation Pause) 674M->61M(1024M) 2,339ms
[2024-08-04T18:00:18.228+0300][215,142s][info ][gc] GC(1835) Pause Young (Normal) (G1 Evacuation Pause) 674M->61M(1024M) 2,496ms
[2024-08-04T18:00:18.354+0300][215,268s][info ][gc] GC(1836) Pause Young (Normal) (G1 Evacuation Pause) 674M->61M(1024M) 1,823ms
[2024-08-04T18:00:18.480+0300][215,394s][info ][gc] GC(1837) Pause Young (Normal) (G1 Evacuation Pause) 674M->61M(1024M) 1,628ms
[2024-08-04T18:00:18.593+0300][215,507s][info ][gc] GC(1838) Pause Young (Normal) (G1 Evacuation Pause) 674M->61M(1024M) 2,463ms
[2024-08-04T18:00:18.716+0300][215,630s][info ][gc] GC(1839) Pause Young (Normal) (G1 Evacuation Pause) 674M->61M(1024M) 2,243ms
[2024-08-04T18:00:18.829+0300][215,744s][info ][gc] GC(1840) Pause Young (Normal) (G1 Evacuation Pause) 674M->61M(1024M) 2,150ms
[2024-08-04T18:00:18.949+0300][215,863s][info ][gc] GC(1841) Pause Young (Normal) (G1 Evacuation Pause) 674M->61M(1024M) 1,930ms
[2024-08-04T18:00:19.063+0300][215,977s][info ][gc] GC(1842) Pause Young (Normal) (G1 Evacuation Pause) 674M->61M(1024M) 1,822ms
[2024-08-04T18:00:19.178+0300][216,093s][info ][gc] GC(1843) Pause Young (Normal) (G1 Evacuation Pause) 674M->61M(1024M) 2,426ms
[2024-08-04T18:00:19.306+0300][216,220s][info ][gc] GC(1844) Pause Young (Normal) (G1 Evacuation Pause) 674M->61M(1024M) 1,911ms
[2024-08-04T18:00:19.431+0300][216,345s][info ][gc] GC(1845) Pause Young (Normal) (G1 Evacuation Pause) 674M->61M(1024M) 2,505ms
[2024-08-04T18:00:19.560+0300][216,474s][info ][gc] GC(1846) Pause Young (Normal) (G1 Evacuation Pause) 674M->61M(1024M) 2,215ms
[2024-08-04T18:00:19.680+0300][216,594s][info ][gc] GC(1847) Pause Young (Normal) (G1 Evacuation Pause) 674M->61M(1024M) 2,172ms
[2024-08-04T18:00:19.802+0300][216,716s][info ][gc] GC(1848) Pause Young (Normal) (G1 Evacuation Pause) 674M->61M(1024M) 1,797ms
[2024-08-04T18:00:19.919+0300][216,834s][info ][gc] GC(1849) Pause Young (Normal) (G1 Evacuation Pause) 674M->61M(1024M) 2,289ms
[2024-08-04T18:00:20.038+0300][216,952s][info ][gc] GC(1850) Pause Young (Normal) (G1 Evacuation Pause) 674M->61M(1024M) 2,589ms
[2024-08-04T18:00:20.166+0300][217,081s][info ][gc] GC(1851) Pause Young (Normal) (G1 Evacuation Pause) 674M->62M(1024M) 2,006ms
[2024-08-04T18:00:20.287+0300][217,201s][info ][gc] GC(1852) Pause Young (Normal) (G1 Evacuation Pause) 675M->62M(1024M) 2,097ms
[2024-08-04T18:00:20.414+0300][217,328s][info ][gc] GC(1853) Pause Young (Normal) (G1 Evacuation Pause) 675M->62M(1024M) 1,804ms
[2024-08-04T18:00:20.548+0300][217,462s][info ][gc] GC(1854) Pause Young (Normal) (G1 Evacuation Pause) 675M->62M(1024M) 2,063ms
[2024-08-04T18:00:20.678+0300][217,592s][info ][gc] GC(1855) Pause Young (Normal) (G1 Evacuation Pause) 675M->62M(1024M) 1,975ms
[2024-08-04T18:00:20.807+0300][217,721s][info ][gc] GC(1856) Pause Young (Normal) (G1 Evacuation Pause) 675M->62M(1024M) 2,102ms
[2024-08-04T18:00:20.929+0300][217,844s][info ][gc] GC(1857) Pause Young (Normal) (G1 Evacuation Pause) 675M->62M(1024M) 2,166ms
[2024-08-04T18:00:21.059+0300][217,974s][info ][gc] GC(1858) Pause Young (Normal) (G1 Evacuation Pause) 675M->62M(1024M) 2,234ms
[2024-08-04T18:00:21.191+0300][218,105s][info ][gc] GC(1859) Pause Young (Normal) (G1 Evacuation Pause) 675M->62M(1024M) 2,295ms
[2024-08-04T18:00:21.314+0300][218,228s][info ][gc] GC(1860) Pause Young (Normal) (G1 Evacuation Pause) 675M->62M(1024M) 1,907ms
[2024-08-04T18:00:21.443+0300][218,357s][info ][gc] GC(1861) Pause Young (Normal) (G1 Evacuation Pause) 675M->62M(1024M) 2,124ms
[2024-08-04T18:00:21.576+0300][218,490s][info ][gc] GC(1862) Pause Young (Normal) (G1 Evacuation Pause) 675M->62M(1024M) 2,253ms
[2024-08-04T18:00:21.703+0300][218,617s][info ][gc] GC(1863) Pause Young (Normal) (G1 Evacuation Pause) 675M->62M(1024M) 2,318ms
[2024-08-04T18:00:21.835+0300][218,749s][info ][gc] GC(1864) Pause Young (Normal) (G1 Evacuation Pause) 675M->62M(1024M) 2,176ms
[2024-08-04T18:00:21.972+0300][218,886s][info ][gc] GC(1865) Pause Young (Normal) (G1 Evacuation Pause) 675M->62M(1024M) 2,148ms
[2024-08-04T18:00:22.099+0300][219,014s][info ][gc] GC(1866) Pause Young (Normal) (G1 Evacuation Pause) 675M->62M(1024M) 2,203ms
[2024-08-04T18:00:22.227+0300][219,142s][info ][gc] GC(1867) Pause Young (Normal) (G1 Evacuation Pause) 675M->62M(1024M) 2,305ms
[2024-08-04T18:00:22.358+0300][219,272s][info ][gc] GC(1868) Pause Young (Normal) (G1 Evacuation Pause) 675M->62M(1024M) 2,053ms
[2024-08-04T18:00:22.487+0300][219,401s][info ][gc] GC(1869) Pause Young (Normal) (G1 Evacuation Pause) 675M->62M(1024M) 2,136ms
[2024-08-04T18:00:22.624+0300][219,538s][info ][gc] GC(1870) Pause Young (Normal) (G1 Evacuation Pause) 675M->62M(1024M) 2,398ms
[2024-08-04T18:00:22.763+0300][219,677s][info ][gc] GC(1871) Pause Young (Normal) (G1 Evacuation Pause) 675M->62M(1024M) 2,452ms
[2024-08-04T18:00:22.987+0300][219,901s][info ][gc] GC(1872) Pause Young (Normal) (G1 Evacuation Pause) 675M->62M(1024M) 1,782ms
[2024-08-04T18:00:23.121+0300][220,035s][info ][gc] GC(1873) Pause Young (Normal) (G1 Evacuation Pause) 675M->62M(1024M) 1,921ms
[2024-08-04T18:00:23.251+0300][220,165s][info ][gc] GC(1874) Pause Young (Normal) (G1 Evacuation Pause) 675M->62M(1024M) 2,319ms
[2024-08-04T18:00:23.364+0300][220,279s][info ][gc] GC(1875) Pause Young (Normal) (G1 Evacuation Pause) 675M->62M(1024M) 2,575ms
[2024-08-04T18:00:23.467+0300][220,381s][info ][gc] GC(1876) Pause Young (Normal) (G1 Evacuation Pause) 675M->62M(1024M) 2,714ms
[2024-08-04T18:00:23.578+0300][220,492s][info ][gc] GC(1877) Pause Young (Normal) (G1 Evacuation Pause) 675M->63M(1024M) 2,613ms
[2024-08-04T18:00:23.688+0300][220,602s][info ][gc] GC(1878) Pause Young (Normal) (G1 Evacuation Pause) 676M->63M(1024M) 2,458ms
[2024-08-04T18:00:23.802+0300][220,716s][info ][gc] GC(1879) Pause Young (Normal) (G1 Evacuation Pause) 676M->63M(1024M) 2,541ms
[2024-08-04T18:00:23.910+0300][220,824s][info ][gc] GC(1880) Pause Young (Normal) (G1 Evacuation Pause) 676M->63M(1024M) 2,713ms
[2024-08-04T18:00:24.021+0300][220,936s][info ][gc] GC(1881) Pause Young (Normal) (G1 Evacuation Pause) 676M->63M(1024M) 2,484ms
[2024-08-04T18:00:24.128+0300][221,042s][info ][gc] GC(1882) Pause Young (Normal) (G1 Evacuation Pause) 676M->63M(1024M) 2,645ms
[2024-08-04T18:00:24.225+0300][221,140s][info ][gc] GC(1883) Pause Young (Normal) (G1 Evacuation Pause) 676M->63M(1024M) 2,529ms
[2024-08-04T18:00:24.330+0300][221,244s][info ][gc] GC(1884) Pause Young (Normal) (G1 Evacuation Pause) 676M->63M(1024M) 2,651ms
[2024-08-04T18:00:24.427+0300][221,341s][info ][gc] GC(1885) Pause Young (Normal) (G1 Evacuation Pause) 675M->63M(1024M) 2,569ms
[2024-08-04T18:00:24.523+0300][221,437s][info ][gc] GC(1886) Pause Young (Normal) (G1 Evacuation Pause) 675M->63M(1024M) 2,797ms
[2024-08-04T18:00:24.637+0300][221,552s][info ][gc] GC(1887) Pause Young (Normal) (G1 Evacuation Pause) 675M->63M(1024M) 2,793ms
[2024-08-04T18:00:24.745+0300][221,659s][info ][gc] GC(1888) Pause Young (Normal) (G1 Evacuation Pause) 676M->63M(1024M) 2,453ms
[2024-08-04T18:00:24.846+0300][221,760s][info ][gc] GC(1889) Pause Young (Normal) (G1 Evacuation Pause) 676M->63M(1024M) 2,573ms
[2024-08-04T18:00:24.950+0300][221,864s][info ][gc] GC(1890) Pause Young (Normal) (G1 Evacuation Pause) 676M->63M(1024M) 2,652ms
[2024-08-04T18:00:25.046+0300][221,960s][info ][gc] GC(1891) Pause Young (Normal) (G1 Evacuation Pause) 676M->63M(1024M) 1,909ms
[2024-08-04T18:00:25.153+0300][222,067s][info ][gc] GC(1892) Pause Young (Normal) (G1 Evacuation Pause) 676M->63M(1024M) 2,318ms
[2024-08-04T18:00:25.260+0300][222,174s][info ][gc] GC(1893) Pause Young (Normal) (G1 Evacuation Pause) 676M->63M(1024M) 2,752ms
[2024-08-04T18:00:25.357+0300][222,271s][info ][gc] GC(1894) Pause Young (Normal) (G1 Evacuation Pause) 676M->63M(1024M) 2,403ms
[2024-08-04T18:00:25.464+0300][222,378s][info ][gc] GC(1895) Pause Young (Normal) (G1 Evacuation Pause) 676M->63M(1024M) 2,481ms
[2024-08-04T18:00:25.560+0300][222,474s][info ][gc] GC(1896) Pause Young (Normal) (G1 Evacuation Pause) 676M->63M(1024M) 2,412ms
[2024-08-04T18:00:25.656+0300][222,570s][info ][gc] GC(1897) Pause Young (Normal) (G1 Evacuation Pause) 676M->63M(1024M) 1,995ms
[2024-08-04T18:00:25.763+0300][222,677s][info ][gc] GC(1898) Pause Young (Normal) (G1 Evacuation Pause) 676M->63M(1024M) 2,580ms
[2024-08-04T18:00:25.869+0300][222,784s][info ][gc] GC(1899) Pause Young (Normal) (G1 Evacuation Pause) 676M->63M(1024M) 2,317ms
[2024-08-04T18:00:25.966+0300][222,880s][info ][gc] GC(1900) Pause Young (Normal) (G1 Evacuation Pause) 676M->63M(1024M) 1,718ms
[2024-08-04T18:00:26.067+0300][222,981s][info ][gc] GC(1901) Pause Young (Normal) (G1 Evacuation Pause) 676M->63M(1024M) 2,339ms
[2024-08-04T18:00:26.173+0300][223,087s][info ][gc] GC(1902) Pause Young (Normal) (G1 Evacuation Pause) 676M->64M(1024M) 2,566ms
[2024-08-04T18:00:26.269+0300][223,183s][info ][gc] GC(1903) Pause Young (Normal) (G1 Evacuation Pause) 677M->64M(1024M) 2,538ms
[2024-08-04T18:00:26.377+0300][223,291s][info ][gc] GC(1904) Pause Young (Normal) (G1 Evacuation Pause) 677M->64M(1024M) 2,462ms
[2024-08-04T18:00:26.482+0300][223,397s][info ][gc] GC(1905) Pause Young (Normal) (G1 Evacuation Pause) 677M->64M(1024M) 1,717ms
[2024-08-04T18:00:26.581+0300][223,495s][info ][gc] GC(1906) Pause Young (Normal) (G1 Evacuation Pause) 677M->64M(1024M) 1,571ms
[2024-08-04T18:00:26.690+0300][223,604s][info ][gc] GC(1907) Pause Young (Normal) (G1 Evacuation Pause) 677M->64M(1024M) 2,635ms
[2024-08-04T18:00:26.786+0300][223,701s][info ][gc] GC(1908) Pause Young (Normal) (G1 Evacuation Pause) 677M->64M(1024M) 2,600ms
[2024-08-04T18:00:26.883+0300][223,797s][info ][gc] GC(1909) Pause Young (Normal) (G1 Evacuation Pause) 677M->64M(1024M) 2,503ms
[2024-08-04T18:00:26.981+0300][223,895s][info ][gc] GC(1910) Pause Young (Normal) (G1 Evacuation Pause) 677M->64M(1024M) 2,445ms
[2024-08-04T18:00:27.088+0300][224,002s][info ][gc] GC(1911) Pause Young (Normal) (G1 Evacuation Pause) 677M->64M(1024M) 2,549ms
[2024-08-04T18:00:27.196+0300][224,110s][info ][gc] GC(1912) Pause Young (Normal) (G1 Evacuation Pause) 677M->64M(1024M) 2,643ms
[2024-08-04T18:00:27.304+0300][224,218s][info ][gc] GC(1913) Pause Young (Normal) (G1 Evacuation Pause) 677M->64M(1024M) 2,502ms
[2024-08-04T18:00:27.412+0300][224,326s][info ][gc] GC(1914) Pause Young (Normal) (G1 Evacuation Pause) 677M->64M(1024M) 2,047ms
[2024-08-04T18:00:27.519+0300][224,433s][info ][gc] GC(1915) Pause Young (Normal) (G1 Evacuation Pause) 677M->64M(1024M) 2,397ms
[2024-08-04T18:00:27.625+0300][224,539s][info ][gc] GC(1916) Pause Young (Normal) (G1 Evacuation Pause) 677M->64M(1024M) 2,549ms
[2024-08-04T18:00:27.721+0300][224,635s][info ][gc] GC(1917) Pause Young (Normal) (G1 Evacuation Pause) 677M->64M(1024M) 2,345ms
[2024-08-04T18:00:27.818+0300][224,732s][info ][gc] GC(1918) Pause Young (Normal) (G1 Evacuation Pause) 677M->64M(1024M) 1,954ms
[2024-08-04T18:00:27.916+0300][224,830s][info ][gc] GC(1919) Pause Young (Normal) (G1 Evacuation Pause) 677M->64M(1024M) 2,200ms
[2024-08-04T18:00:28.024+0300][224,938s][info ][gc] GC(1920) Pause Young (Normal) (G1 Evacuation Pause) 677M->64M(1024M) 2,222ms
[2024-08-04T18:00:28.120+0300][225,034s][info ][gc] GC(1921) Pause Young (Normal) (G1 Evacuation Pause) 677M->64M(1024M) 2,503ms
[2024-08-04T18:00:28.227+0300][225,141s][info ][gc] GC(1922) Pause Young (Normal) (G1 Evacuation Pause) 677M->64M(1024M) 2,278ms
[2024-08-04T18:00:28.335+0300][225,249s][info ][gc] GC(1923) Pause Young (Normal) (G1 Evacuation Pause) 677M->64M(1024M) 2,465ms
[2024-08-04T18:00:28.433+0300][225,347s][info ][gc] GC(1924) Pause Young (Normal) (G1 Evacuation Pause) 677M->64M(1024M) 2,339ms
[2024-08-04T18:00:28.530+0300][225,445s][info ][gc] GC(1925) Pause Young (Normal) (G1 Evacuation Pause) 677M->64M(1024M) 2,226ms
[2024-08-04T18:00:28.639+0300][225,553s][info ][gc] GC(1926) Pause Young (Normal) (G1 Evacuation Pause) 677M->64M(1024M) 2,256ms
[2024-08-04T18:00:28.736+0300][225,650s][info ][gc] GC(1927) Pause Young (Normal) (G1 Evacuation Pause) 677M->64M(1024M) 1,824ms
[2024-08-04T18:00:28.849+0300][225,764s][info ][gc] GC(1928) Pause Young (Normal) (G1 Evacuation Pause) 677M->64M(1024M) 2,425ms
[2024-08-04T18:00:28.961+0300][225,875s][info ][gc] GC(1929) Pause Young (Normal) (G1 Evacuation Pause) 677M->64M(1024M) 2,361ms
[2024-08-04T18:00:29.078+0300][225,992s][info ][gc] GC(1930) Pause Young (Normal) (G1 Evacuation Pause) 677M->64M(1024M) 2,257ms
[2024-08-04T18:00:29.189+0300][226,103s][info ][gc] GC(1931) Pause Young (Normal) (G1 Evacuation Pause) 677M->64M(1024M) 2,210ms
[2024-08-04T18:00:29.303+0300][226,217s][info ][gc] GC(1932) Pause Young (Normal) (G1 Evacuation Pause) 677M->64M(1024M) 2,091ms
[2024-08-04T18:00:29.404+0300][226,318s][info ][gc] GC(1933) Pause Young (Normal) (G1 Evacuation Pause) 677M->64M(1024M) 2,229ms
[2024-08-04T18:00:29.508+0300][226,423s][info ][gc] GC(1934) Pause Young (Normal) (G1 Evacuation Pause) 677M->64M(1024M) 2,359ms
[2024-08-04T18:00:29.607+0300][226,521s][info ][gc] GC(1935) Pause Young (Normal) (G1 Evacuation Pause) 677M->64M(1024M) 1,945ms
[2024-08-04T18:00:29.718+0300][226,632s][info ][gc] GC(1936) Pause Young (Normal) (G1 Evacuation Pause) 677M->65M(1024M) 2,080ms
[2024-08-04T18:00:29.827+0300][226,741s][info ][gc] GC(1937) Pause Young (Normal) (G1 Evacuation Pause) 678M->65M(1024M) 2,482ms
[2024-08-04T18:00:29.939+0300][226,853s][info ][gc] GC(1938) Pause Young (Normal) (G1 Evacuation Pause) 678M->65M(1024M) 1,941ms
[2024-08-04T18:00:30.040+0300][226,954s][info ][gc] GC(1939) Pause Young (Normal) (G1 Evacuation Pause) 678M->65M(1024M) 2,087ms
[2024-08-04T18:00:30.142+0300][227,056s][info ][gc] GC(1940) Pause Young (Normal) (G1 Evacuation Pause) 678M->65M(1024M) 2,139ms
[2024-08-04T18:00:30.252+0300][227,166s][info ][gc] GC(1941) Pause Young (Normal) (G1 Evacuation Pause) 678M->65M(1024M) 2,562ms
[2024-08-04T18:00:30.354+0300][227,268s][info ][gc] GC(1942) Pause Young (Normal) (G1 Evacuation Pause) 678M->65M(1024M) 2,322ms
[2024-08-04T18:00:30.455+0300][227,369s][info ][gc] GC(1943) Pause Young (Normal) (G1 Evacuation Pause) 678M->65M(1024M) 2,111ms
[2024-08-04T18:00:30.557+0300][227,471s][info ][gc] GC(1944) Pause Young (Normal) (G1 Evacuation Pause) 678M->65M(1024M) 2,270ms
[2024-08-04T18:00:30.668+0300][227,583s][info ][gc] GC(1945) Pause Young (Normal) (G1 Evacuation Pause) 678M->65M(1024M) 1,936ms
[2024-08-04T18:00:30.781+0300][227,695s][info ][gc] GC(1946) Pause Young (Normal) (G1 Evacuation Pause) 678M->65M(1024M) 1,992ms
[2024-08-04T18:00:30.893+0300][227,808s][info ][gc] GC(1947) Pause Young (Normal) (G1 Evacuation Pause) 678M->65M(1024M) 2,191ms
[2024-08-04T18:00:30.996+0300][227,910s][info ][gc] GC(1948) Pause Young (Normal) (G1 Evacuation Pause) 678M->65M(1024M) 2,366ms
[2024-08-04T18:00:31.100+0300][228,014s][info ][gc] GC(1949) Pause Young (Normal) (G1 Evacuation Pause) 678M->65M(1024M) 1,982ms
[2024-08-04T18:00:31.204+0300][228,118s][info ][gc] GC(1950) Pause Young (Normal) (G1 Evacuation Pause) 678M->65M(1024M) 2,186ms
[2024-08-04T18:00:31.330+0300][228,244s][info ][gc] GC(1951) Pause Young (Normal) (G1 Evacuation Pause) 678M->65M(1024M) 2,135ms
[2024-08-04T18:00:31.453+0300][228,367s][info ][gc] GC(1952) Pause Young (Normal) (G1 Evacuation Pause) 678M->65M(1024M) 1,951ms
[2024-08-04T18:00:31.580+0300][228,494s][info ][gc] GC(1953) Pause Young (Normal) (G1 Evacuation Pause) 678M->65M(1024M) 1,927ms
[2024-08-04T18:00:31.706+0300][228,620s][info ][gc] GC(1954) Pause Young (Normal) (G1 Evacuation Pause) 678M->65M(1024M) 1,632ms
[2024-08-04T18:00:31.833+0300][228,747s][info ][gc] GC(1955) Pause Young (Normal) (G1 Evacuation Pause) 678M->65M(1024M) 2,008ms
[2024-08-04T18:00:31.968+0300][228,882s][info ][gc] GC(1956) Pause Young (Normal) (G1 Evacuation Pause) 678M->65M(1024M) 2,154ms
[2024-08-04T18:00:32.093+0300][229,007s][info ][gc] GC(1957) Pause Young (Normal) (G1 Evacuation Pause) 678M->65M(1024M) 1,879ms
[2024-08-04T18:00:32.222+0300][229,136s][info ][gc] GC(1958) Pause Young (Normal) (G1 Evacuation Pause) 678M->65M(1024M) 1,829ms
[2024-08-04T18:00:32.336+0300][229,250s][info ][gc] GC(1959) Pause Young (Normal) (G1 Evacuation Pause) 678M->65M(1024M) 2,003ms
[2024-08-04T18:00:32.463+0300][229,377s][info ][gc] GC(1960) Pause Young (Normal) (G1 Evacuation Pause) 678M->65M(1024M) 1,809ms
[2024-08-04T18:00:32.580+0300][229,494s][info ][gc] GC(1961) Pause Young (Normal) (G1 Evacuation Pause) 678M->65M(1024M) 1,599ms
[2024-08-04T18:00:32.699+0300][229,613s][info ][gc] GC(1962) Pause Young (Normal) (G1 Evacuation Pause) 678M->65M(1024M) 2,183ms
[2024-08-04T18:00:32.814+0300][229,728s][info ][gc] GC(1963) Pause Young (Normal) (G1 Evacuation Pause) 678M->65M(1024M) 1,987ms
[2024-08-04T18:00:32.941+0300][229,855s][info ][gc] GC(1964) Pause Young (Normal) (G1 Evacuation Pause) 678M->65M(1024M) 1,688ms
[2024-08-04T18:00:33.069+0300][229,983s][info ][gc] GC(1965) Pause Young (Normal) (G1 Evacuation Pause) 678M->65M(1024M) 1,681ms
[2024-08-04T18:00:33.193+0300][230,107s][info ][gc] GC(1966) Pause Young (Normal) (G1 Evacuation Pause) 678M->65M(1024M) 1,676ms
[2024-08-04T18:00:33.315+0300][230,229s][info ][gc] GC(1967) Pause Young (Normal) (G1 Evacuation Pause) 678M->65M(1024M) 2,031ms
[2024-08-04T18:00:33.438+0300][230,352s][info ][gc] GC(1968) Pause Young (Normal) (G1 Evacuation Pause) 678M->65M(1024M) 2,095ms
[2024-08-04T18:00:33.559+0300][230,473s][info ][gc] GC(1969) Pause Young (Normal) (G1 Evacuation Pause) 678M->65M(1024M) 1,786ms
[2024-08-04T18:00:33.710+0300][230,624s][info ][gc] GC(1970) Pause Young (Normal) (G1 Evacuation Pause) 678M->65M(1024M) 1,648ms
[2024-08-04T18:00:33.843+0300][230,757s][info ][gc] GC(1971) Pause Young (Normal) (G1 Evacuation Pause) 678M->65M(1024M) 1,721ms
[2024-08-04T18:00:33.972+0300][230,886s][info ][gc] GC(1972) Pause Young (Normal) (G1 Evacuation Pause) 678M->65M(1024M) 1,932ms
[2024-08-04T18:00:34.097+0300][231,011s][info ][gc] GC(1973) Pause Young (Normal) (G1 Evacuation Pause) 678M->65M(1024M) 1,994ms
[2024-08-04T18:00:34.234+0300][231,148s][info ][gc] GC(1974) Pause Young (Normal) (G1 Evacuation Pause) 678M->65M(1024M) 2,024ms
[2024-08-04T18:00:34.361+0300][231,275s][info ][gc] GC(1975) Pause Young (Normal) (G1 Evacuation Pause) 678M->65M(1024M) 2,048ms
[2024-08-04T18:00:34.490+0300][231,404s][info ][gc] GC(1976) Pause Young (Normal) (G1 Evacuation Pause) 678M->65M(1024M) 1,749ms
[2024-08-04T18:00:34.625+0300][231,539s][info ][gc] GC(1977) Pause Young (Normal) (G1 Evacuation Pause) 678M->66M(1024M) 2,021ms
[2024-08-04T18:00:34.767+0300][231,681s][info ][gc] GC(1978) Pause Young (Normal) (G1 Evacuation Pause) 679M->66M(1024M) 1,687ms
[2024-08-04T18:00:34.890+0300][231,805s][info ][gc] GC(1979) Pause Young (Normal) (G1 Evacuation Pause) 679M->66M(1024M) 1,683ms
[2024-08-04T18:00:35.024+0300][231,938s][info ][gc] GC(1980) Pause Young (Normal) (G1 Evacuation Pause) 679M->66M(1024M) 1,718ms
[2024-08-04T18:00:35.164+0300][232,078s][info ][gc] GC(1981) Pause Young (Normal) (G1 Evacuation Pause) 679M->66M(1024M) 1,843ms
[2024-08-04T18:00:35.301+0300][232,215s][info ][gc] GC(1982) Pause Young (Normal) (G1 Evacuation Pause) 679M->66M(1024M) 1,794ms
[2024-08-04T18:00:35.445+0300][232,359s][info ][gc] GC(1983) Pause Young (Normal) (G1 Evacuation Pause) 679M->66M(1024M) 1,958ms
[2024-08-04T18:00:35.579+0300][232,494s][info ][gc] GC(1984) Pause Young (Normal) (G1 Evacuation Pause) 679M->66M(1024M) 2,319ms
[2024-08-04T18:00:35.701+0300][232,615s][info ][gc] GC(1985) Pause Young (Normal) (G1 Evacuation Pause) 679M->66M(1024M) 2,173ms
[2024-08-04T18:00:35.831+0300][232,745s][info ][gc] GC(1986) Pause Young (Normal) (G1 Evacuation Pause) 679M->66M(1024M) 1,983ms
[2024-08-04T18:00:35.963+0300][232,878s][info ][gc] GC(1987) Pause Young (Normal) (G1 Evacuation Pause) 679M->66M(1024M) 2,494ms
[2024-08-04T18:00:36.096+0300][233,010s][info ][gc] GC(1988) Pause Young (Normal) (G1 Evacuation Pause) 679M->66M(1024M) 1,905ms
[2024-08-04T18:00:36.230+0300][233,144s][info ][gc] GC(1989) Pause Young (Normal) (G1 Evacuation Pause) 679M->66M(1024M) 1,989ms
[2024-08-04T18:00:36.362+0300][233,276s][info ][gc] GC(1990) Pause Young (Normal) (G1 Evacuation Pause) 679M->66M(1024M) 1,982ms
[2024-08-04T18:00:36.494+0300][233,409s][info ][gc] GC(1991) Pause Young (Normal) (G1 Evacuation Pause) 679M->66M(1024M) 2,442ms
[2024-08-04T18:00:36.628+0300][233,542s][info ][gc] GC(1992) Pause Young (Normal) (G1 Evacuation Pause) 679M->66M(1024M) 2,136ms
[2024-08-04T18:00:36.754+0300][233,668s][info ][gc] GC(1993) Pause Young (Normal) (G1 Evacuation Pause) 679M->66M(1024M) 2,009ms
[2024-08-04T18:00:36.888+0300][233,802s][info ][gc] GC(1994) Pause Young (Normal) (G1 Evacuation Pause) 679M->66M(1024M) 2,179ms
[2024-08-04T18:00:37.016+0300][233,930s][info ][gc] GC(1995) Pause Young (Normal) (G1 Evacuation Pause) 679M->66M(1024M) 1,579ms
[2024-08-04T18:00:37.151+0300][234,065s][info ][gc] GC(1996) Pause Young (Normal) (G1 Evacuation Pause) 679M->66M(1024M) 2,271ms
[2024-08-04T18:00:37.354+0300][234,269s][info ][gc] GC(1997) Pause Young (Normal) (G1 Evacuation Pause) 679M->66M(1024M) 2,529ms
[2024-08-04T18:00:37.490+0300][234,404s][info ][gc] GC(1998) Pause Young (Normal) (G1 Evacuation Pause) 679M->66M(1024M) 2,293ms
[2024-08-04T18:00:37.607+0300][234,521s][info ][gc] GC(1999) Pause Young (Normal) (G1 Evacuation Pause) 679M->66M(1024M) 2,493ms
[2024-08-04T18:00:37.719+0300][234,633s][info ][gc] GC(2000) Pause Young (Normal) (G1 Evacuation Pause) 679M->66M(1024M) 2,266ms
[2024-08-04T18:00:37.827+0300][234,741s][info ][gc] GC(2001) Pause Young (Normal) (G1 Evacuation Pause) 679M->66M(1024M) 2,601ms
[2024-08-04T18:00:37.934+0300][234,849s][info ][gc] GC(2002) Pause Young (Normal) (G1 Evacuation Pause) 679M->66M(1024M) 2,426ms
[2024-08-04T18:00:38.043+0300][234,957s][info ][gc] GC(2003) Pause Young (Normal) (G1 Evacuation Pause) 679M->67M(1024M) 2,369ms
[2024-08-04T18:00:38.157+0300][235,071s][info ][gc] GC(2004) Pause Young (Normal) (G1 Evacuation Pause) 680M->67M(1024M) 2,477ms
[2024-08-04T18:00:38.267+0300][235,181s][info ][gc] GC(2005) Pause Young (Normal) (G1 Evacuation Pause) 680M->67M(1024M) 2,561ms
[2024-08-04T18:00:38.376+0300][235,290s][info ][gc] GC(2006) Pause Young (Normal) (G1 Evacuation Pause) 680M->67M(1024M) 2,610ms
[2024-08-04T18:00:38.484+0300][235,398s][info ][gc] GC(2007) Pause Young (Normal) (G1 Evacuation Pause) 680M->67M(1024M) 2,694ms
[2024-08-04T18:00:38.582+0300][235,496s][info ][gc] GC(2008) Pause Young (Normal) (G1 Evacuation Pause) 679M->67M(1024M) 2,804ms
[2024-08-04T18:00:38.690+0300][235,604s][info ][gc] GC(2009) Pause Young (Normal) (G1 Evacuation Pause) 680M->67M(1024M) 2,637ms
[2024-08-04T18:00:38.794+0300][235,708s][info ][gc] GC(2010) Pause Young (Normal) (G1 Evacuation Pause) 679M->67M(1024M) 2,619ms
[2024-08-04T18:00:38.902+0300][235,816s][info ][gc] GC(2011) Pause Young (Normal) (G1 Evacuation Pause) 679M->67M(1024M) 2,653ms
[2024-08-04T18:00:39.012+0300][235,926s][info ][gc] GC(2012) Pause Young (Normal) (G1 Evacuation Pause) 679M->67M(1024M) 2,663ms
[2024-08-04T18:00:39.120+0300][236,034s][info ][gc] GC(2013) Pause Young (Normal) (G1 Evacuation Pause) 680M->67M(1024M) 2,635ms
[2024-08-04T18:00:39.233+0300][236,147s][info ][gc] GC(2014) Pause Young (Normal) (G1 Evacuation Pause) 680M->67M(1024M) 2,676ms
[2024-08-04T18:00:39.330+0300][236,244s][info ][gc] GC(2015) Pause Young (Normal) (G1 Evacuation Pause) 680M->67M(1024M) 2,367ms
[2024-08-04T18:00:39.435+0300][236,349s][info ][gc] GC(2016) Pause Young (Normal) (G1 Evacuation Pause) 680M->67M(1024M) 2,418ms
[2024-08-04T18:00:39.541+0300][236,455s][info ][gc] GC(2017) Pause Young (Normal) (G1 Evacuation Pause) 680M->67M(1024M) 2,538ms
[2024-08-04T18:00:39.640+0300][236,554s][info ][gc] GC(2018) Pause Young (Normal) (G1 Evacuation Pause) 680M->67M(1024M) 2,608ms
[2024-08-04T18:00:39.747+0300][236,662s][info ][gc] GC(2019) Pause Young (Normal) (G1 Evacuation Pause) 680M->67M(1024M) 2,679ms
[2024-08-04T18:00:39.855+0300][236,769s][info ][gc] GC(2020) Pause Young (Normal) (G1 Evacuation Pause) 680M->67M(1024M) 2,411ms
[2024-08-04T18:00:39.951+0300][236,865s][info ][gc] GC(2021) Pause Young (Normal) (G1 Evacuation Pause) 680M->67M(1024M) 2,395ms
[2024-08-04T18:00:40.060+0300][236,974s][info ][gc] GC(2022) Pause Young (Normal) (G1 Evacuation Pause) 680M->67M(1024M) 2,470ms
[2024-08-04T18:00:40.163+0300][237,077s][info ][gc] GC(2023) Pause Young (Normal) (G1 Evacuation Pause) 680M->67M(1024M) 2,589ms
[2024-08-04T18:00:40.276+0300][237,190s][info ][gc] GC(2024) Pause Young (Normal) (G1 Evacuation Pause) 680M->67M(1024M) 2,323ms
[2024-08-04T18:00:40.386+0300][237,300s][info ][gc] GC(2025) Pause Young (Normal) (G1 Evacuation Pause) 680M->67M(1024M) 2,293ms
[2024-08-04T18:00:40.489+0300][237,403s][info ][gc] GC(2026) Pause Young (Normal) (G1 Evacuation Pause) 680M->67M(1024M) 2,543ms
[2024-08-04T18:00:40.600+0300][237,514s][info ][gc] GC(2027) Pause Young (Normal) (G1 Evacuation Pause) 680M->67M(1024M) 2,429ms
[2024-08-04T18:00:40.711+0300][237,625s][info ][gc] GC(2028) Pause Young (Normal) (G1 Evacuation Pause) 680M->67M(1024M) 2,600ms
[2024-08-04T18:00:40.807+0300][237,721s][info ][gc] GC(2029) Pause Young (Normal) (G1 Evacuation Pause) 680M->68M(1024M) 2,315ms
[2024-08-04T18:00:40.909+0300][237,824s][info ][gc] GC(2030) Pause Young (Normal) (G1 Evacuation Pause) 681M->68M(1024M) 2,373ms
[2024-08-04T18:00:41.011+0300][237,925s][info ][gc] GC(2031) Pause Young (Normal) (G1 Evacuation Pause) 681M->68M(1024M) 1,961ms
[2024-08-04T18:00:41.118+0300][238,033s][info ][gc] GC(2032) Pause Young (Normal) (G1 Evacuation Pause) 681M->68M(1024M) 2,347ms
[2024-08-04T18:00:41.227+0300][238,141s][info ][gc] GC(2033) Pause Young (Normal) (G1 Evacuation Pause) 681M->68M(1024M) 2,493ms
[2024-08-04T18:00:41.335+0300][238,249s][info ][gc] GC(2034) Pause Young (Normal) (G1 Evacuation Pause) 681M->68M(1024M) 2,347ms
[2024-08-04T18:00:41.431+0300][238,346s][info ][gc] GC(2035) Pause Young (Normal) (G1 Evacuation Pause) 681M->68M(1024M) 2,600ms
[2024-08-04T18:00:41.529+0300][238,443s][info ][gc] GC(2036) Pause Young (Normal) (G1 Evacuation Pause) 681M->68M(1024M) 2,274ms
[2024-08-04T18:00:41.632+0300][238,547s][info ][gc] GC(2037) Pause Young (Normal) (G1 Evacuation Pause) 681M->68M(1024M) 2,061ms
[2024-08-04T18:00:41.740+0300][238,654s][info ][gc] GC(2038) Pause Young (Normal) (G1 Evacuation Pause) 681M->68M(1024M) 2,434ms
[2024-08-04T18:00:41.842+0300][238,756s][info ][gc] GC(2039) Pause Young (Normal) (G1 Evacuation Pause) 681M->68M(1024M) 2,335ms
[2024-08-04T18:00:41.952+0300][238,867s][info ][gc] GC(2040) Pause Young (Normal) (G1 Evacuation Pause) 681M->68M(1024M) 2,419ms
[2024-08-04T18:00:42.060+0300][238,975s][info ][gc] GC(2041) Pause Young (Normal) (G1 Evacuation Pause) 681M->68M(1024M) 2,513ms
[2024-08-04T18:00:42.168+0300][239,083s][info ][gc] GC(2042) Pause Young (Normal) (G1 Evacuation Pause) 681M->68M(1024M) 2,402ms
[2024-08-04T18:00:42.278+0300][239,193s][info ][gc] GC(2043) Pause Young (Normal) (G1 Evacuation Pause) 681M->68M(1024M) 2,361ms
[2024-08-04T18:00:42.385+0300][239,300s][info ][gc] GC(2044) Pause Young (Normal) (G1 Evacuation Pause) 681M->68M(1024M) 2,702ms
[2024-08-04T18:00:42.494+0300][239,408s][info ][gc] GC(2045) Pause Young (Normal) (G1 Evacuation Pause) 681M->68M(1024M) 2,551ms
[2024-08-04T18:00:42.607+0300][239,521s][info ][gc] GC(2046) Pause Young (Normal) (G1 Evacuation Pause) 681M->68M(1024M) 2,420ms
[2024-08-04T18:00:42.716+0300][239,631s][info ][gc] GC(2047) Pause Young (Normal) (G1 Evacuation Pause) 681M->68M(1024M) 2,339ms
[2024-08-04T18:00:42.819+0300][239,733s][info ][gc] GC(2048) Pause Young (Normal) (G1 Evacuation Pause) 681M->68M(1024M) 2,088ms
[2024-08-04T18:00:42.931+0300][239,846s][info ][gc] GC(2049) Pause Young (Normal) (G1 Evacuation Pause) 681M->68M(1024M) 2,627ms
[2024-08-04T18:00:43.041+0300][239,956s][info ][gc] GC(2050) Pause Young (Normal) (G1 Evacuation Pause) 681M->68M(1024M) 2,063ms
[2024-08-04T18:00:43.144+0300][240,059s][info ][gc] GC(2051) Pause Young (Normal) (G1 Evacuation Pause) 681M->68M(1024M) 2,037ms
[2024-08-04T18:00:43.257+0300][240,172s][info ][gc] GC(2052) Pause Young (Normal) (G1 Evacuation Pause) 681M->68M(1024M) 1,936ms
[2024-08-04T18:00:43.368+0300][240,282s][info ][gc] GC(2053) Pause Young (Normal) (G1 Evacuation Pause) 681M->68M(1024M) 2,249ms
[2024-08-04T18:00:43.472+0300][240,386s][info ][gc] GC(2054) Pause Young (Normal) (G1 Evacuation Pause) 681M->68M(1024M) 2,204ms
[2024-08-04T18:00:43.587+0300][240,501s][info ][gc] GC(2055) Pause Young (Normal) (G1 Evacuation Pause) 681M->68M(1024M) 2,244ms
[2024-08-04T18:00:43.692+0300][240,606s][info ][gc] GC(2056) Pause Young (Normal) (G1 Evacuation Pause) 681M->68M(1024M) 2,663ms
[2024-08-04T18:00:43.804+0300][240,719s][info ][gc] GC(2057) Pause Young (Normal) (G1 Evacuation Pause) 681M->68M(1024M) 2,169ms
[2024-08-04T18:00:43.906+0300][240,820s][info ][gc] GC(2058) Pause Young (Normal) (G1 Evacuation Pause) 681M->68M(1024M) 2,230ms
[2024-08-04T18:00:44.010+0300][240,924s][info ][gc] GC(2059) Pause Young (Normal) (G1 Evacuation Pause) 681M->68M(1024M) 2,349ms
[2024-08-04T18:00:44.126+0300][241,040s][info ][gc] GC(2060) Pause Young (Normal) (G1 Evacuation Pause) 681M->68M(1024M) 2,032ms
[2024-08-04T18:00:44.238+0300][241,153s][info ][gc] GC(2061) Pause Young (Normal) (G1 Evacuation Pause) 681M->68M(1024M) 2,124ms
[2024-08-04T18:00:44.351+0300][241,266s][info ][gc] GC(2062) Pause Young (Normal) (G1 Evacuation Pause) 681M->68M(1024M) 2,006ms
[2024-08-04T18:00:44.468+0300][241,382s][info ][gc] GC(2063) Pause Young (Normal) (G1 Evacuation Pause) 681M->68M(1024M) 1,974ms
[2024-08-04T18:00:44.574+0300][241,488s][info ][gc] GC(2064) Pause Young (Normal) (G1 Evacuation Pause) 681M->69M(1024M) 1,882ms
[2024-08-04T18:00:44.691+0300][241,606s][info ][gc] GC(2065) Pause Young (Normal) (G1 Evacuation Pause) 682M->69M(1024M) 2,296ms
[2024-08-04T18:00:44.797+0300][241,712s][info ][gc] GC(2066) Pause Young (Normal) (G1 Evacuation Pause) 682M->69M(1024M) 2,108ms
[2024-08-04T18:00:44.906+0300][241,820s][info ][gc] GC(2067) Pause Young (Normal) (G1 Evacuation Pause) 682M->69M(1024M) 1,914ms
[2024-08-04T18:00:45.023+0300][241,937s][info ][gc] GC(2068) Pause Young (Normal) (G1 Evacuation Pause) 682M->69M(1024M) 1,868ms
[2024-08-04T18:00:45.133+0300][242,047s][info ][gc] GC(2069) Pause Young (Normal) (G1 Evacuation Pause) 682M->69M(1024M) 1,924ms
[2024-08-04T18:00:45.253+0300][242,167s][info ][gc] GC(2070) Pause Young (Normal) (G1 Evacuation Pause) 682M->69M(1024M) 1,740ms
[2024-08-04T18:00:45.364+0300][242,278s][info ][gc] GC(2071) Pause Young (Normal) (G1 Evacuation Pause) 682M->69M(1024M) 2,184ms
[2024-08-04T18:00:45.482+0300][242,396s][info ][gc] GC(2072) Pause Young (Normal) (G1 Evacuation Pause) 682M->69M(1024M) 1,966ms
[2024-08-04T18:00:45.603+0300][242,517s][info ][gc] GC(2073) Pause Young (Normal) (G1 Evacuation Pause) 682M->69M(1024M) 1,956ms
[2024-08-04T18:00:45.714+0300][242,628s][info ][gc] GC(2074) Pause Young (Normal) (G1 Evacuation Pause) 682M->69M(1024M) 1,992ms
[2024-08-04T18:00:45.836+0300][242,750s][info ][gc] GC(2075) Pause Young (Normal) (G1 Evacuation Pause) 682M->69M(1024M) 2,055ms
[2024-08-04T18:00:45.952+0300][242,866s][info ][gc] GC(2076) Pause Young (Normal) (G1 Evacuation Pause) 682M->69M(1024M) 1,758ms
[2024-08-04T18:00:46.064+0300][242,978s][info ][gc] GC(2077) Pause Young (Normal) (G1 Evacuation Pause) 682M->69M(1024M) 1,728ms
[2024-08-04T18:00:46.176+0300][243,091s][info ][gc] GC(2078) Pause Young (Normal) (G1 Evacuation Pause) 682M->69M(1024M) 2,705ms
[2024-08-04T18:00:46.298+0300][243,212s][info ][gc] GC(2079) Pause Young (Normal) (G1 Evacuation Pause) 682M->69M(1024M) 2,029ms
[2024-08-04T18:00:46.412+0300][243,326s][info ][gc] GC(2080) Pause Young (Normal) (G1 Evacuation Pause) 682M->69M(1024M) 1,687ms
[2024-08-04T18:00:46.532+0300][243,446s][info ][gc] GC(2081) Pause Young (Normal) (G1 Evacuation Pause) 682M->69M(1024M) 1,634ms
[2024-08-04T18:00:46.656+0300][243,570s][info ][gc] GC(2082) Pause Young (Normal) (G1 Evacuation Pause) 682M->69M(1024M) 2,214ms
[2024-08-04T18:00:46.778+0300][243,692s][info ][gc] GC(2083) Pause Young (Normal) (G1 Evacuation Pause) 682M->69M(1024M) 2,043ms
[2024-08-04T18:00:46.900+0300][243,815s][info ][gc] GC(2084) Pause Young (Normal) (G1 Evacuation Pause) 682M->69M(1024M) 1,848ms
[2024-08-04T18:00:47.018+0300][243,933s][info ][gc] GC(2085) Pause Young (Normal) (G1 Evacuation Pause) 682M->69M(1024M) 1,834ms
[2024-08-04T18:00:47.144+0300][244,058s][info ][gc] GC(2086) Pause Young (Normal) (G1 Evacuation Pause) 682M->69M(1024M) 1,636ms
[2024-08-04T18:00:47.264+0300][244,178s][info ][gc] GC(2087) Pause Young (Normal) (G1 Evacuation Pause) 682M->69M(1024M) 1,687ms
[2024-08-04T18:00:47.388+0300][244,302s][info ][gc] GC(2088) Pause Young (Normal) (G1 Evacuation Pause) 682M->69M(1024M) 1,712ms
[2024-08-04T18:00:47.507+0300][244,421s][info ][gc] GC(2089) Pause Young (Normal) (G1 Evacuation Pause) 682M->69M(1024M) 1,814ms
[2024-08-04T18:00:47.618+0300][244,533s][info ][gc] GC(2090) Pause Young (Normal) (G1 Evacuation Pause) 682M->69M(1024M) 2,206ms
[2024-08-04T18:00:47.744+0300][244,658s][info ][gc] GC(2091) Pause Young (Normal) (G1 Evacuation Pause) 682M->69M(1024M) 2,067ms
[2024-08-04T18:00:47.870+0300][244,784s][info ][gc] GC(2092) Pause Young (Normal) (G1 Evacuation Pause) 682M->69M(1024M) 1,732ms
[2024-08-04T18:00:47.988+0300][244,903s][info ][gc] GC(2093) Pause Young (Normal) (G1 Evacuation Pause) 682M->69M(1024M) 1,816ms
[2024-08-04T18:00:48.107+0300][245,021s][info ][gc] GC(2094) Pause Young (Normal) (G1 Evacuation Pause) 682M->69M(1024M) 1,768ms
[2024-08-04T18:00:48.220+0300][245,135s][info ][gc] GC(2095) Pause Young (Normal) (G1 Evacuation Pause) 682M->69M(1024M) 2,133ms
[2024-08-04T18:00:48.339+0300][245,254s][info ][gc] GC(2096) Pause Young (Normal) (G1 Evacuation Pause) 682M->69M(1024M) 2,370ms
[2024-08-04T18:00:48.454+0300][245,368s][info ][gc] GC(2097) Pause Young (Normal) (G1 Evacuation Pause) 682M->69M(1024M) 2,324ms
[2024-08-04T18:00:48.580+0300][245,494s][info ][gc] GC(2098) Pause Young (Normal) (G1 Evacuation Pause) 682M->69M(1024M) 2,237ms
[2024-08-04T18:00:48.703+0300][245,618s][info ][gc] GC(2099) Pause Young (Normal) (G1 Evacuation Pause) 682M->69M(1024M) 2,244ms
[2024-08-04T18:00:48.827+0300][245,741s][info ][gc] GC(2100) Pause Young (Normal) (G1 Evacuation Pause) 682M->69M(1024M) 1,806ms
[2024-08-04T18:00:48.943+0300][245,857s][info ][gc] GC(2101) Pause Young (Normal) (G1 Evacuation Pause) 682M->69M(1024M) 1,676ms
[2024-08-04T18:00:49.071+0300][245,985s][info ][gc] GC(2102) Pause Young (Normal) (G1 Evacuation Pause) 682M->69M(1024M) 1,780ms
[2024-08-04T18:00:49.194+0300][246,109s][info ][gc] GC(2103) Pause Young (Normal) (G1 Evacuation Pause) 682M->69M(1024M) 2,043ms
[2024-08-04T18:00:49.318+0300][246,232s][info ][gc] GC(2104) Pause Young (Normal) (G1 Evacuation Pause) 682M->70M(1024M) 2,178ms
[2024-08-04T18:00:49.437+0300][246,351s][info ][gc] GC(2105) Pause Young (Normal) (G1 Evacuation Pause) 683M->70M(1024M) 2,205ms
[2024-08-04T18:00:49.559+0300][246,474s][info ][gc] GC(2106) Pause Young (Normal) (G1 Evacuation Pause) 683M->70M(1024M) 2,176ms
[2024-08-04T18:00:49.685+0300][246,599s][info ][gc] GC(2107) Pause Young (Normal) (G1 Evacuation Pause) 683M->70M(1024M) 2,111ms
[2024-08-04T18:00:49.819+0300][246,733s][info ][gc] GC(2108) Pause Young (Normal) (G1 Evacuation Pause) 683M->70M(1024M) 2,437ms
[2024-08-04T18:00:49.941+0300][246,855s][info ][gc] GC(2109) Pause Young (Normal) (G1 Evacuation Pause) 683M->70M(1024M) 1,858ms
[2024-08-04T18:00:50.064+0300][246,978s][info ][gc] GC(2110) Pause Young (Normal) (G1 Evacuation Pause) 683M->70M(1024M) 1,805ms
[2024-08-04T18:00:50.194+0300][247,109s][info ][gc] GC(2111) Pause Young (Normal) (G1 Evacuation Pause) 683M->70M(1024M) 2,100ms
[2024-08-04T18:00:50.329+0300][247,243s][info ][gc] GC(2112) Pause Young (Normal) (G1 Evacuation Pause) 683M->70M(1024M) 1,800ms
[2024-08-04T18:00:50.453+0300][247,367s][info ][gc] GC(2113) Pause Young (Normal) (G1 Evacuation Pause) 683M->70M(1024M) 1,840ms
[2024-08-04T18:00:50.584+0300][247,499s][info ][gc] GC(2114) Pause Young (Normal) (G1 Evacuation Pause) 683M->70M(1024M) 1,854ms
[2024-08-04T18:00:50.716+0300][247,630s][info ][gc] GC(2115) Pause Young (Normal) (G1 Evacuation Pause) 683M->70M(1024M) 1,788ms
[2024-08-04T18:00:50.842+0300][247,756s][info ][gc] GC(2116) Pause Young (Normal) (G1 Evacuation Pause) 683M->70M(1024M) 1,834ms
[2024-08-04T18:00:50.977+0300][247,892s][info ][gc] GC(2117) Pause Young (Normal) (G1 Evacuation Pause) 683M->70M(1024M) 1,712ms
[2024-08-04T18:00:51.102+0300][248,017s][info ][gc] GC(2118) Pause Young (Normal) (G1 Evacuation Pause) 683M->70M(1024M) 1,830ms
[2024-08-04T18:00:51.238+0300][248,152s][info ][gc] GC(2119) Pause Young (Normal) (G1 Evacuation Pause) 683M->70M(1024M) 1,776ms
[2024-08-04T18:00:51.368+0300][248,282s][info ][gc] GC(2120) Pause Young (Normal) (G1 Evacuation Pause) 683M->70M(1024M) 1,829ms
[2024-08-04T18:00:51.532+0300][248,446s][info ][gc] GC(2121) Pause Young (Normal) (G1 Evacuation Pause) 683M->70M(1024M) 2,155ms
[2024-08-04T18:00:51.674+0300][248,589s][info ][gc] GC(2122) Pause Young (Normal) (G1 Evacuation Pause) 683M->70M(1024M) 2,021ms
[2024-08-04T18:00:51.799+0300][248,713s][info ][gc] GC(2123) Pause Young (Normal) (G1 Evacuation Pause) 683M->70M(1024M) 2,546ms
[2024-08-04T18:00:51.924+0300][248,838s][info ][gc] GC(2124) Pause Young (Normal) (G1 Evacuation Pause) 683M->70M(1024M) 2,227ms
[2024-08-04T18:00:52.043+0300][248,958s][info ][gc] GC(2125) Pause Young (Normal) (G1 Evacuation Pause) 683M->70M(1024M) 2,292ms
[2024-08-04T18:00:52.151+0300][249,065s][info ][gc] GC(2126) Pause Young (Normal) (G1 Evacuation Pause) 683M->70M(1024M) 2,244ms
[2024-08-04T18:00:52.264+0300][249,178s][info ][gc] GC(2127) Pause Young (Normal) (G1 Evacuation Pause) 683M->70M(1024M) 2,355ms
[2024-08-04T18:00:52.362+0300][249,276s][info ][gc] GC(2128) Pause Young (Normal) (G1 Evacuation Pause) 683M->71M(1024M) 1,958ms
[2024-08-04T18:00:52.473+0300][249,387s][info ][gc] GC(2129) Pause Young (Normal) (G1 Evacuation Pause) 684M->71M(1024M) 2,663ms
[2024-08-04T18:00:52.583+0300][249,497s][info ][gc] GC(2130) Pause Young (Normal) (G1 Evacuation Pause) 684M->71M(1024M) 2,622ms
[2024-08-04T18:00:52.697+0300][249,611s][info ][gc] GC(2131) Pause Young (Normal) (G1 Evacuation Pause) 684M->71M(1024M) 2,412ms
[2024-08-04T18:00:52.809+0300][249,723s][info ][gc] GC(2132) Pause Young (Normal) (G1 Evacuation Pause) 683M->71M(1024M) 2,619ms
[2024-08-04T18:00:52.909+0300][249,823s][info ][gc] GC(2133) Pause Young (Normal) (G1 Evacuation Pause) 683M->71M(1024M) 2,753ms
[2024-08-04T18:00:53.005+0300][249,920s][info ][gc] GC(2134) Pause Young (Normal) (G1 Evacuation Pause) 683M->71M(1024M) 2,532ms
[2024-08-04T18:00:53.102+0300][250,016s][info ][gc] GC(2135) Pause Young (Normal) (G1 Evacuation Pause) 683M->71M(1024M) 2,589ms
[2024-08-04T18:00:53.215+0300][250,129s][info ][gc] GC(2136) Pause Young (Normal) (G1 Evacuation Pause) 683M->71M(1024M) 2,571ms
[2024-08-04T18:00:53.324+0300][250,238s][info ][gc] GC(2137) Pause Young (Normal) (G1 Evacuation Pause) 684M->71M(1024M) 2,560ms
[2024-08-04T18:00:53.428+0300][250,342s][info ][gc] GC(2138) Pause Young (Normal) (G1 Evacuation Pause) 684M->71M(1024M) 2,514ms
[2024-08-04T18:00:53.539+0300][250,454s][info ][gc] GC(2139) Pause Young (Normal) (G1 Evacuation Pause) 684M->71M(1024M) 2,642ms
[2024-08-04T18:00:53.647+0300][250,561s][info ][gc] GC(2140) Pause Young (Normal) (G1 Evacuation Pause) 684M->71M(1024M) 2,344ms
[2024-08-04T18:00:53.758+0300][250,672s][info ][gc] GC(2141) Pause Young (Normal) (G1 Evacuation Pause) 684M->71M(1024M) 2,405ms
[2024-08-04T18:00:53.868+0300][250,782s][info ][gc] GC(2142) Pause Young (Normal) (G1 Evacuation Pause) 684M->71M(1024M) 2,573ms
[2024-08-04T18:00:53.968+0300][250,883s][info ][gc] GC(2143) Pause Young (Normal) (G1 Evacuation Pause) 684M->71M(1024M) 2,608ms
[2024-08-04T18:00:54.069+0300][250,984s][info ][gc] GC(2144) Pause Young (Normal) (G1 Evacuation Pause) 684M->71M(1024M) 2,271ms
[2024-08-04T18:00:54.171+0300][251,085s][info ][gc] GC(2145) Pause Young (Normal) (G1 Evacuation Pause) 684M->71M(1024M) 2,254ms
[2024-08-04T18:00:54.273+0300][251,187s][info ][gc] GC(2146) Pause Young (Normal) (G1 Evacuation Pause) 684M->71M(1024M) 2,241ms
[2024-08-04T18:00:54.381+0300][251,295s][info ][gc] GC(2147) Pause Young (Normal) (G1 Evacuation Pause) 684M->71M(1024M) 2,545ms
[2024-08-04T18:00:54.487+0300][251,401s][info ][gc] GC(2148) Pause Young (Normal) (G1 Evacuation Pause) 684M->71M(1024M) 2,385ms
[2024-08-04T18:00:54.583+0300][251,497s][info ][gc] GC(2149) Pause Young (Normal) (G1 Evacuation Pause) 684M->71M(1024M) 2,369ms
[2024-08-04T18:00:54.679+0300][251,593s][info ][gc] GC(2150) Pause Young (Normal) (G1 Evacuation Pause) 684M->71M(1024M) 2,297ms
[2024-08-04T18:00:54.787+0300][251,701s][info ][gc] GC(2151) Pause Young (Normal) (G1 Evacuation Pause) 684M->71M(1024M) 2,152ms
[2024-08-04T18:00:54.895+0300][251,810s][info ][gc] GC(2152) Pause Young (Normal) (G1 Evacuation Pause) 684M->71M(1024M) 2,389ms
[2024-08-04T18:00:55.003+0300][251,917s][info ][gc] GC(2153) Pause Young (Normal) (G1 Evacuation Pause) 684M->71M(1024M) 2,404ms
[2024-08-04T18:00:55.109+0300][252,023s][info ][gc] GC(2154) Pause Young (Normal) (G1 Evacuation Pause) 684M->71M(1024M) 2,591ms
[2024-08-04T18:00:55.206+0300][252,121s][info ][gc] GC(2155) Pause Young (Normal) (G1 Evacuation Pause) 684M->72M(1024M) 2,163ms
[2024-08-04T18:00:55.303+0300][252,217s][info ][gc] GC(2156) Pause Young (Normal) (G1 Evacuation Pause) 685M->72M(1024M) 2,658ms
[2024-08-04T18:00:55.399+0300][252,314s][info ][gc] GC(2157) Pause Young (Normal) (G1 Evacuation Pause) 685M->72M(1024M) 2,419ms
[2024-08-04T18:00:55.503+0300][252,417s][info ][gc] GC(2158) Pause Young (Normal) (G1 Evacuation Pause) 685M->72M(1024M) 2,409ms
[2024-08-04T18:00:55.608+0300][252,522s][info ][gc] GC(2159) Pause Young (Normal) (G1 Evacuation Pause) 685M->72M(1024M) 2,020ms
[2024-08-04T18:00:55.715+0300][252,629s][info ][gc] GC(2160) Pause Young (Normal) (G1 Evacuation Pause) 685M->72M(1024M) 2,032ms
[2024-08-04T18:00:55.823+0300][252,737s][info ][gc] GC(2161) Pause Young (Normal) (G1 Evacuation Pause) 685M->72M(1024M) 2,687ms
[2024-08-04T18:00:55.931+0300][252,846s][info ][gc] GC(2162) Pause Young (Normal) (G1 Evacuation Pause) 685M->72M(1024M) 2,296ms
[2024-08-04T18:00:56.027+0300][252,942s][info ][gc] GC(2163) Pause Young (Normal) (G1 Evacuation Pause) 685M->72M(1024M) 1,994ms
[2024-08-04T18:00:56.135+0300][253,049s][info ][gc] GC(2164) Pause Young (Normal) (G1 Evacuation Pause) 685M->72M(1024M) 2,328ms
[2024-08-04T18:00:56.242+0300][253,156s][info ][gc] GC(2165) Pause Young (Normal) (G1 Evacuation Pause) 685M->72M(1024M) 2,479ms
[2024-08-04T18:00:56.338+0300][253,252s][info ][gc] GC(2166) Pause Young (Normal) (G1 Evacuation Pause) 685M->72M(1024M) 2,166ms
[2024-08-04T18:00:56.445+0300][253,360s][info ][gc] GC(2167) Pause Young (Normal) (G1 Evacuation Pause) 685M->72M(1024M) 2,413ms
[2024-08-04T18:00:56.555+0300][253,469s][info ][gc] GC(2168) Pause Young (Normal) (G1 Evacuation Pause) 685M->72M(1024M) 2,295ms
[2024-08-04T18:00:56.652+0300][253,566s][info ][gc] GC(2169) Pause Young (Normal) (G1 Evacuation Pause) 685M->72M(1024M) 1,964ms
[2024-08-04T18:00:56.759+0300][253,673s][info ][gc] GC(2170) Pause Young (Normal) (G1 Evacuation Pause) 685M->72M(1024M) 1,981ms
[2024-08-04T18:00:56.856+0300][253,770s][info ][gc] GC(2171) Pause Young (Normal) (G1 Evacuation Pause) 685M->72M(1024M) 2,464ms
[2024-08-04T18:00:56.962+0300][253,877s][info ][gc] GC(2172) Pause Young (Normal) (G1 Evacuation Pause) 685M->72M(1024M) 1,826ms
[2024-08-04T18:00:57.069+0300][253,983s][info ][gc] GC(2173) Pause Young (Normal) (G1 Evacuation Pause) 685M->72M(1024M) 1,882ms
[2024-08-04T18:00:57.165+0300][254,079s][info ][gc] GC(2174) Pause Young (Normal) (G1 Evacuation Pause) 685M->72M(1024M) 1,992ms
[2024-08-04T18:00:57.262+0300][254,176s][info ][gc] GC(2175) Pause Young (Normal) (G1 Evacuation Pause) 685M->72M(1024M) 1,864ms
[2024-08-04T18:00:57.367+0300][254,281s][info ][gc] GC(2176) Pause Young (Normal) (G1 Evacuation Pause) 685M->72M(1024M) 2,052ms
[2024-08-04T18:00:57.475+0300][254,389s][info ][gc] GC(2177) Pause Young (Normal) (G1 Evacuation Pause) 685M->72M(1024M) 1,960ms
[2024-08-04T18:00:57.570+0300][254,485s][info ][gc] GC(2178) Pause Young (Normal) (G1 Evacuation Pause) 685M->72M(1024M) 1,895ms
[2024-08-04T18:00:57.679+0300][254,593s][info ][gc] GC(2179) Pause Young (Normal) (G1 Evacuation Pause) 685M->72M(1024M) 2,112ms
[2024-08-04T18:00:57.776+0300][254,691s][info ][gc] GC(2180) Pause Young (Normal) (G1 Evacuation Pause) 685M->72M(1024M) 2,076ms
[2024-08-04T18:00:57.885+0300][254,799s][info ][gc] GC(2181) Pause Young (Normal) (G1 Evacuation Pause) 685M->72M(1024M) 2,078ms
[2024-08-04T18:00:57.992+0300][254,906s][info ][gc] GC(2182) Pause Young (Normal) (G1 Evacuation Pause) 685M->72M(1024M) 2,035ms
[2024-08-04T18:00:58.102+0300][255,016s][info ][gc] GC(2183) Pause Young (Normal) (G1 Evacuation Pause) 685M->72M(1024M) 2,260ms
[2024-08-04T18:00:58.200+0300][255,114s][info ][gc] GC(2184) Pause Young (Normal) (G1 Evacuation Pause) 685M->72M(1024M) 2,261ms
[2024-08-04T18:00:58.302+0300][255,217s][info ][gc] GC(2185) Pause Young (Normal) (G1 Evacuation Pause) 685M->72M(1024M) 1,846ms
[2024-08-04T18:00:58.401+0300][255,315s][info ][gc] GC(2186) Pause Young (Normal) (G1 Evacuation Pause) 685M->72M(1024M) 2,240ms
[2024-08-04T18:00:58.503+0300][255,417s][info ][gc] GC(2187) Pause Young (Normal) (G1 Evacuation Pause) 685M->72M(1024M) 1,838ms
[2024-08-04T18:00:58.618+0300][255,533s][info ][gc] GC(2188) Pause Young (Normal) (G1 Evacuation Pause) 685M->72M(1024M) 2,725ms
[2024-08-04T18:00:58.726+0300][255,640s][info ][gc] GC(2189) Pause Young (Normal) (G1 Evacuation Pause) 685M->73M(1024M) 1,680ms
[2024-08-04T18:00:58.837+0300][255,751s][info ][gc] GC(2190) Pause Young (Normal) (G1 Evacuation Pause) 686M->73M(1024M) 2,043ms
[2024-08-04T18:00:58.955+0300][255,869s][info ][gc] GC(2191) Pause Young (Normal) (G1 Evacuation Pause) 686M->73M(1024M) 2,145ms
[2024-08-04T18:00:59.061+0300][255,975s][info ][gc] GC(2192) Pause Young (Normal) (G1 Evacuation Pause) 686M->73M(1024M) 2,325ms
[2024-08-04T18:00:59.170+0300][256,085s][info ][gc] GC(2193) Pause Young (Normal) (G1 Evacuation Pause) 686M->73M(1024M) 1,791ms
[2024-08-04T18:00:59.288+0300][256,202s][info ][gc] GC(2194) Pause Young (Normal) (G1 Evacuation Pause) 686M->73M(1024M) 2,155ms
[2024-08-04T18:00:59.407+0300][256,322s][info ][gc] GC(2195) Pause Young (Normal) (G1 Evacuation Pause) 686M->73M(1024M) 2,284ms
[2024-08-04T18:00:59.519+0300][256,433s][info ][gc] GC(2196) Pause Young (Normal) (G1 Evacuation Pause) 686M->73M(1024M) 2,068ms
[2024-08-04T18:00:59.629+0300][256,543s][info ][gc] GC(2197) Pause Young (Normal) (G1 Evacuation Pause) 686M->73M(1024M) 1,826ms
[2024-08-04T18:00:59.741+0300][256,655s][info ][gc] GC(2198) Pause Young (Normal) (G1 Evacuation Pause) 686M->73M(1024M) 2,100ms
[2024-08-04T18:00:59.850+0300][256,765s][info ][gc] GC(2199) Pause Young (Normal) (G1 Evacuation Pause) 686M->73M(1024M) 1,902ms
[2024-08-04T18:00:59.958+0300][256,872s][info ][gc] GC(2200) Pause Young (Normal) (G1 Evacuation Pause) 686M->73M(1024M) 1,769ms
[2024-08-04T18:01:00.071+0300][256,985s][info ][gc] GC(2201) Pause Young (Normal) (G1 Evacuation Pause) 686M->73M(1024M) 1,824ms
[2024-08-04T18:01:00.188+0300][257,102s][info ][gc] GC(2202) Pause Young (Normal) (G1 Evacuation Pause) 686M->73M(1024M) 2,083ms
[2024-08-04T18:01:00.306+0300][257,220s][info ][gc] GC(2203) Pause Young (Normal) (G1 Evacuation Pause) 686M->73M(1024M) 1,695ms
[2024-08-04T18:01:00.421+0300][257,335s][info ][gc] GC(2204) Pause Young (Normal) (G1 Evacuation Pause) 686M->73M(1024M) 1,897ms
[2024-08-04T18:01:00.540+0300][257,454s][info ][gc] GC(2205) Pause Young (Normal) (G1 Evacuation Pause) 686M->73M(1024M) 1,787ms
[2024-08-04T18:01:00.645+0300][257,560s][info ][gc] GC(2206) Pause Young (Normal) (G1 Evacuation Pause) 686M->73M(1024M) 2,318ms
[2024-08-04T18:01:00.764+0300][257,679s][info ][gc] GC(2207) Pause Young (Normal) (G1 Evacuation Pause) 686M->73M(1024M) 2,190ms
[2024-08-04T18:01:00.878+0300][257,792s][info ][gc] GC(2208) Pause Young (Normal) (G1 Evacuation Pause) 686M->73M(1024M) 2,105ms
[2024-08-04T18:01:00.987+0300][257,901s][info ][gc] GC(2209) Pause Young (Normal) (G1 Evacuation Pause) 686M->73M(1024M) 2,238ms
[2024-08-04T18:01:01.096+0300][258,010s][info ][gc] GC(2210) Pause Young (Normal) (G1 Evacuation Pause) 686M->73M(1024M) 2,390ms
[2024-08-04T18:01:01.206+0300][258,121s][info ][gc] GC(2211) Pause Young (Normal) (G1 Evacuation Pause) 686M->73M(1024M) 1,744ms
[2024-08-04T18:01:01.325+0300][258,239s][info ][gc] GC(2212) Pause Young (Normal) (G1 Evacuation Pause) 686M->73M(1024M) 2,164ms
[2024-08-04T18:01:01.436+0300][258,350s][info ][gc] GC(2213) Pause Young (Normal) (G1 Evacuation Pause) 686M->73M(1024M) 1,855ms
[2024-08-04T18:01:01.554+0300][258,468s][info ][gc] GC(2214) Pause Young (Normal) (G1 Evacuation Pause) 686M->73M(1024M) 1,862ms
[2024-08-04T18:01:01.666+0300][258,580s][info ][gc] GC(2215) Pause Young (Normal) (G1 Evacuation Pause) 686M->73M(1024M) 1,820ms
[2024-08-04T18:01:01.787+0300][258,701s][info ][gc] GC(2216) Pause Young (Normal) (G1 Evacuation Pause) 686M->73M(1024M) 1,905ms
[2024-08-04T18:01:01.900+0300][258,814s][info ][gc] GC(2217) Pause Young (Normal) (G1 Evacuation Pause) 686M->73M(1024M) 2,342ms
[2024-08-04T18:01:02.014+0300][258,928s][info ][gc] GC(2218) Pause Young (Normal) (G1 Evacuation Pause) 686M->73M(1024M) 1,824ms
[2024-08-04T18:01:02.131+0300][259,046s][info ][gc] GC(2219) Pause Young (Normal) (G1 Evacuation Pause) 686M->73M(1024M) 2,386ms
[2024-08-04T18:01:02.257+0300][259,172s][info ][gc] GC(2220) Pause Young (Normal) (G1 Evacuation Pause) 686M->73M(1024M) 2,353ms
[2024-08-04T18:01:02.382+0300][259,297s][info ][gc] GC(2221) Pause Young (Normal) (G1 Evacuation Pause) 686M->73M(1024M) 2,174ms
[2024-08-04T18:01:02.507+0300][259,421s][info ][gc] GC(2222) Pause Young (Normal) (G1 Evacuation Pause) 686M->73M(1024M) 2,001ms
[2024-08-04T18:01:02.631+0300][259,546s][info ][gc] GC(2223) Pause Young (Normal) (G1 Evacuation Pause) 686M->73M(1024M) 2,086ms
[2024-08-04T18:01:02.748+0300][259,662s][info ][gc] GC(2224) Pause Young (Normal) (G1 Evacuation Pause) 686M->73M(1024M) 2,401ms
[2024-08-04T18:01:02.867+0300][259,781s][info ][gc] GC(2225) Pause Young (Normal) (G1 Evacuation Pause) 686M->73M(1024M) 1,977ms
[2024-08-04T18:01:02.984+0300][259,898s][info ][gc] GC(2226) Pause Young (Normal) (G1 Evacuation Pause) 686M->73M(1024M) 1,842ms
[2024-08-04T18:01:03.111+0300][260,025s][info ][gc] GC(2227) Pause Young (Normal) (G1 Evacuation Pause) 686M->73M(1024M) 1,690ms
[2024-08-04T18:01:03.238+0300][260,152s][info ][gc] GC(2228) Pause Young (Normal) (G1 Evacuation Pause) 686M->73M(1024M) 2,042ms
[2024-08-04T18:01:03.365+0300][260,279s][info ][gc] GC(2229) Pause Young (Normal) (G1 Evacuation Pause) 686M->74M(1024M) 1,741ms
[2024-08-04T18:01:03.485+0300][260,399s][info ][gc] GC(2230) Pause Young (Normal) (G1 Evacuation Pause) 687M->74M(1024M) 2,412ms
[2024-08-04T18:01:03.605+0300][260,519s][info ][gc] GC(2231) Pause Young (Normal) (G1 Evacuation Pause) 687M->74M(1024M) 1,829ms
[2024-08-04T18:01:03.727+0300][260,641s][info ][gc] GC(2232) Pause Young (Normal) (G1 Evacuation Pause) 687M->74M(1024M) 2,128ms
[2024-08-04T18:01:03.850+0300][260,764s][info ][gc] GC(2233) Pause Young (Normal) (G1 Evacuation Pause) 687M->74M(1024M) 1,933ms
[2024-08-04T18:01:03.982+0300][260,896s][info ][gc] GC(2234) Pause Young (Normal) (G1 Evacuation Pause) 687M->74M(1024M) 2,246ms
[2024-08-04T18:01:04.113+0300][261,028s][info ][gc] GC(2235) Pause Young (Normal) (G1 Evacuation Pause) 687M->74M(1024M) 1,719ms
[2024-08-04T18:01:04.245+0300][261,160s][info ][gc] GC(2236) Pause Young (Normal) (G1 Evacuation Pause) 687M->74M(1024M) 1,839ms
[2024-08-04T18:01:04.376+0300][261,290s][info ][gc] GC(2237) Pause Young (Normal) (G1 Evacuation Pause) 687M->74M(1024M) 1,866ms
[2024-08-04T18:01:04.513+0300][261,427s][info ][gc] GC(2238) Pause Young (Normal) (G1 Evacuation Pause) 687M->74M(1024M) 2,356ms
[2024-08-04T18:01:04.643+0300][261,558s][info ][gc] GC(2239) Pause Young (Normal) (G1 Evacuation Pause) 687M->74M(1024M) 1,735ms
[2024-08-04T18:01:04.777+0300][261,691s][info ][gc] GC(2240) Pause Young (Normal) (G1 Evacuation Pause) 687M->74M(1024M) 1,957ms
[2024-08-04T18:01:04.909+0300][261,824s][info ][gc] GC(2241) Pause Young (Normal) (G1 Evacuation Pause) 687M->74M(1024M) 2,201ms
[2024-08-04T18:01:05.041+0300][261,955s][info ][gc] GC(2242) Pause Young (Normal) (G1 Evacuation Pause) 687M->74M(1024M) 1,765ms
[2024-08-04T18:01:05.170+0300][262,084s][info ][gc] GC(2243) Pause Young (Normal) (G1 Evacuation Pause) 687M->74M(1024M) 2,228ms
[2024-08-04T18:01:05.307+0300][262,221s][info ][gc] GC(2244) Pause Young (Normal) (G1 Evacuation Pause) 687M->74M(1024M) 1,967ms
[2024-08-04T18:01:05.448+0300][262,362s][info ][gc] GC(2245) Pause Young (Normal) (G1 Evacuation Pause) 687M->74M(1024M) 1,799ms
[2024-08-04T18:01:05.637+0300][262,551s][info ][gc] GC(2246) Pause Young (Normal) (G1 Evacuation Pause) 687M->74M(1024M) 2,001ms
[2024-08-04T18:01:05.784+0300][262,699s][info ][gc] GC(2247) Pause Young (Normal) (G1 Evacuation Pause) 687M->74M(1024M) 2,826ms
[2024-08-04T18:01:05.931+0300][262,845s][info ][gc] GC(2248) Pause Young (Normal) (G1 Evacuation Pause) 687M->74M(1024M) 2,331ms
[2024-08-04T18:01:06.045+0300][262,959s][info ][gc] GC(2249) Pause Young (Normal) (G1 Evacuation Pause) 687M->74M(1024M) 1,870ms
[2024-08-04T18:01:06.167+0300][263,081s][info ][gc] GC(2250) Pause Young (Normal) (G1 Evacuation Pause) 687M->74M(1024M) 2,213ms
[2024-08-04T18:01:06.284+0300][263,199s][info ][gc] GC(2251) Pause Young (Normal) (G1 Evacuation Pause) 687M->74M(1024M) 2,507ms
[2024-08-04T18:01:06.400+0300][263,314s][info ][gc] GC(2252) Pause Young (Normal) (G1 Evacuation Pause) 687M->74M(1024M) 2,347ms
[2024-08-04T18:01:06.504+0300][263,418s][info ][gc] GC(2253) Pause Young (Normal) (G1 Evacuation Pause) 687M->74M(1024M) 2,022ms
[2024-08-04T18:01:06.618+0300][263,532s][info ][gc] GC(2254) Pause Young (Normal) (G1 Evacuation Pause) 687M->75M(1024M) 2,315ms
[2024-08-04T18:01:06.730+0300][263,644s][info ][gc] GC(2255) Pause Young (Normal) (G1 Evacuation Pause) 688M->75M(1024M) 2,194ms
[2024-08-04T18:01:06.862+0300][263,777s][info ][gc] GC(2256) Pause Young (Normal) (G1 Evacuation Pause) 688M->75M(1024M) 2,387ms
[2024-08-04T18:01:06.964+0300][263,878s][info ][gc] GC(2257) Pause Young (Normal) (G1 Evacuation Pause) 688M->75M(1024M) 2,343ms
[2024-08-04T18:01:07.076+0300][263,991s][info ][gc] GC(2258) Pause Young (Normal) (G1 Evacuation Pause) 688M->75M(1024M) 2,072ms
[2024-08-04T18:01:07.183+0300][264,097s][info ][gc] GC(2259) Pause Young (Normal) (G1 Evacuation Pause) 687M->75M(1024M) 2,240ms
[2024-08-04T18:01:07.296+0300][264,210s][info ][gc] GC(2260) Pause Young (Normal) (G1 Evacuation Pause) 687M->75M(1024M) 2,391ms
[2024-08-04T18:01:07.407+0300][264,322s][info ][gc] GC(2261) Pause Young (Normal) (G1 Evacuation Pause) 687M->75M(1024M) 2,201ms
[2024-08-04T18:01:07.516+0300][264,430s][info ][gc] GC(2262) Pause Young (Normal) (G1 Evacuation Pause) 688M->75M(1024M) 2,359ms
[2024-08-04T18:01:07.617+0300][264,532s][info ][gc] GC(2263) Pause Young (Normal) (G1 Evacuation Pause) 688M->75M(1024M) 2,174ms
[2024-08-04T18:01:07.720+0300][264,634s][info ][gc] GC(2264) Pause Young (Normal) (G1 Evacuation Pause) 688M->75M(1024M) 2,061ms
[2024-08-04T18:01:07.817+0300][264,731s][info ][gc] GC(2265) Pause Young (Normal) (G1 Evacuation Pause) 688M->75M(1024M) 2,211ms
[2024-08-04T18:01:07.921+0300][264,835s][info ][gc] GC(2266) Pause Young (Normal) (G1 Evacuation Pause) 688M->75M(1024M) 2,171ms
[2024-08-04T18:01:08.025+0300][264,939s][info ][gc] GC(2267) Pause Young (Normal) (G1 Evacuation Pause) 688M->75M(1024M) 1,844ms
[2024-08-04T18:01:08.137+0300][265,052s][info ][gc] GC(2268) Pause Young (Normal) (G1 Evacuation Pause) 688M->75M(1024M) 2,037ms
[2024-08-04T18:01:08.243+0300][265,157s][info ][gc] GC(2269) Pause Young (Normal) (G1 Evacuation Pause) 688M->75M(1024M) 2,219ms
[2024-08-04T18:01:08.355+0300][265,269s][info ][gc] GC(2270) Pause Young (Normal) (G1 Evacuation Pause) 688M->75M(1024M) 2,143ms
[2024-08-04T18:01:08.465+0300][265,379s][info ][gc] GC(2271) Pause Young (Normal) (G1 Evacuation Pause) 688M->75M(1024M) 1,947ms
[2024-08-04T18:01:08.563+0300][265,477s][info ][gc] GC(2272) Pause Young (Normal) (G1 Evacuation Pause) 688M->75M(1024M) 1,965ms
[2024-08-04T18:01:08.669+0300][265,583s][info ][gc] GC(2273) Pause Young (Normal) (G1 Evacuation Pause) 688M->75M(1024M) 2,008ms
[2024-08-04T18:01:08.780+0300][265,694s][info ][gc] GC(2274) Pause Young (Normal) (G1 Evacuation Pause) 688M->75M(1024M) 2,253ms
[2024-08-04T18:01:08.891+0300][265,805s][info ][gc] GC(2275) Pause Young (Normal) (G1 Evacuation Pause) 688M->75M(1024M) 2,101ms
[2024-08-04T18:01:08.998+0300][265,913s][info ][gc] GC(2276) Pause Young (Normal) (G1 Evacuation Pause) 688M->75M(1024M) 2,239ms
[2024-08-04T18:01:09.111+0300][266,025s][info ][gc] GC(2277) Pause Young (Normal) (G1 Evacuation Pause) 688M->75M(1024M) 2,151ms
[2024-08-04T18:01:09.222+0300][266,136s][info ][gc] GC(2278) Pause Young (Normal) (G1 Evacuation Pause) 688M->75M(1024M) 2,198ms
[2024-08-04T18:01:09.335+0300][266,250s][info ][gc] GC(2279) Pause Young (Normal) (G1 Evacuation Pause) 688M->75M(1024M) 2,174ms
[2024-08-04T18:01:09.437+0300][266,351s][info ][gc] GC(2280) Pause Young (Normal) (G1 Evacuation Pause) 688M->76M(1024M) 2,124ms
[2024-08-04T18:01:09.548+0300][266,463s][info ][gc] GC(2281) Pause Young (Normal) (G1 Evacuation Pause) 689M->76M(1024M) 1,985ms
[2024-08-04T18:01:09.645+0300][266,559s][info ][gc] GC(2282) Pause Young (Normal) (G1 Evacuation Pause) 689M->76M(1024M) 2,008ms
[2024-08-04T18:01:09.752+0300][266,666s][info ][gc] GC(2283) Pause Young (Normal) (G1 Evacuation Pause) 689M->76M(1024M) 1,999ms
[2024-08-04T18:01:09.853+0300][266,767s][info ][gc] GC(2284) Pause Young (Normal) (G1 Evacuation Pause) 689M->76M(1024M) 1,975ms
[2024-08-04T18:01:09.965+0300][266,879s][info ][gc] GC(2285) Pause Young (Normal) (G1 Evacuation Pause) 689M->76M(1024M) 1,955ms
[2024-08-04T18:01:10.075+0300][266,989s][info ][gc] GC(2286) Pause Young (Normal) (G1 Evacuation Pause) 689M->76M(1024M) 2,324ms
[2024-08-04T18:01:10.185+0300][267,099s][info ][gc] GC(2287) Pause Young (Normal) (G1 Evacuation Pause) 689M->76M(1024M) 2,239ms
[2024-08-04T18:01:10.297+0300][267,211s][info ][gc] GC(2288) Pause Young (Normal) (G1 Evacuation Pause) 689M->76M(1024M) 2,272ms
[2024-08-04T18:01:10.405+0300][267,319s][info ][gc] GC(2289) Pause Young (Normal) (G1 Evacuation Pause) 689M->76M(1024M) 2,332ms
[2024-08-04T18:01:10.506+0300][267,421s][info ][gc] GC(2290) Pause Young (Normal) (G1 Evacuation Pause) 689M->76M(1024M) 2,155ms
[2024-08-04T18:01:10.616+0300][267,530s][info ][gc] GC(2291) Pause Young (Normal) (G1 Evacuation Pause) 689M->76M(1024M) 2,283ms
[2024-08-04T18:01:10.723+0300][267,637s][info ][gc] GC(2292) Pause Young (Normal) (G1 Evacuation Pause) 689M->76M(1024M) 1,973ms
[2024-08-04T18:01:10.834+0300][267,749s][info ][gc] GC(2293) Pause Young (Normal) (G1 Evacuation Pause) 689M->76M(1024M) 2,583ms
[2024-08-04T18:01:10.932+0300][267,846s][info ][gc] GC(2294) Pause Young (Normal) (G1 Evacuation Pause) 689M->76M(1024M) 2,422ms
[2024-08-04T18:01:11.041+0300][267,955s][info ][gc] GC(2295) Pause Young (Normal) (G1 Evacuation Pause) 689M->76M(1024M) 2,445ms
[2024-08-04T18:01:11.148+0300][268,062s][info ][gc] GC(2296) Pause Young (Normal) (G1 Evacuation Pause) 689M->76M(1024M) 2,180ms
[2024-08-04T18:01:11.257+0300][268,171s][info ][gc] GC(2297) Pause Young (Normal) (G1 Evacuation Pause) 689M->76M(1024M) 2,380ms
[2024-08-04T18:01:11.366+0300][268,280s][info ][gc] GC(2298) Pause Young (Normal) (G1 Evacuation Pause) 689M->76M(1024M) 2,635ms
[2024-08-04T18:01:11.473+0300][268,387s][info ][gc] GC(2299) Pause Young (Normal) (G1 Evacuation Pause) 689M->76M(1024M) 2,432ms
[2024-08-04T18:01:11.582+0300][268,496s][info ][gc] GC(2300) Pause Young (Normal) (G1 Evacuation Pause) 689M->76M(1024M) 2,203ms
[2024-08-04T18:01:11.679+0300][268,593s][info ][gc] GC(2301) Pause Young (Normal) (G1 Evacuation Pause) 689M->76M(1024M) 2,249ms
[2024-08-04T18:01:11.787+0300][268,701s][info ][gc] GC(2302) Pause Young (Normal) (G1 Evacuation Pause) 689M->76M(1024M) 2,396ms
[2024-08-04T18:01:11.885+0300][268,799s][info ][gc] GC(2303) Pause Young (Normal) (G1 Evacuation Pause) 689M->76M(1024M) 2,467ms
[2024-08-04T18:01:11.982+0300][268,896s][info ][gc] GC(2304) Pause Young (Normal) (G1 Evacuation Pause) 689M->76M(1024M) 2,494ms
[2024-08-04T18:01:12.086+0300][269,000s][info ][gc] GC(2305) Pause Young (Normal) (G1 Evacuation Pause) 689M->76M(1024M) 2,234ms
[2024-08-04T18:01:12.184+0300][269,098s][info ][gc] GC(2306) Pause Young (Normal) (G1 Evacuation Pause) 689M->76M(1024M) 2,360ms
[2024-08-04T18:01:12.284+0300][269,199s][info ][gc] GC(2307) Pause Young (Normal) (G1 Evacuation Pause) 689M->76M(1024M) 1,882ms
[2024-08-04T18:01:12.383+0300][269,297s][info ][gc] GC(2308) Pause Young (Normal) (G1 Evacuation Pause) 689M->76M(1024M) 2,414ms
[2024-08-04T18:01:12.491+0300][269,406s][info ][gc] GC(2309) Pause Young (Normal) (G1 Evacuation Pause) 689M->76M(1024M) 2,445ms
[2024-08-04T18:01:12.600+0300][269,514s][info ][gc] GC(2310) Pause Young (Normal) (G1 Evacuation Pause) 689M->76M(1024M) 2,177ms
[2024-08-04T18:01:12.704+0300][269,618s][info ][gc] GC(2311) Pause Young (Normal) (G1 Evacuation Pause) 689M->76M(1024M) 2,005ms
[2024-08-04T18:01:12.815+0300][269,729s][info ][gc] GC(2312) Pause Young (Normal) (G1 Evacuation Pause) 689M->76M(1024M) 2,054ms
[2024-08-04T18:01:12.925+0300][269,839s][info ][gc] GC(2313) Pause Young (Normal) (G1 Evacuation Pause) 689M->76M(1024M) 2,085ms
[2024-08-04T18:01:13.026+0300][269,940s][info ][gc] GC(2314) Pause Young (Normal) (G1 Evacuation Pause) 689M->77M(1024M) 2,129ms
[2024-08-04T18:01:13.136+0300][270,050s][info ][gc] GC(2315) Pause Young (Normal) (G1 Evacuation Pause) 690M->77M(1024M) 2,440ms
[2024-08-04T18:01:13.247+0300][270,161s][info ][gc] GC(2316) Pause Young (Normal) (G1 Evacuation Pause) 690M->77M(1024M) 2,123ms
[2024-08-04T18:01:13.347+0300][270,262s][info ][gc] GC(2317) Pause Young (Normal) (G1 Evacuation Pause) 690M->77M(1024M) 2,722ms
[2024-08-04T18:01:13.449+0300][270,363s][info ][gc] GC(2318) Pause Young (Normal) (G1 Evacuation Pause) 690M->77M(1024M) 2,031ms
[2024-08-04T18:01:13.550+0300][270,464s][info ][gc] GC(2319) Pause Young (Normal) (G1 Evacuation Pause) 690M->77M(1024M) 2,137ms
[2024-08-04T18:01:13.663+0300][270,577s][info ][gc] GC(2320) Pause Young (Normal) (G1 Evacuation Pause) 690M->77M(1024M) 2,649ms
[2024-08-04T18:01:13.774+0300][270,689s][info ][gc] GC(2321) Pause Young (Normal) (G1 Evacuation Pause) 690M->77M(1024M) 2,195ms
[2024-08-04T18:01:13.878+0300][270,793s][info ][gc] GC(2322) Pause Young (Normal) (G1 Evacuation Pause) 690M->77M(1024M) 2,288ms
[2024-08-04T18:01:13.995+0300][270,909s][info ][gc] GC(2323) Pause Young (Normal) (G1 Evacuation Pause) 690M->77M(1024M) 2,613ms
[2024-08-04T18:01:14.109+0300][271,023s][info ][gc] GC(2324) Pause Young (Normal) (G1 Evacuation Pause) 690M->77M(1024M) 2,330ms
[2024-08-04T18:01:14.212+0300][271,126s][info ][gc] GC(2325) Pause Young (Normal) (G1 Evacuation Pause) 690M->77M(1024M) 2,135ms
[2024-08-04T18:01:14.317+0300][271,231s][info ][gc] GC(2326) Pause Young (Normal) (G1 Evacuation Pause) 690M->77M(1024M) 1,976ms
[2024-08-04T18:01:14.420+0300][271,335s][info ][gc] GC(2327) Pause Young (Normal) (G1 Evacuation Pause) 690M->77M(1024M) 2,259ms
[2024-08-04T18:01:14.535+0300][271,449s][info ][gc] GC(2328) Pause Young (Normal) (G1 Evacuation Pause) 690M->77M(1024M) 2,518ms
[2024-08-04T18:01:14.649+0300][271,563s][info ][gc] GC(2329) Pause Young (Normal) (G1 Evacuation Pause) 690M->77M(1024M) 2,211ms
[2024-08-04T18:01:14.756+0300][271,670s][info ][gc] GC(2330) Pause Young (Normal) (G1 Evacuation Pause) 690M->77M(1024M) 2,583ms
[2024-08-04T18:01:14.862+0300][271,776s][info ][gc] GC(2331) Pause Young (Normal) (G1 Evacuation Pause) 690M->77M(1024M) 2,698ms
[2024-08-04T18:01:14.978+0300][271,892s][info ][gc] GC(2332) Pause Young (Normal) (G1 Evacuation Pause) 690M->77M(1024M) 1,941ms
[2024-08-04T18:01:15.093+0300][272,007s][info ][gc] GC(2333) Pause Young (Normal) (G1 Evacuation Pause) 690M->77M(1024M) 2,746ms
[2024-08-04T18:01:15.202+0300][272,116s][info ][gc] GC(2334) Pause Young (Normal) (G1 Evacuation Pause) 690M->77M(1024M) 1,916ms
[2024-08-04T18:01:15.309+0300][272,224s][info ][gc] GC(2335) Pause Young (Normal) (G1 Evacuation Pause) 690M->77M(1024M) 2,405ms
[2024-08-04T18:01:15.419+0300][272,333s][info ][gc] GC(2336) Pause Young (Normal) (G1 Evacuation Pause) 690M->77M(1024M) 2,055ms
[2024-08-04T18:01:15.527+0300][272,441s][info ][gc] GC(2337) Pause Young (Normal) (G1 Evacuation Pause) 690M->77M(1024M) 2,045ms
[2024-08-04T18:01:15.650+0300][272,565s][info ][gc] GC(2338) Pause Young (Normal) (G1 Evacuation Pause) 690M->77M(1024M) 2,162ms
[2024-08-04T18:01:15.773+0300][272,687s][info ][gc] GC(2339) Pause Young (Normal) (G1 Evacuation Pause) 690M->77M(1024M) 2,552ms
[2024-08-04T18:01:15.899+0300][272,813s][info ][gc] GC(2340) Pause Young (Normal) (G1 Evacuation Pause) 690M->77M(1024M) 1,709ms
[2024-08-04T18:01:16.017+0300][272,931s][info ][gc] GC(2341) Pause Young (Normal) (G1 Evacuation Pause) 690M->77M(1024M) 2,068ms
[2024-08-04T18:01:16.152+0300][273,066s][info ][gc] GC(2342) Pause Young (Normal) (G1 Evacuation Pause) 690M->77M(1024M) 1,822ms
[2024-08-04T18:01:16.284+0300][273,198s][info ][gc] GC(2343) Pause Young (Normal) (G1 Evacuation Pause) 690M->77M(1024M) 2,222ms
[2024-08-04T18:01:16.416+0300][273,330s][info ][gc] GC(2344) Pause Young (Normal) (G1 Evacuation Pause) 690M->77M(1024M) 2,257ms
[2024-08-04T18:01:16.544+0300][273,458s][info ][gc] GC(2345) Pause Young (Normal) (G1 Evacuation Pause) 690M->77M(1024M) 2,004ms
[2024-08-04T18:01:16.673+0300][273,587s][info ][gc] GC(2346) Pause Young (Normal) (G1 Evacuation Pause) 690M->77M(1024M) 2,194ms
[2024-08-04T18:01:16.798+0300][273,712s][info ][gc] GC(2347) Pause Young (Normal) (G1 Evacuation Pause) 690M->77M(1024M) 2,330ms
[2024-08-04T18:01:16.920+0300][273,834s][info ][gc] GC(2348) Pause Young (Normal) (G1 Evacuation Pause) 690M->77M(1024M) 1,659ms
[2024-08-04T18:01:17.044+0300][273,958s][info ][gc] GC(2349) Pause Young (Normal) (G1 Evacuation Pause) 690M->77M(1024M) 2,173ms
[2024-08-04T18:01:17.168+0300][274,082s][info ][gc] GC(2350) Pause Young (Normal) (G1 Evacuation Pause) 690M->77M(1024M) 1,938ms
[2024-08-04T18:01:17.283+0300][274,197s][info ][gc] GC(2351) Pause Young (Normal) (G1 Evacuation Pause) 690M->77M(1024M) 2,006ms
[2024-08-04T18:01:17.413+0300][274,327s][info ][gc] GC(2352) Pause Young (Normal) (G1 Evacuation Pause) 690M->77M(1024M) 1,841ms
[2024-08-04T18:01:17.535+0300][274,449s][info ][gc] GC(2353) Pause Young (Normal) (G1 Evacuation Pause) 690M->78M(1024M) 2,175ms
[2024-08-04T18:01:17.665+0300][274,580s][info ][gc] GC(2354) Pause Young (Normal) (G1 Evacuation Pause) 691M->78M(1024M) 1,957ms
[2024-08-04T18:01:17.809+0300][274,724s][info ][gc] GC(2355) Pause Young (Normal) (G1 Evacuation Pause) 691M->78M(1024M) 2,374ms
[2024-08-04T18:01:17.949+0300][274,863s][info ][gc] GC(2356) Pause Young (Normal) (G1 Evacuation Pause) 691M->78M(1024M) 1,997ms
[2024-08-04T18:01:18.084+0300][274,998s][info ][gc] GC(2357) Pause Young (Normal) (G1 Evacuation Pause) 691M->78M(1024M) 2,456ms
[2024-08-04T18:01:18.207+0300][275,121s][info ][gc] GC(2358) Pause Young (Normal) (G1 Evacuation Pause) 691M->78M(1024M) 1,852ms
[2024-08-04T18:01:18.336+0300][275,251s][info ][gc] GC(2359) Pause Young (Normal) (G1 Evacuation Pause) 691M->78M(1024M) 1,962ms
[2024-08-04T18:01:18.468+0300][275,382s][info ][gc] GC(2360) Pause Young (Normal) (G1 Evacuation Pause) 691M->78M(1024M) 2,407ms
[2024-08-04T18:01:18.604+0300][275,518s][info ][gc] GC(2361) Pause Young (Normal) (G1 Evacuation Pause) 691M->78M(1024M) 2,443ms
[2024-08-04T18:01:18.738+0300][275,652s][info ][gc] GC(2362) Pause Young (Normal) (G1 Evacuation Pause) 691M->78M(1024M) 1,971ms
[2024-08-04T18:01:18.872+0300][275,787s][info ][gc] GC(2363) Pause Young (Normal) (G1 Evacuation Pause) 691M->78M(1024M) 2,406ms
[2024-08-04T18:01:19.003+0300][275,917s][info ][gc] GC(2364) Pause Young (Normal) (G1 Evacuation Pause) 691M->78M(1024M) 2,077ms
[2024-08-04T18:01:19.130+0300][276,044s][info ][gc] GC(2365) Pause Young (Normal) (G1 Evacuation Pause) 691M->78M(1024M) 2,011ms
[2024-08-04T18:01:19.265+0300][276,180s][info ][gc] GC(2366) Pause Young (Normal) (G1 Evacuation Pause) 691M->78M(1024M) 1,946ms
[2024-08-04T18:01:19.402+0300][276,316s][info ][gc] GC(2367) Pause Young (Normal) (G1 Evacuation Pause) 691M->78M(1024M) 2,400ms
[2024-08-04T18:01:19.540+0300][276,454s][info ][gc] GC(2368) Pause Young (Normal) (G1 Evacuation Pause) 691M->78M(1024M) 2,384ms
[2024-08-04T18:01:19.678+0300][276,593s][info ][gc] GC(2369) Pause Young (Normal) (G1 Evacuation Pause) 691M->78M(1024M) 1,994ms
[2024-08-04T18:01:19.819+0300][276,733s][info ][gc] GC(2370) Pause Young (Normal) (G1 Evacuation Pause) 691M->78M(1024M) 2,407ms
[2024-08-04T18:01:20.067+0300][276,981s][info ][gc] GC(2371) Pause Young (Normal) (G1 Evacuation Pause) 691M->78M(1024M) 2,125ms
[2024-08-04T18:01:20.204+0300][277,118s][info ][gc] GC(2372) Pause Young (Normal) (G1 Evacuation Pause) 691M->78M(1024M) 2,466ms
[2024-08-04T18:01:20.330+0300][277,245s][info ][gc] GC(2373) Pause Young (Normal) (G1 Evacuation Pause) 691M->78M(1024M) 2,406ms
[2024-08-04T18:01:20.447+0300][277,362s][info ][gc] GC(2374) Pause Young (Normal) (G1 Evacuation Pause) 691M->78M(1024M) 2,586ms
[2024-08-04T18:01:20.566+0300][277,481s][info ][gc] GC(2375) Pause Young (Normal) (G1 Evacuation Pause) 691M->78M(1024M) 2,459ms
[2024-08-04T18:01:20.674+0300][277,588s][info ][gc] GC(2376) Pause Young (Normal) (G1 Evacuation Pause) 691M->78M(1024M) 2,423ms
[2024-08-04T18:01:20.786+0300][277,700s][info ][gc] GC(2377) Pause Young (Normal) (G1 Evacuation Pause) 691M->78M(1024M) 2,561ms
[2024-08-04T18:01:20.899+0300][277,813s][info ][gc] GC(2378) Pause Young (Normal) (G1 Evacuation Pause) 691M->79M(1024M) 2,603ms
[2024-08-04T18:01:21.008+0300][277,922s][info ][gc] GC(2379) Pause Young (Normal) (G1 Evacuation Pause) 692M->79M(1024M) 2,414ms
[2024-08-04T18:01:21.122+0300][278,036s][info ][gc] GC(2380) Pause Young (Normal) (G1 Evacuation Pause) 692M->79M(1024M) 2,723ms
[2024-08-04T18:01:21.225+0300][278,139s][info ][gc] GC(2381) Pause Young (Normal) (G1 Evacuation Pause) 692M->79M(1024M) 2,214ms
[2024-08-04T18:01:21.331+0300][278,245s][info ][gc] GC(2382) Pause Young (Normal) (G1 Evacuation Pause) 692M->79M(1024M) 3,072ms
[2024-08-04T18:01:21.439+0300][278,353s][info ][gc] GC(2383) Pause Young (Normal) (G1 Evacuation Pause) 691M->79M(1024M) 2,769ms
[2024-08-04T18:01:21.551+0300][278,465s][info ][gc] GC(2384) Pause Young (Normal) (G1 Evacuation Pause) 691M->79M(1024M) 2,795ms
[2024-08-04T18:01:21.656+0300][278,570s][info ][gc] GC(2385) Pause Young (Normal) (G1 Evacuation Pause) 691M->79M(1024M) 2,720ms
[2024-08-04T18:01:21.765+0300][278,679s][info ][gc] GC(2386) Pause Young (Normal) (G1 Evacuation Pause) 691M->79M(1024M) 2,544ms
[2024-08-04T18:01:21.867+0300][278,782s][info ][gc] GC(2387) Pause Young (Normal) (G1 Evacuation Pause) 692M->79M(1024M) 2,808ms
[2024-08-04T18:01:21.977+0300][278,891s][info ][gc] GC(2388) Pause Young (Normal) (G1 Evacuation Pause) 692M->79M(1024M) 2,427ms
[2024-08-04T18:01:22.079+0300][278,993s][info ][gc] GC(2389) Pause Young (Normal) (G1 Evacuation Pause) 692M->79M(1024M) 2,628ms
[2024-08-04T18:01:22.177+0300][279,091s][info ][gc] GC(2390) Pause Young (Normal) (G1 Evacuation Pause) 692M->79M(1024M) 2,281ms
[2024-08-04T18:01:22.284+0300][279,199s][info ][gc] GC(2391) Pause Young (Normal) (G1 Evacuation Pause) 692M->79M(1024M) 2,517ms
[2024-08-04T18:01:22.394+0300][279,308s][info ][gc] GC(2392) Pause Young (Normal) (G1 Evacuation Pause) 692M->79M(1024M) 2,860ms
[2024-08-04T18:01:22.490+0300][279,404s][info ][gc] GC(2393) Pause Young (Normal) (G1 Evacuation Pause) 692M->79M(1024M) 2,488ms
[2024-08-04T18:01:22.587+0300][279,501s][info ][gc] GC(2394) Pause Young (Normal) (G1 Evacuation Pause) 692M->79M(1024M) 2,480ms
[2024-08-04T18:01:22.683+0300][279,597s][info ][gc] GC(2395) Pause Young (Normal) (G1 Evacuation Pause) 692M->79M(1024M) 2,502ms
[2024-08-04T18:01:22.778+0300][279,692s][info ][gc] GC(2396) Pause Young (Normal) (G1 Evacuation Pause) 692M->79M(1024M) 1,976ms
[2024-08-04T18:01:22.874+0300][279,788s][info ][gc] GC(2397) Pause Young (Normal) (G1 Evacuation Pause) 692M->79M(1024M) 2,239ms
[2024-08-04T18:01:22.987+0300][279,901s][info ][gc] GC(2398) Pause Young (Normal) (G1 Evacuation Pause) 692M->79M(1024M) 2,097ms
[2024-08-04T18:01:23.097+0300][280,011s][info ][gc] GC(2399) Pause Young (Normal) (G1 Evacuation Pause) 692M->79M(1024M) 2,055ms
[2024-08-04T18:01:23.209+0300][280,123s][info ][gc] GC(2400) Pause Young (Normal) (G1 Evacuation Pause) 692M->79M(1024M) 2,457ms
[2024-08-04T18:01:23.316+0300][280,230s][info ][gc] GC(2401) Pause Young (Normal) (G1 Evacuation Pause) 692M->79M(1024M) 2,503ms
[2024-08-04T18:01:23.429+0300][280,343s][info ][gc] GC(2402) Pause Young (Normal) (G1 Evacuation Pause) 692M->79M(1024M) 3,393ms
[2024-08-04T18:01:23.525+0300][280,439s][info ][gc] GC(2403) Pause Young (Normal) (G1 Evacuation Pause) 692M->79M(1024M) 2,535ms
[2024-08-04T18:01:23.631+0300][280,545s][info ][gc] GC(2404) Pause Young (Normal) (G1 Evacuation Pause) 692M->79M(1024M) 2,720ms
[2024-08-04T18:01:23.733+0300][280,648s][info ][gc] GC(2405) Pause Young (Normal) (G1 Evacuation Pause) 692M->80M(1024M) 2,377ms
[2024-08-04T18:01:23.831+0300][280,745s][info ][gc] GC(2406) Pause Young (Normal) (G1 Evacuation Pause) 693M->80M(1024M) 2,230ms
[2024-08-04T18:01:23.933+0300][280,847s][info ][gc] GC(2407) Pause Young (Normal) (G1 Evacuation Pause) 693M->80M(1024M) 1,997ms
[2024-08-04T18:01:24.045+0300][280,960s][info ][gc] GC(2408) Pause Young (Normal) (G1 Evacuation Pause) 693M->80M(1024M) 2,327ms
[2024-08-04T18:01:24.151+0300][281,065s][info ][gc] GC(2409) Pause Young (Normal) (G1 Evacuation Pause) 693M->80M(1024M) 2,176ms
[2024-08-04T18:01:24.254+0300][281,169s][info ][gc] GC(2410) Pause Young (Normal) (G1 Evacuation Pause) 693M->80M(1024M) 2,216ms
[2024-08-04T18:01:24.357+0300][281,271s][info ][gc] GC(2411) Pause Young (Normal) (G1 Evacuation Pause) 693M->80M(1024M) 2,066ms
[2024-08-04T18:01:24.458+0300][281,372s][info ][gc] GC(2412) Pause Young (Normal) (G1 Evacuation Pause) 693M->80M(1024M) 2,392ms
[2024-08-04T18:01:24.570+0300][281,484s][info ][gc] GC(2413) Pause Young (Normal) (G1 Evacuation Pause) 693M->80M(1024M) 2,390ms
[2024-08-04T18:01:24.671+0300][281,585s][info ][gc] GC(2414) Pause Young (Normal) (G1 Evacuation Pause) 693M->80M(1024M) 2,304ms
[2024-08-04T18:01:24.779+0300][281,694s][info ][gc] GC(2415) Pause Young (Normal) (G1 Evacuation Pause) 693M->80M(1024M) 2,711ms
[2024-08-04T18:01:24.891+0300][281,806s][info ][gc] GC(2416) Pause Young (Normal) (G1 Evacuation Pause) 693M->80M(1024M) 2,314ms
[2024-08-04T18:01:25.002+0300][281,916s][info ][gc] GC(2417) Pause Young (Normal) (G1 Evacuation Pause) 693M->80M(1024M) 2,160ms
[2024-08-04T18:01:25.116+0300][282,030s][info ][gc] GC(2418) Pause Young (Normal) (G1 Evacuation Pause) 693M->80M(1024M) 2,000ms
[2024-08-04T18:01:25.216+0300][282,130s][info ][gc] GC(2419) Pause Young (Normal) (G1 Evacuation Pause) 693M->80M(1024M) 2,023ms
[2024-08-04T18:01:25.325+0300][282,239s][info ][gc] GC(2420) Pause Young (Normal) (G1 Evacuation Pause) 693M->80M(1024M) 1,855ms
[2024-08-04T18:01:25.434+0300][282,349s][info ][gc] GC(2421) Pause Young (Normal) (G1 Evacuation Pause) 693M->80M(1024M) 1,886ms
[2024-08-04T18:01:25.531+0300][282,445s][info ][gc] GC(2422) Pause Young (Normal) (G1 Evacuation Pause) 693M->80M(1024M) 2,021ms
[2024-08-04T18:01:25.641+0300][282,555s][info ][gc] GC(2423) Pause Young (Normal) (G1 Evacuation Pause) 693M->80M(1024M) 2,022ms
[2024-08-04T18:01:25.753+0300][282,667s][info ][gc] GC(2424) Pause Young (Normal) (G1 Evacuation Pause) 693M->80M(1024M) 2,343ms
[2024-08-04T18:01:25.862+0300][282,777s][info ][gc] GC(2425) Pause Young (Normal) (G1 Evacuation Pause) 693M->80M(1024M) 1,897ms
[2024-08-04T18:01:25.965+0300][282,879s][info ][gc] GC(2426) Pause Young (Normal) (G1 Evacuation Pause) 693M->80M(1024M) 2,198ms
[2024-08-04T18:01:26.070+0300][282,984s][info ][gc] GC(2427) Pause Young (Normal) (G1 Evacuation Pause) 693M->80M(1024M) 2,019ms
[2024-08-04T18:01:26.176+0300][283,090s][info ][gc] GC(2428) Pause Young (Normal) (G1 Evacuation Pause) 693M->80M(1024M) 2,341ms
[2024-08-04T18:01:26.285+0300][283,200s][info ][gc] GC(2429) Pause Young (Normal) (G1 Evacuation Pause) 693M->80M(1024M) 2,013ms
[2024-08-04T18:01:26.397+0300][283,311s][info ][gc] GC(2430) Pause Young (Normal) (G1 Evacuation Pause) 693M->80M(1024M) 2,208ms
[2024-08-04T18:01:26.498+0300][283,412s][info ][gc] GC(2431) Pause Young (Normal) (G1 Evacuation Pause) 693M->80M(1024M) 1,779ms
[2024-08-04T18:01:26.608+0300][283,523s][info ][gc] GC(2432) Pause Young (Normal) (G1 Evacuation Pause) 693M->80M(1024M) 2,437ms
[2024-08-04T18:01:26.717+0300][283,631s][info ][gc] GC(2433) Pause Young (Normal) (G1 Evacuation Pause) 693M->80M(1024M) 2,481ms
[2024-08-04T18:01:26.819+0300][283,733s][info ][gc] GC(2434) Pause Young (Normal) (G1 Evacuation Pause) 693M->80M(1024M) 2,000ms
[2024-08-04T18:01:26.929+0300][283,843s][info ][gc] GC(2435) Pause Young (Normal) (G1 Evacuation Pause) 693M->80M(1024M) 2,120ms
[2024-08-04T18:01:27.029+0300][283,943s][info ][gc] GC(2436) Pause Young (Normal) (G1 Evacuation Pause) 693M->80M(1024M) 1,779ms
[2024-08-04T18:01:27.135+0300][284,050s][info ][gc] GC(2437) Pause Young (Normal) (G1 Evacuation Pause) 693M->80M(1024M) 1,787ms
[2024-08-04T18:01:27.247+0300][284,161s][info ][gc] GC(2438) Pause Young (Normal) (G1 Evacuation Pause) 693M->80M(1024M) 1,906ms
[2024-08-04T18:01:27.361+0300][284,275s][info ][gc] GC(2439) Pause Young (Normal) (G1 Evacuation Pause) 693M->81M(1024M) 1,789ms
[2024-08-04T18:01:27.462+0300][284,376s][info ][gc] GC(2440) Pause Young (Normal) (G1 Evacuation Pause) 694M->81M(1024M) 2,286ms
[2024-08-04T18:01:27.572+0300][284,486s][info ][gc] GC(2441) Pause Young (Normal) (G1 Evacuation Pause) 694M->81M(1024M) 1,895ms
[2024-08-04T18:01:27.685+0300][284,599s][info ][gc] GC(2442) Pause Young (Normal) (G1 Evacuation Pause) 694M->81M(1024M) 1,974ms
[2024-08-04T18:01:27.787+0300][284,701s][info ][gc] GC(2443) Pause Young (Normal) (G1 Evacuation Pause) 694M->81M(1024M) 2,165ms
[2024-08-04T18:01:27.900+0300][284,815s][info ][gc] GC(2444) Pause Young (Normal) (G1 Evacuation Pause) 694M->81M(1024M) 1,748ms
[2024-08-04T18:01:28.017+0300][284,931s][info ][gc] GC(2445) Pause Young (Normal) (G1 Evacuation Pause) 694M->81M(1024M) 2,330ms
[2024-08-04T18:01:28.133+0300][285,047s][info ][gc] GC(2446) Pause Young (Normal) (G1 Evacuation Pause) 694M->81M(1024M) 1,744ms
[2024-08-04T18:01:28.248+0300][285,163s][info ][gc] GC(2447) Pause Young (Normal) (G1 Evacuation Pause) 694M->81M(1024M) 1,972ms
[2024-08-04T18:01:28.360+0300][285,274s][info ][gc] GC(2448) Pause Young (Normal) (G1 Evacuation Pause) 694M->81M(1024M) 1,929ms
[2024-08-04T18:01:28.477+0300][285,391s][info ][gc] GC(2449) Pause Young (Normal) (G1 Evacuation Pause) 694M->81M(1024M) 1,772ms
[2024-08-04T18:01:28.593+0300][285,507s][info ][gc] GC(2450) Pause Young (Normal) (G1 Evacuation Pause) 694M->81M(1024M) 2,110ms
[2024-08-04T18:01:28.700+0300][285,614s][info ][gc] GC(2451) Pause Young (Normal) (G1 Evacuation Pause) 694M->81M(1024M) 1,997ms
[2024-08-04T18:01:28.818+0300][285,732s][info ][gc] GC(2452) Pause Young (Normal) (G1 Evacuation Pause) 694M->81M(1024M) 1,906ms
[2024-08-04T18:01:28.941+0300][285,855s][info ][gc] GC(2453) Pause Young (Normal) (G1 Evacuation Pause) 694M->81M(1024M) 1,943ms
[2024-08-04T18:01:29.060+0300][285,974s][info ][gc] GC(2454) Pause Young (Normal) (G1 Evacuation Pause) 694M->81M(1024M) 2,179ms
[2024-08-04T18:01:29.174+0300][286,089s][info ][gc] GC(2455) Pause Young (Normal) (G1 Evacuation Pause) 694M->81M(1024M) 1,912ms
[2024-08-04T18:01:29.284+0300][286,199s][info ][gc] GC(2456) Pause Young (Normal) (G1 Evacuation Pause) 694M->81M(1024M) 1,978ms
[2024-08-04T18:01:29.401+0300][286,315s][info ][gc] GC(2457) Pause Young (Normal) (G1 Evacuation Pause) 694M->81M(1024M) 2,232ms
[2024-08-04T18:01:29.522+0300][286,437s][info ][gc] GC(2458) Pause Young (Normal) (G1 Evacuation Pause) 694M->81M(1024M) 1,660ms
[2024-08-04T18:01:29.638+0300][286,553s][info ][gc] GC(2459) Pause Young (Normal) (G1 Evacuation Pause) 694M->81M(1024M) 2,015ms
[2024-08-04T18:01:29.756+0300][286,671s][info ][gc] GC(2460) Pause Young (Normal) (G1 Evacuation Pause) 694M->81M(1024M) 2,482ms
[2024-08-04T18:01:29.874+0300][286,788s][info ][gc] GC(2461) Pause Young (Normal) (G1 Evacuation Pause) 694M->81M(1024M) 1,938ms
[2024-08-04T18:01:29.983+0300][286,897s][info ][gc] GC(2462) Pause Young (Normal) (G1 Evacuation Pause) 694M->81M(1024M) 1,923ms
[2024-08-04T18:01:30.095+0300][287,009s][info ][gc] GC(2463) Pause Young (Normal) (G1 Evacuation Pause) 694M->81M(1024M) 2,188ms
[2024-08-04T18:01:30.218+0300][287,132s][info ][gc] GC(2464) Pause Young (Normal) (G1 Evacuation Pause) 694M->81M(1024M) 1,877ms
[2024-08-04T18:01:30.331+0300][287,245s][info ][gc] GC(2465) Pause Young (Normal) (G1 Evacuation Pause) 694M->81M(1024M) 1,985ms
[2024-08-04T18:01:30.458+0300][287,372s][info ][gc] GC(2466) Pause Young (Normal) (G1 Evacuation Pause) 694M->81M(1024M) 1,840ms
[2024-08-04T18:01:30.585+0300][287,500s][info ][gc] GC(2467) Pause Young (Normal) (G1 Evacuation Pause) 694M->81M(1024M) 1,947ms
[2024-08-04T18:01:30.706+0300][287,620s][info ][gc] GC(2468) Pause Young (Normal) (G1 Evacuation Pause) 694M->81M(1024M) 1,902ms
[2024-08-04T18:01:30.829+0300][287,743s][info ][gc] GC(2469) Pause Young (Normal) (G1 Evacuation Pause) 694M->81M(1024M) 1,855ms
[2024-08-04T18:01:30.951+0300][287,865s][info ][gc] GC(2470) Pause Young (Normal) (G1 Evacuation Pause) 694M->81M(1024M) 1,990ms
[2024-08-04T18:01:31.075+0300][287,989s][info ][gc] GC(2471) Pause Young (Normal) (G1 Evacuation Pause) 694M->81M(1024M) 2,424ms
[2024-08-04T18:01:31.196+0300][288,111s][info ][gc] GC(2472) Pause Young (Normal) (G1 Evacuation Pause) 694M->81M(1024M) 2,351ms
[2024-08-04T18:01:31.319+0300][288,234s][info ][gc] GC(2473) Pause Young (Normal) (G1 Evacuation Pause) 694M->81M(1024M) 1,826ms
[2024-08-04T18:01:31.440+0300][288,354s][info ][gc] GC(2474) Pause Young (Normal) (G1 Evacuation Pause) 694M->81M(1024M) 1,845ms
[2024-08-04T18:01:31.568+0300][288,482s][info ][gc] GC(2475) Pause Young (Normal) (G1 Evacuation Pause) 694M->81M(1024M) 1,863ms
[2024-08-04T18:01:31.689+0300][288,603s][info ][gc] GC(2476) Pause Young (Normal) (G1 Evacuation Pause) 694M->81M(1024M) 1,767ms
[2024-08-04T18:01:31.810+0300][288,724s][info ][gc] GC(2477) Pause Young (Normal) (G1 Evacuation Pause) 694M->81M(1024M) 1,853ms
[2024-08-04T18:01:31.940+0300][288,854s][info ][gc] GC(2478) Pause Young (Normal) (G1 Evacuation Pause) 694M->81M(1024M) 2,094ms
[2024-08-04T18:01:32.068+0300][288,982s][info ][gc] GC(2479) Pause Young (Normal) (G1 Evacuation Pause) 694M->82M(1024M) 1,754ms
[2024-08-04T18:01:32.199+0300][289,113s][info ][gc] GC(2480) Pause Young (Normal) (G1 Evacuation Pause) 695M->82M(1024M) 1,934ms
[2024-08-04T18:01:32.325+0300][289,239s][info ][gc] GC(2481) Pause Young (Normal) (G1 Evacuation Pause) 695M->82M(1024M) 1,876ms
[2024-08-04T18:01:32.474+0300][289,388s][info ][gc] GC(2482) Pause Young (Normal) (G1 Evacuation Pause) 695M->82M(1024M) 1,870ms
[2024-08-04T18:01:32.603+0300][289,517s][info ][gc] GC(2483) Pause Young (Normal) (G1 Evacuation Pause) 695M->82M(1024M) 2,255ms
[2024-08-04T18:01:32.728+0300][289,643s][info ][gc] GC(2484) Pause Young (Normal) (G1 Evacuation Pause) 695M->82M(1024M) 2,056ms
[2024-08-04T18:01:32.852+0300][289,766s][info ][gc] GC(2485) Pause Young (Normal) (G1 Evacuation Pause) 695M->82M(1024M) 2,210ms
[2024-08-04T18:01:32.981+0300][289,895s][info ][gc] GC(2486) Pause Young (Normal) (G1 Evacuation Pause) 695M->82M(1024M) 2,280ms
[2024-08-04T18:01:33.110+0300][290,024s][info ][gc] GC(2487) Pause Young (Normal) (G1 Evacuation Pause) 695M->82M(1024M) 2,025ms
[2024-08-04T18:01:33.236+0300][290,150s][info ][gc] GC(2488) Pause Young (Normal) (G1 Evacuation Pause) 695M->82M(1024M) 2,201ms
[2024-08-04T18:01:33.365+0300][290,279s][info ][gc] GC(2489) Pause Young (Normal) (G1 Evacuation Pause) 695M->82M(1024M) 2,162ms
[2024-08-04T18:01:33.496+0300][290,410s][info ][gc] GC(2490) Pause Young (Normal) (G1 Evacuation Pause) 695M->82M(1024M) 2,330ms
[2024-08-04T18:01:33.633+0300][290,548s][info ][gc] GC(2491) Pause Young (Normal) (G1 Evacuation Pause) 695M->82M(1024M) 2,399ms
[2024-08-04T18:01:33.764+0300][290,679s][info ][gc] GC(2492) Pause Young (Normal) (G1 Evacuation Pause) 695M->82M(1024M) 1,982ms
[2024-08-04T18:01:33.901+0300][290,815s][info ][gc] GC(2493) Pause Young (Normal) (G1 Evacuation Pause) 695M->82M(1024M) 1,882ms
[2024-08-04T18:01:34.037+0300][290,951s][info ][gc] GC(2494) Pause Young (Normal) (G1 Evacuation Pause) 695M->82M(1024M) 2,405ms
