[2024-08-07T20:32:09.363+0300][0.005s][info][gc] Using Parallel
[2024-08-07T20:32:09.608+0300][0,249s][info][gc] GC(0) Pause Young (Allocation Failure) 129M->4M(491M) 5,787ms
[2024-08-07T20:32:09.640+0300][0,281s][info][gc] GC(1) Pause Young (Allocation Failure) 132M->5M(491M) 5,518ms
[2024-08-07T20:32:09.668+0300][0,309s][info][gc] GC(2) Pause Young (Allocation Failure) 133M->3M(491M) 2,706ms
[2024-08-07T20:32:09.696+0300][0,337s][info][gc] GC(3) Pause Young (Allocation Failure) 132M->4M(491M) 3,952ms
[2024-08-07T20:32:09.722+0300][0,364s][info][gc] GC(4) Pause Young (Allocation Failure) 133M->3M(491M) 2,349ms
[2024-08-07T20:32:09.751+0300][0,392s][info][gc] GC(5) Pause Young (Allocation Failure) 131M->4M(507M) 4,224ms
[2024-08-07T20:32:09.795+0300][0,436s][info][gc] GC(6) Pause Young (Allocation Failure) 164M->3M(503M) 2,888ms
[2024-08-07T20:32:09.829+0300][0,470s][info][gc] GC(7) Pause Young (Allocation Failure) 163M->4M(507M) 4,127ms
[2024-08-07T20:32:09.862+0300][0,503s][info][gc] GC(8) Pause Young (Allocation Failure) 164M->3M(506M) 3,316ms
[2024-08-07T20:32:09.896+0300][0,537s][info][gc] GC(9) Pause Young (Allocation Failure) 163M->4M(507M) 3,950ms
[2024-08-07T20:32:09.931+0300][0,572s][info][gc] GC(10) Pause Young (Allocation Failure) 164M->3M(506M) 2,018ms
[2024-08-07T20:32:09.967+0300][0,609s][info][gc] GC(11) Pause Young (Allocation Failure) 163M->4M(507M) 4,246ms
[2024-08-07T20:32:10.002+0300][0,644s][info][gc] GC(12) Pause Young (Allocation Failure) 164M->2M(506M) 2,280ms
[2024-08-07T20:32:10.039+0300][0,680s][info][gc] GC(13) Pause Young (Allocation Failure) 162M->4M(507M) 4,069ms
[2024-08-07T20:32:10.074+0300][0,715s][info][gc] GC(14) Pause Young (Allocation Failure) 164M->2M(507M) 1,824ms
[2024-08-07T20:32:10.111+0300][0,752s][info][gc] GC(15) Pause Young (Allocation Failure) 163M->4M(507M) 4,239ms
[2024-08-07T20:32:10.147+0300][0,788s][info][gc] GC(16) Pause Young (Allocation Failure) 165M->3M(507M) 3,430ms
[2024-08-07T20:32:10.184+0300][0,825s][info][gc] GC(17) Pause Young (Allocation Failure) 164M->4M(507M) 4,328ms
[2024-08-07T20:32:10.221+0300][0,862s][info][gc] GC(18) Pause Young (Allocation Failure) 166M->3M(507M) 4,208ms
[2024-08-07T20:32:10.258+0300][0,899s][info][gc] GC(19) Pause Young (Allocation Failure) 164M->5M(507M) 4,031ms
[2024-08-07T20:32:10.295+0300][0,936s][info][gc] GC(20) Pause Young (Allocation Failure) 166M->4M(507M) 4,040ms
[2024-08-07T20:32:10.329+0300][0,971s][info][gc] GC(21) Pause Young (Allocation Failure) 165M->2M(507M) 1,576ms
[2024-08-07T20:32:10.366+0300][1,007s][info][gc] GC(22) Pause Young (Allocation Failure) 164M->4M(507M) 3,883ms
[2024-08-07T20:32:10.403+0300][1,044s][info][gc] GC(23) Pause Young (Allocation Failure) 165M->3M(507M) 4,197ms
[2024-08-07T20:32:10.439+0300][1,081s][info][gc] GC(24) Pause Young (Allocation Failure) 164M->4M(507M) 4,085ms
[2024-08-07T20:32:10.476+0300][1,118s][info][gc] GC(25) Pause Young (Allocation Failure) 166M->3M(508M) 4,282ms
[2024-08-07T20:32:10.510+0300][1,151s][info][gc] GC(26) Pause Young (Allocation Failure) 165M->2M(507M) 0,726ms
[2024-08-07T20:32:10.547+0300][1,188s][info][gc] GC(27) Pause Young (Allocation Failure) 164M->4M(508M) 4,275ms
[2024-08-07T20:32:10.584+0300][1,225s][info][gc] GC(28) Pause Young (Allocation Failure) 166M->3M(507M) 4,226ms
[2024-08-07T20:32:10.620+0300][1,262s][info][gc] GC(29) Pause Young (Allocation Failure) 165M->5M(507M) 3,714ms
[2024-08-07T20:32:10.658+0300][1,299s][info][gc] GC(30) Pause Young (Allocation Failure) 166M->3M(507M) 4,167ms
[2024-08-07T20:32:10.691+0300][1,333s][info][gc] GC(31) Pause Young (Allocation Failure) 165M->2M(508M) 0,625ms
[2024-08-07T20:32:10.728+0300][1,369s][info][gc] GC(32) Pause Young (Allocation Failure) 165M->4M(508M) 3,972ms
[2024-08-07T20:32:10.765+0300][1,406s][info][gc] GC(33) Pause Young (Allocation Failure) 167M->3M(508M) 4,035ms
[2024-08-07T20:32:10.802+0300][1,443s][info][gc] GC(34) Pause Young (Allocation Failure) 166M->5M(507M) 4,069ms
[2024-08-07T20:32:10.840+0300][1,481s][info][gc] GC(35) Pause Young (Allocation Failure) 167M->4M(508M) 4,493ms
[2024-08-07T20:32:10.877+0300][1,518s][info][gc] GC(36) Pause Young (Allocation Failure) 166M->3M(507M) 4,104ms
[2024-08-07T20:32:10.913+0300][1,554s][info][gc] GC(37) Pause Young (Allocation Failure) 165M->5M(507M) 3,534ms
[2024-08-07T20:32:10.950+0300][1,591s][info][gc] GC(38) Pause Young (Allocation Failure) 166M->3M(507M) 4,280ms
[2024-08-07T20:32:10.987+0300][1,628s][info][gc] GC(39) Pause Young (Allocation Failure) 165M->5M(507M) 3,636ms
[2024-08-07T20:32:11.023+0300][1,665s][info][gc] GC(40) Pause Young (Allocation Failure) 167M->4M(507M) 4,204ms
[2024-08-07T20:32:11.059+0300][1,701s][info][gc] GC(41) Pause Young (Allocation Failure) 165M->3M(507M) 3,114ms
[2024-08-07T20:32:11.096+0300][1,737s][info][gc] GC(42) Pause Young (Allocation Failure) 164M->4M(507M) 3,851ms
[2024-08-07T20:32:11.133+0300][1,775s][info][gc] GC(43) Pause Young (Allocation Failure) 166M->3M(508M) 4,061ms
[2024-08-07T20:32:11.170+0300][1,811s][info][gc] GC(44) Pause Young (Allocation Failure) 165M->5M(507M) 4,001ms
[2024-08-07T20:32:11.207+0300][1,849s][info][gc] GC(45) Pause Young (Allocation Failure) 167M->4M(508M) 4,198ms
[2024-08-07T20:32:11.244+0300][1,885s][info][gc] GC(46) Pause Young (Allocation Failure) 166M->3M(507M) 3,306ms
[2024-08-07T20:32:11.281+0300][1,922s][info][gc] GC(47) Pause Young (Allocation Failure) 165M->4M(507M) 4,125ms
[2024-08-07T20:32:11.318+0300][1,959s][info][gc] GC(48) Pause Young (Allocation Failure) 166M->3M(507M) 4,066ms
[2024-08-07T20:32:11.355+0300][1,996s][info][gc] GC(49) Pause Young (Allocation Failure) 165M->5M(507M) 3,999ms
[2024-08-07T20:32:11.391+0300][2,033s][info][gc] GC(50) Pause Young (Allocation Failure) 167M->4M(507M) 3,880ms
[2024-08-07T20:32:11.426+0300][2,067s][info][gc] GC(51) Pause Young (Allocation Failure) 165M->2M(507M) 2,521ms
[2024-08-07T20:32:11.463+0300][2,104s][info][gc] GC(52) Pause Young (Allocation Failure) 164M->4M(507M) 4,114ms
[2024-08-07T20:32:11.500+0300][2,141s][info][gc] GC(53) Pause Young (Allocation Failure) 166M->3M(508M) 4,151ms
[2024-08-07T20:32:11.537+0300][2,178s][info][gc] GC(54) Pause Young (Allocation Failure) 165M->5M(507M) 4,366ms
[2024-08-07T20:32:11.574+0300][2,215s][info][gc] GC(55) Pause Young (Allocation Failure) 167M->4M(508M) 4,247ms
[2024-08-07T20:32:11.610+0300][2,251s][info][gc] GC(56) Pause Young (Allocation Failure) 166M->3M(507M) 3,438ms
[2024-08-07T20:32:11.647+0300][2,288s][info][gc] GC(57) Pause Young (Allocation Failure) 165M->5M(507M) 4,027ms
[2024-08-07T20:32:11.684+0300][2,326s][info][gc] GC(58) Pause Young (Allocation Failure) 166M->3M(507M) 4,389ms
[2024-08-07T20:32:11.721+0300][2,363s][info][gc] GC(59) Pause Young (Allocation Failure) 165M->5M(507M) 3,967ms
[2024-08-07T20:32:11.759+0300][2,400s][info][gc] GC(60) Pause Young (Allocation Failure) 166M->4M(507M) 4,195ms
[2024-08-07T20:32:11.795+0300][2,436s][info][gc] GC(61) Pause Young (Allocation Failure) 165M->3M(508M) 2,933ms
[2024-08-07T20:32:11.832+0300][2,473s][info][gc] GC(62) Pause Young (Allocation Failure) 165M->5M(507M) 4,091ms
[2024-08-07T20:32:11.869+0300][2,510s][info][gc] GC(63) Pause Young (Allocation Failure) 167M->3M(508M) 4,095ms
[2024-08-07T20:32:11.903+0300][2,545s][info][gc] GC(64) Pause Young (Allocation Failure) 165M->2M(507M) 1,370ms
[2024-08-07T20:32:11.940+0300][2,581s][info][gc] GC(65) Pause Young (Allocation Failure) 164M->4M(508M) 4,288ms
[2024-08-07T20:32:11.978+0300][2,619s][info][gc] GC(66) Pause Young (Allocation Failure) 167M->3M(508M) 4,018ms
[2024-08-07T20:32:12.015+0300][2,656s][info][gc] GC(67) Pause Young (Allocation Failure) 165M->5M(507M) 4,063ms
[2024-08-07T20:32:12.052+0300][2,693s][info][gc] GC(68) Pause Young (Allocation Failure) 167M->4M(507M) 4,049ms
[2024-08-07T20:32:12.087+0300][2,728s][info][gc] GC(69) Pause Young (Allocation Failure) 165M->2M(508M) 2,320ms
[2024-08-07T20:32:12.124+0300][2,765s][info][gc] GC(70) Pause Young (Allocation Failure) 165M->4M(508M) 4,163ms
[2024-08-07T20:32:12.161+0300][2,802s][info][gc] GC(71) Pause Young (Allocation Failure) 167M->3M(508M) 4,108ms
[2024-08-07T20:32:12.196+0300][2,837s][info][gc] GC(72) Pause Young (Allocation Failure) 166M->2M(508M) 1,624ms
[2024-08-07T20:32:12.232+0300][2,874s][info][gc] GC(73) Pause Young (Allocation Failure) 165M->4M(508M) 4,037ms
[2024-08-07T20:32:12.270+0300][2,911s][info][gc] GC(74) Pause Young (Allocation Failure) 167M->3M(508M) 4,072ms
[2024-08-07T20:32:12.303+0300][2,944s][info][gc] GC(75) Pause Young (Allocation Failure) 166M->2M(508M) 0,713ms
[2024-08-07T20:32:12.340+0300][2,981s][info][gc] GC(76) Pause Young (Allocation Failure) 165M->4M(508M) 4,012ms
[2024-08-07T20:32:12.377+0300][3,018s][info][gc] GC(77) Pause Young (Allocation Failure) 167M->3M(508M) 4,232ms
[2024-08-07T20:32:12.413+0300][3,055s][info][gc] GC(78) Pause Young (Allocation Failure) 165M->5M(508M) 4,150ms
[2024-08-07T20:32:12.450+0300][3,091s][info][gc] GC(79) Pause Young (Allocation Failure) 168M->4M(508M) 4,164ms
[2024-08-07T20:32:12.487+0300][3,128s][info][gc] GC(80) Pause Young (Allocation Failure) 166M->3M(508M) 4,266ms
[2024-08-07T20:32:12.524+0300][3,165s][info][gc] GC(81) Pause Young (Allocation Failure) 165M->5M(507M) 4,252ms
[2024-08-07T20:32:12.561+0300][3,202s][info][gc] GC(82) Pause Young (Allocation Failure) 166M->4M(507M) 3,983ms
[2024-08-07T20:32:12.594+0300][3,236s][info][gc] GC(83) Pause Young (Allocation Failure) 165M->2M(508M) 1,633ms
[2024-08-07T20:32:12.631+0300][3,272s][info][gc] GC(84) Pause Young (Allocation Failure) 165M->4M(508M) 4,136ms
[2024-08-07T20:32:12.669+0300][3,310s][info][gc] GC(85) Pause Young (Allocation Failure) 167M->3M(508M) 4,291ms
[2024-08-07T20:32:12.705+0300][3,347s][info][gc] GC(86) Pause Young (Allocation Failure) 166M->5M(507M) 3,751ms
[2024-08-07T20:32:12.743+0300][3,384s][info][gc] GC(87) Pause Young (Allocation Failure) 168M->4M(508M) 4,151ms
[2024-08-07T20:32:12.780+0300][3,421s][info][gc] GC(88) Pause Young (Allocation Failure) 166M->3M(507M) 4,099ms
[2024-08-07T20:32:12.817+0300][3,458s][info][gc] GC(89) Pause Young (Allocation Failure) 165M->5M(507M) 3,871ms
[2024-08-07T20:32:12.854+0300][3,495s][info][gc] GC(90) Pause Young (Allocation Failure) 166M->3M(507M) 4,323ms
[2024-08-07T20:32:12.888+0300][3,530s][info][gc] GC(91) Pause Young (Allocation Failure) 165M->2M(508M) 1,578ms
[2024-08-07T20:32:12.925+0300][3,566s][info][gc] GC(92) Pause Young (Allocation Failure) 165M->4M(508M) 3,877ms
[2024-08-07T20:32:12.961+0300][3,602s][info][gc] GC(93) Pause Young (Allocation Failure) 167M->3M(508M) 4,144ms
[2024-08-07T20:32:12.998+0300][3,639s][info][gc] GC(94) Pause Young (Allocation Failure) 166M->5M(507M) 3,969ms
[2024-08-07T20:32:13.035+0300][3,676s][info][gc] GC(95) Pause Young (Allocation Failure) 168M->4M(507M) 4,112ms
[2024-08-07T20:32:13.072+0300][3,713s][info][gc] GC(96) Pause Young (Allocation Failure) 166M->3M(507M) 4,104ms
[2024-08-07T20:32:13.109+0300][3,750s][info][gc] GC(97) Pause Young (Allocation Failure) 164M->5M(507M) 3,859ms
[2024-08-07T20:32:13.145+0300][3,786s][info][gc] GC(98) Pause Young (Allocation Failure) 166M->3M(507M) 4,008ms
[2024-08-07T20:32:13.181+0300][3,823s][info][gc] GC(99) Pause Young (Allocation Failure) 165M->5M(507M) 3,718ms
[2024-08-07T20:32:13.218+0300][3,860s][info][gc] GC(100) Pause Young (Allocation Failure) 167M->4M(507M) 4,144ms
[2024-08-07T20:32:13.254+0300][3,895s][info][gc] GC(101) Pause Young (Allocation Failure) 165M->2M(507M) 2,622ms
[2024-08-07T20:32:13.291+0300][3,932s][info][gc] GC(102) Pause Young (Allocation Failure) 164M->4M(507M) 4,158ms
[2024-08-07T20:32:13.327+0300][3,969s][info][gc] GC(103) Pause Young (Allocation Failure) 166M->3M(508M) 4,009ms
[2024-08-07T20:32:13.364+0300][4,005s][info][gc] GC(104) Pause Young (Allocation Failure) 165M->5M(507M) 3,718ms
[2024-08-07T20:32:13.401+0300][4,042s][info][gc] GC(105) Pause Young (Allocation Failure) 167M->4M(508M) 4,015ms
[2024-08-07T20:32:13.436+0300][4,077s][info][gc] GC(106) Pause Young (Allocation Failure) 166M->2M(507M) 2,679ms
[2024-08-07T20:32:13.473+0300][4,114s][info][gc] GC(107) Pause Young (Allocation Failure) 164M->4M(507M) 4,058ms
[2024-08-07T20:32:13.510+0300][4,151s][info][gc] GC(108) Pause Young (Allocation Failure) 166M->3M(507M) 4,273ms
[2024-08-07T20:32:13.546+0300][4,187s][info][gc] GC(109) Pause Young (Allocation Failure) 165M->5M(507M) 3,716ms
[2024-08-07T20:32:13.582+0300][4,223s][info][gc] GC(110) Pause Young (Allocation Failure) 166M->4M(507M) 3,996ms
[2024-08-07T20:32:13.617+0300][4,258s][info][gc] GC(111) Pause Young (Allocation Failure) 165M->2M(508M) 1,602ms
[2024-08-07T20:32:13.653+0300][4,294s][info][gc] GC(112) Pause Young (Allocation Failure) 165M->4M(506M) 3,814ms
[2024-08-07T20:32:13.690+0300][4,332s][info][gc] GC(113) Pause Young (Allocation Failure) 167M->3M(508M) 4,282ms
[2024-08-07T20:32:13.727+0300][4,368s][info][gc] GC(114) Pause Young (Allocation Failure) 165M->5M(507M) 3,760ms
[2024-08-07T20:32:13.764+0300][4,405s][info][gc] GC(115) Pause Young (Allocation Failure) 167M->4M(507M) 4,014ms
[2024-08-07T20:32:13.801+0300][4,442s][info][gc] GC(116) Pause Young (Allocation Failure) 165M->3M(507M) 3,646ms
[2024-08-07T20:32:13.837+0300][4,479s][info][gc] GC(117) Pause Young (Allocation Failure) 164M->5M(507M) 4,006ms
[2024-08-07T20:32:13.874+0300][4,516s][info][gc] GC(118) Pause Young (Allocation Failure) 166M->3M(507M) 4,134ms
[2024-08-07T20:32:13.911+0300][4,552s][info][gc] GC(119) Pause Young (Allocation Failure) 165M->5M(507M) 3,670ms
[2024-08-07T20:32:13.946+0300][4,588s][info][gc] GC(120) Pause Young (Allocation Failure) 166M->4M(507M) 3,626ms
[2024-08-07T20:32:13.981+0300][4,622s][info][gc] GC(121) Pause Young (Allocation Failure) 165M->2M(507M) 1,648ms
[2024-08-07T20:32:14.017+0300][4,658s][info][gc] GC(122) Pause Young (Allocation Failure) 164M->4M(507M) 3,982ms
[2024-08-07T20:32:14.054+0300][4,695s][info][gc] GC(123) Pause Young (Allocation Failure) 166M->3M(508M) 4,058ms
[2024-08-07T20:32:14.090+0300][4,732s][info][gc] GC(124) Pause Young (Allocation Failure) 165M->5M(507M) 3,728ms
[2024-08-07T20:32:14.128+0300][4,769s][info][gc] GC(125) Pause Young (Allocation Failure) 167M->4M(508M) 4,062ms
[2024-08-07T20:32:14.164+0300][4,806s][info][gc] GC(126) Pause Young (Allocation Failure) 166M->3M(507M) 3,410ms
[2024-08-07T20:32:14.201+0300][4,842s][info][gc] GC(127) Pause Young (Allocation Failure) 165M->5M(508M) 3,854ms
[2024-08-07T20:32:14.238+0300][4,879s][info][gc] GC(128) Pause Young (Allocation Failure) 167M->4M(508M) 4,269ms
[2024-08-07T20:32:14.273+0300][4,914s][info][gc] GC(129) Pause Young (Allocation Failure) 166M->2M(508M) 1,579ms
[2024-08-07T20:32:14.310+0300][4,951s][info][gc] GC(130) Pause Young (Allocation Failure) 165M->4M(508M) 4,042ms
[2024-08-07T20:32:14.347+0300][4,988s][info][gc] GC(131) Pause Young (Allocation Failure) 167M->3M(508M) 4,309ms
[2024-08-07T20:32:14.381+0300][5,022s][info][gc] GC(132) Pause Young (Allocation Failure) 166M->2M(508M) 1,442ms
[2024-08-07T20:32:14.418+0300][5,059s][info][gc] GC(133) Pause Young (Allocation Failure) 165M->4M(508M) 4,266ms
[2024-08-07T20:32:14.455+0300][5,096s][info][gc] GC(134) Pause Young (Allocation Failure) 167M->3M(508M) 4,203ms
[2024-08-07T20:32:14.492+0300][5,133s][info][gc] GC(135) Pause Young (Allocation Failure) 166M->5M(507M) 3,964ms
[2024-08-07T20:32:14.528+0300][5,169s][info][gc] GC(136) Pause Young (Allocation Failure) 167M->4M(507M) 3,949ms
[2024-08-07T20:32:14.563+0300][5,204s][info][gc] GC(137) Pause Young (Allocation Failure) 165M->3M(508M) 2,523ms
[2024-08-07T20:32:14.599+0300][5,240s][info][gc] GC(138) Pause Young (Allocation Failure) 165M->5M(508M) 3,932ms
[2024-08-07T20:32:14.636+0300][5,278s][info][gc] GC(139) Pause Young (Allocation Failure) 167M->3M(508M) 4,112ms
[2024-08-07T20:32:14.671+0300][5,312s][info][gc] GC(140) Pause Young (Allocation Failure) 166M->2M(508M) 1,324ms
[2024-08-07T20:32:14.707+0300][5,349s][info][gc] GC(141) Pause Young (Allocation Failure) 165M->4M(508M) 4,177ms
[2024-08-07T20:32:14.745+0300][5,386s][info][gc] GC(142) Pause Young (Allocation Failure) 167M->3M(508M) 4,085ms
[2024-08-07T20:32:14.779+0300][5,420s][info][gc] GC(143) Pause Young (Allocation Failure) 166M->2M(508M) 0,956ms
[2024-08-07T20:32:14.815+0300][5,456s][info][gc] GC(144) Pause Young (Allocation Failure) 165M->4M(508M) 4,089ms
[2024-08-07T20:32:14.852+0300][5,493s][info][gc] GC(145) Pause Young (Allocation Failure) 167M->3M(508M) 4,188ms
[2024-08-07T20:32:14.889+0300][5,530s][info][gc] GC(146) Pause Young (Allocation Failure) 166M->5M(508M) 4,054ms
[2024-08-07T20:32:14.925+0300][5,567s][info][gc] GC(147) Pause Young (Allocation Failure) 168M->4M(508M) 3,937ms
[2024-08-07T20:32:14.962+0300][5,604s][info][gc] GC(148) Pause Young (Allocation Failure) 166M->3M(508M) 4,256ms
[2024-08-07T20:32:14.999+0300][5,640s][info][gc] GC(149) Pause Young (Allocation Failure) 165M->5M(507M) 4,059ms
[2024-08-07T20:32:15.035+0300][5,676s][info][gc] GC(150) Pause Young (Allocation Failure) 166M->4M(507M) 3,678ms
[2024-08-07T20:32:15.069+0300][5,711s][info][gc] GC(151) Pause Young (Allocation Failure) 165M->2M(508M) 1,709ms
[2024-08-07T20:32:15.106+0300][5,747s][info][gc] GC(152) Pause Young (Allocation Failure) 165M->4M(508M) 4,050ms
[2024-08-07T20:32:15.143+0300][5,784s][info][gc] GC(153) Pause Young (Allocation Failure) 167M->3M(508M) 4,291ms
[2024-08-07T20:32:15.177+0300][5,818s][info][gc] GC(154) Pause Young (Allocation Failure) 166M->2M(508M) 0,817ms
[2024-08-07T20:32:15.213+0300][5,854s][info][gc] GC(155) Pause Young (Allocation Failure) 165M->4M(508M) 4,226ms
[2024-08-07T20:32:15.250+0300][5,892s][info][gc] GC(156) Pause Young (Allocation Failure) 167M->3M(508M) 4,273ms
[2024-08-07T20:32:15.287+0300][5,928s][info][gc] GC(157) Pause Young (Allocation Failure) 166M->5M(507M) 3,969ms
[2024-08-07T20:32:15.322+0300][5,963s][info][gc] GC(158) Pause Young (Allocation Failure) 167M->4M(507M) 3,449ms
[2024-08-07T20:32:15.357+0300][5,998s][info][gc] GC(159) Pause Young (Allocation Failure) 165M->3M(508M) 2,257ms
[2024-08-07T20:32:15.395+0300][6,036s][info][gc] GC(160) Pause Young (Allocation Failure) 165M->5M(508M) 3,716ms
[2024-08-07T20:32:15.431+0300][6,072s][info][gc] GC(161) Pause Young (Allocation Failure) 167M->3M(508M) 3,631ms
[2024-08-07T20:32:15.465+0300][6,106s][info][gc] GC(162) Pause Young (Allocation Failure) 166M->2M(508M) 1,380ms
[2024-08-07T20:32:15.501+0300][6,142s][info][gc] GC(163) Pause Young (Allocation Failure) 165M->4M(508M) 3,973ms
[2024-08-07T20:32:15.538+0300][6,179s][info][gc] GC(164) Pause Young (Allocation Failure) 167M->3M(508M) 3,894ms
[2024-08-07T20:32:15.571+0300][6,212s][info][gc] GC(165) Pause Young (Allocation Failure) 166M->2M(508M) 0,732ms
[2024-08-07T20:32:15.607+0300][6,248s][info][gc] GC(166) Pause Young (Allocation Failure) 165M->4M(508M) 4,088ms
[2024-08-07T20:32:15.642+0300][6,284s][info][gc] GC(167) Pause Young (Allocation Failure) 167M->3M(508M) 2,512ms
[2024-08-07T20:32:15.678+0300][6,320s][info][gc] GC(168) Pause Young (Allocation Failure) 166M->5M(508M) 3,815ms
[2024-08-07T20:32:15.715+0300][6,357s][info][gc] GC(169) Pause Young (Allocation Failure) 168M->4M(508M) 4,311ms
[2024-08-07T20:32:15.753+0300][6,394s][info][gc] GC(170) Pause Young (Allocation Failure) 166M->3M(508M) 4,172ms
[2024-08-07T20:32:15.789+0300][6,430s][info][gc] GC(171) Pause Young (Allocation Failure) 165M->5M(507M) 3,856ms
[2024-08-07T20:32:15.826+0300][6,467s][info][gc] GC(172) Pause Young (Allocation Failure) 166M->4M(507M) 4,252ms
[2024-08-07T20:32:15.859+0300][6,501s][info][gc] GC(173) Pause Young (Allocation Failure) 165M->2M(508M) 1,560ms
[2024-08-07T20:32:15.896+0300][6,537s][info][gc] GC(174) Pause Young (Allocation Failure) 165M->4M(508M) 4,008ms
[2024-08-07T20:32:15.932+0300][6,573s][info][gc] GC(175) Pause Young (Allocation Failure) 167M->3M(508M) 3,470ms
[2024-08-07T20:32:15.969+0300][6,610s][info][gc] GC(176) Pause Young (Allocation Failure) 166M->5M(507M) 4,115ms
[2024-08-07T20:32:16.005+0300][6,646s][info][gc] GC(177) Pause Young (Allocation Failure) 168M->4M(508M) 4,177ms
[2024-08-07T20:32:16.042+0300][6,683s][info][gc] GC(178) Pause Young (Allocation Failure) 166M->3M(507M) 4,209ms
[2024-08-07T20:32:16.079+0300][6,720s][info][gc] GC(179) Pause Young (Allocation Failure) 165M->5M(507M) 4,197ms
[2024-08-07T20:32:16.116+0300][6,757s][info][gc] GC(180) Pause Young (Allocation Failure) 166M->4M(507M) 4,304ms
[2024-08-07T20:32:16.150+0300][6,791s][info][gc] GC(181) Pause Young (Allocation Failure) 165M->2M(508M) 1,543ms
[2024-08-07T20:32:16.187+0300][6,828s][info][gc] GC(182) Pause Young (Allocation Failure) 165M->4M(508M) 3,890ms
[2024-08-07T20:32:16.222+0300][6,864s][info][gc] GC(183) Pause Young (Allocation Failure) 167M->3M(508M) 2,936ms
[2024-08-07T20:32:16.258+0300][6,899s][info][gc] GC(184) Pause Young (Allocation Failure) 166M->5M(507M) 3,103ms
[2024-08-07T20:32:16.293+0300][6,935s][info][gc] GC(185) Pause Young (Allocation Failure) 168M->4M(508M) 3,170ms
[2024-08-07T20:32:16.329+0300][6,970s][info][gc] GC(186) Pause Young (Allocation Failure) 166M->3M(507M) 3,089ms
[2024-08-07T20:32:16.365+0300][7,006s][info][gc] GC(187) Pause Young (Allocation Failure) 165M->5M(507M) 3,743ms
[2024-08-07T20:32:16.401+0300][7,043s][info][gc] GC(188) Pause Young (Allocation Failure) 166M->4M(507M) 3,943ms
[2024-08-07T20:32:16.435+0300][7,076s][info][gc] GC(189) Pause Young (Allocation Failure) 165M->2M(508M) 1,335ms
[2024-08-07T20:32:16.471+0300][7,112s][info][gc] GC(190) Pause Young (Allocation Failure) 165M->4M(508M) 3,944ms
[2024-08-07T20:32:16.508+0300][7,149s][info][gc] GC(191) Pause Young (Allocation Failure) 167M->3M(508M) 4,149ms
[2024-08-07T20:32:16.544+0300][7,185s][info][gc] GC(192) Pause Young (Allocation Failure) 166M->5M(507M) 3,916ms
[2024-08-07T20:32:16.580+0300][7,222s][info][gc] GC(193) Pause Young (Allocation Failure) 168M->4M(507M) 3,576ms
[2024-08-07T20:32:16.616+0300][7,257s][info][gc] GC(194) Pause Young (Allocation Failure) 166M->3M(507M) 3,487ms
[2024-08-07T20:32:16.652+0300][7,294s][info][gc] GC(195) Pause Young (Allocation Failure) 164M->5M(507M) 3,674ms
[2024-08-07T20:32:16.688+0300][7,330s][info][gc] GC(196) Pause Young (Allocation Failure) 166M->3M(507M) 3,881ms
[2024-08-07T20:32:16.725+0300][7,366s][info][gc] GC(197) Pause Young (Allocation Failure) 165M->5M(507M) 3,997ms
[2024-08-07T20:32:16.761+0300][7,403s][info][gc] GC(198) Pause Young (Allocation Failure) 167M->4M(507M) 4,138ms
[2024-08-07T20:32:16.796+0300][7,437s][info][gc] GC(199) Pause Young (Allocation Failure) 165M->3M(507M) 2,039ms
[2024-08-07T20:32:16.831+0300][7,472s][info][gc] GC(200) Pause Young (Allocation Failure) 164M->4M(507M) 2,987ms
[2024-08-07T20:32:16.868+0300][7,509s][info][gc] GC(201) Pause Young (Allocation Failure) 166M->3M(508M) 4,056ms
[2024-08-07T20:32:16.904+0300][7,546s][info][gc] GC(202) Pause Young (Allocation Failure) 165M->5M(507M) 4,023ms
[2024-08-07T20:32:16.940+0300][7,581s][info][gc] GC(203) Pause Young (Allocation Failure) 168M->4M(508M) 3,169ms
[2024-08-07T20:32:16.975+0300][7,617s][info][gc] GC(204) Pause Young (Allocation Failure) 166M->3M(507M) 3,497ms
[2024-08-07T20:32:17.012+0300][7,653s][info][gc] GC(205) Pause Young (Allocation Failure) 165M->5M(507M) 4,025ms
[2024-08-07T20:32:17.049+0300][7,690s][info][gc] GC(206) Pause Young (Allocation Failure) 166M->3M(507M) 4,167ms
[2024-08-07T20:32:17.085+0300][7,727s][info][gc] GC(207) Pause Young (Allocation Failure) 165M->5M(507M) 3,995ms
[2024-08-07T20:32:17.122+0300][7,763s][info][gc] GC(208) Pause Young (Allocation Failure) 167M->4M(507M) 4,098ms
[2024-08-07T20:32:17.157+0300][7,798s][info][gc] GC(209) Pause Young (Allocation Failure) 165M->3M(508M) 2,500ms
[2024-08-07T20:32:17.193+0300][7,835s][info][gc] GC(210) Pause Young (Allocation Failure) 165M->5M(506M) 3,646ms
[2024-08-07T20:32:17.230+0300][7,871s][info][gc] GC(211) Pause Young (Allocation Failure) 167M->3M(508M) 3,930ms
[2024-08-07T20:32:17.264+0300][7,906s][info][gc] GC(212) Pause Young (Allocation Failure) 165M->2M(507M) 1,576ms
[2024-08-07T20:32:17.301+0300][7,942s][info][gc] GC(213) Pause Young (Allocation Failure) 164M->4M(508M) 4,015ms
[2024-08-07T20:32:17.338+0300][7,979s][info][gc] GC(214) Pause Young (Allocation Failure) 167M->3M(508M) 4,300ms
[2024-08-07T20:32:17.375+0300][8,016s][info][gc] GC(215) Pause Young (Allocation Failure) 166M->5M(507M) 4,174ms
[2024-08-07T20:32:17.412+0300][8,053s][info][gc] GC(216) Pause Young (Allocation Failure) 167M->4M(507M) 4,165ms
[2024-08-07T20:32:17.446+0300][8,087s][info][gc] GC(217) Pause Young (Allocation Failure) 165M->3M(508M) 1,737ms
[2024-08-07T20:32:17.482+0300][8,124s][info][gc] GC(218) Pause Young (Allocation Failure) 165M->5M(508M) 3,787ms
[2024-08-07T20:32:17.518+0300][8,159s][info][gc] GC(219) Pause Young (Allocation Failure) 167M->3M(508M) 3,243ms
[2024-08-07T20:32:17.552+0300][8,193s][info][gc] GC(220) Pause Young (Allocation Failure) 166M->2M(508M) 1,218ms
[2024-08-07T20:32:17.588+0300][8,229s][info][gc] GC(221) Pause Young (Allocation Failure) 165M->4M(508M) 3,202ms
[2024-08-07T20:32:17.624+0300][8,265s][info][gc] GC(222) Pause Young (Allocation Failure) 167M->3M(508M) 3,577ms
[2024-08-07T20:32:17.657+0300][8,298s][info][gc] GC(223) Pause Young (Allocation Failure) 166M->2M(508M) 0,529ms
[2024-08-07T20:32:17.693+0300][8,334s][info][gc] GC(224) Pause Young (Allocation Failure) 165M->4M(508M) 4,006ms
[2024-08-07T20:32:17.730+0300][8,371s][info][gc] GC(225) Pause Young (Allocation Failure) 167M->3M(508M) 3,818ms
[2024-08-07T20:32:17.767+0300][8,408s][info][gc] GC(226) Pause Young (Allocation Failure) 166M->5M(508M) 4,040ms
[2024-08-07T20:32:17.803+0300][8,444s][info][gc] GC(227) Pause Young (Allocation Failure) 168M->4M(508M) 4,038ms
[2024-08-07T20:32:17.840+0300][8,481s][info][gc] GC(228) Pause Young (Allocation Failure) 166M->3M(508M) 4,163ms
[2024-08-07T20:32:17.877+0300][8,518s][info][gc] GC(229) Pause Young (Allocation Failure) 165M->5M(507M) 3,867ms
[2024-08-07T20:32:17.913+0300][8,554s][info][gc] GC(230) Pause Young (Allocation Failure) 166M->4M(507M) 4,014ms
[2024-08-07T20:32:17.947+0300][8,588s][info][gc] GC(231) Pause Young (Allocation Failure) 165M->2M(508M) 1,580ms
[2024-08-07T20:32:17.983+0300][8,624s][info][gc] GC(232) Pause Young (Allocation Failure) 165M->4M(508M) 4,002ms
[2024-08-07T20:32:18.020+0300][8,661s][info][gc] GC(233) Pause Young (Allocation Failure) 167M->3M(508M) 3,954ms
[2024-08-07T20:32:18.057+0300][8,698s][info][gc] GC(234) Pause Young (Allocation Failure) 166M->5M(507M) 3,934ms
[2024-08-07T20:32:18.093+0300][8,735s][info][gc] GC(235) Pause Young (Allocation Failure) 168M->4M(507M) 3,926ms
[2024-08-07T20:32:18.130+0300][8,771s][info][gc] GC(236) Pause Young (Allocation Failure) 166M->3M(507M) 4,036ms
[2024-08-07T20:32:18.166+0300][8,808s][info][gc] GC(237) Pause Young (Allocation Failure) 164M->5M(507M) 4,096ms
[2024-08-07T20:32:18.203+0300][8,844s][info][gc] GC(238) Pause Young (Allocation Failure) 166M->3M(507M) 4,236ms
[2024-08-07T20:32:18.239+0300][8,881s][info][gc] GC(239) Pause Young (Allocation Failure) 165M->5M(507M) 3,982ms
[2024-08-07T20:32:18.276+0300][8,917s][info][gc] GC(240) Pause Young (Allocation Failure) 167M->4M(507M) 4,135ms
[2024-08-07T20:32:18.310+0300][8,952s][info][gc] GC(241) Pause Young (Allocation Failure) 165M->3M(508M) 2,534ms
[2024-08-07T20:32:18.347+0300][8,988s][info][gc] GC(242) Pause Young (Allocation Failure) 165M->5M(507M) 4,279ms
[2024-08-07T20:32:18.384+0300][9,025s][info][gc] GC(243) Pause Young (Allocation Failure) 167M->3M(508M) 3,951ms
[2024-08-07T20:32:18.417+0300][9,059s][info][gc] GC(244) Pause Young (Allocation Failure) 165M->2M(507M) 1,358ms
[2024-08-07T20:32:18.454+0300][9,095s][info][gc] GC(245) Pause Young (Allocation Failure) 164M->4M(508M) 4,078ms
[2024-08-07T20:32:18.490+0300][9,132s][info][gc] GC(246) Pause Young (Allocation Failure) 167M->3M(508M) 4,203ms
[2024-08-07T20:32:18.527+0300][9,168s][info][gc] GC(247) Pause Young (Allocation Failure) 166M->5M(507M) 3,718ms
[2024-08-07T20:32:18.562+0300][9,203s][info][gc] GC(248) Pause Young (Allocation Failure) 167M->4M(507M) 2,996ms
[2024-08-07T20:32:18.596+0300][9,238s][info][gc] GC(249) Pause Young (Allocation Failure) 165M->3M(508M) 2,345ms
[2024-08-07T20:32:18.633+0300][9,274s][info][gc] GC(250) Pause Young (Allocation Failure) 165M->5M(508M) 3,697ms
[2024-08-07T20:32:18.669+0300][9,310s][info][gc] GC(251) Pause Young (Allocation Failure) 167M->4M(508M) 4,092ms
[2024-08-07T20:32:18.703+0300][9,345s][info][gc] GC(252) Pause Young (Allocation Failure) 166M->2M(508M) 1,563ms
[2024-08-07T20:32:18.740+0300][9,381s][info][gc] GC(253) Pause Young (Allocation Failure) 165M->4M(508M) 4,045ms
[2024-08-07T20:32:18.776+0300][9,417s][info][gc] GC(254) Pause Young (Allocation Failure) 167M->3M(508M) 3,592ms
[2024-08-07T20:32:18.809+0300][9,451s][info][gc] GC(255) Pause Young (Allocation Failure) 166M->2M(508M) 0,853ms
[2024-08-07T20:32:18.846+0300][9,487s][info][gc] GC(256) Pause Young (Allocation Failure) 165M->4M(508M) 4,000ms
[2024-08-07T20:32:18.882+0300][9,523s][info][gc] GC(257) Pause Young (Allocation Failure) 167M->3M(508M) 4,069ms
[2024-08-07T20:32:18.919+0300][9,560s][info][gc] GC(258) Pause Young (Allocation Failure) 166M->5M(508M) 3,928ms
[2024-08-07T20:32:18.955+0300][9,597s][info][gc] GC(259) Pause Young (Allocation Failure) 168M->4M(508M) 3,073ms
[2024-08-07T20:32:18.992+0300][9,633s][info][gc] GC(260) Pause Young (Allocation Failure) 166M->3M(508M) 4,233ms
[2024-08-07T20:32:19.029+0300][9,670s][info][gc] GC(261) Pause Young (Allocation Failure) 166M->5M(507M) 3,893ms
[2024-08-07T20:32:19.065+0300][9,707s][info][gc] GC(262) Pause Young (Allocation Failure) 166M->4M(507M) 4,306ms
[2024-08-07T20:32:19.099+0300][9,741s][info][gc] GC(263) Pause Young (Allocation Failure) 165M->2M(508M) 1,628ms
[2024-08-07T20:32:19.136+0300][9,777s][info][gc] GC(264) Pause Young (Allocation Failure) 165M->4M(508M) 4,341ms
[2024-08-07T20:32:19.173+0300][9,815s][info][gc] GC(265) Pause Young (Allocation Failure) 167M->3M(508M) 4,394ms
[2024-08-07T20:32:19.206+0300][9,848s][info][gc] GC(266) Pause Young (Allocation Failure) 166M->2M(508M) 0,473ms
[2024-08-07T20:32:19.242+0300][9,884s][info][gc] GC(267) Pause Young (Allocation Failure) 165M->4M(508M) 3,801ms
[2024-08-07T20:32:19.279+0300][9,921s][info][gc] GC(268) Pause Young (Allocation Failure) 167M->3M(508M) 4,225ms
[2024-08-07T20:32:19.316+0300][9,957s][info][gc] GC(269) Pause Young (Allocation Failure) 166M->5M(508M) 3,754ms
[2024-08-07T20:32:19.353+0300][9,994s][info][gc] GC(270) Pause Young (Allocation Failure) 168M->4M(508M) 4,078ms
[2024-08-07T20:32:19.389+0300][10,030s][info][gc] GC(271) Pause Young (Allocation Failure) 167M->3M(508M) 4,106ms
[2024-08-07T20:32:19.425+0300][10,066s][info][gc] GC(272) Pause Young (Allocation Failure) 165M->5M(507M) 3,628ms
[2024-08-07T20:32:19.462+0300][10,103s][info][gc] GC(273) Pause Young (Allocation Failure) 167M->4M(508M) 4,086ms
[2024-08-07T20:32:19.497+0300][10,138s][info][gc] GC(274) Pause Young (Allocation Failure) 166M->3M(507M) 2,916ms
[2024-08-07T20:32:19.534+0300][10,175s][info][gc] GC(275) Pause Young (Allocation Failure) 165M->5M(508M) 4,205ms
[2024-08-07T20:32:19.570+0300][10,211s][info][gc] GC(276) Pause Young (Allocation Failure) 167M->4M(508M) 4,081ms
[2024-08-07T20:32:19.604+0300][10,246s][info][gc] GC(277) Pause Young (Allocation Failure) 166M->2M(508M) 1,706ms
[2024-08-07T20:32:19.641+0300][10,282s][info][gc] GC(278) Pause Young (Allocation Failure) 165M->4M(508M) 4,247ms
[2024-08-07T20:32:19.677+0300][10,319s][info][gc] GC(279) Pause Young (Allocation Failure) 167M->3M(508M) 4,112ms
[2024-08-07T20:32:19.711+0300][10,352s][info][gc] GC(280) Pause Young (Allocation Failure) 166M->2M(508M) 0,771ms
[2024-08-07T20:32:19.747+0300][10,389s][info][gc] GC(281) Pause Young (Allocation Failure) 165M->4M(508M) 4,251ms
[2024-08-07T20:32:19.784+0300][10,425s][info][gc] GC(282) Pause Young (Allocation Failure) 167M->3M(508M) 4,037ms
[2024-08-07T20:32:19.820+0300][10,461s][info][gc] GC(283) Pause Young (Allocation Failure) 166M->5M(508M) 3,801ms
[2024-08-07T20:32:19.857+0300][10,498s][info][gc] GC(284) Pause Young (Allocation Failure) 168M->4M(508M) 4,132ms
[2024-08-07T20:32:19.893+0300][10,535s][info][gc] GC(285) Pause Young (Allocation Failure) 167M->3M(508M) 4,003ms
[2024-08-07T20:32:19.930+0300][10,571s][info][gc] GC(286) Pause Young (Allocation Failure) 165M->5M(507M) 3,968ms
[2024-08-07T20:32:19.966+0300][10,608s][info][gc] GC(287) Pause Young (Allocation Failure) 168M->4M(508M) 4,241ms
[2024-08-07T20:32:20.001+0300][10,643s][info][gc] GC(288) Pause Young (Allocation Failure) 166M->3M(507M) 3,083ms
[2024-08-07T20:32:20.038+0300][10,679s][info][gc] GC(289) Pause Young (Allocation Failure) 165M->5M(508M) 4,097ms
[2024-08-07T20:32:20.075+0300][10,716s][info][gc] GC(290) Pause Young (Allocation Failure) 167M->4M(508M) 3,775ms
[2024-08-07T20:32:20.108+0300][10,749s][info][gc] GC(291) Pause Young (Allocation Failure) 166M->2M(508M) 1,033ms
[2024-08-07T20:32:20.144+0300][10,786s][info][gc] GC(292) Pause Young (Allocation Failure) 165M->4M(508M) 3,886ms
[2024-08-07T20:32:20.182+0300][10,823s][info][gc] GC(293) Pause Young (Allocation Failure) 167M->3M(508M) 4,284ms
[2024-08-07T20:32:20.215+0300][10,856s][info][gc] GC(294) Pause Young (Allocation Failure) 166M->2M(508M) 0,657ms
[2024-08-07T20:32:20.251+0300][10,892s][info][gc] GC(295) Pause Young (Allocation Failure) 165M->4M(508M) 4,162ms
[2024-08-07T20:32:20.288+0300][10,929s][info][gc] GC(296) Pause Young (Allocation Failure) 167M->3M(508M) 4,140ms
[2024-08-07T20:32:20.324+0300][10,965s][info][gc] GC(297) Pause Young (Allocation Failure) 166M->5M(508M) 3,939ms
[2024-08-07T20:32:20.361+0300][11,002s][info][gc] GC(298) Pause Young (Allocation Failure) 168M->4M(508M) 4,198ms
[2024-08-07T20:32:20.398+0300][11,039s][info][gc] GC(299) Pause Young (Allocation Failure) 167M->3M(508M) 4,154ms
[2024-08-07T20:32:20.434+0300][11,075s][info][gc] GC(300) Pause Young (Allocation Failure) 165M->5M(507M) 3,259ms
[2024-08-07T20:32:20.469+0300][11,111s][info][gc] GC(301) Pause Young (Allocation Failure) 167M->4M(508M) 3,176ms
[2024-08-07T20:32:20.505+0300][11,146s][info][gc] GC(302) Pause Young (Allocation Failure) 166M->3M(507M) 3,184ms
[2024-08-07T20:32:20.542+0300][11,183s][info][gc] GC(303) Pause Young (Allocation Failure) 165M->5M(508M) 3,994ms
[2024-08-07T20:32:20.578+0300][11,220s][info][gc] GC(304) Pause Young (Allocation Failure) 167M->4M(508M) 4,386ms
[2024-08-07T20:32:20.612+0300][11,253s][info][gc] GC(305) Pause Young (Allocation Failure) 166M->2M(508M) 1,635ms
[2024-08-07T20:32:20.649+0300][11,290s][info][gc] GC(306) Pause Young (Allocation Failure) 165M->4M(508M) 4,221ms
[2024-08-07T20:32:20.686+0300][11,327s][info][gc] GC(307) Pause Young (Allocation Failure) 167M->3M(508M) 4,293ms
[2024-08-07T20:32:20.719+0300][11,360s][info][gc] GC(308) Pause Young (Allocation Failure) 166M->2M(508M) 0,767ms
[2024-08-07T20:32:20.755+0300][11,396s][info][gc] GC(309) Pause Young (Allocation Failure) 165M->4M(508M) 3,818ms
[2024-08-07T20:32:20.791+0300][11,433s][info][gc] GC(310) Pause Young (Allocation Failure) 167M->3M(508M) 3,911ms
[2024-08-07T20:32:20.828+0300][11,469s][info][gc] GC(311) Pause Young (Allocation Failure) 166M->5M(508M) 4,464ms
[2024-08-07T20:32:20.865+0300][11,506s][info][gc] GC(312) Pause Young (Allocation Failure) 168M->4M(508M) 3,825ms
[2024-08-07T20:32:20.902+0300][11,543s][info][gc] GC(313) Pause Young (Allocation Failure) 167M->3M(508M) 4,182ms
[2024-08-07T20:32:20.938+0300][11,579s][info][gc] GC(314) Pause Young (Allocation Failure) 166M->5M(507M) 3,833ms
[2024-08-07T20:32:20.974+0300][11,616s][info][gc] GC(315) Pause Young (Allocation Failure) 168M->4M(508M) 4,115ms
[2024-08-07T20:32:21.009+0300][11,651s][info][gc] GC(316) Pause Young (Allocation Failure) 166M->3M(507M) 2,823ms
[2024-08-07T20:32:21.046+0300][11,687s][info][gc] GC(317) Pause Young (Allocation Failure) 165M->5M(508M) 4,077ms
[2024-08-07T20:32:21.083+0300][11,724s][info][gc] GC(318) Pause Young (Allocation Failure) 167M->4M(508M) 4,116ms
[2024-08-07T20:32:21.117+0300][11,758s][info][gc] GC(319) Pause Young (Allocation Failure) 166M->2M(508M) 1,650ms
[2024-08-07T20:32:21.154+0300][11,795s][info][gc] GC(320) Pause Young (Allocation Failure) 165M->4M(508M) 4,307ms
[2024-08-07T20:32:21.191+0300][11,832s][info][gc] GC(321) Pause Young (Allocation Failure) 167M->3M(508M) 4,068ms
[2024-08-07T20:32:21.229+0300][11,870s][info][gc] GC(322) Pause Young (Allocation Failure) 166M->2M(508M) 0,968ms
[2024-08-07T20:32:21.265+0300][11,907s][info][gc] GC(323) Pause Young (Allocation Failure) 165M->4M(508M) 4,022ms
[2024-08-07T20:32:21.301+0300][11,942s][info][gc] GC(324) Pause Young (Allocation Failure) 167M->3M(508M) 3,087ms
[2024-08-07T20:32:21.337+0300][11,979s][info][gc] GC(325) Pause Young (Allocation Failure) 166M->5M(508M) 3,934ms
[2024-08-07T20:32:21.374+0300][12,016s][info][gc] GC(326) Pause Young (Allocation Failure) 168M->4M(508M) 4,123ms
[2024-08-07T20:32:21.411+0300][12,052s][info][gc] GC(327) Pause Young (Allocation Failure) 167M->3M(508M) 3,967ms
[2024-08-07T20:32:21.447+0300][12,088s][info][gc] GC(328) Pause Young (Allocation Failure) 166M->5M(507M) 4,221ms
[2024-08-07T20:32:21.484+0300][12,125s][info][gc] GC(329) Pause Young (Allocation Failure) 168M->4M(508M) 4,316ms
[2024-08-07T20:32:21.519+0300][12,161s][info][gc] GC(330) Pause Young (Allocation Failure) 166M->3M(507M) 3,049ms
[2024-08-07T20:32:21.555+0300][12,197s][info][gc] GC(331) Pause Young (Allocation Failure) 165M->5M(508M) 3,854ms
[2024-08-07T20:32:21.592+0300][12,233s][info][gc] GC(332) Pause Young (Allocation Failure) 167M->4M(508M) 4,007ms
[2024-08-07T20:32:21.626+0300][12,267s][info][gc] GC(333) Pause Young (Allocation Failure) 166M->3M(508M) 1,598ms
[2024-08-07T20:32:21.662+0300][12,303s][info][gc] GC(334) Pause Young (Allocation Failure) 165M->5M(508M) 4,230ms
[2024-08-07T20:32:21.699+0300][12,340s][info][gc] GC(335) Pause Young (Allocation Failure) 167M->3M(508M) 4,313ms
[2024-08-07T20:32:21.733+0300][12,374s][info][gc] GC(336) Pause Young (Allocation Failure) 166M->2M(508M) 0,863ms
[2024-08-07T20:32:21.769+0300][12,410s][info][gc] GC(337) Pause Young (Allocation Failure) 165M->4M(508M) 4,142ms
[2024-08-07T20:32:21.806+0300][12,447s][info][gc] GC(338) Pause Young (Allocation Failure) 167M->3M(508M) 4,008ms
[2024-08-07T20:32:21.843+0300][12,484s][info][gc] GC(339) Pause Young (Allocation Failure) 166M->5M(508M) 4,577ms
[2024-08-07T20:32:21.880+0300][12,521s][info][gc] GC(340) Pause Young (Allocation Failure) 168M->4M(508M) 4,044ms
[2024-08-07T20:32:21.917+0300][12,558s][info][gc] GC(341) Pause Young (Allocation Failure) 167M->3M(508M) 4,110ms
[2024-08-07T20:32:21.953+0300][12,594s][info][gc] GC(342) Pause Young (Allocation Failure) 166M->5M(507M) 3,907ms
[2024-08-07T20:32:21.988+0300][12,630s][info][gc] GC(343) Pause Young (Allocation Failure) 168M->4M(508M) 3,640ms
[2024-08-07T20:32:22.024+0300][12,666s][info][gc] GC(344) Pause Young (Allocation Failure) 166M->3M(507M) 3,177ms
[2024-08-07T20:32:22.061+0300][12,702s][info][gc] GC(345) Pause Young (Allocation Failure) 165M->5M(508M) 4,148ms
[2024-08-07T20:32:22.098+0300][12,739s][info][gc] GC(346) Pause Young (Allocation Failure) 167M->4M(508M) 4,055ms
[2024-08-07T20:32:22.132+0300][12,773s][info][gc] GC(347) Pause Young (Allocation Failure) 166M->3M(508M) 1,658ms
[2024-08-07T20:32:22.168+0300][12,810s][info][gc] GC(348) Pause Young (Allocation Failure) 165M->5M(508M) 4,142ms
[2024-08-07T20:32:22.205+0300][12,846s][info][gc] GC(349) Pause Young (Allocation Failure) 167M->3M(508M) 4,228ms
[2024-08-07T20:32:22.239+0300][12,880s][info][gc] GC(350) Pause Young (Allocation Failure) 166M->2M(508M) 0,990ms
[2024-08-07T20:32:22.275+0300][12,917s][info][gc] GC(351) Pause Young (Allocation Failure) 165M->4M(508M) 4,091ms
[2024-08-07T20:32:22.312+0300][12,953s][info][gc] GC(352) Pause Young (Allocation Failure) 167M->3M(508M) 4,016ms
[2024-08-07T20:32:22.348+0300][12,990s][info][gc] GC(353) Pause Young (Allocation Failure) 166M->5M(508M) 3,612ms
[2024-08-07T20:32:22.385+0300][13,026s][info][gc] GC(354) Pause Young (Allocation Failure) 168M->4M(508M) 4,141ms
[2024-08-07T20:32:22.422+0300][13,063s][info][gc] GC(355) Pause Young (Allocation Failure) 167M->3M(508M) 4,035ms
[2024-08-07T20:32:22.459+0300][13,100s][info][gc] GC(356) Pause Young (Allocation Failure) 166M->5M(507M) 4,428ms
[2024-08-07T20:32:22.495+0300][13,137s][info][gc] GC(357) Pause Young (Allocation Failure) 168M->4M(508M) 4,120ms
[2024-08-07T20:32:22.531+0300][13,173s][info][gc] GC(358) Pause Young (Allocation Failure) 166M->3M(507M) 3,313ms
[2024-08-07T20:32:22.568+0300][13,209s][info][gc] GC(359) Pause Young (Allocation Failure) 165M->5M(508M) 3,905ms
[2024-08-07T20:32:22.605+0300][13,246s][info][gc] GC(360) Pause Young (Allocation Failure) 167M->4M(508M) 4,074ms
[2024-08-07T20:32:22.639+0300][13,280s][info][gc] GC(361) Pause Young (Allocation Failure) 166M->3M(508M) 1,464ms
[2024-08-07T20:32:22.676+0300][13,317s][info][gc] GC(362) Pause Young (Allocation Failure) 165M->5M(508M) 4,531ms
[2024-08-07T20:32:22.713+0300][13,354s][info][gc] GC(363) Pause Young (Allocation Failure) 167M->3M(508M) 4,332ms
[2024-08-07T20:32:22.746+0300][13,388s][info][gc] GC(364) Pause Young (Allocation Failure) 166M->2M(508M) 1,033ms
[2024-08-07T20:32:22.783+0300][13,424s][info][gc] GC(365) Pause Young (Allocation Failure) 165M->4M(508M) 4,194ms
[2024-08-07T20:32:22.820+0300][13,461s][info][gc] GC(366) Pause Young (Allocation Failure) 167M->3M(508M) 4,252ms
[2024-08-07T20:32:22.856+0300][13,498s][info][gc] GC(367) Pause Young (Allocation Failure) 166M->5M(508M) 3,968ms
[2024-08-07T20:32:22.893+0300][13,534s][info][gc] GC(368) Pause Young (Allocation Failure) 168M->4M(508M) 3,970ms
[2024-08-07T20:32:22.930+0300][13,571s][info][gc] GC(369) Pause Young (Allocation Failure) 167M->3M(508M) 3,994ms
[2024-08-07T20:32:22.967+0300][13,608s][info][gc] GC(370) Pause Young (Allocation Failure) 166M->5M(507M) 4,124ms
[2024-08-07T20:32:23.004+0300][13,645s][info][gc] GC(371) Pause Young (Allocation Failure) 168M->4M(508M) 4,284ms
[2024-08-07T20:32:23.040+0300][13,681s][info][gc] GC(372) Pause Young (Allocation Failure) 166M->3M(507M) 3,648ms
[2024-08-07T20:32:23.077+0300][13,718s][info][gc] GC(373) Pause Young (Allocation Failure) 165M->5M(508M) 3,825ms
[2024-08-07T20:32:23.113+0300][13,754s][info][gc] GC(374) Pause Young (Allocation Failure) 167M->4M(508M) 3,989ms
[2024-08-07T20:32:23.147+0300][13,788s][info][gc] GC(375) Pause Young (Allocation Failure) 166M->3M(508M) 1,554ms
[2024-08-07T20:32:23.184+0300][13,825s][info][gc] GC(376) Pause Young (Allocation Failure) 165M->5M(508M) 4,130ms
[2024-08-07T20:32:23.221+0300][13,862s][info][gc] GC(377) Pause Young (Allocation Failure) 167M->3M(508M) 4,258ms
[2024-08-07T20:32:23.254+0300][13,896s][info][gc] GC(378) Pause Young (Allocation Failure) 166M->3M(508M) 1,096ms
[2024-08-07T20:32:23.290+0300][13,931s][info][gc] GC(379) Pause Young (Allocation Failure) 165M->4M(508M) 3,265ms
[2024-08-07T20:32:23.327+0300][13,968s][info][gc] GC(380) Pause Young (Allocation Failure) 167M->3M(508M) 4,259ms
[2024-08-07T20:32:23.363+0300][14,005s][info][gc] GC(381) Pause Young (Allocation Failure) 166M->5M(508M) 3,894ms
[2024-08-07T20:32:23.400+0300][14,041s][info][gc] GC(382) Pause Young (Allocation Failure) 168M->4M(508M) 4,174ms
[2024-08-07T20:32:23.437+0300][14,078s][info][gc] GC(383) Pause Young (Allocation Failure) 167M->3M(508M) 4,335ms
[2024-08-07T20:32:23.474+0300][14,115s][info][gc] GC(384) Pause Young (Allocation Failure) 166M->5M(507M) 3,812ms
[2024-08-07T20:32:23.511+0300][14,152s][info][gc] GC(385) Pause Young (Allocation Failure) 168M->4M(508M) 4,375ms
[2024-08-07T20:32:23.547+0300][14,188s][info][gc] GC(386) Pause Young (Allocation Failure) 166M->3M(507M) 3,402ms
[2024-08-07T20:32:23.583+0300][14,224s][info][gc] GC(387) Pause Young (Allocation Failure) 165M->5M(508M) 3,557ms
[2024-08-07T20:32:23.619+0300][14,261s][info][gc] GC(388) Pause Young (Allocation Failure) 167M->4M(508M) 4,124ms
[2024-08-07T20:32:23.654+0300][14,295s][info][gc] GC(389) Pause Young (Allocation Failure) 166M->3M(508M) 1,436ms
[2024-08-07T20:32:23.691+0300][14,332s][info][gc] GC(390) Pause Young (Allocation Failure) 165M->5M(508M) 4,197ms
[2024-08-07T20:32:23.728+0300][14,369s][info][gc] GC(391) Pause Young (Allocation Failure) 167M->4M(508M) 4,254ms
[2024-08-07T20:32:23.762+0300][14,403s][info][gc] GC(392) Pause Young (Allocation Failure) 166M->3M(508M) 0,969ms
[2024-08-07T20:32:23.799+0300][14,440s][info][gc] GC(393) Pause Young (Allocation Failure) 165M->4M(508M) 4,783ms
[2024-08-07T20:32:23.836+0300][14,477s][info][gc] GC(394) Pause Young (Allocation Failure) 167M->3M(508M) 4,307ms
[2024-08-07T20:32:23.873+0300][14,514s][info][gc] GC(395) Pause Young (Allocation Failure) 166M->5M(507M) 3,940ms
[2024-08-07T20:32:23.909+0300][14,550s][info][gc] GC(396) Pause Young (Allocation Failure) 167M->4M(507M) 4,020ms
[2024-08-07T20:32:23.944+0300][14,586s][info][gc] GC(397) Pause Young (Allocation Failure) 166M->3M(508M) 2,784ms
[2024-08-07T20:32:23.981+0300][14,622s][info][gc] GC(398) Pause Young (Allocation Failure) 165M->5M(508M) 3,864ms
[2024-08-07T20:32:24.018+0300][14,659s][info][gc] GC(399) Pause Young (Allocation Failure) 167M->4M(508M) 3,999ms
[2024-08-07T20:32:24.052+0300][14,693s][info][gc] GC(400) Pause Young (Allocation Failure) 166M->3M(508M) 1,590ms
[2024-08-07T20:32:24.089+0300][14,730s][info][gc] GC(401) Pause Young (Allocation Failure) 165M->5M(508M) 3,932ms
[2024-08-07T20:32:24.126+0300][14,767s][info][gc] GC(402) Pause Young (Allocation Failure) 167M->3M(508M) 4,399ms
[2024-08-07T20:32:24.159+0300][14,801s][info][gc] GC(403) Pause Young (Allocation Failure) 166M->3M(508M) 1,002ms
[2024-08-07T20:32:24.196+0300][14,837s][info][gc] GC(404) Pause Young (Allocation Failure) 165M->4M(508M) 4,122ms
[2024-08-07T20:32:24.233+0300][14,874s][info][gc] GC(405) Pause Young (Allocation Failure) 167M->3M(508M) 4,153ms
[2024-08-07T20:32:24.270+0300][14,911s][info][gc] GC(406) Pause Young (Allocation Failure) 166M->5M(508M) 3,951ms
[2024-08-07T20:32:24.306+0300][14,947s][info][gc] GC(407) Pause Young (Allocation Failure) 168M->4M(508M) 3,659ms
[2024-08-07T20:32:24.342+0300][14,983s][info][gc] GC(408) Pause Young (Allocation Failure) 167M->3M(508M) 3,959ms
[2024-08-07T20:32:24.379+0300][15,020s][info][gc] GC(409) Pause Young (Allocation Failure) 166M->5M(507M) 4,032ms
[2024-08-07T20:32:24.415+0300][15,056s][info][gc] GC(410) Pause Young (Allocation Failure) 167M->4M(507M) 4,190ms
[2024-08-07T20:32:24.449+0300][15,091s][info][gc] GC(411) Pause Young (Allocation Failure) 165M->3M(508M) 1,727ms
[2024-08-07T20:32:24.486+0300][15,127s][info][gc] GC(412) Pause Young (Allocation Failure) 165M->5M(508M) 4,019ms
[2024-08-07T20:32:24.523+0300][15,164s][info][gc] GC(413) Pause Young (Allocation Failure) 167M->4M(508M) 4,045ms
[2024-08-07T20:32:24.556+0300][15,197s][info][gc] GC(414) Pause Young (Allocation Failure) 166M->3M(508M) 0,553ms
[2024-08-07T20:32:24.592+0300][15,233s][info][gc] GC(415) Pause Young (Allocation Failure) 165M->4M(508M) 3,894ms
[2024-08-07T20:32:24.629+0300][15,270s][info][gc] GC(416) Pause Young (Allocation Failure) 167M->3M(508M) 4,176ms
[2024-08-07T20:32:24.665+0300][15,306s][info][gc] GC(417) Pause Young (Allocation Failure) 166M->5M(507M) 3,853ms
[2024-08-07T20:32:24.702+0300][15,343s][info][gc] GC(418) Pause Young (Allocation Failure) 167M->4M(507M) 4,083ms
[2024-08-07T20:32:24.737+0300][15,378s][info][gc] GC(419) Pause Young (Allocation Failure) 166M->3M(508M) 2,402ms
[2024-08-07T20:32:24.774+0300][15,415s][info][gc] GC(420) Pause Young (Allocation Failure) 165M->5M(508M) 4,258ms
[2024-08-07T20:32:24.809+0300][15,450s][info][gc] GC(421) Pause Young (Allocation Failure) 167M->4M(508M) 2,752ms
[2024-08-07T20:32:24.843+0300][15,484s][info][gc] GC(422) Pause Young (Allocation Failure) 166M->3M(508M) 1,393ms
[2024-08-07T20:32:24.879+0300][15,521s][info][gc] GC(423) Pause Young (Allocation Failure) 165M->5M(508M) 4,209ms
[2024-08-07T20:32:24.917+0300][15,558s][info][gc] GC(424) Pause Young (Allocation Failure) 167M->4M(508M) 4,235ms
[2024-08-07T20:32:24.950+0300][15,591s][info][gc] GC(425) Pause Young (Allocation Failure) 166M->3M(508M) 0,693ms
[2024-08-07T20:32:24.986+0300][15,627s][info][gc] GC(426) Pause Young (Allocation Failure) 165M->4M(508M) 4,157ms
[2024-08-07T20:32:25.023+0300][15,664s][info][gc] GC(427) Pause Young (Allocation Failure) 167M->3M(508M) 4,192ms
[2024-08-07T20:32:25.060+0300][15,701s][info][gc] GC(428) Pause Young (Allocation Failure) 166M->5M(508M) 4,305ms
[2024-08-07T20:32:25.097+0300][15,738s][info][gc] GC(429) Pause Young (Allocation Failure) 168M->4M(508M) 4,063ms
[2024-08-07T20:32:25.133+0300][15,775s][info][gc] GC(430) Pause Young (Allocation Failure) 167M->3M(508M) 3,874ms
[2024-08-07T20:32:25.171+0300][15,813s][info][gc] GC(431) Pause Young (Allocation Failure) 166M->5M(508M) 3,993ms
[2024-08-07T20:32:25.208+0300][15,849s][info][gc] GC(432) Pause Young (Allocation Failure) 168M->4M(508M) 4,082ms
[2024-08-07T20:32:25.244+0300][15,886s][info][gc] GC(433) Pause Young (Allocation Failure) 167M->3M(508M) 3,790ms
[2024-08-07T20:32:25.281+0300][15,922s][info][gc] GC(434) Pause Young (Allocation Failure) 165M->5M(508M) 3,801ms
[2024-08-07T20:32:25.317+0300][15,958s][info][gc] GC(435) Pause Young (Allocation Failure) 167M->4M(508M) 4,032ms
[2024-08-07T20:32:25.352+0300][15,993s][info][gc] GC(436) Pause Young (Allocation Failure) 166M->3M(508M) 2,241ms
[2024-08-07T20:32:25.388+0300][16,029s][info][gc] GC(437) Pause Young (Allocation Failure) 165M->5M(508M) 4,001ms
[2024-08-07T20:32:25.425+0300][16,067s][info][gc] GC(438) Pause Young (Allocation Failure) 167M->4M(508M) 4,487ms
[2024-08-07T20:32:25.459+0300][16,100s][info][gc] GC(439) Pause Young (Allocation Failure) 166M->3M(508M) 1,362ms
[2024-08-07T20:32:25.495+0300][16,137s][info][gc] GC(440) Pause Young (Allocation Failure) 165M->5M(508M) 4,223ms
[2024-08-07T20:32:25.532+0300][16,173s][info][gc] GC(441) Pause Young (Allocation Failure) 167M->4M(508M) 4,291ms
[2024-08-07T20:32:25.566+0300][16,207s][info][gc] GC(442) Pause Young (Allocation Failure) 166M->3M(508M) 0,993ms
[2024-08-07T20:32:25.602+0300][16,243s][info][gc] GC(443) Pause Young (Allocation Failure) 165M->4M(508M) 3,418ms
[2024-08-07T20:32:25.638+0300][16,279s][info][gc] GC(444) Pause Young (Allocation Failure) 167M->3M(508M) 4,116ms
[2024-08-07T20:32:25.674+0300][16,315s][info][gc] GC(445) Pause Young (Allocation Failure) 166M->5M(508M) 3,448ms
[2024-08-07T20:32:25.711+0300][16,352s][info][gc] GC(446) Pause Young (Allocation Failure) 168M->4M(508M) 4,038ms
[2024-08-07T20:32:25.746+0300][16,387s][info][gc] GC(447) Pause Young (Allocation Failure) 167M->3M(508M) 2,655ms
[2024-08-07T20:32:25.782+0300][16,423s][info][gc] GC(448) Pause Young (Allocation Failure) 166M->5M(507M) 4,017ms
[2024-08-07T20:32:25.819+0300][16,460s][info][gc] GC(449) Pause Young (Allocation Failure) 168M->4M(508M) 4,119ms
[2024-08-07T20:32:25.854+0300][16,496s][info][gc] GC(450) Pause Young (Allocation Failure) 166M->3M(507M) 3,238ms
[2024-08-07T20:32:25.891+0300][16,532s][info][gc] GC(451) Pause Young (Allocation Failure) 165M->5M(508M) 4,257ms
[2024-08-07T20:32:25.927+0300][16,569s][info][gc] GC(452) Pause Young (Allocation Failure) 167M->4M(508M) 3,773ms
[2024-08-07T20:32:25.961+0300][16,602s][info][gc] GC(453) Pause Young (Allocation Failure) 166M->3M(508M) 1,461ms
[2024-08-07T20:32:25.997+0300][16,639s][info][gc] GC(454) Pause Young (Allocation Failure) 165M->5M(508M) 4,159ms
[2024-08-07T20:32:26.034+0300][16,675s][info][gc] GC(455) Pause Young (Allocation Failure) 167M->4M(508M) 3,450ms
[2024-08-07T20:32:26.067+0300][16,708s][info][gc] GC(456) Pause Young (Allocation Failure) 166M->3M(508M) 1,003ms
[2024-08-07T20:32:26.103+0300][16,745s][info][gc] GC(457) Pause Young (Allocation Failure) 165M->4M(508M) 4,094ms
[2024-08-07T20:32:26.140+0300][16,782s][info][gc] GC(458) Pause Young (Allocation Failure) 167M->3M(508M) 4,196ms
[2024-08-07T20:32:26.178+0300][16,819s][info][gc] GC(459) Pause Young (Allocation Failure) 166M->5M(508M) 3,946ms
[2024-08-07T20:32:26.215+0300][16,856s][info][gc] GC(460) Pause Young (Allocation Failure) 168M->4M(508M) 4,245ms
[2024-08-07T20:32:26.252+0300][16,893s][info][gc] GC(461) Pause Young (Allocation Failure) 167M->3M(508M) 4,234ms
[2024-08-07T20:32:26.289+0300][16,930s][info][gc] GC(462) Pause Young (Allocation Failure) 166M->5M(507M) 4,026ms
[2024-08-07T20:32:26.325+0300][16,967s][info][gc] GC(463) Pause Young (Allocation Failure) 168M->4M(508M) 4,121ms
[2024-08-07T20:32:26.361+0300][17,002s][info][gc] GC(464) Pause Young (Allocation Failure) 166M->3M(507M) 3,245ms
[2024-08-07T20:32:26.398+0300][17,039s][info][gc] GC(465) Pause Young (Allocation Failure) 165M->5M(508M) 3,948ms
[2024-08-07T20:32:26.434+0300][17,075s][info][gc] GC(466) Pause Young (Allocation Failure) 167M->4M(508M) 4,086ms
[2024-08-07T20:32:26.468+0300][17,110s][info][gc] GC(467) Pause Young (Allocation Failure) 166M->3M(508M) 1,699ms
[2024-08-07T20:32:26.505+0300][17,147s][info][gc] GC(468) Pause Young (Allocation Failure) 165M->5M(508M) 4,467ms
[2024-08-07T20:32:26.542+0300][17,184s][info][gc] GC(469) Pause Young (Allocation Failure) 167M->4M(508M) 4,110ms
[2024-08-07T20:32:26.576+0300][17,217s][info][gc] GC(470) Pause Young (Allocation Failure) 166M->3M(508M) 1,194ms
