[2024-08-07T20:31:34.637+0300][0.005s][info][gc] Using Parallel
[2024-08-07T20:31:34.831+0300][0,199s][info][gc] GC(0) Pause Young (Allocation Failure) 65M->4M(245M) 4,183ms
[2024-08-07T20:31:34.849+0300][0,217s][info][gc] GC(1) Pause Young (Allocation Failure) 68M->4M(245M) 4,095ms
[2024-08-07T20:31:34.863+0300][0,231s][info][gc] GC(2) Pause Young (Allocation Failure) 68M->2M(245M) 1,258ms
[2024-08-07T20:31:34.878+0300][0,245s][info][gc] GC(3) Pause Young (Allocation Failure) 66M->3M(245M) 1,828ms
[2024-08-07T20:31:34.893+0300][0,261s][info][gc] GC(4) Pause Young (Allocation Failure) 67M->3M(245M) 3,002ms
[2024-08-07T20:31:34.910+0300][0,278s][info][gc] GC(5) Pause Young (Allocation Failure) 67M->4M(251M) 4,360ms
[2024-08-07T20:31:34.933+0300][0,301s][info][gc] GC(6) Pause Young (Allocation Failure) 80M->4M(251M) 5,299ms
[2024-08-07T20:31:34.952+0300][0,319s][info][gc] GC(7) Pause Young (Allocation Failure) 80M->4M(251M) 3,859ms
[2024-08-07T20:31:34.971+0300][0,339s][info][gc] GC(8) Pause Young (Allocation Failure) 80M->4M(251M) 4,103ms
[2024-08-07T20:31:34.990+0300][0,358s][info][gc] GC(9) Pause Young (Allocation Failure) 80M->3M(251M) 4,217ms
[2024-08-07T20:31:35.008+0300][0,376s][info][gc] GC(10) Pause Young (Allocation Failure) 79M->3M(251M) 3,557ms
[2024-08-07T20:31:35.027+0300][0,394s][info][gc] GC(11) Pause Young (Allocation Failure) 79M->3M(252M) 3,461ms
[2024-08-07T20:31:35.045+0300][0,413s][info][gc] GC(12) Pause Young (Allocation Failure) 80M->3M(251M) 3,957ms
[2024-08-07T20:31:35.064+0300][0,432s][info][gc] GC(13) Pause Young (Allocation Failure) 80M->3M(252M) 3,605ms
[2024-08-07T20:31:35.083+0300][0,450s][info][gc] GC(14) Pause Young (Allocation Failure) 80M->4M(252M) 3,874ms
[2024-08-07T20:31:35.101+0300][0,469s][info][gc] GC(15) Pause Young (Allocation Failure) 81M->4M(252M) 3,639ms
[2024-08-07T20:31:35.119+0300][0,487s][info][gc] GC(16) Pause Young (Allocation Failure) 81M->4M(252M) 3,365ms
[2024-08-07T20:31:35.137+0300][0,505s][info][gc] GC(17) Pause Young (Allocation Failure) 81M->4M(252M) 3,436ms
[2024-08-07T20:31:35.155+0300][0,523s][info][gc] GC(18) Pause Young (Allocation Failure) 82M->4M(252M) 2,660ms
[2024-08-07T20:31:35.173+0300][0,541s][info][gc] GC(19) Pause Young (Allocation Failure) 82M->5M(251M) 3,054ms
[2024-08-07T20:31:35.191+0300][0,559s][info][gc] GC(20) Pause Young (Allocation Failure) 82M->5M(252M) 3,102ms
[2024-08-07T20:31:35.212+0300][0,579s][info][gc] GC(21) Pause Young (Allocation Failure) 82M->5M(252M) 2,688ms
[2024-08-07T20:31:35.227+0300][0,595s][info][gc] GC(22) Pause Young (Allocation Failure) 82M->2M(248M) 0,636ms
[2024-08-07T20:31:35.243+0300][0,611s][info][gc] GC(23) Pause Young (Allocation Failure) 79M->2M(251M) 1,491ms
[2024-08-07T20:31:35.258+0300][0,626s][info][gc] GC(24) Pause Young (Allocation Failure) 78M->2M(251M) 0,747ms
[2024-08-07T20:31:35.273+0300][0,641s][info][gc] GC(25) Pause Young (Allocation Failure) 78M->2M(251M) 0,675ms
[2024-08-07T20:31:35.288+0300][0,656s][info][gc] GC(26) Pause Young (Allocation Failure) 78M->2M(251M) 0,368ms
[2024-08-07T20:31:35.305+0300][0,673s][info][gc] GC(27) Pause Young (Allocation Failure) 78M->5M(250M) 2,936ms
[2024-08-07T20:31:35.323+0300][0,690s][info][gc] GC(28) Pause Young (Allocation Failure) 80M->5M(251M) 3,254ms
[2024-08-07T20:31:35.341+0300][0,708s][info][gc] GC(29) Pause Young (Allocation Failure) 80M->4M(251M) 3,171ms
[2024-08-07T20:31:35.359+0300][0,727s][info][gc] GC(30) Pause Young (Allocation Failure) 79M->4M(251M) 3,509ms
[2024-08-07T20:31:35.377+0300][0,744s][info][gc] GC(31) Pause Young (Allocation Failure) 79M->4M(251M) 3,526ms
[2024-08-07T20:31:35.395+0300][0,763s][info][gc] GC(32) Pause Young (Allocation Failure) 79M->4M(251M) 2,972ms
[2024-08-07T20:31:35.415+0300][0,783s][info][gc] GC(33) Pause Young (Allocation Failure) 79M->4M(252M) 3,112ms
[2024-08-07T20:31:35.433+0300][0,801s][info][gc] GC(34) Pause Young (Allocation Failure) 80M->4M(251M) 3,303ms
[2024-08-07T20:31:35.451+0300][0,818s][info][gc] GC(35) Pause Young (Allocation Failure) 80M->4M(252M) 3,319ms
[2024-08-07T20:31:35.469+0300][0,837s][info][gc] GC(36) Pause Young (Allocation Failure) 81M->4M(252M) 3,674ms
[2024-08-07T20:31:35.488+0300][0,855s][info][gc] GC(37) Pause Young (Allocation Failure) 81M->4M(252M) 3,311ms
[2024-08-07T20:31:35.506+0300][0,874s][info][gc] GC(38) Pause Young (Allocation Failure) 82M->4M(252M) 3,592ms
[2024-08-07T20:31:35.524+0300][0,892s][info][gc] GC(39) Pause Young (Allocation Failure) 82M->5M(251M) 3,149ms
[2024-08-07T20:31:35.543+0300][0,910s][info][gc] GC(40) Pause Young (Allocation Failure) 82M->5M(252M) 3,247ms
[2024-08-07T20:31:35.561+0300][0,928s][info][gc] GC(41) Pause Young (Allocation Failure) 82M->5M(252M) 2,766ms
[2024-08-07T20:31:35.578+0300][0,946s][info][gc] GC(42) Pause Young (Allocation Failure) 82M->5M(251M) 2,822ms
[2024-08-07T20:31:35.593+0300][0,961s][info][gc] GC(43) Pause Young (Allocation Failure) 82M->2M(251M) 0,869ms
[2024-08-07T20:31:35.608+0300][0,976s][info][gc] GC(44) Pause Young (Allocation Failure) 78M->2M(251M) 0,377ms
[2024-08-07T20:31:35.626+0300][0,993s][info][gc] GC(45) Pause Young (Allocation Failure) 78M->5M(250M) 2,845ms
[2024-08-07T20:31:35.643+0300][1,011s][info][gc] GC(46) Pause Young (Allocation Failure) 80M->5M(251M) 3,001ms
[2024-08-07T20:31:35.661+0300][1,028s][info][gc] GC(47) Pause Young (Allocation Failure) 80M->4M(251M) 3,067ms
[2024-08-07T20:31:35.678+0300][1,046s][info][gc] GC(48) Pause Young (Allocation Failure) 79M->4M(251M) 3,261ms
[2024-08-07T20:31:35.695+0300][1,063s][info][gc] GC(49) Pause Young (Allocation Failure) 79M->4M(251M) 2,790ms
[2024-08-07T20:31:35.712+0300][1,079s][info][gc] GC(50) Pause Young (Allocation Failure) 80M->4M(251M) 2,288ms
[2024-08-07T20:31:35.729+0300][1,096s][info][gc] GC(51) Pause Young (Allocation Failure) 80M->4M(252M) 2,568ms
[2024-08-07T20:31:35.746+0300][1,114s][info][gc] GC(52) Pause Young (Allocation Failure) 81M->4M(252M) 2,671ms
[2024-08-07T20:31:35.763+0300][1,131s][info][gc] GC(53) Pause Young (Allocation Failure) 81M->4M(252M) 2,465ms
[2024-08-07T20:31:35.780+0300][1,148s][info][gc] GC(54) Pause Young (Allocation Failure) 81M->4M(252M) 2,519ms
[2024-08-07T20:31:35.797+0300][1,165s][info][gc] GC(55) Pause Young (Allocation Failure) 81M->4M(252M) 2,555ms
[2024-08-07T20:31:35.814+0300][1,182s][info][gc] GC(56) Pause Young (Allocation Failure) 82M->5M(252M) 2,794ms
[2024-08-07T20:31:35.830+0300][1,197s][info][gc] GC(57) Pause Young (Allocation Failure) 83M->2M(252M) 0,742ms
[2024-08-07T20:31:35.845+0300][1,213s][info][gc] GC(58) Pause Young (Allocation Failure) 79M->2M(252M) 1,069ms
[2024-08-07T20:31:35.861+0300][1,228s][info][gc] GC(59) Pause Young (Allocation Failure) 79M->2M(252M) 1,375ms
[2024-08-07T20:31:35.877+0300][1,245s][info][gc] GC(60) Pause Young (Allocation Failure) 79M->2M(252M) 1,713ms
[2024-08-07T20:31:35.893+0300][1,261s][info][gc] GC(61) Pause Young (Allocation Failure) 79M->2M(252M) 1,781ms
[2024-08-07T20:31:35.909+0300][1,277s][info][gc] GC(62) Pause Young (Allocation Failure) 79M->3M(252M) 2,056ms
[2024-08-07T20:31:35.926+0300][1,294s][info][gc] GC(63) Pause Young (Allocation Failure) 80M->3M(252M) 2,033ms
[2024-08-07T20:31:35.942+0300][1,310s][info][gc] GC(64) Pause Young (Allocation Failure) 80M->3M(252M) 2,039ms
[2024-08-07T20:31:35.959+0300][1,327s][info][gc] GC(65) Pause Young (Allocation Failure) 80M->3M(252M) 2,060ms
[2024-08-07T20:31:35.976+0300][1,343s][info][gc] GC(66) Pause Young (Allocation Failure) 81M->3M(252M) 2,165ms
[2024-08-07T20:31:35.993+0300][1,360s][info][gc] GC(67) Pause Young (Allocation Failure) 81M->4M(252M) 2,583ms
[2024-08-07T20:31:36.010+0300][1,378s][info][gc] GC(68) Pause Young (Allocation Failure) 82M->4M(252M) 2,714ms
[2024-08-07T20:31:36.027+0300][1,395s][info][gc] GC(69) Pause Young (Allocation Failure) 82M->4M(252M) 2,628ms
[2024-08-07T20:31:36.045+0300][1,412s][info][gc] GC(70) Pause Young (Allocation Failure) 82M->5M(252M) 2,941ms
[2024-08-07T20:31:36.060+0300][1,428s][info][gc] GC(71) Pause Young (Allocation Failure) 83M->2M(252M) 0,882ms
[2024-08-07T20:31:36.076+0300][1,443s][info][gc] GC(72) Pause Young (Allocation Failure) 79M->2M(252M) 1,222ms
[2024-08-07T20:31:36.092+0300][1,459s][info][gc] GC(73) Pause Young (Allocation Failure) 79M->2M(252M) 1,478ms
[2024-08-07T20:31:36.108+0300][1,475s][info][gc] GC(74) Pause Young (Allocation Failure) 79M->2M(252M) 1,801ms
[2024-08-07T20:31:36.124+0300][1,492s][info][gc] GC(75) Pause Young (Allocation Failure) 79M->3M(252M) 1,767ms
[2024-08-07T20:31:36.140+0300][1,508s][info][gc] GC(76) Pause Young (Allocation Failure) 80M->3M(252M) 2,014ms
[2024-08-07T20:31:36.157+0300][1,524s][info][gc] GC(77) Pause Young (Allocation Failure) 80M->3M(252M) 2,152ms
[2024-08-07T20:31:36.173+0300][1,541s][info][gc] GC(78) Pause Young (Allocation Failure) 81M->3M(252M) 2,140ms
[2024-08-07T20:31:36.190+0300][1,558s][info][gc] GC(79) Pause Young (Allocation Failure) 81M->3M(252M) 2,188ms
[2024-08-07T20:31:36.207+0300][1,575s][info][gc] GC(80) Pause Young (Allocation Failure) 81M->4M(252M) 2,406ms
[2024-08-07T20:31:36.225+0300][1,592s][info][gc] GC(81) Pause Young (Allocation Failure) 82M->4M(252M) 2,911ms
[2024-08-07T20:31:36.242+0300][1,610s][info][gc] GC(82) Pause Young (Allocation Failure) 82M->4M(252M) 2,875ms
[2024-08-07T20:31:36.259+0300][1,627s][info][gc] GC(83) Pause Young (Allocation Failure) 82M->5M(252M) 2,829ms
[2024-08-07T20:31:36.277+0300][1,645s][info][gc] GC(84) Pause Young (Allocation Failure) 82M->5M(251M) 3,118ms
[2024-08-07T20:31:36.292+0300][1,660s][info][gc] GC(85) Pause Young (Allocation Failure) 82M->2M(251M) 0,956ms
[2024-08-07T20:31:36.307+0300][1,675s][info][gc] GC(86) Pause Young (Allocation Failure) 78M->2M(251M) 0,687ms
[2024-08-07T20:31:36.324+0300][1,692s][info][gc] GC(87) Pause Young (Allocation Failure) 78M->5M(250M) 2,998ms
[2024-08-07T20:31:36.341+0300][1,709s][info][gc] GC(88) Pause Young (Allocation Failure) 80M->5M(251M) 2,977ms
[2024-08-07T20:31:36.358+0300][1,726s][info][gc] GC(89) Pause Young (Allocation Failure) 80M->4M(251M) 2,726ms
[2024-08-07T20:31:36.375+0300][1,742s][info][gc] GC(90) Pause Young (Allocation Failure) 79M->4M(251M) 2,710ms
[2024-08-07T20:31:36.391+0300][1,759s][info][gc] GC(91) Pause Young (Allocation Failure) 79M->4M(251M) 2,632ms
[2024-08-07T20:31:36.408+0300][1,776s][info][gc] GC(92) Pause Young (Allocation Failure) 79M->4M(251M) 2,499ms
[2024-08-07T20:31:36.425+0300][1,792s][info][gc] GC(93) Pause Young (Allocation Failure) 79M->4M(252M) 2,548ms
[2024-08-07T20:31:36.442+0300][1,809s][info][gc] GC(94) Pause Young (Allocation Failure) 80M->4M(251M) 2,455ms
[2024-08-07T20:31:36.458+0300][1,826s][info][gc] GC(95) Pause Young (Allocation Failure) 80M->4M(252M) 2,458ms
[2024-08-07T20:31:36.475+0300][1,843s][info][gc] GC(96) Pause Young (Allocation Failure) 81M->4M(252M) 2,245ms
[2024-08-07T20:31:36.492+0300][1,859s][info][gc] GC(97) Pause Young (Allocation Failure) 81M->4M(252M) 2,347ms
[2024-08-07T20:31:36.510+0300][1,878s][info][gc] GC(98) Pause Young (Allocation Failure) 82M->4M(252M) 3,724ms
[2024-08-07T20:31:36.535+0300][1,903s][info][gc] GC(99) Pause Young (Allocation Failure) 82M->5M(251M) 2,923ms
[2024-08-07T20:31:36.557+0300][1,924s][info][gc] GC(100) Pause Young (Allocation Failure) 82M->5M(252M) 3,001ms
[2024-08-07T20:31:36.574+0300][1,942s][info][gc] GC(101) Pause Young (Allocation Failure) 82M->5M(252M) 2,980ms
[2024-08-07T20:31:36.589+0300][1,957s][info][gc] GC(102) Pause Young (Allocation Failure) 82M->2M(248M) 0,409ms
[2024-08-07T20:31:36.605+0300][1,973s][info][gc] GC(103) Pause Young (Allocation Failure) 79M->2M(251M) 1,184ms
[2024-08-07T20:31:36.621+0300][1,988s][info][gc] GC(104) Pause Young (Allocation Failure) 78M->2M(251M) 1,080ms
[2024-08-07T20:31:36.635+0300][2,003s][info][gc] GC(105) Pause Young (Allocation Failure) 78M->2M(251M) 0,634ms
[2024-08-07T20:31:36.653+0300][2,021s][info][gc] GC(106) Pause Young (Allocation Failure) 78M->5M(250M) 3,297ms
[2024-08-07T20:31:36.671+0300][2,039s][info][gc] GC(107) Pause Young (Allocation Failure) 81M->5M(251M) 3,391ms
[2024-08-07T20:31:36.689+0300][2,057s][info][gc] GC(108) Pause Young (Allocation Failure) 80M->5M(251M) 3,333ms
[2024-08-07T20:31:36.707+0300][2,075s][info][gc] GC(109) Pause Young (Allocation Failure) 80M->4M(251M) 3,287ms
[2024-08-07T20:31:36.726+0300][2,093s][info][gc] GC(110) Pause Young (Allocation Failure) 79M->4M(251M) 3,688ms
[2024-08-07T20:31:36.744+0300][2,112s][info][gc] GC(111) Pause Young (Allocation Failure) 79M->4M(251M) 3,571ms
[2024-08-07T20:31:36.762+0300][2,130s][info][gc] GC(112) Pause Young (Allocation Failure) 79M->4M(251M) 3,480ms
[2024-08-07T20:31:36.780+0300][2,147s][info][gc] GC(113) Pause Young (Allocation Failure) 79M->3M(252M) 3,577ms
[2024-08-07T20:31:36.798+0300][2,166s][info][gc] GC(114) Pause Young (Allocation Failure) 80M->4M(251M) 3,339ms
[2024-08-07T20:31:36.816+0300][2,184s][info][gc] GC(115) Pause Young (Allocation Failure) 80M->4M(252M) 3,035ms
[2024-08-07T20:31:36.834+0300][2,201s][info][gc] GC(116) Pause Young (Allocation Failure) 81M->4M(252M) 3,079ms
[2024-08-07T20:31:36.852+0300][2,220s][info][gc] GC(117) Pause Young (Allocation Failure) 81M->4M(252M) 3,616ms
[2024-08-07T20:31:36.871+0300][2,239s][info][gc] GC(118) Pause Young (Allocation Failure) 82M->4M(252M) 3,826ms
[2024-08-07T20:31:36.892+0300][2,260s][info][gc] GC(119) Pause Young (Allocation Failure) 82M->5M(252M) 3,138ms
[2024-08-07T20:31:36.912+0300][2,280s][info][gc] GC(120) Pause Young (Allocation Failure) 83M->5M(252M) 4,103ms
[2024-08-07T20:31:36.931+0300][2,298s][info][gc] GC(121) Pause Young (Allocation Failure) 83M->2M(252M) 1,855ms
[2024-08-07T20:31:36.949+0300][2,316s][info][gc] GC(122) Pause Young (Allocation Failure) 79M->2M(252M) 2,836ms
[2024-08-07T20:31:36.968+0300][2,336s][info][gc] GC(123) Pause Young (Allocation Failure) 79M->2M(252M) 3,571ms
[2024-08-07T20:31:36.988+0300][2,356s][info][gc] GC(124) Pause Young (Allocation Failure) 79M->3M(252M) 4,181ms
[2024-08-07T20:31:37.008+0300][2,376s][info][gc] GC(125) Pause Young (Allocation Failure) 80M->3M(252M) 4,260ms
[2024-08-07T20:31:37.028+0300][2,395s][info][gc] GC(126) Pause Young (Allocation Failure) 80M->3M(252M) 3,762ms
[2024-08-07T20:31:37.048+0300][2,415s][info][gc] GC(127) Pause Young (Allocation Failure) 80M->3M(252M) 3,691ms
[2024-08-07T20:31:37.066+0300][2,434s][info][gc] GC(128) Pause Young (Allocation Failure) 80M->3M(252M) 2,905ms
[2024-08-07T20:31:37.085+0300][2,452s][info][gc] GC(129) Pause Young (Allocation Failure) 81M->3M(252M) 3,213ms
[2024-08-07T20:31:37.102+0300][2,470s][info][gc] GC(130) Pause Young (Allocation Failure) 81M->4M(252M) 2,768ms
[2024-08-07T20:31:37.121+0300][2,489s][info][gc] GC(131) Pause Young (Allocation Failure) 82M->4M(252M) 3,396ms
[2024-08-07T20:31:37.139+0300][2,507s][info][gc] GC(132) Pause Young (Allocation Failure) 82M->4M(252M) 3,147ms
[2024-08-07T20:31:37.158+0300][2,526s][info][gc] GC(133) Pause Young (Allocation Failure) 82M->5M(251M) 3,935ms
[2024-08-07T20:31:37.177+0300][2,545s][info][gc] GC(134) Pause Young (Allocation Failure) 82M->5M(251M) 3,981ms
[2024-08-07T20:31:37.193+0300][2,560s][info][gc] GC(135) Pause Young (Allocation Failure) 82M->2M(251M) 0,770ms
[2024-08-07T20:31:37.211+0300][2,579s][info][gc] GC(136) Pause Young (Allocation Failure) 78M->5M(251M) 4,061ms
[2024-08-07T20:31:37.230+0300][2,597s][info][gc] GC(137) Pause Young (Allocation Failure) 81M->5M(250M) 3,766ms
[2024-08-07T20:31:37.247+0300][2,615s][info][gc] GC(138) Pause Young (Allocation Failure) 80M->5M(251M) 3,031ms
[2024-08-07T20:31:37.265+0300][2,633s][info][gc] GC(139) Pause Young (Allocation Failure) 80M->4M(251M) 3,218ms
[2024-08-07T20:31:37.283+0300][2,651s][info][gc] GC(140) Pause Young (Allocation Failure) 80M->4M(251M) 3,225ms
[2024-08-07T20:31:37.301+0300][2,669s][info][gc] GC(141) Pause Young (Allocation Failure) 80M->4M(251M) 3,113ms
[2024-08-07T20:31:37.319+0300][2,687s][info][gc] GC(142) Pause Young (Allocation Failure) 80M->4M(251M) 3,153ms
[2024-08-07T20:31:37.337+0300][2,705s][info][gc] GC(143) Pause Young (Allocation Failure) 80M->4M(252M) 3,234ms
[2024-08-07T20:31:37.355+0300][2,723s][info][gc] GC(144) Pause Young (Allocation Failure) 81M->4M(252M) 3,238ms
[2024-08-07T20:31:37.374+0300][2,741s][info][gc] GC(145) Pause Young (Allocation Failure) 81M->4M(252M) 3,232ms
[2024-08-07T20:31:37.392+0300][2,760s][info][gc] GC(146) Pause Young (Allocation Failure) 81M->4M(252M) 3,258ms
[2024-08-07T20:31:37.409+0300][2,777s][info][gc] GC(147) Pause Young (Allocation Failure) 81M->4M(252M) 2,708ms
[2024-08-07T20:31:37.427+0300][2,795s][info][gc] GC(148) Pause Young (Allocation Failure) 81M->5M(252M) 2,790ms
[2024-08-07T20:31:37.445+0300][2,812s][info][gc] GC(149) Pause Young (Allocation Failure) 82M->5M(252M) 2,805ms
[2024-08-07T20:31:37.463+0300][2,831s][info][gc] GC(150) Pause Young (Allocation Failure) 82M->5M(252M) 3,397ms
[2024-08-07T20:31:37.481+0300][2,849s][info][gc] GC(151) Pause Young (Allocation Failure) 82M->5M(252M) 3,446ms
[2024-08-07T20:31:37.497+0300][2,865s][info][gc] GC(152) Pause Young (Allocation Failure) 82M->2M(248M) 1,080ms
[2024-08-07T20:31:37.514+0300][2,881s][info][gc] GC(153) Pause Young (Allocation Failure) 79M->2M(251M) 2,234ms
[2024-08-07T20:31:37.530+0300][2,897s][info][gc] GC(154) Pause Young (Allocation Failure) 78M->2M(251M) 1,710ms
[2024-08-07T20:31:37.545+0300][2,913s][info][gc] GC(155) Pause Young (Allocation Failure) 78M->2M(251M) 1,061ms
[2024-08-07T20:31:37.560+0300][2,928s][info][gc] GC(156) Pause Young (Allocation Failure) 78M->2M(251M) 0,569ms
[2024-08-07T20:31:37.575+0300][2,942s][info][gc] GC(157) Pause Young (Allocation Failure) 78M->2M(251M) 0,391ms
[2024-08-07T20:31:37.592+0300][2,960s][info][gc] GC(158) Pause Young (Allocation Failure) 78M->5M(250M) 3,574ms
[2024-08-07T20:31:37.610+0300][2,978s][info][gc] GC(159) Pause Young (Allocation Failure) 81M->5M(251M) 3,624ms
[2024-08-07T20:31:37.628+0300][2,996s][info][gc] GC(160) Pause Young (Allocation Failure) 80M->5M(251M) 3,499ms
[2024-08-07T20:31:37.645+0300][3,012s][info][gc] GC(161) Pause Young (Allocation Failure) 80M->4M(251M) 2,714ms
[2024-08-07T20:31:37.661+0300][3,029s][info][gc] GC(162) Pause Young (Allocation Failure) 79M->4M(251M) 2,632ms
[2024-08-07T20:31:37.678+0300][3,046s][info][gc] GC(163) Pause Young (Allocation Failure) 79M->4M(251M) 2,853ms
[2024-08-07T20:31:37.695+0300][3,063s][info][gc] GC(164) Pause Young (Allocation Failure) 79M->4M(251M) 2,615ms
[2024-08-07T20:31:37.712+0300][3,080s][info][gc] GC(165) Pause Young (Allocation Failure) 79M->4M(251M) 2,952ms
[2024-08-07T20:31:37.730+0300][3,098s][info][gc] GC(166) Pause Young (Allocation Failure) 80M->3M(251M) 2,958ms
[2024-08-07T20:31:37.747+0300][3,115s][info][gc] GC(167) Pause Young (Allocation Failure) 79M->3M(252M) 2,824ms
[2024-08-07T20:31:37.765+0300][3,133s][info][gc] GC(168) Pause Young (Allocation Failure) 80M->4M(252M) 3,122ms
[2024-08-07T20:31:37.784+0300][3,151s][info][gc] GC(169) Pause Young (Allocation Failure) 81M->4M(252M) 2,474ms
[2024-08-07T20:31:37.801+0300][3,169s][info][gc] GC(170) Pause Young (Allocation Failure) 81M->4M(252M) 2,729ms
[2024-08-07T20:31:37.819+0300][3,186s][info][gc] GC(171) Pause Young (Allocation Failure) 81M->4M(252M) 3,022ms
[2024-08-07T20:31:37.837+0300][3,205s][info][gc] GC(172) Pause Young (Allocation Failure) 82M->4M(252M) 3,507ms
[2024-08-07T20:31:37.855+0300][3,223s][info][gc] GC(173) Pause Young (Allocation Failure) 82M->5M(251M) 3,093ms
[2024-08-07T20:31:37.873+0300][3,241s][info][gc] GC(174) Pause Young (Allocation Failure) 82M->5M(252M) 3,033ms
[2024-08-07T20:31:37.889+0300][3,256s][info][gc] GC(175) Pause Young (Allocation Failure) 82M->2M(251M) 0,884ms
[2024-08-07T20:31:37.906+0300][3,274s][info][gc] GC(176) Pause Young (Allocation Failure) 78M->5M(251M) 2,884ms
[2024-08-07T20:31:37.923+0300][3,291s][info][gc] GC(177) Pause Young (Allocation Failure) 81M->5M(251M) 2,474ms
[2024-08-07T20:31:37.940+0300][3,308s][info][gc] GC(178) Pause Young (Allocation Failure) 81M->5M(250M) 2,858ms
[2024-08-07T20:31:37.958+0300][3,326s][info][gc] GC(179) Pause Young (Allocation Failure) 81M->5M(251M) 3,253ms
[2024-08-07T20:31:37.976+0300][3,344s][info][gc] GC(180) Pause Young (Allocation Failure) 80M->5M(251M) 3,150ms
[2024-08-07T20:31:37.994+0300][3,361s][info][gc] GC(181) Pause Young (Allocation Failure) 80M->4M(251M) 3,258ms
[2024-08-07T20:31:38.011+0300][3,379s][info][gc] GC(182) Pause Young (Allocation Failure) 80M->4M(251M) 3,308ms
[2024-08-07T20:31:38.029+0300][3,396s][info][gc] GC(183) Pause Young (Allocation Failure) 80M->4M(252M) 2,950ms
[2024-08-07T20:31:38.046+0300][3,414s][info][gc] GC(184) Pause Young (Allocation Failure) 81M->4M(251M) 3,063ms
[2024-08-07T20:31:38.064+0300][3,432s][info][gc] GC(185) Pause Young (Allocation Failure) 81M->4M(252M) 3,251ms
[2024-08-07T20:31:38.082+0300][3,450s][info][gc] GC(186) Pause Young (Allocation Failure) 81M->4M(252M) 3,072ms
[2024-08-07T20:31:38.100+0300][3,468s][info][gc] GC(187) Pause Young (Allocation Failure) 81M->5M(252M) 3,199ms
[2024-08-07T20:31:38.118+0300][3,486s][info][gc] GC(188) Pause Young (Allocation Failure) 82M->5M(252M) 3,289ms
[2024-08-07T20:31:38.136+0300][3,504s][info][gc] GC(189) Pause Young (Allocation Failure) 82M->5M(252M) 3,156ms
[2024-08-07T20:31:38.154+0300][3,521s][info][gc] GC(190) Pause Young (Allocation Failure) 82M->5M(252M) 3,114ms
[2024-08-07T20:31:38.169+0300][3,537s][info][gc] GC(191) Pause Young (Allocation Failure) 82M->2M(252M) 0,537ms
[2024-08-07T20:31:38.185+0300][3,552s][info][gc] GC(192) Pause Young (Allocation Failure) 79M->2M(248M) 1,352ms
[2024-08-07T20:31:38.201+0300][3,569s][info][gc] GC(193) Pause Young (Allocation Failure) 79M->2M(251M) 1,837ms
[2024-08-07T20:31:38.217+0300][3,584s][info][gc] GC(194) Pause Young (Allocation Failure) 78M->2M(251M) 1,568ms
[2024-08-07T20:31:38.232+0300][3,600s][info][gc] GC(195) Pause Young (Allocation Failure) 78M->2M(251M) 1,193ms
[2024-08-07T20:31:38.247+0300][3,615s][info][gc] GC(196) Pause Young (Allocation Failure) 78M->2M(251M) 0,682ms
[2024-08-07T20:31:38.262+0300][3,629s][info][gc] GC(197) Pause Young (Allocation Failure) 78M->2M(251M) 0,648ms
[2024-08-07T20:31:38.279+0300][3,646s][info][gc] GC(198) Pause Young (Allocation Failure) 78M->5M(250M) 2,947ms
[2024-08-07T20:31:38.296+0300][3,664s][info][gc] GC(199) Pause Young (Allocation Failure) 81M->5M(251M) 3,006ms
[2024-08-07T20:31:38.314+0300][3,682s][info][gc] GC(200) Pause Young (Allocation Failure) 80M->5M(251M) 3,212ms
[2024-08-07T20:31:38.332+0300][3,699s][info][gc] GC(201) Pause Young (Allocation Failure) 80M->4M(251M) 3,112ms
[2024-08-07T20:31:38.349+0300][3,717s][info][gc] GC(202) Pause Young (Allocation Failure) 79M->4M(251M) 2,950ms
[2024-08-07T20:31:38.366+0300][3,733s][info][gc] GC(203) Pause Young (Allocation Failure) 79M->4M(251M) 2,458ms
[2024-08-07T20:31:38.382+0300][3,750s][info][gc] GC(204) Pause Young (Allocation Failure) 79M->4M(251M) 2,604ms
[2024-08-07T20:31:38.399+0300][3,767s][info][gc] GC(205) Pause Young (Allocation Failure) 79M->4M(251M) 2,566ms
[2024-08-07T20:31:38.416+0300][3,784s][info][gc] GC(206) Pause Young (Allocation Failure) 80M->3M(251M) 2,737ms
[2024-08-07T20:31:38.433+0300][3,801s][info][gc] GC(207) Pause Young (Allocation Failure) 79M->3M(252M) 2,475ms
[2024-08-07T20:31:38.450+0300][3,818s][info][gc] GC(208) Pause Young (Allocation Failure) 80M->4M(252M) 2,749ms
[2024-08-07T20:31:38.468+0300][3,836s][info][gc] GC(209) Pause Young (Allocation Failure) 81M->4M(252M) 2,893ms
[2024-08-07T20:31:38.485+0300][3,853s][info][gc] GC(210) Pause Young (Allocation Failure) 81M->4M(252M) 2,670ms
[2024-08-07T20:31:38.503+0300][3,870s][info][gc] GC(211) Pause Young (Allocation Failure) 81M->4M(252M) 2,920ms
[2024-08-07T20:31:38.521+0300][3,888s][info][gc] GC(212) Pause Young (Allocation Failure) 82M->5M(252M) 3,355ms
[2024-08-07T20:31:38.538+0300][3,906s][info][gc] GC(213) Pause Young (Allocation Failure) 83M->5M(251M) 2,884ms
[2024-08-07T20:31:38.556+0300][3,924s][info][gc] GC(214) Pause Young (Allocation Failure) 82M->5M(252M) 3,121ms
[2024-08-07T20:31:38.572+0300][3,940s][info][gc] GC(215) Pause Young (Allocation Failure) 82M->2M(251M) 0,793ms
[2024-08-07T20:31:38.587+0300][3,954s][info][gc] GC(216) Pause Young (Allocation Failure) 78M->2M(251M) 0,354ms
[2024-08-07T20:31:38.604+0300][3,971s][info][gc] GC(217) Pause Young (Allocation Failure) 78M->5M(251M) 2,899ms
[2024-08-07T20:31:38.622+0300][3,989s][info][gc] GC(218) Pause Young (Allocation Failure) 81M->5M(250M) 3,190ms
[2024-08-07T20:31:38.639+0300][4,007s][info][gc] GC(219) Pause Young (Allocation Failure) 81M->5M(251M) 3,001ms
[2024-08-07T20:31:38.657+0300][4,025s][info][gc] GC(220) Pause Young (Allocation Failure) 80M->5M(251M) 3,324ms
[2024-08-07T20:31:38.675+0300][4,042s][info][gc] GC(221) Pause Young (Allocation Failure) 80M->4M(251M) 3,259ms
[2024-08-07T20:31:38.692+0300][4,060s][info][gc] GC(222) Pause Young (Allocation Failure) 80M->4M(251M) 3,036ms
[2024-08-07T20:31:38.709+0300][4,077s][info][gc] GC(223) Pause Young (Allocation Failure) 80M->4M(251M) 2,876ms
[2024-08-07T20:31:38.727+0300][4,094s][info][gc] GC(224) Pause Young (Allocation Failure) 80M->4M(251M) 2,876ms
[2024-08-07T20:31:38.744+0300][4,112s][info][gc] GC(225) Pause Young (Allocation Failure) 80M->4M(252M) 2,731ms
[2024-08-07T20:31:38.761+0300][4,129s][info][gc] GC(226) Pause Young (Allocation Failure) 81M->4M(252M) 2,885ms
[2024-08-07T20:31:38.779+0300][4,147s][info][gc] GC(227) Pause Young (Allocation Failure) 81M->4M(252M) 2,976ms
[2024-08-07T20:31:38.797+0300][4,165s][info][gc] GC(228) Pause Young (Allocation Failure) 81M->4M(252M) 3,023ms
[2024-08-07T20:31:38.815+0300][4,183s][info][gc] GC(229) Pause Young (Allocation Failure) 81M->4M(252M) 3,284ms
[2024-08-07T20:31:38.833+0300][4,200s][info][gc] GC(230) Pause Young (Allocation Failure) 82M->5M(252M) 3,086ms
[2024-08-07T20:31:38.848+0300][4,216s][info][gc] GC(231) Pause Young (Allocation Failure) 83M->2M(252M) 0,519ms
[2024-08-07T20:31:38.864+0300][4,231s][info][gc] GC(232) Pause Young (Allocation Failure) 79M->2M(252M) 1,112ms
[2024-08-07T20:31:38.880+0300][4,248s][info][gc] GC(233) Pause Young (Allocation Failure) 79M->2M(251M) 1,900ms
[2024-08-07T20:31:38.896+0300][4,263s][info][gc] GC(234) Pause Young (Allocation Failure) 78M->2M(251M) 1,542ms
[2024-08-07T20:31:38.911+0300][4,279s][info][gc] GC(235) Pause Young (Allocation Failure) 78M->2M(251M) 1,326ms
[2024-08-07T20:31:38.927+0300][4,294s][info][gc] GC(236) Pause Young (Allocation Failure) 78M->2M(251M) 1,078ms
[2024-08-07T20:31:38.942+0300][4,310s][info][gc] GC(237) Pause Young (Allocation Failure) 78M->2M(252M) 1,037ms
[2024-08-07T20:31:38.958+0300][4,326s][info][gc] GC(238) Pause Young (Allocation Failure) 79M->2M(252M) 1,428ms
[2024-08-07T20:31:38.974+0300][4,342s][info][gc] GC(239) Pause Young (Allocation Failure) 79M->2M(252M) 1,926ms
[2024-08-07T20:31:38.991+0300][4,359s][info][gc] GC(240) Pause Young (Allocation Failure) 79M->2M(252M) 1,971ms
[2024-08-07T20:31:39.008+0300][4,376s][info][gc] GC(241) Pause Young (Allocation Failure) 79M->3M(252M) 2,504ms
[2024-08-07T20:31:39.025+0300][4,393s][info][gc] GC(242) Pause Young (Allocation Failure) 81M->3M(252M) 2,294ms
[2024-08-07T20:31:39.042+0300][4,410s][info][gc] GC(243) Pause Young (Allocation Failure) 81M->3M(253M) 2,407ms
[2024-08-07T20:31:39.059+0300][4,427s][info][gc] GC(244) Pause Young (Allocation Failure) 82M->4M(252M) 2,541ms
[2024-08-07T20:31:39.077+0300][4,445s][info][gc] GC(245) Pause Young (Allocation Failure) 82M->4M(252M) 3,014ms
[2024-08-07T20:31:39.095+0300][4,463s][info][gc] GC(246) Pause Young (Allocation Failure) 82M->4M(252M) 3,213ms
[2024-08-07T20:31:39.113+0300][4,481s][info][gc] GC(247) Pause Young (Allocation Failure) 82M->5M(252M) 3,184ms
[2024-08-07T20:31:39.131+0300][4,498s][info][gc] GC(248) Pause Young (Allocation Failure) 82M->5M(251M) 3,000ms
[2024-08-07T20:31:39.146+0300][4,513s][info][gc] GC(249) Pause Young (Allocation Failure) 82M->2M(251M) 0,422ms
[2024-08-07T20:31:39.163+0300][4,530s][info][gc] GC(250) Pause Young (Allocation Failure) 78M->5M(250M) 3,003ms
[2024-08-07T20:31:39.181+0300][4,548s][info][gc] GC(251) Pause Young (Allocation Failure) 81M->5M(251M) 3,227ms
[2024-08-07T20:31:39.198+0300][4,566s][info][gc] GC(252) Pause Young (Allocation Failure) 80M->5M(251M) 3,120ms
[2024-08-07T20:31:39.216+0300][4,584s][info][gc] GC(253) Pause Young (Allocation Failure) 80M->4M(251M) 3,084ms
[2024-08-07T20:31:39.233+0300][4,601s][info][gc] GC(254) Pause Young (Allocation Failure) 79M->4M(251M) 2,759ms
[2024-08-07T20:31:39.250+0300][4,618s][info][gc] GC(255) Pause Young (Allocation Failure) 79M->4M(251M) 2,317ms
[2024-08-07T20:31:39.268+0300][4,635s][info][gc] GC(256) Pause Young (Allocation Failure) 79M->4M(251M) 2,770ms
[2024-08-07T20:31:39.285+0300][4,653s][info][gc] GC(257) Pause Young (Allocation Failure) 79M->4M(252M) 3,106ms
[2024-08-07T20:31:39.303+0300][4,671s][info][gc] GC(258) Pause Young (Allocation Failure) 80M->4M(251M) 3,208ms
[2024-08-07T20:31:39.321+0300][4,689s][info][gc] GC(259) Pause Young (Allocation Failure) 80M->4M(252M) 3,240ms
[2024-08-07T20:31:39.339+0300][4,707s][info][gc] GC(260) Pause Young (Allocation Failure) 81M->4M(252M) 2,455ms
[2024-08-07T20:31:39.357+0300][4,725s][info][gc] GC(261) Pause Young (Allocation Failure) 81M->4M(252M) 3,295ms
[2024-08-07T20:31:39.375+0300][4,743s][info][gc] GC(262) Pause Young (Allocation Failure) 82M->4M(252M) 2,896ms
[2024-08-07T20:31:39.393+0300][4,761s][info][gc] GC(263) Pause Young (Allocation Failure) 82M->5M(252M) 3,266ms
[2024-08-07T20:31:39.412+0300][4,779s][info][gc] GC(264) Pause Young (Allocation Failure) 83M->5M(252M) 3,001ms
[2024-08-07T20:31:39.428+0300][4,796s][info][gc] GC(265) Pause Young (Allocation Failure) 83M->2M(252M) 1,424ms
[2024-08-07T20:31:39.445+0300][4,813s][info][gc] GC(266) Pause Young (Allocation Failure) 79M->2M(252M) 2,152ms
[2024-08-07T20:31:39.462+0300][4,830s][info][gc] GC(267) Pause Young (Allocation Failure) 79M->2M(252M) 2,763ms
[2024-08-07T20:31:39.479+0300][4,847s][info][gc] GC(268) Pause Young (Allocation Failure) 79M->3M(252M) 2,617ms
[2024-08-07T20:31:39.497+0300][4,865s][info][gc] GC(269) Pause Young (Allocation Failure) 80M->3M(252M) 2,782ms
[2024-08-07T20:31:39.514+0300][4,882s][info][gc] GC(270) Pause Young (Allocation Failure) 80M->3M(252M) 2,648ms
[2024-08-07T20:31:39.531+0300][4,899s][info][gc] GC(271) Pause Young (Allocation Failure) 80M->3M(252M) 2,543ms
[2024-08-07T20:31:39.549+0300][4,917s][info][gc] GC(272) Pause Young (Allocation Failure) 81M->3M(252M) 2,612ms
[2024-08-07T20:31:39.567+0300][4,935s][info][gc] GC(273) Pause Young (Allocation Failure) 81M->4M(252M) 3,157ms
[2024-08-07T20:31:39.586+0300][4,953s][info][gc] GC(274) Pause Young (Allocation Failure) 82M->4M(252M) 3,399ms
[2024-08-07T20:31:39.603+0300][4,971s][info][gc] GC(275) Pause Young (Allocation Failure) 82M->4M(252M) 3,053ms
[2024-08-07T20:31:39.621+0300][4,989s][info][gc] GC(276) Pause Young (Allocation Failure) 82M->4M(252M) 2,625ms
[2024-08-07T20:31:39.639+0300][5,007s][info][gc] GC(277) Pause Young (Allocation Failure) 82M->5M(251M) 2,866ms
[2024-08-07T20:31:39.657+0300][5,025s][info][gc] GC(278) Pause Young (Allocation Failure) 82M->5M(251M) 3,032ms
[2024-08-07T20:31:39.673+0300][5,041s][info][gc] GC(279) Pause Young (Allocation Failure) 82M->2M(251M) 0,981ms
[2024-08-07T20:31:39.690+0300][5,058s][info][gc] GC(280) Pause Young (Allocation Failure) 78M->5M(251M) 3,052ms
[2024-08-07T20:31:39.708+0300][5,075s][info][gc] GC(281) Pause Young (Allocation Failure) 81M->5M(250M) 2,869ms
[2024-08-07T20:31:39.725+0300][5,093s][info][gc] GC(282) Pause Young (Allocation Failure) 80M->5M(251M) 3,060ms
[2024-08-07T20:31:39.743+0300][5,110s][info][gc] GC(283) Pause Young (Allocation Failure) 80M->4M(251M) 2,999ms
[2024-08-07T20:31:39.760+0300][5,128s][info][gc] GC(284) Pause Young (Allocation Failure) 79M->4M(251M) 3,005ms
[2024-08-07T20:31:39.778+0300][5,146s][info][gc] GC(285) Pause Young (Allocation Failure) 79M->4M(251M) 2,886ms
[2024-08-07T20:31:39.795+0300][5,163s][info][gc] GC(286) Pause Young (Allocation Failure) 80M->4M(251M) 2,916ms
[2024-08-07T20:31:39.813+0300][5,181s][info][gc] GC(287) Pause Young (Allocation Failure) 80M->4M(252M) 2,964ms
[2024-08-07T20:31:39.831+0300][5,198s][info][gc] GC(288) Pause Young (Allocation Failure) 81M->4M(252M) 2,866ms
[2024-08-07T20:31:39.849+0300][5,216s][info][gc] GC(289) Pause Young (Allocation Failure) 81M->4M(252M) 3,290ms
[2024-08-07T20:31:39.867+0300][5,235s][info][gc] GC(290) Pause Young (Allocation Failure) 81M->4M(252M) 3,398ms
[2024-08-07T20:31:39.885+0300][5,253s][info][gc] GC(291) Pause Young (Allocation Failure) 81M->4M(252M) 3,655ms
[2024-08-07T20:31:39.903+0300][5,271s][info][gc] GC(292) Pause Young (Allocation Failure) 82M->5M(252M) 2,844ms
[2024-08-07T20:31:39.921+0300][5,289s][info][gc] GC(293) Pause Young (Allocation Failure) 83M->5M(252M) 2,981ms
[2024-08-07T20:31:39.938+0300][5,305s][info][gc] GC(294) Pause Young (Allocation Failure) 82M->2M(252M) 0,778ms
[2024-08-07T20:31:39.954+0300][5,321s][info][gc] GC(295) Pause Young (Allocation Failure) 79M->2M(251M) 1,682ms
[2024-08-07T20:31:39.969+0300][5,337s][info][gc] GC(296) Pause Young (Allocation Failure) 78M->2M(251M) 1,374ms
[2024-08-07T20:31:39.985+0300][5,352s][info][gc] GC(297) Pause Young (Allocation Failure) 78M->2M(251M) 1,064ms
[2024-08-07T20:31:40.000+0300][5,367s][info][gc] GC(298) Pause Young (Allocation Failure) 78M->2M(251M) 0,805ms
[2024-08-07T20:31:40.017+0300][5,385s][info][gc] GC(299) Pause Young (Allocation Failure) 78M->5M(251M) 3,229ms
[2024-08-07T20:31:40.034+0300][5,402s][info][gc] GC(300) Pause Young (Allocation Failure) 81M->5M(250M) 2,946ms
[2024-08-07T20:31:40.052+0300][5,420s][info][gc] GC(301) Pause Young (Allocation Failure) 81M->5M(251M) 2,840ms
[2024-08-07T20:31:40.069+0300][5,437s][info][gc] GC(302) Pause Young (Allocation Failure) 80M->5M(251M) 3,020ms
[2024-08-07T20:31:40.087+0300][5,454s][info][gc] GC(303) Pause Young (Allocation Failure) 80M->4M(251M) 2,789ms
[2024-08-07T20:31:40.104+0300][5,472s][info][gc] GC(304) Pause Young (Allocation Failure) 79M->4M(251M) 2,781ms
[2024-08-07T20:31:40.121+0300][5,489s][info][gc] GC(305) Pause Young (Allocation Failure) 79M->4M(251M) 2,961ms
[2024-08-07T20:31:40.139+0300][5,506s][info][gc] GC(306) Pause Young (Allocation Failure) 79M->4M(251M) 2,803ms
[2024-08-07T20:31:40.155+0300][5,523s][info][gc] GC(307) Pause Young (Allocation Failure) 79M->4M(252M) 2,592ms
[2024-08-07T20:31:40.173+0300][5,541s][info][gc] GC(308) Pause Young (Allocation Failure) 80M->4M(251M) 2,782ms
[2024-08-07T20:31:40.191+0300][5,558s][info][gc] GC(309) Pause Young (Allocation Failure) 80M->4M(252M) 2,829ms
[2024-08-07T20:31:40.208+0300][5,576s][info][gc] GC(310) Pause Young (Allocation Failure) 81M->4M(252M) 2,759ms
[2024-08-07T20:31:40.226+0300][5,593s][info][gc] GC(311) Pause Young (Allocation Failure) 81M->4M(252M) 2,784ms
[2024-08-07T20:31:40.243+0300][5,611s][info][gc] GC(312) Pause Young (Allocation Failure) 81M->4M(252M) 2,853ms
[2024-08-07T20:31:40.261+0300][5,629s][info][gc] GC(313) Pause Young (Allocation Failure) 82M->4M(252M) 2,880ms
[2024-08-07T20:31:40.279+0300][5,647s][info][gc] GC(314) Pause Young (Allocation Failure) 82M->5M(252M) 2,950ms
[2024-08-07T20:31:40.297+0300][5,665s][info][gc] GC(315) Pause Young (Allocation Failure) 83M->5M(251M) 3,071ms
[2024-08-07T20:31:40.313+0300][5,680s][info][gc] GC(316) Pause Young (Allocation Failure) 82M->2M(252M) 0,518ms
[2024-08-07T20:31:40.329+0300][5,696s][info][gc] GC(317) Pause Young (Allocation Failure) 79M->2M(252M) 1,229ms
[2024-08-07T20:31:40.345+0300][5,713s][info][gc] GC(318) Pause Young (Allocation Failure) 79M->2M(252M) 2,201ms
[2024-08-07T20:31:40.362+0300][5,730s][info][gc] GC(319) Pause Young (Allocation Failure) 79M->3M(252M) 2,381ms
[2024-08-07T20:31:40.379+0300][5,747s][info][gc] GC(320) Pause Young (Allocation Failure) 80M->3M(252M) 2,489ms
[2024-08-07T20:31:40.397+0300][5,764s][info][gc] GC(321) Pause Young (Allocation Failure) 80M->3M(252M) 2,717ms
[2024-08-07T20:31:40.414+0300][5,782s][info][gc] GC(322) Pause Young (Allocation Failure) 80M->3M(252M) 2,677ms
[2024-08-07T20:31:40.431+0300][5,799s][info][gc] GC(323) Pause Young (Allocation Failure) 80M->3M(252M) 2,655ms
[2024-08-07T20:31:40.449+0300][5,817s][info][gc] GC(324) Pause Young (Allocation Failure) 81M->3M(252M) 2,640ms
[2024-08-07T20:31:40.466+0300][5,834s][info][gc] GC(325) Pause Young (Allocation Failure) 81M->4M(252M) 2,805ms
[2024-08-07T20:31:40.484+0300][5,852s][info][gc] GC(326) Pause Young (Allocation Failure) 82M->4M(252M) 3,018ms
[2024-08-07T20:31:40.502+0300][5,870s][info][gc] GC(327) Pause Young (Allocation Failure) 82M->4M(252M) 2,843ms
[2024-08-07T20:31:40.520+0300][5,888s][info][gc] GC(328) Pause Young (Allocation Failure) 82M->5M(252M) 2,705ms
[2024-08-07T20:31:40.538+0300][5,906s][info][gc] GC(329) Pause Young (Allocation Failure) 83M->5M(251M) 3,279ms
[2024-08-07T20:31:40.556+0300][5,924s][info][gc] GC(330) Pause Young (Allocation Failure) 82M->5M(251M) 3,107ms
[2024-08-07T20:31:40.572+0300][5,940s][info][gc] GC(331) Pause Young (Allocation Failure) 82M->2M(251M) 0,700ms
[2024-08-07T20:31:40.589+0300][5,957s][info][gc] GC(332) Pause Young (Allocation Failure) 78M->5M(251M) 2,725ms
[2024-08-07T20:31:40.606+0300][5,973s][info][gc] GC(333) Pause Young (Allocation Failure) 81M->5M(250M) 2,679ms
[2024-08-07T20:31:40.623+0300][5,991s][info][gc] GC(334) Pause Young (Allocation Failure) 80M->5M(251M) 2,916ms
[2024-08-07T20:31:40.641+0300][6,008s][info][gc] GC(335) Pause Young (Allocation Failure) 80M->4M(251M) 2,939ms
[2024-08-07T20:31:40.658+0300][6,026s][info][gc] GC(336) Pause Young (Allocation Failure) 79M->4M(251M) 3,264ms
[2024-08-07T20:31:40.676+0300][6,044s][info][gc] GC(337) Pause Young (Allocation Failure) 79M->4M(251M) 2,995ms
[2024-08-07T20:31:40.693+0300][6,061s][info][gc] GC(338) Pause Young (Allocation Failure) 80M->4M(251M) 2,850ms
[2024-08-07T20:31:40.711+0300][6,079s][info][gc] GC(339) Pause Young (Allocation Failure) 80M->4M(252M) 2,801ms
[2024-08-07T20:31:40.729+0300][6,096s][info][gc] GC(340) Pause Young (Allocation Failure) 80M->4M(251M) 2,886ms
[2024-08-07T20:31:40.746+0300][6,114s][info][gc] GC(341) Pause Young (Allocation Failure) 80M->4M(252M) 2,959ms
[2024-08-07T20:31:40.764+0300][6,132s][info][gc] GC(342) Pause Young (Allocation Failure) 81M->4M(252M) 3,003ms
[2024-08-07T20:31:40.782+0300][6,150s][info][gc] GC(343) Pause Young (Allocation Failure) 81M->4M(252M) 3,067ms
[2024-08-07T20:31:40.800+0300][6,168s][info][gc] GC(344) Pause Young (Allocation Failure) 82M->4M(252M) 2,953ms
[2024-08-07T20:31:40.818+0300][6,186s][info][gc] GC(345) Pause Young (Allocation Failure) 82M->5M(251M) 2,967ms
[2024-08-07T20:31:40.836+0300][6,204s][info][gc] GC(346) Pause Young (Allocation Failure) 82M->5M(252M) 3,066ms
[2024-08-07T20:31:40.851+0300][6,219s][info][gc] GC(347) Pause Young (Allocation Failure) 82M->2M(252M) 0,514ms
[2024-08-07T20:31:40.867+0300][6,235s][info][gc] GC(348) Pause Young (Allocation Failure) 79M->2M(248M) 1,573ms
[2024-08-07T20:31:40.884+0300][6,252s][info][gc] GC(349) Pause Young (Allocation Failure) 79M->2M(251M) 1,881ms
[2024-08-07T20:31:40.900+0300][6,267s][info][gc] GC(350) Pause Young (Allocation Failure) 78M->2M(251M) 1,830ms
[2024-08-07T20:31:40.915+0300][6,283s][info][gc] GC(351) Pause Young (Allocation Failure) 78M->2M(251M) 1,136ms
[2024-08-07T20:31:40.930+0300][6,298s][info][gc] GC(352) Pause Young (Allocation Failure) 78M->2M(251M) 0,719ms
[2024-08-07T20:31:40.945+0300][6,313s][info][gc] GC(353) Pause Young (Allocation Failure) 78M->2M(252M) 0,349ms
[2024-08-07T20:31:40.960+0300][6,328s][info][gc] GC(354) Pause Young (Allocation Failure) 79M->2M(251M) 0,761ms
[2024-08-07T20:31:40.975+0300][6,343s][info][gc] GC(355) Pause Young (Allocation Failure) 79M->2M(252M) 1,044ms
[2024-08-07T20:31:40.991+0300][6,359s][info][gc] GC(356) Pause Young (Allocation Failure) 79M->2M(252M) 1,631ms
[2024-08-07T20:31:41.008+0300][6,376s][info][gc] GC(357) Pause Young (Allocation Failure) 79M->2M(252M) 2,353ms
[2024-08-07T20:31:41.026+0300][6,393s][info][gc] GC(358) Pause Young (Allocation Failure) 80M->3M(252M) 2,933ms
[2024-08-07T20:31:41.043+0300][6,411s][info][gc] GC(359) Pause Young (Allocation Failure) 80M->3M(253M) 2,696ms
[2024-08-07T20:31:41.061+0300][6,429s][info][gc] GC(360) Pause Young (Allocation Failure) 81M->3M(252M) 2,836ms
[2024-08-07T20:31:41.080+0300][6,448s][info][gc] GC(361) Pause Young (Allocation Failure) 82M->4M(252M) 3,382ms
[2024-08-07T20:31:41.098+0300][6,466s][info][gc] GC(362) Pause Young (Allocation Failure) 82M->4M(252M) 2,799ms
[2024-08-07T20:31:41.116+0300][6,484s][info][gc] GC(363) Pause Young (Allocation Failure) 82M->4M(251M) 3,080ms
[2024-08-07T20:31:41.134+0300][6,501s][info][gc] GC(364) Pause Young (Allocation Failure) 81M->5M(252M) 2,941ms
[2024-08-07T20:31:41.152+0300][6,519s][info][gc] GC(365) Pause Young (Allocation Failure) 82M->5M(251M) 2,993ms
[2024-08-07T20:31:41.169+0300][6,537s][info][gc] GC(366) Pause Young (Allocation Failure) 81M->5M(251M) 3,103ms
[2024-08-07T20:31:41.187+0300][6,555s][info][gc] GC(367) Pause Young (Allocation Failure) 81M->5M(251M) 2,922ms
[2024-08-07T20:31:41.205+0300][6,573s][info][gc] GC(368) Pause Young (Allocation Failure) 81M->4M(251M) 3,285ms
[2024-08-07T20:31:41.223+0300][6,590s][info][gc] GC(369) Pause Young (Allocation Failure) 80M->4M(251M) 2,975ms
[2024-08-07T20:31:41.240+0300][6,608s][info][gc] GC(370) Pause Young (Allocation Failure) 80M->4M(251M) 2,983ms
[2024-08-07T20:31:41.258+0300][6,625s][info][gc] GC(371) Pause Young (Allocation Failure) 80M->4M(251M) 2,831ms
[2024-08-07T20:31:41.275+0300][6,643s][info][gc] GC(372) Pause Young (Allocation Failure) 80M->4M(251M) 3,092ms
[2024-08-07T20:31:41.293+0300][6,661s][info][gc] GC(373) Pause Young (Allocation Failure) 80M->4M(251M) 3,354ms
[2024-08-07T20:31:41.311+0300][6,679s][info][gc] GC(374) Pause Young (Allocation Failure) 80M->4M(251M) 3,266ms
[2024-08-07T20:31:41.328+0300][6,696s][info][gc] GC(375) Pause Young (Allocation Failure) 80M->4M(252M) 2,764ms
[2024-08-07T20:31:41.347+0300][6,714s][info][gc] GC(376) Pause Young (Allocation Failure) 81M->4M(252M) 3,364ms
[2024-08-07T20:31:41.365+0300][6,732s][info][gc] GC(377) Pause Young (Allocation Failure) 81M->4M(252M) 3,167ms
[2024-08-07T20:31:41.383+0300][6,750s][info][gc] GC(378) Pause Young (Allocation Failure) 81M->4M(252M) 2,918ms
[2024-08-07T20:31:41.401+0300][6,768s][info][gc] GC(379) Pause Young (Allocation Failure) 81M->5M(252M) 3,172ms
[2024-08-07T20:31:41.418+0300][6,786s][info][gc] GC(380) Pause Young (Allocation Failure) 82M->5M(252M) 3,091ms
[2024-08-07T20:31:41.437+0300][6,805s][info][gc] GC(381) Pause Young (Allocation Failure) 82M->5M(252M) 3,895ms
[2024-08-07T20:31:41.456+0300][6,824s][info][gc] GC(382) Pause Young (Allocation Failure) 82M->5M(252M) 3,696ms
[2024-08-07T20:31:41.472+0300][6,839s][info][gc] GC(383) Pause Young (Allocation Failure) 82M->2M(251M) 0,848ms
[2024-08-07T20:31:41.490+0300][6,858s][info][gc] GC(384) Pause Young (Allocation Failure) 78M->5M(251M) 4,035ms
[2024-08-07T20:31:41.508+0300][6,876s][info][gc] GC(385) Pause Young (Allocation Failure) 81M->5M(251M) 3,807ms
[2024-08-07T20:31:41.527+0300][6,895s][info][gc] GC(386) Pause Young (Allocation Failure) 81M->5M(251M) 4,061ms
[2024-08-07T20:31:41.546+0300][6,913s][info][gc] GC(387) Pause Young (Allocation Failure) 81M->5M(251M) 3,790ms
[2024-08-07T20:31:41.564+0300][6,932s][info][gc] GC(388) Pause Young (Allocation Failure) 81M->5M(251M) 3,966ms
[2024-08-07T20:31:41.583+0300][6,951s][info][gc] GC(389) Pause Young (Allocation Failure) 81M->5M(251M) 3,710ms
[2024-08-07T20:31:41.602+0300][6,969s][info][gc] GC(390) Pause Young (Allocation Failure) 81M->5M(251M) 3,636ms
[2024-08-07T20:31:41.619+0300][6,987s][info][gc] GC(391) Pause Young (Allocation Failure) 81M->5M(251M) 3,311ms
[2024-08-07T20:31:41.637+0300][7,005s][info][gc] GC(392) Pause Young (Allocation Failure) 81M->5M(251M) 3,290ms
[2024-08-07T20:31:41.655+0300][7,023s][info][gc] GC(393) Pause Young (Allocation Failure) 81M->5M(252M) 2,946ms
[2024-08-07T20:31:41.674+0300][7,041s][info][gc] GC(394) Pause Young (Allocation Failure) 82M->5M(252M) 3,469ms
[2024-08-07T20:31:41.692+0300][7,060s][info][gc] GC(395) Pause Young (Allocation Failure) 82M->5M(252M) 3,537ms
[2024-08-07T20:31:41.711+0300][7,079s][info][gc] GC(396) Pause Young (Allocation Failure) 82M->5M(252M) 4,005ms
[2024-08-07T20:31:41.730+0300][7,098s][info][gc] GC(397) Pause Young (Allocation Failure) 82M->5M(252M) 4,001ms
[2024-08-07T20:31:41.746+0300][7,114s][info][gc] GC(398) Pause Young (Allocation Failure) 82M->2M(248M) 0,897ms
[2024-08-07T20:31:41.763+0300][7,131s][info][gc] GC(399) Pause Young (Allocation Failure) 79M->2M(251M) 2,005ms
[2024-08-07T20:31:41.779+0300][7,147s][info][gc] GC(400) Pause Young (Allocation Failure) 78M->2M(251M) 1,353ms
[2024-08-07T20:31:41.794+0300][7,162s][info][gc] GC(401) Pause Young (Allocation Failure) 78M->2M(251M) 1,045ms
[2024-08-07T20:31:41.809+0300][7,177s][info][gc] GC(402) Pause Young (Allocation Failure) 78M->2M(247M) 0,618ms
[2024-08-07T20:31:41.830+0300][7,198s][info][gc] GC(403) Pause Young (Allocation Failure) 78M->5M(251M) 6,664ms
[2024-08-07T20:31:41.849+0300][7,216s][info][gc] GC(404) Pause Young (Allocation Failure) 80M->5M(251M) 4,046ms
[2024-08-07T20:31:41.868+0300][7,235s][info][gc] GC(405) Pause Young (Allocation Failure) 80M->5M(251M) 4,162ms
[2024-08-07T20:31:41.888+0300][7,255s][info][gc] GC(406) Pause Young (Allocation Failure) 80M->4M(251M) 4,380ms
[2024-08-07T20:31:41.907+0300][7,275s][info][gc] GC(407) Pause Young (Allocation Failure) 79M->4M(251M) 4,348ms
[2024-08-07T20:31:41.926+0300][7,294s][info][gc] GC(408) Pause Young (Allocation Failure) 80M->4M(251M) 3,073ms
[2024-08-07T20:31:41.944+0300][7,312s][info][gc] GC(409) Pause Young (Allocation Failure) 79M->4M(252M) 3,405ms
[2024-08-07T20:31:41.962+0300][7,329s][info][gc] GC(410) Pause Young (Allocation Failure) 80M->4M(251M) 2,779ms
[2024-08-07T20:31:41.979+0300][7,347s][info][gc] GC(411) Pause Young (Allocation Failure) 80M->4M(252M) 2,746ms
[2024-08-07T20:31:41.996+0300][7,364s][info][gc] GC(412) Pause Young (Allocation Failure) 81M->4M(252M) 2,812ms
[2024-08-07T20:31:42.014+0300][7,381s][info][gc] GC(413) Pause Young (Allocation Failure) 81M->4M(252M) 3,005ms
[2024-08-07T20:31:42.031+0300][7,398s][info][gc] GC(414) Pause Young (Allocation Failure) 82M->4M(252M) 2,615ms
[2024-08-07T20:31:42.048+0300][7,415s][info][gc] GC(415) Pause Young (Allocation Failure) 82M->5M(252M) 2,379ms
[2024-08-07T20:31:42.066+0300][7,433s][info][gc] GC(416) Pause Young (Allocation Failure) 83M->5M(252M) 3,255ms
[2024-08-07T20:31:42.081+0300][7,449s][info][gc] GC(417) Pause Young (Allocation Failure) 83M->2M(252M) 0,674ms
[2024-08-07T20:31:42.097+0300][7,464s][info][gc] GC(418) Pause Young (Allocation Failure) 79M->2M(252M) 1,198ms
[2024-08-07T20:31:42.113+0300][7,481s][info][gc] GC(419) Pause Young (Allocation Failure) 79M->2M(252M) 1,890ms
[2024-08-07T20:31:42.130+0300][7,497s][info][gc] GC(420) Pause Young (Allocation Failure) 79M->3M(252M) 2,311ms
[2024-08-07T20:31:42.147+0300][7,515s][info][gc] GC(421) Pause Young (Allocation Failure) 80M->3M(252M) 2,539ms
[2024-08-07T20:31:42.164+0300][7,532s][info][gc] GC(422) Pause Young (Allocation Failure) 80M->3M(252M) 2,609ms
[2024-08-07T20:31:42.182+0300][7,549s][info][gc] GC(423) Pause Young (Allocation Failure) 80M->3M(252M) 2,346ms
[2024-08-07T20:31:42.200+0300][7,568s][info][gc] GC(424) Pause Young (Allocation Failure) 80M->3M(252M) 3,312ms
[2024-08-07T20:31:42.218+0300][7,586s][info][gc] GC(425) Pause Young (Allocation Failure) 81M->3M(252M) 3,311ms
[2024-08-07T20:31:42.237+0300][7,604s][info][gc] GC(426) Pause Young (Allocation Failure) 81M->4M(252M) 3,389ms
[2024-08-07T20:31:42.255+0300][7,623s][info][gc] GC(427) Pause Young (Allocation Failure) 82M->4M(252M) 3,297ms
[2024-08-07T20:31:42.273+0300][7,641s][info][gc] GC(428) Pause Young (Allocation Failure) 82M->4M(252M) 3,074ms
[2024-08-07T20:31:42.292+0300][7,659s][info][gc] GC(429) Pause Young (Allocation Failure) 82M->5M(251M) 3,666ms
[2024-08-07T20:31:42.311+0300][7,678s][info][gc] GC(430) Pause Young (Allocation Failure) 82M->5M(252M) 3,688ms
[2024-08-07T20:31:42.329+0300][7,696s][info][gc] GC(431) Pause Young (Allocation Failure) 82M->5M(251M) 3,303ms
[2024-08-07T20:31:42.347+0300][7,715s][info][gc] GC(432) Pause Young (Allocation Failure) 81M->5M(251M) 3,617ms
[2024-08-07T20:31:42.366+0300][7,734s][info][gc] GC(433) Pause Young (Allocation Failure) 81M->5M(251M) 3,772ms
[2024-08-07T20:31:42.384+0300][7,752s][info][gc] GC(434) Pause Young (Allocation Failure) 81M->5M(251M) 3,715ms
[2024-08-07T20:31:42.402+0300][7,770s][info][gc] GC(435) Pause Young (Allocation Failure) 81M->5M(251M) 3,678ms
[2024-08-07T20:31:42.421+0300][7,788s][info][gc] GC(436) Pause Young (Allocation Failure) 81M->5M(251M) 3,520ms
[2024-08-07T20:31:42.439+0300][7,806s][info][gc] GC(437) Pause Young (Allocation Failure) 81M->5M(251M) 3,410ms
[2024-08-07T20:31:42.456+0300][7,824s][info][gc] GC(438) Pause Young (Allocation Failure) 81M->5M(251M) 3,149ms
[2024-08-07T20:31:42.475+0300][7,842s][info][gc] GC(439) Pause Young (Allocation Failure) 81M->5M(251M) 3,312ms
[2024-08-07T20:31:42.493+0300][7,860s][info][gc] GC(440) Pause Young (Allocation Failure) 81M->4M(251M) 3,278ms
[2024-08-07T20:31:42.511+0300][7,879s][info][gc] GC(441) Pause Young (Allocation Failure) 80M->4M(252M) 3,321ms
[2024-08-07T20:31:42.529+0300][7,896s][info][gc] GC(442) Pause Young (Allocation Failure) 81M->5M(252M) 3,265ms
[2024-08-07T20:31:42.547+0300][7,915s][info][gc] GC(443) Pause Young (Allocation Failure) 82M->5M(252M) 3,418ms
[2024-08-07T20:31:42.566+0300][7,933s][info][gc] GC(444) Pause Young (Allocation Failure) 82M->5M(252M) 3,495ms
[2024-08-07T20:31:42.584+0300][7,952s][info][gc] GC(445) Pause Young (Allocation Failure) 82M->5M(252M) 3,642ms
[2024-08-07T20:31:42.603+0300][7,971s][info][gc] GC(446) Pause Young (Allocation Failure) 82M->5M(252M) 3,898ms
[2024-08-07T20:31:42.618+0300][7,986s][info][gc] GC(447) Pause Young (Allocation Failure) 82M->2M(251M) 0,554ms
[2024-08-07T20:31:42.635+0300][8,003s][info][gc] GC(448) Pause Young (Allocation Failure) 78M->5M(251M) 2,322ms
[2024-08-07T20:31:42.653+0300][8,020s][info][gc] GC(449) Pause Young (Allocation Failure) 81M->5M(251M) 3,132ms
[2024-08-07T20:31:42.671+0300][8,038s][info][gc] GC(450) Pause Young (Allocation Failure) 81M->5M(251M) 3,243ms
[2024-08-07T20:31:42.689+0300][8,056s][info][gc] GC(451) Pause Young (Allocation Failure) 81M->5M(251M) 3,132ms
[2024-08-07T20:31:42.707+0300][8,074s][info][gc] GC(452) Pause Young (Allocation Failure) 81M->5M(251M) 2,995ms
[2024-08-07T20:31:42.725+0300][8,092s][info][gc] GC(453) Pause Young (Allocation Failure) 81M->5M(251M) 3,306ms
[2024-08-07T20:31:42.743+0300][8,111s][info][gc] GC(454) Pause Young (Allocation Failure) 81M->5M(251M) 3,250ms
[2024-08-07T20:31:42.760+0300][8,128s][info][gc] GC(455) Pause Young (Allocation Failure) 81M->5M(252M) 3,131ms
[2024-08-07T20:31:42.778+0300][8,146s][info][gc] GC(456) Pause Young (Allocation Failure) 81M->5M(251M) 3,016ms
[2024-08-07T20:31:42.796+0300][8,164s][info][gc] GC(457) Pause Young (Allocation Failure) 81M->5M(252M) 3,143ms
[2024-08-07T20:31:42.814+0300][8,182s][info][gc] GC(458) Pause Young (Allocation Failure) 82M->5M(252M) 3,287ms
[2024-08-07T20:31:42.833+0300][8,201s][info][gc] GC(459) Pause Young (Allocation Failure) 82M->5M(252M) 3,224ms
[2024-08-07T20:31:42.848+0300][8,216s][info][gc] GC(460) Pause Young (Allocation Failure) 82M->2M(248M) 0,678ms
[2024-08-07T20:31:42.864+0300][8,232s][info][gc] GC(461) Pause Young (Allocation Failure) 79M->2M(251M) 1,544ms
[2024-08-07T20:31:42.880+0300][8,247s][info][gc] GC(462) Pause Young (Allocation Failure) 78M->2M(251M) 0,971ms
[2024-08-07T20:31:42.894+0300][8,262s][info][gc] GC(463) Pause Young (Allocation Failure) 78M->2M(251M) 0,644ms
[2024-08-07T20:31:42.912+0300][8,280s][info][gc] GC(464) Pause Young (Allocation Failure) 78M->5M(250M) 3,442ms
[2024-08-07T20:31:42.930+0300][8,298s][info][gc] GC(465) Pause Young (Allocation Failure) 81M->5M(251M) 3,225ms
[2024-08-07T20:31:42.947+0300][8,315s][info][gc] GC(466) Pause Young (Allocation Failure) 80M->5M(251M) 2,381ms
[2024-08-07T20:31:42.965+0300][8,333s][info][gc] GC(467) Pause Young (Allocation Failure) 80M->5M(251M) 3,195ms
[2024-08-07T20:31:42.983+0300][8,351s][info][gc] GC(468) Pause Young (Allocation Failure) 80M->4M(251M) 3,291ms
[2024-08-07T20:31:43.001+0300][8,369s][info][gc] GC(469) Pause Young (Allocation Failure) 79M->4M(251M) 3,523ms
[2024-08-07T20:31:43.020+0300][8,387s][info][gc] GC(470) Pause Young (Allocation Failure) 80M->4M(251M) 3,363ms
[2024-08-07T20:31:43.038+0300][8,406s][info][gc] GC(471) Pause Young (Allocation Failure) 80M->4M(252M) 3,475ms
[2024-08-07T20:31:43.056+0300][8,424s][info][gc] GC(472) Pause Young (Allocation Failure) 80M->4M(251M) 3,266ms
[2024-08-07T20:31:43.075+0300][8,442s][info][gc] GC(473) Pause Young (Allocation Failure) 80M->4M(252M) 3,660ms
[2024-08-07T20:31:43.093+0300][8,460s][info][gc] GC(474) Pause Young (Allocation Failure) 81M->4M(252M) 3,054ms
[2024-08-07T20:31:43.110+0300][8,478s][info][gc] GC(475) Pause Young (Allocation Failure) 81M->4M(252M) 3,318ms
[2024-08-07T20:31:43.129+0300][8,497s][info][gc] GC(476) Pause Young (Allocation Failure) 82M->4M(252M) 3,431ms
[2024-08-07T20:31:43.147+0300][8,514s][info][gc] GC(477) Pause Young (Allocation Failure) 82M->5M(252M) 3,229ms
[2024-08-07T20:31:43.165+0300][8,533s][info][gc] GC(478) Pause Young (Allocation Failure) 83M->5M(252M) 2,919ms
[2024-08-07T20:31:43.182+0300][8,550s][info][gc] GC(479) Pause Young (Allocation Failure) 83M->2M(252M) 1,977ms
[2024-08-07T20:31:43.199+0300][8,567s][info][gc] GC(480) Pause Young (Allocation Failure) 79M->2M(252M) 2,474ms
[2024-08-07T20:31:43.217+0300][8,585s][info][gc] GC(481) Pause Young (Allocation Failure) 79M->3M(252M) 2,984ms
[2024-08-07T20:31:43.235+0300][8,602s][info][gc] GC(482) Pause Young (Allocation Failure) 80M->3M(252M) 3,150ms
[2024-08-07T20:31:43.252+0300][8,619s][info][gc] GC(483) Pause Young (Allocation Failure) 80M->3M(252M) 2,319ms
[2024-08-07T20:31:43.269+0300][8,637s][info][gc] GC(484) Pause Young (Allocation Failure) 80M->3M(252M) 2,733ms
[2024-08-07T20:31:43.287+0300][8,655s][info][gc] GC(485) Pause Young (Allocation Failure) 80M->3M(252M) 3,481ms
[2024-08-07T20:31:43.305+0300][8,673s][info][gc] GC(486) Pause Young (Allocation Failure) 80M->3M(252M) 3,691ms
[2024-08-07T20:31:43.324+0300][8,692s][info][gc] GC(487) Pause Young (Allocation Failure) 80M->3M(252M) 3,711ms
[2024-08-07T20:31:43.343+0300][8,710s][info][gc] GC(488) Pause Young (Allocation Failure) 81M->4M(252M) 3,409ms
[2024-08-07T20:31:43.361+0300][8,729s][info][gc] GC(489) Pause Young (Allocation Failure) 82M->4M(252M) 3,485ms
[2024-08-07T20:31:43.380+0300][8,747s][info][gc] GC(490) Pause Young (Allocation Failure) 82M->4M(252M) 3,322ms
[2024-08-07T20:31:43.398+0300][8,766s][info][gc] GC(491) Pause Young (Allocation Failure) 82M->5M(251M) 3,147ms
[2024-08-07T20:31:43.416+0300][8,784s][info][gc] GC(492) Pause Young (Allocation Failure) 82M->5M(252M) 3,112ms
[2024-08-07T20:31:43.434+0300][8,802s][info][gc] GC(493) Pause Young (Allocation Failure) 82M->5M(251M) 3,151ms
[2024-08-07T20:31:43.452+0300][8,820s][info][gc] GC(494) Pause Young (Allocation Failure) 81M->5M(251M) 3,468ms
[2024-08-07T20:31:43.470+0300][8,838s][info][gc] GC(495) Pause Young (Allocation Failure) 81M->5M(251M) 3,432ms
[2024-08-07T20:31:43.488+0300][8,856s][info][gc] GC(496) Pause Young (Allocation Failure) 81M->5M(251M) 3,318ms
[2024-08-07T20:31:43.506+0300][8,874s][info][gc] GC(497) Pause Young (Allocation Failure) 81M->5M(251M) 3,280ms
[2024-08-07T20:31:43.524+0300][8,892s][info][gc] GC(498) Pause Young (Allocation Failure) 81M->5M(251M) 3,187ms
[2024-08-07T20:31:43.542+0300][8,910s][info][gc] GC(499) Pause Young (Allocation Failure) 81M->5M(251M) 3,333ms
[2024-08-07T20:31:43.560+0300][8,927s][info][gc] GC(500) Pause Young (Allocation Failure) 81M->5M(251M) 3,082ms
[2024-08-07T20:31:43.578+0300][8,945s][info][gc] GC(501) Pause Young (Allocation Failure) 81M->4M(252M) 3,236ms
[2024-08-07T20:31:43.596+0300][8,963s][info][gc] GC(502) Pause Young (Allocation Failure) 81M->5M(251M) 3,197ms
[2024-08-07T20:31:43.614+0300][8,981s][info][gc] GC(503) Pause Young (Allocation Failure) 81M->5M(252M) 3,461ms
[2024-08-07T20:31:43.632+0300][8,999s][info][gc] GC(504) Pause Young (Allocation Failure) 82M->5M(252M) 2,963ms
[2024-08-07T20:31:43.649+0300][9,017s][info][gc] GC(505) Pause Young (Allocation Failure) 82M->5M(252M) 2,895ms
[2024-08-07T20:31:43.667+0300][9,034s][info][gc] GC(506) Pause Young (Allocation Failure) 82M->5M(252M) 3,025ms
[2024-08-07T20:31:43.685+0300][9,052s][info][gc] GC(507) Pause Young (Allocation Failure) 82M->5M(252M) 2,941ms
[2024-08-07T20:31:43.701+0300][9,068s][info][gc] GC(508) Pause Young (Allocation Failure) 82M->2M(248M) 0,890ms
[2024-08-07T20:31:43.717+0300][9,085s][info][gc] GC(509) Pause Young (Allocation Failure) 79M->2M(251M) 1,890ms
[2024-08-07T20:31:43.732+0300][9,100s][info][gc] GC(510) Pause Young (Allocation Failure) 78M->2M(251M) 1,432ms
[2024-08-07T20:31:43.748+0300][9,115s][info][gc] GC(511) Pause Young (Allocation Failure) 78M->2M(251M) 1,008ms
[2024-08-07T20:31:43.762+0300][9,130s][info][gc] GC(512) Pause Young (Allocation Failure) 78M->2M(251M) 0,357ms
[2024-08-07T20:31:43.780+0300][9,147s][info][gc] GC(513) Pause Young (Allocation Failure) 78M->5M(250M) 2,716ms
[2024-08-07T20:31:43.797+0300][9,165s][info][gc] GC(514) Pause Young (Allocation Failure) 80M->5M(251M) 3,156ms
[2024-08-07T20:31:43.815+0300][9,182s][info][gc] GC(515) Pause Young (Allocation Failure) 80M->5M(251M) 2,894ms
[2024-08-07T20:31:43.832+0300][9,200s][info][gc] GC(516) Pause Young (Allocation Failure) 80M->4M(251M) 2,885ms
[2024-08-07T20:31:43.849+0300][9,217s][info][gc] GC(517) Pause Young (Allocation Failure) 79M->4M(251M) 2,824ms
[2024-08-07T20:31:43.866+0300][9,234s][info][gc] GC(518) Pause Young (Allocation Failure) 80M->4M(251M) 2,633ms
[2024-08-07T20:31:43.885+0300][9,252s][info][gc] GC(519) Pause Young (Allocation Failure) 79M->4M(251M) 2,941ms
[2024-08-07T20:31:43.902+0300][9,270s][info][gc] GC(520) Pause Young (Allocation Failure) 80M->4M(251M) 3,256ms
[2024-08-07T20:31:43.920+0300][9,288s][info][gc] GC(521) Pause Young (Allocation Failure) 80M->4M(252M) 2,947ms
[2024-08-07T20:31:43.938+0300][9,306s][info][gc] GC(522) Pause Young (Allocation Failure) 81M->4M(252M) 3,095ms
[2024-08-07T20:31:43.956+0300][9,324s][info][gc] GC(523) Pause Young (Allocation Failure) 81M->4M(252M) 3,200ms
[2024-08-07T20:31:43.974+0300][9,342s][info][gc] GC(524) Pause Young (Allocation Failure) 81M->4M(252M) 3,044ms
[2024-08-07T20:31:43.992+0300][9,360s][info][gc] GC(525) Pause Young (Allocation Failure) 82M->4M(252M) 3,018ms
[2024-08-07T20:31:44.011+0300][9,379s][info][gc] GC(526) Pause Young (Allocation Failure) 82M->5M(252M) 4,099ms
[2024-08-07T20:31:44.030+0300][9,398s][info][gc] GC(527) Pause Young (Allocation Failure) 83M->5M(251M) 3,710ms
[2024-08-07T20:31:44.049+0300][9,417s][info][gc] GC(528) Pause Young (Allocation Failure) 82M->5M(252M) 3,860ms
[2024-08-07T20:31:44.065+0300][9,433s][info][gc] GC(529) Pause Young (Allocation Failure) 82M->2M(251M) 1,276ms
[2024-08-07T20:31:44.081+0300][9,448s][info][gc] GC(530) Pause Young (Allocation Failure) 78M->2M(251M) 0,973ms
[2024-08-07T20:31:44.099+0300][9,467s][info][gc] GC(531) Pause Young (Allocation Failure) 78M->5M(251M) 3,965ms
[2024-08-07T20:31:44.118+0300][9,485s][info][gc] GC(532) Pause Young (Allocation Failure) 81M->5M(250M) 4,210ms
[2024-08-07T20:31:44.136+0300][9,504s][info][gc] GC(533) Pause Young (Allocation Failure) 81M->5M(251M) 3,926ms
[2024-08-07T20:31:44.154+0300][9,522s][info][gc] GC(534) Pause Young (Allocation Failure) 80M->5M(251M) 3,623ms
[2024-08-07T20:31:44.172+0300][9,539s][info][gc] GC(535) Pause Young (Allocation Failure) 80M->4M(251M) 3,476ms
[2024-08-07T20:31:44.189+0300][9,557s][info][gc] GC(536) Pause Young (Allocation Failure) 80M->4M(251M) 2,933ms
[2024-08-07T20:31:44.206+0300][9,574s][info][gc] GC(537) Pause Young (Allocation Failure) 80M->4M(251M) 2,974ms
[2024-08-07T20:31:44.223+0300][9,591s][info][gc] GC(538) Pause Young (Allocation Failure) 80M->4M(251M) 3,015ms
[2024-08-07T20:31:44.241+0300][9,609s][info][gc] GC(539) Pause Young (Allocation Failure) 80M->4M(252M) 3,395ms
[2024-08-07T20:31:44.259+0300][9,627s][info][gc] GC(540) Pause Young (Allocation Failure) 81M->4M(252M) 3,303ms
[2024-08-07T20:31:44.276+0300][9,644s][info][gc] GC(541) Pause Young (Allocation Failure) 81M->4M(252M) 2,773ms
[2024-08-07T20:31:44.294+0300][9,662s][info][gc] GC(542) Pause Young (Allocation Failure) 81M->4M(252M) 3,086ms
[2024-08-07T20:31:44.311+0300][9,679s][info][gc] GC(543) Pause Young (Allocation Failure) 81M->5M(251M) 2,577ms
[2024-08-07T20:31:44.329+0300][9,696s][info][gc] GC(544) Pause Young (Allocation Failure) 82M->5M(252M) 2,999ms
[2024-08-07T20:31:44.347+0300][9,714s][info][gc] GC(545) Pause Young (Allocation Failure) 82M->5M(252M) 2,937ms
[2024-08-07T20:31:44.364+0300][9,732s][info][gc] GC(546) Pause Young (Allocation Failure) 82M->5M(252M) 2,924ms
[2024-08-07T20:31:44.381+0300][9,749s][info][gc] GC(547) Pause Young (Allocation Failure) 82M->5M(252M) 2,800ms
[2024-08-07T20:31:44.396+0300][9,764s][info][gc] GC(548) Pause Young (Allocation Failure) 82M->2M(248M) 0,717ms
[2024-08-07T20:31:44.412+0300][9,779s][info][gc] GC(549) Pause Young (Allocation Failure) 79M->2M(251M) 1,070ms
[2024-08-07T20:31:44.427+0300][9,794s][info][gc] GC(550) Pause Young (Allocation Failure) 78M->2M(251M) 1,058ms
[2024-08-07T20:31:44.442+0300][9,810s][info][gc] GC(551) Pause Young (Allocation Failure) 78M->2M(251M) 1,119ms
[2024-08-07T20:31:44.457+0300][9,824s][info][gc] GC(552) Pause Young (Allocation Failure) 78M->2M(251M) 0,624ms
[2024-08-07T20:31:44.474+0300][9,841s][info][gc] GC(553) Pause Young (Allocation Failure) 78M->5M(250M) 3,060ms
[2024-08-07T20:31:44.492+0300][9,859s][info][gc] GC(554) Pause Young (Allocation Failure) 80M->5M(251M) 3,258ms
[2024-08-07T20:31:44.510+0300][9,877s][info][gc] GC(555) Pause Young (Allocation Failure) 80M->5M(251M) 3,385ms
[2024-08-07T20:31:44.527+0300][9,895s][info][gc] GC(556) Pause Young (Allocation Failure) 80M->4M(251M) 3,025ms
[2024-08-07T20:31:44.544+0300][9,912s][info][gc] GC(557) Pause Young (Allocation Failure) 79M->4M(251M) 2,665ms
[2024-08-07T20:31:44.561+0300][9,928s][info][gc] GC(558) Pause Young (Allocation Failure) 80M->4M(251M) 2,606ms
[2024-08-07T20:31:44.578+0300][9,946s][info][gc] GC(559) Pause Young (Allocation Failure) 79M->4M(252M) 2,755ms
[2024-08-07T20:31:44.595+0300][9,963s][info][gc] GC(560) Pause Young (Allocation Failure) 80M->4M(251M) 2,859ms
[2024-08-07T20:31:44.613+0300][9,980s][info][gc] GC(561) Pause Young (Allocation Failure) 80M->4M(252M) 2,935ms
[2024-08-07T20:31:44.630+0300][9,998s][info][gc] GC(562) Pause Young (Allocation Failure) 81M->4M(252M) 2,707ms
[2024-08-07T20:31:44.648+0300][10,015s][info][gc] GC(563) Pause Young (Allocation Failure) 81M->4M(252M) 3,197ms
[2024-08-07T20:31:44.666+0300][10,033s][info][gc] GC(564) Pause Young (Allocation Failure) 82M->4M(252M) 3,108ms
[2024-08-07T20:31:44.683+0300][10,051s][info][gc] GC(565) Pause Young (Allocation Failure) 82M->5M(251M) 2,983ms
[2024-08-07T20:31:44.701+0300][10,069s][info][gc] GC(566) Pause Young (Allocation Failure) 82M->5M(252M) 3,240ms
[2024-08-07T20:31:44.719+0300][10,087s][info][gc] GC(567) Pause Young (Allocation Failure) 82M->5M(252M) 3,061ms
[2024-08-07T20:31:44.735+0300][10,102s][info][gc] GC(568) Pause Young (Allocation Failure) 82M->2M(248M) 0,567ms
[2024-08-07T20:31:44.750+0300][10,118s][info][gc] GC(569) Pause Young (Allocation Failure) 79M->2M(251M) 1,332ms
[2024-08-07T20:31:44.765+0300][10,133s][info][gc] GC(570) Pause Young (Allocation Failure) 78M->2M(251M) 0,959ms
[2024-08-07T20:31:44.781+0300][10,148s][info][gc] GC(571) Pause Young (Allocation Failure) 78M->2M(251M) 0,464ms
[2024-08-07T20:31:44.798+0300][10,165s][info][gc] GC(572) Pause Young (Allocation Failure) 78M->5M(250M) 3,006ms
[2024-08-07T20:31:44.815+0300][10,183s][info][gc] GC(573) Pause Young (Allocation Failure) 81M->5M(251M) 3,009ms
[2024-08-07T20:31:44.833+0300][10,200s][info][gc] GC(574) Pause Young (Allocation Failure) 80M->5M(251M) 3,095ms
[2024-08-07T20:31:44.850+0300][10,218s][info][gc] GC(575) Pause Young (Allocation Failure) 80M->5M(251M) 3,140ms
[2024-08-07T20:31:44.867+0300][10,235s][info][gc] GC(576) Pause Young (Allocation Failure) 80M->4M(251M) 2,909ms
[2024-08-07T20:31:44.884+0300][10,252s][info][gc] GC(577) Pause Young (Allocation Failure) 79M->4M(251M) 2,529ms
[2024-08-07T20:31:44.901+0300][10,269s][info][gc] GC(578) Pause Young (Allocation Failure) 80M->4M(251M) 2,873ms
[2024-08-07T20:31:44.918+0300][10,286s][info][gc] GC(579) Pause Young (Allocation Failure) 79M->4M(252M) 2,879ms
[2024-08-07T20:31:44.935+0300][10,303s][info][gc] GC(580) Pause Young (Allocation Failure) 80M->4M(251M) 2,665ms
[2024-08-07T20:31:44.953+0300][10,320s][info][gc] GC(581) Pause Young (Allocation Failure) 80M->4M(252M) 2,596ms
[2024-08-07T20:31:44.970+0300][10,338s][info][gc] GC(582) Pause Young (Allocation Failure) 81M->4M(252M) 2,870ms
[2024-08-07T20:31:44.987+0300][10,355s][info][gc] GC(583) Pause Young (Allocation Failure) 81M->4M(252M) 2,829ms
[2024-08-07T20:31:45.005+0300][10,373s][info][gc] GC(584) Pause Young (Allocation Failure) 82M->4M(252M) 3,083ms
[2024-08-07T20:31:45.023+0300][10,391s][info][gc] GC(585) Pause Young (Allocation Failure) 82M->5M(252M) 3,354ms
[2024-08-07T20:31:45.041+0300][10,409s][info][gc] GC(586) Pause Young (Allocation Failure) 83M->5M(252M) 2,886ms
[2024-08-07T20:31:45.058+0300][10,425s][info][gc] GC(587) Pause Young (Allocation Failure) 83M->2M(252M) 1,357ms
[2024-08-07T20:31:45.074+0300][10,442s][info][gc] GC(588) Pause Young (Allocation Failure) 79M->2M(252M) 2,154ms
[2024-08-07T20:31:45.091+0300][10,458s][info][gc] GC(589) Pause Young (Allocation Failure) 79M->3M(252M) 1,986ms
[2024-08-07T20:31:45.107+0300][10,475s][info][gc] GC(590) Pause Young (Allocation Failure) 80M->3M(252M) 2,150ms
[2024-08-07T20:31:45.124+0300][10,492s][info][gc] GC(591) Pause Young (Allocation Failure) 80M->3M(252M) 2,416ms
[2024-08-07T20:31:45.141+0300][10,508s][info][gc] GC(592) Pause Young (Allocation Failure) 80M->3M(252M) 2,117ms
[2024-08-07T20:31:45.157+0300][10,525s][info][gc] GC(593) Pause Young (Allocation Failure) 80M->3M(252M) 2,289ms
[2024-08-07T20:31:45.175+0300][10,542s][info][gc] GC(594) Pause Young (Allocation Failure) 81M->3M(252M) 2,509ms
[2024-08-07T20:31:45.192+0300][10,559s][info][gc] GC(595) Pause Young (Allocation Failure) 81M->4M(252M) 2,322ms
[2024-08-07T20:31:45.209+0300][10,576s][info][gc] GC(596) Pause Young (Allocation Failure) 82M->4M(252M) 2,447ms
[2024-08-07T20:31:45.227+0300][10,594s][info][gc] GC(597) Pause Young (Allocation Failure) 82M->4M(252M) 3,012ms
[2024-08-07T20:31:45.244+0300][10,612s][info][gc] GC(598) Pause Young (Allocation Failure) 82M->5M(252M) 3,151ms
[2024-08-07T20:31:45.263+0300][10,630s][info][gc] GC(599) Pause Young (Allocation Failure) 83M->5M(251M) 3,179ms
[2024-08-07T20:31:45.280+0300][10,648s][info][gc] GC(600) Pause Young (Allocation Failure) 82M->5M(251M) 2,888ms
[2024-08-07T20:31:45.295+0300][10,663s][info][gc] GC(601) Pause Young (Allocation Failure) 82M->2M(251M) 0,361ms
[2024-08-07T20:31:45.312+0300][10,680s][info][gc] GC(602) Pause Young (Allocation Failure) 78M->5M(251M) 2,902ms
[2024-08-07T20:31:45.330+0300][10,697s][info][gc] GC(603) Pause Young (Allocation Failure) 81M->5M(250M) 2,465ms
[2024-08-07T20:31:45.347+0300][10,715s][info][gc] GC(604) Pause Young (Allocation Failure) 80M->5M(251M) 3,021ms
[2024-08-07T20:31:45.365+0300][10,733s][info][gc] GC(605) Pause Young (Allocation Failure) 80M->5M(251M) 3,093ms
[2024-08-07T20:31:45.382+0300][10,750s][info][gc] GC(606) Pause Young (Allocation Failure) 80M->4M(251M) 2,973ms
[2024-08-07T20:31:45.399+0300][10,767s][info][gc] GC(607) Pause Young (Allocation Failure) 79M->4M(251M) 2,639ms
[2024-08-07T20:31:45.415+0300][10,783s][info][gc] GC(608) Pause Young (Allocation Failure) 80M->4M(251M) 2,012ms
[2024-08-07T20:31:45.432+0300][10,800s][info][gc] GC(609) Pause Young (Allocation Failure) 80M->4M(252M) 2,551ms
[2024-08-07T20:31:45.450+0300][10,818s][info][gc] GC(610) Pause Young (Allocation Failure) 81M->4M(252M) 2,946ms
[2024-08-07T20:31:45.468+0300][10,836s][info][gc] GC(611) Pause Young (Allocation Failure) 81M->4M(252M) 3,302ms
[2024-08-07T20:31:45.486+0300][10,854s][info][gc] GC(612) Pause Young (Allocation Failure) 81M->4M(252M) 3,014ms
[2024-08-07T20:31:45.504+0300][10,872s][info][gc] GC(613) Pause Young (Allocation Failure) 81M->4M(252M) 3,252ms
[2024-08-07T20:31:45.522+0300][10,890s][info][gc] GC(614) Pause Young (Allocation Failure) 82M->5M(252M) 2,960ms
[2024-08-07T20:31:45.540+0300][10,908s][info][gc] GC(615) Pause Young (Allocation Failure) 83M->5M(252M) 3,013ms
[2024-08-07T20:31:45.556+0300][10,924s][info][gc] GC(616) Pause Young (Allocation Failure) 82M->2M(252M) 0,966ms
[2024-08-07T20:31:45.572+0300][10,940s][info][gc] GC(617) Pause Young (Allocation Failure) 79M->2M(251M) 1,541ms
[2024-08-07T20:31:45.587+0300][10,955s][info][gc] GC(618) Pause Young (Allocation Failure) 78M->2M(251M) 1,109ms
[2024-08-07T20:31:45.602+0300][10,970s][info][gc] GC(619) Pause Young (Allocation Failure) 78M->2M(251M) 0,673ms
[2024-08-07T20:31:45.617+0300][10,985s][info][gc] GC(620) Pause Young (Allocation Failure) 78M->2M(251M) 0,392ms
[2024-08-07T20:31:45.634+0300][11,002s][info][gc] GC(621) Pause Young (Allocation Failure) 78M->5M(251M) 2,896ms
[2024-08-07T20:31:45.652+0300][11,020s][info][gc] GC(622) Pause Young (Allocation Failure) 81M->5M(250M) 3,168ms
[2024-08-07T20:31:45.669+0300][11,037s][info][gc] GC(623) Pause Young (Allocation Failure) 81M->5M(251M) 2,957ms
[2024-08-07T20:31:45.687+0300][11,055s][info][gc] GC(624) Pause Young (Allocation Failure) 80M->5M(251M) 3,186ms
[2024-08-07T20:31:45.704+0300][11,072s][info][gc] GC(625) Pause Young (Allocation Failure) 80M->5M(251M) 3,244ms
[2024-08-07T20:31:45.722+0300][11,089s][info][gc] GC(626) Pause Young (Allocation Failure) 80M->4M(251M) 2,805ms
[2024-08-07T20:31:45.739+0300][11,107s][info][gc] GC(627) Pause Young (Allocation Failure) 79M->4M(251M) 2,937ms
[2024-08-07T20:31:45.757+0300][11,124s][info][gc] GC(628) Pause Young (Allocation Failure) 79M->4M(251M) 3,123ms
[2024-08-07T20:31:45.773+0300][11,141s][info][gc] GC(629) Pause Young (Allocation Failure) 79M->4M(252M) 2,504ms
[2024-08-07T20:31:45.791+0300][11,159s][info][gc] GC(630) Pause Young (Allocation Failure) 80M->4M(251M) 3,479ms
[2024-08-07T20:31:45.810+0300][11,178s][info][gc] GC(631) Pause Young (Allocation Failure) 80M->4M(252M) 3,386ms
[2024-08-07T20:31:45.828+0300][11,196s][info][gc] GC(632) Pause Young (Allocation Failure) 81M->4M(252M) 3,293ms
[2024-08-07T20:31:45.846+0300][11,213s][info][gc] GC(633) Pause Young (Allocation Failure) 81M->4M(252M) 2,782ms
[2024-08-07T20:31:45.864+0300][11,231s][info][gc] GC(634) Pause Young (Allocation Failure) 81M->4M(252M) 3,192ms
[2024-08-07T20:31:45.881+0300][11,249s][info][gc] GC(635) Pause Young (Allocation Failure) 82M->4M(252M) 3,088ms
[2024-08-07T20:31:45.899+0300][11,267s][info][gc] GC(636) Pause Young (Allocation Failure) 82M->5M(252M) 2,795ms
[2024-08-07T20:31:45.918+0300][11,285s][info][gc] GC(637) Pause Young (Allocation Failure) 83M->5M(251M) 3,054ms
[2024-08-07T20:31:45.934+0300][11,301s][info][gc] GC(638) Pause Young (Allocation Failure) 82M->2M(252M) 0,672ms
[2024-08-07T20:31:45.950+0300][11,317s][info][gc] GC(639) Pause Young (Allocation Failure) 79M->2M(252M) 1,627ms
[2024-08-07T20:31:45.966+0300][11,334s][info][gc] GC(640) Pause Young (Allocation Failure) 79M->2M(252M) 2,095ms
[2024-08-07T20:31:45.984+0300][11,351s][info][gc] GC(641) Pause Young (Allocation Failure) 79M->3M(252M) 2,633ms
[2024-08-07T20:31:46.001+0300][11,369s][info][gc] GC(642) Pause Young (Allocation Failure) 80M->3M(252M) 2,955ms
[2024-08-07T20:31:46.019+0300][11,387s][info][gc] GC(643) Pause Young (Allocation Failure) 80M->3M(252M) 2,806ms
[2024-08-07T20:31:46.037+0300][11,404s][info][gc] GC(644) Pause Young (Allocation Failure) 80M->3M(252M) 2,990ms
[2024-08-07T20:31:46.055+0300][11,422s][info][gc] GC(645) Pause Young (Allocation Failure) 80M->3M(252M) 3,048ms
[2024-08-07T20:31:46.072+0300][11,440s][info][gc] GC(646) Pause Young (Allocation Failure) 81M->3M(252M) 2,957ms
[2024-08-07T20:31:46.090+0300][11,458s][info][gc] GC(647) Pause Young (Allocation Failure) 81M->4M(252M) 2,971ms
[2024-08-07T20:31:46.109+0300][11,476s][info][gc] GC(648) Pause Young (Allocation Failure) 82M->4M(252M) 3,244ms
[2024-08-07T20:31:46.127+0300][11,495s][info][gc] GC(649) Pause Young (Allocation Failure) 82M->4M(252M) 3,123ms
[2024-08-07T20:31:46.144+0300][11,512s][info][gc] GC(650) Pause Young (Allocation Failure) 82M->5M(252M) 2,655ms
[2024-08-07T20:31:46.162+0300][11,530s][info][gc] GC(651) Pause Young (Allocation Failure) 83M->5M(251M) 2,794ms
[2024-08-07T20:31:46.180+0300][11,548s][info][gc] GC(652) Pause Young (Allocation Failure) 82M->5M(251M) 2,947ms
[2024-08-07T20:31:46.196+0300][11,564s][info][gc] GC(653) Pause Young (Allocation Failure) 82M->2M(251M) 0,463ms
[2024-08-07T20:31:46.214+0300][11,582s][info][gc] GC(654) Pause Young (Allocation Failure) 78M->5M(251M) 3,767ms
[2024-08-07T20:31:46.232+0300][11,600s][info][gc] GC(655) Pause Young (Allocation Failure) 81M->5M(250M) 3,655ms
[2024-08-07T20:31:46.250+0300][11,618s][info][gc] GC(656) Pause Young (Allocation Failure) 80M->5M(251M) 3,327ms
[2024-08-07T20:31:46.268+0300][11,635s][info][gc] GC(657) Pause Young (Allocation Failure) 80M->5M(251M) 2,837ms
[2024-08-07T20:31:46.285+0300][11,653s][info][gc] GC(658) Pause Young (Allocation Failure) 80M->4M(251M) 3,291ms
[2024-08-07T20:31:46.303+0300][11,671s][info][gc] GC(659) Pause Young (Allocation Failure) 79M->4M(251M) 3,247ms
[2024-08-07T20:31:46.321+0300][11,688s][info][gc] GC(660) Pause Young (Allocation Failure) 80M->4M(251M) 2,708ms
[2024-08-07T20:31:46.338+0300][11,706s][info][gc] GC(661) Pause Young (Allocation Failure) 80M->4M(252M) 2,895ms
[2024-08-07T20:31:46.357+0300][11,724s][info][gc] GC(662) Pause Young (Allocation Failure) 80M->4M(251M) 3,483ms
[2024-08-07T20:31:46.375+0300][11,743s][info][gc] GC(663) Pause Young (Allocation Failure) 80M->4M(252M) 3,468ms
[2024-08-07T20:31:46.394+0300][11,761s][info][gc] GC(664) Pause Young (Allocation Failure) 81M->4M(252M) 3,125ms
[2024-08-07T20:31:46.412+0300][11,780s][info][gc] GC(665) Pause Young (Allocation Failure) 81M->4M(252M) 3,287ms
[2024-08-07T20:31:46.430+0300][11,798s][info][gc] GC(666) Pause Young (Allocation Failure) 82M->5M(252M) 3,566ms
[2024-08-07T20:31:46.449+0300][11,816s][info][gc] GC(667) Pause Young (Allocation Failure) 83M->5M(251M) 3,098ms
[2024-08-07T20:31:46.467+0300][11,834s][info][gc] GC(668) Pause Young (Allocation Failure) 82M->5M(252M) 3,211ms
[2024-08-07T20:31:46.484+0300][11,852s][info][gc] GC(669) Pause Young (Allocation Failure) 82M->5M(252M) 3,047ms
[2024-08-07T20:31:46.501+0300][11,869s][info][gc] GC(670) Pause Young (Allocation Failure) 82M->2M(248M) 1,403ms
[2024-08-07T20:31:46.518+0300][11,885s][info][gc] GC(671) Pause Young (Allocation Failure) 79M->2M(251M) 2,171ms
[2024-08-07T20:31:46.534+0300][11,901s][info][gc] GC(672) Pause Young (Allocation Failure) 78M->2M(251M) 1,788ms
[2024-08-07T20:31:46.549+0300][11,917s][info][gc] GC(673) Pause Young (Allocation Failure) 78M->2M(251M) 1,302ms
[2024-08-07T20:31:46.565+0300][11,932s][info][gc] GC(674) Pause Young (Allocation Failure) 78M->2M(251M) 0,796ms
[2024-08-07T20:31:46.579+0300][11,947s][info][gc] GC(675) Pause Young (Allocation Failure) 78M->2M(251M) 0,416ms
[2024-08-07T20:31:46.597+0300][11,964s][info][gc] GC(676) Pause Young (Allocation Failure) 78M->5M(250M) 3,147ms
[2024-08-07T20:31:46.614+0300][11,981s][info][gc] GC(677) Pause Young (Allocation Failure) 81M->5M(251M) 2,173ms
[2024-08-07T20:31:46.631+0300][11,999s][info][gc] GC(678) Pause Young (Allocation Failure) 80M->5M(251M) 3,038ms
[2024-08-07T20:31:46.649+0300][12,017s][info][gc] GC(679) Pause Young (Allocation Failure) 80M->5M(251M) 3,376ms
[2024-08-07T20:31:46.667+0300][12,035s][info][gc] GC(680) Pause Young (Allocation Failure) 80M->4M(251M) 3,466ms
[2024-08-07T20:31:46.685+0300][12,052s][info][gc] GC(681) Pause Young (Allocation Failure) 79M->4M(251M) 3,322ms
[2024-08-07T20:31:46.706+0300][12,074s][info][gc] GC(682) Pause Young (Allocation Failure) 80M->4M(251M) 4,400ms
[2024-08-07T20:31:46.726+0300][12,094s][info][gc] GC(683) Pause Young (Allocation Failure) 79M->4M(251M) 3,785ms
[2024-08-07T20:31:46.747+0300][12,115s][info][gc] GC(684) Pause Young (Allocation Failure) 80M->4M(251M) 4,355ms
[2024-08-07T20:31:46.767+0300][12,134s][info][gc] GC(685) Pause Young (Allocation Failure) 80M->4M(252M) 3,851ms
[2024-08-07T20:31:46.785+0300][12,152s][info][gc] GC(686) Pause Young (Allocation Failure) 81M->4M(252M) 3,333ms
[2024-08-07T20:31:46.803+0300][12,171s][info][gc] GC(687) Pause Young (Allocation Failure) 81M->4M(252M) 3,188ms
[2024-08-07T20:31:46.821+0300][12,189s][info][gc] GC(688) Pause Young (Allocation Failure) 81M->4M(252M) 3,623ms
[2024-08-07T20:31:46.840+0300][12,208s][info][gc] GC(689) Pause Young (Allocation Failure) 82M->4M(252M) 3,460ms
[2024-08-07T20:31:46.858+0300][12,226s][info][gc] GC(690) Pause Young (Allocation Failure) 82M->5M(252M) 3,246ms
[2024-08-07T20:31:46.877+0300][12,244s][info][gc] GC(691) Pause Young (Allocation Failure) 83M->5M(251M) 3,114ms
[2024-08-07T20:31:46.895+0300][12,262s][info][gc] GC(692) Pause Young (Allocation Failure) 82M->5M(252M) 3,292ms
[2024-08-07T20:31:46.911+0300][12,278s][info][gc] GC(693) Pause Young (Allocation Failure) 82M->2M(251M) 0,807ms
[2024-08-07T20:31:46.928+0300][12,296s][info][gc] GC(694) Pause Young (Allocation Failure) 78M->5M(251M) 3,168ms
[2024-08-07T20:31:46.946+0300][12,314s][info][gc] GC(695) Pause Young (Allocation Failure) 81M->5M(251M) 3,018ms
[2024-08-07T20:31:46.964+0300][12,332s][info][gc] GC(696) Pause Young (Allocation Failure) 81M->5M(250M) 3,250ms
[2024-08-07T20:31:46.982+0300][12,349s][info][gc] GC(697) Pause Young (Allocation Failure) 81M->5M(251M) 2,980ms
[2024-08-07T20:31:47.000+0300][12,367s][info][gc] GC(698) Pause Young (Allocation Failure) 80M->5M(251M) 3,311ms
[2024-08-07T20:31:47.017+0300][12,385s][info][gc] GC(699) Pause Young (Allocation Failure) 80M->5M(251M) 3,058ms
[2024-08-07T20:31:47.035+0300][12,403s][info][gc] GC(700) Pause Young (Allocation Failure) 81M->4M(251M) 3,203ms
[2024-08-07T20:31:47.053+0300][12,421s][info][gc] GC(701) Pause Young (Allocation Failure) 80M->4M(252M) 3,144ms
[2024-08-07T20:31:47.071+0300][12,439s][info][gc] GC(702) Pause Young (Allocation Failure) 81M->4M(251M) 3,086ms
[2024-08-07T20:31:47.089+0300][12,457s][info][gc] GC(703) Pause Young (Allocation Failure) 81M->4M(252M) 2,932ms
[2024-08-07T20:31:47.107+0300][12,475s][info][gc] GC(704) Pause Young (Allocation Failure) 81M->5M(252M) 2,903ms
[2024-08-07T20:31:47.125+0300][12,493s][info][gc] GC(705) Pause Young (Allocation Failure) 82M->5M(252M) 2,919ms
[2024-08-07T20:31:47.143+0300][12,510s][info][gc] GC(706) Pause Young (Allocation Failure) 82M->5M(252M) 3,126ms
[2024-08-07T20:31:47.161+0300][12,528s][info][gc] GC(707) Pause Young (Allocation Failure) 82M->5M(252M) 3,484ms
[2024-08-07T20:31:47.179+0300][12,547s][info][gc] GC(708) Pause Young (Allocation Failure) 82M->5M(252M) 3,796ms
[2024-08-07T20:31:47.194+0300][12,562s][info][gc] GC(709) Pause Young (Allocation Failure) 82M->2M(252M) 0,428ms
[2024-08-07T20:31:47.210+0300][12,578s][info][gc] GC(710) Pause Young (Allocation Failure) 79M->2M(248M) 1,553ms
[2024-08-07T20:31:47.227+0300][12,595s][info][gc] GC(711) Pause Young (Allocation Failure) 79M->2M(251M) 2,561ms
[2024-08-07T20:31:47.243+0300][12,611s][info][gc] GC(712) Pause Young (Allocation Failure) 78M->2M(251M) 1,566ms
[2024-08-07T20:31:47.259+0300][12,626s][info][gc] GC(713) Pause Young (Allocation Failure) 78M->2M(251M) 1,142ms
[2024-08-07T20:31:47.274+0300][12,642s][info][gc] GC(714) Pause Young (Allocation Failure) 78M->2M(251M) 0,909ms
[2024-08-07T20:31:47.289+0300][12,657s][info][gc] GC(715) Pause Young (Allocation Failure) 78M->2M(251M) 0,608ms
[2024-08-07T20:31:47.306+0300][12,674s][info][gc] GC(716) Pause Young (Allocation Failure) 78M->5M(250M) 3,166ms
[2024-08-07T20:31:47.324+0300][12,692s][info][gc] GC(717) Pause Young (Allocation Failure) 81M->5M(251M) 3,090ms
[2024-08-07T20:31:47.342+0300][12,709s][info][gc] GC(718) Pause Young (Allocation Failure) 80M->5M(251M) 3,142ms
[2024-08-07T20:31:47.359+0300][12,727s][info][gc] GC(719) Pause Young (Allocation Failure) 80M->5M(251M) 2,988ms
[2024-08-07T20:31:47.377+0300][12,745s][info][gc] GC(720) Pause Young (Allocation Failure) 80M->4M(251M) 3,211ms
[2024-08-07T20:31:47.394+0300][12,762s][info][gc] GC(721) Pause Young (Allocation Failure) 79M->4M(251M) 2,855ms
[2024-08-07T20:31:47.412+0300][12,780s][info][gc] GC(722) Pause Young (Allocation Failure) 80M->4M(251M) 2,960ms
[2024-08-07T20:31:47.430+0300][12,798s][info][gc] GC(723) Pause Young (Allocation Failure) 79M->4M(251M) 3,621ms
[2024-08-07T20:31:47.448+0300][12,815s][info][gc] GC(724) Pause Young (Allocation Failure) 80M->4M(251M) 2,986ms
[2024-08-07T20:31:47.465+0300][12,833s][info][gc] GC(725) Pause Young (Allocation Failure) 80M->4M(252M) 2,966ms
[2024-08-07T20:31:47.484+0300][12,851s][info][gc] GC(726) Pause Young (Allocation Failure) 81M->4M(252M) 3,259ms
[2024-08-07T20:31:47.502+0300][12,870s][info][gc] GC(727) Pause Young (Allocation Failure) 81M->4M(252M) 3,341ms
[2024-08-07T20:31:47.520+0300][12,888s][info][gc] GC(728) Pause Young (Allocation Failure) 81M->4M(252M) 3,143ms
[2024-08-07T20:31:47.538+0300][12,906s][info][gc] GC(729) Pause Young (Allocation Failure) 82M->4M(252M) 3,004ms
[2024-08-07T20:31:47.556+0300][12,923s][info][gc] GC(730) Pause Young (Allocation Failure) 82M->5M(252M) 2,476ms
[2024-08-07T20:31:47.574+0300][12,942s][info][gc] GC(731) Pause Young (Allocation Failure) 83M->5M(251M) 3,256ms
[2024-08-07T20:31:47.592+0300][12,960s][info][gc] GC(732) Pause Young (Allocation Failure) 82M->5M(252M) 2,978ms
[2024-08-07T20:31:47.608+0300][12,976s][info][gc] GC(733) Pause Young (Allocation Failure) 82M->2M(251M) 1,118ms
[2024-08-07T20:31:47.623+0300][12,990s][info][gc] GC(734) Pause Young (Allocation Failure) 78M->2M(251M) 0,532ms
[2024-08-07T20:31:47.640+0300][13,008s][info][gc] GC(735) Pause Young (Allocation Failure) 78M->5M(251M) 3,020ms
[2024-08-07T20:31:47.658+0300][13,025s][info][gc] GC(736) Pause Young (Allocation Failure) 81M->5M(250M) 3,128ms
[2024-08-07T20:31:47.675+0300][13,043s][info][gc] GC(737) Pause Young (Allocation Failure) 81M->5M(251M) 3,384ms
[2024-08-07T20:31:47.693+0300][13,061s][info][gc] GC(738) Pause Young (Allocation Failure) 80M->5M(251M) 3,220ms
[2024-08-07T20:31:47.711+0300][13,079s][info][gc] GC(739) Pause Young (Allocation Failure) 80M->5M(251M) 3,200ms
[2024-08-07T20:31:47.729+0300][13,096s][info][gc] GC(740) Pause Young (Allocation Failure) 80M->4M(251M) 2,983ms
[2024-08-07T20:31:47.747+0300][13,114s][info][gc] GC(741) Pause Young (Allocation Failure) 80M->4M(251M) 3,250ms
[2024-08-07T20:31:47.764+0300][13,132s][info][gc] GC(742) Pause Young (Allocation Failure) 80M->4M(251M) 3,046ms
[2024-08-07T20:31:47.781+0300][13,149s][info][gc] GC(743) Pause Young (Allocation Failure) 80M->4M(252M) 2,874ms
[2024-08-07T20:31:47.800+0300][13,168s][info][gc] GC(744) Pause Young (Allocation Failure) 81M->4M(252M) 3,738ms
[2024-08-07T20:31:47.819+0300][13,186s][info][gc] GC(745) Pause Young (Allocation Failure) 81M->4M(252M) 3,514ms
[2024-08-07T20:31:47.837+0300][13,205s][info][gc] GC(746) Pause Young (Allocation Failure) 81M->5M(252M) 3,513ms
[2024-08-07T20:31:47.855+0300][13,223s][info][gc] GC(747) Pause Young (Allocation Failure) 82M->5M(252M) 3,480ms
[2024-08-07T20:31:47.874+0300][13,242s][info][gc] GC(748) Pause Young (Allocation Failure) 83M->5M(252M) 3,477ms
[2024-08-07T20:31:47.890+0300][13,257s][info][gc] GC(749) Pause Young (Allocation Failure) 83M->2M(252M) 0,868ms
[2024-08-07T20:31:47.905+0300][13,273s][info][gc] GC(750) Pause Young (Allocation Failure) 79M->2M(252M) 1,336ms
[2024-08-07T20:31:47.922+0300][13,290s][info][gc] GC(751) Pause Young (Allocation Failure) 79M->3M(252M) 1,963ms
[2024-08-07T20:31:47.939+0300][13,307s][info][gc] GC(752) Pause Young (Allocation Failure) 80M->3M(252M) 2,739ms
[2024-08-07T20:31:47.957+0300][13,324s][info][gc] GC(753) Pause Young (Allocation Failure) 80M->3M(252M) 2,807ms
[2024-08-07T20:31:47.974+0300][13,342s][info][gc] GC(754) Pause Young (Allocation Failure) 80M->3M(252M) 2,783ms
[2024-08-07T20:31:47.991+0300][13,359s][info][gc] GC(755) Pause Young (Allocation Failure) 80M->3M(252M) 2,685ms
[2024-08-07T20:31:48.009+0300][13,377s][info][gc] GC(756) Pause Young (Allocation Failure) 80M->3M(252M) 2,851ms
[2024-08-07T20:31:48.027+0300][13,394s][info][gc] GC(757) Pause Young (Allocation Failure) 80M->3M(252M) 3,061ms
[2024-08-07T20:31:48.045+0300][13,413s][info][gc] GC(758) Pause Young (Allocation Failure) 81M->4M(252M) 3,064ms
[2024-08-07T20:31:48.063+0300][13,431s][info][gc] GC(759) Pause Young (Allocation Failure) 82M->4M(252M) 3,544ms
[2024-08-07T20:31:48.081+0300][13,449s][info][gc] GC(760) Pause Young (Allocation Failure) 82M->4M(252M) 2,903ms
[2024-08-07T20:31:48.100+0300][13,468s][info][gc] GC(761) Pause Young (Allocation Failure) 82M->5M(251M) 3,610ms
[2024-08-07T20:31:48.119+0300][13,486s][info][gc] GC(762) Pause Young (Allocation Failure) 82M->5M(252M) 3,389ms
[2024-08-07T20:31:48.137+0300][13,504s][info][gc] GC(763) Pause Young (Allocation Failure) 82M->5M(252M) 3,368ms
[2024-08-07T20:31:48.155+0300][13,523s][info][gc] GC(764) Pause Young (Allocation Failure) 82M->5M(251M) 3,302ms
[2024-08-07T20:31:48.173+0300][13,541s][info][gc] GC(765) Pause Young (Allocation Failure) 82M->5M(251M) 3,421ms
[2024-08-07T20:31:48.191+0300][13,559s][info][gc] GC(766) Pause Young (Allocation Failure) 81M->5M(251M) 3,295ms
[2024-08-07T20:31:48.209+0300][13,577s][info][gc] GC(767) Pause Young (Allocation Failure) 81M->5M(250M) 3,196ms
[2024-08-07T20:31:48.227+0300][13,595s][info][gc] GC(768) Pause Young (Allocation Failure) 80M->5M(251M) 3,480ms
[2024-08-07T20:31:48.246+0300][13,614s][info][gc] GC(769) Pause Young (Allocation Failure) 80M->5M(251M) 3,787ms
[2024-08-07T20:31:48.264+0300][13,631s][info][gc] GC(770) Pause Young (Allocation Failure) 81M->5M(251M) 2,981ms
[2024-08-07T20:31:48.281+0300][13,648s][info][gc] GC(771) Pause Young (Allocation Failure) 81M->4M(252M) 3,023ms
[2024-08-07T20:31:48.299+0300][13,667s][info][gc] GC(772) Pause Young (Allocation Failure) 81M->4M(251M) 3,724ms
[2024-08-07T20:31:48.318+0300][13,685s][info][gc] GC(773) Pause Young (Allocation Failure) 81M->5M(252M) 3,334ms
[2024-08-07T20:31:48.336+0300][13,704s][info][gc] GC(774) Pause Young (Allocation Failure) 82M->5M(252M) 3,143ms
[2024-08-07T20:31:48.354+0300][13,722s][info][gc] GC(775) Pause Young (Allocation Failure) 82M->5M(252M) 3,265ms
[2024-08-07T20:31:48.373+0300][13,740s][info][gc] GC(776) Pause Young (Allocation Failure) 82M->5M(252M) 3,523ms
[2024-08-07T20:31:48.392+0300][13,759s][info][gc] GC(777) Pause Young (Allocation Failure) 82M->5M(252M) 4,090ms
[2024-08-07T20:31:48.411+0300][13,778s][info][gc] GC(778) Pause Young (Allocation Failure) 82M->5M(252M) 3,983ms
[2024-08-07T20:31:48.427+0300][13,794s][info][gc] GC(779) Pause Young (Allocation Failure) 82M->2M(251M) 1,150ms
[2024-08-07T20:31:48.445+0300][13,813s][info][gc] GC(780) Pause Young (Allocation Failure) 78M->5M(251M) 4,070ms
[2024-08-07T20:31:48.464+0300][13,831s][info][gc] GC(781) Pause Young (Allocation Failure) 81M->5M(251M) 4,029ms
[2024-08-07T20:31:48.482+0300][13,850s][info][gc] GC(782) Pause Young (Allocation Failure) 81M->5M(251M) 3,882ms
[2024-08-07T20:31:48.501+0300][13,869s][info][gc] GC(783) Pause Young (Allocation Failure) 81M->5M(251M) 3,845ms
[2024-08-07T20:31:48.519+0300][13,887s][info][gc] GC(784) Pause Young (Allocation Failure) 81M->5M(251M) 3,707ms
[2024-08-07T20:31:48.538+0300][13,905s][info][gc] GC(785) Pause Young (Allocation Failure) 81M->5M(251M) 3,896ms
[2024-08-07T20:31:48.556+0300][13,924s][info][gc] GC(786) Pause Young (Allocation Failure) 81M->5M(251M) 3,648ms
[2024-08-07T20:31:48.574+0300][13,942s][info][gc] GC(787) Pause Young (Allocation Failure) 81M->5M(252M) 3,539ms
[2024-08-07T20:31:48.593+0300][13,961s][info][gc] GC(788) Pause Young (Allocation Failure) 81M->5M(251M) 3,702ms
[2024-08-07T20:31:48.612+0300][13,980s][info][gc] GC(789) Pause Young (Allocation Failure) 81M->5M(252M) 4,039ms
[2024-08-07T20:31:48.631+0300][13,998s][info][gc] GC(790) Pause Young (Allocation Failure) 82M->5M(252M) 3,785ms
[2024-08-07T20:31:48.649+0300][14,017s][info][gc] GC(791) Pause Young (Allocation Failure) 82M->5M(252M) 4,034ms
[2024-08-07T20:31:48.665+0300][14,033s][info][gc] GC(792) Pause Young (Allocation Failure) 82M->2M(248M) 0,586ms
[2024-08-07T20:31:48.681+0300][14,049s][info][gc] GC(793) Pause Young (Allocation Failure) 79M->2M(251M) 1,509ms
[2024-08-07T20:31:48.696+0300][14,064s][info][gc] GC(794) Pause Young (Allocation Failure) 78M->2M(251M) 0,793ms
[2024-08-07T20:31:48.711+0300][14,078s][info][gc] GC(795) Pause Young (Allocation Failure) 78M->2M(250M) 0,520ms
[2024-08-07T20:31:48.728+0300][14,096s][info][gc] GC(796) Pause Young (Allocation Failure) 77M->5M(251M) 3,632ms
[2024-08-07T20:31:48.746+0300][14,114s][info][gc] GC(797) Pause Young (Allocation Failure) 80M->5M(251M) 3,299ms
[2024-08-07T20:31:48.764+0300][14,131s][info][gc] GC(798) Pause Young (Allocation Failure) 80M->5M(251M) 2,496ms
[2024-08-07T20:31:48.781+0300][14,148s][info][gc] GC(799) Pause Young (Allocation Failure) 80M->4M(251M) 2,650ms
[2024-08-07T20:31:48.799+0300][14,167s][info][gc] GC(800) Pause Young (Allocation Failure) 80M->4M(251M) 3,247ms
[2024-08-07T20:31:48.817+0300][14,184s][info][gc] GC(801) Pause Young (Allocation Failure) 80M->4M(252M) 3,123ms
[2024-08-07T20:31:48.835+0300][14,203s][info][gc] GC(802) Pause Young (Allocation Failure) 81M->4M(251M) 3,215ms
[2024-08-07T20:31:48.853+0300][14,221s][info][gc] GC(803) Pause Young (Allocation Failure) 81M->4M(252M) 3,337ms
[2024-08-07T20:31:48.871+0300][14,239s][info][gc] GC(804) Pause Young (Allocation Failure) 81M->4M(252M) 3,086ms
[2024-08-07T20:31:48.889+0300][14,257s][info][gc] GC(805) Pause Young (Allocation Failure) 81M->4M(252M) 3,251ms
[2024-08-07T20:31:48.908+0300][14,275s][info][gc] GC(806) Pause Young (Allocation Failure) 82M->5M(252M) 3,168ms
[2024-08-07T20:31:48.927+0300][14,294s][info][gc] GC(807) Pause Young (Allocation Failure) 83M->5M(251M) 3,929ms
[2024-08-07T20:31:48.946+0300][14,314s][info][gc] GC(808) Pause Young (Allocation Failure) 82M->5M(252M) 4,093ms
[2024-08-07T20:31:48.962+0300][14,330s][info][gc] GC(809) Pause Young (Allocation Failure) 82M->2M(251M) 1,189ms
[2024-08-07T20:31:48.977+0300][14,345s][info][gc] GC(810) Pause Young (Allocation Failure) 78M->2M(251M) 0,710ms
[2024-08-07T20:31:48.996+0300][14,363s][info][gc] GC(811) Pause Young (Allocation Failure) 78M->5M(251M) 3,998ms
[2024-08-07T20:31:49.015+0300][14,382s][info][gc] GC(812) Pause Young (Allocation Failure) 81M->5M(250M) 4,000ms
[2024-08-07T20:31:49.033+0300][14,401s][info][gc] GC(813) Pause Young (Allocation Failure) 81M->5M(251M) 3,936ms
[2024-08-07T20:31:49.051+0300][14,419s][info][gc] GC(814) Pause Young (Allocation Failure) 80M->5M(251M) 3,564ms
[2024-08-07T20:31:49.070+0300][14,437s][info][gc] GC(815) Pause Young (Allocation Failure) 80M->5M(251M) 3,575ms
[2024-08-07T20:31:49.087+0300][14,455s][info][gc] GC(816) Pause Young (Allocation Failure) 80M->4M(251M) 3,091ms
[2024-08-07T20:31:49.105+0300][14,473s][info][gc] GC(817) Pause Young (Allocation Failure) 80M->4M(251M) 3,396ms
[2024-08-07T20:31:49.124+0300][14,491s][info][gc] GC(818) Pause Young (Allocation Failure) 80M->4M(251M) 3,292ms
[2024-08-07T20:31:49.142+0300][14,509s][info][gc] GC(819) Pause Young (Allocation Failure) 80M->4M(252M) 3,536ms
[2024-08-07T20:31:49.160+0300][14,528s][info][gc] GC(820) Pause Young (Allocation Failure) 81M->4M(252M) 3,459ms
[2024-08-07T20:31:49.179+0300][14,547s][info][gc] GC(821) Pause Young (Allocation Failure) 81M->4M(252M) 3,441ms
[2024-08-07T20:31:49.197+0300][14,565s][info][gc] GC(822) Pause Young (Allocation Failure) 81M->5M(252M) 3,220ms
[2024-08-07T20:31:49.216+0300][14,584s][info][gc] GC(823) Pause Young (Allocation Failure) 82M->5M(252M) 3,230ms
[2024-08-07T20:31:49.234+0300][14,602s][info][gc] GC(824) Pause Young (Allocation Failure) 83M->5M(252M) 3,063ms
[2024-08-07T20:31:49.251+0300][14,619s][info][gc] GC(825) Pause Young (Allocation Failure) 83M->2M(252M) 0,875ms
[2024-08-07T20:31:49.267+0300][14,635s][info][gc] GC(826) Pause Young (Allocation Failure) 79M->2M(252M) 1,771ms
[2024-08-07T20:31:49.285+0300][14,652s][info][gc] GC(827) Pause Young (Allocation Failure) 79M->3M(251M) 2,675ms
[2024-08-07T20:31:49.301+0300][14,669s][info][gc] GC(828) Pause Young (Allocation Failure) 79M->3M(251M) 2,200ms
[2024-08-07T20:31:49.318+0300][14,686s][info][gc] GC(829) Pause Young (Allocation Failure) 79M->2M(251M) 2,209ms
[2024-08-07T20:31:49.334+0300][14,702s][info][gc] GC(830) Pause Young (Allocation Failure) 78M->2M(251M) 1,722ms
[2024-08-07T20:31:49.349+0300][14,717s][info][gc] GC(831) Pause Young (Allocation Failure) 78M->2M(252M) 0,902ms
[2024-08-07T20:31:49.365+0300][14,733s][info][gc] GC(832) Pause Young (Allocation Failure) 79M->2M(251M) 1,524ms
[2024-08-07T20:31:49.381+0300][14,749s][info][gc] GC(833) Pause Young (Allocation Failure) 79M->2M(252M) 1,777ms
[2024-08-07T20:31:49.398+0300][14,766s][info][gc] GC(834) Pause Young (Allocation Failure) 79M->3M(252M) 1,949ms
[2024-08-07T20:31:49.415+0300][14,783s][info][gc] GC(835) Pause Young (Allocation Failure) 80M->3M(252M) 2,350ms
[2024-08-07T20:31:49.433+0300][14,801s][info][gc] GC(836) Pause Young (Allocation Failure) 80M->3M(252M) 3,129ms
[2024-08-07T20:31:49.451+0300][14,819s][info][gc] GC(837) Pause Young (Allocation Failure) 80M->3M(253M) 3,174ms
[2024-08-07T20:31:49.470+0300][14,838s][info][gc] GC(838) Pause Young (Allocation Failure) 82M->4M(252M) 3,814ms
[2024-08-07T20:31:49.489+0300][14,857s][info][gc] GC(839) Pause Young (Allocation Failure) 82M->4M(252M) 3,866ms
[2024-08-07T20:31:49.508+0300][14,876s][info][gc] GC(840) Pause Young (Allocation Failure) 82M->4M(252M) 3,970ms
[2024-08-07T20:31:49.527+0300][14,895s][info][gc] GC(841) Pause Young (Allocation Failure) 82M->5M(251M) 3,466ms
[2024-08-07T20:31:49.545+0300][14,913s][info][gc] GC(842) Pause Young (Allocation Failure) 82M->5M(252M) 3,482ms
[2024-08-07T20:31:49.564+0300][14,932s][info][gc] GC(843) Pause Young (Allocation Failure) 82M->5M(251M) 3,468ms
[2024-08-07T20:31:49.582+0300][14,950s][info][gc] GC(844) Pause Young (Allocation Failure) 81M->5M(251M) 3,452ms
[2024-08-07T20:31:49.601+0300][14,968s][info][gc] GC(845) Pause Young (Allocation Failure) 81M->5M(251M) 3,581ms
[2024-08-07T20:31:49.619+0300][14,987s][info][gc] GC(846) Pause Young (Allocation Failure) 81M->5M(251M) 3,679ms
[2024-08-07T20:31:49.637+0300][15,005s][info][gc] GC(847) Pause Young (Allocation Failure) 81M->5M(251M) 3,138ms
[2024-08-07T20:31:49.655+0300][15,023s][info][gc] GC(848) Pause Young (Allocation Failure) 81M->5M(251M) 3,455ms
[2024-08-07T20:31:49.672+0300][15,040s][info][gc] GC(849) Pause Young (Allocation Failure) 81M->5M(251M) 2,715ms
[2024-08-07T20:31:49.690+0300][15,057s][info][gc] GC(850) Pause Young (Allocation Failure) 81M->5M(251M) 2,860ms
[2024-08-07T20:31:49.707+0300][15,075s][info][gc] GC(851) Pause Young (Allocation Failure) 81M->4M(251M) 2,622ms
[2024-08-07T20:31:49.725+0300][15,093s][info][gc] GC(852) Pause Young (Allocation Failure) 80M->4M(251M) 3,393ms
[2024-08-07T20:31:49.743+0300][15,111s][info][gc] GC(853) Pause Young (Allocation Failure) 80M->4M(252M) 3,521ms
[2024-08-07T20:31:49.761+0300][15,129s][info][gc] GC(854) Pause Young (Allocation Failure) 81M->5M(252M) 3,213ms
[2024-08-07T20:31:49.779+0300][15,147s][info][gc] GC(855) Pause Young (Allocation Failure) 82M->5M(252M) 3,258ms
[2024-08-07T20:31:49.798+0300][15,165s][info][gc] GC(856) Pause Young (Allocation Failure) 82M->5M(252M) 3,048ms
[2024-08-07T20:31:49.816+0300][15,183s][info][gc] GC(857) Pause Young (Allocation Failure) 82M->5M(252M) 3,192ms
[2024-08-07T20:31:49.834+0300][15,202s][info][gc] GC(858) Pause Young (Allocation Failure) 82M->5M(252M) 3,371ms
[2024-08-07T20:31:49.852+0300][15,220s][info][gc] GC(859) Pause Young (Allocation Failure) 82M->5M(252M) 2,966ms
[2024-08-07T20:31:49.870+0300][15,238s][info][gc] GC(860) Pause Young (Allocation Failure) 82M->5M(252M) 3,394ms
[2024-08-07T20:31:49.887+0300][15,254s][info][gc] GC(861) Pause Young (Allocation Failure) 82M->2M(251M) 1,325ms
[2024-08-07T20:31:49.901+0300][15,269s][info][gc] GC(862) Pause Young (Allocation Failure) 78M->2M(251M) 0,707ms
[2024-08-07T20:31:49.919+0300][15,286s][info][gc] GC(863) Pause Young (Allocation Failure) 78M->5M(250M) 3,014ms
[2024-08-07T20:31:49.937+0300][15,304s][info][gc] GC(864) Pause Young (Allocation Failure) 80M->5M(251M) 3,256ms
[2024-08-07T20:31:49.955+0300][15,322s][info][gc] GC(865) Pause Young (Allocation Failure) 80M->5M(251M) 3,478ms
[2024-08-07T20:31:49.973+0300][15,340s][info][gc] GC(866) Pause Young (Allocation Failure) 80M->5M(251M) 3,452ms
[2024-08-07T20:31:49.991+0300][15,358s][info][gc] GC(867) Pause Young (Allocation Failure) 80M->4M(251M) 3,443ms
[2024-08-07T20:31:50.007+0300][15,375s][info][gc] GC(868) Pause Young (Allocation Failure) 80M->4M(251M) 2,450ms
[2024-08-07T20:31:50.025+0300][15,393s][info][gc] GC(869) Pause Young (Allocation Failure) 80M->4M(252M) 3,217ms
[2024-08-07T20:31:50.043+0300][15,411s][info][gc] GC(870) Pause Young (Allocation Failure) 81M->4M(252M) 2,974ms
[2024-08-07T20:31:50.061+0300][15,429s][info][gc] GC(871) Pause Young (Allocation Failure) 81M->5M(252M) 3,176ms
[2024-08-07T20:31:50.079+0300][15,447s][info][gc] GC(872) Pause Young (Allocation Failure) 82M->5M(252M) 2,872ms
[2024-08-07T20:31:50.097+0300][15,465s][info][gc] GC(873) Pause Young (Allocation Failure) 82M->5M(252M) 3,064ms
[2024-08-07T20:31:50.115+0300][15,483s][info][gc] GC(874) Pause Young (Allocation Failure) 82M->5M(252M) 2,964ms
[2024-08-07T20:31:50.133+0300][15,501s][info][gc] GC(875) Pause Young (Allocation Failure) 82M->5M(252M) 3,038ms
[2024-08-07T20:31:50.151+0300][15,518s][info][gc] GC(876) Pause Young (Allocation Failure) 82M->5M(252M) 3,050ms
[2024-08-07T20:31:50.167+0300][15,534s][info][gc] GC(877) Pause Young (Allocation Failure) 82M->2M(251M) 1,188ms
[2024-08-07T20:31:50.182+0300][15,549s][info][gc] GC(878) Pause Young (Allocation Failure) 78M->2M(251M) 0,625ms
[2024-08-07T20:31:50.199+0300][15,567s][info][gc] GC(879) Pause Young (Allocation Failure) 78M->5M(251M) 2,997ms
[2024-08-07T20:31:50.217+0300][15,584s][info][gc] GC(880) Pause Young (Allocation Failure) 81M->5M(250M) 3,093ms
[2024-08-07T20:31:50.234+0300][15,602s][info][gc] GC(881) Pause Young (Allocation Failure) 81M->5M(251M) 2,965ms
[2024-08-07T20:31:50.252+0300][15,620s][info][gc] GC(882) Pause Young (Allocation Failure) 80M->5M(251M) 3,245ms
[2024-08-07T20:31:50.269+0300][15,637s][info][gc] GC(883) Pause Young (Allocation Failure) 80M->5M(251M) 2,819ms
[2024-08-07T20:31:50.287+0300][15,655s][info][gc] GC(884) Pause Young (Allocation Failure) 81M->5M(251M) 3,394ms
[2024-08-07T20:31:50.305+0300][15,672s][info][gc] GC(885) Pause Young (Allocation Failure) 81M->5M(252M) 3,136ms
[2024-08-07T20:31:50.322+0300][15,690s][info][gc] GC(886) Pause Young (Allocation Failure) 81M->5M(251M) 3,222ms
[2024-08-07T20:31:50.340+0300][15,708s][info][gc] GC(887) Pause Young (Allocation Failure) 81M->5M(252M) 2,914ms
[2024-08-07T20:31:50.357+0300][15,725s][info][gc] GC(888) Pause Young (Allocation Failure) 82M->5M(252M) 2,586ms
[2024-08-07T20:31:50.375+0300][15,743s][info][gc] GC(889) Pause Young (Allocation Failure) 82M->5M(252M) 2,948ms
[2024-08-07T20:31:50.394+0300][15,762s][info][gc] GC(890) Pause Young (Allocation Failure) 82M->5M(252M) 3,565ms
[2024-08-07T20:31:50.413+0300][15,780s][info][gc] GC(891) Pause Young (Allocation Failure) 82M->5M(252M) 3,865ms
[2024-08-07T20:31:50.432+0300][15,799s][info][gc] GC(892) Pause Young (Allocation Failure) 82M->5M(252M) 3,712ms
[2024-08-07T20:31:50.448+0300][15,815s][info][gc] GC(893) Pause Young (Allocation Failure) 82M->2M(252M) 0,757ms
[2024-08-07T20:31:50.463+0300][15,831s][info][gc] GC(894) Pause Young (Allocation Failure) 79M->2M(248M) 1,341ms
[2024-08-07T20:31:50.480+0300][15,848s][info][gc] GC(895) Pause Young (Allocation Failure) 79M->3M(251M) 2,372ms
[2024-08-07T20:31:50.496+0300][15,864s][info][gc] GC(896) Pause Young (Allocation Failure) 79M->3M(251M) 1,818ms
[2024-08-07T20:31:50.512+0300][15,880s][info][gc] GC(897) Pause Young (Allocation Failure) 79M->2M(251M) 1,379ms
[2024-08-07T20:31:50.528+0300][15,895s][info][gc] GC(898) Pause Young (Allocation Failure) 78M->2M(251M) 1,138ms
[2024-08-07T20:31:50.543+0300][15,911s][info][gc] GC(899) Pause Young (Allocation Failure) 78M->2M(251M) 1,029ms
[2024-08-07T20:31:50.558+0300][15,926s][info][gc] GC(900) Pause Young (Allocation Failure) 78M->2M(251M) 0,753ms
[2024-08-07T20:31:50.576+0300][15,944s][info][gc] GC(901) Pause Young (Allocation Failure) 78M->5M(250M) 3,935ms
[2024-08-07T20:31:50.595+0300][15,963s][info][gc] GC(902) Pause Young (Allocation Failure) 80M->5M(251M) 3,860ms
[2024-08-07T20:31:50.611+0300][15,979s][info][gc] GC(903) Pause Young (Allocation Failure) 80M->5M(251M) 2,636ms
[2024-08-07T20:31:50.629+0300][15,997s][info][gc] GC(904) Pause Young (Allocation Failure) 80M->4M(251M) 2,725ms
[2024-08-07T20:31:50.646+0300][16,014s][info][gc] GC(905) Pause Young (Allocation Failure) 79M->4M(251M) 3,005ms
[2024-08-07T20:31:50.664+0300][16,031s][info][gc] GC(906) Pause Young (Allocation Failure) 79M->4M(251M) 2,743ms
[2024-08-07T20:31:50.681+0300][16,049s][info][gc] GC(907) Pause Young (Allocation Failure) 79M->4M(251M) 3,182ms
[2024-08-07T20:31:50.699+0300][16,067s][info][gc] GC(908) Pause Young (Allocation Failure) 80M->4M(251M) 3,057ms
[2024-08-07T20:31:50.717+0300][16,085s][info][gc] GC(909) Pause Young (Allocation Failure) 80M->4M(252M) 3,249ms
[2024-08-07T20:31:50.735+0300][16,103s][info][gc] GC(910) Pause Young (Allocation Failure) 81M->4M(252M) 3,490ms
[2024-08-07T20:31:50.754+0300][16,122s][info][gc] GC(911) Pause Young (Allocation Failure) 81M->4M(252M) 3,257ms
[2024-08-07T20:31:50.772+0300][16,140s][info][gc] GC(912) Pause Young (Allocation Failure) 81M->4M(252M) 3,197ms
[2024-08-07T20:31:50.790+0300][16,158s][info][gc] GC(913) Pause Young (Allocation Failure) 82M->4M(252M) 3,521ms
[2024-08-07T20:31:50.809+0300][16,177s][info][gc] GC(914) Pause Young (Allocation Failure) 82M->5M(252M) 3,288ms
[2024-08-07T20:31:50.827+0300][16,195s][info][gc] GC(915) Pause Young (Allocation Failure) 83M->5M(251M) 2,797ms
[2024-08-07T20:31:50.846+0300][16,213s][info][gc] GC(916) Pause Young (Allocation Failure) 82M->5M(252M) 3,911ms
[2024-08-07T20:31:50.865+0300][16,232s][info][gc] GC(917) Pause Young (Allocation Failure) 82M->5M(251M) 3,805ms
[2024-08-07T20:31:50.883+0300][16,251s][info][gc] GC(918) Pause Young (Allocation Failure) 81M->5M(251M) 4,112ms
[2024-08-07T20:31:50.902+0300][16,270s][info][gc] GC(919) Pause Young (Allocation Failure) 81M->5M(251M) 3,937ms
[2024-08-07T20:31:50.919+0300][16,287s][info][gc] GC(920) Pause Young (Allocation Failure) 81M->5M(251M) 2,665ms
[2024-08-07T20:31:50.938+0300][16,305s][info][gc] GC(921) Pause Young (Allocation Failure) 81M->5M(251M) 3,864ms
[2024-08-07T20:31:50.956+0300][16,324s][info][gc] GC(922) Pause Young (Allocation Failure) 81M->5M(251M) 3,653ms
[2024-08-07T20:31:50.974+0300][16,342s][info][gc] GC(923) Pause Young (Allocation Failure) 81M->5M(251M) 3,367ms
[2024-08-07T20:31:50.992+0300][16,360s][info][gc] GC(924) Pause Young (Allocation Failure) 81M->5M(251M) 3,258ms
[2024-08-07T20:31:51.011+0300][16,378s][info][gc] GC(925) Pause Young (Allocation Failure) 81M->5M(252M) 3,300ms
[2024-08-07T20:31:51.029+0300][16,396s][info][gc] GC(926) Pause Young (Allocation Failure) 81M->5M(251M) 3,290ms
[2024-08-07T20:31:51.047+0300][16,414s][info][gc] GC(927) Pause Young (Allocation Failure) 81M->5M(252M) 3,055ms
[2024-08-07T20:31:51.066+0300][16,433s][info][gc] GC(928) Pause Young (Allocation Failure) 82M->5M(252M) 3,780ms
[2024-08-07T20:31:51.084+0300][16,452s][info][gc] GC(929) Pause Young (Allocation Failure) 82M->5M(252M) 3,877ms
[2024-08-07T20:31:51.103+0300][16,471s][info][gc] GC(930) Pause Young (Allocation Failure) 82M->5M(252M) 3,927ms
[2024-08-07T20:31:51.119+0300][16,487s][info][gc] GC(931) Pause Young (Allocation Failure) 82M->2M(251M) 0,621ms
[2024-08-07T20:31:51.137+0300][16,505s][info][gc] GC(932) Pause Young (Allocation Failure) 78M->5M(251M) 3,807ms
[2024-08-07T20:31:51.156+0300][16,523s][info][gc] GC(933) Pause Young (Allocation Failure) 81M->5M(251M) 3,965ms
[2024-08-07T20:31:51.174+0300][16,542s][info][gc] GC(934) Pause Young (Allocation Failure) 81M->5M(251M) 3,943ms
[2024-08-07T20:31:51.193+0300][16,561s][info][gc] GC(935) Pause Young (Allocation Failure) 81M->5M(251M) 4,097ms
[2024-08-07T20:31:51.212+0300][16,580s][info][gc] GC(936) Pause Young (Allocation Failure) 81M->5M(251M) 3,844ms
[2024-08-07T20:31:51.230+0300][16,597s][info][gc] GC(937) Pause Young (Allocation Failure) 81M->5M(251M) 2,958ms
[2024-08-07T20:31:51.248+0300][16,616s][info][gc] GC(938) Pause Young (Allocation Failure) 81M->5M(251M) 3,418ms
[2024-08-07T20:31:51.266+0300][16,634s][info][gc] GC(939) Pause Young (Allocation Failure) 81M->5M(252M) 3,426ms
[2024-08-07T20:31:51.285+0300][16,652s][info][gc] GC(940) Pause Young (Allocation Failure) 82M->5M(252M) 3,659ms
[2024-08-07T20:31:51.303+0300][16,671s][info][gc] GC(941) Pause Young (Allocation Failure) 82M->5M(252M) 3,779ms
[2024-08-07T20:31:51.323+0300][16,690s][info][gc] GC(942) Pause Young (Allocation Failure) 82M->5M(252M) 4,128ms
[2024-08-07T20:31:51.338+0300][16,706s][info][gc] GC(943) Pause Young (Allocation Failure) 82M->2M(251M) 0,929ms
[2024-08-07T20:31:51.357+0300][16,724s][info][gc] GC(944) Pause Young (Allocation Failure) 78M->5M(251M) 4,105ms
[2024-08-07T20:31:51.376+0300][16,743s][info][gc] GC(945) Pause Young (Allocation Failure) 81M->5M(251M) 3,970ms
[2024-08-07T20:31:51.394+0300][16,762s][info][gc] GC(946) Pause Young (Allocation Failure) 81M->5M(251M) 3,699ms
[2024-08-07T20:31:51.413+0300][16,780s][info][gc] GC(947) Pause Young (Allocation Failure) 81M->5M(251M) 3,814ms
[2024-08-07T20:31:51.431+0300][16,799s][info][gc] GC(948) Pause Young (Allocation Failure) 81M->5M(251M) 3,644ms
[2024-08-07T20:31:51.450+0300][16,818s][info][gc] GC(949) Pause Young (Allocation Failure) 81M->5M(252M) 3,882ms
[2024-08-07T20:31:51.469+0300][16,837s][info][gc] GC(950) Pause Young (Allocation Failure) 81M->5M(251M) 3,798ms
[2024-08-07T20:31:51.487+0300][16,855s][info][gc] GC(951) Pause Young (Allocation Failure) 82M->5M(252M) 3,869ms
[2024-08-07T20:31:51.506+0300][16,874s][info][gc] GC(952) Pause Young (Allocation Failure) 82M->5M(252M) 3,958ms
[2024-08-07T20:31:51.525+0300][16,893s][info][gc] GC(953) Pause Young (Allocation Failure) 82M->5M(252M) 4,215ms
[2024-08-07T20:31:51.541+0300][16,909s][info][gc] GC(954) Pause Young (Allocation Failure) 82M->2M(248M) 0,980ms
[2024-08-07T20:31:51.558+0300][16,925s][info][gc] GC(955) Pause Young (Allocation Failure) 79M->3M(251M) 2,317ms
[2024-08-07T20:31:51.574+0300][16,941s][info][gc] GC(956) Pause Young (Allocation Failure) 79M->2M(247M) 1,837ms
[2024-08-07T20:31:51.590+0300][16,957s][info][gc] GC(957) Pause Young (Allocation Failure) 78M->2M(251M) 1,421ms
[2024-08-07T20:31:51.608+0300][16,976s][info][gc] GC(958) Pause Young (Allocation Failure) 77M->5M(251M) 4,012ms
[2024-08-07T20:31:51.626+0300][16,994s][info][gc] GC(959) Pause Young (Allocation Failure) 80M->5M(251M) 3,725ms
[2024-08-07T20:31:51.644+0300][17,011s][info][gc] GC(960) Pause Young (Allocation Failure) 80M->5M(251M) 3,141ms
[2024-08-07T20:31:51.662+0300][17,030s][info][gc] GC(961) Pause Young (Allocation Failure) 80M->4M(251M) 3,627ms
[2024-08-07T20:31:51.680+0300][17,048s][info][gc] GC(962) Pause Young (Allocation Failure) 80M->4M(251M) 3,513ms
[2024-08-07T20:31:51.698+0300][17,066s][info][gc] GC(963) Pause Young (Allocation Failure) 80M->4M(251M) 3,561ms
[2024-08-07T20:31:51.716+0300][17,084s][info][gc] GC(964) Pause Young (Allocation Failure) 80M->4M(251M) 3,447ms
[2024-08-07T20:31:51.734+0300][17,102s][info][gc] GC(965) Pause Young (Allocation Failure) 80M->4M(252M) 3,457ms
[2024-08-07T20:31:51.753+0300][17,121s][info][gc] GC(966) Pause Young (Allocation Failure) 81M->4M(252M) 3,718ms
[2024-08-07T20:31:51.771+0300][17,139s][info][gc] GC(967) Pause Young (Allocation Failure) 81M->4M(252M) 3,452ms
[2024-08-07T20:31:51.790+0300][17,158s][info][gc] GC(968) Pause Young (Allocation Failure) 82M->4M(252M) 3,687ms
[2024-08-07T20:31:51.809+0300][17,177s][info][gc] GC(969) Pause Young (Allocation Failure) 82M->5M(252M) 3,603ms
[2024-08-07T20:31:51.827+0300][17,195s][info][gc] GC(970) Pause Young (Allocation Failure) 83M->5M(252M) 3,118ms
[2024-08-07T20:31:51.842+0300][17,210s][info][gc] GC(971) Pause Young (Allocation Failure) 83M->2M(252M) 0,670ms
[2024-08-07T20:31:51.858+0300][17,226s][info][gc] GC(972) Pause Young (Allocation Failure) 79M->2M(252M) 1,390ms
[2024-08-07T20:31:51.875+0300][17,242s][info][gc] GC(973) Pause Young (Allocation Failure) 79M->3M(252M) 1,981ms
[2024-08-07T20:31:51.892+0300][17,259s][info][gc] GC(974) Pause Young (Allocation Failure) 80M->3M(252M) 2,311ms
[2024-08-07T20:31:51.909+0300][17,276s][info][gc] GC(975) Pause Young (Allocation Failure) 80M->3M(252M) 2,816ms
[2024-08-07T20:31:51.926+0300][17,293s][info][gc] GC(976) Pause Young (Allocation Failure) 80M->3M(252M) 2,400ms
[2024-08-07T20:31:51.942+0300][17,310s][info][gc] GC(977) Pause Young (Allocation Failure) 80M->3M(252M) 1,840ms
[2024-08-07T20:31:51.959+0300][17,327s][info][gc] GC(978) Pause Young (Allocation Failure) 80M->3M(252M) 2,366ms
[2024-08-07T20:31:51.977+0300][17,345s][info][gc] GC(979) Pause Young (Allocation Failure) 80M->3M(252M) 2,912ms
[2024-08-07T20:31:51.995+0300][17,363s][info][gc] GC(980) Pause Young (Allocation Failure) 81M->4M(252M) 2,984ms
[2024-08-07T20:31:52.013+0300][17,381s][info][gc] GC(981) Pause Young (Allocation Failure) 82M->4M(252M) 3,668ms
[2024-08-07T20:31:52.032+0300][17,399s][info][gc] GC(982) Pause Young (Allocation Failure) 82M->4M(252M) 2,984ms
[2024-08-07T20:31:52.050+0300][17,418s][info][gc] GC(983) Pause Young (Allocation Failure) 82M->5M(252M) 3,436ms
[2024-08-07T20:31:52.069+0300][17,436s][info][gc] GC(984) Pause Young (Allocation Failure) 83M->5M(252M) 3,528ms
[2024-08-07T20:31:52.084+0300][17,452s][info][gc] GC(985) Pause Young (Allocation Failure) 83M->2M(252M) 0,636ms
[2024-08-07T20:31:52.100+0300][17,468s][info][gc] GC(986) Pause Young (Allocation Failure) 79M->2M(252M) 1,196ms
[2024-08-07T20:31:52.116+0300][17,484s][info][gc] GC(987) Pause Young (Allocation Failure) 79M->3M(252M) 1,558ms
[2024-08-07T20:31:52.132+0300][17,500s][info][gc] GC(988) Pause Young (Allocation Failure) 80M->3M(252M) 2,025ms
[2024-08-07T20:31:52.149+0300][17,517s][info][gc] GC(989) Pause Young (Allocation Failure) 80M->3M(252M) 1,953ms
[2024-08-07T20:31:52.165+0300][17,533s][info][gc] GC(990) Pause Young (Allocation Failure) 80M->3M(252M) 1,774ms
[2024-08-07T20:31:52.183+0300][17,551s][info][gc] GC(991) Pause Young (Allocation Failure) 81M->3M(252M) 3,564ms
[2024-08-07T20:31:52.201+0300][17,568s][info][gc] GC(992) Pause Young (Allocation Failure) 81M->4M(252M) 2,422ms
[2024-08-07T20:31:52.218+0300][17,585s][info][gc] GC(993) Pause Young (Allocation Failure) 82M->4M(252M) 2,464ms
[2024-08-07T20:31:52.235+0300][17,603s][info][gc] GC(994) Pause Young (Allocation Failure) 82M->4M(252M) 3,043ms
[2024-08-07T20:31:52.252+0300][17,620s][info][gc] GC(995) Pause Young (Allocation Failure) 82M->5M(252M) 2,199ms
[2024-08-07T20:31:52.270+0300][17,637s][info][gc] GC(996) Pause Young (Allocation Failure) 83M->5M(252M) 2,813ms
