[2024-08-07T20:32:42.871+0300][0.005s][info][gc] Using Parallel
[2024-08-07T20:32:43.137+0300][0,270s][info][gc] GC(0) Pause Young (Allocation Failure) 193M->4M(736M) 5,463ms
[2024-08-07T20:32:43.178+0300][0,312s][info][gc] GC(1) Pause Young (Allocation Failure) 196M->2M(736M) 1,897ms
[2024-08-07T20:32:43.218+0300][0,351s][info][gc] GC(2) Pause Young (Allocation Failure) 194M->4M(736M) 3,301ms
[2024-08-07T20:32:43.256+0300][0,389s][info][gc] GC(3) Pause Young (Allocation Failure) 196M->3M(736M) 1,888ms
[2024-08-07T20:32:43.295+0300][0,428s][info][gc] GC(4) Pause Young (Allocation Failure) 195M->4M(736M) 3,769ms
[2024-08-07T20:32:43.334+0300][0,467s][info][gc] GC(5) Pause Young (Allocation Failure) 196M->3M(763M) 3,254ms
[2024-08-07T20:32:43.405+0300][0,539s][info][gc] GC(6) Pause Young (Allocation Failure) 250M->4M(763M) 4,462ms
[2024-08-07T20:32:43.460+0300][0,593s][info][gc] GC(7) Pause Young (Allocation Failure) 251M->4M(763M) 4,338ms
[2024-08-07T20:32:43.511+0300][0,644s][info][gc] GC(8) Pause Young (Allocation Failure) 251M->5M(763M) 4,273ms
[2024-08-07T20:32:43.559+0300][0,693s][info][gc] GC(9) Pause Young (Allocation Failure) 252M->2M(763M) 2,112ms
[2024-08-07T20:32:43.609+0300][0,743s][info][gc] GC(10) Pause Young (Allocation Failure) 249M->3M(763M) 3,091ms
[2024-08-07T20:32:43.660+0300][0,793s][info][gc] GC(11) Pause Young (Allocation Failure) 250M->3M(763M) 3,776ms
[2024-08-07T20:32:43.711+0300][0,844s][info][gc] GC(12) Pause Young (Allocation Failure) 250M->4M(763M) 4,363ms
[2024-08-07T20:32:43.762+0300][0,896s][info][gc] GC(13) Pause Young (Allocation Failure) 251M->5M(763M) 4,486ms
[2024-08-07T20:32:43.810+0300][0,943s][info][gc] GC(14) Pause Young (Allocation Failure) 252M->2M(763M) 0,846ms
[2024-08-07T20:32:43.859+0300][0,992s][info][gc] GC(15) Pause Young (Allocation Failure) 249M->3M(763M) 2,455ms
[2024-08-07T20:32:43.909+0300][1,043s][info][gc] GC(16) Pause Young (Allocation Failure) 250M->3M(763M) 4,254ms
[2024-08-07T20:32:43.961+0300][1,095s][info][gc] GC(17) Pause Young (Allocation Failure) 250M->4M(764M) 4,138ms
[2024-08-07T20:32:44.012+0300][1,146s][info][gc] GC(18) Pause Young (Allocation Failure) 251M->4M(763M) 4,372ms
[2024-08-07T20:32:44.060+0300][1,193s][info][gc] GC(19) Pause Young (Allocation Failure) 252M->2M(764M) 0,579ms
[2024-08-07T20:32:44.110+0300][1,244s][info][gc] GC(20) Pause Young (Allocation Failure) 250M->3M(764M) 4,374ms
[2024-08-07T20:32:44.161+0300][1,295s][info][gc] GC(21) Pause Young (Allocation Failure) 251M->4M(764M) 4,082ms
[2024-08-07T20:32:44.213+0300][1,346s][info][gc] GC(22) Pause Young (Allocation Failure) 252M->4M(764M) 4,272ms
[2024-08-07T20:32:44.261+0300][1,394s][info][gc] GC(23) Pause Young (Allocation Failure) 252M->2M(764M) 0,702ms
[2024-08-07T20:32:44.311+0300][1,445s][info][gc] GC(24) Pause Young (Allocation Failure) 250M->3M(764M) 4,315ms
[2024-08-07T20:32:44.363+0300][1,496s][info][gc] GC(25) Pause Young (Allocation Failure) 251M->4M(764M) 4,244ms
[2024-08-07T20:32:44.414+0300][1,547s][info][gc] GC(26) Pause Young (Allocation Failure) 252M->4M(764M) 4,030ms
[2024-08-07T20:32:44.461+0300][1,595s][info][gc] GC(27) Pause Young (Allocation Failure) 252M->2M(764M) 0,792ms
[2024-08-07T20:32:44.513+0300][1,646s][info][gc] GC(28) Pause Young (Allocation Failure) 250M->3M(764M) 4,499ms
[2024-08-07T20:32:44.564+0300][1,698s][info][gc] GC(29) Pause Young (Allocation Failure) 251M->4M(764M) 4,220ms
[2024-08-07T20:32:44.616+0300][1,749s][info][gc] GC(30) Pause Young (Allocation Failure) 252M->4M(764M) 4,207ms
[2024-08-07T20:32:44.665+0300][1,798s][info][gc] GC(31) Pause Young (Allocation Failure) 253M->2M(764M) 2,217ms
[2024-08-07T20:32:44.715+0300][1,849s][info][gc] GC(32) Pause Young (Allocation Failure) 250M->3M(764M) 4,116ms
[2024-08-07T20:32:44.767+0300][1,900s][info][gc] GC(33) Pause Young (Allocation Failure) 251M->4M(764M) 4,049ms
[2024-08-07T20:32:44.818+0300][1,951s][info][gc] GC(34) Pause Young (Allocation Failure) 252M->5M(764M) 4,045ms
[2024-08-07T20:32:44.867+0300][2,001s][info][gc] GC(35) Pause Young (Allocation Failure) 253M->3M(764M) 2,577ms
[2024-08-07T20:32:44.918+0300][2,052s][info][gc] GC(36) Pause Young (Allocation Failure) 251M->3M(764M) 4,078ms
[2024-08-07T20:32:44.970+0300][2,103s][info][gc] GC(37) Pause Young (Allocation Failure) 251M->4M(763M) 4,257ms
[2024-08-07T20:32:45.020+0300][2,154s][info][gc] GC(38) Pause Young (Allocation Failure) 252M->5M(764M) 4,112ms
[2024-08-07T20:32:45.070+0300][2,204s][info][gc] GC(39) Pause Young (Allocation Failure) 253M->3M(764M) 2,726ms
[2024-08-07T20:32:45.122+0300][2,255s][info][gc] GC(40) Pause Young (Allocation Failure) 251M->3M(764M) 4,175ms
[2024-08-07T20:32:45.173+0300][2,306s][info][gc] GC(41) Pause Young (Allocation Failure) 251M->4M(764M) 4,003ms
[2024-08-07T20:32:45.224+0300][2,358s][info][gc] GC(42) Pause Young (Allocation Failure) 252M->5M(764M) 4,300ms
[2024-08-07T20:32:45.274+0300][2,408s][info][gc] GC(43) Pause Young (Allocation Failure) 253M->3M(764M) 2,727ms
[2024-08-07T20:32:45.326+0300][2,459s][info][gc] GC(44) Pause Young (Allocation Failure) 251M->3M(764M) 4,418ms
[2024-08-07T20:32:45.377+0300][2,510s][info][gc] GC(45) Pause Young (Allocation Failure) 251M->4M(764M) 4,001ms
[2024-08-07T20:32:45.428+0300][2,562s][info][gc] GC(46) Pause Young (Allocation Failure) 252M->5M(764M) 4,467ms
[2024-08-07T20:32:45.477+0300][2,611s][info][gc] GC(47) Pause Young (Allocation Failure) 253M->3M(764M) 2,787ms
[2024-08-07T20:32:45.529+0300][2,662s][info][gc] GC(48) Pause Young (Allocation Failure) 251M->3M(764M) 4,265ms
[2024-08-07T20:32:45.583+0300][2,717s][info][gc] GC(49) Pause Young (Allocation Failure) 251M->4M(764M) 4,197ms
[2024-08-07T20:32:45.634+0300][2,768s][info][gc] GC(50) Pause Young (Allocation Failure) 252M->5M(764M) 4,128ms
[2024-08-07T20:32:45.684+0300][2,817s][info][gc] GC(51) Pause Young (Allocation Failure) 253M->3M(764M) 2,738ms
[2024-08-07T20:32:45.735+0300][2,869s][info][gc] GC(52) Pause Young (Allocation Failure) 251M->3M(764M) 4,362ms
[2024-08-07T20:32:45.786+0300][2,920s][info][gc] GC(53) Pause Young (Allocation Failure) 251M->4M(764M) 4,328ms
[2024-08-07T20:32:45.838+0300][2,971s][info][gc] GC(54) Pause Young (Allocation Failure) 252M->5M(763M) 4,413ms
[2024-08-07T20:32:45.887+0300][3,021s][info][gc] GC(55) Pause Young (Allocation Failure) 253M->3M(764M) 2,931ms
[2024-08-07T20:32:45.939+0300][3,072s][info][gc] GC(56) Pause Young (Allocation Failure) 250M->3M(763M) 4,065ms
[2024-08-07T20:32:45.989+0300][3,123s][info][gc] GC(57) Pause Young (Allocation Failure) 251M->4M(764M) 4,046ms
[2024-08-07T20:32:46.040+0300][3,174s][info][gc] GC(58) Pause Young (Allocation Failure) 252M->5M(764M) 4,092ms
[2024-08-07T20:32:46.090+0300][3,223s][info][gc] GC(59) Pause Young (Allocation Failure) 253M->2M(764M) 2,487ms
[2024-08-07T20:32:46.141+0300][3,275s][info][gc] GC(60) Pause Young (Allocation Failure) 250M->3M(764M) 4,328ms
[2024-08-07T20:32:46.194+0300][3,327s][info][gc] GC(61) Pause Young (Allocation Failure) 251M->4M(764M) 4,427ms
[2024-08-07T20:32:46.245+0300][3,378s][info][gc] GC(62) Pause Young (Allocation Failure) 252M->5M(764M) 3,979ms
[2024-08-07T20:32:46.294+0300][3,427s][info][gc] GC(63) Pause Young (Allocation Failure) 253M->2M(764M) 2,545ms
[2024-08-07T20:32:46.346+0300][3,479s][info][gc] GC(64) Pause Young (Allocation Failure) 250M->3M(764M) 4,326ms
[2024-08-07T20:32:46.396+0300][3,530s][info][gc] GC(65) Pause Young (Allocation Failure) 251M->4M(764M) 3,806ms
[2024-08-07T20:32:46.448+0300][3,582s][info][gc] GC(66) Pause Young (Allocation Failure) 252M->5M(764M) 4,297ms
[2024-08-07T20:32:46.497+0300][3,631s][info][gc] GC(67) Pause Young (Allocation Failure) 253M->2M(764M) 2,521ms
[2024-08-07T20:32:46.548+0300][3,682s][info][gc] GC(68) Pause Young (Allocation Failure) 250M->3M(764M) 4,082ms
[2024-08-07T20:32:46.599+0300][3,732s][info][gc] GC(69) Pause Young (Allocation Failure) 251M->4M(764M) 3,446ms
[2024-08-07T20:32:46.650+0300][3,783s][info][gc] GC(70) Pause Young (Allocation Failure) 252M->5M(764M) 4,014ms
[2024-08-07T20:32:46.699+0300][3,833s][info][gc] GC(71) Pause Young (Allocation Failure) 253M->2M(764M) 2,516ms
[2024-08-07T20:32:46.750+0300][3,883s][info][gc] GC(72) Pause Young (Allocation Failure) 250M->3M(764M) 4,300ms
[2024-08-07T20:32:46.801+0300][3,935s][info][gc] GC(73) Pause Young (Allocation Failure) 251M->4M(764M) 4,311ms
[2024-08-07T20:32:46.852+0300][3,986s][info][gc] GC(74) Pause Young (Allocation Failure) 252M->5M(764M) 4,226ms
[2024-08-07T20:32:46.902+0300][4,035s][info][gc] GC(75) Pause Young (Allocation Failure) 253M->2M(764M) 2,546ms
[2024-08-07T20:32:46.954+0300][4,087s][info][gc] GC(76) Pause Young (Allocation Failure) 250M->3M(764M) 4,366ms
[2024-08-07T20:32:47.005+0300][4,138s][info][gc] GC(77) Pause Young (Allocation Failure) 251M->4M(764M) 4,229ms
[2024-08-07T20:32:47.056+0300][4,189s][info][gc] GC(78) Pause Young (Allocation Failure) 252M->5M(764M) 3,794ms
[2024-08-07T20:32:47.105+0300][4,238s][info][gc] GC(79) Pause Young (Allocation Failure) 253M->3M(764M) 2,540ms
[2024-08-07T20:32:47.156+0300][4,289s][info][gc] GC(80) Pause Young (Allocation Failure) 251M->3M(764M) 4,198ms
[2024-08-07T20:32:47.210+0300][4,343s][info][gc] GC(81) Pause Young (Allocation Failure) 251M->4M(764M) 4,173ms
[2024-08-07T20:32:47.261+0300][4,394s][info][gc] GC(82) Pause Young (Allocation Failure) 252M->5M(764M) 3,858ms
[2024-08-07T20:32:47.310+0300][4,444s][info][gc] GC(83) Pause Young (Allocation Failure) 253M->3M(764M) 2,629ms
[2024-08-07T20:32:47.361+0300][4,495s][info][gc] GC(84) Pause Young (Allocation Failure) 251M->3M(764M) 4,106ms
[2024-08-07T20:32:47.412+0300][4,545s][info][gc] GC(85) Pause Young (Allocation Failure) 251M->4M(764M) 4,072ms
[2024-08-07T20:32:47.464+0300][4,597s][info][gc] GC(86) Pause Young (Allocation Failure) 252M->5M(764M) 4,217ms
[2024-08-07T20:32:47.513+0300][4,647s][info][gc] GC(87) Pause Young (Allocation Failure) 253M->3M(764M) 2,452ms
[2024-08-07T20:32:47.564+0300][4,698s][info][gc] GC(88) Pause Young (Allocation Failure) 251M->3M(764M) 4,101ms
[2024-08-07T20:32:47.615+0300][4,749s][info][gc] GC(89) Pause Young (Allocation Failure) 251M->4M(764M) 4,201ms
[2024-08-07T20:32:47.666+0300][4,799s][info][gc] GC(90) Pause Young (Allocation Failure) 252M->5M(764M) 4,243ms
[2024-08-07T20:32:47.715+0300][4,849s][info][gc] GC(91) Pause Young (Allocation Failure) 253M->3M(764M) 2,692ms
[2024-08-07T20:32:47.766+0300][4,900s][info][gc] GC(92) Pause Young (Allocation Failure) 251M->3M(764M) 4,427ms
[2024-08-07T20:32:47.818+0300][4,951s][info][gc] GC(93) Pause Young (Allocation Failure) 251M->4M(764M) 4,281ms
[2024-08-07T20:32:47.869+0300][5,002s][info][gc] GC(94) Pause Young (Allocation Failure) 252M->5M(764M) 4,201ms
[2024-08-07T20:32:47.918+0300][5,052s][info][gc] GC(95) Pause Young (Allocation Failure) 253M->3M(764M) 2,534ms
[2024-08-07T20:32:47.968+0300][5,102s][info][gc] GC(96) Pause Young (Allocation Failure) 251M->3M(764M) 3,560ms
[2024-08-07T20:32:48.019+0300][5,152s][info][gc] GC(97) Pause Young (Allocation Failure) 251M->4M(764M) 3,909ms
[2024-08-07T20:32:48.070+0300][5,204s][info][gc] GC(98) Pause Young (Allocation Failure) 252M->5M(764M) 4,308ms
[2024-08-07T20:32:48.119+0300][5,253s][info][gc] GC(99) Pause Young (Allocation Failure) 253M->3M(764M) 2,311ms
[2024-08-07T20:32:48.169+0300][5,303s][info][gc] GC(100) Pause Young (Allocation Failure) 251M->3M(764M) 3,658ms
[2024-08-07T20:32:48.221+0300][5,354s][info][gc] GC(101) Pause Young (Allocation Failure) 251M->4M(764M) 4,263ms
[2024-08-07T20:32:48.272+0300][5,405s][info][gc] GC(102) Pause Young (Allocation Failure) 252M->5M(764M) 4,139ms
[2024-08-07T20:32:48.321+0300][5,454s][info][gc] GC(103) Pause Young (Allocation Failure) 253M->3M(764M) 2,768ms
[2024-08-07T20:32:48.371+0300][5,504s][info][gc] GC(104) Pause Young (Allocation Failure) 251M->3M(764M) 3,172ms
[2024-08-07T20:32:48.421+0300][5,555s][info][gc] GC(105) Pause Young (Allocation Failure) 251M->4M(764M) 4,334ms
[2024-08-07T20:32:48.472+0300][5,605s][info][gc] GC(106) Pause Young (Allocation Failure) 252M->5M(763M) 3,783ms
[2024-08-07T20:32:48.521+0300][5,655s][info][gc] GC(107) Pause Young (Allocation Failure) 253M->3M(764M) 2,477ms
[2024-08-07T20:32:48.572+0300][5,705s][info][gc] GC(108) Pause Young (Allocation Failure) 250M->3M(763M) 4,191ms
[2024-08-07T20:32:48.622+0300][5,756s][info][gc] GC(109) Pause Young (Allocation Failure) 251M->4M(764M) 4,112ms
[2024-08-07T20:32:48.673+0300][5,807s][info][gc] GC(110) Pause Young (Allocation Failure) 252M->5M(764M) 3,877ms
[2024-08-07T20:32:48.722+0300][5,856s][info][gc] GC(111) Pause Young (Allocation Failure) 253M->2M(764M) 2,532ms
[2024-08-07T20:32:48.773+0300][5,907s][info][gc] GC(112) Pause Young (Allocation Failure) 250M->3M(764M) 4,081ms
[2024-08-07T20:32:48.824+0300][5,958s][info][gc] GC(113) Pause Young (Allocation Failure) 251M->4M(764M) 4,209ms
[2024-08-07T20:32:48.875+0300][6,009s][info][gc] GC(114) Pause Young (Allocation Failure) 252M->5M(764M) 4,140ms
[2024-08-07T20:32:48.925+0300][6,058s][info][gc] GC(115) Pause Young (Allocation Failure) 253M->2M(764M) 2,280ms
[2024-08-07T20:32:48.976+0300][6,109s][info][gc] GC(116) Pause Young (Allocation Failure) 250M->3M(764M) 4,307ms
[2024-08-07T20:32:49.027+0300][6,160s][info][gc] GC(117) Pause Young (Allocation Failure) 251M->4M(764M) 4,297ms
[2024-08-07T20:32:49.078+0300][6,211s][info][gc] GC(118) Pause Young (Allocation Failure) 252M->5M(764M) 4,198ms
[2024-08-07T20:32:49.127+0300][6,261s][info][gc] GC(119) Pause Young (Allocation Failure) 253M->2M(764M) 2,598ms
[2024-08-07T20:32:49.178+0300][6,312s][info][gc] GC(120) Pause Young (Allocation Failure) 250M->3M(764M) 4,256ms
[2024-08-07T20:32:49.230+0300][6,363s][info][gc] GC(121) Pause Young (Allocation Failure) 251M->4M(764M) 4,430ms
[2024-08-07T20:32:49.280+0300][6,413s][info][gc] GC(122) Pause Young (Allocation Failure) 252M->5M(764M) 3,551ms
[2024-08-07T20:32:49.330+0300][6,463s][info][gc] GC(123) Pause Young (Allocation Failure) 253M->3M(764M) 2,702ms
[2024-08-07T20:32:49.381+0300][6,514s][info][gc] GC(124) Pause Young (Allocation Failure) 251M->3M(764M) 4,317ms
[2024-08-07T20:32:49.431+0300][6,565s][info][gc] GC(125) Pause Young (Allocation Failure) 251M->4M(764M) 3,867ms
[2024-08-07T20:32:49.483+0300][6,616s][info][gc] GC(126) Pause Young (Allocation Failure) 252M->5M(764M) 4,353ms
[2024-08-07T20:32:49.532+0300][6,666s][info][gc] GC(127) Pause Young (Allocation Failure) 253M->3M(764M) 2,594ms
[2024-08-07T20:32:49.583+0300][6,717s][info][gc] GC(128) Pause Young (Allocation Failure) 251M->3M(764M) 4,300ms
[2024-08-07T20:32:49.633+0300][6,767s][info][gc] GC(129) Pause Young (Allocation Failure) 251M->4M(764M) 3,897ms
[2024-08-07T20:32:49.684+0300][6,818s][info][gc] GC(130) Pause Young (Allocation Failure) 252M->5M(764M) 3,991ms
[2024-08-07T20:32:49.734+0300][6,867s][info][gc] GC(131) Pause Young (Allocation Failure) 253M->3M(764M) 2,595ms
[2024-08-07T20:32:49.784+0300][6,918s][info][gc] GC(132) Pause Young (Allocation Failure) 251M->3M(764M) 4,188ms
[2024-08-07T20:32:49.836+0300][6,969s][info][gc] GC(133) Pause Young (Allocation Failure) 251M->4M(764M) 4,388ms
[2024-08-07T20:32:49.887+0300][7,020s][info][gc] GC(134) Pause Young (Allocation Failure) 252M->5M(764M) 4,271ms
[2024-08-07T20:32:49.936+0300][7,070s][info][gc] GC(135) Pause Young (Allocation Failure) 253M->3M(764M) 2,634ms
[2024-08-07T20:32:49.987+0300][7,120s][info][gc] GC(136) Pause Young (Allocation Failure) 251M->3M(764M) 4,189ms
[2024-08-07T20:32:50.037+0300][7,171s][info][gc] GC(137) Pause Young (Allocation Failure) 251M->4M(764M) 4,274ms
[2024-08-07T20:32:50.088+0300][7,221s][info][gc] GC(138) Pause Young (Allocation Failure) 252M->5M(764M) 3,897ms
[2024-08-07T20:32:50.137+0300][7,271s][info][gc] GC(139) Pause Young (Allocation Failure) 253M->3M(764M) 2,406ms
[2024-08-07T20:32:50.188+0300][7,321s][info][gc] GC(140) Pause Young (Allocation Failure) 251M->3M(764M) 4,203ms
[2024-08-07T20:32:50.238+0300][7,372s][info][gc] GC(141) Pause Young (Allocation Failure) 251M->4M(764M) 4,168ms
[2024-08-07T20:32:50.289+0300][7,422s][info][gc] GC(142) Pause Young (Allocation Failure) 252M->5M(764M) 3,895ms
[2024-08-07T20:32:50.338+0300][7,472s][info][gc] GC(143) Pause Young (Allocation Failure) 253M->3M(764M) 2,552ms
[2024-08-07T20:32:50.388+0300][7,522s][info][gc] GC(144) Pause Young (Allocation Failure) 251M->3M(764M) 3,516ms
[2024-08-07T20:32:50.439+0300][7,573s][info][gc] GC(145) Pause Young (Allocation Failure) 251M->4M(764M) 4,076ms
[2024-08-07T20:32:50.490+0300][7,623s][info][gc] GC(146) Pause Young (Allocation Failure) 252M->5M(764M) 3,760ms
[2024-08-07T20:32:50.539+0300][7,672s][info][gc] GC(147) Pause Young (Allocation Failure) 253M->3M(764M) 2,504ms
[2024-08-07T20:32:50.590+0300][7,723s][info][gc] GC(148) Pause Young (Allocation Failure) 251M->3M(764M) 4,299ms
[2024-08-07T20:32:50.640+0300][7,774s][info][gc] GC(149) Pause Young (Allocation Failure) 251M->4M(764M) 4,244ms
[2024-08-07T20:32:50.691+0300][7,825s][info][gc] GC(150) Pause Young (Allocation Failure) 252M->5M(764M) 4,007ms
[2024-08-07T20:32:50.740+0300][7,874s][info][gc] GC(151) Pause Young (Allocation Failure) 253M->3M(764M) 2,498ms
[2024-08-07T20:32:50.791+0300][7,925s][info][gc] GC(152) Pause Young (Allocation Failure) 251M->3M(764M) 4,097ms
[2024-08-07T20:32:50.843+0300][7,977s][info][gc] GC(153) Pause Young (Allocation Failure) 251M->4M(764M) 4,246ms
[2024-08-07T20:32:50.894+0300][8,027s][info][gc] GC(154) Pause Young (Allocation Failure) 252M->5M(764M) 4,240ms
[2024-08-07T20:32:50.943+0300][8,077s][info][gc] GC(155) Pause Young (Allocation Failure) 253M->3M(764M) 2,788ms
[2024-08-07T20:32:50.994+0300][8,128s][info][gc] GC(156) Pause Young (Allocation Failure) 251M->3M(764M) 4,250ms
[2024-08-07T20:32:51.045+0300][8,178s][info][gc] GC(157) Pause Young (Allocation Failure) 251M->4M(764M) 4,211ms
[2024-08-07T20:32:51.095+0300][8,229s][info][gc] GC(158) Pause Young (Allocation Failure) 252M->5M(764M) 4,065ms
[2024-08-07T20:32:51.145+0300][8,278s][info][gc] GC(159) Pause Young (Allocation Failure) 253M->3M(764M) 2,688ms
[2024-08-07T20:32:51.198+0300][8,331s][info][gc] GC(160) Pause Young (Allocation Failure) 251M->3M(764M) 4,372ms
[2024-08-07T20:32:51.249+0300][8,382s][info][gc] GC(161) Pause Young (Allocation Failure) 251M->4M(764M) 4,236ms
[2024-08-07T20:32:51.300+0300][8,433s][info][gc] GC(162) Pause Young (Allocation Failure) 252M->5M(764M) 3,967ms
[2024-08-07T20:32:51.349+0300][8,483s][info][gc] GC(163) Pause Young (Allocation Failure) 253M->3M(764M) 2,562ms
[2024-08-07T20:32:51.400+0300][8,533s][info][gc] GC(164) Pause Young (Allocation Failure) 251M->3M(764M) 3,771ms
[2024-08-07T20:32:51.451+0300][8,585s][info][gc] GC(165) Pause Young (Allocation Failure) 251M->4M(764M) 3,977ms
[2024-08-07T20:32:51.503+0300][8,636s][info][gc] GC(166) Pause Young (Allocation Failure) 252M->5M(764M) 4,758ms
[2024-08-07T20:32:51.552+0300][8,686s][info][gc] GC(167) Pause Young (Allocation Failure) 253M->3M(764M) 2,650ms
[2024-08-07T20:32:51.603+0300][8,736s][info][gc] GC(168) Pause Young (Allocation Failure) 251M->3M(764M) 4,221ms
[2024-08-07T20:32:51.654+0300][8,787s][info][gc] GC(169) Pause Young (Allocation Failure) 251M->4M(764M) 4,176ms
[2024-08-07T20:32:51.704+0300][8,838s][info][gc] GC(170) Pause Young (Allocation Failure) 252M->5M(764M) 3,975ms
[2024-08-07T20:32:51.753+0300][8,887s][info][gc] GC(171) Pause Young (Allocation Failure) 253M->3M(764M) 2,236ms
[2024-08-07T20:32:51.805+0300][8,938s][info][gc] GC(172) Pause Young (Allocation Failure) 251M->4M(764M) 4,247ms
[2024-08-07T20:32:51.856+0300][8,989s][info][gc] GC(173) Pause Young (Allocation Failure) 252M->4M(764M) 4,289ms
[2024-08-07T20:32:51.906+0300][9,040s][info][gc] GC(174) Pause Young (Allocation Failure) 252M->5M(763M) 4,084ms
[2024-08-07T20:32:51.955+0300][9,089s][info][gc] GC(175) Pause Young (Allocation Failure) 253M->3M(764M) 2,710ms
[2024-08-07T20:32:52.005+0300][9,138s][info][gc] GC(176) Pause Young (Allocation Failure) 250M->3M(763M) 3,935ms
[2024-08-07T20:32:52.056+0300][9,189s][info][gc] GC(177) Pause Young (Allocation Failure) 251M->4M(764M) 4,235ms
[2024-08-07T20:32:52.107+0300][9,240s][info][gc] GC(178) Pause Young (Allocation Failure) 252M->5M(764M) 4,118ms
[2024-08-07T20:32:52.156+0300][9,290s][info][gc] GC(179) Pause Young (Allocation Failure) 253M->3M(764M) 2,471ms
[2024-08-07T20:32:52.207+0300][9,341s][info][gc] GC(180) Pause Young (Allocation Failure) 251M->3M(764M) 4,242ms
[2024-08-07T20:32:52.258+0300][9,391s][info][gc] GC(181) Pause Young (Allocation Failure) 251M->4M(764M) 4,297ms
[2024-08-07T20:32:52.308+0300][9,441s][info][gc] GC(182) Pause Young (Allocation Failure) 252M->5M(764M) 3,980ms
[2024-08-07T20:32:52.357+0300][9,490s][info][gc] GC(183) Pause Young (Allocation Failure) 253M->3M(764M) 2,229ms
[2024-08-07T20:32:52.407+0300][9,541s][info][gc] GC(184) Pause Young (Allocation Failure) 251M->3M(764M) 4,217ms
[2024-08-07T20:32:52.458+0300][9,592s][info][gc] GC(185) Pause Young (Allocation Failure) 251M->4M(764M) 4,367ms
[2024-08-07T20:32:52.509+0300][9,642s][info][gc] GC(186) Pause Young (Allocation Failure) 252M->5M(764M) 4,130ms
[2024-08-07T20:32:52.558+0300][9,691s][info][gc] GC(187) Pause Young (Allocation Failure) 253M->3M(764M) 2,465ms
[2024-08-07T20:32:52.609+0300][9,743s][info][gc] GC(188) Pause Young (Allocation Failure) 251M->3M(764M) 4,301ms
[2024-08-07T20:32:52.659+0300][9,793s][info][gc] GC(189) Pause Young (Allocation Failure) 251M->4M(764M) 3,604ms
[2024-08-07T20:32:52.710+0300][9,843s][info][gc] GC(190) Pause Young (Allocation Failure) 252M->5M(764M) 4,110ms
[2024-08-07T20:32:52.759+0300][9,893s][info][gc] GC(191) Pause Young (Allocation Failure) 253M->3M(764M) 2,624ms
[2024-08-07T20:32:52.810+0300][9,944s][info][gc] GC(192) Pause Young (Allocation Failure) 251M->3M(764M) 4,280ms
[2024-08-07T20:32:52.861+0300][9,995s][info][gc] GC(193) Pause Young (Allocation Failure) 251M->4M(764M) 4,264ms
[2024-08-07T20:32:52.912+0300][10,045s][info][gc] GC(194) Pause Young (Allocation Failure) 252M->5M(764M) 4,109ms
[2024-08-07T20:32:52.960+0300][10,094s][info][gc] GC(195) Pause Young (Allocation Failure) 253M->3M(764M) 2,073ms
[2024-08-07T20:32:53.010+0300][10,144s][info][gc] GC(196) Pause Young (Allocation Failure) 251M->3M(764M) 3,631ms
[2024-08-07T20:32:53.060+0300][10,194s][info][gc] GC(197) Pause Young (Allocation Failure) 251M->4M(764M) 3,821ms
[2024-08-07T20:32:53.111+0300][10,244s][info][gc] GC(198) Pause Young (Allocation Failure) 252M->5M(764M) 3,433ms
[2024-08-07T20:32:53.160+0300][10,294s][info][gc] GC(199) Pause Young (Allocation Failure) 253M->3M(764M) 2,662ms
[2024-08-07T20:32:53.211+0300][10,345s][info][gc] GC(200) Pause Young (Allocation Failure) 251M->3M(764M) 4,251ms
[2024-08-07T20:32:53.263+0300][10,396s][info][gc] GC(201) Pause Young (Allocation Failure) 251M->4M(764M) 4,236ms
[2024-08-07T20:32:53.314+0300][10,448s][info][gc] GC(202) Pause Young (Allocation Failure) 252M->5M(764M) 4,107ms
[2024-08-07T20:32:53.364+0300][10,497s][info][gc] GC(203) Pause Young (Allocation Failure) 253M->3M(764M) 2,781ms
[2024-08-07T20:32:53.415+0300][10,548s][info][gc] GC(204) Pause Young (Allocation Failure) 251M->3M(764M) 4,261ms
[2024-08-07T20:32:53.465+0300][10,598s][info][gc] GC(205) Pause Young (Allocation Failure) 251M->4M(764M) 4,172ms
[2024-08-07T20:32:53.516+0300][10,649s][info][gc] GC(206) Pause Young (Allocation Failure) 252M->5M(764M) 4,064ms
[2024-08-07T20:32:53.565+0300][10,699s][info][gc] GC(207) Pause Young (Allocation Failure) 253M->3M(764M) 2,563ms
[2024-08-07T20:32:53.617+0300][10,750s][info][gc] GC(208) Pause Young (Allocation Failure) 251M->3M(764M) 4,335ms
[2024-08-07T20:32:53.668+0300][10,801s][info][gc] GC(209) Pause Young (Allocation Failure) 251M->4M(764M) 4,159ms
[2024-08-07T20:32:53.718+0300][10,852s][info][gc] GC(210) Pause Young (Allocation Failure) 252M->5M(764M) 4,091ms
[2024-08-07T20:32:53.768+0300][10,901s][info][gc] GC(211) Pause Young (Allocation Failure) 253M->3M(764M) 2,566ms
[2024-08-07T20:32:53.818+0300][10,952s][info][gc] GC(212) Pause Young (Allocation Failure) 251M->4M(764M) 4,398ms
[2024-08-07T20:32:53.869+0300][11,003s][info][gc] GC(213) Pause Young (Allocation Failure) 252M->4M(764M) 4,133ms
[2024-08-07T20:32:53.919+0300][11,053s][info][gc] GC(214) Pause Young (Allocation Failure) 252M->5M(764M) 3,315ms
[2024-08-07T20:32:53.969+0300][11,103s][info][gc] GC(215) Pause Young (Allocation Failure) 253M->3M(764M) 2,026ms
[2024-08-07T20:32:54.023+0300][11,156s][info][gc] GC(216) Pause Young (Allocation Failure) 251M->4M(764M) 4,032ms
[2024-08-07T20:32:54.081+0300][11,215s][info][gc] GC(217) Pause Young (Allocation Failure) 252M->4M(764M) 3,259ms
[2024-08-07T20:32:54.131+0300][11,265s][info][gc] GC(218) Pause Young (Allocation Failure) 252M->5M(764M) 3,541ms
[2024-08-07T20:32:54.190+0300][11,323s][info][gc] GC(219) Pause Young (Allocation Failure) 253M->3M(764M) 2,224ms
[2024-08-07T20:32:54.240+0300][11,373s][info][gc] GC(220) Pause Young (Allocation Failure) 251M->4M(764M) 2,917ms
[2024-08-07T20:32:54.290+0300][11,424s][info][gc] GC(221) Pause Young (Allocation Failure) 252M->4M(764M) 4,275ms
[2024-08-07T20:32:54.341+0300][11,475s][info][gc] GC(222) Pause Young (Allocation Failure) 252M->5M(764M) 4,185ms
[2024-08-07T20:32:54.390+0300][11,524s][info][gc] GC(223) Pause Young (Allocation Failure) 253M->3M(764M) 2,474ms
[2024-08-07T20:32:54.440+0300][11,574s][info][gc] GC(224) Pause Young (Allocation Failure) 251M->4M(764M) 4,311ms
[2024-08-07T20:32:54.490+0300][11,624s][info][gc] GC(225) Pause Young (Allocation Failure) 252M->4M(764M) 3,487ms
[2024-08-07T20:32:54.540+0300][11,674s][info][gc] GC(226) Pause Young (Allocation Failure) 252M->5M(763M) 3,937ms
[2024-08-07T20:32:54.589+0300][11,723s][info][gc] GC(227) Pause Young (Allocation Failure) 253M->3M(764M) 2,584ms
[2024-08-07T20:32:54.639+0300][11,772s][info][gc] GC(228) Pause Young (Allocation Failure) 250M->3M(763M) 3,295ms
[2024-08-07T20:32:54.689+0300][11,823s][info][gc] GC(229) Pause Young (Allocation Failure) 251M->4M(764M) 4,189ms
[2024-08-07T20:32:54.740+0300][11,873s][info][gc] GC(230) Pause Young (Allocation Failure) 252M->5M(764M) 4,104ms
[2024-08-07T20:32:54.789+0300][11,922s][info][gc] GC(231) Pause Young (Allocation Failure) 253M->3M(764M) 2,251ms
[2024-08-07T20:32:54.839+0300][11,973s][info][gc] GC(232) Pause Young (Allocation Failure) 251M->3M(764M) 4,287ms
[2024-08-07T20:32:54.890+0300][12,023s][info][gc] GC(233) Pause Young (Allocation Failure) 251M->4M(764M) 4,246ms
[2024-08-07T20:32:54.940+0300][12,073s][info][gc] GC(234) Pause Young (Allocation Failure) 252M->5M(764M) 4,298ms
[2024-08-07T20:32:54.989+0300][12,122s][info][gc] GC(235) Pause Young (Allocation Failure) 253M->3M(764M) 2,509ms
[2024-08-07T20:32:55.039+0300][12,173s][info][gc] GC(236) Pause Young (Allocation Failure) 251M->3M(764M) 4,379ms
[2024-08-07T20:32:55.090+0300][12,224s][info][gc] GC(237) Pause Young (Allocation Failure) 251M->4M(764M) 4,303ms
[2024-08-07T20:32:55.140+0300][12,274s][info][gc] GC(238) Pause Young (Allocation Failure) 252M->5M(764M) 3,904ms
[2024-08-07T20:32:55.189+0300][12,322s][info][gc] GC(239) Pause Young (Allocation Failure) 253M->3M(764M) 2,510ms
[2024-08-07T20:32:55.240+0300][12,373s][info][gc] GC(240) Pause Young (Allocation Failure) 251M->3M(764M) 4,379ms
[2024-08-07T20:32:55.291+0300][12,424s][info][gc] GC(241) Pause Young (Allocation Failure) 251M->4M(764M) 4,299ms
[2024-08-07T20:32:55.341+0300][12,474s][info][gc] GC(242) Pause Young (Allocation Failure) 252M->5M(764M) 4,141ms
[2024-08-07T20:32:55.390+0300][12,524s][info][gc] GC(243) Pause Young (Allocation Failure) 253M->3M(764M) 2,649ms
[2024-08-07T20:32:55.440+0300][12,574s][info][gc] GC(244) Pause Young (Allocation Failure) 251M->3M(764M) 4,229ms
[2024-08-07T20:32:55.491+0300][12,624s][info][gc] GC(245) Pause Young (Allocation Failure) 251M->4M(764M) 4,285ms
[2024-08-07T20:32:55.541+0300][12,675s][info][gc] GC(246) Pause Young (Allocation Failure) 252M->5M(764M) 4,247ms
[2024-08-07T20:32:55.590+0300][12,724s][info][gc] GC(247) Pause Young (Allocation Failure) 253M->3M(764M) 2,539ms
[2024-08-07T20:32:55.641+0300][12,774s][info][gc] GC(248) Pause Young (Allocation Failure) 251M->3M(764M) 4,256ms
[2024-08-07T20:32:55.691+0300][12,825s][info][gc] GC(249) Pause Young (Allocation Failure) 251M->4M(764M) 4,203ms
[2024-08-07T20:32:55.742+0300][12,875s][info][gc] GC(250) Pause Young (Allocation Failure) 252M->5M(764M) 4,572ms
[2024-08-07T20:32:55.791+0300][12,924s][info][gc] GC(251) Pause Young (Allocation Failure) 253M->3M(764M) 2,636ms
[2024-08-07T20:32:55.842+0300][12,975s][info][gc] GC(252) Pause Young (Allocation Failure) 251M->3M(764M) 4,379ms
[2024-08-07T20:32:55.892+0300][13,026s][info][gc] GC(253) Pause Young (Allocation Failure) 251M->4M(764M) 4,275ms
[2024-08-07T20:32:55.943+0300][13,076s][info][gc] GC(254) Pause Young (Allocation Failure) 252M->5M(764M) 4,175ms
[2024-08-07T20:32:55.992+0300][13,125s][info][gc] GC(255) Pause Young (Allocation Failure) 253M->3M(764M) 2,532ms
[2024-08-07T20:32:56.041+0300][13,175s][info][gc] GC(256) Pause Young (Allocation Failure) 251M->3M(764M) 3,156ms
[2024-08-07T20:32:56.091+0300][13,225s][info][gc] GC(257) Pause Young (Allocation Failure) 251M->4M(764M) 4,323ms
[2024-08-07T20:32:56.141+0300][13,275s][info][gc] GC(258) Pause Young (Allocation Failure) 252M->5M(764M) 4,106ms
[2024-08-07T20:32:56.190+0300][13,323s][info][gc] GC(259) Pause Young (Allocation Failure) 253M->3M(764M) 2,051ms
[2024-08-07T20:32:56.240+0300][13,374s][info][gc] GC(260) Pause Young (Allocation Failure) 251M->4M(764M) 3,985ms
[2024-08-07T20:32:56.290+0300][13,424s][info][gc] GC(261) Pause Young (Allocation Failure) 252M->4M(764M) 3,492ms
[2024-08-07T20:32:56.340+0300][13,474s][info][gc] GC(262) Pause Young (Allocation Failure) 252M->5M(764M) 3,353ms
[2024-08-07T20:32:56.388+0300][13,522s][info][gc] GC(263) Pause Young (Allocation Failure) 253M->3M(764M) 2,068ms
[2024-08-07T20:32:56.439+0300][13,572s][info][gc] GC(264) Pause Young (Allocation Failure) 251M->4M(764M) 4,066ms
[2024-08-07T20:32:56.489+0300][13,622s][info][gc] GC(265) Pause Young (Allocation Failure) 252M->4M(764M) 4,164ms
[2024-08-07T20:32:56.539+0300][13,673s][info][gc] GC(266) Pause Young (Allocation Failure) 252M->5M(764M) 4,121ms
[2024-08-07T20:32:56.588+0300][13,721s][info][gc] GC(267) Pause Young (Allocation Failure) 253M->3M(764M) 2,383ms
[2024-08-07T20:32:56.639+0300][13,772s][info][gc] GC(268) Pause Young (Allocation Failure) 251M->4M(764M) 4,285ms
[2024-08-07T20:32:56.689+0300][13,823s][info][gc] GC(269) Pause Young (Allocation Failure) 252M->4M(764M) 4,217ms
[2024-08-07T20:32:56.740+0300][13,873s][info][gc] GC(270) Pause Young (Allocation Failure) 252M->5M(764M) 4,206ms
[2024-08-07T20:32:56.789+0300][13,922s][info][gc] GC(271) Pause Young (Allocation Failure) 253M->3M(764M) 2,325ms
[2024-08-07T20:32:56.839+0300][13,972s][info][gc] GC(272) Pause Young (Allocation Failure) 251M->4M(764M) 4,060ms
[2024-08-07T20:32:56.889+0300][14,023s][info][gc] GC(273) Pause Young (Allocation Failure) 252M->4M(764M) 4,007ms
[2024-08-07T20:32:56.939+0300][14,072s][info][gc] GC(274) Pause Young (Allocation Failure) 252M->5M(764M) 3,307ms
[2024-08-07T20:32:56.988+0300][14,121s][info][gc] GC(275) Pause Young (Allocation Failure) 253M->3M(764M) 2,702ms
[2024-08-07T20:32:57.038+0300][14,172s][info][gc] GC(276) Pause Young (Allocation Failure) 251M->4M(764M) 4,128ms
[2024-08-07T20:32:57.088+0300][14,222s][info][gc] GC(277) Pause Young (Allocation Failure) 252M->4M(764M) 4,051ms
[2024-08-07T20:32:57.139+0300][14,272s][info][gc] GC(278) Pause Young (Allocation Failure) 252M->5M(764M) 4,155ms
[2024-08-07T20:32:57.188+0300][14,321s][info][gc] GC(279) Pause Young (Allocation Failure) 253M->3M(764M) 2,433ms
[2024-08-07T20:32:57.238+0300][14,372s][info][gc] GC(280) Pause Young (Allocation Failure) 251M->4M(764M) 4,120ms
[2024-08-07T20:32:57.288+0300][14,422s][info][gc] GC(281) Pause Young (Allocation Failure) 252M->4M(764M) 4,001ms
[2024-08-07T20:32:57.339+0300][14,472s][info][gc] GC(282) Pause Young (Allocation Failure) 252M->5M(764M) 3,995ms
[2024-08-07T20:32:57.388+0300][14,521s][info][gc] GC(283) Pause Young (Allocation Failure) 253M->3M(764M) 2,437ms
[2024-08-07T20:32:57.437+0300][14,571s][info][gc] GC(284) Pause Young (Allocation Failure) 251M->4M(764M) 3,457ms
[2024-08-07T20:32:57.487+0300][14,621s][info][gc] GC(285) Pause Young (Allocation Failure) 252M->4M(764M) 4,038ms
[2024-08-07T20:32:57.537+0300][14,671s][info][gc] GC(286) Pause Young (Allocation Failure) 252M->5M(764M) 3,982ms
[2024-08-07T20:32:57.585+0300][14,719s][info][gc] GC(287) Pause Young (Allocation Failure) 253M->3M(764M) 1,849ms
[2024-08-07T20:32:57.636+0300][14,770s][info][gc] GC(288) Pause Young (Allocation Failure) 251M->4M(764M) 4,145ms
[2024-08-07T20:32:57.686+0300][14,820s][info][gc] GC(289) Pause Young (Allocation Failure) 252M->4M(764M) 4,183ms
[2024-08-07T20:32:57.737+0300][14,870s][info][gc] GC(290) Pause Young (Allocation Failure) 252M->5M(764M) 3,978ms
[2024-08-07T20:32:57.786+0300][14,919s][info][gc] GC(291) Pause Young (Allocation Failure) 253M->3M(764M) 2,372ms
[2024-08-07T20:32:57.836+0300][14,970s][info][gc] GC(292) Pause Young (Allocation Failure) 251M->4M(764M) 4,140ms
[2024-08-07T20:32:57.887+0300][15,020s][info][gc] GC(293) Pause Young (Allocation Failure) 252M->4M(764M) 4,160ms
[2024-08-07T20:32:57.936+0300][15,070s][info][gc] GC(294) Pause Young (Allocation Failure) 252M->5M(764M) 3,449ms
[2024-08-07T20:32:57.985+0300][15,119s][info][gc] GC(295) Pause Young (Allocation Failure) 253M->3M(764M) 2,630ms
[2024-08-07T20:32:58.036+0300][15,170s][info][gc] GC(296) Pause Young (Allocation Failure) 251M->4M(764M) 4,239ms
[2024-08-07T20:32:58.088+0300][15,221s][info][gc] GC(297) Pause Young (Allocation Failure) 252M->4M(764M) 5,461ms
[2024-08-07T20:32:58.138+0300][15,272s][info][gc] GC(298) Pause Young (Allocation Failure) 252M->5M(763M) 4,250ms
[2024-08-07T20:32:58.187+0300][15,321s][info][gc] GC(299) Pause Young (Allocation Failure) 253M->3M(763M) 2,346ms
[2024-08-07T20:32:58.237+0300][15,371s][info][gc] GC(300) Pause Young (Allocation Failure) 250M->3M(763M) 4,045ms
[2024-08-07T20:32:58.287+0300][15,421s][info][gc] GC(301) Pause Young (Allocation Failure) 250M->4M(764M) 4,092ms
[2024-08-07T20:32:58.338+0300][15,471s][info][gc] GC(302) Pause Young (Allocation Failure) 252M->5M(764M) 4,145ms
[2024-08-07T20:32:58.386+0300][15,519s][info][gc] GC(303) Pause Young (Allocation Failure) 253M->3M(764M) 1,280ms
[2024-08-07T20:32:58.435+0300][15,569s][info][gc] GC(304) Pause Young (Allocation Failure) 251M->3M(764M) 3,592ms
[2024-08-07T20:32:58.486+0300][15,619s][info][gc] GC(305) Pause Young (Allocation Failure) 251M->4M(764M) 3,927ms
[2024-08-07T20:32:58.537+0300][15,670s][info][gc] GC(306) Pause Young (Allocation Failure) 252M->5M(764M) 4,279ms
[2024-08-07T20:32:58.585+0300][15,719s][info][gc] GC(307) Pause Young (Allocation Failure) 253M->3M(764M) 1,516ms
[2024-08-07T20:32:58.636+0300][15,769s][info][gc] GC(308) Pause Young (Allocation Failure) 251M->3M(764M) 4,206ms
