[2024-08-07T20:31:52.308+0300][0.004s][info][gc] Using Parallel
[2024-08-07T20:31:52.546+0300][0,242s][info][gc] GC(0) Pause Young (Allocation Failure) 97M->4M(368M) 4,696ms
[2024-08-07T20:31:52.570+0300][0,266s][info][gc] GC(1) Pause Young (Allocation Failure) 100M->5M(368M) 3,643ms
[2024-08-07T20:31:52.589+0300][0,285s][info][gc] GC(2) Pause Young (Allocation Failure) 101M->2M(368M) 1,289ms
[2024-08-07T20:31:52.609+0300][0,305s][info][gc] GC(3) Pause Young (Allocation Failure) 98M->3M(368M) 2,167ms
[2024-08-07T20:31:52.630+0300][0,326s][info][gc] GC(4) Pause Young (Allocation Failure) 99M->4M(368M) 3,011ms
[2024-08-07T20:31:52.649+0300][0,346s][info][gc] GC(5) Pause Young (Allocation Failure) 100M->2M(379M) 1,370ms
[2024-08-07T20:31:52.684+0300][0,380s][info][gc] GC(6) Pause Young (Allocation Failure) 120M->4M(379M) 5,128ms
[2024-08-07T20:31:52.709+0300][0,405s][info][gc] GC(7) Pause Young (Allocation Failure) 122M->4M(379M) 3,410ms
[2024-08-07T20:31:52.735+0300][0,431s][info][gc] GC(8) Pause Young (Allocation Failure) 122M->3M(379M) 3,046ms
[2024-08-07T20:31:52.760+0300][0,456s][info][gc] GC(9) Pause Young (Allocation Failure) 121M->5M(379M) 3,503ms
[2024-08-07T20:31:52.785+0300][0,481s][info][gc] GC(10) Pause Young (Allocation Failure) 123M->4M(379M) 3,279ms
[2024-08-07T20:31:52.811+0300][0,507s][info][gc] GC(11) Pause Young (Allocation Failure) 122M->3M(379M) 3,419ms
[2024-08-07T20:31:52.835+0300][0,531s][info][gc] GC(12) Pause Young (Allocation Failure) 121M->2M(379M) 2,048ms
[2024-08-07T20:31:52.860+0300][0,556s][info][gc] GC(13) Pause Young (Allocation Failure) 120M->5M(379M) 3,488ms
[2024-08-07T20:31:52.888+0300][0,585s][info][gc] GC(14) Pause Young (Allocation Failure) 123M->4M(379M) 3,023ms
[2024-08-07T20:31:52.914+0300][0,610s][info][gc] GC(15) Pause Young (Allocation Failure) 122M->3M(379M) 2,850ms
[2024-08-07T20:31:52.938+0300][0,634s][info][gc] GC(16) Pause Young (Allocation Failure) 122M->3M(379M) 1,834ms
[2024-08-07T20:31:52.964+0300][0,660s][info][gc] GC(17) Pause Young (Allocation Failure) 122M->5M(378M) 2,969ms
[2024-08-07T20:31:52.989+0300][0,685s][info][gc] GC(18) Pause Young (Allocation Failure) 123M->4M(379M) 2,852ms
[2024-08-07T20:31:53.014+0300][0,710s][info][gc] GC(19) Pause Young (Allocation Failure) 122M->3M(379M) 2,915ms
[2024-08-07T20:31:53.039+0300][0,735s][info][gc] GC(20) Pause Young (Allocation Failure) 122M->3M(379M) 2,578ms
[2024-08-07T20:31:53.065+0300][0,761s][info][gc] GC(21) Pause Young (Allocation Failure) 122M->5M(378M) 3,755ms
[2024-08-07T20:31:53.091+0300][0,787s][info][gc] GC(22) Pause Young (Allocation Failure) 123M->4M(379M) 3,517ms
[2024-08-07T20:31:53.116+0300][0,812s][info][gc] GC(23) Pause Young (Allocation Failure) 122M->3M(379M) 2,751ms
[2024-08-07T20:31:53.141+0300][0,837s][info][gc] GC(24) Pause Young (Allocation Failure) 122M->3M(379M) 2,942ms
[2024-08-07T20:31:53.165+0300][0,861s][info][gc] GC(25) Pause Young (Allocation Failure) 122M->2M(379M) 1,205ms
[2024-08-07T20:31:53.190+0300][0,887s][info][gc] GC(26) Pause Young (Allocation Failure) 121M->5M(379M) 3,134ms
[2024-08-07T20:31:53.216+0300][0,912s][info][gc] GC(27) Pause Young (Allocation Failure) 124M->4M(379M) 3,190ms
[2024-08-07T20:31:53.242+0300][0,938s][info][gc] GC(28) Pause Young (Allocation Failure) 123M->3M(379M) 3,112ms
[2024-08-07T20:31:53.267+0300][0,963s][info][gc] GC(29) Pause Young (Allocation Failure) 122M->3M(380M) 3,062ms
[2024-08-07T20:31:53.291+0300][0,987s][info][gc] GC(30) Pause Young (Allocation Failure) 122M->2M(379M) 1,414ms
[2024-08-07T20:31:53.317+0300][1,013s][info][gc] GC(31) Pause Young (Allocation Failure) 122M->5M(379M) 3,351ms
[2024-08-07T20:31:53.343+0300][1,039s][info][gc] GC(32) Pause Young (Allocation Failure) 124M->4M(379M) 3,547ms
[2024-08-07T20:31:53.369+0300][1,065s][info][gc] GC(33) Pause Young (Allocation Failure) 123M->4M(380M) 3,089ms
[2024-08-07T20:31:53.394+0300][1,090s][info][gc] GC(34) Pause Young (Allocation Failure) 123M->3M(379M) 3,158ms
[2024-08-07T20:31:53.419+0300][1,115s][info][gc] GC(35) Pause Young (Allocation Failure) 122M->3M(380M) 2,091ms
[2024-08-07T20:31:53.442+0300][1,138s][info][gc] GC(36) Pause Young (Allocation Failure) 123M->2M(380M) 0,784ms
[2024-08-07T20:31:53.468+0300][1,164s][info][gc] GC(37) Pause Young (Allocation Failure) 122M->5M(379M) 3,584ms
[2024-08-07T20:31:53.494+0300][1,190s][info][gc] GC(38) Pause Young (Allocation Failure) 124M->4M(379M) 3,611ms
[2024-08-07T20:31:53.520+0300][1,216s][info][gc] GC(39) Pause Young (Allocation Failure) 123M->3M(380M) 3,378ms
[2024-08-07T20:31:53.546+0300][1,242s][info][gc] GC(40) Pause Young (Allocation Failure) 123M->3M(379M) 3,331ms
[2024-08-07T20:31:53.570+0300][1,266s][info][gc] GC(41) Pause Young (Allocation Failure) 122M->2M(380M) 1,779ms
[2024-08-07T20:31:53.596+0300][1,292s][info][gc] GC(42) Pause Young (Allocation Failure) 122M->5M(379M) 3,317ms
[2024-08-07T20:31:53.622+0300][1,318s][info][gc] GC(43) Pause Young (Allocation Failure) 125M->5M(379M) 3,335ms
[2024-08-07T20:31:53.648+0300][1,344s][info][gc] GC(44) Pause Young (Allocation Failure) 124M->4M(379M) 3,070ms
[2024-08-07T20:31:53.673+0300][1,369s][info][gc] GC(45) Pause Young (Allocation Failure) 123M->3M(380M) 3,121ms
[2024-08-07T20:31:53.699+0300][1,395s][info][gc] GC(46) Pause Young (Allocation Failure) 123M->3M(379M) 3,010ms
[2024-08-07T20:31:53.723+0300][1,419s][info][gc] GC(47) Pause Young (Allocation Failure) 122M->2M(380M) 1,529ms
[2024-08-07T20:31:53.749+0300][1,445s][info][gc] GC(48) Pause Young (Allocation Failure) 122M->5M(379M) 3,450ms
[2024-08-07T20:31:53.775+0300][1,471s][info][gc] GC(49) Pause Young (Allocation Failure) 125M->5M(379M) 3,272ms
[2024-08-07T20:31:53.800+0300][1,497s][info][gc] GC(50) Pause Young (Allocation Failure) 124M->4M(379M) 3,186ms
[2024-08-07T20:31:53.826+0300][1,522s][info][gc] GC(51) Pause Young (Allocation Failure) 123M->3M(380M) 3,262ms
[2024-08-07T20:31:53.852+0300][1,548s][info][gc] GC(52) Pause Young (Allocation Failure) 123M->3M(379M) 2,961ms
[2024-08-07T20:31:53.876+0300][1,572s][info][gc] GC(53) Pause Young (Allocation Failure) 122M->2M(380M) 1,240ms
[2024-08-07T20:31:53.902+0300][1,598s][info][gc] GC(54) Pause Young (Allocation Failure) 122M->5M(379M) 3,322ms
[2024-08-07T20:31:53.928+0300][1,624s][info][gc] GC(55) Pause Young (Allocation Failure) 125M->5M(379M) 3,037ms
[2024-08-07T20:31:53.954+0300][1,650s][info][gc] GC(56) Pause Young (Allocation Failure) 124M->4M(379M) 3,395ms
[2024-08-07T20:31:53.981+0300][1,677s][info][gc] GC(57) Pause Young (Allocation Failure) 123M->3M(380M) 3,007ms
[2024-08-07T20:31:54.007+0300][1,703s][info][gc] GC(58) Pause Young (Allocation Failure) 123M->3M(379M) 3,001ms
[2024-08-07T20:31:54.031+0300][1,727s][info][gc] GC(59) Pause Young (Allocation Failure) 122M->2M(380M) 1,550ms
[2024-08-07T20:31:54.057+0300][1,753s][info][gc] GC(60) Pause Young (Allocation Failure) 122M->5M(379M) 3,429ms
[2024-08-07T20:31:54.083+0300][1,779s][info][gc] GC(61) Pause Young (Allocation Failure) 125M->4M(379M) 3,381ms
[2024-08-07T20:31:54.108+0300][1,805s][info][gc] GC(62) Pause Young (Allocation Failure) 123M->4M(379M) 3,502ms
[2024-08-07T20:31:54.134+0300][1,830s][info][gc] GC(63) Pause Young (Allocation Failure) 123M->3M(380M) 2,940ms
[2024-08-07T20:31:54.160+0300][1,856s][info][gc] GC(64) Pause Young (Allocation Failure) 123M->3M(379M) 2,936ms
[2024-08-07T20:31:54.183+0300][1,879s][info][gc] GC(65) Pause Young (Allocation Failure) 122M->2M(380M) 1,098ms
[2024-08-07T20:31:54.209+0300][1,905s][info][gc] GC(66) Pause Young (Allocation Failure) 122M->5M(379M) 3,315ms
[2024-08-07T20:31:54.235+0300][1,931s][info][gc] GC(67) Pause Young (Allocation Failure) 125M->4M(379M) 3,094ms
[2024-08-07T20:31:54.261+0300][1,957s][info][gc] GC(68) Pause Young (Allocation Failure) 123M->4M(379M) 3,460ms
[2024-08-07T20:31:54.288+0300][1,984s][info][gc] GC(69) Pause Young (Allocation Failure) 123M->3M(380M) 3,188ms
[2024-08-07T20:31:54.313+0300][2,010s][info][gc] GC(70) Pause Young (Allocation Failure) 123M->3M(379M) 2,607ms
[2024-08-07T20:31:54.337+0300][2,033s][info][gc] GC(71) Pause Young (Allocation Failure) 122M->2M(380M) 0,675ms
[2024-08-07T20:31:54.364+0300][2,060s][info][gc] GC(72) Pause Young (Allocation Failure) 122M->5M(379M) 3,268ms
[2024-08-07T20:31:54.390+0300][2,086s][info][gc] GC(73) Pause Young (Allocation Failure) 125M->4M(379M) 3,845ms
[2024-08-07T20:31:54.416+0300][2,112s][info][gc] GC(74) Pause Young (Allocation Failure) 123M->4M(379M) 2,877ms
[2024-08-07T20:31:54.441+0300][2,137s][info][gc] GC(75) Pause Young (Allocation Failure) 123M->3M(380M) 3,251ms
[2024-08-07T20:31:54.467+0300][2,163s][info][gc] GC(76) Pause Young (Allocation Failure) 123M->3M(380M) 2,817ms
[2024-08-07T20:31:54.491+0300][2,187s][info][gc] GC(77) Pause Young (Allocation Failure) 123M->2M(380M) 1,166ms
[2024-08-07T20:31:54.517+0300][2,213s][info][gc] GC(78) Pause Young (Allocation Failure) 122M->5M(379M) 3,368ms
[2024-08-07T20:31:54.552+0300][2,248s][info][gc] GC(79) Pause Young (Allocation Failure) 125M->4M(379M) 3,394ms
[2024-08-07T20:31:54.578+0300][2,274s][info][gc] GC(80) Pause Young (Allocation Failure) 123M->4M(379M) 3,358ms
[2024-08-07T20:31:54.603+0300][2,299s][info][gc] GC(81) Pause Young (Allocation Failure) 123M->3M(380M) 3,008ms
[2024-08-07T20:31:54.629+0300][2,325s][info][gc] GC(82) Pause Young (Allocation Failure) 123M->3M(379M) 3,047ms
[2024-08-07T20:31:54.653+0300][2,349s][info][gc] GC(83) Pause Young (Allocation Failure) 122M->2M(380M) 1,056ms
[2024-08-07T20:31:54.678+0300][2,374s][info][gc] GC(84) Pause Young (Allocation Failure) 122M->5M(379M) 3,150ms
[2024-08-07T20:31:54.704+0300][2,400s][info][gc] GC(85) Pause Young (Allocation Failure) 125M->4M(379M) 3,239ms
[2024-08-07T20:31:54.729+0300][2,425s][info][gc] GC(86) Pause Young (Allocation Failure) 123M->4M(379M) 3,225ms
[2024-08-07T20:31:54.755+0300][2,451s][info][gc] GC(87) Pause Young (Allocation Failure) 123M->3M(380M) 3,026ms
[2024-08-07T20:31:54.780+0300][2,477s][info][gc] GC(88) Pause Young (Allocation Failure) 123M->3M(380M) 3,121ms
[2024-08-07T20:31:54.804+0300][2,500s][info][gc] GC(89) Pause Young (Allocation Failure) 123M->2M(380M) 1,192ms
[2024-08-07T20:31:54.830+0300][2,526s][info][gc] GC(90) Pause Young (Allocation Failure) 122M->5M(379M) 3,057ms
[2024-08-07T20:31:54.855+0300][2,551s][info][gc] GC(91) Pause Young (Allocation Failure) 125M->5M(379M) 3,142ms
[2024-08-07T20:31:54.882+0300][2,578s][info][gc] GC(92) Pause Young (Allocation Failure) 124M->4M(379M) 3,593ms
[2024-08-07T20:31:54.907+0300][2,603s][info][gc] GC(93) Pause Young (Allocation Failure) 123M->3M(380M) 3,108ms
[2024-08-07T20:31:54.933+0300][2,629s][info][gc] GC(94) Pause Young (Allocation Failure) 123M->3M(379M) 3,324ms
[2024-08-07T20:31:54.957+0300][2,653s][info][gc] GC(95) Pause Young (Allocation Failure) 122M->2M(380M) 1,457ms
[2024-08-07T20:31:54.983+0300][2,679s][info][gc] GC(96) Pause Young (Allocation Failure) 122M->5M(379M) 3,407ms
[2024-08-07T20:31:55.009+0300][2,705s][info][gc] GC(97) Pause Young (Allocation Failure) 125M->4M(379M) 3,406ms
[2024-08-07T20:31:55.035+0300][2,731s][info][gc] GC(98) Pause Young (Allocation Failure) 123M->4M(379M) 3,192ms
[2024-08-07T20:31:55.061+0300][2,757s][info][gc] GC(99) Pause Young (Allocation Failure) 123M->3M(380M) 3,293ms
[2024-08-07T20:31:55.086+0300][2,782s][info][gc] GC(100) Pause Young (Allocation Failure) 123M->3M(379M) 3,022ms
[2024-08-07T20:31:55.110+0300][2,806s][info][gc] GC(101) Pause Young (Allocation Failure) 122M->2M(380M) 0,982ms
[2024-08-07T20:31:55.136+0300][2,832s][info][gc] GC(102) Pause Young (Allocation Failure) 122M->5M(379M) 3,324ms
[2024-08-07T20:31:55.162+0300][2,858s][info][gc] GC(103) Pause Young (Allocation Failure) 125M->4M(379M) 3,334ms
[2024-08-07T20:31:55.187+0300][2,883s][info][gc] GC(104) Pause Young (Allocation Failure) 123M->4M(379M) 3,427ms
[2024-08-07T20:31:55.213+0300][2,909s][info][gc] GC(105) Pause Young (Allocation Failure) 123M->3M(380M) 3,286ms
[2024-08-07T20:31:55.239+0300][2,935s][info][gc] GC(106) Pause Young (Allocation Failure) 123M->3M(379M) 2,711ms
[2024-08-07T20:31:55.262+0300][2,958s][info][gc] GC(107) Pause Young (Allocation Failure) 122M->2M(380M) 0,666ms
[2024-08-07T20:31:55.288+0300][2,984s][info][gc] GC(108) Pause Young (Allocation Failure) 122M->5M(379M) 3,593ms
[2024-08-07T20:31:55.314+0300][3,010s][info][gc] GC(109) Pause Young (Allocation Failure) 125M->4M(379M) 3,431ms
[2024-08-07T20:31:55.340+0300][3,036s][info][gc] GC(110) Pause Young (Allocation Failure) 123M->4M(379M) 2,929ms
[2024-08-07T20:31:55.366+0300][3,062s][info][gc] GC(111) Pause Young (Allocation Failure) 123M->3M(380M) 3,101ms
[2024-08-07T20:31:55.392+0300][3,088s][info][gc] GC(112) Pause Young (Allocation Failure) 123M->3M(380M) 2,872ms
[2024-08-07T20:31:55.416+0300][3,112s][info][gc] GC(113) Pause Young (Allocation Failure) 123M->2M(380M) 1,285ms
[2024-08-07T20:31:55.442+0300][3,138s][info][gc] GC(114) Pause Young (Allocation Failure) 122M->5M(379M) 3,486ms
[2024-08-07T20:31:55.468+0300][3,164s][info][gc] GC(115) Pause Young (Allocation Failure) 125M->4M(379M) 3,430ms
[2024-08-07T20:31:55.494+0300][3,190s][info][gc] GC(116) Pause Young (Allocation Failure) 123M->4M(379M) 3,396ms
[2024-08-07T20:31:55.520+0300][3,216s][info][gc] GC(117) Pause Young (Allocation Failure) 123M->3M(380M) 3,159ms
[2024-08-07T20:31:55.545+0300][3,241s][info][gc] GC(118) Pause Young (Allocation Failure) 123M->3M(379M) 3,033ms
[2024-08-07T20:31:55.569+0300][3,265s][info][gc] GC(119) Pause Young (Allocation Failure) 122M->2M(380M) 1,216ms
[2024-08-07T20:31:55.595+0300][3,291s][info][gc] GC(120) Pause Young (Allocation Failure) 122M->5M(379M) 3,633ms
[2024-08-07T20:31:55.621+0300][3,317s][info][gc] GC(121) Pause Young (Allocation Failure) 125M->4M(379M) 3,442ms
[2024-08-07T20:31:55.646+0300][3,342s][info][gc] GC(122) Pause Young (Allocation Failure) 123M->4M(379M) 2,587ms
[2024-08-07T20:31:55.671+0300][3,368s][info][gc] GC(123) Pause Young (Allocation Failure) 123M->3M(380M) 2,719ms
[2024-08-07T20:31:55.697+0300][3,393s][info][gc] GC(124) Pause Young (Allocation Failure) 123M->3M(380M) 3,206ms
[2024-08-07T20:31:55.722+0300][3,418s][info][gc] GC(125) Pause Young (Allocation Failure) 123M->2M(380M) 1,315ms
[2024-08-07T20:31:55.747+0300][3,444s][info][gc] GC(126) Pause Young (Allocation Failure) 122M->5M(379M) 3,316ms
[2024-08-07T20:31:55.774+0300][3,470s][info][gc] GC(127) Pause Young (Allocation Failure) 125M->5M(379M) 3,940ms
[2024-08-07T20:31:55.801+0300][3,497s][info][gc] GC(128) Pause Young (Allocation Failure) 124M->4M(379M) 3,647ms
[2024-08-07T20:31:55.826+0300][3,523s][info][gc] GC(129) Pause Young (Allocation Failure) 123M->3M(380M) 3,134ms
[2024-08-07T20:31:55.853+0300][3,549s][info][gc] GC(130) Pause Young (Allocation Failure) 123M->3M(379M) 2,867ms
[2024-08-07T20:31:55.877+0300][3,573s][info][gc] GC(131) Pause Young (Allocation Failure) 122M->2M(380M) 1,086ms
[2024-08-07T20:31:55.903+0300][3,599s][info][gc] GC(132) Pause Young (Allocation Failure) 122M->5M(379M) 3,280ms
[2024-08-07T20:31:55.929+0300][3,625s][info][gc] GC(133) Pause Young (Allocation Failure) 125M->4M(379M) 3,092ms
[2024-08-07T20:31:55.954+0300][3,650s][info][gc] GC(134) Pause Young (Allocation Failure) 123M->4M(379M) 2,977ms
[2024-08-07T20:31:55.980+0300][3,676s][info][gc] GC(135) Pause Young (Allocation Failure) 123M->3M(380M) 3,095ms
[2024-08-07T20:31:56.006+0300][3,702s][info][gc] GC(136) Pause Young (Allocation Failure) 123M->3M(379M) 3,195ms
[2024-08-07T20:31:56.029+0300][3,725s][info][gc] GC(137) Pause Young (Allocation Failure) 122M->2M(380M) 1,164ms
[2024-08-07T20:31:56.055+0300][3,751s][info][gc] GC(138) Pause Young (Allocation Failure) 122M->5M(379M) 3,271ms
[2024-08-07T20:31:56.081+0300][3,777s][info][gc] GC(139) Pause Young (Allocation Failure) 125M->4M(379M) 3,367ms
[2024-08-07T20:31:56.107+0300][3,803s][info][gc] GC(140) Pause Young (Allocation Failure) 123M->4M(379M) 3,247ms
[2024-08-07T20:31:56.133+0300][3,829s][info][gc] GC(141) Pause Young (Allocation Failure) 123M->3M(380M) 3,202ms
[2024-08-07T20:31:56.159+0300][3,855s][info][gc] GC(142) Pause Young (Allocation Failure) 123M->3M(380M) 2,941ms
[2024-08-07T20:31:56.182+0300][3,878s][info][gc] GC(143) Pause Young (Allocation Failure) 123M->2M(380M) 1,184ms
[2024-08-07T20:31:56.208+0300][3,904s][info][gc] GC(144) Pause Young (Allocation Failure) 122M->5M(379M) 3,375ms
[2024-08-07T20:31:56.234+0300][3,930s][info][gc] GC(145) Pause Young (Allocation Failure) 125M->5M(379M) 3,380ms
[2024-08-07T20:31:56.260+0300][3,956s][info][gc] GC(146) Pause Young (Allocation Failure) 124M->4M(379M) 3,052ms
[2024-08-07T20:31:56.286+0300][3,982s][info][gc] GC(147) Pause Young (Allocation Failure) 123M->3M(380M) 3,233ms
[2024-08-07T20:31:56.311+0300][4,007s][info][gc] GC(148) Pause Young (Allocation Failure) 123M->3M(379M) 3,038ms
[2024-08-07T20:31:56.335+0300][4,031s][info][gc] GC(149) Pause Young (Allocation Failure) 122M->2M(380M) 1,216ms
[2024-08-07T20:31:56.361+0300][4,057s][info][gc] GC(150) Pause Young (Allocation Failure) 122M->5M(379M) 3,417ms
[2024-08-07T20:31:56.386+0300][4,082s][info][gc] GC(151) Pause Young (Allocation Failure) 125M->5M(379M) 2,957ms
[2024-08-07T20:31:56.412+0300][4,108s][info][gc] GC(152) Pause Young (Allocation Failure) 124M->4M(379M) 2,964ms
[2024-08-07T20:31:56.438+0300][4,134s][info][gc] GC(153) Pause Young (Allocation Failure) 123M->3M(380M) 3,397ms
[2024-08-07T20:31:56.464+0300][4,160s][info][gc] GC(154) Pause Young (Allocation Failure) 123M->3M(379M) 2,876ms
[2024-08-07T20:31:56.488+0300][4,184s][info][gc] GC(155) Pause Young (Allocation Failure) 122M->2M(380M) 1,570ms
[2024-08-07T20:31:56.515+0300][4,211s][info][gc] GC(156) Pause Young (Allocation Failure) 122M->5M(379M) 4,209ms
[2024-08-07T20:31:56.542+0300][4,238s][info][gc] GC(157) Pause Young (Allocation Failure) 125M->4M(379M) 4,002ms
[2024-08-07T20:31:56.568+0300][4,264s][info][gc] GC(158) Pause Young (Allocation Failure) 123M->4M(379M) 3,960ms
[2024-08-07T20:31:56.595+0300][4,291s][info][gc] GC(159) Pause Young (Allocation Failure) 123M->3M(380M) 3,697ms
[2024-08-07T20:31:56.622+0300][4,318s][info][gc] GC(160) Pause Young (Allocation Failure) 123M->3M(380M) 3,500ms
[2024-08-07T20:31:56.646+0300][4,342s][info][gc] GC(161) Pause Young (Allocation Failure) 123M->2M(380M) 1,342ms
[2024-08-07T20:31:56.673+0300][4,369s][info][gc] GC(162) Pause Young (Allocation Failure) 122M->5M(379M) 4,228ms
[2024-08-07T20:31:56.700+0300][4,396s][info][gc] GC(163) Pause Young (Allocation Failure) 125M->5M(379M) 4,134ms
[2024-08-07T20:31:56.727+0300][4,423s][info][gc] GC(164) Pause Young (Allocation Failure) 124M->4M(379M) 4,224ms
[2024-08-07T20:31:56.753+0300][4,449s][info][gc] GC(165) Pause Young (Allocation Failure) 123M->3M(380M) 3,952ms
[2024-08-07T20:31:56.779+0300][4,475s][info][gc] GC(166) Pause Young (Allocation Failure) 123M->3M(379M) 3,461ms
[2024-08-07T20:31:56.804+0300][4,500s][info][gc] GC(167) Pause Young (Allocation Failure) 122M->2M(380M) 1,274ms
[2024-08-07T20:31:56.831+0300][4,527s][info][gc] GC(168) Pause Young (Allocation Failure) 122M->5M(379M) 4,118ms
[2024-08-07T20:31:56.857+0300][4,554s][info][gc] GC(169) Pause Young (Allocation Failure) 125M->5M(379M) 3,956ms
[2024-08-07T20:31:56.884+0300][4,580s][info][gc] GC(170) Pause Young (Allocation Failure) 124M->4M(379M) 4,164ms
[2024-08-07T20:31:56.911+0300][4,607s][info][gc] GC(171) Pause Young (Allocation Failure) 123M->3M(380M) 4,250ms
[2024-08-07T20:31:56.937+0300][4,633s][info][gc] GC(172) Pause Young (Allocation Failure) 123M->3M(379M) 3,440ms
[2024-08-07T20:31:56.961+0300][4,657s][info][gc] GC(173) Pause Young (Allocation Failure) 122M->2M(380M) 1,174ms
[2024-08-07T20:31:56.988+0300][4,684s][info][gc] GC(174) Pause Young (Allocation Failure) 122M->5M(379M) 4,040ms
[2024-08-07T20:31:57.014+0300][4,710s][info][gc] GC(175) Pause Young (Allocation Failure) 125M->4M(379M) 3,992ms
[2024-08-07T20:31:57.041+0300][4,737s][info][gc] GC(176) Pause Young (Allocation Failure) 123M->4M(379M) 4,259ms
[2024-08-07T20:31:57.067+0300][4,763s][info][gc] GC(177) Pause Young (Allocation Failure) 123M->3M(380M) 3,371ms
[2024-08-07T20:31:57.094+0300][4,790s][info][gc] GC(178) Pause Young (Allocation Failure) 123M->3M(380M) 3,720ms
[2024-08-07T20:31:57.119+0300][4,815s][info][gc] GC(179) Pause Young (Allocation Failure) 123M->2M(380M) 1,307ms
[2024-08-07T20:31:57.146+0300][4,842s][info][gc] GC(180) Pause Young (Allocation Failure) 122M->5M(379M) 4,128ms
[2024-08-07T20:31:57.172+0300][4,868s][info][gc] GC(181) Pause Young (Allocation Failure) 125M->5M(379M) 3,895ms
[2024-08-07T20:31:57.199+0300][4,895s][info][gc] GC(182) Pause Young (Allocation Failure) 124M->4M(379M) 3,885ms
[2024-08-07T20:31:57.226+0300][4,922s][info][gc] GC(183) Pause Young (Allocation Failure) 123M->3M(380M) 3,964ms
[2024-08-07T20:31:57.252+0300][4,948s][info][gc] GC(184) Pause Young (Allocation Failure) 123M->3M(379M) 3,574ms
[2024-08-07T20:31:57.277+0300][4,973s][info][gc] GC(185) Pause Young (Allocation Failure) 122M->2M(380M) 1,867ms
[2024-08-07T20:31:57.304+0300][5,000s][info][gc] GC(186) Pause Young (Allocation Failure) 122M->5M(379M) 4,114ms
[2024-08-07T20:31:57.331+0300][5,027s][info][gc] GC(187) Pause Young (Allocation Failure) 125M->5M(379M) 4,061ms
[2024-08-07T20:31:57.357+0300][5,053s][info][gc] GC(188) Pause Young (Allocation Failure) 124M->4M(379M) 3,765ms
[2024-08-07T20:31:57.384+0300][5,080s][info][gc] GC(189) Pause Young (Allocation Failure) 123M->3M(380M) 3,948ms
[2024-08-07T20:31:57.410+0300][5,106s][info][gc] GC(190) Pause Young (Allocation Failure) 123M->3M(379M) 2,952ms
[2024-08-07T20:31:57.434+0300][5,130s][info][gc] GC(191) Pause Young (Allocation Failure) 122M->2M(380M) 1,089ms
[2024-08-07T20:31:57.460+0300][5,156s][info][gc] GC(192) Pause Young (Allocation Failure) 122M->5M(379M) 4,165ms
[2024-08-07T20:31:57.487+0300][5,183s][info][gc] GC(193) Pause Young (Allocation Failure) 125M->4M(379M) 4,183ms
[2024-08-07T20:31:57.514+0300][5,210s][info][gc] GC(194) Pause Young (Allocation Failure) 123M->4M(379M) 3,777ms
[2024-08-07T20:31:57.540+0300][5,236s][info][gc] GC(195) Pause Young (Allocation Failure) 123M->3M(380M) 3,895ms
[2024-08-07T20:31:57.567+0300][5,263s][info][gc] GC(196) Pause Young (Allocation Failure) 123M->3M(380M) 3,839ms
[2024-08-07T20:31:57.591+0300][5,287s][info][gc] GC(197) Pause Young (Allocation Failure) 123M->2M(380M) 1,539ms
[2024-08-07T20:31:57.618+0300][5,314s][info][gc] GC(198) Pause Young (Allocation Failure) 122M->5M(379M) 4,250ms
[2024-08-07T20:31:57.645+0300][5,341s][info][gc] GC(199) Pause Young (Allocation Failure) 125M->5M(379M) 4,011ms
[2024-08-07T20:31:57.671+0300][5,367s][info][gc] GC(200) Pause Young (Allocation Failure) 124M->4M(379M) 3,601ms
[2024-08-07T20:31:57.698+0300][5,394s][info][gc] GC(201) Pause Young (Allocation Failure) 123M->3M(380M) 3,824ms
[2024-08-07T20:31:57.725+0300][5,421s][info][gc] GC(202) Pause Young (Allocation Failure) 123M->3M(379M) 3,787ms
[2024-08-07T20:31:57.749+0300][5,445s][info][gc] GC(203) Pause Young (Allocation Failure) 122M->2M(380M) 1,724ms
[2024-08-07T20:31:57.776+0300][5,472s][info][gc] GC(204) Pause Young (Allocation Failure) 122M->5M(379M) 4,362ms
[2024-08-07T20:31:57.803+0300][5,499s][info][gc] GC(205) Pause Young (Allocation Failure) 125M->5M(379M) 3,672ms
[2024-08-07T20:31:57.829+0300][5,525s][info][gc] GC(206) Pause Young (Allocation Failure) 124M->4M(379M) 3,952ms
[2024-08-07T20:31:57.856+0300][5,552s][info][gc] GC(207) Pause Young (Allocation Failure) 123M->3M(380M) 3,995ms
[2024-08-07T20:31:57.882+0300][5,578s][info][gc] GC(208) Pause Young (Allocation Failure) 123M->3M(379M) 3,752ms
[2024-08-07T20:31:57.907+0300][5,603s][info][gc] GC(209) Pause Young (Allocation Failure) 122M->2M(380M) 1,361ms
[2024-08-07T20:31:57.933+0300][5,629s][info][gc] GC(210) Pause Young (Allocation Failure) 122M->5M(379M) 4,002ms
[2024-08-07T20:31:57.960+0300][5,656s][info][gc] GC(211) Pause Young (Allocation Failure) 125M->4M(379M) 4,115ms
[2024-08-07T20:31:57.987+0300][5,683s][info][gc] GC(212) Pause Young (Allocation Failure) 123M->4M(379M) 3,881ms
[2024-08-07T20:31:58.013+0300][5,709s][info][gc] GC(213) Pause Young (Allocation Failure) 123M->3M(380M) 3,351ms
[2024-08-07T20:31:58.040+0300][5,736s][info][gc] GC(214) Pause Young (Allocation Failure) 123M->3M(380M) 3,823ms
[2024-08-07T20:31:58.064+0300][5,760s][info][gc] GC(215) Pause Young (Allocation Failure) 123M->2M(380M) 1,412ms
[2024-08-07T20:31:58.091+0300][5,787s][info][gc] GC(216) Pause Young (Allocation Failure) 122M->5M(379M) 3,838ms
[2024-08-07T20:31:58.118+0300][5,814s][info][gc] GC(217) Pause Young (Allocation Failure) 125M->5M(379M) 4,154ms
[2024-08-07T20:31:58.144+0300][5,840s][info][gc] GC(218) Pause Young (Allocation Failure) 124M->4M(379M) 3,718ms
[2024-08-07T20:31:58.171+0300][5,867s][info][gc] GC(219) Pause Young (Allocation Failure) 123M->3M(380M) 4,095ms
[2024-08-07T20:31:58.198+0300][5,894s][info][gc] GC(220) Pause Young (Allocation Failure) 123M->3M(379M) 3,606ms
[2024-08-07T20:31:58.222+0300][5,918s][info][gc] GC(221) Pause Young (Allocation Failure) 122M->2M(380M) 1,361ms
[2024-08-07T20:31:58.249+0300][5,945s][info][gc] GC(222) Pause Young (Allocation Failure) 122M->5M(379M) 4,174ms
[2024-08-07T20:31:58.276+0300][5,972s][info][gc] GC(223) Pause Young (Allocation Failure) 125M->5M(379M) 3,775ms
[2024-08-07T20:31:58.302+0300][5,998s][info][gc] GC(224) Pause Young (Allocation Failure) 124M->4M(379M) 3,767ms
[2024-08-07T20:31:58.329+0300][6,025s][info][gc] GC(225) Pause Young (Allocation Failure) 123M->3M(380M) 3,955ms
[2024-08-07T20:31:58.356+0300][6,052s][info][gc] GC(226) Pause Young (Allocation Failure) 123M->3M(379M) 3,546ms
[2024-08-07T20:31:58.380+0300][6,076s][info][gc] GC(227) Pause Young (Allocation Failure) 122M->2M(380M) 1,413ms
[2024-08-07T20:31:58.406+0300][6,102s][info][gc] GC(228) Pause Young (Allocation Failure) 122M->5M(379M) 3,815ms
[2024-08-07T20:31:58.433+0300][6,129s][info][gc] GC(229) Pause Young (Allocation Failure) 125M->4M(379M) 3,744ms
[2024-08-07T20:31:58.459+0300][6,155s][info][gc] GC(230) Pause Young (Allocation Failure) 123M->4M(379M) 3,626ms
[2024-08-07T20:31:58.485+0300][6,181s][info][gc] GC(231) Pause Young (Allocation Failure) 123M->3M(380M) 3,778ms
[2024-08-07T20:31:58.512+0300][6,208s][info][gc] GC(232) Pause Young (Allocation Failure) 123M->3M(380M) 3,762ms
[2024-08-07T20:31:58.537+0300][6,233s][info][gc] GC(233) Pause Young (Allocation Failure) 123M->2M(380M) 1,356ms
[2024-08-07T20:31:58.563+0300][6,259s][info][gc] GC(234) Pause Young (Allocation Failure) 122M->5M(379M) 3,750ms
[2024-08-07T20:31:58.590+0300][6,286s][info][gc] GC(235) Pause Young (Allocation Failure) 125M->5M(379M) 3,861ms
[2024-08-07T20:31:58.616+0300][6,312s][info][gc] GC(236) Pause Young (Allocation Failure) 124M->4M(379M) 3,514ms
[2024-08-07T20:31:58.643+0300][6,339s][info][gc] GC(237) Pause Young (Allocation Failure) 123M->3M(380M) 3,766ms
[2024-08-07T20:31:58.669+0300][6,365s][info][gc] GC(238) Pause Young (Allocation Failure) 123M->3M(379M) 3,116ms
[2024-08-07T20:31:58.693+0300][6,389s][info][gc] GC(239) Pause Young (Allocation Failure) 122M->2M(380M) 1,478ms
[2024-08-07T20:31:58.720+0300][6,416s][info][gc] GC(240) Pause Young (Allocation Failure) 122M->5M(379M) 4,140ms
[2024-08-07T20:31:58.747+0300][6,443s][info][gc] GC(241) Pause Young (Allocation Failure) 125M->5M(379M) 3,760ms
[2024-08-07T20:31:58.773+0300][6,469s][info][gc] GC(242) Pause Young (Allocation Failure) 124M->4M(379M) 3,929ms
[2024-08-07T20:31:58.799+0300][6,495s][info][gc] GC(243) Pause Young (Allocation Failure) 123M->3M(380M) 3,665ms
[2024-08-07T20:31:58.827+0300][6,523s][info][gc] GC(244) Pause Young (Allocation Failure) 123M->3M(379M) 3,929ms
[2024-08-07T20:31:58.851+0300][6,547s][info][gc] GC(245) Pause Young (Allocation Failure) 122M->2M(380M) 1,086ms
[2024-08-07T20:31:58.877+0300][6,573s][info][gc] GC(246) Pause Young (Allocation Failure) 122M->5M(379M) 4,115ms
[2024-08-07T20:31:58.904+0300][6,600s][info][gc] GC(247) Pause Young (Allocation Failure) 125M->5M(379M) 3,785ms
[2024-08-07T20:31:58.930+0300][6,626s][info][gc] GC(248) Pause Young (Allocation Failure) 124M->4M(379M) 3,697ms
[2024-08-07T20:31:58.957+0300][6,653s][info][gc] GC(249) Pause Young (Allocation Failure) 123M->3M(380M) 3,381ms
[2024-08-07T20:31:58.982+0300][6,678s][info][gc] GC(250) Pause Young (Allocation Failure) 123M->3M(379M) 2,920ms
[2024-08-07T20:31:59.006+0300][6,702s][info][gc] GC(251) Pause Young (Allocation Failure) 122M->2M(380M) 1,044ms
[2024-08-07T20:31:59.033+0300][6,729s][info][gc] GC(252) Pause Young (Allocation Failure) 122M->5M(379M) 3,687ms
[2024-08-07T20:31:59.059+0300][6,755s][info][gc] GC(253) Pause Young (Allocation Failure) 125M->4M(379M) 3,610ms
[2024-08-07T20:31:59.086+0300][6,782s][info][gc] GC(254) Pause Young (Allocation Failure) 123M->4M(379M) 3,582ms
[2024-08-07T20:31:59.112+0300][6,808s][info][gc] GC(255) Pause Young (Allocation Failure) 123M->3M(380M) 3,807ms
[2024-08-07T20:31:59.139+0300][6,835s][info][gc] GC(256) Pause Young (Allocation Failure) 123M->3M(380M) 3,554ms
[2024-08-07T20:31:59.163+0300][6,859s][info][gc] GC(257) Pause Young (Allocation Failure) 123M->2M(380M) 1,882ms
[2024-08-07T20:31:59.190+0300][6,886s][info][gc] GC(258) Pause Young (Allocation Failure) 122M->5M(379M) 3,987ms
[2024-08-07T20:31:59.217+0300][6,913s][info][gc] GC(259) Pause Young (Allocation Failure) 125M->5M(379M) 3,870ms
[2024-08-07T20:31:59.243+0300][6,940s][info][gc] GC(260) Pause Young (Allocation Failure) 124M->4M(379M) 4,032ms
[2024-08-07T20:31:59.270+0300][6,966s][info][gc] GC(261) Pause Young (Allocation Failure) 123M->3M(380M) 3,782ms
[2024-08-07T20:31:59.297+0300][6,993s][info][gc] GC(262) Pause Young (Allocation Failure) 123M->3M(380M) 3,454ms
[2024-08-07T20:31:59.321+0300][7,017s][info][gc] GC(263) Pause Young (Allocation Failure) 123M->3M(380M) 1,756ms
[2024-08-07T20:31:59.348+0300][7,044s][info][gc] GC(264) Pause Young (Allocation Failure) 123M->5M(379M) 4,064ms
[2024-08-07T20:31:59.375+0300][7,071s][info][gc] GC(265) Pause Young (Allocation Failure) 125M->5M(379M) 4,118ms
[2024-08-07T20:31:59.401+0300][7,097s][info][gc] GC(266) Pause Young (Allocation Failure) 124M->4M(379M) 3,736ms
[2024-08-07T20:31:59.428+0300][7,124s][info][gc] GC(267) Pause Young (Allocation Failure) 123M->3M(380M) 3,917ms
[2024-08-07T20:31:59.454+0300][7,150s][info][gc] GC(268) Pause Young (Allocation Failure) 123M->3M(379M) 3,258ms
[2024-08-07T20:31:59.478+0300][7,175s][info][gc] GC(269) Pause Young (Allocation Failure) 122M->2M(380M) 1,555ms
[2024-08-07T20:31:59.506+0300][7,202s][info][gc] GC(270) Pause Young (Allocation Failure) 122M->5M(379M) 4,436ms
[2024-08-07T20:31:59.532+0300][7,229s][info][gc] GC(271) Pause Young (Allocation Failure) 125M->5M(379M) 3,838ms
[2024-08-07T20:31:59.559+0300][7,255s][info][gc] GC(272) Pause Young (Allocation Failure) 124M->4M(379M) 3,635ms
[2024-08-07T20:31:59.585+0300][7,281s][info][gc] GC(273) Pause Young (Allocation Failure) 123M->3M(380M) 3,964ms
[2024-08-07T20:31:59.612+0300][7,308s][info][gc] GC(274) Pause Young (Allocation Failure) 123M->3M(379M) 3,695ms
[2024-08-07T20:31:59.637+0300][7,333s][info][gc] GC(275) Pause Young (Allocation Failure) 122M->2M(380M) 1,546ms
[2024-08-07T20:31:59.663+0300][7,359s][info][gc] GC(276) Pause Young (Allocation Failure) 122M->5M(379M) 4,275ms
[2024-08-07T20:31:59.690+0300][7,386s][info][gc] GC(277) Pause Young (Allocation Failure) 125M->5M(379M) 4,047ms
[2024-08-07T20:31:59.717+0300][7,413s][info][gc] GC(278) Pause Young (Allocation Failure) 124M->4M(379M) 4,108ms
[2024-08-07T20:31:59.744+0300][7,440s][info][gc] GC(279) Pause Young (Allocation Failure) 123M->3M(380M) 4,041ms
[2024-08-07T20:31:59.770+0300][7,466s][info][gc] GC(280) Pause Young (Allocation Failure) 123M->3M(379M) 3,401ms
[2024-08-07T20:31:59.794+0300][7,490s][info][gc] GC(281) Pause Young (Allocation Failure) 122M->2M(380M) 1,243ms
[2024-08-07T20:31:59.821+0300][7,517s][info][gc] GC(282) Pause Young (Allocation Failure) 122M->5M(379M) 4,061ms
[2024-08-07T20:31:59.848+0300][7,544s][info][gc] GC(283) Pause Young (Allocation Failure) 125M->5M(379M) 4,180ms
[2024-08-07T20:31:59.875+0300][7,571s][info][gc] GC(284) Pause Young (Allocation Failure) 124M->4M(379M) 4,003ms
[2024-08-07T20:31:59.901+0300][7,597s][info][gc] GC(285) Pause Young (Allocation Failure) 123M->3M(380M) 4,119ms
[2024-08-07T20:31:59.928+0300][7,624s][info][gc] GC(286) Pause Young (Allocation Failure) 123M->3M(380M) 3,495ms
[2024-08-07T20:31:59.952+0300][7,648s][info][gc] GC(287) Pause Young (Allocation Failure) 123M->2M(380M) 1,783ms
[2024-08-07T20:31:59.979+0300][7,675s][info][gc] GC(288) Pause Young (Allocation Failure) 122M->5M(379M) 4,419ms
[2024-08-07T20:32:00.006+0300][7,702s][info][gc] GC(289) Pause Young (Allocation Failure) 125M->5M(379M) 4,333ms
[2024-08-07T20:32:00.032+0300][7,728s][info][gc] GC(290) Pause Young (Allocation Failure) 124M->4M(379M) 3,496ms
[2024-08-07T20:32:00.059+0300][7,755s][info][gc] GC(291) Pause Young (Allocation Failure) 123M->3M(380M) 3,983ms
[2024-08-07T20:32:00.086+0300][7,782s][info][gc] GC(292) Pause Young (Allocation Failure) 123M->3M(379M) 3,720ms
[2024-08-07T20:32:00.110+0300][7,806s][info][gc] GC(293) Pause Young (Allocation Failure) 122M->2M(380M) 1,477ms
[2024-08-07T20:32:00.137+0300][7,833s][info][gc] GC(294) Pause Young (Allocation Failure) 122M->5M(379M) 4,259ms
[2024-08-07T20:32:00.163+0300][7,859s][info][gc] GC(295) Pause Young (Allocation Failure) 125M->5M(379M) 3,588ms
[2024-08-07T20:32:00.190+0300][7,886s][info][gc] GC(296) Pause Young (Allocation Failure) 124M->4M(379M) 3,575ms
[2024-08-07T20:32:00.217+0300][7,913s][info][gc] GC(297) Pause Young (Allocation Failure) 123M->3M(380M) 4,104ms
[2024-08-07T20:32:00.242+0300][7,938s][info][gc] GC(298) Pause Young (Allocation Failure) 123M->3M(379M) 2,201ms
[2024-08-07T20:32:00.266+0300][7,962s][info][gc] GC(299) Pause Young (Allocation Failure) 122M->2M(380M) 1,118ms
[2024-08-07T20:32:00.292+0300][7,988s][info][gc] GC(300) Pause Young (Allocation Failure) 122M->5M(379M) 4,189ms
[2024-08-07T20:32:00.319+0300][8,015s][info][gc] GC(301) Pause Young (Allocation Failure) 125M->5M(379M) 3,874ms
[2024-08-07T20:32:00.345+0300][8,042s][info][gc] GC(302) Pause Young (Allocation Failure) 124M->4M(379M) 3,478ms
[2024-08-07T20:32:00.371+0300][8,067s][info][gc] GC(303) Pause Young (Allocation Failure) 123M->3M(380M) 2,958ms
[2024-08-07T20:32:00.397+0300][8,093s][info][gc] GC(304) Pause Young (Allocation Failure) 123M->3M(379M) 3,227ms
[2024-08-07T20:32:00.421+0300][8,117s][info][gc] GC(305) Pause Young (Allocation Failure) 122M->2M(380M) 0,916ms
[2024-08-07T20:32:00.448+0300][8,144s][info][gc] GC(306) Pause Young (Allocation Failure) 122M->5M(379M) 4,306ms
[2024-08-07T20:32:00.475+0300][8,171s][info][gc] GC(307) Pause Young (Allocation Failure) 125M->4M(379M) 4,003ms
[2024-08-07T20:32:00.501+0300][8,197s][info][gc] GC(308) Pause Young (Allocation Failure) 123M->4M(379M) 3,690ms
[2024-08-07T20:32:00.527+0300][8,223s][info][gc] GC(309) Pause Young (Allocation Failure) 123M->3M(380M) 3,882ms
[2024-08-07T20:32:00.553+0300][8,249s][info][gc] GC(310) Pause Young (Allocation Failure) 123M->3M(380M) 2,756ms
[2024-08-07T20:32:00.577+0300][8,273s][info][gc] GC(311) Pause Young (Allocation Failure) 123M->2M(380M) 1,481ms
[2024-08-07T20:32:00.604+0300][8,300s][info][gc] GC(312) Pause Young (Allocation Failure) 122M->5M(379M) 4,104ms
[2024-08-07T20:32:00.631+0300][8,328s][info][gc] GC(313) Pause Young (Allocation Failure) 125M->5M(379M) 4,426ms
[2024-08-07T20:32:00.658+0300][8,354s][info][gc] GC(314) Pause Young (Allocation Failure) 124M->4M(379M) 4,196ms
[2024-08-07T20:32:00.685+0300][8,381s][info][gc] GC(315) Pause Young (Allocation Failure) 123M->3M(380M) 4,301ms
[2024-08-07T20:32:00.712+0300][8,408s][info][gc] GC(316) Pause Young (Allocation Failure) 123M->3M(379M) 3,677ms
[2024-08-07T20:32:00.736+0300][8,432s][info][gc] GC(317) Pause Young (Allocation Failure) 122M->2M(380M) 1,195ms
[2024-08-07T20:32:00.763+0300][8,459s][info][gc] GC(318) Pause Young (Allocation Failure) 122M->5M(379M) 4,313ms
[2024-08-07T20:32:00.790+0300][8,486s][info][gc] GC(319) Pause Young (Allocation Failure) 125M->5M(379M) 4,443ms
[2024-08-07T20:32:00.817+0300][8,513s][info][gc] GC(320) Pause Young (Allocation Failure) 124M->4M(379M) 4,218ms
[2024-08-07T20:32:00.844+0300][8,540s][info][gc] GC(321) Pause Young (Allocation Failure) 123M->3M(380M) 3,622ms
[2024-08-07T20:32:00.870+0300][8,566s][info][gc] GC(322) Pause Young (Allocation Failure) 123M->3M(380M) 3,770ms
[2024-08-07T20:32:00.895+0300][8,591s][info][gc] GC(323) Pause Young (Allocation Failure) 123M->2M(380M) 1,481ms
[2024-08-07T20:32:00.922+0300][8,618s][info][gc] GC(324) Pause Young (Allocation Failure) 122M->5M(379M) 4,399ms
[2024-08-07T20:32:00.949+0300][8,645s][info][gc] GC(325) Pause Young (Allocation Failure) 125M->5M(379M) 4,232ms
[2024-08-07T20:32:00.976+0300][8,672s][info][gc] GC(326) Pause Young (Allocation Failure) 124M->4M(379M) 4,505ms
[2024-08-07T20:32:01.003+0300][8,699s][info][gc] GC(327) Pause Young (Allocation Failure) 123M->3M(380M) 3,959ms
[2024-08-07T20:32:01.030+0300][8,726s][info][gc] GC(328) Pause Young (Allocation Failure) 123M->3M(379M) 3,949ms
[2024-08-07T20:32:01.055+0300][8,751s][info][gc] GC(329) Pause Young (Allocation Failure) 122M->2M(380M) 1,564ms
[2024-08-07T20:32:01.082+0300][8,778s][info][gc] GC(330) Pause Young (Allocation Failure) 122M->5M(379M) 4,139ms
[2024-08-07T20:32:01.109+0300][8,805s][info][gc] GC(331) Pause Young (Allocation Failure) 125M->5M(379M) 4,107ms
[2024-08-07T20:32:01.136+0300][8,832s][info][gc] GC(332) Pause Young (Allocation Failure) 124M->4M(379M) 4,504ms
[2024-08-07T20:32:01.162+0300][8,858s][info][gc] GC(333) Pause Young (Allocation Failure) 123M->3M(380M) 3,383ms
[2024-08-07T20:32:01.189+0300][8,885s][info][gc] GC(334) Pause Young (Allocation Failure) 123M->3M(379M) 3,821ms
[2024-08-07T20:32:01.213+0300][8,909s][info][gc] GC(335) Pause Young (Allocation Failure) 122M->2M(380M) 1,421ms
[2024-08-07T20:32:01.240+0300][8,936s][info][gc] GC(336) Pause Young (Allocation Failure) 122M->5M(379M) 4,146ms
[2024-08-07T20:32:01.267+0300][8,963s][info][gc] GC(337) Pause Young (Allocation Failure) 125M->5M(379M) 4,231ms
[2024-08-07T20:32:01.294+0300][8,990s][info][gc] GC(338) Pause Young (Allocation Failure) 124M->4M(379M) 4,136ms
[2024-08-07T20:32:01.320+0300][9,017s][info][gc] GC(339) Pause Young (Allocation Failure) 123M->3M(380M) 4,037ms
[2024-08-07T20:32:01.347+0300][9,043s][info][gc] GC(340) Pause Young (Allocation Failure) 123M->3M(379M) 3,639ms
[2024-08-07T20:32:01.371+0300][9,067s][info][gc] GC(341) Pause Young (Allocation Failure) 122M->2M(380M) 1,066ms
[2024-08-07T20:32:01.398+0300][9,094s][info][gc] GC(342) Pause Young (Allocation Failure) 122M->5M(379M) 4,504ms
[2024-08-07T20:32:01.425+0300][9,121s][info][gc] GC(343) Pause Young (Allocation Failure) 125M->4M(379M) 3,829ms
[2024-08-07T20:32:01.452+0300][9,148s][info][gc] GC(344) Pause Young (Allocation Failure) 123M->4M(379M) 4,125ms
[2024-08-07T20:32:01.477+0300][9,173s][info][gc] GC(345) Pause Young (Allocation Failure) 123M->3M(380M) 3,272ms
[2024-08-07T20:32:01.504+0300][9,200s][info][gc] GC(346) Pause Young (Allocation Failure) 123M->3M(380M) 3,832ms
[2024-08-07T20:32:01.528+0300][9,224s][info][gc] GC(347) Pause Young (Allocation Failure) 123M->2M(380M) 1,461ms
[2024-08-07T20:32:01.557+0300][9,253s][info][gc] GC(348) Pause Young (Allocation Failure) 122M->5M(379M) 4,317ms
[2024-08-07T20:32:01.584+0300][9,280s][info][gc] GC(349) Pause Young (Allocation Failure) 125M->5M(379M) 3,943ms
[2024-08-07T20:32:01.611+0300][9,307s][info][gc] GC(350) Pause Young (Allocation Failure) 124M->4M(379M) 4,572ms
[2024-08-07T20:32:01.638+0300][9,334s][info][gc] GC(351) Pause Young (Allocation Failure) 123M->3M(380M) 4,134ms
[2024-08-07T20:32:01.664+0300][9,360s][info][gc] GC(352) Pause Young (Allocation Failure) 123M->3M(380M) 3,328ms
[2024-08-07T20:32:01.689+0300][9,385s][info][gc] GC(353) Pause Young (Allocation Failure) 123M->2M(380M) 1,941ms
[2024-08-07T20:32:01.716+0300][9,412s][info][gc] GC(354) Pause Young (Allocation Failure) 122M->5M(379M) 4,368ms
[2024-08-07T20:32:01.744+0300][9,440s][info][gc] GC(355) Pause Young (Allocation Failure) 125M->5M(379M) 4,437ms
[2024-08-07T20:32:01.770+0300][9,467s][info][gc] GC(356) Pause Young (Allocation Failure) 124M->4M(379M) 4,037ms
[2024-08-07T20:32:01.797+0300][9,493s][info][gc] GC(357) Pause Young (Allocation Failure) 123M->4M(380M) 3,862ms
[2024-08-07T20:32:01.824+0300][9,520s][info][gc] GC(358) Pause Young (Allocation Failure) 123M->3M(379M) 3,912ms
[2024-08-07T20:32:01.848+0300][9,545s][info][gc] GC(359) Pause Young (Allocation Failure) 123M->2M(380M) 1,707ms
[2024-08-07T20:32:01.876+0300][9,572s][info][gc] GC(360) Pause Young (Allocation Failure) 122M->5M(379M) 4,345ms
[2024-08-07T20:32:01.903+0300][9,599s][info][gc] GC(361) Pause Young (Allocation Failure) 125M->5M(379M) 4,354ms
[2024-08-07T20:32:01.929+0300][9,626s][info][gc] GC(362) Pause Young (Allocation Failure) 124M->4M(379M) 3,930ms
[2024-08-07T20:32:01.956+0300][9,652s][info][gc] GC(363) Pause Young (Allocation Failure) 123M->3M(380M) 4,134ms
[2024-08-07T20:32:01.983+0300][9,679s][info][gc] GC(364) Pause Young (Allocation Failure) 123M->3M(379M) 3,734ms
[2024-08-07T20:32:02.008+0300][9,704s][info][gc] GC(365) Pause Young (Allocation Failure) 122M->2M(380M) 1,621ms
[2024-08-07T20:32:02.035+0300][9,731s][info][gc] GC(366) Pause Young (Allocation Failure) 122M->5M(379M) 4,432ms
[2024-08-07T20:32:02.062+0300][9,758s][info][gc] GC(367) Pause Young (Allocation Failure) 125M->5M(379M) 4,171ms
[2024-08-07T20:32:02.087+0300][9,783s][info][gc] GC(368) Pause Young (Allocation Failure) 124M->4M(379M) 2,838ms
[2024-08-07T20:32:02.114+0300][9,810s][info][gc] GC(369) Pause Young (Allocation Failure) 123M->3M(380M) 4,346ms
[2024-08-07T20:32:02.141+0300][9,837s][info][gc] GC(370) Pause Young (Allocation Failure) 123M->3M(379M) 3,450ms
[2024-08-07T20:32:02.165+0300][9,861s][info][gc] GC(371) Pause Young (Allocation Failure) 122M->2M(380M) 1,352ms
[2024-08-07T20:32:02.192+0300][9,888s][info][gc] GC(372) Pause Young (Allocation Failure) 122M->5M(379M) 4,402ms
[2024-08-07T20:32:02.219+0300][9,915s][info][gc] GC(373) Pause Young (Allocation Failure) 125M->5M(379M) 4,262ms
[2024-08-07T20:32:02.246+0300][9,942s][info][gc] GC(374) Pause Young (Allocation Failure) 124M->4M(379M) 4,276ms
[2024-08-07T20:32:02.272+0300][9,968s][info][gc] GC(375) Pause Young (Allocation Failure) 123M->3M(380M) 3,649ms
[2024-08-07T20:32:02.298+0300][9,994s][info][gc] GC(376) Pause Young (Allocation Failure) 123M->3M(379M) 3,048ms
[2024-08-07T20:32:02.322+0300][10,018s][info][gc] GC(377) Pause Young (Allocation Failure) 122M->2M(380M) 0,882ms
[2024-08-07T20:32:02.349+0300][10,045s][info][gc] GC(378) Pause Young (Allocation Failure) 122M->5M(379M) 4,253ms
[2024-08-07T20:32:02.376+0300][10,072s][info][gc] GC(379) Pause Young (Allocation Failure) 125M->5M(379M) 4,193ms
[2024-08-07T20:32:02.402+0300][10,098s][info][gc] GC(380) Pause Young (Allocation Failure) 124M->4M(379M) 4,029ms
[2024-08-07T20:32:02.428+0300][10,124s][info][gc] GC(381) Pause Young (Allocation Failure) 123M->3M(380M) 3,331ms
[2024-08-07T20:32:02.455+0300][10,151s][info][gc] GC(382) Pause Young (Allocation Failure) 123M->3M(380M) 3,210ms
[2024-08-07T20:32:02.479+0300][10,175s][info][gc] GC(383) Pause Young (Allocation Failure) 123M->2M(380M) 1,630ms
[2024-08-07T20:32:02.506+0300][10,202s][info][gc] GC(384) Pause Young (Allocation Failure) 122M->5M(379M) 4,129ms
[2024-08-07T20:32:02.533+0300][10,229s][info][gc] GC(385) Pause Young (Allocation Failure) 125M->5M(379M) 4,424ms
[2024-08-07T20:32:02.560+0300][10,256s][info][gc] GC(386) Pause Young (Allocation Failure) 124M->4M(379M) 4,049ms
[2024-08-07T20:32:02.587+0300][10,283s][info][gc] GC(387) Pause Young (Allocation Failure) 123M->3M(380M) 4,066ms
[2024-08-07T20:32:02.613+0300][10,309s][info][gc] GC(388) Pause Young (Allocation Failure) 123M->3M(380M) 3,539ms
[2024-08-07T20:32:02.638+0300][10,334s][info][gc] GC(389) Pause Young (Allocation Failure) 123M->3M(380M) 1,756ms
[2024-08-07T20:32:02.664+0300][10,361s][info][gc] GC(390) Pause Young (Allocation Failure) 123M->5M(379M) 4,127ms
[2024-08-07T20:32:02.692+0300][10,388s][info][gc] GC(391) Pause Young (Allocation Failure) 125M->5M(379M) 4,221ms
[2024-08-07T20:32:02.718+0300][10,414s][info][gc] GC(392) Pause Young (Allocation Failure) 124M->4M(379M) 3,819ms
[2024-08-07T20:32:02.745+0300][10,441s][info][gc] GC(393) Pause Young (Allocation Failure) 123M->4M(380M) 4,130ms
[2024-08-07T20:32:02.772+0300][10,468s][info][gc] GC(394) Pause Young (Allocation Failure) 123M->3M(379M) 3,552ms
[2024-08-07T20:32:02.796+0300][10,492s][info][gc] GC(395) Pause Young (Allocation Failure) 122M->2M(380M) 1,648ms
[2024-08-07T20:32:02.823+0300][10,519s][info][gc] GC(396) Pause Young (Allocation Failure) 122M->5M(379M) 3,844ms
[2024-08-07T20:32:02.850+0300][10,546s][info][gc] GC(397) Pause Young (Allocation Failure) 125M->5M(379M) 4,000ms
[2024-08-07T20:32:02.877+0300][10,573s][info][gc] GC(398) Pause Young (Allocation Failure) 124M->4M(379M) 4,275ms
[2024-08-07T20:32:02.904+0300][10,600s][info][gc] GC(399) Pause Young (Allocation Failure) 123M->3M(380M) 4,226ms
[2024-08-07T20:32:02.931+0300][10,627s][info][gc] GC(400) Pause Young (Allocation Failure) 123M->3M(379M) 3,874ms
[2024-08-07T20:32:02.955+0300][10,651s][info][gc] GC(401) Pause Young (Allocation Failure) 122M->2M(380M) 1,595ms
[2024-08-07T20:32:02.983+0300][10,679s][info][gc] GC(402) Pause Young (Allocation Failure) 122M->5M(379M) 4,412ms
[2024-08-07T20:32:03.009+0300][10,705s][info][gc] GC(403) Pause Young (Allocation Failure) 125M->5M(379M) 3,311ms
[2024-08-07T20:32:03.035+0300][10,731s][info][gc] GC(404) Pause Young (Allocation Failure) 124M->4M(379M) 4,278ms
[2024-08-07T20:32:03.063+0300][10,759s][info][gc] GC(405) Pause Young (Allocation Failure) 123M->3M(380M) 4,491ms
[2024-08-07T20:32:03.091+0300][10,787s][info][gc] GC(406) Pause Young (Allocation Failure) 123M->3M(379M) 4,377ms
[2024-08-07T20:32:03.125+0300][10,821s][info][gc] GC(407) Pause Young (Allocation Failure) 122M->2M(380M) 1,469ms
[2024-08-07T20:32:03.161+0300][10,857s][info][gc] GC(408) Pause Young (Allocation Failure) 122M->5M(379M) 4,135ms
[2024-08-07T20:32:03.188+0300][10,884s][info][gc] GC(409) Pause Young (Allocation Failure) 125M->5M(379M) 4,305ms
[2024-08-07T20:32:03.216+0300][10,912s][info][gc] GC(410) Pause Young (Allocation Failure) 124M->4M(379M) 4,531ms
[2024-08-07T20:32:03.243+0300][10,939s][info][gc] GC(411) Pause Young (Allocation Failure) 123M->3M(380M) 4,170ms
[2024-08-07T20:32:03.271+0300][10,967s][info][gc] GC(412) Pause Young (Allocation Failure) 123M->3M(380M) 4,202ms
[2024-08-07T20:32:03.295+0300][10,991s][info][gc] GC(413) Pause Young (Allocation Failure) 123M->3M(380M) 1,379ms
[2024-08-07T20:32:03.322+0300][11,019s][info][gc] GC(414) Pause Young (Allocation Failure) 123M->5M(379M) 4,284ms
[2024-08-07T20:32:03.350+0300][11,046s][info][gc] GC(415) Pause Young (Allocation Failure) 125M->5M(379M) 4,337ms
[2024-08-07T20:32:03.376+0300][11,072s][info][gc] GC(416) Pause Young (Allocation Failure) 124M->4M(379M) 3,499ms
[2024-08-07T20:32:03.403+0300][11,099s][info][gc] GC(417) Pause Young (Allocation Failure) 123M->4M(380M) 4,058ms
[2024-08-07T20:32:03.430+0300][11,126s][info][gc] GC(418) Pause Young (Allocation Failure) 123M->3M(379M) 3,954ms
[2024-08-07T20:32:03.455+0300][11,151s][info][gc] GC(419) Pause Young (Allocation Failure) 123M->2M(380M) 1,786ms
[2024-08-07T20:32:03.481+0300][11,177s][info][gc] GC(420) Pause Young (Allocation Failure) 122M->5M(379M) 4,083ms
[2024-08-07T20:32:03.509+0300][11,205s][info][gc] GC(421) Pause Young (Allocation Failure) 125M->5M(379M) 4,064ms
[2024-08-07T20:32:03.536+0300][11,232s][info][gc] GC(422) Pause Young (Allocation Failure) 124M->4M(379M) 4,092ms
[2024-08-07T20:32:03.563+0300][11,259s][info][gc] GC(423) Pause Young (Allocation Failure) 123M->3M(380M) 3,995ms
[2024-08-07T20:32:03.590+0300][11,286s][info][gc] GC(424) Pause Young (Allocation Failure) 123M->3M(379M) 4,138ms
[2024-08-07T20:32:03.614+0300][11,311s][info][gc] GC(425) Pause Young (Allocation Failure) 122M->2M(380M) 1,476ms
[2024-08-07T20:32:03.641+0300][11,337s][info][gc] GC(426) Pause Young (Allocation Failure) 122M->5M(379M) 4,141ms
[2024-08-07T20:32:03.669+0300][11,365s][info][gc] GC(427) Pause Young (Allocation Failure) 125M->5M(379M) 4,221ms
[2024-08-07T20:32:03.696+0300][11,392s][info][gc] GC(428) Pause Young (Allocation Failure) 124M->4M(379M) 4,046ms
[2024-08-07T20:32:03.723+0300][11,419s][info][gc] GC(429) Pause Young (Allocation Failure) 123M->3M(380M) 4,038ms
[2024-08-07T20:32:03.751+0300][11,447s][info][gc] GC(430) Pause Young (Allocation Failure) 123M->3M(380M) 4,105ms
[2024-08-07T20:32:03.775+0300][11,471s][info][gc] GC(431) Pause Young (Allocation Failure) 123M->3M(380M) 1,657ms
[2024-08-07T20:32:03.802+0300][11,498s][info][gc] GC(432) Pause Young (Allocation Failure) 123M->5M(379M) 4,359ms
[2024-08-07T20:32:03.830+0300][11,526s][info][gc] GC(433) Pause Young (Allocation Failure) 125M->5M(379M) 4,333ms
[2024-08-07T20:32:03.858+0300][11,554s][info][gc] GC(434) Pause Young (Allocation Failure) 124M->4M(379M) 4,246ms
[2024-08-07T20:32:03.885+0300][11,581s][info][gc] GC(435) Pause Young (Allocation Failure) 123M->3M(380M) 4,431ms
[2024-08-07T20:32:03.912+0300][11,608s][info][gc] GC(436) Pause Young (Allocation Failure) 123M->3M(379M) 4,119ms
[2024-08-07T20:32:03.937+0300][11,633s][info][gc] GC(437) Pause Young (Allocation Failure) 123M->2M(380M) 1,977ms
[2024-08-07T20:32:03.964+0300][11,661s][info][gc] GC(438) Pause Young (Allocation Failure) 122M->5M(379M) 4,586ms
[2024-08-07T20:32:03.992+0300][11,688s][info][gc] GC(439) Pause Young (Allocation Failure) 125M->5M(379M) 4,223ms
[2024-08-07T20:32:04.019+0300][11,715s][info][gc] GC(440) Pause Young (Allocation Failure) 124M->4M(379M) 4,507ms
[2024-08-07T20:32:04.046+0300][11,742s][info][gc] GC(441) Pause Young (Allocation Failure) 123M->3M(380M) 4,172ms
[2024-08-07T20:32:04.073+0300][11,769s][info][gc] GC(442) Pause Young (Allocation Failure) 123M->3M(379M) 3,835ms
[2024-08-07T20:32:04.098+0300][11,794s][info][gc] GC(443) Pause Young (Allocation Failure) 122M->2M(380M) 1,306ms
[2024-08-07T20:32:04.125+0300][11,821s][info][gc] GC(444) Pause Young (Allocation Failure) 122M->5M(379M) 4,617ms
[2024-08-07T20:32:04.153+0300][11,849s][info][gc] GC(445) Pause Young (Allocation Failure) 125M->5M(379M) 4,435ms
[2024-08-07T20:32:04.180+0300][11,876s][info][gc] GC(446) Pause Young (Allocation Failure) 124M->4M(379M) 4,469ms
[2024-08-07T20:32:04.207+0300][11,903s][info][gc] GC(447) Pause Young (Allocation Failure) 123M->3M(380M) 3,868ms
[2024-08-07T20:32:04.234+0300][11,930s][info][gc] GC(448) Pause Young (Allocation Failure) 123M->3M(379M) 3,326ms
[2024-08-07T20:32:04.258+0300][11,954s][info][gc] GC(449) Pause Young (Allocation Failure) 122M->2M(380M) 0,776ms
[2024-08-07T20:32:04.285+0300][11,981s][info][gc] GC(450) Pause Young (Allocation Failure) 122M->5M(379M) 4,489ms
[2024-08-07T20:32:04.313+0300][12,009s][info][gc] GC(451) Pause Young (Allocation Failure) 125M->5M(379M) 4,481ms
[2024-08-07T20:32:04.341+0300][12,037s][info][gc] GC(452) Pause Young (Allocation Failure) 124M->4M(379M) 4,340ms
[2024-08-07T20:32:04.368+0300][12,064s][info][gc] GC(453) Pause Young (Allocation Failure) 123M->3M(380M) 3,709ms
[2024-08-07T20:32:04.393+0300][12,089s][info][gc] GC(454) Pause Young (Allocation Failure) 123M->3M(380M) 3,000ms
[2024-08-07T20:32:04.418+0300][12,114s][info][gc] GC(455) Pause Young (Allocation Failure) 123M->2M(380M) 1,511ms
[2024-08-07T20:32:04.445+0300][12,141s][info][gc] GC(456) Pause Young (Allocation Failure) 122M->5M(379M) 4,515ms
[2024-08-07T20:32:04.472+0300][12,168s][info][gc] GC(457) Pause Young (Allocation Failure) 125M->5M(379M) 4,136ms
[2024-08-07T20:32:04.500+0300][12,196s][info][gc] GC(458) Pause Young (Allocation Failure) 124M->4M(379M) 4,643ms
[2024-08-07T20:32:04.527+0300][12,224s][info][gc] GC(459) Pause Young (Allocation Failure) 123M->3M(380M) 4,279ms
[2024-08-07T20:32:04.554+0300][12,250s][info][gc] GC(460) Pause Young (Allocation Failure) 123M->3M(380M) 3,887ms
[2024-08-07T20:32:04.579+0300][12,275s][info][gc] GC(461) Pause Young (Allocation Failure) 123M->3M(380M) 2,053ms
[2024-08-07T20:32:04.607+0300][12,303s][info][gc] GC(462) Pause Young (Allocation Failure) 123M->5M(379M) 4,333ms
[2024-08-07T20:32:04.634+0300][12,330s][info][gc] GC(463) Pause Young (Allocation Failure) 125M->5M(379M) 4,209ms
[2024-08-07T20:32:04.662+0300][12,358s][info][gc] GC(464) Pause Young (Allocation Failure) 124M->4M(379M) 4,391ms
[2024-08-07T20:32:04.689+0300][12,385s][info][gc] GC(465) Pause Young (Allocation Failure) 123M->4M(380M) 4,158ms
[2024-08-07T20:32:04.715+0300][12,411s][info][gc] GC(466) Pause Young (Allocation Failure) 123M->3M(379M) 3,418ms
[2024-08-07T20:32:04.740+0300][12,436s][info][gc] GC(467) Pause Young (Allocation Failure) 123M->3M(380M) 1,619ms
[2024-08-07T20:32:04.767+0300][12,464s][info][gc] GC(468) Pause Young (Allocation Failure) 123M->5M(379M) 4,367ms
[2024-08-07T20:32:04.795+0300][12,491s][info][gc] GC(469) Pause Young (Allocation Failure) 125M->5M(379M) 4,386ms
[2024-08-07T20:32:04.822+0300][12,518s][info][gc] GC(470) Pause Young (Allocation Failure) 124M->4M(379M) 4,548ms
[2024-08-07T20:32:04.850+0300][12,546s][info][gc] GC(471) Pause Young (Allocation Failure) 123M->3M(380M) 3,291ms
[2024-08-07T20:32:04.876+0300][12,572s][info][gc] GC(472) Pause Young (Allocation Failure) 123M->3M(379M) 3,535ms
[2024-08-07T20:32:04.901+0300][12,597s][info][gc] GC(473) Pause Young (Allocation Failure) 123M->2M(380M) 1,811ms
[2024-08-07T20:32:04.928+0300][12,624s][info][gc] GC(474) Pause Young (Allocation Failure) 122M->5M(379M) 4,053ms
[2024-08-07T20:32:04.955+0300][12,651s][info][gc] GC(475) Pause Young (Allocation Failure) 125M->5M(379M) 4,277ms
[2024-08-07T20:32:04.982+0300][12,678s][info][gc] GC(476) Pause Young (Allocation Failure) 124M->4M(379M) 4,370ms
[2024-08-07T20:32:05.009+0300][12,705s][info][gc] GC(477) Pause Young (Allocation Failure) 123M->3M(380M) 4,174ms
[2024-08-07T20:32:05.036+0300][12,732s][info][gc] GC(478) Pause Young (Allocation Failure) 123M->3M(379M) 3,931ms
[2024-08-07T20:32:05.061+0300][12,757s][info][gc] GC(479) Pause Young (Allocation Failure) 122M->2M(380M) 1,209ms
[2024-08-07T20:32:05.088+0300][12,784s][info][gc] GC(480) Pause Young (Allocation Failure) 122M->5M(379M) 4,377ms
[2024-08-07T20:32:05.116+0300][12,812s][info][gc] GC(481) Pause Young (Allocation Failure) 125M->5M(379M) 4,589ms
[2024-08-07T20:32:05.143+0300][12,839s][info][gc] GC(482) Pause Young (Allocation Failure) 124M->4M(379M) 4,626ms
[2024-08-07T20:32:05.170+0300][12,866s][info][gc] GC(483) Pause Young (Allocation Failure) 123M->3M(380M) 3,724ms
[2024-08-07T20:32:05.196+0300][12,892s][info][gc] GC(484) Pause Young (Allocation Failure) 123M->3M(379M) 3,145ms
[2024-08-07T20:32:05.220+0300][12,916s][info][gc] GC(485) Pause Young (Allocation Failure) 122M->2M(380M) 0,942ms
[2024-08-07T20:32:05.247+0300][12,943s][info][gc] GC(486) Pause Young (Allocation Failure) 122M->5M(379M) 4,462ms
[2024-08-07T20:32:05.274+0300][12,970s][info][gc] GC(487) Pause Young (Allocation Failure) 125M->5M(379M) 4,131ms
[2024-08-07T20:32:05.301+0300][12,997s][info][gc] GC(488) Pause Young (Allocation Failure) 124M->4M(379M) 4,063ms
[2024-08-07T20:32:05.328+0300][13,024s][info][gc] GC(489) Pause Young (Allocation Failure) 123M->3M(380M) 3,740ms
[2024-08-07T20:32:05.354+0300][13,050s][info][gc] GC(490) Pause Young (Allocation Failure) 123M->3M(380M) 3,530ms
[2024-08-07T20:32:05.378+0300][13,074s][info][gc] GC(491) Pause Young (Allocation Failure) 123M->2M(380M) 1,390ms
[2024-08-07T20:32:05.405+0300][13,101s][info][gc] GC(492) Pause Young (Allocation Failure) 122M->5M(379M) 4,153ms
[2024-08-07T20:32:05.432+0300][13,128s][info][gc] GC(493) Pause Young (Allocation Failure) 125M->5M(379M) 4,372ms
[2024-08-07T20:32:05.460+0300][13,156s][info][gc] GC(494) Pause Young (Allocation Failure) 124M->4M(379M) 4,602ms
[2024-08-07T20:32:05.489+0300][13,185s][info][gc] GC(495) Pause Young (Allocation Failure) 123M->3M(380M) 4,212ms
[2024-08-07T20:32:05.516+0300][13,212s][info][gc] GC(496) Pause Young (Allocation Failure) 123M->3M(379M) 3,852ms
[2024-08-07T20:32:05.540+0300][13,236s][info][gc] GC(497) Pause Young (Allocation Failure) 122M->2M(380M) 1,328ms
[2024-08-07T20:32:05.567+0300][13,263s][info][gc] GC(498) Pause Young (Allocation Failure) 122M->5M(379M) 4,504ms
[2024-08-07T20:32:05.595+0300][13,291s][info][gc] GC(499) Pause Young (Allocation Failure) 125M->5M(379M) 4,338ms
[2024-08-07T20:32:05.622+0300][13,318s][info][gc] GC(500) Pause Young (Allocation Failure) 124M->4M(379M) 4,446ms
[2024-08-07T20:32:05.649+0300][13,345s][info][gc] GC(501) Pause Young (Allocation Failure) 123M->3M(380M) 4,014ms
[2024-08-07T20:32:05.677+0300][13,373s][info][gc] GC(502) Pause Young (Allocation Failure) 123M->3M(380M) 4,197ms
[2024-08-07T20:32:05.701+0300][13,397s][info][gc] GC(503) Pause Young (Allocation Failure) 123M->3M(380M) 1,487ms
[2024-08-07T20:32:05.728+0300][13,424s][info][gc] GC(504) Pause Young (Allocation Failure) 123M->5M(379M) 4,332ms
[2024-08-07T20:32:05.756+0300][13,452s][info][gc] GC(505) Pause Young (Allocation Failure) 125M->5M(379M) 4,378ms
[2024-08-07T20:32:05.783+0300][13,479s][info][gc] GC(506) Pause Young (Allocation Failure) 124M->4M(379M) 4,483ms
[2024-08-07T20:32:05.810+0300][13,506s][info][gc] GC(507) Pause Young (Allocation Failure) 123M->4M(380M) 4,438ms
[2024-08-07T20:32:05.837+0300][13,533s][info][gc] GC(508) Pause Young (Allocation Failure) 123M->3M(379M) 3,889ms
[2024-08-07T20:32:05.862+0300][13,558s][info][gc] GC(509) Pause Young (Allocation Failure) 123M->2M(380M) 1,559ms
[2024-08-07T20:32:05.889+0300][13,585s][info][gc] GC(510) Pause Young (Allocation Failure) 122M->5M(379M) 4,148ms
[2024-08-07T20:32:05.916+0300][13,612s][info][gc] GC(511) Pause Young (Allocation Failure) 125M->5M(379M) 4,121ms
[2024-08-07T20:32:05.942+0300][13,638s][info][gc] GC(512) Pause Young (Allocation Failure) 124M->4M(379M) 3,138ms
[2024-08-07T20:32:05.969+0300][13,665s][info][gc] GC(513) Pause Young (Allocation Failure) 123M->4M(380M) 4,005ms
[2024-08-07T20:32:05.996+0300][13,692s][info][gc] GC(514) Pause Young (Allocation Failure) 123M->3M(379M) 3,517ms
[2024-08-07T20:32:06.021+0300][13,717s][info][gc] GC(515) Pause Young (Allocation Failure) 123M->2M(380M) 1,601ms
[2024-08-07T20:32:06.048+0300][13,744s][info][gc] GC(516) Pause Young (Allocation Failure) 122M->5M(379M) 4,659ms
[2024-08-07T20:32:06.075+0300][13,771s][info][gc] GC(517) Pause Young (Allocation Failure) 125M->5M(379M) 3,803ms
[2024-08-07T20:32:06.102+0300][13,798s][info][gc] GC(518) Pause Young (Allocation Failure) 124M->4M(379M) 4,437ms
[2024-08-07T20:32:06.129+0300][13,825s][info][gc] GC(519) Pause Young (Allocation Failure) 123M->3M(380M) 3,978ms
[2024-08-07T20:32:06.156+0300][13,852s][info][gc] GC(520) Pause Young (Allocation Failure) 123M->3M(380M) 3,718ms
[2024-08-07T20:32:06.181+0300][13,877s][info][gc] GC(521) Pause Young (Allocation Failure) 123M->3M(380M) 1,623ms
[2024-08-07T20:32:06.208+0300][13,904s][info][gc] GC(522) Pause Young (Allocation Failure) 123M->5M(379M) 4,317ms
[2024-08-07T20:32:06.235+0300][13,931s][info][gc] GC(523) Pause Young (Allocation Failure) 125M->5M(379M) 4,042ms
[2024-08-07T20:32:06.262+0300][13,958s][info][gc] GC(524) Pause Young (Allocation Failure) 124M->4M(379M) 4,207ms
[2024-08-07T20:32:06.289+0300][13,985s][info][gc] GC(525) Pause Young (Allocation Failure) 123M->4M(380M) 3,973ms
[2024-08-07T20:32:06.316+0300][14,012s][info][gc] GC(526) Pause Young (Allocation Failure) 123M->3M(379M) 3,974ms
[2024-08-07T20:32:06.341+0300][14,037s][info][gc] GC(527) Pause Young (Allocation Failure) 123M->3M(380M) 1,558ms
[2024-08-07T20:32:06.368+0300][14,064s][info][gc] GC(528) Pause Young (Allocation Failure) 123M->5M(379M) 4,324ms
[2024-08-07T20:32:06.395+0300][14,091s][info][gc] GC(529) Pause Young (Allocation Failure) 125M->5M(379M) 4,194ms
[2024-08-07T20:32:06.421+0300][14,117s][info][gc] GC(530) Pause Young (Allocation Failure) 124M->4M(379M) 3,873ms
[2024-08-07T20:32:06.448+0300][14,144s][info][gc] GC(531) Pause Young (Allocation Failure) 123M->4M(380M) 4,004ms
[2024-08-07T20:32:06.475+0300][14,171s][info][gc] GC(532) Pause Young (Allocation Failure) 123M->3M(379M) 3,566ms
[2024-08-07T20:32:06.499+0300][14,195s][info][gc] GC(533) Pause Young (Allocation Failure) 123M->2M(380M) 1,392ms
[2024-08-07T20:32:06.526+0300][14,222s][info][gc] GC(534) Pause Young (Allocation Failure) 122M->5M(379M) 4,056ms
[2024-08-07T20:32:06.551+0300][14,247s][info][gc] GC(535) Pause Young (Allocation Failure) 125M->5M(379M) 3,099ms
[2024-08-07T20:32:06.577+0300][14,273s][info][gc] GC(536) Pause Young (Allocation Failure) 124M->4M(379M) 3,485ms
[2024-08-07T20:32:06.603+0300][14,299s][info][gc] GC(537) Pause Young (Allocation Failure) 123M->3M(380M) 3,139ms
[2024-08-07T20:32:06.630+0300][14,326s][info][gc] GC(538) Pause Young (Allocation Failure) 123M->3M(380M) 3,574ms
[2024-08-07T20:32:06.655+0300][14,351s][info][gc] GC(539) Pause Young (Allocation Failure) 123M->3M(380M) 1,474ms
[2024-08-07T20:32:06.681+0300][14,378s][info][gc] GC(540) Pause Young (Allocation Failure) 123M->5M(379M) 4,247ms
[2024-08-07T20:32:06.708+0300][14,405s][info][gc] GC(541) Pause Young (Allocation Failure) 125M->5M(379M) 4,055ms
[2024-08-07T20:32:06.735+0300][14,431s][info][gc] GC(542) Pause Young (Allocation Failure) 124M->4M(379M) 3,599ms
[2024-08-07T20:32:06.762+0300][14,458s][info][gc] GC(543) Pause Young (Allocation Failure) 123M->4M(380M) 3,776ms
[2024-08-07T20:32:06.788+0300][14,485s][info][gc] GC(544) Pause Young (Allocation Failure) 123M->3M(379M) 3,706ms
[2024-08-07T20:32:06.813+0300][14,509s][info][gc] GC(545) Pause Young (Allocation Failure) 123M->3M(380M) 1,552ms
[2024-08-07T20:32:06.840+0300][14,536s][info][gc] GC(546) Pause Young (Allocation Failure) 123M->5M(379M) 4,120ms
[2024-08-07T20:32:06.867+0300][14,563s][info][gc] GC(547) Pause Young (Allocation Failure) 125M->5M(379M) 3,934ms
[2024-08-07T20:32:06.893+0300][14,589s][info][gc] GC(548) Pause Young (Allocation Failure) 124M->4M(379M) 3,879ms
[2024-08-07T20:32:06.920+0300][14,616s][info][gc] GC(549) Pause Young (Allocation Failure) 123M->3M(380M) 4,195ms
[2024-08-07T20:32:06.947+0300][14,643s][info][gc] GC(550) Pause Young (Allocation Failure) 123M->3M(379M) 3,582ms
[2024-08-07T20:32:06.971+0300][14,667s][info][gc] GC(551) Pause Young (Allocation Failure) 122M->3M(380M) 1,342ms
[2024-08-07T20:32:06.997+0300][14,693s][info][gc] GC(552) Pause Young (Allocation Failure) 123M->5M(379M) 3,268ms
[2024-08-07T20:32:07.024+0300][14,720s][info][gc] GC(553) Pause Young (Allocation Failure) 125M->5M(379M) 3,560ms
[2024-08-07T20:32:07.050+0300][14,746s][info][gc] GC(554) Pause Young (Allocation Failure) 124M->4M(379M) 3,681ms
[2024-08-07T20:32:07.077+0300][14,773s][info][gc] GC(555) Pause Young (Allocation Failure) 123M->3M(380M) 3,979ms
[2024-08-07T20:32:07.104+0300][14,800s][info][gc] GC(556) Pause Young (Allocation Failure) 123M->3M(380M) 3,759ms
[2024-08-07T20:32:07.128+0300][14,825s][info][gc] GC(557) Pause Young (Allocation Failure) 123M->3M(380M) 1,327ms
[2024-08-07T20:32:07.156+0300][14,852s][info][gc] GC(558) Pause Young (Allocation Failure) 123M->5M(379M) 4,289ms
[2024-08-07T20:32:07.182+0300][14,878s][info][gc] GC(559) Pause Young (Allocation Failure) 125M->5M(379M) 4,207ms
[2024-08-07T20:32:07.210+0300][14,906s][info][gc] GC(560) Pause Young (Allocation Failure) 124M->4M(379M) 4,448ms
[2024-08-07T20:32:07.238+0300][14,934s][info][gc] GC(561) Pause Young (Allocation Failure) 123M->4M(380M) 4,184ms
[2024-08-07T20:32:07.265+0300][14,961s][info][gc] GC(562) Pause Young (Allocation Failure) 123M->3M(379M) 3,985ms
[2024-08-07T20:32:07.291+0300][14,988s][info][gc] GC(563) Pause Young (Allocation Failure) 123M->3M(380M) 1,606ms
[2024-08-07T20:32:07.318+0300][15,014s][info][gc] GC(564) Pause Young (Allocation Failure) 123M->5M(379M) 3,653ms
[2024-08-07T20:32:07.346+0300][15,042s][info][gc] GC(565) Pause Young (Allocation Failure) 125M->5M(379M) 4,105ms
[2024-08-07T20:32:07.373+0300][15,069s][info][gc] GC(566) Pause Young (Allocation Failure) 124M->4M(379M) 4,486ms
[2024-08-07T20:32:07.402+0300][15,098s][info][gc] GC(567) Pause Young (Allocation Failure) 123M->4M(380M) 4,411ms
[2024-08-07T20:32:07.429+0300][15,125s][info][gc] GC(568) Pause Young (Allocation Failure) 123M->3M(379M) 3,805ms
[2024-08-07T20:32:07.453+0300][15,149s][info][gc] GC(569) Pause Young (Allocation Failure) 123M->3M(380M) 1,251ms
[2024-08-07T20:32:07.480+0300][15,176s][info][gc] GC(570) Pause Young (Allocation Failure) 123M->5M(379M) 4,214ms
[2024-08-07T20:32:07.507+0300][15,203s][info][gc] GC(571) Pause Young (Allocation Failure) 125M->5M(379M) 4,148ms
[2024-08-07T20:32:07.535+0300][15,231s][info][gc] GC(572) Pause Young (Allocation Failure) 124M->4M(379M) 4,371ms
[2024-08-07T20:32:07.561+0300][15,257s][info][gc] GC(573) Pause Young (Allocation Failure) 123M->4M(380M) 3,895ms
[2024-08-07T20:32:07.588+0300][15,284s][info][gc] GC(574) Pause Young (Allocation Failure) 123M->3M(379M) 3,514ms
[2024-08-07T20:32:07.612+0300][15,308s][info][gc] GC(575) Pause Young (Allocation Failure) 122M->3M(380M) 0,617ms
[2024-08-07T20:32:07.639+0300][15,335s][info][gc] GC(576) Pause Young (Allocation Failure) 123M->5M(379M) 4,232ms
[2024-08-07T20:32:07.666+0300][15,362s][info][gc] GC(577) Pause Young (Allocation Failure) 125M->5M(379M) 3,950ms
[2024-08-07T20:32:07.694+0300][15,390s][info][gc] GC(578) Pause Young (Allocation Failure) 124M->4M(379M) 4,403ms
[2024-08-07T20:32:07.720+0300][15,416s][info][gc] GC(579) Pause Young (Allocation Failure) 123M->3M(380M) 3,113ms
[2024-08-07T20:32:07.747+0300][15,443s][info][gc] GC(580) Pause Young (Allocation Failure) 123M->3M(380M) 3,659ms
[2024-08-07T20:32:07.772+0300][15,468s][info][gc] GC(581) Pause Young (Allocation Failure) 123M->3M(380M) 1,722ms
[2024-08-07T20:32:07.799+0300][15,495s][info][gc] GC(582) Pause Young (Allocation Failure) 123M->5M(379M) 4,222ms
[2024-08-07T20:32:07.826+0300][15,522s][info][gc] GC(583) Pause Young (Allocation Failure) 125M->5M(379M) 4,114ms
[2024-08-07T20:32:07.854+0300][15,550s][info][gc] GC(584) Pause Young (Allocation Failure) 124M->4M(379M) 4,442ms
[2024-08-07T20:32:07.880+0300][15,576s][info][gc] GC(585) Pause Young (Allocation Failure) 123M->4M(380M) 3,370ms
[2024-08-07T20:32:07.907+0300][15,603s][info][gc] GC(586) Pause Young (Allocation Failure) 124M->3M(380M) 4,112ms
[2024-08-07T20:32:07.931+0300][15,628s][info][gc] GC(587) Pause Young (Allocation Failure) 123M->3M(380M) 1,549ms
[2024-08-07T20:32:07.958+0300][15,654s][info][gc] GC(588) Pause Young (Allocation Failure) 123M->5M(379M) 3,807ms
[2024-08-07T20:32:07.985+0300][15,681s][info][gc] GC(589) Pause Young (Allocation Failure) 125M->5M(379M) 4,024ms
[2024-08-07T20:32:08.013+0300][15,709s][info][gc] GC(590) Pause Young (Allocation Failure) 124M->4M(379M) 4,261ms
[2024-08-07T20:32:08.040+0300][15,736s][info][gc] GC(591) Pause Young (Allocation Failure) 123M->4M(380M) 4,178ms
[2024-08-07T20:32:08.067+0300][15,763s][info][gc] GC(592) Pause Young (Allocation Failure) 123M->3M(379M) 4,184ms
[2024-08-07T20:32:08.092+0300][15,788s][info][gc] GC(593) Pause Young (Allocation Failure) 123M->3M(380M) 1,452ms
[2024-08-07T20:32:08.119+0300][15,815s][info][gc] GC(594) Pause Young (Allocation Failure) 123M->5M(379M) 4,178ms
[2024-08-07T20:32:08.147+0300][15,843s][info][gc] GC(595) Pause Young (Allocation Failure) 125M->5M(379M) 4,079ms
[2024-08-07T20:32:08.175+0300][15,871s][info][gc] GC(596) Pause Young (Allocation Failure) 124M->4M(379M) 4,243ms
[2024-08-07T20:32:08.202+0300][15,898s][info][gc] GC(597) Pause Young (Allocation Failure) 123M->4M(380M) 4,174ms
[2024-08-07T20:32:08.227+0300][15,923s][info][gc] GC(598) Pause Young (Allocation Failure) 123M->3M(379M) 2,367ms
[2024-08-07T20:32:08.252+0300][15,948s][info][gc] GC(599) Pause Young (Allocation Failure) 123M->3M(380M) 1,410ms
[2024-08-07T20:32:08.279+0300][15,975s][info][gc] GC(600) Pause Young (Allocation Failure) 123M->5M(379M) 4,295ms
[2024-08-07T20:32:08.306+0300][16,003s][info][gc] GC(601) Pause Young (Allocation Failure) 125M->5M(379M) 4,100ms
[2024-08-07T20:32:08.333+0300][16,030s][info][gc] GC(602) Pause Young (Allocation Failure) 124M->4M(379M) 4,042ms
[2024-08-07T20:32:08.361+0300][16,057s][info][gc] GC(603) Pause Young (Allocation Failure) 123M->4M(380M) 4,482ms
[2024-08-07T20:32:08.387+0300][16,083s][info][gc] GC(604) Pause Young (Allocation Failure) 123M->3M(379M) 3,882ms
[2024-08-07T20:32:08.412+0300][16,108s][info][gc] GC(605) Pause Young (Allocation Failure) 123M->3M(380M) 1,319ms
[2024-08-07T20:32:08.439+0300][16,135s][info][gc] GC(606) Pause Young (Allocation Failure) 123M->5M(379M) 4,117ms
[2024-08-07T20:32:08.467+0300][16,163s][info][gc] GC(607) Pause Young (Allocation Failure) 125M->5M(379M) 4,328ms
[2024-08-07T20:32:08.494+0300][16,190s][info][gc] GC(608) Pause Young (Allocation Failure) 124M->4M(379M) 4,138ms
[2024-08-07T20:32:08.521+0300][16,217s][info][gc] GC(609) Pause Young (Allocation Failure) 123M->3M(380M) 3,853ms
[2024-08-07T20:32:08.547+0300][16,243s][info][gc] GC(610) Pause Young (Allocation Failure) 123M->3M(380M) 3,034ms
[2024-08-07T20:32:08.572+0300][16,268s][info][gc] GC(611) Pause Young (Allocation Failure) 123M->3M(380M) 1,331ms
[2024-08-07T20:32:08.599+0300][16,295s][info][gc] GC(612) Pause Young (Allocation Failure) 123M->5M(379M) 4,168ms
[2024-08-07T20:32:08.626+0300][16,322s][info][gc] GC(613) Pause Young (Allocation Failure) 125M->5M(379M) 4,110ms
[2024-08-07T20:32:08.654+0300][16,350s][info][gc] GC(614) Pause Young (Allocation Failure) 124M->4M(379M) 4,431ms
[2024-08-07T20:32:08.681+0300][16,377s][info][gc] GC(615) Pause Young (Allocation Failure) 123M->4M(380M) 4,101ms
[2024-08-07T20:32:08.709+0300][16,405s][info][gc] GC(616) Pause Young (Allocation Failure) 123M->3M(379M) 4,258ms
[2024-08-07T20:32:08.733+0300][16,429s][info][gc] GC(617) Pause Young (Allocation Failure) 123M->3M(380M) 1,359ms
[2024-08-07T20:32:08.760+0300][16,456s][info][gc] GC(618) Pause Young (Allocation Failure) 123M->5M(379M) 4,162ms
[2024-08-07T20:32:08.787+0300][16,483s][info][gc] GC(619) Pause Young (Allocation Failure) 125M->5M(379M) 4,233ms
[2024-08-07T20:32:08.815+0300][16,511s][info][gc] GC(620) Pause Young (Allocation Failure) 124M->4M(379M) 4,302ms
[2024-08-07T20:32:08.841+0300][16,537s][info][gc] GC(621) Pause Young (Allocation Failure) 123M->4M(380M) 2,813ms
[2024-08-07T20:32:08.867+0300][16,563s][info][gc] GC(622) Pause Young (Allocation Failure) 123M->3M(379M) 3,322ms
[2024-08-07T20:32:08.891+0300][16,587s][info][gc] GC(623) Pause Young (Allocation Failure) 123M->3M(380M) 1,137ms
[2024-08-07T20:32:08.917+0300][16,614s][info][gc] GC(624) Pause Young (Allocation Failure) 123M->5M(379M) 4,015ms
[2024-08-07T20:32:08.945+0300][16,641s][info][gc] GC(625) Pause Young (Allocation Failure) 125M->5M(379M) 4,005ms
[2024-08-07T20:32:08.972+0300][16,668s][info][gc] GC(626) Pause Young (Allocation Failure) 124M->4M(379M) 4,608ms
[2024-08-07T20:32:08.999+0300][16,695s][info][gc] GC(627) Pause Young (Allocation Failure) 123M->4M(380M) 3,930ms
[2024-08-07T20:32:09.026+0300][16,722s][info][gc] GC(628) Pause Young (Allocation Failure) 123M->3M(379M) 3,459ms
[2024-08-07T20:32:09.050+0300][16,746s][info][gc] GC(629) Pause Young (Allocation Failure) 123M->3M(380M) 0,834ms
[2024-08-07T20:32:09.077+0300][16,773s][info][gc] GC(630) Pause Young (Allocation Failure) 123M->5M(379M) 4,237ms
[2024-08-07T20:32:09.104+0300][16,801s][info][gc] GC(631) Pause Young (Allocation Failure) 125M->5M(379M) 4,135ms
[2024-08-07T20:32:09.132+0300][16,828s][info][gc] GC(632) Pause Young (Allocation Failure) 124M->4M(379M) 4,236ms
[2024-08-07T20:32:09.157+0300][16,853s][info][gc] GC(633) Pause Young (Allocation Failure) 123M->3M(380M) 2,737ms
[2024-08-07T20:32:09.184+0300][16,880s][info][gc] GC(634) Pause Young (Allocation Failure) 123M->3M(380M) 3,595ms
[2024-08-07T20:32:09.209+0300][16,905s][info][gc] GC(635) Pause Young (Allocation Failure) 123M->3M(380M) 1,672ms
[2024-08-07T20:32:09.236+0300][16,932s][info][gc] GC(636) Pause Young (Allocation Failure) 123M->5M(379M) 4,144ms
[2024-08-07T20:32:09.264+0300][16,960s][info][gc] GC(637) Pause Young (Allocation Failure) 125M->5M(379M) 4,259ms
[2024-08-07T20:32:09.291+0300][16,987s][info][gc] GC(638) Pause Young (Allocation Failure) 124M->4M(379M) 4,049ms
