[2024-08-07T20:32:26.662+0300][0.004s][info][gc] Using Parallel
[2024-08-07T20:32:26.956+0300][0,298s][info][gc] GC(0) Pause Young (Allocation Failure) 161M->4M(613M) 5,575ms
[2024-08-07T20:32:26.994+0300][0,336s][info][gc] GC(1) Pause Young (Allocation Failure) 164M->5M(613M) 3,802ms
[2024-08-07T20:32:27.035+0300][0,377s][info][gc] GC(2) Pause Young (Allocation Failure) 165M->3M(613M) 2,088ms
[2024-08-07T20:32:27.068+0300][0,410s][info][gc] GC(3) Pause Young (Allocation Failure) 163M->5M(613M) 3,309ms
[2024-08-07T20:32:27.100+0300][0,442s][info][gc] GC(4) Pause Young (Allocation Failure) 165M->3M(613M) 1,881ms
[2024-08-07T20:32:27.134+0300][0,476s][info][gc] GC(5) Pause Young (Allocation Failure) 163M->5M(634M) 3,834ms
[2024-08-07T20:32:27.188+0300][0,530s][info][gc] GC(6) Pause Young (Allocation Failure) 207M->2M(630M) 1,601ms
[2024-08-07T20:32:27.230+0300][0,572s][info][gc] GC(7) Pause Young (Allocation Failure) 204M->3M(634M) 3,090ms
[2024-08-07T20:32:27.274+0300][0,616s][info][gc] GC(8) Pause Young (Allocation Failure) 204M->4M(634M) 2,940ms
[2024-08-07T20:32:27.316+0300][0,658s][info][gc] GC(9) Pause Young (Allocation Failure) 205M->4M(634M) 3,604ms
[2024-08-07T20:32:27.358+0300][0,700s][info][gc] GC(10) Pause Young (Allocation Failure) 206M->5M(634M) 3,604ms
[2024-08-07T20:32:27.398+0300][0,740s][info][gc] GC(11) Pause Young (Allocation Failure) 206M->2M(634M) 1,455ms
[2024-08-07T20:32:27.440+0300][0,782s][info][gc] GC(12) Pause Young (Allocation Failure) 204M->3M(634M) 3,147ms
[2024-08-07T20:32:27.483+0300][0,825s][info][gc] GC(13) Pause Young (Allocation Failure) 205M->4M(634M) 3,246ms
[2024-08-07T20:32:27.527+0300][0,869s][info][gc] GC(14) Pause Young (Allocation Failure) 206M->5M(634M) 5,259ms
[2024-08-07T20:32:27.568+0300][0,910s][info][gc] GC(15) Pause Young (Allocation Failure) 207M->2M(634M) 1,753ms
[2024-08-07T20:32:27.610+0300][0,952s][info][gc] GC(16) Pause Young (Allocation Failure) 204M->3M(634M) 2,393ms
[2024-08-07T20:32:27.651+0300][0,993s][info][gc] GC(17) Pause Young (Allocation Failure) 205M->4M(635M) 2,735ms
[2024-08-07T20:32:27.694+0300][1,036s][info][gc] GC(18) Pause Young (Allocation Failure) 207M->5M(635M) 3,590ms
[2024-08-07T20:32:27.735+0300][1,077s][info][gc] GC(19) Pause Young (Allocation Failure) 208M->3M(635M) 2,068ms
[2024-08-07T20:32:27.779+0300][1,121s][info][gc] GC(20) Pause Young (Allocation Failure) 206M->4M(635M) 2,988ms
[2024-08-07T20:32:27.822+0300][1,164s][info][gc] GC(21) Pause Young (Allocation Failure) 207M->4M(635M) 3,502ms
[2024-08-07T20:32:27.864+0300][1,206s][info][gc] GC(22) Pause Young (Allocation Failure) 208M->2M(635M) 1,964ms
[2024-08-07T20:32:27.906+0300][1,248s][info][gc] GC(23) Pause Young (Allocation Failure) 206M->4M(635M) 3,106ms
[2024-08-07T20:32:27.948+0300][1,290s][info][gc] GC(24) Pause Young (Allocation Failure) 208M->5M(635M) 3,316ms
[2024-08-07T20:32:27.990+0300][1,332s][info][gc] GC(25) Pause Young (Allocation Failure) 209M->3M(635M) 3,095ms
[2024-08-07T20:32:28.033+0300][1,375s][info][gc] GC(26) Pause Young (Allocation Failure) 207M->4M(635M) 3,363ms
[2024-08-07T20:32:28.075+0300][1,417s][info][gc] GC(27) Pause Young (Allocation Failure) 208M->5M(635M) 3,509ms
[2024-08-07T20:32:28.117+0300][1,459s][info][gc] GC(28) Pause Young (Allocation Failure) 209M->3M(635M) 2,846ms
[2024-08-07T20:32:28.159+0300][1,501s][info][gc] GC(29) Pause Young (Allocation Failure) 207M->4M(635M) 2,994ms
[2024-08-07T20:32:28.199+0300][1,541s][info][gc] GC(30) Pause Young (Allocation Failure) 208M->2M(635M) 1,341ms
[2024-08-07T20:32:28.241+0300][1,584s][info][gc] GC(31) Pause Young (Allocation Failure) 206M->3M(636M) 3,099ms
[2024-08-07T20:32:28.283+0300][1,626s][info][gc] GC(32) Pause Young (Allocation Failure) 208M->5M(635M) 3,158ms
[2024-08-07T20:32:28.325+0300][1,668s][info][gc] GC(33) Pause Young (Allocation Failure) 209M->3M(635M) 3,110ms
[2024-08-07T20:32:28.367+0300][1,709s][info][gc] GC(34) Pause Young (Allocation Failure) 207M->4M(635M) 2,930ms
[2024-08-07T20:32:28.410+0300][1,752s][info][gc] GC(35) Pause Young (Allocation Failure) 208M->5M(635M) 3,935ms
[2024-08-07T20:32:28.452+0300][1,794s][info][gc] GC(36) Pause Young (Allocation Failure) 209M->3M(635M) 2,399ms
[2024-08-07T20:32:28.493+0300][1,836s][info][gc] GC(37) Pause Young (Allocation Failure) 207M->4M(635M) 2,651ms
[2024-08-07T20:32:28.534+0300][1,876s][info][gc] GC(38) Pause Young (Allocation Failure) 208M->2M(635M) 1,556ms
[2024-08-07T20:32:28.578+0300][1,920s][info][gc] GC(39) Pause Young (Allocation Failure) 206M->3M(636M) 3,356ms
[2024-08-07T20:32:28.621+0300][1,963s][info][gc] GC(40) Pause Young (Allocation Failure) 208M->5M(635M) 3,458ms
[2024-08-07T20:32:28.663+0300][2,005s][info][gc] GC(41) Pause Young (Allocation Failure) 209M->3M(636M) 2,880ms
[2024-08-07T20:32:28.709+0300][2,051s][info][gc] GC(42) Pause Young (Allocation Failure) 207M->4M(635M) 3,341ms
[2024-08-07T20:32:28.749+0300][2,091s][info][gc] GC(43) Pause Young (Allocation Failure) 209M->2M(636M) 1,022ms
[2024-08-07T20:32:28.791+0300][2,133s][info][gc] GC(44) Pause Young (Allocation Failure) 207M->3M(636M) 3,141ms
[2024-08-07T20:32:28.834+0300][2,176s][info][gc] GC(45) Pause Young (Allocation Failure) 208M->5M(636M) 3,548ms
[2024-08-07T20:32:28.877+0300][2,219s][info][gc] GC(46) Pause Young (Allocation Failure) 210M->3M(636M) 3,312ms
[2024-08-07T20:32:28.920+0300][2,262s][info][gc] GC(47) Pause Young (Allocation Failure) 208M->4M(636M) 3,239ms
[2024-08-07T20:32:28.962+0300][2,304s][info][gc] GC(48) Pause Young (Allocation Failure) 209M->3M(636M) 2,631ms
[2024-08-07T20:32:29.004+0300][2,347s][info][gc] GC(49) Pause Young (Allocation Failure) 208M->4M(636M) 3,576ms
[2024-08-07T20:32:29.046+0300][2,389s][info][gc] GC(50) Pause Young (Allocation Failure) 209M->2M(636M) 1,742ms
[2024-08-07T20:32:29.089+0300][2,431s][info][gc] GC(51) Pause Young (Allocation Failure) 207M->4M(636M) 3,264ms
[2024-08-07T20:32:29.132+0300][2,474s][info][gc] GC(52) Pause Young (Allocation Failure) 209M->5M(636M) 3,450ms
[2024-08-07T20:32:29.175+0300][2,517s][info][gc] GC(53) Pause Young (Allocation Failure) 210M->3M(636M) 3,373ms
[2024-08-07T20:32:29.218+0300][2,560s][info][gc] GC(54) Pause Young (Allocation Failure) 208M->5M(636M) 3,413ms
[2024-08-07T20:32:29.259+0300][2,601s][info][gc] GC(55) Pause Young (Allocation Failure) 210M->3M(636M) 2,420ms
[2024-08-07T20:32:29.301+0300][2,644s][info][gc] GC(56) Pause Young (Allocation Failure) 208M->4M(636M) 3,260ms
[2024-08-07T20:32:29.342+0300][2,684s][info][gc] GC(57) Pause Young (Allocation Failure) 209M->2M(636M) 1,463ms
[2024-08-07T20:32:29.384+0300][2,726s][info][gc] GC(58) Pause Young (Allocation Failure) 207M->4M(636M) 2,784ms
[2024-08-07T20:32:29.427+0300][2,769s][info][gc] GC(59) Pause Young (Allocation Failure) 209M->5M(635M) 3,344ms
[2024-08-07T20:32:29.468+0300][2,810s][info][gc] GC(60) Pause Young (Allocation Failure) 209M->3M(635M) 2,679ms
[2024-08-07T20:32:29.510+0300][2,852s][info][gc] GC(61) Pause Young (Allocation Failure) 207M->4M(636M) 3,086ms
[2024-08-07T20:32:29.551+0300][2,893s][info][gc] GC(62) Pause Young (Allocation Failure) 209M->2M(636M) 1,707ms
[2024-08-07T20:32:29.593+0300][2,935s][info][gc] GC(63) Pause Young (Allocation Failure) 207M->4M(636M) 3,156ms
[2024-08-07T20:32:29.640+0300][2,983s][info][gc] GC(64) Pause Young (Allocation Failure) 209M->5M(635M) 3,556ms
[2024-08-07T20:32:29.683+0300][3,025s][info][gc] GC(65) Pause Young (Allocation Failure) 210M->3M(636M) 3,226ms
[2024-08-07T20:32:29.725+0300][3,068s][info][gc] GC(66) Pause Young (Allocation Failure) 208M->5M(635M) 3,015ms
[2024-08-07T20:32:29.768+0300][3,110s][info][gc] GC(67) Pause Young (Allocation Failure) 209M->3M(635M) 3,209ms
[2024-08-07T20:32:29.810+0300][3,153s][info][gc] GC(68) Pause Young (Allocation Failure) 207M->4M(635M) 2,917ms
[2024-08-07T20:32:29.852+0300][3,194s][info][gc] GC(69) Pause Young (Allocation Failure) 208M->5M(635M) 3,096ms
[2024-08-07T20:32:29.895+0300][3,237s][info][gc] GC(70) Pause Young (Allocation Failure) 209M->3M(635M) 3,186ms
[2024-08-07T20:32:29.937+0300][3,280s][info][gc] GC(71) Pause Young (Allocation Failure) 207M->4M(636M) 3,175ms
[2024-08-07T20:32:29.978+0300][3,320s][info][gc] GC(72) Pause Young (Allocation Failure) 209M->2M(635M) 1,621ms
[2024-08-07T20:32:30.020+0300][3,363s][info][gc] GC(73) Pause Young (Allocation Failure) 207M->4M(636M) 3,184ms
[2024-08-07T20:32:30.063+0300][3,405s][info][gc] GC(74) Pause Young (Allocation Failure) 208M->5M(635M) 3,357ms
[2024-08-07T20:32:30.105+0300][3,447s][info][gc] GC(75) Pause Young (Allocation Failure) 209M->3M(636M) 2,564ms
[2024-08-07T20:32:30.147+0300][3,489s][info][gc] GC(76) Pause Young (Allocation Failure) 208M->4M(635M) 2,879ms
[2024-08-07T20:32:30.187+0300][3,530s][info][gc] GC(77) Pause Young (Allocation Failure) 209M->2M(636M) 1,438ms
[2024-08-07T20:32:30.230+0300][3,572s][info][gc] GC(78) Pause Young (Allocation Failure) 207M->4M(636M) 3,096ms
[2024-08-07T20:32:30.272+0300][3,614s][info][gc] GC(79) Pause Young (Allocation Failure) 209M->5M(635M) 3,158ms
[2024-08-07T20:32:30.314+0300][3,656s][info][gc] GC(80) Pause Young (Allocation Failure) 209M->3M(635M) 3,084ms
[2024-08-07T20:32:30.356+0300][3,698s][info][gc] GC(81) Pause Young (Allocation Failure) 207M->4M(636M) 3,522ms
[2024-08-07T20:32:30.397+0300][3,739s][info][gc] GC(82) Pause Young (Allocation Failure) 209M->3M(636M) 1,622ms
[2024-08-07T20:32:30.440+0300][3,782s][info][gc] GC(83) Pause Young (Allocation Failure) 208M->4M(636M) 3,678ms
[2024-08-07T20:32:30.483+0300][3,825s][info][gc] GC(84) Pause Young (Allocation Failure) 209M->5M(635M) 3,682ms
[2024-08-07T20:32:30.525+0300][3,868s][info][gc] GC(85) Pause Young (Allocation Failure) 210M->3M(636M) 2,942ms
[2024-08-07T20:32:30.568+0300][3,910s][info][gc] GC(86) Pause Young (Allocation Failure) 208M->5M(635M) 3,104ms
[2024-08-07T20:32:30.610+0300][3,952s][info][gc] GC(87) Pause Young (Allocation Failure) 209M->3M(635M) 3,120ms
[2024-08-07T20:32:30.652+0300][3,994s][info][gc] GC(88) Pause Young (Allocation Failure) 207M->4M(635M) 3,257ms
[2024-08-07T20:32:30.694+0300][4,037s][info][gc] GC(89) Pause Young (Allocation Failure) 208M->5M(635M) 3,306ms
[2024-08-07T20:32:30.737+0300][4,079s][info][gc] GC(90) Pause Young (Allocation Failure) 209M->3M(635M) 3,126ms
[2024-08-07T20:32:30.779+0300][4,121s][info][gc] GC(91) Pause Young (Allocation Failure) 207M->4M(636M) 3,197ms
[2024-08-07T20:32:30.819+0300][4,161s][info][gc] GC(92) Pause Young (Allocation Failure) 209M->2M(635M) 1,424ms
[2024-08-07T20:32:30.861+0300][4,203s][info][gc] GC(93) Pause Young (Allocation Failure) 207M->4M(636M) 3,150ms
[2024-08-07T20:32:30.903+0300][4,245s][info][gc] GC(94) Pause Young (Allocation Failure) 208M->5M(635M) 3,089ms
[2024-08-07T20:32:30.945+0300][4,288s][info][gc] GC(95) Pause Young (Allocation Failure) 209M->3M(636M) 3,151ms
[2024-08-07T20:32:30.988+0300][4,330s][info][gc] GC(96) Pause Young (Allocation Failure) 208M->4M(635M) 3,020ms
[2024-08-07T20:32:31.029+0300][4,371s][info][gc] GC(97) Pause Young (Allocation Failure) 209M->2M(636M) 1,865ms
[2024-08-07T20:32:31.072+0300][4,414s][info][gc] GC(98) Pause Young (Allocation Failure) 207M->4M(636M) 3,119ms
[2024-08-07T20:32:31.115+0300][4,458s][info][gc] GC(99) Pause Young (Allocation Failure) 209M->5M(635M) 4,135ms
[2024-08-07T20:32:31.157+0300][4,499s][info][gc] GC(100) Pause Young (Allocation Failure) 209M->3M(635M) 2,849ms
[2024-08-07T20:32:31.199+0300][4,542s][info][gc] GC(101) Pause Young (Allocation Failure) 207M->4M(636M) 3,619ms
[2024-08-07T20:32:31.241+0300][4,583s][info][gc] GC(102) Pause Young (Allocation Failure) 209M->3M(636M) 2,152ms
[2024-08-07T20:32:31.283+0300][4,625s][info][gc] GC(103) Pause Young (Allocation Failure) 208M->4M(636M) 3,388ms
[2024-08-07T20:32:31.323+0300][4,665s][info][gc] GC(104) Pause Young (Allocation Failure) 209M->2M(636M) 0,484ms
[2024-08-07T20:32:31.365+0300][4,707s][info][gc] GC(105) Pause Young (Allocation Failure) 207M->3M(636M) 3,040ms
[2024-08-07T20:32:31.407+0300][4,749s][info][gc] GC(106) Pause Young (Allocation Failure) 208M->5M(636M) 2,682ms
[2024-08-07T20:32:31.449+0300][4,791s][info][gc] GC(107) Pause Young (Allocation Failure) 210M->3M(636M) 3,174ms
[2024-08-07T20:32:31.491+0300][4,833s][info][gc] GC(108) Pause Young (Allocation Failure) 208M->4M(636M) 3,523ms
[2024-08-07T20:32:31.532+0300][4,874s][info][gc] GC(109) Pause Young (Allocation Failure) 209M->3M(636M) 2,103ms
[2024-08-07T20:32:31.573+0300][4,915s][info][gc] GC(110) Pause Young (Allocation Failure) 208M->4M(636M) 2,643ms
[2024-08-07T20:32:31.613+0300][4,955s][info][gc] GC(111) Pause Young (Allocation Failure) 209M->2M(636M) 0,983ms
[2024-08-07T20:32:31.655+0300][4,997s][info][gc] GC(112) Pause Young (Allocation Failure) 207M->4M(636M) 3,050ms
[2024-08-07T20:32:31.697+0300][5,039s][info][gc] GC(113) Pause Young (Allocation Failure) 209M->5M(636M) 3,096ms
[2024-08-07T20:32:31.739+0300][5,081s][info][gc] GC(114) Pause Young (Allocation Failure) 210M->3M(636M) 3,274ms
[2024-08-07T20:32:31.781+0300][5,123s][info][gc] GC(115) Pause Young (Allocation Failure) 208M->5M(636M) 3,193ms
[2024-08-07T20:32:31.823+0300][5,165s][info][gc] GC(116) Pause Young (Allocation Failure) 210M->3M(636M) 2,874ms
[2024-08-07T20:32:31.865+0300][5,207s][info][gc] GC(117) Pause Young (Allocation Failure) 208M->4M(636M) 3,081ms
[2024-08-07T20:32:31.906+0300][5,248s][info][gc] GC(118) Pause Young (Allocation Failure) 209M->2M(636M) 1,560ms
[2024-08-07T20:32:31.948+0300][5,290s][info][gc] GC(119) Pause Young (Allocation Failure) 207M->4M(636M) 3,285ms
[2024-08-07T20:32:31.991+0300][5,333s][info][gc] GC(120) Pause Young (Allocation Failure) 209M->5M(636M) 3,828ms
[2024-08-07T20:32:32.033+0300][5,375s][info][gc] GC(121) Pause Young (Allocation Failure) 210M->3M(636M) 3,758ms
[2024-08-07T20:32:32.076+0300][5,418s][info][gc] GC(122) Pause Young (Allocation Failure) 208M->5M(636M) 3,377ms
[2024-08-07T20:32:32.119+0300][5,461s][info][gc] GC(123) Pause Young (Allocation Failure) 210M->3M(636M) 3,843ms
[2024-08-07T20:32:32.162+0300][5,504s][info][gc] GC(124) Pause Young (Allocation Failure) 208M->4M(636M) 3,884ms
[2024-08-07T20:32:32.203+0300][5,545s][info][gc] GC(125) Pause Young (Allocation Failure) 209M->2M(636M) 1,959ms
[2024-08-07T20:32:32.245+0300][5,588s][info][gc] GC(126) Pause Young (Allocation Failure) 207M->4M(636M) 4,110ms
[2024-08-07T20:32:32.289+0300][5,631s][info][gc] GC(127) Pause Young (Allocation Failure) 209M->5M(636M) 4,243ms
[2024-08-07T20:32:32.332+0300][5,674s][info][gc] GC(128) Pause Young (Allocation Failure) 210M->3M(636M) 4,212ms
[2024-08-07T20:32:32.376+0300][5,718s][info][gc] GC(129) Pause Young (Allocation Failure) 208M->5M(636M) 4,150ms
[2024-08-07T20:32:32.419+0300][5,761s][info][gc] GC(130) Pause Young (Allocation Failure) 210M->3M(636M) 4,243ms
[2024-08-07T20:32:32.462+0300][5,805s][info][gc] GC(131) Pause Young (Allocation Failure) 208M->4M(636M) 4,103ms
[2024-08-07T20:32:32.503+0300][5,846s][info][gc] GC(132) Pause Young (Allocation Failure) 209M->3M(636M) 2,261ms
[2024-08-07T20:32:32.546+0300][5,888s][info][gc] GC(133) Pause Young (Allocation Failure) 208M->4M(636M) 4,072ms
[2024-08-07T20:32:32.589+0300][5,932s][info][gc] GC(134) Pause Young (Allocation Failure) 209M->5M(635M) 4,109ms
[2024-08-07T20:32:32.633+0300][5,975s][info][gc] GC(135) Pause Young (Allocation Failure) 210M->3M(636M) 4,233ms
[2024-08-07T20:32:32.676+0300][6,018s][info][gc] GC(136) Pause Young (Allocation Failure) 208M->5M(635M) 3,864ms
[2024-08-07T20:32:32.719+0300][6,061s][info][gc] GC(137) Pause Young (Allocation Failure) 209M->3M(635M) 4,010ms
[2024-08-07T20:32:32.762+0300][6,104s][info][gc] GC(138) Pause Young (Allocation Failure) 207M->4M(635M) 4,567ms
[2024-08-07T20:32:32.804+0300][6,146s][info][gc] GC(139) Pause Young (Allocation Failure) 208M->5M(635M) 3,202ms
[2024-08-07T20:32:32.847+0300][6,189s][info][gc] GC(140) Pause Young (Allocation Failure) 209M->3M(635M) 4,267ms
[2024-08-07T20:32:32.890+0300][6,232s][info][gc] GC(141) Pause Young (Allocation Failure) 207M->4M(636M) 4,143ms
[2024-08-07T20:32:32.931+0300][6,273s][info][gc] GC(142) Pause Young (Allocation Failure) 209M->2M(635M) 1,782ms
[2024-08-07T20:32:32.974+0300][6,316s][info][gc] GC(143) Pause Young (Allocation Failure) 207M->4M(636M) 4,060ms
[2024-08-07T20:32:33.017+0300][6,359s][info][gc] GC(144) Pause Young (Allocation Failure) 209M->5M(635M) 3,963ms
[2024-08-07T20:32:33.060+0300][6,402s][info][gc] GC(145) Pause Young (Allocation Failure) 210M->3M(636M) 3,973ms
[2024-08-07T20:32:33.103+0300][6,445s][info][gc] GC(146) Pause Young (Allocation Failure) 208M->5M(635M) 3,583ms
[2024-08-07T20:32:33.145+0300][6,487s][info][gc] GC(147) Pause Young (Allocation Failure) 209M->3M(636M) 2,855ms
[2024-08-07T20:32:33.188+0300][6,530s][info][gc] GC(148) Pause Young (Allocation Failure) 208M->4M(636M) 4,197ms
[2024-08-07T20:32:33.228+0300][6,570s][info][gc] GC(149) Pause Young (Allocation Failure) 209M->2M(636M) 1,296ms
[2024-08-07T20:32:33.271+0300][6,613s][info][gc] GC(150) Pause Young (Allocation Failure) 207M->4M(636M) 4,238ms
[2024-08-07T20:32:33.314+0300][6,656s][info][gc] GC(151) Pause Young (Allocation Failure) 209M->5M(636M) 3,829ms
[2024-08-07T20:32:33.357+0300][6,699s][info][gc] GC(152) Pause Young (Allocation Failure) 210M->3M(636M) 4,154ms
[2024-08-07T20:32:33.400+0300][6,742s][info][gc] GC(153) Pause Young (Allocation Failure) 208M->5M(636M) 4,045ms
[2024-08-07T20:32:33.443+0300][6,785s][info][gc] GC(154) Pause Young (Allocation Failure) 210M->3M(636M) 3,691ms
[2024-08-07T20:32:33.485+0300][6,828s][info][gc] GC(155) Pause Young (Allocation Failure) 208M->4M(636M) 3,765ms
[2024-08-07T20:32:33.526+0300][6,868s][info][gc] GC(156) Pause Young (Allocation Failure) 209M->2M(636M) 1,684ms
[2024-08-07T20:32:33.569+0300][6,911s][info][gc] GC(157) Pause Young (Allocation Failure) 207M->4M(636M) 4,200ms
[2024-08-07T20:32:33.612+0300][6,954s][info][gc] GC(158) Pause Young (Allocation Failure) 209M->5M(636M) 3,823ms
[2024-08-07T20:32:33.656+0300][6,998s][info][gc] GC(159) Pause Young (Allocation Failure) 210M->3M(636M) 3,912ms
[2024-08-07T20:32:33.699+0300][7,041s][info][gc] GC(160) Pause Young (Allocation Failure) 208M->5M(636M) 4,221ms
[2024-08-07T20:32:33.742+0300][7,084s][info][gc] GC(161) Pause Young (Allocation Failure) 210M->3M(636M) 4,205ms
[2024-08-07T20:32:33.785+0300][7,128s][info][gc] GC(162) Pause Young (Allocation Failure) 208M->4M(636M) 4,205ms
[2024-08-07T20:32:33.826+0300][7,168s][info][gc] GC(163) Pause Young (Allocation Failure) 209M->2M(636M) 1,830ms
[2024-08-07T20:32:33.869+0300][7,211s][info][gc] GC(164) Pause Young (Allocation Failure) 207M->4M(636M) 4,063ms
[2024-08-07T20:32:33.912+0300][7,255s][info][gc] GC(165) Pause Young (Allocation Failure) 209M->5M(635M) 3,790ms
[2024-08-07T20:32:33.956+0300][7,298s][info][gc] GC(166) Pause Young (Allocation Failure) 209M->3M(635M) 4,199ms
[2024-08-07T20:32:33.999+0300][7,341s][info][gc] GC(167) Pause Young (Allocation Failure) 207M->4M(636M) 4,137ms
[2024-08-07T20:32:34.040+0300][7,383s][info][gc] GC(168) Pause Young (Allocation Failure) 209M->3M(636M) 2,336ms
[2024-08-07T20:32:34.084+0300][7,426s][info][gc] GC(169) Pause Young (Allocation Failure) 208M->4M(636M) 3,982ms
[2024-08-07T20:32:34.127+0300][7,469s][info][gc] GC(170) Pause Young (Allocation Failure) 209M->5M(635M) 4,193ms
[2024-08-07T20:32:34.170+0300][7,513s][info][gc] GC(171) Pause Young (Allocation Failure) 210M->4M(636M) 4,162ms
[2024-08-07T20:32:34.214+0300][7,556s][info][gc] GC(172) Pause Young (Allocation Failure) 208M->5M(635M) 3,981ms
[2024-08-07T20:32:34.257+0300][7,599s][info][gc] GC(173) Pause Young (Allocation Failure) 209M->3M(635M) 4,042ms
[2024-08-07T20:32:34.300+0300][7,642s][info][gc] GC(174) Pause Young (Allocation Failure) 207M->4M(635M) 4,118ms
[2024-08-07T20:32:34.342+0300][7,684s][info][gc] GC(175) Pause Young (Allocation Failure) 208M->5M(635M) 3,924ms
[2024-08-07T20:32:34.385+0300][7,727s][info][gc] GC(176) Pause Young (Allocation Failure) 209M->3M(635M) 3,741ms
[2024-08-07T20:32:34.428+0300][7,770s][info][gc] GC(177) Pause Young (Allocation Failure) 207M->4M(636M) 3,969ms
[2024-08-07T20:32:34.469+0300][7,811s][info][gc] GC(178) Pause Young (Allocation Failure) 209M->3M(635M) 2,011ms
[2024-08-07T20:32:34.512+0300][7,854s][info][gc] GC(179) Pause Young (Allocation Failure) 207M->4M(636M) 4,178ms
[2024-08-07T20:32:34.555+0300][7,897s][info][gc] GC(180) Pause Young (Allocation Failure) 208M->5M(635M) 3,986ms
[2024-08-07T20:32:34.598+0300][7,940s][info][gc] GC(181) Pause Young (Allocation Failure) 209M->3M(636M) 4,201ms
[2024-08-07T20:32:34.640+0300][7,982s][info][gc] GC(182) Pause Young (Allocation Failure) 208M->4M(635M) 2,718ms
[2024-08-07T20:32:34.680+0300][8,022s][info][gc] GC(183) Pause Young (Allocation Failure) 209M->3M(636M) 1,807ms
[2024-08-07T20:32:34.723+0300][8,065s][info][gc] GC(184) Pause Young (Allocation Failure) 208M->4M(636M) 4,017ms
[2024-08-07T20:32:34.766+0300][8,108s][info][gc] GC(185) Pause Young (Allocation Failure) 209M->5M(635M) 4,000ms
[2024-08-07T20:32:34.809+0300][8,151s][info][gc] GC(186) Pause Young (Allocation Failure) 209M->3M(635M) 4,263ms
[2024-08-07T20:32:34.853+0300][8,195s][info][gc] GC(187) Pause Young (Allocation Failure) 207M->4M(636M) 4,009ms
[2024-08-07T20:32:34.894+0300][8,237s][info][gc] GC(188) Pause Young (Allocation Failure) 209M->3M(636M) 2,168ms
[2024-08-07T20:32:34.938+0300][8,280s][info][gc] GC(189) Pause Young (Allocation Failure) 208M->4M(636M) 4,197ms
[2024-08-07T20:32:34.981+0300][8,323s][info][gc] GC(190) Pause Young (Allocation Failure) 209M->5M(635M) 3,861ms
[2024-08-07T20:32:35.024+0300][8,366s][info][gc] GC(191) Pause Young (Allocation Failure) 210M->4M(636M) 3,880ms
[2024-08-07T20:32:35.067+0300][8,409s][info][gc] GC(192) Pause Young (Allocation Failure) 208M->5M(635M) 4,014ms
[2024-08-07T20:32:35.110+0300][8,452s][info][gc] GC(193) Pause Young (Allocation Failure) 209M->3M(635M) 4,268ms
[2024-08-07T20:32:35.153+0300][8,495s][info][gc] GC(194) Pause Young (Allocation Failure) 207M->4M(635M) 4,012ms
[2024-08-07T20:32:35.196+0300][8,538s][info][gc] GC(195) Pause Young (Allocation Failure) 208M->5M(635M) 4,262ms
[2024-08-07T20:32:35.239+0300][8,581s][info][gc] GC(196) Pause Young (Allocation Failure) 209M->3M(635M) 4,285ms
[2024-08-07T20:32:35.282+0300][8,624s][info][gc] GC(197) Pause Young (Allocation Failure) 207M->4M(636M) 3,977ms
[2024-08-07T20:32:35.323+0300][8,665s][info][gc] GC(198) Pause Young (Allocation Failure) 209M->3M(635M) 1,871ms
[2024-08-07T20:32:35.366+0300][8,708s][info][gc] GC(199) Pause Young (Allocation Failure) 207M->4M(636M) 4,299ms
[2024-08-07T20:32:35.408+0300][8,751s][info][gc] GC(200) Pause Young (Allocation Failure) 208M->5M(635M) 3,884ms
[2024-08-07T20:32:35.452+0300][8,794s][info][gc] GC(201) Pause Young (Allocation Failure) 210M->3M(636M) 4,270ms
[2024-08-07T20:32:35.495+0300][8,837s][info][gc] GC(202) Pause Young (Allocation Failure) 208M->4M(635M) 4,288ms
[2024-08-07T20:32:35.536+0300][8,879s][info][gc] GC(203) Pause Young (Allocation Failure) 209M->3M(636M) 2,081ms
[2024-08-07T20:32:35.579+0300][8,922s][info][gc] GC(204) Pause Young (Allocation Failure) 208M->4M(636M) 4,193ms
[2024-08-07T20:32:35.622+0300][8,965s][info][gc] GC(205) Pause Young (Allocation Failure) 209M->5M(635M) 4,002ms
[2024-08-07T20:32:35.666+0300][9,008s][info][gc] GC(206) Pause Young (Allocation Failure) 209M->3M(635M) 4,176ms
[2024-08-07T20:32:35.709+0300][9,051s][info][gc] GC(207) Pause Young (Allocation Failure) 207M->4M(636M) 4,109ms
[2024-08-07T20:32:35.750+0300][9,092s][info][gc] GC(208) Pause Young (Allocation Failure) 209M->3M(636M) 2,256ms
[2024-08-07T20:32:35.793+0300][9,135s][info][gc] GC(209) Pause Young (Allocation Failure) 208M->4M(636M) 4,214ms
[2024-08-07T20:32:35.833+0300][9,175s][info][gc] GC(210) Pause Young (Allocation Failure) 209M->2M(636M) 0,690ms
[2024-08-07T20:32:35.875+0300][9,217s][info][gc] GC(211) Pause Young (Allocation Failure) 207M->4M(636M) 3,431ms
[2024-08-07T20:32:35.918+0300][9,260s][info][gc] GC(212) Pause Young (Allocation Failure) 209M->5M(636M) 3,980ms
[2024-08-07T20:32:35.961+0300][9,304s][info][gc] GC(213) Pause Young (Allocation Failure) 210M->3M(636M) 4,299ms
[2024-08-07T20:32:36.005+0300][9,347s][info][gc] GC(214) Pause Young (Allocation Failure) 208M->5M(636M) 4,153ms
[2024-08-07T20:32:36.047+0300][9,389s][info][gc] GC(215) Pause Young (Allocation Failure) 210M->3M(636M) 2,908ms
[2024-08-07T20:32:36.090+0300][9,432s][info][gc] GC(216) Pause Young (Allocation Failure) 208M->4M(636M) 4,031ms
[2024-08-07T20:32:36.131+0300][9,473s][info][gc] GC(217) Pause Young (Allocation Failure) 209M->2M(636M) 1,257ms
[2024-08-07T20:32:36.173+0300][9,515s][info][gc] GC(218) Pause Young (Allocation Failure) 207M->4M(636M) 3,106ms
[2024-08-07T20:32:36.217+0300][9,560s][info][gc] GC(219) Pause Young (Allocation Failure) 209M->5M(636M) 4,559ms
[2024-08-07T20:32:36.260+0300][9,603s][info][gc] GC(220) Pause Young (Allocation Failure) 210M->3M(636M) 4,355ms
[2024-08-07T20:32:36.303+0300][9,646s][info][gc] GC(221) Pause Young (Allocation Failure) 208M->5M(636M) 3,974ms
[2024-08-07T20:32:36.346+0300][9,688s][info][gc] GC(222) Pause Young (Allocation Failure) 210M->3M(636M) 3,562ms
[2024-08-07T20:32:36.389+0300][9,731s][info][gc] GC(223) Pause Young (Allocation Failure) 208M->4M(636M) 3,681ms
[2024-08-07T20:32:36.430+0300][9,772s][info][gc] GC(224) Pause Young (Allocation Failure) 209M->2M(636M) 1,856ms
[2024-08-07T20:32:36.473+0300][9,815s][info][gc] GC(225) Pause Young (Allocation Failure) 207M->4M(636M) 4,219ms
[2024-08-07T20:32:36.516+0300][9,859s][info][gc] GC(226) Pause Young (Allocation Failure) 209M->5M(636M) 4,037ms
[2024-08-07T20:32:36.559+0300][9,901s][info][gc] GC(227) Pause Young (Allocation Failure) 210M->3M(636M) 4,128ms
[2024-08-07T20:32:36.603+0300][9,945s][info][gc] GC(228) Pause Young (Allocation Failure) 208M->5M(636M) 4,111ms
[2024-08-07T20:32:36.646+0300][9,989s][info][gc] GC(229) Pause Young (Allocation Failure) 210M->3M(636M) 4,333ms
[2024-08-07T20:32:36.689+0300][10,032s][info][gc] GC(230) Pause Young (Allocation Failure) 208M->4M(636M) 3,965ms
[2024-08-07T20:32:36.730+0300][10,072s][info][gc] GC(231) Pause Young (Allocation Failure) 209M->3M(636M) 1,811ms
[2024-08-07T20:32:36.774+0300][10,116s][info][gc] GC(232) Pause Young (Allocation Failure) 208M->4M(636M) 4,467ms
[2024-08-07T20:32:36.816+0300][10,158s][info][gc] GC(233) Pause Young (Allocation Failure) 209M->5M(635M) 3,817ms
[2024-08-07T20:32:36.859+0300][10,201s][info][gc] GC(234) Pause Young (Allocation Failure) 209M->3M(635M) 4,152ms
[2024-08-07T20:32:36.902+0300][10,244s][info][gc] GC(235) Pause Young (Allocation Failure) 207M->4M(636M) 4,156ms
[2024-08-07T20:32:36.944+0300][10,286s][info][gc] GC(236) Pause Young (Allocation Failure) 209M->3M(636M) 2,485ms
[2024-08-07T20:32:36.987+0300][10,329s][info][gc] GC(237) Pause Young (Allocation Failure) 208M->4M(636M) 4,032ms
[2024-08-07T20:32:37.030+0300][10,372s][info][gc] GC(238) Pause Young (Allocation Failure) 209M->5M(635M) 4,031ms
[2024-08-07T20:32:37.073+0300][10,415s][info][gc] GC(239) Pause Young (Allocation Failure) 210M->4M(636M) 4,239ms
[2024-08-07T20:32:37.115+0300][10,457s][info][gc] GC(240) Pause Young (Allocation Failure) 208M->5M(635M) 2,921ms
[2024-08-07T20:32:37.157+0300][10,500s][info][gc] GC(241) Pause Young (Allocation Failure) 209M->3M(636M) 3,813ms
[2024-08-07T20:32:37.201+0300][10,543s][info][gc] GC(242) Pause Young (Allocation Failure) 207M->4M(635M) 4,010ms
[2024-08-07T20:32:37.241+0300][10,583s][info][gc] GC(243) Pause Young (Allocation Failure) 209M->2M(636M) 1,079ms
[2024-08-07T20:32:37.284+0300][10,626s][info][gc] GC(244) Pause Young (Allocation Failure) 207M->4M(636M) 4,401ms
[2024-08-07T20:32:37.327+0300][10,669s][info][gc] GC(245) Pause Young (Allocation Failure) 209M->5M(636M) 4,051ms
[2024-08-07T20:32:37.370+0300][10,713s][info][gc] GC(246) Pause Young (Allocation Failure) 210M->3M(636M) 4,216ms
[2024-08-07T20:32:37.413+0300][10,755s][info][gc] GC(247) Pause Young (Allocation Failure) 208M->5M(636M) 3,325ms
[2024-08-07T20:32:37.456+0300][10,798s][info][gc] GC(248) Pause Young (Allocation Failure) 210M->3M(636M) 3,480ms
[2024-08-07T20:32:37.499+0300][10,841s][info][gc] GC(249) Pause Young (Allocation Failure) 208M->4M(636M) 4,084ms
[2024-08-07T20:32:37.540+0300][10,882s][info][gc] GC(250) Pause Young (Allocation Failure) 209M->2M(636M) 1,945ms
[2024-08-07T20:32:37.583+0300][10,925s][info][gc] GC(251) Pause Young (Allocation Failure) 207M->4M(636M) 4,256ms
[2024-08-07T20:32:37.626+0300][10,968s][info][gc] GC(252) Pause Young (Allocation Failure) 209M->5M(636M) 4,050ms
[2024-08-07T20:32:37.668+0300][11,010s][info][gc] GC(253) Pause Young (Allocation Failure) 210M->3M(636M) 3,129ms
[2024-08-07T20:32:37.710+0300][11,052s][info][gc] GC(254) Pause Young (Allocation Failure) 208M->5M(636M) 2,642ms
[2024-08-07T20:32:37.753+0300][11,095s][info][gc] GC(255) Pause Young (Allocation Failure) 210M->3M(636M) 4,154ms
[2024-08-07T20:32:37.797+0300][11,139s][info][gc] GC(256) Pause Young (Allocation Failure) 208M->4M(636M) 4,317ms
[2024-08-07T20:32:37.838+0300][11,180s][info][gc] GC(257) Pause Young (Allocation Failure) 209M->3M(636M) 1,914ms
[2024-08-07T20:32:37.881+0300][11,223s][info][gc] GC(258) Pause Young (Allocation Failure) 208M->4M(636M) 4,285ms
[2024-08-07T20:32:37.924+0300][11,266s][info][gc] GC(259) Pause Young (Allocation Failure) 209M->5M(635M) 3,983ms
[2024-08-07T20:32:37.967+0300][11,309s][info][gc] GC(260) Pause Young (Allocation Failure) 209M->3M(635M) 4,152ms
[2024-08-07T20:32:38.010+0300][11,353s][info][gc] GC(261) Pause Young (Allocation Failure) 207M->4M(636M) 4,093ms
[2024-08-07T20:32:38.052+0300][11,395s][info][gc] GC(262) Pause Young (Allocation Failure) 209M->3M(636M) 2,154ms
[2024-08-07T20:32:38.096+0300][11,438s][info][gc] GC(263) Pause Young (Allocation Failure) 208M->4M(636M) 4,002ms
[2024-08-07T20:32:38.138+0300][11,480s][info][gc] GC(264) Pause Young (Allocation Failure) 209M->5M(635M) 3,917ms
[2024-08-07T20:32:38.182+0300][11,524s][info][gc] GC(265) Pause Young (Allocation Failure) 210M->4M(636M) 4,294ms
[2024-08-07T20:32:38.224+0300][11,567s][info][gc] GC(266) Pause Young (Allocation Failure) 208M->5M(635M) 3,654ms
[2024-08-07T20:32:38.268+0300][11,610s][info][gc] GC(267) Pause Young (Allocation Failure) 209M->3M(636M) 4,110ms
[2024-08-07T20:32:38.311+0300][11,653s][info][gc] GC(268) Pause Young (Allocation Failure) 207M->4M(635M) 3,935ms
[2024-08-07T20:32:38.351+0300][11,693s][info][gc] GC(269) Pause Young (Allocation Failure) 209M->2M(636M) 1,219ms
[2024-08-07T20:32:38.394+0300][11,736s][info][gc] GC(270) Pause Young (Allocation Failure) 207M->4M(636M) 4,377ms
[2024-08-07T20:32:38.436+0300][11,779s][info][gc] GC(271) Pause Young (Allocation Failure) 209M->5M(636M) 3,588ms
[2024-08-07T20:32:38.480+0300][11,822s][info][gc] GC(272) Pause Young (Allocation Failure) 210M->3M(636M) 4,190ms
[2024-08-07T20:32:38.523+0300][11,865s][info][gc] GC(273) Pause Young (Allocation Failure) 208M->5M(636M) 3,582ms
[2024-08-07T20:32:38.565+0300][11,907s][info][gc] GC(274) Pause Young (Allocation Failure) 210M->3M(636M) 3,271ms
[2024-08-07T20:32:38.608+0300][11,950s][info][gc] GC(275) Pause Young (Allocation Failure) 208M->4M(636M) 3,982ms
[2024-08-07T20:32:38.649+0300][11,991s][info][gc] GC(276) Pause Young (Allocation Failure) 209M->3M(636M) 1,776ms
[2024-08-07T20:32:38.692+0300][12,034s][info][gc] GC(277) Pause Young (Allocation Failure) 208M->4M(636M) 4,105ms
[2024-08-07T20:32:38.735+0300][12,077s][info][gc] GC(278) Pause Young (Allocation Failure) 209M->5M(636M) 4,241ms
[2024-08-07T20:32:38.778+0300][12,120s][info][gc] GC(279) Pause Young (Allocation Failure) 210M->3M(636M) 4,227ms
[2024-08-07T20:32:38.821+0300][12,163s][info][gc] GC(280) Pause Young (Allocation Failure) 208M->5M(636M) 4,055ms
[2024-08-07T20:32:38.864+0300][12,206s][info][gc] GC(281) Pause Young (Allocation Failure) 210M->3M(636M) 4,037ms
[2024-08-07T20:32:38.908+0300][12,250s][info][gc] GC(282) Pause Young (Allocation Failure) 208M->4M(636M) 3,971ms
[2024-08-07T20:32:38.949+0300][12,291s][info][gc] GC(283) Pause Young (Allocation Failure) 209M->3M(636M) 2,161ms
[2024-08-07T20:32:38.992+0300][12,335s][info][gc] GC(284) Pause Young (Allocation Failure) 208M->4M(636M) 4,021ms
[2024-08-07T20:32:39.035+0300][12,378s][info][gc] GC(285) Pause Young (Allocation Failure) 209M->5M(635M) 3,891ms
[2024-08-07T20:32:39.079+0300][12,421s][info][gc] GC(286) Pause Young (Allocation Failure) 209M->3M(635M) 4,183ms
[2024-08-07T20:32:39.122+0300][12,464s][info][gc] GC(287) Pause Young (Allocation Failure) 207M->4M(636M) 3,999ms
[2024-08-07T20:32:39.163+0300][12,506s][info][gc] GC(288) Pause Young (Allocation Failure) 209M->3M(636M) 2,182ms
[2024-08-07T20:32:39.207+0300][12,549s][info][gc] GC(289) Pause Young (Allocation Failure) 208M->4M(636M) 4,061ms
[2024-08-07T20:32:39.250+0300][12,592s][info][gc] GC(290) Pause Young (Allocation Failure) 209M->5M(635M) 3,954ms
[2024-08-07T20:32:39.293+0300][12,635s][info][gc] GC(291) Pause Young (Allocation Failure) 210M->4M(636M) 4,041ms
[2024-08-07T20:32:39.336+0300][12,678s][info][gc] GC(292) Pause Young (Allocation Failure) 208M->5M(635M) 3,772ms
[2024-08-07T20:32:39.379+0300][12,721s][info][gc] GC(293) Pause Young (Allocation Failure) 209M->3M(636M) 4,236ms
[2024-08-07T20:32:39.422+0300][12,764s][info][gc] GC(294) Pause Young (Allocation Failure) 208M->4M(635M) 4,167ms
[2024-08-07T20:32:39.462+0300][12,805s][info][gc] GC(295) Pause Young (Allocation Failure) 209M->3M(636M) 1,224ms
[2024-08-07T20:32:39.505+0300][12,847s][info][gc] GC(296) Pause Young (Allocation Failure) 208M->4M(636M) 4,130ms
[2024-08-07T20:32:39.548+0300][12,890s][info][gc] GC(297) Pause Young (Allocation Failure) 209M->5M(636M) 3,495ms
[2024-08-07T20:32:39.589+0300][12,932s][info][gc] GC(298) Pause Young (Allocation Failure) 210M->3M(636M) 3,144ms
[2024-08-07T20:32:39.632+0300][12,974s][info][gc] GC(299) Pause Young (Allocation Failure) 208M->5M(636M) 3,514ms
[2024-08-07T20:32:39.673+0300][13,016s][info][gc] GC(300) Pause Young (Allocation Failure) 210M->3M(636M) 2,754ms
[2024-08-07T20:32:39.716+0300][13,059s][info][gc] GC(301) Pause Young (Allocation Failure) 208M->4M(636M) 3,727ms
[2024-08-07T20:32:39.757+0300][13,099s][info][gc] GC(302) Pause Young (Allocation Failure) 209M->3M(636M) 1,677ms
[2024-08-07T20:32:39.800+0300][13,142s][info][gc] GC(303) Pause Young (Allocation Failure) 208M->4M(636M) 4,161ms
[2024-08-07T20:32:39.842+0300][13,184s][info][gc] GC(304) Pause Young (Allocation Failure) 209M->5M(636M) 3,844ms
[2024-08-07T20:32:39.885+0300][13,228s][info][gc] GC(305) Pause Young (Allocation Failure) 210M->4M(636M) 4,333ms
[2024-08-07T20:32:39.929+0300][13,271s][info][gc] GC(306) Pause Young (Allocation Failure) 209M->5M(636M) 4,159ms
[2024-08-07T20:32:39.972+0300][13,314s][info][gc] GC(307) Pause Young (Allocation Failure) 210M->3M(636M) 3,780ms
[2024-08-07T20:32:40.015+0300][13,358s][info][gc] GC(308) Pause Young (Allocation Failure) 208M->4M(636M) 4,154ms
[2024-08-07T20:32:40.056+0300][13,398s][info][gc] GC(309) Pause Young (Allocation Failure) 209M->3M(636M) 1,828ms
[2024-08-07T20:32:40.099+0300][13,441s][info][gc] GC(310) Pause Young (Allocation Failure) 208M->4M(636M) 4,114ms
[2024-08-07T20:32:40.142+0300][13,484s][info][gc] GC(311) Pause Young (Allocation Failure) 209M->5M(636M) 3,943ms
[2024-08-07T20:32:40.185+0300][13,527s][info][gc] GC(312) Pause Young (Allocation Failure) 210M->4M(636M) 4,259ms
[2024-08-07T20:32:40.228+0300][13,570s][info][gc] GC(313) Pause Young (Allocation Failure) 209M->5M(636M) 3,762ms
[2024-08-07T20:32:40.271+0300][13,613s][info][gc] GC(314) Pause Young (Allocation Failure) 210M->3M(636M) 4,233ms
[2024-08-07T20:32:40.314+0300][13,657s][info][gc] GC(315) Pause Young (Allocation Failure) 208M->5M(636M) 4,123ms
[2024-08-07T20:32:40.356+0300][13,698s][info][gc] GC(316) Pause Young (Allocation Failure) 210M->3M(636M) 2,112ms
[2024-08-07T20:32:40.399+0300][13,741s][info][gc] GC(317) Pause Young (Allocation Failure) 208M->4M(636M) 4,285ms
[2024-08-07T20:32:40.442+0300][13,784s][info][gc] GC(318) Pause Young (Allocation Failure) 209M->5M(635M) 4,021ms
[2024-08-07T20:32:40.484+0300][13,826s][info][gc] GC(319) Pause Young (Allocation Failure) 210M->4M(636M) 3,449ms
[2024-08-07T20:32:40.527+0300][13,869s][info][gc] GC(320) Pause Young (Allocation Failure) 208M->5M(635M) 4,116ms
[2024-08-07T20:32:40.569+0300][13,912s][info][gc] GC(321) Pause Young (Allocation Failure) 209M->3M(636M) 3,886ms
[2024-08-07T20:32:40.614+0300][13,956s][info][gc] GC(322) Pause Young (Allocation Failure) 208M->4M(635M) 5,315ms
[2024-08-07T20:32:40.653+0300][13,996s][info][gc] GC(323) Pause Young (Allocation Failure) 209M->3M(636M) 0,696ms
[2024-08-07T20:32:40.696+0300][14,038s][info][gc] GC(324) Pause Young (Allocation Failure) 208M->4M(636M) 3,775ms
[2024-08-07T20:32:40.739+0300][14,081s][info][gc] GC(325) Pause Young (Allocation Failure) 209M->5M(636M) 4,124ms
[2024-08-07T20:32:40.781+0300][14,123s][info][gc] GC(326) Pause Young (Allocation Failure) 210M->3M(636M) 3,273ms
[2024-08-07T20:32:40.824+0300][14,166s][info][gc] GC(327) Pause Young (Allocation Failure) 208M->5M(636M) 3,840ms
[2024-08-07T20:32:40.866+0300][14,208s][info][gc] GC(328) Pause Young (Allocation Failure) 210M->3M(636M) 2,974ms
[2024-08-07T20:32:40.909+0300][14,251s][info][gc] GC(329) Pause Young (Allocation Failure) 208M->4M(636M) 3,825ms
[2024-08-07T20:32:40.950+0300][14,292s][info][gc] GC(330) Pause Young (Allocation Failure) 209M->3M(636M) 1,467ms
[2024-08-07T20:32:40.992+0300][14,335s][info][gc] GC(331) Pause Young (Allocation Failure) 208M->4M(636M) 4,075ms
[2024-08-07T20:32:41.035+0300][14,378s][info][gc] GC(332) Pause Young (Allocation Failure) 209M->5M(636M) 3,975ms
[2024-08-07T20:32:41.079+0300][14,421s][info][gc] GC(333) Pause Young (Allocation Failure) 210M->3M(636M) 4,171ms
[2024-08-07T20:32:41.122+0300][14,464s][info][gc] GC(334) Pause Young (Allocation Failure) 208M->5M(636M) 4,129ms
[2024-08-07T20:32:41.164+0300][14,507s][info][gc] GC(335) Pause Young (Allocation Failure) 210M->3M(636M) 3,715ms
[2024-08-07T20:32:41.207+0300][14,550s][info][gc] GC(336) Pause Young (Allocation Failure) 208M->4M(636M) 3,783ms
[2024-08-07T20:32:41.248+0300][14,590s][info][gc] GC(337) Pause Young (Allocation Failure) 209M->3M(636M) 1,956ms
[2024-08-07T20:32:41.291+0300][14,633s][info][gc] GC(338) Pause Young (Allocation Failure) 208M->4M(636M) 4,038ms
[2024-08-07T20:32:41.334+0300][14,677s][info][gc] GC(339) Pause Young (Allocation Failure) 209M->5M(636M) 4,082ms
[2024-08-07T20:32:41.378+0300][14,720s][info][gc] GC(340) Pause Young (Allocation Failure) 210M->4M(636M) 4,362ms
[2024-08-07T20:32:41.420+0300][14,762s][info][gc] GC(341) Pause Young (Allocation Failure) 209M->5M(636M) 3,464ms
[2024-08-07T20:32:41.463+0300][14,806s][info][gc] GC(342) Pause Young (Allocation Failure) 210M->3M(636M) 4,136ms
[2024-08-07T20:32:41.506+0300][14,848s][info][gc] GC(343) Pause Young (Allocation Failure) 208M->4M(636M) 3,924ms
[2024-08-07T20:32:41.547+0300][14,890s][info][gc] GC(344) Pause Young (Allocation Failure) 209M->3M(636M) 1,876ms
[2024-08-07T20:32:41.590+0300][14,932s][info][gc] GC(345) Pause Young (Allocation Failure) 208M->4M(636M) 4,001ms
[2024-08-07T20:32:41.633+0300][14,975s][info][gc] GC(346) Pause Young (Allocation Failure) 209M->5M(635M) 3,928ms
[2024-08-07T20:32:41.677+0300][15,019s][info][gc] GC(347) Pause Young (Allocation Failure) 210M->4M(636M) 4,124ms
[2024-08-07T20:32:41.720+0300][15,062s][info][gc] GC(348) Pause Young (Allocation Failure) 208M->5M(635M) 4,160ms
[2024-08-07T20:32:41.763+0300][15,105s][info][gc] GC(349) Pause Young (Allocation Failure) 209M->3M(636M) 3,805ms
[2024-08-07T20:32:41.806+0300][15,148s][info][gc] GC(350) Pause Young (Allocation Failure) 208M->4M(635M) 4,101ms
[2024-08-07T20:32:41.846+0300][15,188s][info][gc] GC(351) Pause Young (Allocation Failure) 209M->3M(636M) 0,610ms
[2024-08-07T20:32:41.888+0300][15,231s][info][gc] GC(352) Pause Young (Allocation Failure) 208M->4M(636M) 4,150ms
[2024-08-07T20:32:41.934+0300][15,276s][info][gc] GC(353) Pause Young (Allocation Failure) 209M->5M(636M) 3,887ms
[2024-08-07T20:32:41.977+0300][15,320s][info][gc] GC(354) Pause Young (Allocation Failure) 210M->3M(636M) 4,171ms
[2024-08-07T20:32:42.020+0300][15,363s][info][gc] GC(355) Pause Young (Allocation Failure) 208M->5M(636M) 3,923ms
[2024-08-07T20:32:42.062+0300][15,405s][info][gc] GC(356) Pause Young (Allocation Failure) 210M->3M(636M) 3,073ms
[2024-08-07T20:32:42.106+0300][15,448s][info][gc] GC(357) Pause Young (Allocation Failure) 208M->4M(636M) 4,168ms
[2024-08-07T20:32:42.146+0300][15,488s][info][gc] GC(358) Pause Young (Allocation Failure) 209M->3M(636M) 1,175ms
[2024-08-07T20:32:42.189+0300][15,531s][info][gc] GC(359) Pause Young (Allocation Failure) 208M->4M(636M) 3,920ms
[2024-08-07T20:32:42.232+0300][15,574s][info][gc] GC(360) Pause Young (Allocation Failure) 209M->5M(636M) 3,859ms
[2024-08-07T20:32:42.275+0300][15,617s][info][gc] GC(361) Pause Young (Allocation Failure) 210M->3M(636M) 3,986ms
[2024-08-07T20:32:42.318+0300][15,660s][info][gc] GC(362) Pause Young (Allocation Failure) 208M->5M(636M) 4,375ms
[2024-08-07T20:32:42.360+0300][15,703s][info][gc] GC(363) Pause Young (Allocation Failure) 210M->3M(636M) 3,332ms
[2024-08-07T20:32:42.403+0300][15,745s][info][gc] GC(364) Pause Young (Allocation Failure) 208M->4M(636M) 4,079ms
[2024-08-07T20:32:42.444+0300][15,786s][info][gc] GC(365) Pause Young (Allocation Failure) 209M->3M(636M) 1,891ms
[2024-08-07T20:32:42.487+0300][15,829s][info][gc] GC(366) Pause Young (Allocation Failure) 208M->4M(636M) 4,212ms
[2024-08-07T20:32:42.530+0300][15,872s][info][gc] GC(367) Pause Young (Allocation Failure) 209M->5M(636M) 3,921ms
[2024-08-07T20:32:42.572+0300][15,914s][info][gc] GC(368) Pause Young (Allocation Failure) 210M->4M(636M) 3,903ms
[2024-08-07T20:32:42.615+0300][15,957s][info][gc] GC(369) Pause Young (Allocation Failure) 209M->5M(636M) 3,312ms
[2024-08-07T20:32:42.659+0300][16,002s][info][gc] GC(370) Pause Young (Allocation Failure) 210M->3M(636M) 4,339ms
[2024-08-07T20:32:42.703+0300][16,045s][info][gc] GC(371) Pause Young (Allocation Failure) 208M->4M(636M) 4,037ms
[2024-08-07T20:32:42.743+0300][16,085s][info][gc] GC(372) Pause Young (Allocation Failure) 209M->3M(636M) 1,911ms
[2024-08-07T20:32:42.787+0300][16,129s][info][gc] GC(373) Pause Young (Allocation Failure) 208M->4M(636M) 4,187ms
