[2024-08-07T20:33:14.342+0300][0.003s][info][gc] Using Parallel
[2024-08-07T20:33:14.663+0300][0,324s][info][gc] GC(0) Pause Young (Allocation Failure) 257M->3M(981M) 4,798ms
[2024-08-07T20:33:14.717+0300][0,378s][info][gc] GC(1) Pause Young (Allocation Failure) 259M->2M(981M) 2,430ms
[2024-08-07T20:33:14.768+0300][0,428s][info][gc] GC(2) Pause Young (Allocation Failure) 258M->5M(981M) 2,875ms
[2024-08-07T20:33:14.818+0300][0,478s][info][gc] GC(3) Pause Young (Allocation Failure) 261M->4M(981M) 3,169ms
[2024-08-07T20:33:14.867+0300][0,528s][info][gc] GC(4) Pause Young (Allocation Failure) 260M->3M(981M) 2,466ms
[2024-08-07T20:33:14.916+0300][0,577s][info][gc] GC(5) Pause Young (Allocation Failure) 259M->3M(1019M) 2,673ms
[2024-08-07T20:33:15.018+0300][0,679s][info][gc] GC(6) Pause Young (Allocation Failure) 335M->5M(1019M) 6,885ms
[2024-08-07T20:33:15.084+0300][0,744s][info][gc] GC(7) Pause Young (Allocation Failure) 337M->4M(1019M) 4,419ms
[2024-08-07T20:33:15.149+0300][0,810s][info][gc] GC(8) Pause Young (Allocation Failure) 336M->3M(1019M) 4,328ms
[2024-08-07T20:33:15.215+0300][0,876s][info][gc] GC(9) Pause Young (Allocation Failure) 335M->3M(1019M) 4,189ms
[2024-08-07T20:33:15.281+0300][0,941s][info][gc] GC(10) Pause Young (Allocation Failure) 335M->5M(1018M) 3,996ms
[2024-08-07T20:33:15.346+0300][1,007s][info][gc] GC(11) Pause Young (Allocation Failure) 337M->4M(1019M) 4,049ms
[2024-08-07T20:33:15.411+0300][1,072s][info][gc] GC(12) Pause Young (Allocation Failure) 336M->3M(1019M) 3,059ms
[2024-08-07T20:33:15.476+0300][1,137s][info][gc] GC(13) Pause Young (Allocation Failure) 335M->3M(1019M) 3,712ms
[2024-08-07T20:33:15.546+0300][1,207s][info][gc] GC(14) Pause Young (Allocation Failure) 335M->5M(1019M) 8,388ms
[2024-08-07T20:33:15.613+0300][1,273s][info][gc] GC(15) Pause Young (Allocation Failure) 337M->4M(1019M) 3,833ms
[2024-08-07T20:33:15.678+0300][1,338s][info][gc] GC(16) Pause Young (Allocation Failure) 336M->3M(1019M) 3,147ms
[2024-08-07T20:33:15.743+0300][1,403s][info][gc] GC(17) Pause Young (Allocation Failure) 335M->3M(1019M) 3,301ms
[2024-08-07T20:33:15.808+0300][1,469s][info][gc] GC(18) Pause Young (Allocation Failure) 335M->5M(1019M) 3,705ms
[2024-08-07T20:33:15.874+0300][1,534s][info][gc] GC(19) Pause Young (Allocation Failure) 337M->4M(1019M) 4,026ms
[2024-08-07T20:33:15.939+0300][1,599s][info][gc] GC(20) Pause Young (Allocation Failure) 336M->4M(1019M) 3,345ms
[2024-08-07T20:33:16.004+0300][1,664s][info][gc] GC(21) Pause Young (Allocation Failure) 336M->3M(1019M) 4,089ms
[2024-08-07T20:33:16.069+0300][1,730s][info][gc] GC(22) Pause Young (Allocation Failure) 335M->5M(1019M) 3,836ms
[2024-08-07T20:33:16.134+0300][1,795s][info][gc] GC(23) Pause Young (Allocation Failure) 337M->4M(1019M) 3,656ms
[2024-08-07T20:33:16.201+0300][1,861s][info][gc] GC(24) Pause Young (Allocation Failure) 336M->4M(1019M) 3,780ms
[2024-08-07T20:33:16.266+0300][1,927s][info][gc] GC(25) Pause Young (Allocation Failure) 336M->3M(1019M) 4,182ms
[2024-08-07T20:33:16.328+0300][1,989s][info][gc] GC(26) Pause Young (Allocation Failure) 335M->2M(1019M) 0,900ms
[2024-08-07T20:33:16.395+0300][2,055s][info][gc] GC(27) Pause Young (Allocation Failure) 334M->4M(1019M) 5,133ms
[2024-08-07T20:33:16.459+0300][2,120s][info][gc] GC(28) Pause Young (Allocation Failure) 336M->4M(1019M) 3,351ms
[2024-08-07T20:33:16.524+0300][2,185s][info][gc] GC(29) Pause Young (Allocation Failure) 336M->3M(1020M) 3,910ms
[2024-08-07T20:33:16.588+0300][2,248s][info][gc] GC(30) Pause Young (Allocation Failure) 335M->2M(1019M) 1,474ms
[2024-08-07T20:33:16.653+0300][2,314s][info][gc] GC(31) Pause Young (Allocation Failure) 335M->5M(1019M) 3,757ms
[2024-08-07T20:33:16.718+0300][2,379s][info][gc] GC(32) Pause Young (Allocation Failure) 337M->4M(1019M) 3,900ms
[2024-08-07T20:33:16.784+0300][2,444s][info][gc] GC(33) Pause Young (Allocation Failure) 336M->3M(1020M) 4,082ms
[2024-08-07T20:33:16.848+0300][2,509s][info][gc] GC(34) Pause Young (Allocation Failure) 336M->3M(1019M) 3,074ms
[2024-08-07T20:33:16.913+0300][2,574s][info][gc] GC(35) Pause Young (Allocation Failure) 335M->5M(1019M) 3,674ms
[2024-08-07T20:33:16.978+0300][2,639s][info][gc] GC(36) Pause Young (Allocation Failure) 337M->4M(1019M) 3,840ms
[2024-08-07T20:33:17.044+0300][2,704s][info][gc] GC(37) Pause Young (Allocation Failure) 336M->4M(1020M) 4,258ms
[2024-08-07T20:33:17.109+0300][2,770s][info][gc] GC(38) Pause Young (Allocation Failure) 336M->3M(1019M) 3,997ms
[2024-08-07T20:33:17.172+0300][2,833s][info][gc] GC(39) Pause Young (Allocation Failure) 335M->2M(1020M) 1,545ms
[2024-08-07T20:33:17.238+0300][2,899s][info][gc] GC(40) Pause Young (Allocation Failure) 335M->5M(1019M) 4,160ms
[2024-08-07T20:33:17.304+0300][2,964s][info][gc] GC(41) Pause Young (Allocation Failure) 338M->4M(1019M) 4,062ms
[2024-08-07T20:33:17.369+0300][3,030s][info][gc] GC(42) Pause Young (Allocation Failure) 336M->3M(1019M) 3,748ms
[2024-08-07T20:33:17.436+0300][3,097s][info][gc] GC(43) Pause Young (Allocation Failure) 335M->3M(1020M) 3,926ms
[2024-08-07T20:33:17.499+0300][3,159s][info][gc] GC(44) Pause Young (Allocation Failure) 336M->2M(1020M) 1,127ms
[2024-08-07T20:33:17.563+0300][3,224s][info][gc] GC(45) Pause Young (Allocation Failure) 335M->5M(1019M) 3,750ms
[2024-08-07T20:33:17.629+0300][3,290s][info][gc] GC(46) Pause Young (Allocation Failure) 337M->4M(1019M) 4,124ms
[2024-08-07T20:33:17.695+0300][3,356s][info][gc] GC(47) Pause Young (Allocation Failure) 336M->3M(1020M) 4,158ms
[2024-08-07T20:33:17.763+0300][3,423s][info][gc] GC(48) Pause Young (Allocation Failure) 336M->3M(1020M) 3,467ms
[2024-08-07T20:33:17.825+0300][3,486s][info][gc] GC(49) Pause Young (Allocation Failure) 336M->2M(1020M) 0,505ms
[2024-08-07T20:33:17.899+0300][3,560s][info][gc] GC(50) Pause Young (Allocation Failure) 335M->5M(1020M) 3,109ms
[2024-08-07T20:33:17.965+0300][3,625s][info][gc] GC(51) Pause Young (Allocation Failure) 338M->4M(1020M) 3,356ms
[2024-08-07T20:33:18.030+0300][3,690s][info][gc] GC(52) Pause Young (Allocation Failure) 337M->4M(1020M) 4,076ms
[2024-08-07T20:33:18.097+0300][3,758s][info][gc] GC(53) Pause Young (Allocation Failure) 337M->3M(1020M) 2,998ms
[2024-08-07T20:33:18.161+0300][3,822s][info][gc] GC(54) Pause Young (Allocation Failure) 336M->2M(1020M) 2,385ms
[2024-08-07T20:33:18.227+0300][3,888s][info][gc] GC(55) Pause Young (Allocation Failure) 335M->5M(1020M) 4,209ms
[2024-08-07T20:33:18.293+0300][3,954s][info][gc] GC(56) Pause Young (Allocation Failure) 338M->4M(1018M) 4,135ms
[2024-08-07T20:33:18.360+0300][4,021s][info][gc] GC(57) Pause Young (Allocation Failure) 337M->4M(1020M) 4,074ms
[2024-08-07T20:33:18.425+0300][4,086s][info][gc] GC(58) Pause Young (Allocation Failure) 336M->3M(1019M) 4,173ms
[2024-08-07T20:33:18.490+0300][4,151s][info][gc] GC(59) Pause Young (Allocation Failure) 336M->3M(1020M) 3,107ms
[2024-08-07T20:33:18.556+0300][4,216s][info][gc] GC(60) Pause Young (Allocation Failure) 336M->5M(1019M) 4,039ms
[2024-08-07T20:33:18.621+0300][4,282s][info][gc] GC(61) Pause Young (Allocation Failure) 338M->5M(1019M) 3,947ms
[2024-08-07T20:33:18.687+0300][4,348s][info][gc] GC(62) Pause Young (Allocation Failure) 337M->4M(1019M) 4,086ms
[2024-08-07T20:33:18.753+0300][4,414s][info][gc] GC(63) Pause Young (Allocation Failure) 336M->3M(1020M) 4,337ms
[2024-08-07T20:33:18.817+0300][4,478s][info][gc] GC(64) Pause Young (Allocation Failure) 336M->2M(1020M) 2,569ms
[2024-08-07T20:33:18.883+0300][4,544s][info][gc] GC(65) Pause Young (Allocation Failure) 335M->5M(1019M) 3,972ms
[2024-08-07T20:33:18.948+0300][4,609s][info][gc] GC(66) Pause Young (Allocation Failure) 337M->4M(1019M) 3,911ms
[2024-08-07T20:33:19.014+0300][4,675s][info][gc] GC(67) Pause Young (Allocation Failure) 336M->4M(1020M) 4,163ms
[2024-08-07T20:33:19.080+0300][4,741s][info][gc] GC(68) Pause Young (Allocation Failure) 336M->3M(1019M) 4,253ms
[2024-08-07T20:33:19.143+0300][4,804s][info][gc] GC(69) Pause Young (Allocation Failure) 335M->2M(1020M) 1,497ms
[2024-08-07T20:33:19.209+0300][4,870s][info][gc] GC(70) Pause Young (Allocation Failure) 335M->5M(1019M) 4,083ms
[2024-08-07T20:33:19.274+0300][4,934s][info][gc] GC(71) Pause Young (Allocation Failure) 338M->4M(1019M) 3,068ms
[2024-08-07T20:33:19.340+0300][5,000s][info][gc] GC(72) Pause Young (Allocation Failure) 336M->4M(1019M) 4,198ms
[2024-08-07T20:33:19.406+0300][5,067s][info][gc] GC(73) Pause Young (Allocation Failure) 336M->3M(1020M) 4,024ms
[2024-08-07T20:33:19.469+0300][5,130s][info][gc] GC(74) Pause Young (Allocation Failure) 336M->2M(1020M) 0,940ms
[2024-08-07T20:33:19.535+0300][5,196s][info][gc] GC(75) Pause Young (Allocation Failure) 335M->5M(1019M) 4,139ms
[2024-08-07T20:33:19.601+0300][5,261s][info][gc] GC(76) Pause Young (Allocation Failure) 337M->4M(1019M) 3,942ms
[2024-08-07T20:33:19.666+0300][5,327s][info][gc] GC(77) Pause Young (Allocation Failure) 336M->3M(1020M) 4,239ms
[2024-08-07T20:33:19.732+0300][5,393s][info][gc] GC(78) Pause Young (Allocation Failure) 336M->3M(1020M) 3,324ms
[2024-08-07T20:33:19.797+0300][5,458s][info][gc] GC(79) Pause Young (Allocation Failure) 336M->5M(1019M) 3,746ms
[2024-08-07T20:33:19.863+0300][5,523s][info][gc] GC(80) Pause Young (Allocation Failure) 337M->5M(1019M) 3,954ms
[2024-08-07T20:33:19.928+0300][5,589s][info][gc] GC(81) Pause Young (Allocation Failure) 337M->4M(1020M) 4,199ms
[2024-08-07T20:33:19.994+0300][5,655s][info][gc] GC(82) Pause Young (Allocation Failure) 336M->3M(1019M) 4,295ms
[2024-08-07T20:33:20.057+0300][5,718s][info][gc] GC(83) Pause Young (Allocation Failure) 336M->2M(1020M) 1,848ms
[2024-08-07T20:33:20.123+0300][5,784s][info][gc] GC(84) Pause Young (Allocation Failure) 335M->5M(1019M) 4,070ms
[2024-08-07T20:33:20.190+0300][5,851s][info][gc] GC(85) Pause Young (Allocation Failure) 338M->4M(1019M) 4,556ms
[2024-08-07T20:33:20.256+0300][5,916s][info][gc] GC(86) Pause Young (Allocation Failure) 336M->4M(1019M) 4,261ms
[2024-08-07T20:33:20.321+0300][5,982s][info][gc] GC(87) Pause Young (Allocation Failure) 336M->3M(1020M) 4,170ms
[2024-08-07T20:33:20.385+0300][6,045s][info][gc] GC(88) Pause Young (Allocation Failure) 336M->2M(1020M) 1,428ms
[2024-08-07T20:33:20.450+0300][6,111s][info][gc] GC(89) Pause Young (Allocation Failure) 335M->5M(1019M) 3,978ms
[2024-08-07T20:33:20.515+0300][6,176s][info][gc] GC(90) Pause Young (Allocation Failure) 337M->4M(1019M) 4,057ms
[2024-08-07T20:33:20.581+0300][6,242s][info][gc] GC(91) Pause Young (Allocation Failure) 336M->3M(1020M) 4,089ms
[2024-08-07T20:33:20.646+0300][6,306s][info][gc] GC(92) Pause Young (Allocation Failure) 336M->3M(1019M) 3,714ms
[2024-08-07T20:33:20.711+0300][6,372s][info][gc] GC(93) Pause Young (Allocation Failure) 335M->5M(1019M) 4,113ms
[2024-08-07T20:33:20.777+0300][6,438s][info][gc] GC(94) Pause Young (Allocation Failure) 337M->4M(1019M) 4,450ms
[2024-08-07T20:33:20.842+0300][6,503s][info][gc] GC(95) Pause Young (Allocation Failure) 336M->4M(1020M) 3,995ms
[2024-08-07T20:33:20.908+0300][6,569s][info][gc] GC(96) Pause Young (Allocation Failure) 336M->3M(1019M) 4,344ms
[2024-08-07T20:33:20.971+0300][6,632s][info][gc] GC(97) Pause Young (Allocation Failure) 335M->2M(1020M) 1,706ms
[2024-08-07T20:33:21.037+0300][6,697s][info][gc] GC(98) Pause Young (Allocation Failure) 335M->5M(1019M) 4,018ms
[2024-08-07T20:33:21.102+0300][6,763s][info][gc] GC(99) Pause Young (Allocation Failure) 338M->4M(1019M) 4,052ms
[2024-08-07T20:33:21.167+0300][6,828s][info][gc] GC(100) Pause Young (Allocation Failure) 336M->4M(1019M) 3,305ms
[2024-08-07T20:33:21.233+0300][6,894s][info][gc] GC(101) Pause Young (Allocation Failure) 336M->3M(1020M) 4,079ms
[2024-08-07T20:33:21.296+0300][6,956s][info][gc] GC(102) Pause Young (Allocation Failure) 336M->2M(1020M) 1,345ms
[2024-08-07T20:33:21.361+0300][7,021s][info][gc] GC(103) Pause Young (Allocation Failure) 335M->5M(1019M) 3,946ms
[2024-08-07T20:33:21.427+0300][7,087s][info][gc] GC(104) Pause Young (Allocation Failure) 337M->4M(1019M) 3,967ms
[2024-08-07T20:33:21.492+0300][7,153s][info][gc] GC(105) Pause Young (Allocation Failure) 336M->3M(1020M) 4,082ms
[2024-08-07T20:33:21.557+0300][7,218s][info][gc] GC(106) Pause Young (Allocation Failure) 336M->3M(1020M) 3,869ms
[2024-08-07T20:33:21.620+0300][7,280s][info][gc] GC(107) Pause Young (Allocation Failure) 336M->2M(1020M) 0,906ms
[2024-08-07T20:33:21.684+0300][7,345s][info][gc] GC(108) Pause Young (Allocation Failure) 335M->5M(1020M) 3,774ms
[2024-08-07T20:33:21.750+0300][7,411s][info][gc] GC(109) Pause Young (Allocation Failure) 338M->4M(1020M) 3,951ms
[2024-08-07T20:33:21.816+0300][7,477s][info][gc] GC(110) Pause Young (Allocation Failure) 337M->4M(1020M) 4,289ms
[2024-08-07T20:33:21.881+0300][7,542s][info][gc] GC(111) Pause Young (Allocation Failure) 337M->3M(1020M) 4,128ms
[2024-08-07T20:33:21.946+0300][7,606s][info][gc] GC(112) Pause Young (Allocation Failure) 336M->3M(1020M) 2,390ms
[2024-08-07T20:33:22.011+0300][7,672s][info][gc] GC(113) Pause Young (Allocation Failure) 336M->5M(1020M) 4,375ms
[2024-08-07T20:33:22.077+0300][7,738s][info][gc] GC(114) Pause Young (Allocation Failure) 338M->5M(1018M) 3,953ms
[2024-08-07T20:33:22.143+0300][7,804s][info][gc] GC(115) Pause Young (Allocation Failure) 338M->4M(1020M) 4,208ms
[2024-08-07T20:33:22.209+0300][7,870s][info][gc] GC(116) Pause Young (Allocation Failure) 336M->3M(1019M) 4,195ms
[2024-08-07T20:33:22.274+0300][7,934s][info][gc] GC(117) Pause Young (Allocation Failure) 336M->3M(1020M) 3,318ms
[2024-08-07T20:33:22.340+0300][8,000s][info][gc] GC(118) Pause Young (Allocation Failure) 336M->5M(1019M) 3,861ms
[2024-08-07T20:33:22.405+0300][8,066s][info][gc] GC(119) Pause Young (Allocation Failure) 338M->5M(1019M) 3,861ms
[2024-08-07T20:33:22.471+0300][8,131s][info][gc] GC(120) Pause Young (Allocation Failure) 337M->4M(1019M) 4,055ms
[2024-08-07T20:33:22.536+0300][8,197s][info][gc] GC(121) Pause Young (Allocation Failure) 336M->3M(1020M) 4,227ms
[2024-08-07T20:33:22.601+0300][8,261s][info][gc] GC(122) Pause Young (Allocation Failure) 336M->3M(1020M) 2,572ms
[2024-08-07T20:33:22.667+0300][8,328s][info][gc] GC(123) Pause Young (Allocation Failure) 336M->5M(1019M) 4,004ms
[2024-08-07T20:33:22.733+0300][8,394s][info][gc] GC(124) Pause Young (Allocation Failure) 337M->4M(1019M) 4,089ms
[2024-08-07T20:33:22.799+0300][8,459s][info][gc] GC(125) Pause Young (Allocation Failure) 336M->4M(1020M) 4,159ms
[2024-08-07T20:33:22.864+0300][8,525s][info][gc] GC(126) Pause Young (Allocation Failure) 336M->3M(1019M) 4,404ms
[2024-08-07T20:33:22.928+0300][8,588s][info][gc] GC(127) Pause Young (Allocation Failure) 336M->2M(1020M) 1,462ms
[2024-08-07T20:33:22.993+0300][8,654s][info][gc] GC(128) Pause Young (Allocation Failure) 335M->5M(1019M) 3,970ms
[2024-08-07T20:33:23.059+0300][8,720s][info][gc] GC(129) Pause Young (Allocation Failure) 338M->4M(1019M) 4,138ms
[2024-08-07T20:33:23.125+0300][8,786s][info][gc] GC(130) Pause Young (Allocation Failure) 336M->4M(1019M) 4,075ms
[2024-08-07T20:33:23.191+0300][8,852s][info][gc] GC(131) Pause Young (Allocation Failure) 336M->3M(1020M) 4,360ms
[2024-08-07T20:33:23.254+0300][8,915s][info][gc] GC(132) Pause Young (Allocation Failure) 336M->2M(1020M) 1,297ms
[2024-08-07T20:33:23.320+0300][8,980s][info][gc] GC(133) Pause Young (Allocation Failure) 335M->5M(1019M) 4,403ms
[2024-08-07T20:33:23.386+0300][9,047s][info][gc] GC(134) Pause Young (Allocation Failure) 337M->4M(1019M) 4,333ms
[2024-08-07T20:33:23.452+0300][9,113s][info][gc] GC(135) Pause Young (Allocation Failure) 336M->3M(1020M) 4,263ms
[2024-08-07T20:33:23.517+0300][9,178s][info][gc] GC(136) Pause Young (Allocation Failure) 336M->3M(1020M) 3,791ms
[2024-08-07T20:33:23.580+0300][9,240s][info][gc] GC(137) Pause Young (Allocation Failure) 336M->2M(1020M) 0,686ms
[2024-08-07T20:33:23.645+0300][9,305s][info][gc] GC(138) Pause Young (Allocation Failure) 335M->5M(1020M) 3,928ms
[2024-08-07T20:33:23.711+0300][9,371s][info][gc] GC(139) Pause Young (Allocation Failure) 338M->4M(1020M) 3,996ms
[2024-08-07T20:33:23.777+0300][9,438s][info][gc] GC(140) Pause Young (Allocation Failure) 337M->4M(1020M) 4,259ms
[2024-08-07T20:33:23.843+0300][9,504s][info][gc] GC(141) Pause Young (Allocation Failure) 337M->3M(1020M) 4,373ms
[2024-08-07T20:33:23.908+0300][9,568s][info][gc] GC(142) Pause Young (Allocation Failure) 336M->3M(1020M) 2,266ms
[2024-08-07T20:33:23.973+0300][9,634s][info][gc] GC(143) Pause Young (Allocation Failure) 336M->5M(1020M) 3,740ms
[2024-08-07T20:33:24.039+0300][9,699s][info][gc] GC(144) Pause Young (Allocation Failure) 338M->5M(1018M) 4,019ms
[2024-08-07T20:33:24.105+0300][9,765s][info][gc] GC(145) Pause Young (Allocation Failure) 338M->4M(1020M) 4,042ms
[2024-08-07T20:33:24.171+0300][9,831s][info][gc] GC(146) Pause Young (Allocation Failure) 336M->3M(1019M) 4,311ms
[2024-08-07T20:33:24.235+0300][9,896s][info][gc] GC(147) Pause Young (Allocation Failure) 336M->3M(1020M) 3,163ms
[2024-08-07T20:33:24.302+0300][9,962s][info][gc] GC(148) Pause Young (Allocation Failure) 336M->5M(1019M) 4,292ms
[2024-08-07T20:33:24.367+0300][10,028s][info][gc] GC(149) Pause Young (Allocation Failure) 338M->5M(1019M) 4,044ms
[2024-08-07T20:33:24.433+0300][10,094s][info][gc] GC(150) Pause Young (Allocation Failure) 337M->4M(1019M) 4,181ms
[2024-08-07T20:33:24.498+0300][10,159s][info][gc] GC(151) Pause Young (Allocation Failure) 336M->3M(1020M) 4,300ms
[2024-08-07T20:33:24.562+0300][10,223s][info][gc] GC(152) Pause Young (Allocation Failure) 336M->3M(1020M) 2,672ms
[2024-08-07T20:33:24.628+0300][10,288s][info][gc] GC(153) Pause Young (Allocation Failure) 336M->5M(1019M) 4,163ms
[2024-08-07T20:33:24.694+0300][10,354s][info][gc] GC(154) Pause Young (Allocation Failure) 337M->4M(1019M) 4,204ms
[2024-08-07T20:33:24.759+0300][10,420s][info][gc] GC(155) Pause Young (Allocation Failure) 336M->4M(1020M) 4,264ms
[2024-08-07T20:33:24.825+0300][10,486s][info][gc] GC(156) Pause Young (Allocation Failure) 336M->3M(1019M) 4,283ms
[2024-08-07T20:33:24.889+0300][10,549s][info][gc] GC(157) Pause Young (Allocation Failure) 336M->2M(1020M) 1,602ms
[2024-08-07T20:33:24.955+0300][10,615s][info][gc] GC(158) Pause Young (Allocation Failure) 335M->5M(1019M) 4,230ms
[2024-08-07T20:33:25.021+0300][10,681s][info][gc] GC(159) Pause Young (Allocation Failure) 338M->4M(1019M) 4,297ms
[2024-08-07T20:33:25.086+0300][10,747s][info][gc] GC(160) Pause Young (Allocation Failure) 336M->4M(1019M) 4,046ms
[2024-08-07T20:33:25.152+0300][10,812s][info][gc] GC(161) Pause Young (Allocation Failure) 336M->3M(1020M) 4,184ms
[2024-08-07T20:33:25.215+0300][10,875s][info][gc] GC(162) Pause Young (Allocation Failure) 336M->2M(1020M) 1,218ms
[2024-08-07T20:33:25.280+0300][10,941s][info][gc] GC(163) Pause Young (Allocation Failure) 335M->5M(1019M) 4,430ms
[2024-08-07T20:33:25.346+0300][11,006s][info][gc] GC(164) Pause Young (Allocation Failure) 337M->4M(1019M) 3,959ms
[2024-08-07T20:33:25.411+0300][11,072s][info][gc] GC(165) Pause Young (Allocation Failure) 336M->3M(1020M) 4,212ms
[2024-08-07T20:33:25.477+0300][11,137s][info][gc] GC(166) Pause Young (Allocation Failure) 336M->3M(1020M) 3,835ms
[2024-08-07T20:33:25.539+0300][11,199s][info][gc] GC(167) Pause Young (Allocation Failure) 336M->2M(1020M) 0,802ms
[2024-08-07T20:33:25.604+0300][11,264s][info][gc] GC(168) Pause Young (Allocation Failure) 335M->5M(1020M) 4,101ms
[2024-08-07T20:33:25.669+0300][11,330s][info][gc] GC(169) Pause Young (Allocation Failure) 338M->4M(1020M) 3,997ms
[2024-08-07T20:33:25.735+0300][11,395s][info][gc] GC(170) Pause Young (Allocation Failure) 337M->4M(1020M) 4,313ms
[2024-08-07T20:33:25.800+0300][11,461s][info][gc] GC(171) Pause Young (Allocation Failure) 337M->3M(1020M) 4,054ms
[2024-08-07T20:33:25.863+0300][11,524s][info][gc] GC(172) Pause Young (Allocation Failure) 336M->3M(1020M) 1,764ms
[2024-08-07T20:33:25.929+0300][11,590s][info][gc] GC(173) Pause Young (Allocation Failure) 336M->5M(1020M) 4,016ms
[2024-08-07T20:33:25.995+0300][11,655s][info][gc] GC(174) Pause Young (Allocation Failure) 338M->5M(1018M) 3,966ms
[2024-08-07T20:33:26.061+0300][11,721s][info][gc] GC(175) Pause Young (Allocation Failure) 338M->4M(1020M) 4,141ms
[2024-08-07T20:33:26.127+0300][11,788s][info][gc] GC(176) Pause Young (Allocation Failure) 337M->3M(1019M) 4,330ms
[2024-08-07T20:33:26.192+0300][11,852s][info][gc] GC(177) Pause Young (Allocation Failure) 336M->3M(1020M) 3,042ms
[2024-08-07T20:33:26.258+0300][11,918s][info][gc] GC(178) Pause Young (Allocation Failure) 336M->5M(1019M) 4,562ms
[2024-08-07T20:33:26.323+0300][11,984s][info][gc] GC(179) Pause Young (Allocation Failure) 338M->5M(1019M) 3,984ms
[2024-08-07T20:33:26.389+0300][12,050s][info][gc] GC(180) Pause Young (Allocation Failure) 337M->4M(1019M) 4,520ms
[2024-08-07T20:33:26.455+0300][12,115s][info][gc] GC(181) Pause Young (Allocation Failure) 336M->3M(1020M) 4,157ms
[2024-08-07T20:33:26.519+0300][12,179s][info][gc] GC(182) Pause Young (Allocation Failure) 336M->3M(1020M) 2,456ms
[2024-08-07T20:33:26.586+0300][12,247s][info][gc] GC(183) Pause Young (Allocation Failure) 336M->5M(1019M) 4,183ms
[2024-08-07T20:33:26.651+0300][12,312s][info][gc] GC(184) Pause Young (Allocation Failure) 337M->4M(1019M) 3,249ms
[2024-08-07T20:33:26.717+0300][12,378s][info][gc] GC(185) Pause Young (Allocation Failure) 336M->4M(1020M) 4,244ms
[2024-08-07T20:33:26.783+0300][12,444s][info][gc] GC(186) Pause Young (Allocation Failure) 336M->3M(1019M) 4,226ms
[2024-08-07T20:33:26.846+0300][12,507s][info][gc] GC(187) Pause Young (Allocation Failure) 336M->2M(1020M) 1,230ms
[2024-08-07T20:33:26.911+0300][12,572s][info][gc] GC(188) Pause Young (Allocation Failure) 335M->5M(1019M) 3,634ms
[2024-08-07T20:33:26.976+0300][12,637s][info][gc] GC(189) Pause Young (Allocation Failure) 338M->4M(1019M) 3,945ms
[2024-08-07T20:33:27.042+0300][12,703s][info][gc] GC(190) Pause Young (Allocation Failure) 336M->4M(1019M) 4,235ms
[2024-08-07T20:33:27.107+0300][12,768s][info][gc] GC(191) Pause Young (Allocation Failure) 336M->3M(1020M) 4,041ms
[2024-08-07T20:33:27.170+0300][12,831s][info][gc] GC(192) Pause Young (Allocation Failure) 336M->3M(1020M) 1,021ms
[2024-08-07T20:33:27.235+0300][12,896s][info][gc] GC(193) Pause Young (Allocation Failure) 336M->5M(1019M) 3,739ms
[2024-08-07T20:33:27.300+0300][12,961s][info][gc] GC(194) Pause Young (Allocation Failure) 337M->4M(1019M) 3,951ms
[2024-08-07T20:33:27.366+0300][13,026s][info][gc] GC(195) Pause Young (Allocation Failure) 336M->3M(1020M) 4,141ms
[2024-08-07T20:33:27.431+0300][13,091s][info][gc] GC(196) Pause Young (Allocation Failure) 336M->3M(1020M) 3,696ms
[2024-08-07T20:33:27.495+0300][13,156s][info][gc] GC(197) Pause Young (Allocation Failure) 336M->5M(1019M) 3,045ms
[2024-08-07T20:33:27.560+0300][13,221s][info][gc] GC(198) Pause Young (Allocation Failure) 337M->5M(1019M) 3,691ms
[2024-08-07T20:33:27.625+0300][13,286s][info][gc] GC(199) Pause Young (Allocation Failure) 337M->4M(1020M) 4,276ms
[2024-08-07T20:33:27.691+0300][13,352s][info][gc] GC(200) Pause Young (Allocation Failure) 336M->3M(1019M) 4,176ms
[2024-08-07T20:33:27.754+0300][13,415s][info][gc] GC(201) Pause Young (Allocation Failure) 336M->3M(1020M) 1,810ms
[2024-08-07T20:33:27.820+0300][13,481s][info][gc] GC(202) Pause Young (Allocation Failure) 336M->5M(1019M) 4,287ms
[2024-08-07T20:33:27.886+0300][13,547s][info][gc] GC(203) Pause Young (Allocation Failure) 338M->5M(1019M) 4,056ms
[2024-08-07T20:33:27.952+0300][13,613s][info][gc] GC(204) Pause Young (Allocation Failure) 337M->4M(1019M) 4,267ms
[2024-08-07T20:33:28.018+0300][13,679s][info][gc] GC(205) Pause Young (Allocation Failure) 336M->3M(1020M) 4,419ms
[2024-08-07T20:33:28.081+0300][13,742s][info][gc] GC(206) Pause Young (Allocation Failure) 336M->3M(1020M) 1,603ms
[2024-08-07T20:33:28.147+0300][13,808s][info][gc] GC(207) Pause Young (Allocation Failure) 336M->5M(1019M) 4,324ms
[2024-08-07T20:33:28.213+0300][13,874s][info][gc] GC(208) Pause Young (Allocation Failure) 337M->4M(1019M) 4,170ms
[2024-08-07T20:33:28.278+0300][13,939s][info][gc] GC(209) Pause Young (Allocation Failure) 336M->4M(1020M) 4,066ms
[2024-08-07T20:33:28.344+0300][14,004s][info][gc] GC(210) Pause Young (Allocation Failure) 336M->3M(1019M) 3,709ms
[2024-08-07T20:33:28.410+0300][14,070s][info][gc] GC(211) Pause Young (Allocation Failure) 335M->5M(1019M) 4,227ms
[2024-08-07T20:33:28.475+0300][14,136s][info][gc] GC(212) Pause Young (Allocation Failure) 337M->5M(1019M) 4,198ms
[2024-08-07T20:33:28.540+0300][14,201s][info][gc] GC(213) Pause Young (Allocation Failure) 337M->4M(1020M) 4,175ms
[2024-08-07T20:33:28.606+0300][14,267s][info][gc] GC(214) Pause Young (Allocation Failure) 336M->3M(1019M) 4,039ms
[2024-08-07T20:33:28.669+0300][14,330s][info][gc] GC(215) Pause Young (Allocation Failure) 336M->3M(1020M) 1,570ms
[2024-08-07T20:33:28.735+0300][14,395s][info][gc] GC(216) Pause Young (Allocation Failure) 336M->5M(1019M) 3,977ms
[2024-08-07T20:33:28.801+0300][14,462s][info][gc] GC(217) Pause Young (Allocation Failure) 338M->5M(1019M) 4,519ms
[2024-08-07T20:33:28.866+0300][14,527s][info][gc] GC(218) Pause Young (Allocation Failure) 337M->4M(1019M) 3,946ms
[2024-08-07T20:33:28.932+0300][14,593s][info][gc] GC(219) Pause Young (Allocation Failure) 336M->3M(1020M) 4,330ms
[2024-08-07T20:33:28.997+0300][14,658s][info][gc] GC(220) Pause Young (Allocation Failure) 336M->3M(1020M) 1,247ms
[2024-08-07T20:33:29.062+0300][14,723s][info][gc] GC(221) Pause Young (Allocation Failure) 336M->5M(1019M) 4,333ms
[2024-08-07T20:33:29.129+0300][14,789s][info][gc] GC(222) Pause Young (Allocation Failure) 337M->4M(1019M) 4,368ms
[2024-08-07T20:33:29.194+0300][14,855s][info][gc] GC(223) Pause Young (Allocation Failure) 336M->4M(1020M) 4,124ms
[2024-08-07T20:33:29.259+0300][14,919s][info][gc] GC(224) Pause Young (Allocation Failure) 336M->3M(1019M) 3,267ms
[2024-08-07T20:33:29.324+0300][14,985s][info][gc] GC(225) Pause Young (Allocation Failure) 335M->5M(1019M) 3,904ms
[2024-08-07T20:33:29.390+0300][15,051s][info][gc] GC(226) Pause Young (Allocation Failure) 337M->5M(1019M) 4,074ms
[2024-08-07T20:33:29.457+0300][15,117s][info][gc] GC(227) Pause Young (Allocation Failure) 337M->4M(1020M) 4,439ms
[2024-08-07T20:33:29.522+0300][15,183s][info][gc] GC(228) Pause Young (Allocation Failure) 336M->3M(1019M) 4,173ms
[2024-08-07T20:33:29.585+0300][15,246s][info][gc] GC(229) Pause Young (Allocation Failure) 336M->3M(1020M) 1,436ms
