[2024-08-07T20:32:58.726+0300][0.004s][info][gc] Using Parallel
[2024-08-07T20:32:59.033+0300][0,311s][info][gc] GC(0) Pause Young (Allocation Failure) 225M->4M(859M) 5,626ms
[2024-08-07T20:32:59.081+0300][0,360s][info][gc] GC(1) Pause Young (Allocation Failure) 228M->2M(859M) 2,602ms
[2024-08-07T20:32:59.127+0300][0,406s][info][gc] GC(2) Pause Young (Allocation Failure) 227M->5M(859M) 3,883ms
[2024-08-07T20:32:59.172+0300][0,450s][info][gc] GC(3) Pause Young (Allocation Failure) 229M->4M(859M) 3,338ms
[2024-08-07T20:32:59.215+0300][0,494s][info][gc] GC(4) Pause Young (Allocation Failure) 228M->3M(859M) 2,084ms
[2024-08-07T20:32:59.262+0300][0,540s][info][gc] GC(5) Pause Young (Allocation Failure) 227M->5M(890M) 5,056ms
[2024-08-07T20:32:59.349+0300][0,627s][info][gc] GC(6) Pause Young (Allocation Failure) 293M->5M(891M) 6,555ms
[2024-08-07T20:32:59.406+0300][0,685s][info][gc] GC(7) Pause Young (Allocation Failure) 293M->4M(891M) 3,788ms
[2024-08-07T20:32:59.463+0300][0,742s][info][gc] GC(8) Pause Young (Allocation Failure) 293M->4M(891M) 3,658ms
[2024-08-07T20:32:59.522+0300][0,800s][info][gc] GC(9) Pause Young (Allocation Failure) 293M->4M(891M) 3,896ms
[2024-08-07T20:32:59.579+0300][0,857s][info][gc] GC(10) Pause Young (Allocation Failure) 292M->4M(891M) 3,313ms
[2024-08-07T20:32:59.636+0300][0,915s][info][gc] GC(11) Pause Young (Allocation Failure) 292M->3M(891M) 3,871ms
[2024-08-07T20:32:59.693+0300][0,971s][info][gc] GC(12) Pause Young (Allocation Failure) 292M->3M(891M) 3,076ms
[2024-08-07T20:32:59.750+0300][1,028s][info][gc] GC(13) Pause Young (Allocation Failure) 291M->3M(891M) 3,270ms
[2024-08-07T20:32:59.805+0300][1,083s][info][gc] GC(14) Pause Young (Allocation Failure) 291M->2M(891M) 2,162ms
[2024-08-07T20:32:59.859+0300][1,138s][info][gc] GC(15) Pause Young (Allocation Failure) 291M->2M(891M) 0,979ms
[2024-08-07T20:32:59.917+0300][1,195s][info][gc] GC(16) Pause Young (Allocation Failure) 291M->5M(891M) 3,820ms
[2024-08-07T20:32:59.974+0300][1,252s][info][gc] GC(17) Pause Young (Allocation Failure) 293M->5M(891M) 3,487ms
[2024-08-07T20:33:00.031+0300][1,309s][info][gc] GC(18) Pause Young (Allocation Failure) 293M->4M(891M) 2,898ms
[2024-08-07T20:33:00.088+0300][1,366s][info][gc] GC(19) Pause Young (Allocation Failure) 293M->4M(891M) 3,093ms
[2024-08-07T20:33:00.146+0300][1,424s][info][gc] GC(20) Pause Young (Allocation Failure) 293M->4M(891M) 4,098ms
[2024-08-07T20:33:00.203+0300][1,482s][info][gc] GC(21) Pause Young (Allocation Failure) 293M->4M(891M) 3,783ms
[2024-08-07T20:33:00.261+0300][1,539s][info][gc] GC(22) Pause Young (Allocation Failure) 293M->4M(891M) 3,168ms
[2024-08-07T20:33:00.318+0300][1,596s][info][gc] GC(23) Pause Young (Allocation Failure) 293M->4M(892M) 3,276ms
[2024-08-07T20:33:00.375+0300][1,653s][info][gc] GC(24) Pause Young (Allocation Failure) 294M->4M(892M) 3,350ms
[2024-08-07T20:33:00.433+0300][1,711s][info][gc] GC(25) Pause Young (Allocation Failure) 294M->4M(892M) 3,597ms
[2024-08-07T20:33:00.491+0300][1,769s][info][gc] GC(26) Pause Young (Allocation Failure) 294M->4M(892M) 3,917ms
[2024-08-07T20:33:00.560+0300][1,838s][info][gc] GC(27) Pause Young (Allocation Failure) 294M->4M(892M) 4,266ms
[2024-08-07T20:33:00.629+0300][1,907s][info][gc] GC(28) Pause Young (Allocation Failure) 295M->4M(892M) 4,467ms
[2024-08-07T20:33:00.687+0300][1,965s][info][gc] GC(29) Pause Young (Allocation Failure) 296M->5M(892M) 4,085ms
[2024-08-07T20:33:00.746+0300][2,024s][info][gc] GC(30) Pause Young (Allocation Failure) 296M->5M(892M) 4,231ms
[2024-08-07T20:33:00.800+0300][2,079s][info][gc] GC(31) Pause Young (Allocation Failure) 296M->2M(892M) 0,656ms
[2024-08-07T20:33:00.855+0300][2,134s][info][gc] GC(32) Pause Young (Allocation Failure) 293M->2M(892M) 1,250ms
[2024-08-07T20:33:00.911+0300][2,189s][info][gc] GC(33) Pause Young (Allocation Failure) 293M->2M(892M) 1,246ms
[2024-08-07T20:33:00.967+0300][2,245s][info][gc] GC(34) Pause Young (Allocation Failure) 293M->2M(892M) 2,174ms
[2024-08-07T20:33:01.023+0300][2,301s][info][gc] GC(35) Pause Young (Allocation Failure) 293M->3M(892M) 2,322ms
[2024-08-07T20:33:01.080+0300][2,359s][info][gc] GC(36) Pause Young (Allocation Failure) 293M->3M(892M) 3,317ms
[2024-08-07T20:33:01.138+0300][2,416s][info][gc] GC(37) Pause Young (Allocation Failure) 293M->3M(892M) 3,103ms
[2024-08-07T20:33:01.195+0300][2,473s][info][gc] GC(38) Pause Young (Allocation Failure) 294M->3M(892M) 3,090ms
[2024-08-07T20:33:01.253+0300][2,532s][info][gc] GC(39) Pause Young (Allocation Failure) 294M->3M(892M) 3,642ms
[2024-08-07T20:33:01.313+0300][2,592s][info][gc] GC(40) Pause Young (Allocation Failure) 295M->4M(892M) 4,306ms
[2024-08-07T20:33:01.384+0300][2,663s][info][gc] GC(41) Pause Young (Allocation Failure) 295M->4M(892M) 3,914ms
[2024-08-07T20:33:01.458+0300][2,737s][info][gc] GC(42) Pause Young (Allocation Failure) 295M->4M(892M) 3,560ms
[2024-08-07T20:33:01.528+0300][2,807s][info][gc] GC(43) Pause Young (Allocation Failure) 296M->4M(892M) 4,229ms
[2024-08-07T20:33:01.588+0300][2,866s][info][gc] GC(44) Pause Young (Allocation Failure) 296M->5M(892M) 2,437ms
[2024-08-07T20:33:01.658+0300][2,936s][info][gc] GC(45) Pause Young (Allocation Failure) 296M->5M(891M) 3,432ms
[2024-08-07T20:33:01.725+0300][3,003s][info][gc] GC(46) Pause Young (Allocation Failure) 295M->5M(891M) 5,904ms
[2024-08-07T20:33:01.789+0300][3,068s][info][gc] GC(47) Pause Young (Allocation Failure) 295M->5M(891M) 3,497ms
[2024-08-07T20:33:01.851+0300][3,129s][info][gc] GC(48) Pause Young (Allocation Failure) 294M->5M(890M) 3,362ms
[2024-08-07T20:33:01.908+0300][3,186s][info][gc] GC(49) Pause Young (Allocation Failure) 294M->5M(891M) 3,189ms
[2024-08-07T20:33:01.965+0300][3,243s][info][gc] GC(50) Pause Young (Allocation Failure) 294M->5M(891M) 3,008ms
[2024-08-07T20:33:02.023+0300][3,301s][info][gc] GC(51) Pause Young (Allocation Failure) 294M->4M(891M) 3,250ms
[2024-08-07T20:33:02.081+0300][3,359s][info][gc] GC(52) Pause Young (Allocation Failure) 294M->4M(891M) 3,435ms
[2024-08-07T20:33:02.138+0300][3,416s][info][gc] GC(53) Pause Young (Allocation Failure) 294M->4M(892M) 2,916ms
[2024-08-07T20:33:02.198+0300][3,477s][info][gc] GC(54) Pause Young (Allocation Failure) 294M->4M(891M) 4,366ms
[2024-08-07T20:33:02.256+0300][3,535s][info][gc] GC(55) Pause Young (Allocation Failure) 294M->4M(892M) 3,018ms
[2024-08-07T20:33:02.314+0300][3,592s][info][gc] GC(56) Pause Young (Allocation Failure) 295M->4M(892M) 3,250ms
[2024-08-07T20:33:02.372+0300][3,650s][info][gc] GC(57) Pause Young (Allocation Failure) 295M->4M(892M) 3,345ms
[2024-08-07T20:33:02.430+0300][3,708s][info][gc] GC(58) Pause Young (Allocation Failure) 295M->5M(892M) 3,258ms
[2024-08-07T20:33:02.488+0300][3,766s][info][gc] GC(59) Pause Young (Allocation Failure) 296M->5M(892M) 3,292ms
[2024-08-07T20:33:02.546+0300][3,824s][info][gc] GC(60) Pause Young (Allocation Failure) 295M->5M(892M) 3,541ms
[2024-08-07T20:33:02.604+0300][3,882s][info][gc] GC(61) Pause Young (Allocation Failure) 295M->5M(892M) 3,851ms
[2024-08-07T20:33:02.661+0300][3,939s][info][gc] GC(62) Pause Young (Allocation Failure) 296M->2M(888M) 0,441ms
[2024-08-07T20:33:02.717+0300][3,995s][info][gc] GC(63) Pause Young (Allocation Failure) 293M->2M(891M) 0,945ms
[2024-08-07T20:33:02.772+0300][4,051s][info][gc] GC(64) Pause Young (Allocation Failure) 292M->2M(891M) 0,746ms
[2024-08-07T20:33:02.833+0300][4,111s][info][gc] GC(65) Pause Young (Allocation Failure) 292M->5M(890M) 6,110ms
[2024-08-07T20:33:02.890+0300][4,168s][info][gc] GC(66) Pause Young (Allocation Failure) 294M->5M(891M) 3,247ms
[2024-08-07T20:33:02.947+0300][4,225s][info][gc] GC(67) Pause Young (Allocation Failure) 293M->5M(891M) 2,844ms
[2024-08-07T20:33:03.004+0300][4,283s][info][gc] GC(68) Pause Young (Allocation Failure) 293M->4M(891M) 3,095ms
[2024-08-07T20:33:03.062+0300][4,340s][info][gc] GC(69) Pause Young (Allocation Failure) 293M->4M(891M) 2,745ms
[2024-08-07T20:33:03.119+0300][4,397s][info][gc] GC(70) Pause Young (Allocation Failure) 293M->4M(891M) 3,212ms
[2024-08-07T20:33:03.176+0300][4,454s][info][gc] GC(71) Pause Young (Allocation Failure) 293M->4M(892M) 2,692ms
[2024-08-07T20:33:03.233+0300][4,511s][info][gc] GC(72) Pause Young (Allocation Failure) 294M->4M(891M) 3,042ms
[2024-08-07T20:33:03.290+0300][4,568s][info][gc] GC(73) Pause Young (Allocation Failure) 294M->4M(892M) 2,636ms
[2024-08-07T20:33:03.347+0300][4,625s][info][gc] GC(74) Pause Young (Allocation Failure) 294M->4M(892M) 2,756ms
[2024-08-07T20:33:03.404+0300][4,682s][info][gc] GC(75) Pause Young (Allocation Failure) 294M->4M(892M) 2,493ms
[2024-08-07T20:33:03.461+0300][4,739s][info][gc] GC(76) Pause Young (Allocation Failure) 296M->4M(892M) 2,940ms
[2024-08-07T20:33:03.519+0300][4,798s][info][gc] GC(77) Pause Young (Allocation Failure) 296M->5M(892M) 3,399ms
[2024-08-07T20:33:03.577+0300][4,855s][info][gc] GC(78) Pause Young (Allocation Failure) 296M->5M(892M) 3,314ms
[2024-08-07T20:33:03.633+0300][4,911s][info][gc] GC(79) Pause Young (Allocation Failure) 296M->2M(892M) 0,863ms
[2024-08-07T20:33:03.691+0300][4,969s][info][gc] GC(80) Pause Young (Allocation Failure) 293M->2M(892M) 0,997ms
[2024-08-07T20:33:03.749+0300][5,027s][info][gc] GC(81) Pause Young (Allocation Failure) 293M->2M(892M) 1,587ms
[2024-08-07T20:33:03.806+0300][5,085s][info][gc] GC(82) Pause Young (Allocation Failure) 293M->3M(892M) 2,365ms
[2024-08-07T20:33:03.865+0300][5,143s][info][gc] GC(83) Pause Young (Allocation Failure) 293M->3M(892M) 2,473ms
[2024-08-07T20:33:03.922+0300][5,200s][info][gc] GC(84) Pause Young (Allocation Failure) 293M->3M(892M) 2,584ms
[2024-08-07T20:33:03.979+0300][5,257s][info][gc] GC(85) Pause Young (Allocation Failure) 293M->3M(892M) 2,625ms
[2024-08-07T20:33:04.035+0300][5,314s][info][gc] GC(86) Pause Young (Allocation Failure) 293M->3M(892M) 2,379ms
[2024-08-07T20:33:04.092+0300][5,371s][info][gc] GC(87) Pause Young (Allocation Failure) 294M->3M(892M) 2,684ms
[2024-08-07T20:33:04.150+0300][5,428s][info][gc] GC(88) Pause Young (Allocation Failure) 295M->4M(892M) 2,934ms
[2024-08-07T20:33:04.207+0300][5,485s][info][gc] GC(89) Pause Young (Allocation Failure) 295M->4M(892M) 3,454ms
[2024-08-07T20:33:04.265+0300][5,543s][info][gc] GC(90) Pause Young (Allocation Failure) 295M->4M(892M) 3,302ms
[2024-08-07T20:33:04.323+0300][5,601s][info][gc] GC(91) Pause Young (Allocation Failure) 296M->4M(892M) 3,001ms
[2024-08-07T20:33:04.382+0300][5,661s][info][gc] GC(92) Pause Young (Allocation Failure) 296M->5M(892M) 5,672ms
[2024-08-07T20:33:04.440+0300][5,719s][info][gc] GC(93) Pause Young (Allocation Failure) 296M->5M(892M) 3,285ms
[2024-08-07T20:33:04.498+0300][5,776s][info][gc] GC(94) Pause Young (Allocation Failure) 296M->5M(891M) 3,290ms
[2024-08-07T20:33:04.552+0300][5,831s][info][gc] GC(95) Pause Young (Allocation Failure) 296M->2M(891M) 0,556ms
[2024-08-07T20:33:04.610+0300][5,889s][info][gc] GC(96) Pause Young (Allocation Failure) 292M->5M(890M) 3,390ms
[2024-08-07T20:33:04.670+0300][5,948s][info][gc] GC(97) Pause Young (Allocation Failure) 295M->5M(891M) 3,503ms
[2024-08-07T20:33:04.727+0300][6,006s][info][gc] GC(98) Pause Young (Allocation Failure) 294M->5M(891M) 3,772ms
[2024-08-07T20:33:04.786+0300][6,065s][info][gc] GC(99) Pause Young (Allocation Failure) 293M->5M(891M) 3,676ms
[2024-08-07T20:33:04.844+0300][6,122s][info][gc] GC(100) Pause Young (Allocation Failure) 293M->4M(891M) 2,914ms
[2024-08-07T20:33:04.902+0300][6,180s][info][gc] GC(101) Pause Young (Allocation Failure) 293M->4M(891M) 4,035ms
[2024-08-07T20:33:04.959+0300][6,237s][info][gc] GC(102) Pause Young (Allocation Failure) 293M->4M(891M) 2,981ms
[2024-08-07T20:33:05.015+0300][6,293s][info][gc] GC(103) Pause Young (Allocation Failure) 293M->4M(892M) 2,586ms
[2024-08-07T20:33:05.072+0300][6,350s][info][gc] GC(104) Pause Young (Allocation Failure) 294M->4M(891M) 2,839ms
[2024-08-07T20:33:05.128+0300][6,407s][info][gc] GC(105) Pause Young (Allocation Failure) 294M->4M(892M) 2,610ms
[2024-08-07T20:33:05.185+0300][6,463s][info][gc] GC(106) Pause Young (Allocation Failure) 294M->4M(892M) 2,665ms
[2024-08-07T20:33:05.241+0300][6,520s][info][gc] GC(107) Pause Young (Allocation Failure) 294M->4M(892M) 2,470ms
[2024-08-07T20:33:05.299+0300][6,577s][info][gc] GC(108) Pause Young (Allocation Failure) 295M->4M(892M) 3,158ms
[2024-08-07T20:33:05.356+0300][6,634s][info][gc] GC(109) Pause Young (Allocation Failure) 295M->4M(892M) 2,866ms
[2024-08-07T20:33:05.413+0300][6,691s][info][gc] GC(110) Pause Young (Allocation Failure) 296M->5M(892M) 2,917ms
[2024-08-07T20:33:05.472+0300][6,750s][info][gc] GC(111) Pause Young (Allocation Failure) 296M->5M(891M) 5,032ms
[2024-08-07T20:33:05.535+0300][6,813s][info][gc] GC(112) Pause Young (Allocation Failure) 296M->5M(892M) 4,561ms
[2024-08-07T20:33:05.590+0300][6,868s][info][gc] GC(113) Pause Young (Allocation Failure) 296M->2M(891M) 0,557ms
[2024-08-07T20:33:05.647+0300][6,925s][info][gc] GC(114) Pause Young (Allocation Failure) 292M->5M(891M) 2,400ms
[2024-08-07T20:33:05.704+0300][6,983s][info][gc] GC(115) Pause Young (Allocation Failure) 295M->5M(891M) 3,270ms
[2024-08-07T20:33:05.764+0300][7,043s][info][gc] GC(116) Pause Young (Allocation Failure) 295M->5M(891M) 3,431ms
[2024-08-07T20:33:05.829+0300][7,108s][info][gc] GC(117) Pause Young (Allocation Failure) 294M->5M(891M) 3,410ms
[2024-08-07T20:33:05.892+0300][7,170s][info][gc] GC(118) Pause Young (Allocation Failure) 294M->5M(891M) 3,436ms
[2024-08-07T20:33:05.951+0300][7,229s][info][gc] GC(119) Pause Young (Allocation Failure) 294M->5M(891M) 3,514ms
[2024-08-07T20:33:06.008+0300][7,286s][info][gc] GC(120) Pause Young (Allocation Failure) 294M->5M(891M) 3,038ms
[2024-08-07T20:33:06.065+0300][7,343s][info][gc] GC(121) Pause Young (Allocation Failure) 294M->5M(892M) 2,965ms
[2024-08-07T20:33:06.122+0300][7,401s][info][gc] GC(122) Pause Young (Allocation Failure) 295M->5M(891M) 3,184ms
[2024-08-07T20:33:06.180+0300][7,458s][info][gc] GC(123) Pause Young (Allocation Failure) 295M->5M(892M) 2,846ms
[2024-08-07T20:33:06.237+0300][7,516s][info][gc] GC(124) Pause Young (Allocation Failure) 295M->5M(892M) 2,927ms
[2024-08-07T20:33:06.294+0300][7,573s][info][gc] GC(125) Pause Young (Allocation Failure) 295M->5M(892M) 3,125ms
[2024-08-07T20:33:06.352+0300][7,630s][info][gc] GC(126) Pause Young (Allocation Failure) 295M->5M(892M) 3,207ms
[2024-08-07T20:33:06.409+0300][7,688s][info][gc] GC(127) Pause Young (Allocation Failure) 295M->5M(892M) 3,441ms
[2024-08-07T20:33:06.467+0300][7,745s][info][gc] GC(128) Pause Young (Allocation Failure) 296M->5M(892M) 3,185ms
[2024-08-07T20:33:06.522+0300][7,800s][info][gc] GC(129) Pause Young (Allocation Failure) 296M->2M(891M) 0,460ms
[2024-08-07T20:33:06.580+0300][7,858s][info][gc] GC(130) Pause Young (Allocation Failure) 292M->5M(891M) 3,154ms
[2024-08-07T20:33:06.642+0300][7,920s][info][gc] GC(131) Pause Young (Allocation Failure) 295M->5M(891M) 3,768ms
[2024-08-07T20:33:06.701+0300][7,979s][info][gc] GC(132) Pause Young (Allocation Failure) 295M->5M(891M) 3,167ms
[2024-08-07T20:33:06.759+0300][8,037s][info][gc] GC(133) Pause Young (Allocation Failure) 295M->5M(891M) 3,087ms
[2024-08-07T20:33:06.817+0300][8,095s][info][gc] GC(134) Pause Young (Allocation Failure) 294M->5M(891M) 2,566ms
[2024-08-07T20:33:06.876+0300][8,154s][info][gc] GC(135) Pause Young (Allocation Failure) 294M->5M(892M) 3,237ms
[2024-08-07T20:33:06.934+0300][8,212s][info][gc] GC(136) Pause Young (Allocation Failure) 295M->5M(891M) 2,990ms
[2024-08-07T20:33:06.995+0300][8,273s][info][gc] GC(137) Pause Young (Allocation Failure) 295M->5M(892M) 5,063ms
[2024-08-07T20:33:07.054+0300][8,332s][info][gc] GC(138) Pause Young (Allocation Failure) 295M->5M(892M) 4,064ms
[2024-08-07T20:33:07.112+0300][8,390s][info][gc] GC(139) Pause Young (Allocation Failure) 295M->5M(892M) 2,972ms
[2024-08-07T20:33:07.169+0300][8,447s][info][gc] GC(140) Pause Young (Allocation Failure) 296M->5M(892M) 3,624ms
[2024-08-07T20:33:07.226+0300][8,505s][info][gc] GC(141) Pause Young (Allocation Failure) 296M->5M(892M) 3,273ms
[2024-08-07T20:33:07.281+0300][8,559s][info][gc] GC(142) Pause Young (Allocation Failure) 296M->2M(888M) 0,696ms
[2024-08-07T20:33:07.337+0300][8,615s][info][gc] GC(143) Pause Young (Allocation Failure) 293M->2M(891M) 1,080ms
[2024-08-07T20:33:07.391+0300][8,670s][info][gc] GC(144) Pause Young (Allocation Failure) 292M->2M(891M) 0,875ms
[2024-08-07T20:33:07.451+0300][8,729s][info][gc] GC(145) Pause Young (Allocation Failure) 292M->5M(890M) 5,875ms
[2024-08-07T20:33:07.508+0300][8,786s][info][gc] GC(146) Pause Young (Allocation Failure) 294M->5M(891M) 3,796ms
[2024-08-07T20:33:07.566+0300][8,845s][info][gc] GC(147) Pause Young (Allocation Failure) 293M->5M(891M) 3,765ms
[2024-08-07T20:33:07.623+0300][8,901s][info][gc] GC(148) Pause Young (Allocation Failure) 294M->4M(891M) 2,701ms
[2024-08-07T20:33:07.682+0300][8,960s][info][gc] GC(149) Pause Young (Allocation Failure) 293M->4M(891M) 4,972ms
[2024-08-07T20:33:07.738+0300][9,016s][info][gc] GC(150) Pause Young (Allocation Failure) 294M->4M(891M) 2,523ms
[2024-08-07T20:33:07.795+0300][9,074s][info][gc] GC(151) Pause Young (Allocation Failure) 294M->4M(892M) 2,402ms
[2024-08-07T20:33:07.852+0300][9,130s][info][gc] GC(152) Pause Young (Allocation Failure) 295M->4M(892M) 2,639ms
[2024-08-07T20:33:07.909+0300][9,188s][info][gc] GC(153) Pause Young (Allocation Failure) 295M->4M(892M) 3,087ms
[2024-08-07T20:33:07.966+0300][9,245s][info][gc] GC(154) Pause Young (Allocation Failure) 295M->4M(892M) 3,179ms
[2024-08-07T20:33:08.023+0300][9,302s][info][gc] GC(155) Pause Young (Allocation Failure) 295M->5M(892M) 3,125ms
[2024-08-07T20:33:08.081+0300][9,359s][info][gc] GC(156) Pause Young (Allocation Failure) 296M->5M(892M) 3,638ms
[2024-08-07T20:33:08.141+0300][9,419s][info][gc] GC(157) Pause Young (Allocation Failure) 296M->5M(892M) 5,410ms
[2024-08-07T20:33:08.198+0300][9,476s][info][gc] GC(158) Pause Young (Allocation Failure) 296M->5M(892M) 3,324ms
[2024-08-07T20:33:08.256+0300][9,534s][info][gc] GC(159) Pause Young (Allocation Failure) 296M->5M(892M) 3,452ms
[2024-08-07T20:33:08.310+0300][9,588s][info][gc] GC(160) Pause Young (Allocation Failure) 296M->2M(888M) 0,608ms
[2024-08-07T20:33:08.366+0300][9,644s][info][gc] GC(161) Pause Young (Allocation Failure) 293M->2M(891M) 0,881ms
[2024-08-07T20:33:08.420+0300][9,699s][info][gc] GC(162) Pause Young (Allocation Failure) 292M->2M(891M) 0,778ms
[2024-08-07T20:33:08.479+0300][9,757s][info][gc] GC(163) Pause Young (Allocation Failure) 292M->5M(890M) 5,026ms
[2024-08-07T20:33:08.538+0300][9,816s][info][gc] GC(164) Pause Young (Allocation Failure) 294M->5M(891M) 5,097ms
[2024-08-07T20:33:08.597+0300][9,876s][info][gc] GC(165) Pause Young (Allocation Failure) 294M->5M(891M) 5,518ms
[2024-08-07T20:33:08.655+0300][9,933s][info][gc] GC(166) Pause Young (Allocation Failure) 293M->4M(891M) 3,619ms
[2024-08-07T20:33:08.712+0300][9,990s][info][gc] GC(167) Pause Young (Allocation Failure) 293M->4M(891M) 2,726ms
[2024-08-07T20:33:08.770+0300][10,048s][info][gc] GC(168) Pause Young (Allocation Failure) 294M->4M(891M) 4,298ms
[2024-08-07T20:33:08.830+0300][10,108s][info][gc] GC(169) Pause Young (Allocation Failure) 294M->4M(892M) 4,452ms
[2024-08-07T20:33:08.887+0300][10,165s][info][gc] GC(170) Pause Young (Allocation Failure) 294M->4M(891M) 3,030ms
[2024-08-07T20:33:08.945+0300][10,223s][info][gc] GC(171) Pause Young (Allocation Failure) 294M->4M(892M) 2,511ms
[2024-08-07T20:33:09.003+0300][10,282s][info][gc] GC(172) Pause Young (Allocation Failure) 295M->4M(892M) 5,081ms
[2024-08-07T20:33:09.062+0300][10,341s][info][gc] GC(173) Pause Young (Allocation Failure) 295M->4M(892M) 4,694ms
[2024-08-07T20:33:09.122+0300][10,400s][info][gc] GC(174) Pause Young (Allocation Failure) 296M->5M(892M) 5,267ms
[2024-08-07T20:33:09.179+0300][10,457s][info][gc] GC(175) Pause Young (Allocation Failure) 296M->5M(892M) 3,204ms
[2024-08-07T20:33:09.237+0300][10,515s][info][gc] GC(176) Pause Young (Allocation Failure) 296M->5M(892M) 3,552ms
[2024-08-07T20:33:09.293+0300][10,571s][info][gc] GC(177) Pause Young (Allocation Failure) 297M->2M(892M) 0,926ms
[2024-08-07T20:33:09.348+0300][10,626s][info][gc] GC(178) Pause Young (Allocation Failure) 293M->2M(892M) 1,064ms
[2024-08-07T20:33:09.404+0300][10,682s][info][gc] GC(179) Pause Young (Allocation Failure) 293M->3M(892M) 1,757ms
[2024-08-07T20:33:09.460+0300][10,738s][info][gc] GC(180) Pause Young (Allocation Failure) 293M->3M(892M) 1,972ms
[2024-08-07T20:33:09.516+0300][10,795s][info][gc] GC(181) Pause Young (Allocation Failure) 293M->3M(892M) 2,493ms
[2024-08-07T20:33:09.574+0300][10,852s][info][gc] GC(182) Pause Young (Allocation Failure) 293M->3M(892M) 2,778ms
[2024-08-07T20:33:09.632+0300][10,910s][info][gc] GC(183) Pause Young (Allocation Failure) 293M->3M(892M) 2,979ms
[2024-08-07T20:33:09.690+0300][10,968s][info][gc] GC(184) Pause Young (Allocation Failure) 294M->3M(892M) 3,787ms
[2024-08-07T20:33:09.748+0300][11,026s][info][gc] GC(185) Pause Young (Allocation Failure) 294M->3M(892M) 2,611ms
[2024-08-07T20:33:09.807+0300][11,085s][info][gc] GC(186) Pause Young (Allocation Failure) 295M->4M(892M) 3,795ms
[2024-08-07T20:33:09.867+0300][11,145s][info][gc] GC(187) Pause Young (Allocation Failure) 295M->4M(892M) 3,378ms
[2024-08-07T20:33:09.927+0300][11,205s][info][gc] GC(188) Pause Young (Allocation Failure) 295M->4M(892M) 4,195ms
[2024-08-07T20:33:09.985+0300][11,263s][info][gc] GC(189) Pause Young (Allocation Failure) 296M->5M(892M) 3,636ms
[2024-08-07T20:33:10.043+0300][11,321s][info][gc] GC(190) Pause Young (Allocation Failure) 296M->5M(892M) 4,049ms
[2024-08-07T20:33:10.101+0300][11,379s][info][gc] GC(191) Pause Young (Allocation Failure) 296M->5M(892M) 4,070ms
[2024-08-07T20:33:10.158+0300][11,437s][info][gc] GC(192) Pause Young (Allocation Failure) 296M->5M(891M) 3,102ms
[2024-08-07T20:33:10.213+0300][11,491s][info][gc] GC(193) Pause Young (Allocation Failure) 296M->2M(891M) 0,793ms
[2024-08-07T20:33:10.270+0300][11,549s][info][gc] GC(194) Pause Young (Allocation Failure) 292M->5M(891M) 3,992ms
[2024-08-07T20:33:10.329+0300][11,607s][info][gc] GC(195) Pause Young (Allocation Failure) 295M->5M(890M) 3,792ms
[2024-08-07T20:33:10.387+0300][11,665s][info][gc] GC(196) Pause Young (Allocation Failure) 294M->5M(891M) 4,304ms
[2024-08-07T20:33:10.445+0300][11,723s][info][gc] GC(197) Pause Young (Allocation Failure) 293M->5M(891M) 4,101ms
[2024-08-07T20:33:10.502+0300][11,781s][info][gc] GC(198) Pause Young (Allocation Failure) 293M->4M(891M) 4,299ms
[2024-08-07T20:33:10.561+0300][11,839s][info][gc] GC(199) Pause Young (Allocation Failure) 293M->4M(891M) 3,956ms
[2024-08-07T20:33:10.619+0300][11,898s][info][gc] GC(200) Pause Young (Allocation Failure) 294M->4M(891M) 4,331ms
[2024-08-07T20:33:10.677+0300][11,956s][info][gc] GC(201) Pause Young (Allocation Failure) 294M->4M(892M) 4,263ms
[2024-08-07T20:33:10.735+0300][12,014s][info][gc] GC(202) Pause Young (Allocation Failure) 294M->4M(891M) 4,139ms
[2024-08-07T20:33:10.794+0300][12,072s][info][gc] GC(203) Pause Young (Allocation Failure) 294M->4M(892M) 4,196ms
[2024-08-07T20:33:10.851+0300][12,129s][info][gc] GC(204) Pause Young (Allocation Failure) 294M->4M(892M) 2,998ms
[2024-08-07T20:33:10.907+0300][12,185s][info][gc] GC(205) Pause Young (Allocation Failure) 295M->4M(892M) 2,410ms
[2024-08-07T20:33:10.964+0300][12,242s][info][gc] GC(206) Pause Young (Allocation Failure) 295M->4M(892M) 2,819ms
[2024-08-07T20:33:11.021+0300][12,300s][info][gc] GC(207) Pause Young (Allocation Failure) 295M->5M(892M) 3,066ms
[2024-08-07T20:33:11.079+0300][12,357s][info][gc] GC(208) Pause Young (Allocation Failure) 296M->5M(892M) 3,490ms
[2024-08-07T20:33:11.138+0300][12,416s][info][gc] GC(209) Pause Young (Allocation Failure) 296M->5M(891M) 3,597ms
[2024-08-07T20:33:11.195+0300][12,473s][info][gc] GC(210) Pause Young (Allocation Failure) 296M->5M(892M) 3,358ms
[2024-08-07T20:33:11.250+0300][12,528s][info][gc] GC(211) Pause Young (Allocation Failure) 296M->2M(891M) 0,615ms
[2024-08-07T20:33:11.307+0300][12,586s][info][gc] GC(212) Pause Young (Allocation Failure) 292M->5M(891M) 3,273ms
[2024-08-07T20:33:11.367+0300][12,646s][info][gc] GC(213) Pause Young (Allocation Failure) 295M->5M(891M) 3,459ms
[2024-08-07T20:33:11.425+0300][12,704s][info][gc] GC(214) Pause Young (Allocation Failure) 295M->5M(891M) 3,556ms
[2024-08-07T20:33:11.483+0300][12,761s][info][gc] GC(215) Pause Young (Allocation Failure) 295M->5M(891M) 3,634ms
[2024-08-07T20:33:11.540+0300][12,818s][info][gc] GC(216) Pause Young (Allocation Failure) 295M->5M(891M) 3,466ms
[2024-08-07T20:33:11.597+0300][12,876s][info][gc] GC(217) Pause Young (Allocation Failure) 294M->5M(891M) 3,424ms
[2024-08-07T20:33:11.655+0300][12,934s][info][gc] GC(218) Pause Young (Allocation Failure) 294M->5M(891M) 3,478ms
[2024-08-07T20:33:11.712+0300][12,991s][info][gc] GC(219) Pause Young (Allocation Failure) 294M->5M(892M) 3,005ms
[2024-08-07T20:33:11.769+0300][13,048s][info][gc] GC(220) Pause Young (Allocation Failure) 295M->5M(891M) 3,004ms
[2024-08-07T20:33:11.827+0300][13,105s][info][gc] GC(221) Pause Young (Allocation Failure) 295M->5M(892M) 3,037ms
[2024-08-07T20:33:11.884+0300][13,162s][info][gc] GC(222) Pause Young (Allocation Failure) 295M->5M(892M) 3,291ms
[2024-08-07T20:33:11.941+0300][13,219s][info][gc] GC(223) Pause Young (Allocation Failure) 295M->5M(892M) 3,238ms
[2024-08-07T20:33:11.998+0300][13,277s][info][gc] GC(224) Pause Young (Allocation Failure) 295M->5M(892M) 3,487ms
[2024-08-07T20:33:12.056+0300][13,334s][info][gc] GC(225) Pause Young (Allocation Failure) 296M->5M(892M) 3,285ms
[2024-08-07T20:33:12.114+0300][13,392s][info][gc] GC(226) Pause Young (Allocation Failure) 296M->5M(892M) 3,585ms
[2024-08-07T20:33:12.171+0300][13,449s][info][gc] GC(227) Pause Young (Allocation Failure) 296M->3M(891M) 0,453ms
[2024-08-07T20:33:12.229+0300][13,507s][info][gc] GC(228) Pause Young (Allocation Failure) 292M->5M(891M) 3,773ms
[2024-08-07T20:33:12.287+0300][13,565s][info][gc] GC(229) Pause Young (Allocation Failure) 295M->5M(891M) 3,844ms
[2024-08-07T20:33:12.344+0300][13,622s][info][gc] GC(230) Pause Young (Allocation Failure) 295M->5M(891M) 3,461ms
[2024-08-07T20:33:12.401+0300][13,679s][info][gc] GC(231) Pause Young (Allocation Failure) 295M->5M(891M) 3,060ms
[2024-08-07T20:33:12.458+0300][13,736s][info][gc] GC(232) Pause Young (Allocation Failure) 295M->5M(891M) 3,313ms
[2024-08-07T20:33:12.515+0300][13,793s][info][gc] GC(233) Pause Young (Allocation Failure) 294M->5M(892M) 3,299ms
[2024-08-07T20:33:12.573+0300][13,851s][info][gc] GC(234) Pause Young (Allocation Failure) 295M->5M(891M) 3,455ms
[2024-08-07T20:33:12.630+0300][13,908s][info][gc] GC(235) Pause Young (Allocation Failure) 295M->5M(892M) 3,060ms
[2024-08-07T20:33:12.687+0300][13,965s][info][gc] GC(236) Pause Young (Allocation Failure) 295M->5M(892M) 3,125ms
[2024-08-07T20:33:12.744+0300][14,022s][info][gc] GC(237) Pause Young (Allocation Failure) 296M->5M(892M) 3,291ms
[2024-08-07T20:33:12.802+0300][14,080s][info][gc] GC(238) Pause Young (Allocation Failure) 296M->5M(892M) 3,146ms
[2024-08-07T20:33:12.859+0300][14,137s][info][gc] GC(239) Pause Young (Allocation Failure) 296M->5M(892M) 3,287ms
[2024-08-07T20:33:12.913+0300][14,191s][info][gc] GC(240) Pause Young (Allocation Failure) 296M->3M(888M) 0,800ms
[2024-08-07T20:33:12.968+0300][14,246s][info][gc] GC(241) Pause Young (Allocation Failure) 293M->3M(891M) 0,994ms
[2024-08-07T20:33:13.023+0300][14,301s][info][gc] GC(242) Pause Young (Allocation Failure) 292M->3M(891M) 0,819ms
[2024-08-07T20:33:13.080+0300][14,358s][info][gc] GC(243) Pause Young (Allocation Failure) 292M->5M(890M) 3,280ms
[2024-08-07T20:33:13.137+0300][14,416s][info][gc] GC(244) Pause Young (Allocation Failure) 294M->5M(891M) 3,358ms
[2024-08-07T20:33:13.196+0300][14,474s][info][gc] GC(245) Pause Young (Allocation Failure) 294M->5M(891M) 3,483ms
[2024-08-07T20:33:13.253+0300][14,531s][info][gc] GC(246) Pause Young (Allocation Failure) 293M->5M(891M) 3,438ms
[2024-08-07T20:33:13.311+0300][14,589s][info][gc] GC(247) Pause Young (Allocation Failure) 293M->4M(891M) 2,568ms
[2024-08-07T20:33:13.368+0300][14,647s][info][gc] GC(248) Pause Young (Allocation Failure) 294M->4M(891M) 2,675ms
[2024-08-07T20:33:13.426+0300][14,704s][info][gc] GC(249) Pause Young (Allocation Failure) 294M->4M(892M) 3,310ms
[2024-08-07T20:33:13.484+0300][14,762s][info][gc] GC(250) Pause Young (Allocation Failure) 294M->4M(891M) 3,177ms
[2024-08-07T20:33:13.542+0300][14,820s][info][gc] GC(251) Pause Young (Allocation Failure) 294M->4M(892M) 2,714ms
[2024-08-07T20:33:13.600+0300][14,878s][info][gc] GC(252) Pause Young (Allocation Failure) 295M->4M(892M) 3,003ms
[2024-08-07T20:33:13.657+0300][14,935s][info][gc] GC(253) Pause Young (Allocation Failure) 295M->4M(892M) 2,616ms
[2024-08-07T20:33:13.714+0300][14,992s][info][gc] GC(254) Pause Young (Allocation Failure) 295M->5M(892M) 2,958ms
[2024-08-07T20:33:13.771+0300][15,049s][info][gc] GC(255) Pause Young (Allocation Failure) 296M->5M(892M) 3,004ms
[2024-08-07T20:33:13.829+0300][15,107s][info][gc] GC(256) Pause Young (Allocation Failure) 296M->5M(892M) 3,293ms
[2024-08-07T20:33:13.886+0300][15,165s][info][gc] GC(257) Pause Young (Allocation Failure) 297M->5M(891M) 3,163ms
[2024-08-07T20:33:13.941+0300][15,219s][info][gc] GC(258) Pause Young (Allocation Failure) 296M->3M(892M) 0,546ms
[2024-08-07T20:33:13.997+0300][15,275s][info][gc] GC(259) Pause Young (Allocation Failure) 293M->3M(891M) 1,303ms
[2024-08-07T20:33:14.051+0300][15,330s][info][gc] GC(260) Pause Young (Allocation Failure) 292M->3M(891M) 1,258ms
[2024-08-07T20:33:14.109+0300][15,387s][info][gc] GC(261) Pause Young (Allocation Failure) 292M->5M(891M) 4,271ms
[2024-08-07T20:33:14.167+0300][15,445s][info][gc] GC(262) Pause Young (Allocation Failure) 295M->5M(890M) 4,009ms
[2024-08-07T20:33:14.226+0300][15,504s][info][gc] GC(263) Pause Young (Allocation Failure) 295M->5M(891M) 4,315ms
