[2024-08-07T18:01:38.558+0300][0.006s][info][gc] Using Serial
[2024-08-07T18:01:38.907+0300][0,354s][info][gc] GC(0) Pause Young (Allocation Failure) 274M->3M(989M) 12,482ms
[2024-08-07T18:01:38.970+0300][0,418s][info][gc] GC(1) Pause Young (Allocation Failure) 277M->3M(989M) 7,590ms
[2024-08-07T18:01:39.028+0300][0,475s][info][gc] GC(2) Pause Young (Allocation Failure) 276M->2M(989M) 4,032ms
[2024-08-07T18:01:39.084+0300][0,531s][info][gc] GC(3) Pause Young (Allocation Failure) 275M->2M(989M) 3,272ms
[2024-08-07T18:01:39.149+0300][0,596s][info][gc] GC(4) Pause Young (Allocation Failure) 275M->5M(989M) 14,000ms
[2024-08-07T18:01:39.218+0300][0,666s][info][gc] GC(5) Pause Young (Allocation Failure) 278M->4M(989M) 13,261ms
[2024-08-07T18:01:39.281+0300][0,728s][info][gc] GC(6) Pause Young (Allocation Failure) 277M->4M(989M) 10,624ms
[2024-08-07T18:01:39.344+0300][0,791s][info][gc] GC(7) Pause Young (Allocation Failure) 277M->4M(989M) 9,681ms
[2024-08-07T18:01:39.402+0300][0,850s][info][gc] GC(8) Pause Young (Allocation Failure) 277M->3M(989M) 6,983ms
[2024-08-07T18:01:39.461+0300][0,908s][info][gc] GC(9) Pause Young (Allocation Failure) 276M->3M(989M) 7,030ms
[2024-08-07T18:01:39.519+0300][0,967s][info][gc] GC(10) Pause Young (Allocation Failure) 276M->3M(989M) 5,783ms
[2024-08-07T18:01:39.575+0300][1,023s][info][gc] GC(11) Pause Young (Allocation Failure) 276M->2M(989M) 4,513ms
[2024-08-07T18:01:39.631+0300][1,078s][info][gc] GC(12) Pause Young (Allocation Failure) 275M->2M(989M) 1,400ms
[2024-08-07T18:01:39.689+0300][1,137s][info][gc] GC(13) Pause Young (Allocation Failure) 275M->5M(989M) 6,935ms
[2024-08-07T18:01:39.747+0300][1,194s][info][gc] GC(14) Pause Young (Allocation Failure) 278M->4M(989M) 6,457ms
[2024-08-07T18:01:39.803+0300][1,250s][info][gc] GC(15) Pause Young (Allocation Failure) 278M->4M(989M) 4,826ms
[2024-08-07T18:01:39.858+0300][1,306s][info][gc] GC(16) Pause Young (Allocation Failure) 277M->4M(989M) 4,614ms
[2024-08-07T18:01:39.913+0300][1,361s][info][gc] GC(17) Pause Young (Allocation Failure) 277M->4M(989M) 4,009ms
[2024-08-07T18:01:39.968+0300][1,415s][info][gc] GC(18) Pause Young (Allocation Failure) 277M->3M(989M) 3,211ms
[2024-08-07T18:01:40.021+0300][1,469s][info][gc] GC(19) Pause Young (Allocation Failure) 276M->3M(989M) 2,526ms
[2024-08-07T18:01:40.075+0300][1,522s][info][gc] GC(20) Pause Young (Allocation Failure) 276M->3M(989M) 1,809ms
[2024-08-07T18:01:40.127+0300][1,574s][info][gc] GC(21) Pause Young (Allocation Failure) 276M->2M(989M) 1,184ms
[2024-08-07T18:01:40.179+0300][1,626s][info][gc] GC(22) Pause Young (Allocation Failure) 275M->2M(989M) 0,642ms
[2024-08-07T18:01:40.237+0300][1,684s][info][gc] GC(23) Pause Young (Allocation Failure) 275M->5M(989M) 6,537ms
[2024-08-07T18:01:40.294+0300][1,741s][info][gc] GC(24) Pause Young (Allocation Failure) 278M->4M(989M) 5,234ms
[2024-08-07T18:01:40.350+0300][1,797s][info][gc] GC(25) Pause Young (Allocation Failure) 277M->4M(989M) 4,865ms
[2024-08-07T18:01:40.405+0300][1,853s][info][gc] GC(26) Pause Young (Allocation Failure) 277M->4M(989M) 4,233ms
[2024-08-07T18:01:40.467+0300][1,914s][info][gc] GC(27) Pause Young (Allocation Failure) 277M->3M(989M) 4,973ms
[2024-08-07T18:01:40.524+0300][1,971s][info][gc] GC(28) Pause Young (Allocation Failure) 276M->3M(989M) 4,597ms
[2024-08-07T18:01:40.580+0300][2,027s][info][gc] GC(29) Pause Young (Allocation Failure) 276M->3M(989M) 3,500ms
[2024-08-07T18:01:40.634+0300][2,082s][info][gc] GC(30) Pause Young (Allocation Failure) 276M->2M(989M) 2,083ms
[2024-08-07T18:01:40.688+0300][2,135s][info][gc] GC(31) Pause Young (Allocation Failure) 275M->2M(989M) 1,646ms
[2024-08-07T18:01:40.748+0300][2,196s][info][gc] GC(32) Pause Young (Allocation Failure) 275M->5M(989M) 9,280ms
[2024-08-07T18:01:40.810+0300][2,257s][info][gc] GC(33) Pause Young (Allocation Failure) 278M->4M(989M) 9,379ms
[2024-08-07T18:01:40.866+0300][2,314s][info][gc] GC(34) Pause Young (Allocation Failure) 277M->4M(989M) 4,699ms
[2024-08-07T18:01:40.926+0300][2,374s][info][gc] GC(35) Pause Young (Allocation Failure) 277M->4M(989M) 7,678ms
[2024-08-07T18:01:40.983+0300][2,430s][info][gc] GC(36) Pause Young (Allocation Failure) 277M->3M(989M) 5,137ms
[2024-08-07T18:01:41.040+0300][2,487s][info][gc] GC(37) Pause Young (Allocation Failure) 276M->3M(989M) 4,845ms
[2024-08-07T18:01:41.096+0300][2,543s][info][gc] GC(38) Pause Young (Allocation Failure) 276M->3M(989M) 3,969ms
[2024-08-07T18:01:41.151+0300][2,598s][info][gc] GC(39) Pause Young (Allocation Failure) 276M->2M(989M) 2,432ms
[2024-08-07T18:01:41.205+0300][2,652s][info][gc] GC(40) Pause Young (Allocation Failure) 276M->2M(989M) 1,668ms
[2024-08-07T18:01:41.257+0300][2,705s][info][gc] GC(41) Pause Young (Allocation Failure) 275M->2M(989M) 0,908ms
[2024-08-07T18:01:41.327+0300][2,775s][info][gc] GC(42) Pause Young (Allocation Failure) 275M->5M(989M) 9,234ms
[2024-08-07T18:01:41.388+0300][2,835s][info][gc] GC(43) Pause Young (Allocation Failure) 278M->4M(989M) 8,436ms
[2024-08-07T18:01:41.446+0300][2,893s][info][gc] GC(44) Pause Young (Allocation Failure) 277M->4M(989M) 6,621ms
[2024-08-07T18:01:41.504+0300][2,952s][info][gc] GC(45) Pause Young (Allocation Failure) 277M->4M(989M) 6,638ms
[2024-08-07T18:01:41.561+0300][3,008s][info][gc] GC(46) Pause Young (Allocation Failure) 277M->3M(989M) 5,660ms
[2024-08-07T18:01:41.618+0300][3,065s][info][gc] GC(47) Pause Young (Allocation Failure) 276M->3M(989M) 5,336ms
[2024-08-07T18:01:41.672+0300][3,120s][info][gc] GC(48) Pause Young (Allocation Failure) 276M->3M(989M) 2,867ms
[2024-08-07T18:01:41.726+0300][3,174s][info][gc] GC(49) Pause Young (Allocation Failure) 276M->2M(989M) 2,330ms
[2024-08-07T18:01:41.779+0300][3,227s][info][gc] GC(50) Pause Young (Allocation Failure) 275M->2M(989M) 1,216ms
[2024-08-07T18:01:41.841+0300][3,288s][info][gc] GC(51) Pause Young (Allocation Failure) 275M->5M(989M) 9,851ms
[2024-08-07T18:01:41.901+0300][3,348s][info][gc] GC(52) Pause Young (Allocation Failure) 278M->4M(989M) 8,927ms
[2024-08-07T18:01:41.961+0300][3,408s][info][gc] GC(53) Pause Young (Allocation Failure) 277M->4M(989M) 8,405ms
[2024-08-07T18:01:42.025+0300][3,472s][info][gc] GC(54) Pause Young (Allocation Failure) 277M->4M(989M) 7,345ms
[2024-08-07T18:01:42.082+0300][3,530s][info][gc] GC(55) Pause Young (Allocation Failure) 277M->3M(989M) 6,882ms
[2024-08-07T18:01:42.138+0300][3,586s][info][gc] GC(56) Pause Young (Allocation Failure) 276M->3M(989M) 4,680ms
[2024-08-07T18:01:42.194+0300][3,642s][info][gc] GC(57) Pause Young (Allocation Failure) 276M->3M(989M) 4,608ms
[2024-08-07T18:01:42.250+0300][3,698s][info][gc] GC(58) Pause Young (Allocation Failure) 276M->2M(989M) 3,318ms
[2024-08-07T18:01:42.304+0300][3,752s][info][gc] GC(59) Pause Young (Allocation Failure) 275M->2M(989M) 2,190ms
[2024-08-07T18:01:42.368+0300][3,815s][info][gc] GC(60) Pause Young (Allocation Failure) 275M->5M(989M) 11,327ms
[2024-08-07T18:01:42.431+0300][3,878s][info][gc] GC(61) Pause Young (Allocation Failure) 278M->4M(989M) 11,047ms
[2024-08-07T18:01:42.492+0300][3,939s][info][gc] GC(62) Pause Young (Allocation Failure) 278M->4M(989M) 8,938ms
[2024-08-07T18:01:42.553+0300][4,000s][info][gc] GC(63) Pause Young (Allocation Failure) 277M->4M(989M) 8,673ms
[2024-08-07T18:01:42.612+0300][4,060s][info][gc] GC(64) Pause Young (Allocation Failure) 277M->3M(989M) 7,454ms
[2024-08-07T18:01:42.670+0300][4,118s][info][gc] GC(65) Pause Young (Allocation Failure) 277M->3M(989M) 6,140ms
[2024-08-07T18:01:42.728+0300][4,175s][info][gc] GC(66) Pause Young (Allocation Failure) 276M->3M(989M) 4,079ms
[2024-08-07T18:01:42.783+0300][4,231s][info][gc] GC(67) Pause Young (Allocation Failure) 276M->3M(989M) 3,814ms
[2024-08-07T18:01:42.838+0300][4,285s][info][gc] GC(68) Pause Young (Allocation Failure) 276M->2M(989M) 2,289ms
[2024-08-07T18:01:42.891+0300][4,339s][info][gc] GC(69) Pause Young (Allocation Failure) 275M->2M(989M) 1,234ms
[2024-08-07T18:01:42.954+0300][4,401s][info][gc] GC(70) Pause Young (Allocation Failure) 275M->5M(989M) 10,937ms
[2024-08-07T18:01:43.015+0300][4,462s][info][gc] GC(71) Pause Young (Allocation Failure) 278M->4M(989M) 9,257ms
[2024-08-07T18:01:43.075+0300][4,523s][info][gc] GC(72) Pause Young (Allocation Failure) 277M->4M(989M) 8,514ms
[2024-08-07T18:01:43.135+0300][4,582s][info][gc] GC(73) Pause Young (Allocation Failure) 277M->4M(989M) 7,872ms
[2024-08-07T18:01:43.193+0300][4,640s][info][gc] GC(74) Pause Young (Allocation Failure) 277M->3M(989M) 6,770ms
[2024-08-07T18:01:43.251+0300][4,698s][info][gc] GC(75) Pause Young (Allocation Failure) 276M->3M(989M) 5,523ms
[2024-08-07T18:01:43.306+0300][4,753s][info][gc] GC(76) Pause Young (Allocation Failure) 276M->3M(989M) 2,839ms
[2024-08-07T18:01:43.360+0300][4,808s][info][gc] GC(77) Pause Young (Allocation Failure) 276M->2M(989M) 3,151ms
[2024-08-07T18:01:43.414+0300][4,862s][info][gc] GC(78) Pause Young (Allocation Failure) 275M->2M(989M) 1,893ms
[2024-08-07T18:01:43.479+0300][4,926s][info][gc] GC(79) Pause Young (Allocation Failure) 275M->5M(989M) 12,075ms
[2024-08-07T18:01:43.541+0300][4,988s][info][gc] GC(80) Pause Young (Allocation Failure) 278M->4M(989M) 9,971ms
[2024-08-07T18:01:43.602+0300][5,050s][info][gc] GC(81) Pause Young (Allocation Failure) 277M->4M(989M) 9,613ms
[2024-08-07T18:01:43.661+0300][5,108s][info][gc] GC(82) Pause Young (Allocation Failure) 277M->4M(989M) 5,422ms
[2024-08-07T18:01:43.720+0300][5,167s][info][gc] GC(83) Pause Young (Allocation Failure) 277M->3M(989M) 7,225ms
[2024-08-07T18:01:43.777+0300][5,224s][info][gc] GC(84) Pause Young (Allocation Failure) 276M->3M(989M) 5,461ms
[2024-08-07T18:01:43.833+0300][5,281s][info][gc] GC(85) Pause Young (Allocation Failure) 276M->3M(989M) 4,792ms
[2024-08-07T18:01:43.889+0300][5,336s][info][gc] GC(86) Pause Young (Allocation Failure) 276M->2M(989M) 3,614ms
[2024-08-07T18:01:43.943+0300][5,390s][info][gc] GC(87) Pause Young (Allocation Failure) 276M->2M(989M) 2,246ms
[2024-08-07T18:01:43.996+0300][5,444s][info][gc] GC(88) Pause Young (Allocation Failure) 275M->2M(989M) 0,891ms
[2024-08-07T18:01:44.059+0300][5,506s][info][gc] GC(89) Pause Young (Allocation Failure) 275M->5M(989M) 11,241ms
[2024-08-07T18:01:44.120+0300][5,567s][info][gc] GC(90) Pause Young (Allocation Failure) 278M->4M(989M) 9,075ms
[2024-08-07T18:01:44.181+0300][5,628s][info][gc] GC(91) Pause Young (Allocation Failure) 277M->4M(989M) 9,003ms
[2024-08-07T18:01:44.238+0300][5,685s][info][gc] GC(92) Pause Young (Allocation Failure) 277M->4M(989M) 5,840ms
[2024-08-07T18:01:44.296+0300][5,743s][info][gc] GC(93) Pause Young (Allocation Failure) 277M->3M(989M) 4,200ms
[2024-08-07T18:01:44.352+0300][5,799s][info][gc] GC(94) Pause Young (Allocation Failure) 276M->3M(989M) 4,324ms
[2024-08-07T18:01:44.408+0300][5,855s][info][gc] GC(95) Pause Young (Allocation Failure) 276M->3M(989M) 4,117ms
[2024-08-07T18:01:44.462+0300][5,910s][info][gc] GC(96) Pause Young (Allocation Failure) 276M->2M(989M) 2,383ms
[2024-08-07T18:01:44.516+0300][5,963s][info][gc] GC(97) Pause Young (Allocation Failure) 275M->2M(989M) 1,376ms
[2024-08-07T18:01:44.579+0300][6,026s][info][gc] GC(98) Pause Young (Allocation Failure) 275M->5M(989M) 11,329ms
[2024-08-07T18:01:44.641+0300][6,089s][info][gc] GC(99) Pause Young (Allocation Failure) 278M->4M(989M) 10,294ms
[2024-08-07T18:01:44.702+0300][6,149s][info][gc] GC(100) Pause Young (Allocation Failure) 277M->4M(989M) 8,647ms
[2024-08-07T18:01:44.762+0300][6,209s][info][gc] GC(101) Pause Young (Allocation Failure) 277M->4M(989M) 8,318ms
[2024-08-07T18:01:44.820+0300][6,268s][info][gc] GC(102) Pause Young (Allocation Failure) 277M->3M(989M) 6,525ms
[2024-08-07T18:01:44.876+0300][6,323s][info][gc] GC(103) Pause Young (Allocation Failure) 276M->3M(989M) 3,404ms
[2024-08-07T18:01:44.931+0300][6,379s][info][gc] GC(104) Pause Young (Allocation Failure) 276M->3M(989M) 3,937ms
[2024-08-07T18:01:44.985+0300][6,433s][info][gc] GC(105) Pause Young (Allocation Failure) 276M->2M(989M) 1,737ms
[2024-08-07T18:01:45.039+0300][6,486s][info][gc] GC(106) Pause Young (Allocation Failure) 275M->2M(989M) 2,121ms
[2024-08-07T18:01:45.104+0300][6,551s][info][gc] GC(107) Pause Young (Allocation Failure) 275M->5M(989M) 12,242ms
[2024-08-07T18:01:45.166+0300][6,614s][info][gc] GC(108) Pause Young (Allocation Failure) 278M->4M(989M) 10,278ms
[2024-08-07T18:01:45.228+0300][6,675s][info][gc] GC(109) Pause Young (Allocation Failure) 278M->4M(989M) 9,860ms
[2024-08-07T18:01:45.290+0300][6,737s][info][gc] GC(110) Pause Young (Allocation Failure) 277M->4M(989M) 9,789ms
[2024-08-07T18:01:45.354+0300][6,802s][info][gc] GC(111) Pause Young (Allocation Failure) 277M->3M(989M) 7,062ms
[2024-08-07T18:01:45.412+0300][6,859s][info][gc] GC(112) Pause Young (Allocation Failure) 277M->3M(989M) 5,696ms
[2024-08-07T18:01:45.468+0300][6,915s][info][gc] GC(113) Pause Young (Allocation Failure) 276M->3M(989M) 4,571ms
[2024-08-07T18:01:45.522+0300][6,969s][info][gc] GC(114) Pause Young (Allocation Failure) 276M->3M(989M) 2,339ms
[2024-08-07T18:01:45.576+0300][7,023s][info][gc] GC(115) Pause Young (Allocation Failure) 276M->2M(989M) 2,054ms
[2024-08-07T18:01:45.629+0300][7,077s][info][gc] GC(116) Pause Young (Allocation Failure) 275M->2M(989M) 1,086ms
[2024-08-07T18:01:45.692+0300][7,140s][info][gc] GC(117) Pause Young (Allocation Failure) 275M->5M(989M) 11,844ms
[2024-08-07T18:01:45.754+0300][7,201s][info][gc] GC(118) Pause Young (Allocation Failure) 278M->4M(989M) 10,171ms
[2024-08-07T18:01:45.814+0300][7,262s][info][gc] GC(119) Pause Young (Allocation Failure) 277M->4M(989M) 9,335ms
[2024-08-07T18:01:45.874+0300][7,321s][info][gc] GC(120) Pause Young (Allocation Failure) 277M->4M(989M) 7,102ms
[2024-08-07T18:01:45.932+0300][7,380s][info][gc] GC(121) Pause Young (Allocation Failure) 277M->3M(989M) 6,828ms
[2024-08-07T18:01:45.990+0300][7,438s][info][gc] GC(122) Pause Young (Allocation Failure) 276M->3M(989M) 5,501ms
[2024-08-07T18:01:46.046+0300][7,494s][info][gc] GC(123) Pause Young (Allocation Failure) 276M->3M(989M) 4,335ms
[2024-08-07T18:01:46.101+0300][7,549s][info][gc] GC(124) Pause Young (Allocation Failure) 276M->2M(989M) 3,106ms
[2024-08-07T18:01:46.155+0300][7,602s][info][gc] GC(125) Pause Young (Allocation Failure) 275M->2M(989M) 1,718ms
[2024-08-07T18:01:46.218+0300][7,665s][info][gc] GC(126) Pause Young (Allocation Failure) 275M->5M(989M) 11,431ms
[2024-08-07T18:01:46.281+0300][7,728s][info][gc] GC(127) Pause Young (Allocation Failure) 278M->4M(989M) 10,826ms
[2024-08-07T18:01:46.342+0300][7,790s][info][gc] GC(128) Pause Young (Allocation Failure) 277M->4M(989M) 9,617ms
[2024-08-07T18:01:46.403+0300][7,850s][info][gc] GC(129) Pause Young (Allocation Failure) 277M->4M(989M) 8,403ms
[2024-08-07T18:01:46.461+0300][7,908s][info][gc] GC(130) Pause Young (Allocation Failure) 277M->3M(989M) 6,124ms
[2024-08-07T18:01:46.519+0300][7,966s][info][gc] GC(131) Pause Young (Allocation Failure) 276M->3M(989M) 6,020ms
[2024-08-07T18:01:46.576+0300][8,023s][info][gc] GC(132) Pause Young (Allocation Failure) 276M->3M(989M) 4,837ms
[2024-08-07T18:01:46.632+0300][8,080s][info][gc] GC(133) Pause Young (Allocation Failure) 276M->2M(989M) 3,708ms
[2024-08-07T18:01:46.687+0300][8,135s][info][gc] GC(134) Pause Young (Allocation Failure) 276M->2M(989M) 2,035ms
[2024-08-07T18:01:46.745+0300][8,193s][info][gc] GC(135) Pause Young (Allocation Failure) 275M->2M(989M) 0,659ms
[2024-08-07T18:01:46.806+0300][8,253s][info][gc] GC(136) Pause Young (Allocation Failure) 275M->5M(989M) 10,219ms
[2024-08-07T18:01:46.867+0300][8,315s][info][gc] GC(137) Pause Young (Allocation Failure) 278M->4M(989M) 9,680ms
[2024-08-07T18:01:46.926+0300][8,373s][info][gc] GC(138) Pause Young (Allocation Failure) 277M->4M(989M) 7,185ms
[2024-08-07T18:01:46.984+0300][8,431s][info][gc] GC(139) Pause Young (Allocation Failure) 277M->4M(989M) 6,241ms
[2024-08-07T18:01:47.041+0300][8,488s][info][gc] GC(140) Pause Young (Allocation Failure) 277M->3M(989M) 6,033ms
[2024-08-07T18:01:47.097+0300][8,545s][info][gc] GC(141) Pause Young (Allocation Failure) 276M->3M(989M) 4,747ms
[2024-08-07T18:01:47.152+0300][8,599s][info][gc] GC(142) Pause Young (Allocation Failure) 276M->3M(989M) 2,624ms
[2024-08-07T18:01:47.206+0300][8,654s][info][gc] GC(143) Pause Young (Allocation Failure) 276M->2M(989M) 2,288ms
[2024-08-07T18:01:47.259+0300][8,707s][info][gc] GC(144) Pause Young (Allocation Failure) 275M->2M(989M) 1,072ms
[2024-08-07T18:01:47.321+0300][8,768s][info][gc] GC(145) Pause Young (Allocation Failure) 275M->5M(989M) 10,117ms
[2024-08-07T18:01:47.381+0300][8,828s][info][gc] GC(146) Pause Young (Allocation Failure) 278M->4M(989M) 9,890ms
[2024-08-07T18:01:47.441+0300][8,888s][info][gc] GC(147) Pause Young (Allocation Failure) 277M->4M(989M) 8,921ms
[2024-08-07T18:01:47.500+0300][8,947s][info][gc] GC(148) Pause Young (Allocation Failure) 277M->4M(989M) 7,847ms
[2024-08-07T18:01:47.557+0300][9,004s][info][gc] GC(149) Pause Young (Allocation Failure) 277M->3M(989M) 6,098ms
[2024-08-07T18:01:47.611+0300][9,058s][info][gc] GC(150) Pause Young (Allocation Failure) 276M->3M(989M) 2,380ms
[2024-08-07T18:01:47.666+0300][9,114s][info][gc] GC(151) Pause Young (Allocation Failure) 276M->3M(989M) 4,111ms
[2024-08-07T18:01:47.720+0300][9,167s][info][gc] GC(152) Pause Young (Allocation Failure) 276M->2M(989M) 2,471ms
[2024-08-07T18:01:47.772+0300][9,219s][info][gc] GC(153) Pause Young (Allocation Failure) 275M->2M(989M) 1,478ms
[2024-08-07T18:01:47.833+0300][9,281s][info][gc] GC(154) Pause Young (Allocation Failure) 275M->5M(989M) 11,029ms
[2024-08-07T18:01:47.895+0300][9,343s][info][gc] GC(155) Pause Young (Allocation Failure) 278M->4M(989M) 10,694ms
[2024-08-07T18:01:47.951+0300][9,399s][info][gc] GC(156) Pause Young (Allocation Failure) 278M->4M(989M) 4,520ms
[2024-08-07T18:01:48.011+0300][9,458s][info][gc] GC(157) Pause Young (Allocation Failure) 277M->4M(989M) 8,202ms
[2024-08-07T18:01:48.069+0300][9,516s][info][gc] GC(158) Pause Young (Allocation Failure) 277M->3M(989M) 7,142ms
[2024-08-07T18:01:48.126+0300][9,574s][info][gc] GC(159) Pause Young (Allocation Failure) 277M->3M(989M) 5,969ms
[2024-08-07T18:01:48.181+0300][9,629s][info][gc] GC(160) Pause Young (Allocation Failure) 276M->3M(989M) 3,976ms
[2024-08-07T18:01:48.236+0300][9,683s][info][gc] GC(161) Pause Young (Allocation Failure) 276M->2M(989M) 3,279ms
[2024-08-07T18:01:48.289+0300][9,736s][info][gc] GC(162) Pause Young (Allocation Failure) 276M->2M(989M) 2,163ms
[2024-08-07T18:01:48.341+0300][9,788s][info][gc] GC(163) Pause Young (Allocation Failure) 275M->2M(989M) 1,066ms
[2024-08-07T18:01:48.402+0300][9,849s][info][gc] GC(164) Pause Young (Allocation Failure) 275M->5M(989M) 10,516ms
[2024-08-07T18:01:48.463+0300][9,910s][info][gc] GC(165) Pause Young (Allocation Failure) 278M->4M(989M) 10,043ms
[2024-08-07T18:01:48.523+0300][9,970s][info][gc] GC(166) Pause Young (Allocation Failure) 277M->4M(989M) 8,893ms
[2024-08-07T18:01:48.580+0300][10,028s][info][gc] GC(167) Pause Young (Allocation Failure) 277M->4M(989M) 6,187ms
[2024-08-07T18:01:48.636+0300][10,084s][info][gc] GC(168) Pause Young (Allocation Failure) 277M->3M(989M) 5,431ms
[2024-08-07T18:01:48.692+0300][10,140s][info][gc] GC(169) Pause Young (Allocation Failure) 276M->3M(989M) 5,157ms
[2024-08-07T18:01:48.747+0300][10,195s][info][gc] GC(170) Pause Young (Allocation Failure) 276M->3M(989M) 3,962ms
[2024-08-07T18:01:48.801+0300][10,249s][info][gc] GC(171) Pause Young (Allocation Failure) 276M->2M(989M) 2,795ms
[2024-08-07T18:01:48.854+0300][10,301s][info][gc] GC(172) Pause Young (Allocation Failure) 275M->2M(989M) 1,341ms
[2024-08-07T18:01:48.917+0300][10,364s][info][gc] GC(173) Pause Young (Allocation Failure) 275M->5M(989M) 11,535ms
[2024-08-07T18:01:48.978+0300][10,425s][info][gc] GC(174) Pause Young (Allocation Failure) 278M->4M(989M) 9,989ms
[2024-08-07T18:01:49.038+0300][10,485s][info][gc] GC(175) Pause Young (Allocation Failure) 277M->4M(989M) 9,170ms
[2024-08-07T18:01:49.097+0300][10,545s][info][gc] GC(176) Pause Young (Allocation Failure) 277M->4M(989M) 7,953ms
[2024-08-07T18:01:49.152+0300][10,600s][info][gc] GC(177) Pause Young (Allocation Failure) 277M->3M(989M) 3,781ms
[2024-08-07T18:01:49.210+0300][10,657s][info][gc] GC(178) Pause Young (Allocation Failure) 276M->3M(989M) 5,609ms
[2024-08-07T18:01:49.266+0300][10,713s][info][gc] GC(179) Pause Young (Allocation Failure) 276M->3M(989M) 4,356ms
[2024-08-07T18:01:49.319+0300][10,766s][info][gc] GC(180) Pause Young (Allocation Failure) 276M->2M(989M) 2,167ms
[2024-08-07T18:01:49.371+0300][10,819s][info][gc] GC(181) Pause Young (Allocation Failure) 275M->2M(989M) 1,667ms
[2024-08-07T18:01:49.433+0300][10,881s][info][gc] GC(182) Pause Young (Allocation Failure) 275M->5M(989M) 10,809ms
[2024-08-07T18:01:49.491+0300][10,938s][info][gc] GC(183) Pause Young (Allocation Failure) 278M->5M(989M) 5,708ms
[2024-08-07T18:01:49.546+0300][10,993s][info][gc] GC(184) Pause Young (Allocation Failure) 278M->4M(989M) 4,463ms
[2024-08-07T18:01:49.607+0300][11,054s][info][gc] GC(185) Pause Young (Allocation Failure) 277M->4M(989M) 7,293ms
[2024-08-07T18:01:49.666+0300][11,113s][info][gc] GC(186) Pause Young (Allocation Failure) 277M->4M(989M) 6,941ms
[2024-08-07T18:01:49.726+0300][11,174s][info][gc] GC(187) Pause Young (Allocation Failure) 277M->3M(989M) 4,077ms
[2024-08-07T18:01:49.782+0300][11,230s][info][gc] GC(188) Pause Young (Allocation Failure) 276M->3M(989M) 2,156ms
[2024-08-07T18:01:49.836+0300][11,283s][info][gc] GC(189) Pause Young (Allocation Failure) 276M->3M(989M) 2,122ms
[2024-08-07T18:01:49.890+0300][11,338s][info][gc] GC(190) Pause Young (Allocation Failure) 276M->2M(989M) 2,585ms
[2024-08-07T18:01:49.943+0300][11,390s][info][gc] GC(191) Pause Young (Allocation Failure) 275M->2M(989M) 1,278ms
[2024-08-07T18:01:50.004+0300][11,452s][info][gc] GC(192) Pause Young (Allocation Failure) 275M->5M(989M) 10,602ms
[2024-08-07T18:01:50.065+0300][11,513s][info][gc] GC(193) Pause Young (Allocation Failure) 278M->4M(989M) 10,088ms
[2024-08-07T18:01:50.124+0300][11,572s][info][gc] GC(194) Pause Young (Allocation Failure) 277M->4M(989M) 8,013ms
[2024-08-07T18:01:50.184+0300][11,632s][info][gc] GC(195) Pause Young (Allocation Failure) 277M->4M(989M) 7,803ms
[2024-08-07T18:01:50.242+0300][11,689s][info][gc] GC(196) Pause Young (Allocation Failure) 277M->3M(989M) 6,409ms
[2024-08-07T18:01:50.299+0300][11,746s][info][gc] GC(197) Pause Young (Allocation Failure) 276M->3M(989M) 5,456ms
[2024-08-07T18:01:50.356+0300][11,803s][info][gc] GC(198) Pause Young (Allocation Failure) 276M->3M(989M) 4,285ms
[2024-08-07T18:01:50.409+0300][11,856s][info][gc] GC(199) Pause Young (Allocation Failure) 276M->2M(989M) 1,515ms
[2024-08-07T18:01:50.460+0300][11,907s][info][gc] GC(200) Pause Young (Allocation Failure) 275M->2M(989M) 0,707ms
[2024-08-07T18:01:50.516+0300][11,964s][info][gc] GC(201) Pause Young (Allocation Failure) 275M->5M(989M) 6,208ms
[2024-08-07T18:01:50.571+0300][12,019s][info][gc] GC(202) Pause Young (Allocation Failure) 278M->4M(989M) 4,936ms
[2024-08-07T18:01:50.627+0300][12,074s][info][gc] GC(203) Pause Young (Allocation Failure) 277M->4M(989M) 4,942ms
[2024-08-07T18:01:50.681+0300][12,128s][info][gc] GC(204) Pause Young (Allocation Failure) 277M->4M(989M) 3,693ms
[2024-08-07T18:01:50.735+0300][12,182s][info][gc] GC(205) Pause Young (Allocation Failure) 277M->3M(989M) 3,685ms
[2024-08-07T18:01:50.788+0300][12,236s][info][gc] GC(206) Pause Young (Allocation Failure) 277M->3M(989M) 3,058ms
[2024-08-07T18:01:50.841+0300][12,289s][info][gc] GC(207) Pause Young (Allocation Failure) 276M->3M(989M) 2,419ms
[2024-08-07T18:01:50.895+0300][12,342s][info][gc] GC(208) Pause Young (Allocation Failure) 276M->2M(989M) 1,274ms
[2024-08-07T18:01:50.946+0300][12,394s][info][gc] GC(209) Pause Young (Allocation Failure) 276M->2M(989M) 1,098ms
[2024-08-07T18:01:50.997+0300][12,445s][info][gc] GC(210) Pause Young (Allocation Failure) 275M->2M(989M) 0,524ms
[2024-08-07T18:01:51.053+0300][12,501s][info][gc] GC(211) Pause Young (Allocation Failure) 275M->5M(989M) 5,816ms
[2024-08-07T18:01:51.108+0300][12,556s][info][gc] GC(212) Pause Young (Allocation Failure) 278M->4M(989M) 4,663ms
[2024-08-07T18:01:51.163+0300][12,611s][info][gc] GC(213) Pause Young (Allocation Failure) 277M->4M(989M) 4,550ms
[2024-08-07T18:01:51.217+0300][12,665s][info][gc] GC(214) Pause Young (Allocation Failure) 277M->4M(989M) 3,938ms
[2024-08-07T18:01:51.271+0300][12,718s][info][gc] GC(215) Pause Young (Allocation Failure) 277M->3M(989M) 3,270ms
[2024-08-07T18:01:51.325+0300][12,773s][info][gc] GC(216) Pause Young (Allocation Failure) 276M->3M(989M) 3,974ms
[2024-08-07T18:01:51.380+0300][12,828s][info][gc] GC(217) Pause Young (Allocation Failure) 276M->3M(989M) 3,977ms
[2024-08-07T18:01:51.436+0300][12,884s][info][gc] GC(218) Pause Young (Allocation Failure) 276M->2M(989M) 2,067ms
[2024-08-07T18:01:51.489+0300][12,936s][info][gc] GC(219) Pause Young (Allocation Failure) 275M->2M(989M) 1,448ms
[2024-08-07T18:01:51.550+0300][12,998s][info][gc] GC(220) Pause Young (Allocation Failure) 275M->5M(989M) 10,842ms
[2024-08-07T18:01:51.611+0300][13,059s][info][gc] GC(221) Pause Young (Allocation Failure) 278M->4M(989M) 9,227ms
[2024-08-07T18:01:51.671+0300][13,118s][info][gc] GC(222) Pause Young (Allocation Failure) 277M->4M(989M) 8,326ms
[2024-08-07T18:01:51.729+0300][13,177s][info][gc] GC(223) Pause Young (Allocation Failure) 277M->4M(989M) 7,499ms
[2024-08-07T18:01:51.786+0300][13,234s][info][gc] GC(224) Pause Young (Allocation Failure) 277M->3M(989M) 6,080ms
[2024-08-07T18:01:51.843+0300][13,290s][info][gc] GC(225) Pause Young (Allocation Failure) 276M->3M(989M) 5,496ms
[2024-08-07T18:01:51.896+0300][13,343s][info][gc] GC(226) Pause Young (Allocation Failure) 276M->3M(989M) 2,622ms
[2024-08-07T18:01:51.956+0300][13,403s][info][gc] GC(227) Pause Young (Allocation Failure) 276M->2M(989M) 2,823ms
[2024-08-07T18:01:52.008+0300][13,455s][info][gc] GC(228) Pause Young (Allocation Failure) 275M->2M(989M) 1,554ms
[2024-08-07T18:01:52.071+0300][13,519s][info][gc] GC(229) Pause Young (Allocation Failure) 275M->5M(989M) 12,188ms
[2024-08-07T18:01:52.132+0300][13,580s][info][gc] GC(230) Pause Young (Allocation Failure) 278M->4M(989M) 10,452ms
[2024-08-07T18:01:52.193+0300][13,640s][info][gc] GC(231) Pause Young (Allocation Failure) 278M->4M(989M) 9,634ms
[2024-08-07T18:01:52.251+0300][13,699s][info][gc] GC(232) Pause Young (Allocation Failure) 277M->4M(989M) 7,070ms
[2024-08-07T18:01:52.309+0300][13,757s][info][gc] GC(233) Pause Young (Allocation Failure) 277M->4M(989M) 7,015ms
[2024-08-07T18:01:52.368+0300][13,816s][info][gc] GC(234) Pause Young (Allocation Failure) 277M->3M(989M) 5,669ms
[2024-08-07T18:01:52.423+0300][13,871s][info][gc] GC(235) Pause Young (Allocation Failure) 276M->3M(989M) 4,752ms
[2024-08-07T18:01:52.477+0300][13,925s][info][gc] GC(236) Pause Young (Allocation Failure) 276M->3M(989M) 2,606ms
[2024-08-07T18:01:52.530+0300][13,978s][info][gc] GC(237) Pause Young (Allocation Failure) 276M->2M(989M) 2,239ms
[2024-08-07T18:01:52.582+0300][14,030s][info][gc] GC(238) Pause Young (Allocation Failure) 275M->2M(989M) 1,109ms
[2024-08-07T18:01:52.644+0300][14,091s][info][gc] GC(239) Pause Young (Allocation Failure) 275M->5M(989M) 11,399ms
[2024-08-07T18:01:52.705+0300][14,153s][info][gc] GC(240) Pause Young (Allocation Failure) 278M->4M(989M) 9,916ms
[2024-08-07T18:01:52.765+0300][14,213s][info][gc] GC(241) Pause Young (Allocation Failure) 277M->4M(989M) 9,031ms
[2024-08-07T18:01:52.823+0300][14,271s][info][gc] GC(242) Pause Young (Allocation Failure) 277M->4M(989M) 6,750ms
[2024-08-07T18:01:52.881+0300][14,329s][info][gc] GC(243) Pause Young (Allocation Failure) 277M->3M(989M) 6,663ms
[2024-08-07T18:01:52.938+0300][14,385s][info][gc] GC(244) Pause Young (Allocation Failure) 276M->3M(989M) 5,377ms
[2024-08-07T18:01:52.992+0300][14,439s][info][gc] GC(245) Pause Young (Allocation Failure) 276M->3M(989M) 3,044ms
[2024-08-07T18:01:53.046+0300][14,493s][info][gc] GC(246) Pause Young (Allocation Failure) 276M->2M(989M) 2,998ms
[2024-08-07T18:01:53.098+0300][14,546s][info][gc] GC(247) Pause Young (Allocation Failure) 275M->2M(989M) 1,445ms
[2024-08-07T18:01:53.160+0300][14,608s][info][gc] GC(248) Pause Young (Allocation Failure) 275M->5M(989M) 11,105ms
[2024-08-07T18:01:53.222+0300][14,669s][info][gc] GC(249) Pause Young (Allocation Failure) 278M->4M(989M) 10,799ms
[2024-08-07T18:01:53.282+0300][14,729s][info][gc] GC(250) Pause Young (Allocation Failure) 277M->4M(989M) 8,588ms
[2024-08-07T18:01:53.341+0300][14,789s][info][gc] GC(251) Pause Young (Allocation Failure) 277M->4M(989M) 8,250ms
[2024-08-07T18:01:53.399+0300][14,846s][info][gc] GC(252) Pause Young (Allocation Failure) 277M->3M(989M) 6,146ms
[2024-08-07T18:01:53.456+0300][14,903s][info][gc] GC(253) Pause Young (Allocation Failure) 277M->3M(989M) 5,810ms
[2024-08-07T18:01:53.512+0300][14,959s][info][gc] GC(254) Pause Young (Allocation Failure) 276M->3M(989M) 4,577ms
[2024-08-07T18:01:53.566+0300][15,013s][info][gc] GC(255) Pause Young (Allocation Failure) 276M->2M(989M) 3,262ms
[2024-08-07T18:01:53.619+0300][15,067s][info][gc] GC(256) Pause Young (Allocation Failure) 276M->2M(989M) 1,734ms
[2024-08-07T18:01:53.671+0300][15,119s][info][gc] GC(257) Pause Young (Allocation Failure) 275M->2M(989M) 0,978ms
[2024-08-07T18:01:53.732+0300][15,180s][info][gc] GC(258) Pause Young (Allocation Failure) 275M->5M(989M) 10,320ms
[2024-08-07T18:01:53.793+0300][15,241s][info][gc] GC(259) Pause Young (Allocation Failure) 278M->4M(989M) 9,987ms
[2024-08-07T18:01:53.853+0300][15,300s][info][gc] GC(260) Pause Young (Allocation Failure) 277M->4M(989M) 8,724ms
[2024-08-07T18:01:53.912+0300][15,359s][info][gc] GC(261) Pause Young (Allocation Failure) 277M->4M(989M) 7,624ms
[2024-08-07T18:01:53.968+0300][15,416s][info][gc] GC(262) Pause Young (Allocation Failure) 277M->3M(989M) 5,258ms
[2024-08-07T18:01:54.024+0300][15,471s][info][gc] GC(263) Pause Young (Allocation Failure) 276M->3M(989M) 5,071ms
[2024-08-07T18:01:54.078+0300][15,526s][info][gc] GC(264) Pause Young (Allocation Failure) 276M->3M(989M) 3,472ms
[2024-08-07T18:01:54.132+0300][15,579s][info][gc] GC(265) Pause Young (Allocation Failure) 276M->2M(989M) 2,683ms
[2024-08-07T18:01:54.184+0300][15,632s][info][gc] GC(266) Pause Young (Allocation Failure) 275M->2M(989M) 1,216ms
[2024-08-07T18:01:54.246+0300][15,694s][info][gc] GC(267) Pause Young (Allocation Failure) 275M->5M(989M) 11,397ms
[2024-08-07T18:01:54.307+0300][15,754s][info][gc] GC(268) Pause Young (Allocation Failure) 278M->4M(989M) 9,364ms
[2024-08-07T18:01:54.367+0300][15,815s][info][gc] GC(269) Pause Young (Allocation Failure) 277M->4M(989M) 9,213ms
[2024-08-07T18:01:54.427+0300][15,874s][info][gc] GC(270) Pause Young (Allocation Failure) 277M->4M(989M) 8,011ms
[2024-08-07T18:01:54.484+0300][15,932s][info][gc] GC(271) Pause Young (Allocation Failure) 277M->3M(989M) 6,712ms
[2024-08-07T18:01:54.540+0300][15,988s][info][gc] GC(272) Pause Young (Allocation Failure) 276M->3M(989M) 5,439ms
[2024-08-07T18:01:54.601+0300][16,048s][info][gc] GC(273) Pause Young (Allocation Failure) 276M->3M(989M) 4,264ms
[2024-08-07T18:01:54.654+0300][16,102s][info][gc] GC(274) Pause Young (Allocation Failure) 276M->2M(989M) 3,019ms
[2024-08-07T18:01:54.707+0300][16,154s][info][gc] GC(275) Pause Young (Allocation Failure) 275M->2M(989M) 1,732ms
[2024-08-07T18:01:54.769+0300][16,216s][info][gc] GC(276) Pause Young (Allocation Failure) 275M->5M(989M) 11,161ms
[2024-08-07T18:01:54.831+0300][16,279s][info][gc] GC(277) Pause Young (Allocation Failure) 278M->4M(989M) 10,870ms
[2024-08-07T18:01:54.892+0300][16,339s][info][gc] GC(278) Pause Young (Allocation Failure) 278M->4M(989M) 9,534ms
