[2024-08-07T18:03:13.179+0300][0.005s][info][gc] Using Serial
[2024-08-07T18:03:14.460+0300][1,285s][info][gc] GC(0) Pause Young (Allocation Failure) 1912M->3M(6929M) 11,240ms
[2024-08-07T18:03:14.868+0300][1,694s][info][gc] GC(1) Pause Young (Allocation Failure) 1915M->3M(6929M) 11,202ms
[2024-08-07T18:03:15.255+0300][2,081s][info][gc] GC(2) Pause Young (Allocation Failure) 1915M->4M(6929M) 12,204ms
[2024-08-07T18:03:15.617+0300][2,443s][info][gc] GC(3) Pause Young (Allocation Failure) 1916M->2M(6929M) 1,261ms
[2024-08-07T18:03:15.980+0300][2,806s][info][gc] GC(4) Pause Young (Allocation Failure) 1914M->3M(6929M) 2,904ms
[2024-08-07T18:03:16.349+0300][3,175s][info][gc] GC(5) Pause Young (Allocation Failure) 1914M->4M(6929M) 9,249ms
[2024-08-07T18:03:16.721+0300][3,547s][info][gc] GC(6) Pause Young (Allocation Failure) 1915M->4M(6929M) 12,181ms
[2024-08-07T18:03:17.085+0300][3,911s][info][gc] GC(7) Pause Young (Allocation Failure) 1916M->2M(6929M) 3,883ms
[2024-08-07T18:03:17.452+0300][4,278s][info][gc] GC(8) Pause Young (Allocation Failure) 1914M->3M(6929M) 6,569ms
[2024-08-07T18:03:17.823+0300][4,649s][info][gc] GC(9) Pause Young (Allocation Failure) 1915M->4M(6929M) 10,405ms
[2024-08-07T18:03:18.197+0300][5,022s][info][gc] GC(10) Pause Young (Allocation Failure) 1915M->5M(6929M) 13,629ms
[2024-08-07T18:03:18.561+0300][5,387s][info][gc] GC(11) Pause Young (Allocation Failure) 1916M->3M(6929M) 4,511ms
[2024-08-07T18:03:18.930+0300][5,755s][info][gc] GC(12) Pause Young (Allocation Failure) 1914M->3M(6929M) 8,303ms
[2024-08-07T18:03:19.301+0300][6,126s][info][gc] GC(13) Pause Young (Allocation Failure) 1915M->4M(6929M) 11,309ms
[2024-08-07T18:03:19.663+0300][6,489s][info][gc] GC(14) Pause Young (Allocation Failure) 1916M->2M(6929M) 2,889ms
[2024-08-07T18:03:20.029+0300][6,855s][info][gc] GC(15) Pause Young (Allocation Failure) 1914M->3M(6929M) 6,705ms
[2024-08-07T18:03:20.395+0300][7,221s][info][gc] GC(16) Pause Young (Allocation Failure) 1914M->4M(6929M) 5,940ms
[2024-08-07T18:03:20.766+0300][7,592s][info][gc] GC(17) Pause Young (Allocation Failure) 1915M->5M(6929M) 10,880ms
[2024-08-07T18:03:21.129+0300][7,955s][info][gc] GC(18) Pause Young (Allocation Failure) 1916M->2M(6929M) 2,708ms
[2024-08-07T18:03:21.516+0300][8,341s][info][gc] GC(19) Pause Young (Allocation Failure) 1914M->3M(6929M) 5,322ms
[2024-08-07T18:03:21.894+0300][8,720s][info][gc] GC(20) Pause Young (Allocation Failure) 1915M->4M(6929M) 6,002ms
[2024-08-07T18:03:22.273+0300][9,099s][info][gc] GC(21) Pause Young (Allocation Failure) 1916M->5M(6929M) 11,324ms
[2024-08-07T18:03:22.656+0300][9,482s][info][gc] GC(22) Pause Young (Allocation Failure) 1916M->3M(6929M) 3,872ms
[2024-08-07T18:03:23.025+0300][9,851s][info][gc] GC(23) Pause Young (Allocation Failure) 1914M->3M(6929M) 7,055ms
[2024-08-07T18:03:23.395+0300][10,220s][info][gc] GC(24) Pause Young (Allocation Failure) 1915M->4M(6929M) 4,494ms
[2024-08-07T18:03:23.777+0300][10,602s][info][gc] GC(25) Pause Young (Allocation Failure) 1916M->2M(6929M) 1,990ms
[2024-08-07T18:03:24.156+0300][10,982s][info][gc] GC(26) Pause Young (Allocation Failure) 1914M->3M(6929M) 2,932ms
[2024-08-07T18:03:24.532+0300][11,357s][info][gc] GC(27) Pause Young (Allocation Failure) 1914M->4M(6929M) 5,844ms
[2024-08-07T18:03:24.911+0300][11,736s][info][gc] GC(28) Pause Young (Allocation Failure) 1915M->5M(6929M) 7,850ms
[2024-08-07T18:03:25.279+0300][12,105s][info][gc] GC(29) Pause Young (Allocation Failure) 1916M->2M(6929M) 1,882ms
[2024-08-07T18:03:25.649+0300][12,474s][info][gc] GC(30) Pause Young (Allocation Failure) 1914M->3M(6929M) 3,489ms
[2024-08-07T18:03:26.015+0300][12,841s][info][gc] GC(31) Pause Young (Allocation Failure) 1915M->4M(6929M) 7,113ms
[2024-08-07T18:03:26.376+0300][13,201s][info][gc] GC(32) Pause Young (Allocation Failure) 1916M->2M(6929M) 0,951ms
[2024-08-07T18:03:26.739+0300][13,565s][info][gc] GC(33) Pause Young (Allocation Failure) 1913M->3M(6929M) 4,010ms
[2024-08-07T18:03:27.106+0300][13,932s][info][gc] GC(34) Pause Young (Allocation Failure) 1914M->3M(6929M) 7,170ms
[2024-08-07T18:03:27.476+0300][14,302s][info][gc] GC(35) Pause Young (Allocation Failure) 1915M->4M(6929M) 10,317ms
[2024-08-07T18:03:27.837+0300][14,663s][info][gc] GC(36) Pause Young (Allocation Failure) 1916M->2M(6929M) 1,702ms
[2024-08-07T18:03:28.200+0300][15,026s][info][gc] GC(37) Pause Young (Allocation Failure) 1914M->3M(6929M) 4,022ms
[2024-08-07T18:03:28.566+0300][15,392s][info][gc] GC(38) Pause Young (Allocation Failure) 1915M->4M(6929M) 6,560ms
