[2024-08-07T18:03:45.114+0300][0.002s][info][gc] Using Serial
[2024-08-07T18:03:46.663+0300][1,551s][info][gc] GC(0) Pause Young (Allocation Failure) 2458M->2M(8908M) 3,157ms
[2024-08-07T18:03:47.190+0300][2,079s][info][gc] GC(1) Pause Young (Allocation Failure) 2460M->4M(8908M) 12,400ms
[2024-08-07T18:03:47.678+0300][2,567s][info][gc] GC(2) Pause Young (Allocation Failure) 2461M->4M(8908M) 11,796ms
[2024-08-07T18:03:48.156+0300][3,045s][info][gc] GC(3) Pause Young (Allocation Failure) 2461M->4M(8908M) 11,160ms
[2024-08-07T18:03:48.626+0300][3,515s][info][gc] GC(4) Pause Young (Allocation Failure) 2462M->4M(8908M) 6,485ms
[2024-08-07T18:03:49.098+0300][3,987s][info][gc] GC(5) Pause Young (Allocation Failure) 2462M->4M(8908M) 6,900ms
[2024-08-07T18:03:49.574+0300][4,463s][info][gc] GC(6) Pause Young (Allocation Failure) 2462M->4M(8908M) 13,275ms
[2024-08-07T18:03:50.052+0300][4,941s][info][gc] GC(7) Pause Young (Allocation Failure) 2462M->5M(8908M) 14,003ms
[2024-08-07T18:03:50.516+0300][5,405s][info][gc] GC(8) Pause Young (Allocation Failure) 2462M->2M(8908M) 1,565ms
[2024-08-07T18:03:50.984+0300][5,872s][info][gc] GC(9) Pause Young (Allocation Failure) 2459M->2M(8908M) 1,845ms
[2024-08-07T18:03:51.451+0300][6,340s][info][gc] GC(10) Pause Young (Allocation Failure) 2460M->2M(8908M) 3,958ms
[2024-08-07T18:03:51.920+0300][6,809s][info][gc] GC(11) Pause Young (Allocation Failure) 2460M->2M(8908M) 4,692ms
[2024-08-07T18:03:52.388+0300][7,277s][info][gc] GC(12) Pause Young (Allocation Failure) 2460M->3M(8908M) 5,391ms
[2024-08-07T18:03:52.855+0300][7,744s][info][gc] GC(13) Pause Young (Allocation Failure) 2460M->3M(8908M) 3,165ms
[2024-08-07T18:03:53.325+0300][8,214s][info][gc] GC(14) Pause Young (Allocation Failure) 2460M->3M(8908M) 6,834ms
[2024-08-07T18:03:53.799+0300][8,688s][info][gc] GC(15) Pause Young (Allocation Failure) 2461M->3M(8908M) 7,890ms
[2024-08-07T18:03:54.268+0300][9,157s][info][gc] GC(16) Pause Young (Allocation Failure) 2461M->3M(8908M) 6,807ms
[2024-08-07T18:03:54.740+0300][9,629s][info][gc] GC(17) Pause Young (Allocation Failure) 2461M->3M(8908M) 7,493ms
[2024-08-07T18:03:55.213+0300][10,102s][info][gc] GC(18) Pause Young (Allocation Failure) 2461M->4M(8908M) 8,154ms
[2024-08-07T18:03:55.687+0300][10,576s][info][gc] GC(19) Pause Young (Allocation Failure) 2461M->4M(8908M) 8,849ms
[2024-08-07T18:03:56.178+0300][11,067s][info][gc] GC(20) Pause Young (Allocation Failure) 2461M->4M(8908M) 5,252ms
[2024-08-07T18:03:56.672+0300][11,561s][info][gc] GC(21) Pause Young (Allocation Failure) 2462M->4M(8908M) 8,465ms
[2024-08-07T18:03:57.157+0300][12,045s][info][gc] GC(22) Pause Young (Allocation Failure) 2462M->4M(8908M) 9,456ms
[2024-08-07T18:03:57.632+0300][12,521s][info][gc] GC(23) Pause Young (Allocation Failure) 2462M->5M(8908M) 9,659ms
[2024-08-07T18:03:58.109+0300][12,998s][info][gc] GC(24) Pause Young (Allocation Failure) 2462M->5M(8908M) 10,135ms
[2024-08-07T18:03:58.578+0300][13,466s][info][gc] GC(25) Pause Young (Allocation Failure) 2462M->2M(8908M) 1,251ms
[2024-08-07T18:03:59.047+0300][13,935s][info][gc] GC(26) Pause Young (Allocation Failure) 2460M->2M(8908M) 1,844ms
[2024-08-07T18:03:59.518+0300][14,407s][info][gc] GC(27) Pause Young (Allocation Failure) 2460M->2M(8908M) 2,393ms
[2024-08-07T18:03:59.988+0300][14,876s][info][gc] GC(28) Pause Young (Allocation Failure) 2460M->2M(8908M) 3,274ms
[2024-08-07T18:04:00.457+0300][15,346s][info][gc] GC(29) Pause Young (Allocation Failure) 2460M->3M(8908M) 4,415ms
[2024-08-07T18:04:00.925+0300][15,813s][info][gc] GC(30) Pause Young (Allocation Failure) 2460M->3M(8908M) 5,121ms
