[2024-08-07T18:02:26.052+0300][0.004s][info][gc] Using Serial
[2024-08-07T18:02:26.846+0300][0,798s][info][gc] GC(0) Pause Young (Allocation Failure) 1093M->2M(3959M) 4,758ms
[2024-08-07T18:02:27.094+0300][1,046s][info][gc] GC(1) Pause Young (Allocation Failure) 1094M->4M(3959M) 16,747ms
[2024-08-07T18:02:27.312+0300][1,264s][info][gc] GC(2) Pause Young (Allocation Failure) 1097M->3M(3959M) 6,229ms
[2024-08-07T18:02:27.523+0300][1,475s][info][gc] GC(3) Pause Young (Allocation Failure) 1096M->2M(3959M) 3,060ms
[2024-08-07T18:02:27.741+0300][1,693s][info][gc] GC(4) Pause Young (Allocation Failure) 1094M->4M(3959M) 10,559ms
[2024-08-07T18:02:27.954+0300][1,906s][info][gc] GC(5) Pause Young (Allocation Failure) 1096M->2M(3959M) 5,111ms
[2024-08-07T18:02:28.173+0300][2,125s][info][gc] GC(6) Pause Young (Allocation Failure) 1095M->4M(3959M) 12,451ms
[2024-08-07T18:02:28.388+0300][2,340s][info][gc] GC(7) Pause Young (Allocation Failure) 1097M->3M(3959M) 7,129ms
[2024-08-07T18:02:28.610+0300][2,562s][info][gc] GC(8) Pause Young (Allocation Failure) 1095M->5M(3959M) 14,536ms
[2024-08-07T18:02:28.827+0300][2,779s][info][gc] GC(9) Pause Young (Allocation Failure) 1097M->3M(3959M) 9,029ms
[2024-08-07T18:02:29.038+0300][2,990s][info][gc] GC(10) Pause Young (Allocation Failure) 1096M->2M(3959M) 4,211ms
[2024-08-07T18:02:29.254+0300][3,206s][info][gc] GC(11) Pause Young (Allocation Failure) 1095M->4M(3959M) 7,605ms
[2024-08-07T18:02:29.466+0300][3,418s][info][gc] GC(12) Pause Young (Allocation Failure) 1096M->3M(3959M) 5,318ms
[2024-08-07T18:02:29.687+0300][3,639s][info][gc] GC(13) Pause Young (Allocation Failure) 1095M->5M(3959M) 12,971ms
[2024-08-07T18:02:29.903+0300][3,855s][info][gc] GC(14) Pause Young (Allocation Failure) 1097M->3M(3959M) 8,149ms
[2024-08-07T18:02:30.115+0300][4,067s][info][gc] GC(15) Pause Young (Allocation Failure) 1096M->2M(3959M) 4,651ms
[2024-08-07T18:02:30.329+0300][4,281s][info][gc] GC(16) Pause Young (Allocation Failure) 1094M->4M(3959M) 7,172ms
[2024-08-07T18:02:30.540+0300][4,492s][info][gc] GC(17) Pause Young (Allocation Failure) 1096M->2M(3959M) 3,734ms
[2024-08-07T18:02:30.757+0300][4,709s][info][gc] GC(18) Pause Young (Allocation Failure) 1095M->4M(3959M) 10,440ms
[2024-08-07T18:02:30.970+0300][4,922s][info][gc] GC(19) Pause Young (Allocation Failure) 1097M->3M(3959M) 5,720ms
[2024-08-07T18:02:31.191+0300][5,143s][info][gc] GC(20) Pause Young (Allocation Failure) 1095M->5M(3959M) 9,105ms
[2024-08-07T18:02:31.404+0300][5,356s][info][gc] GC(21) Pause Young (Allocation Failure) 1097M->4M(3959M) 4,848ms
[2024-08-07T18:02:31.616+0300][5,568s][info][gc] GC(22) Pause Young (Allocation Failure) 1096M->2M(3959M) 1,958ms
[2024-08-07T18:02:31.832+0300][5,784s][info][gc] GC(23) Pause Young (Allocation Failure) 1095M->4M(3959M) 8,789ms
[2024-08-07T18:02:32.043+0300][5,995s][info][gc] GC(24) Pause Young (Allocation Failure) 1096M->3M(3959M) 3,874ms
[2024-08-07T18:02:32.260+0300][6,212s][info][gc] GC(25) Pause Young (Allocation Failure) 1095M->5M(3959M) 10,834ms
[2024-08-07T18:02:32.473+0300][6,425s][info][gc] GC(26) Pause Young (Allocation Failure) 1097M->3M(3959M) 4,312ms
[2024-08-07T18:02:32.682+0300][6,634s][info][gc] GC(27) Pause Young (Allocation Failure) 1096M->2M(3959M) 1,490ms
[2024-08-07T18:02:32.896+0300][6,848s][info][gc] GC(28) Pause Young (Allocation Failure) 1094M->4M(3959M) 8,004ms
[2024-08-07T18:02:33.106+0300][7,058s][info][gc] GC(29) Pause Young (Allocation Failure) 1096M->3M(3959M) 2,490ms
[2024-08-07T18:02:33.323+0300][7,275s][info][gc] GC(30) Pause Young (Allocation Failure) 1095M->4M(3959M) 9,893ms
[2024-08-07T18:02:33.534+0300][7,486s][info][gc] GC(31) Pause Young (Allocation Failure) 1097M->3M(3959M) 4,011ms
[2024-08-07T18:02:33.753+0300][7,705s][info][gc] GC(32) Pause Young (Allocation Failure) 1095M->5M(3959M) 11,854ms
[2024-08-07T18:02:33.967+0300][7,919s][info][gc] GC(33) Pause Young (Allocation Failure) 1097M->4M(3959M) 5,745ms
[2024-08-07T18:02:34.177+0300][8,129s][info][gc] GC(34) Pause Young (Allocation Failure) 1096M->2M(3959M) 2,354ms
[2024-08-07T18:02:34.392+0300][8,344s][info][gc] GC(35) Pause Young (Allocation Failure) 1095M->4M(3959M) 8,994ms
[2024-08-07T18:02:34.603+0300][8,555s][info][gc] GC(36) Pause Young (Allocation Failure) 1096M->3M(3959M) 3,172ms
[2024-08-07T18:02:34.815+0300][8,767s][info][gc] GC(37) Pause Young (Allocation Failure) 1095M->5M(3959M) 4,254ms
[2024-08-07T18:02:35.026+0300][8,978s][info][gc] GC(38) Pause Young (Allocation Failure) 1097M->3M(3959M) 4,828ms
[2024-08-07T18:02:35.234+0300][9,186s][info][gc] GC(39) Pause Young (Allocation Failure) 1096M->2M(3959M) 1,542ms
[2024-08-07T18:02:35.447+0300][9,399s][info][gc] GC(40) Pause Young (Allocation Failure) 1094M->4M(3959M) 6,086ms
[2024-08-07T18:02:35.657+0300][9,609s][info][gc] GC(41) Pause Young (Allocation Failure) 1096M->3M(3959M) 3,162ms
[2024-08-07T18:02:35.874+0300][9,826s][info][gc] GC(42) Pause Young (Allocation Failure) 1095M->4M(3959M) 10,049ms
[2024-08-07T18:02:36.085+0300][10,037s][info][gc] GC(43) Pause Young (Allocation Failure) 1097M->3M(3959M) 3,910ms
[2024-08-07T18:02:36.301+0300][10,253s][info][gc] GC(44) Pause Young (Allocation Failure) 1095M->5M(3959M) 9,312ms
[2024-08-07T18:02:36.515+0300][10,468s][info][gc] GC(45) Pause Young (Allocation Failure) 1097M->4M(3959M) 7,247ms
[2024-08-07T18:02:36.725+0300][10,677s][info][gc] GC(46) Pause Young (Allocation Failure) 1096M->2M(3959M) 2,046ms
[2024-08-07T18:02:36.936+0300][10,888s][info][gc] GC(47) Pause Young (Allocation Failure) 1095M->4M(3959M) 5,264ms
[2024-08-07T18:02:37.147+0300][11,099s][info][gc] GC(48) Pause Young (Allocation Failure) 1096M->3M(3959M) 4,322ms
[2024-08-07T18:02:37.363+0300][11,316s][info][gc] GC(49) Pause Young (Allocation Failure) 1095M->5M(3959M) 8,820ms
[2024-08-07T18:02:37.575+0300][11,527s][info][gc] GC(50) Pause Young (Allocation Failure) 1097M->3M(3959M) 3,670ms
[2024-08-07T18:02:37.783+0300][11,735s][info][gc] GC(51) Pause Young (Allocation Failure) 1096M->2M(3959M) 1,608ms
[2024-08-07T18:02:37.998+0300][11,950s][info][gc] GC(52) Pause Young (Allocation Failure) 1094M->4M(3959M) 6,947ms
[2024-08-07T18:02:38.208+0300][12,160s][info][gc] GC(53) Pause Young (Allocation Failure) 1096M->3M(3959M) 3,995ms
[2024-08-07T18:02:38.426+0300][12,378s][info][gc] GC(54) Pause Young (Allocation Failure) 1095M->4M(3959M) 10,633ms
[2024-08-07T18:02:38.639+0300][12,591s][info][gc] GC(55) Pause Young (Allocation Failure) 1097M->3M(3959M) 4,779ms
[2024-08-07T18:02:38.846+0300][12,798s][info][gc] GC(56) Pause Young (Allocation Failure) 1095M->2M(3959M) 0,810ms
[2024-08-07T18:02:39.059+0300][13,012s][info][gc] GC(57) Pause Young (Allocation Failure) 1094M->4M(3959M) 7,840ms
[2024-08-07T18:02:39.269+0300][13,221s][info][gc] GC(58) Pause Young (Allocation Failure) 1096M->2M(3959M) 2,632ms
[2024-08-07T18:02:39.485+0300][13,437s][info][gc] GC(59) Pause Young (Allocation Failure) 1095M->4M(3959M) 7,953ms
[2024-08-07T18:02:39.704+0300][13,656s][info][gc] GC(60) Pause Young (Allocation Failure) 1096M->3M(3959M) 2,655ms
[2024-08-07T18:02:39.922+0300][13,874s][info][gc] GC(61) Pause Young (Allocation Failure) 1095M->5M(3959M) 10,966ms
[2024-08-07T18:02:40.134+0300][14,086s][info][gc] GC(62) Pause Young (Allocation Failure) 1097M->3M(3959M) 4,900ms
[2024-08-07T18:02:40.342+0300][14,294s][info][gc] GC(63) Pause Young (Allocation Failure) 1096M->2M(3959M) 1,291ms
[2024-08-07T18:02:40.554+0300][14,506s][info][gc] GC(64) Pause Young (Allocation Failure) 1094M->4M(3959M) 6,612ms
[2024-08-07T18:02:40.765+0300][14,717s][info][gc] GC(65) Pause Young (Allocation Failure) 1096M->3M(3959M) 3,523ms
[2024-08-07T18:02:40.982+0300][14,934s][info][gc] GC(66) Pause Young (Allocation Failure) 1095M->4M(3959M) 10,045ms
[2024-08-07T18:02:41.193+0300][15,145s][info][gc] GC(67) Pause Young (Allocation Failure) 1097M->3M(3959M) 5,328ms
[2024-08-07T18:02:41.401+0300][15,353s][info][gc] GC(68) Pause Young (Allocation Failure) 1095M->2M(3959M) 0,917ms
