[2024-08-07T18:04:01.247+0300][0.005s][info][gc] Using Serial
[2024-08-07T18:04:02.987+0300][1,746s][info][gc] GC(0) Pause Young (Allocation Failure) 2731M->5M(9898M) 18,232ms
[2024-08-07T18:04:03.563+0300][2,322s][info][gc] GC(1) Pause Young (Allocation Failure) 2735M->2M(9898M) 5,312ms
[2024-08-07T18:04:04.094+0300][2,852s][info][gc] GC(2) Pause Young (Allocation Failure) 2733M->2M(9898M) 2,892ms
[2024-08-07T18:04:04.611+0300][3,369s][info][gc] GC(3) Pause Young (Allocation Failure) 2733M->2M(9898M) 2,404ms
[2024-08-07T18:04:05.134+0300][3,893s][info][gc] GC(4) Pause Young (Allocation Failure) 2733M->5M(9898M) 7,532ms
[2024-08-07T18:04:05.663+0300][4,422s][info][gc] GC(5) Pause Young (Allocation Failure) 2735M->5M(9898M) 13,891ms
[2024-08-07T18:04:06.192+0300][4,951s][info][gc] GC(6) Pause Young (Allocation Failure) 2735M->5M(9898M) 12,558ms
[2024-08-07T18:04:06.719+0300][5,477s][info][gc] GC(7) Pause Young (Allocation Failure) 2735M->4M(9898M) 10,932ms
[2024-08-07T18:04:07.244+0300][6,003s][info][gc] GC(8) Pause Young (Allocation Failure) 2735M->4M(9898M) 10,238ms
[2024-08-07T18:04:07.770+0300][6,529s][info][gc] GC(9) Pause Young (Allocation Failure) 2735M->4M(9898M) 10,860ms
[2024-08-07T18:04:08.296+0300][7,055s][info][gc] GC(10) Pause Young (Allocation Failure) 2735M->4M(9898M) 10,472ms
[2024-08-07T18:04:08.816+0300][7,574s][info][gc] GC(11) Pause Young (Allocation Failure) 2735M->4M(9898M) 4,685ms
[2024-08-07T18:04:09.341+0300][8,100s][info][gc] GC(12) Pause Young (Allocation Failure) 2735M->4M(9898M) 9,589ms
[2024-08-07T18:04:09.862+0300][8,621s][info][gc] GC(13) Pause Young (Allocation Failure) 2734M->4M(9898M) 7,428ms
[2024-08-07T18:04:10.384+0300][9,142s][info][gc] GC(14) Pause Young (Allocation Failure) 2734M->3M(9898M) 4,854ms
[2024-08-07T18:04:10.901+0300][9,660s][info][gc] GC(15) Pause Young (Allocation Failure) 2734M->3M(9898M) 4,116ms
[2024-08-07T18:04:11.422+0300][10,181s][info][gc] GC(16) Pause Young (Allocation Failure) 2734M->3M(9898M) 5,871ms
[2024-08-07T18:04:11.943+0300][10,701s][info][gc] GC(17) Pause Young (Allocation Failure) 2734M->3M(9898M) 5,610ms
[2024-08-07T18:04:12.463+0300][11,222s][info][gc] GC(18) Pause Young (Allocation Failure) 2734M->3M(9898M) 5,021ms
[2024-08-07T18:04:12.981+0300][11,739s][info][gc] GC(19) Pause Young (Allocation Failure) 2734M->3M(9898M) 3,737ms
[2024-08-07T18:04:13.498+0300][12,256s][info][gc] GC(20) Pause Young (Allocation Failure) 2733M->3M(9898M) 2,941ms
[2024-08-07T18:04:14.015+0300][12,774s][info][gc] GC(21) Pause Young (Allocation Failure) 2733M->3M(9898M) 3,452ms
[2024-08-07T18:04:14.533+0300][13,291s][info][gc] GC(22) Pause Young (Allocation Failure) 2733M->2M(9898M) 2,879ms
[2024-08-07T18:04:15.052+0300][13,811s][info][gc] GC(23) Pause Young (Allocation Failure) 2733M->2M(9898M) 2,569ms
[2024-08-07T18:04:15.568+0300][14,326s][info][gc] GC(24) Pause Young (Allocation Failure) 2733M->2M(9898M) 0,913ms
[2024-08-07T18:04:16.088+0300][14,847s][info][gc] GC(25) Pause Young (Allocation Failure) 2733M->2M(9898M) 0,827ms
[2024-08-07T18:04:16.609+0300][15,367s][info][gc] GC(26) Pause Young (Allocation Failure) 2733M->2M(9898M) 0,467ms
[2024-08-07T18:04:17.129+0300][15,887s][info][gc] GC(27) Pause Young (Allocation Failure) 2733M->5M(9898M) 6,338ms
