[2024-08-07T18:01:54.962+0300][0.005s][info][gc] Using Serial
[2024-08-07T18:01:55.437+0300][0,481s][info][gc] GC(0) Pause Young (Allocation Failure) 547M->3M(1979M) 10,295ms
[2024-08-07T18:01:55.555+0300][0,599s][info][gc] GC(1) Pause Young (Allocation Failure) 549M->4M(1979M) 7,813ms
[2024-08-07T18:01:55.669+0300][0,713s][info][gc] GC(2) Pause Young (Allocation Failure) 550M->4M(1979M) 10,165ms
[2024-08-07T18:01:55.777+0300][0,820s][info][gc] GC(3) Pause Young (Allocation Failure) 550M->3M(1979M) 6,936ms
[2024-08-07T18:01:55.882+0300][0,926s][info][gc] GC(4) Pause Young (Allocation Failure) 549M->2M(1979M) 4,492ms
[2024-08-07T18:01:55.998+0300][1,041s][info][gc] GC(5) Pause Young (Allocation Failure) 548M->5M(1979M) 14,182ms
[2024-08-07T18:01:56.111+0300][1,155s][info][gc] GC(6) Pause Young (Allocation Failure) 551M->4M(1979M) 11,790ms
[2024-08-07T18:01:56.220+0300][1,263s][info][gc] GC(7) Pause Young (Allocation Failure) 550M->3M(1979M) 7,887ms
[2024-08-07T18:01:56.327+0300][1,371s][info][gc] GC(8) Pause Young (Allocation Failure) 550M->3M(1979M) 6,282ms
[2024-08-07T18:01:56.432+0300][1,475s][info][gc] GC(9) Pause Young (Allocation Failure) 549M->2M(1979M) 3,802ms
[2024-08-07T18:01:56.539+0300][1,582s][info][gc] GC(10) Pause Young (Allocation Failure) 548M->5M(1979M) 6,188ms
[2024-08-07T18:01:56.650+0300][1,694s][info][gc] GC(11) Pause Young (Allocation Failure) 551M->4M(1979M) 10,554ms
[2024-08-07T18:01:56.759+0300][1,802s][info][gc] GC(12) Pause Young (Allocation Failure) 550M->3M(1979M) 8,088ms
[2024-08-07T18:01:56.865+0300][1,908s][info][gc] GC(13) Pause Young (Allocation Failure) 549M->3M(1979M) 5,675ms
[2024-08-07T18:01:56.969+0300][2,012s][info][gc] GC(14) Pause Young (Allocation Failure) 549M->2M(1979M) 3,146ms
[2024-08-07T18:01:57.081+0300][2,125s][info][gc] GC(15) Pause Young (Allocation Failure) 548M->4M(1979M) 11,614ms
[2024-08-07T18:01:57.185+0300][2,228s][info][gc] GC(16) Pause Young (Allocation Failure) 551M->4M(1979M) 3,229ms
[2024-08-07T18:01:57.292+0300][2,335s][info][gc] GC(17) Pause Young (Allocation Failure) 550M->3M(1979M) 6,007ms
[2024-08-07T18:01:57.395+0300][2,439s][info][gc] GC(18) Pause Young (Allocation Failure) 549M->2M(1979M) 3,342ms
[2024-08-07T18:01:57.498+0300][2,541s][info][gc] GC(19) Pause Young (Allocation Failure) 549M->2M(1979M) 1,139ms
[2024-08-07T18:01:57.604+0300][2,647s][info][gc] GC(20) Pause Young (Allocation Failure) 548M->4M(1979M) 5,612ms
[2024-08-07T18:01:57.710+0300][2,754s][info][gc] GC(21) Pause Young (Allocation Failure) 550M->4M(1979M) 6,256ms
[2024-08-07T18:01:57.816+0300][2,860s][info][gc] GC(22) Pause Young (Allocation Failure) 550M->3M(1979M) 5,454ms
[2024-08-07T18:01:57.925+0300][2,968s][info][gc] GC(23) Pause Young (Allocation Failure) 549M->2M(1979M) 2,955ms
[2024-08-07T18:01:58.036+0300][3,079s][info][gc] GC(24) Pause Young (Allocation Failure) 548M->5M(1979M) 10,069ms
[2024-08-07T18:01:58.146+0300][3,189s][info][gc] GC(25) Pause Young (Allocation Failure) 551M->4M(1979M) 9,561ms
[2024-08-07T18:01:58.254+0300][3,298s][info][gc] GC(26) Pause Young (Allocation Failure) 550M->3M(1979M) 7,206ms
[2024-08-07T18:01:58.359+0300][3,402s][info][gc] GC(27) Pause Young (Allocation Failure) 550M->3M(1979M) 3,854ms
[2024-08-07T18:01:58.462+0300][3,505s][info][gc] GC(28) Pause Young (Allocation Failure) 549M->2M(1979M) 2,340ms
[2024-08-07T18:01:58.572+0300][3,615s][info][gc] GC(29) Pause Young (Allocation Failure) 548M->5M(1979M) 9,549ms
[2024-08-07T18:01:58.682+0300][3,725s][info][gc] GC(30) Pause Young (Allocation Failure) 551M->4M(1979M) 8,941ms
[2024-08-07T18:01:58.787+0300][3,831s][info][gc] GC(31) Pause Young (Allocation Failure) 550M->3M(1979M) 5,285ms
[2024-08-07T18:01:58.892+0300][3,935s][info][gc] GC(32) Pause Young (Allocation Failure) 549M->3M(1979M) 4,121ms
[2024-08-07T18:01:58.994+0300][4,038s][info][gc] GC(33) Pause Young (Allocation Failure) 549M->2M(1979M) 1,513ms
[2024-08-07T18:01:59.106+0300][4,149s][info][gc] GC(34) Pause Young (Allocation Failure) 548M->4M(1979M) 10,683ms
[2024-08-07T18:01:59.213+0300][4,256s][info][gc] GC(35) Pause Young (Allocation Failure) 550M->4M(1979M) 6,592ms
[2024-08-07T18:01:59.320+0300][4,363s][info][gc] GC(36) Pause Young (Allocation Failure) 550M->3M(1979M) 5,912ms
[2024-08-07T18:01:59.423+0300][4,466s][info][gc] GC(37) Pause Young (Allocation Failure) 549M->2M(1979M) 2,835ms
[2024-08-07T18:01:59.535+0300][4,578s][info][gc] GC(38) Pause Young (Allocation Failure) 549M->5M(1979M) 11,752ms
[2024-08-07T18:01:59.643+0300][4,687s][info][gc] GC(39) Pause Young (Allocation Failure) 551M->4M(1979M) 8,088ms
[2024-08-07T18:01:59.751+0300][4,795s][info][gc] GC(40) Pause Young (Allocation Failure) 550M->4M(1979M) 7,636ms
[2024-08-07T18:01:59.865+0300][4,909s][info][gc] GC(41) Pause Young (Allocation Failure) 550M->3M(1979M) 5,303ms
[2024-08-07T18:01:59.968+0300][5,012s][info][gc] GC(42) Pause Young (Allocation Failure) 549M->2M(1979M) 2,468ms
[2024-08-07T18:02:00.081+0300][5,124s][info][gc] GC(43) Pause Young (Allocation Failure) 548M->5M(1979M) 11,607ms
[2024-08-07T18:02:00.189+0300][5,233s][info][gc] GC(44) Pause Young (Allocation Failure) 551M->4M(1979M) 7,491ms
[2024-08-07T18:02:00.296+0300][5,340s][info][gc] GC(45) Pause Young (Allocation Failure) 550M->3M(1979M) 7,105ms
[2024-08-07T18:02:00.400+0300][5,444s][info][gc] GC(46) Pause Young (Allocation Failure) 549M->3M(1979M) 3,457ms
[2024-08-07T18:02:00.504+0300][5,547s][info][gc] GC(47) Pause Young (Allocation Failure) 549M->2M(1979M) 2,241ms
[2024-08-07T18:02:00.615+0300][5,658s][info][gc] GC(48) Pause Young (Allocation Failure) 548M->4M(1979M) 9,411ms
[2024-08-07T18:02:00.724+0300][5,768s][info][gc] GC(49) Pause Young (Allocation Failure) 551M->4M(1979M) 8,789ms
[2024-08-07T18:02:00.834+0300][5,877s][info][gc] GC(50) Pause Young (Allocation Failure) 550M->3M(1979M) 5,259ms
[2024-08-07T18:02:00.937+0300][5,981s][info][gc] GC(51) Pause Young (Allocation Failure) 549M->3M(1979M) 3,413ms
[2024-08-07T18:02:01.040+0300][6,083s][info][gc] GC(52) Pause Young (Allocation Failure) 549M->2M(1979M) 1,579ms
[2024-08-07T18:02:01.154+0300][6,197s][info][gc] GC(53) Pause Young (Allocation Failure) 548M->4M(1979M) 8,933ms
[2024-08-07T18:02:01.262+0300][6,306s][info][gc] GC(54) Pause Young (Allocation Failure) 550M->4M(1979M) 8,194ms
[2024-08-07T18:02:01.368+0300][6,411s][info][gc] GC(55) Pause Young (Allocation Failure) 550M->3M(1979M) 4,784ms
[2024-08-07T18:02:01.471+0300][6,515s][info][gc] GC(56) Pause Young (Allocation Failure) 549M->2M(1979M) 3,313ms
[2024-08-07T18:02:01.582+0300][6,625s][info][gc] GC(57) Pause Young (Allocation Failure) 549M->5M(1979M) 9,575ms
[2024-08-07T18:02:01.690+0300][6,734s][info][gc] GC(58) Pause Young (Allocation Failure) 551M->4M(1979M) 7,839ms
[2024-08-07T18:02:01.797+0300][6,840s][info][gc] GC(59) Pause Young (Allocation Failure) 550M->4M(1979M) 6,211ms
[2024-08-07T18:02:01.903+0300][6,947s][info][gc] GC(60) Pause Young (Allocation Failure) 550M->3M(1979M) 6,340ms
[2024-08-07T18:02:02.007+0300][7,051s][info][gc] GC(61) Pause Young (Allocation Failure) 549M->2M(1979M) 2,361ms
[2024-08-07T18:02:02.120+0300][7,163s][info][gc] GC(62) Pause Young (Allocation Failure) 548M->5M(1979M) 11,669ms
[2024-08-07T18:02:02.229+0300][7,272s][info][gc] GC(63) Pause Young (Allocation Failure) 551M->4M(1979M) 7,435ms
[2024-08-07T18:02:02.337+0300][7,380s][info][gc] GC(64) Pause Young (Allocation Failure) 550M->3M(1979M) 6,979ms
[2024-08-07T18:02:02.440+0300][7,484s][info][gc] GC(65) Pause Young (Allocation Failure) 549M->3M(1979M) 2,971ms
[2024-08-07T18:02:02.542+0300][7,586s][info][gc] GC(66) Pause Young (Allocation Failure) 549M->2M(1979M) 1,469ms
[2024-08-07T18:02:02.650+0300][7,694s][info][gc] GC(67) Pause Young (Allocation Failure) 548M->4M(1979M) 7,326ms
[2024-08-07T18:02:02.757+0300][7,801s][info][gc] GC(68) Pause Young (Allocation Failure) 551M->4M(1979M) 7,049ms
[2024-08-07T18:02:02.863+0300][7,907s][info][gc] GC(69) Pause Young (Allocation Failure) 550M->3M(1979M) 4,858ms
[2024-08-07T18:02:02.966+0300][8,010s][info][gc] GC(70) Pause Young (Allocation Failure) 549M->3M(1979M) 2,500ms
[2024-08-07T18:02:03.069+0300][8,112s][info][gc] GC(71) Pause Young (Allocation Failure) 549M->2M(1979M) 1,252ms
[2024-08-07T18:02:03.178+0300][8,221s][info][gc] GC(72) Pause Young (Allocation Failure) 548M->4M(1979M) 7,847ms
[2024-08-07T18:02:03.286+0300][8,329s][info][gc] GC(73) Pause Young (Allocation Failure) 550M->4M(1979M) 8,077ms
[2024-08-07T18:02:03.391+0300][8,435s][info][gc] GC(74) Pause Young (Allocation Failure) 550M->3M(1979M) 5,676ms
[2024-08-07T18:02:03.496+0300][8,539s][info][gc] GC(75) Pause Young (Allocation Failure) 549M->2M(1979M) 2,737ms
[2024-08-07T18:02:03.607+0300][8,651s][info][gc] GC(76) Pause Young (Allocation Failure) 548M->5M(1979M) 10,941ms
[2024-08-07T18:02:03.717+0300][8,761s][info][gc] GC(77) Pause Young (Allocation Failure) 551M->4M(1979M) 9,837ms
[2024-08-07T18:02:03.824+0300][8,867s][info][gc] GC(78) Pause Young (Allocation Failure) 550M->3M(1979M) 6,075ms
[2024-08-07T18:02:03.929+0300][8,972s][info][gc] GC(79) Pause Young (Allocation Failure) 550M->3M(1979M) 5,029ms
[2024-08-07T18:02:04.031+0300][9,075s][info][gc] GC(80) Pause Young (Allocation Failure) 549M->2M(1979M) 2,203ms
[2024-08-07T18:02:04.143+0300][9,187s][info][gc] GC(81) Pause Young (Allocation Failure) 548M->5M(1979M) 11,578ms
[2024-08-07T18:02:04.247+0300][9,291s][info][gc] GC(82) Pause Young (Allocation Failure) 551M->4M(1979M) 4,069ms
[2024-08-07T18:02:04.353+0300][9,397s][info][gc] GC(83) Pause Young (Allocation Failure) 550M->3M(1979M) 5,378ms
[2024-08-07T18:02:04.458+0300][9,502s][info][gc] GC(84) Pause Young (Allocation Failure) 549M->3M(1979M) 4,385ms
[2024-08-07T18:02:04.560+0300][9,603s][info][gc] GC(85) Pause Young (Allocation Failure) 549M->2M(1979M) 1,778ms
[2024-08-07T18:02:04.672+0300][9,715s][info][gc] GC(86) Pause Young (Allocation Failure) 548M->4M(1979M) 10,966ms
[2024-08-07T18:02:04.779+0300][9,823s][info][gc] GC(87) Pause Young (Allocation Failure) 551M->4M(1979M) 6,995ms
[2024-08-07T18:02:04.886+0300][9,929s][info][gc] GC(88) Pause Young (Allocation Failure) 550M->3M(1979M) 6,197ms
[2024-08-07T18:02:04.990+0300][10,033s][info][gc] GC(89) Pause Young (Allocation Failure) 549M->2M(1979M) 3,779ms
[2024-08-07T18:02:05.092+0300][10,135s][info][gc] GC(90) Pause Young (Allocation Failure) 549M->2M(1979M) 1,325ms
[2024-08-07T18:02:05.202+0300][10,246s][info][gc] GC(91) Pause Young (Allocation Failure) 548M->4M(1979M) 10,320ms
[2024-08-07T18:02:05.309+0300][10,352s][info][gc] GC(92) Pause Young (Allocation Failure) 550M->4M(1979M) 6,416ms
[2024-08-07T18:02:05.415+0300][10,459s][info][gc] GC(93) Pause Young (Allocation Failure) 550M->3M(1979M) 5,558ms
[2024-08-07T18:02:05.518+0300][10,562s][info][gc] GC(94) Pause Young (Allocation Failure) 549M->2M(1979M) 2,691ms
[2024-08-07T18:02:05.630+0300][10,673s][info][gc] GC(95) Pause Young (Allocation Failure) 548M->5M(1979M) 11,288ms
[2024-08-07T18:02:05.738+0300][10,781s][info][gc] GC(96) Pause Young (Allocation Failure) 551M->4M(1979M) 7,602ms
[2024-08-07T18:02:05.844+0300][10,888s][info][gc] GC(97) Pause Young (Allocation Failure) 550M->3M(1979M) 5,835ms
[2024-08-07T18:02:05.947+0300][10,991s][info][gc] GC(98) Pause Young (Allocation Failure) 550M->3M(1979M) 2,771ms
[2024-08-07T18:02:06.050+0300][11,093s][info][gc] GC(99) Pause Young (Allocation Failure) 549M->2M(1979M) 2,102ms
[2024-08-07T18:02:06.162+0300][11,206s][info][gc] GC(100) Pause Young (Allocation Failure) 548M->5M(1979M) 11,443ms
[2024-08-07T18:02:06.270+0300][11,313s][info][gc] GC(101) Pause Young (Allocation Failure) 551M->4M(1979M) 7,474ms
[2024-08-07T18:02:06.376+0300][11,420s][info][gc] GC(102) Pause Young (Allocation Failure) 550M->3M(1979M) 5,574ms
[2024-08-07T18:02:06.481+0300][11,525s][info][gc] GC(103) Pause Young (Allocation Failure) 549M->3M(1979M) 4,507ms
[2024-08-07T18:02:06.584+0300][11,627s][info][gc] GC(104) Pause Young (Allocation Failure) 549M->2M(1979M) 1,632ms
[2024-08-07T18:02:06.695+0300][11,738s][info][gc] GC(105) Pause Young (Allocation Failure) 548M->4M(1979M) 10,842ms
[2024-08-07T18:02:06.802+0300][11,846s][info][gc] GC(106) Pause Young (Allocation Failure) 551M->4M(1979M) 6,718ms
[2024-08-07T18:02:06.909+0300][11,952s][info][gc] GC(107) Pause Young (Allocation Failure) 550M->3M(1979M) 6,074ms
[2024-08-07T18:02:07.013+0300][12,056s][info][gc] GC(108) Pause Young (Allocation Failure) 549M->2M(1979M) 3,546ms
[2024-08-07T18:02:07.114+0300][12,158s][info][gc] GC(109) Pause Young (Allocation Failure) 549M->2M(1979M) 1,209ms
[2024-08-07T18:02:07.225+0300][12,269s][info][gc] GC(110) Pause Young (Allocation Failure) 548M->4M(1979M) 10,248ms
[2024-08-07T18:02:07.332+0300][12,376s][info][gc] GC(111) Pause Young (Allocation Failure) 550M->4M(1979M) 6,457ms
[2024-08-07T18:02:07.438+0300][12,481s][info][gc] GC(112) Pause Young (Allocation Failure) 550M->3M(1979M) 5,431ms
[2024-08-07T18:02:07.540+0300][12,583s][info][gc] GC(113) Pause Young (Allocation Failure) 549M->2M(1979M) 1,414ms
[2024-08-07T18:02:07.650+0300][12,693s][info][gc] GC(114) Pause Young (Allocation Failure) 548M->5M(1979M) 10,071ms
[2024-08-07T18:02:07.760+0300][12,803s][info][gc] GC(115) Pause Young (Allocation Failure) 551M->4M(1979M) 9,401ms
[2024-08-07T18:02:07.865+0300][12,909s][info][gc] GC(116) Pause Young (Allocation Failure) 550M->3M(1979M) 5,787ms
[2024-08-07T18:02:07.971+0300][13,014s][info][gc] GC(117) Pause Young (Allocation Failure) 550M->3M(1979M) 4,887ms
[2024-08-07T18:02:08.073+0300][13,116s][info][gc] GC(118) Pause Young (Allocation Failure) 549M->2M(1979M) 1,938ms
[2024-08-07T18:02:08.183+0300][13,227s][info][gc] GC(119) Pause Young (Allocation Failure) 548M->5M(1979M) 9,543ms
[2024-08-07T18:02:08.292+0300][13,336s][info][gc] GC(120) Pause Young (Allocation Failure) 551M->4M(1979M) 8,995ms
[2024-08-07T18:02:08.398+0300][13,441s][info][gc] GC(121) Pause Young (Allocation Failure) 550M->3M(1979M) 5,417ms
[2024-08-07T18:02:08.502+0300][13,546s][info][gc] GC(122) Pause Young (Allocation Failure) 549M->3M(1979M) 4,052ms
[2024-08-07T18:02:08.605+0300][13,648s][info][gc] GC(123) Pause Young (Allocation Failure) 549M->2M(1979M) 1,765ms
[2024-08-07T18:02:08.714+0300][13,758s][info][gc] GC(124) Pause Young (Allocation Failure) 548M->4M(1979M) 9,030ms
[2024-08-07T18:02:08.823+0300][13,867s][info][gc] GC(125) Pause Young (Allocation Failure) 550M->4M(1979M) 8,373ms
[2024-08-07T18:02:08.929+0300][13,972s][info][gc] GC(126) Pause Young (Allocation Failure) 550M->3M(1979M) 4,765ms
[2024-08-07T18:02:09.031+0300][14,074s][info][gc] GC(127) Pause Young (Allocation Failure) 549M->2M(1979M) 1,967ms
[2024-08-07T18:02:09.133+0300][14,177s][info][gc] GC(128) Pause Young (Allocation Failure) 549M->2M(1979M) 1,076ms
[2024-08-07T18:02:09.243+0300][14,287s][info][gc] GC(129) Pause Young (Allocation Failure) 548M->4M(1979M) 10,088ms
[2024-08-07T18:02:09.350+0300][14,393s][info][gc] GC(130) Pause Young (Allocation Failure) 550M->4M(1979M) 6,234ms
[2024-08-07T18:02:09.455+0300][14,499s][info][gc] GC(131) Pause Young (Allocation Failure) 550M->3M(1979M) 5,344ms
[2024-08-07T18:02:09.559+0300][14,602s][info][gc] GC(132) Pause Young (Allocation Failure) 549M->2M(1979M) 2,917ms
[2024-08-07T18:02:09.669+0300][14,713s][info][gc] GC(133) Pause Young (Allocation Failure) 548M->5M(1979M) 10,038ms
[2024-08-07T18:02:09.779+0300][14,823s][info][gc] GC(134) Pause Young (Allocation Failure) 551M->4M(1979M) 9,465ms
[2024-08-07T18:02:09.887+0300][14,930s][info][gc] GC(135) Pause Young (Allocation Failure) 550M->3M(1979M) 7,088ms
[2024-08-07T18:02:09.992+0300][15,035s][info][gc] GC(136) Pause Young (Allocation Failure) 550M->3M(1979M) 4,709ms
[2024-08-07T18:02:10.094+0300][15,138s][info][gc] GC(137) Pause Young (Allocation Failure) 549M->2M(1979M) 2,250ms
[2024-08-07T18:02:10.204+0300][15,248s][info][gc] GC(138) Pause Young (Allocation Failure) 548M->4M(1979M) 9,529ms
