[2024-08-07T18:02:10.397+0300][0.002s][info][gc] Using Serial
[2024-08-07T18:02:11.009+0300][0,614s][info][gc] GC(0) Pause Young (Allocation Failure) 820M->2M(2969M) 7,635ms
[2024-08-07T18:02:11.187+0300][0,792s][info][gc] GC(1) Pause Young (Allocation Failure) 822M->3M(2969M) 4,806ms
[2024-08-07T18:02:11.348+0300][0,954s][info][gc] GC(2) Pause Young (Allocation Failure) 822M->2M(2969M) 2,927ms
[2024-08-07T18:02:11.518+0300][1,123s][info][gc] GC(3) Pause Young (Allocation Failure) 821M->4M(2969M) 12,237ms
[2024-08-07T18:02:11.681+0300][1,287s][info][gc] GC(4) Pause Young (Allocation Failure) 823M->3M(2969M) 8,113ms
[2024-08-07T18:02:11.840+0300][1,446s][info][gc] GC(5) Pause Young (Allocation Failure) 822M->2M(2969M) 3,690ms
[2024-08-07T18:02:12.008+0300][1,614s][info][gc] GC(6) Pause Young (Allocation Failure) 821M->4M(2969M) 12,988ms
[2024-08-07T18:02:12.172+0300][1,777s][info][gc] GC(7) Pause Young (Allocation Failure) 823M->3M(2969M) 8,177ms
[2024-08-07T18:02:12.333+0300][1,938s][info][gc] GC(8) Pause Young (Allocation Failure) 823M->2M(2969M) 4,955ms
[2024-08-07T18:02:12.515+0300][2,120s][info][gc] GC(9) Pause Young (Allocation Failure) 822M->4M(2969M) 13,271ms
[2024-08-07T18:02:12.676+0300][2,282s][info][gc] GC(10) Pause Young (Allocation Failure) 824M->3M(2969M) 4,984ms
[2024-08-07T18:02:12.839+0300][2,445s][info][gc] GC(11) Pause Young (Allocation Failure) 823M->2M(2969M) 6,465ms
[2024-08-07T18:02:13.003+0300][2,608s][info][gc] GC(12) Pause Young (Allocation Failure) 822M->5M(2969M) 6,531ms
[2024-08-07T18:02:13.164+0300][2,770s][info][gc] GC(13) Pause Young (Allocation Failure) 824M->4M(2969M) 4,885ms
[2024-08-07T18:02:13.325+0300][2,931s][info][gc] GC(14) Pause Young (Allocation Failure) 823M->3M(2969M) 3,638ms
[2024-08-07T18:02:13.495+0300][3,100s][info][gc] GC(15) Pause Young (Allocation Failure) 822M->5M(2969M) 10,359ms
[2024-08-07T18:02:13.658+0300][3,263s][info][gc] GC(16) Pause Young (Allocation Failure) 824M->4M(2969M) 5,833ms
[2024-08-07T18:02:13.818+0300][3,424s][info][gc] GC(17) Pause Young (Allocation Failure) 823M->3M(2969M) 4,232ms
[2024-08-07T18:02:13.977+0300][3,582s][info][gc] GC(18) Pause Young (Allocation Failure) 822M->2M(2969M) 1,407ms
[2024-08-07T18:02:14.140+0300][3,746s][info][gc] GC(19) Pause Young (Allocation Failure) 821M->4M(2969M) 7,762ms
[2024-08-07T18:02:14.307+0300][3,913s][info][gc] GC(20) Pause Young (Allocation Failure) 823M->3M(2969M) 4,953ms
[2024-08-07T18:02:14.469+0300][4,074s][info][gc] GC(21) Pause Young (Allocation Failure) 822M->2M(2969M) 2,459ms
[2024-08-07T18:02:14.635+0300][4,241s][info][gc] GC(22) Pause Young (Allocation Failure) 821M->4M(2969M) 8,320ms
[2024-08-07T18:02:14.800+0300][4,406s][info][gc] GC(23) Pause Young (Allocation Failure) 823M->3M(2969M) 6,168ms
[2024-08-07T18:02:14.961+0300][4,566s][info][gc] GC(24) Pause Young (Allocation Failure) 823M->2M(2969M) 2,577ms
[2024-08-07T18:02:15.128+0300][4,734s][info][gc] GC(25) Pause Young (Allocation Failure) 822M->4M(2969M) 10,846ms
[2024-08-07T18:02:15.290+0300][4,895s][info][gc] GC(26) Pause Young (Allocation Failure) 824M->3M(2969M) 5,377ms
[2024-08-07T18:02:15.449+0300][5,055s][info][gc] GC(27) Pause Young (Allocation Failure) 823M->3M(2969M) 2,043ms
[2024-08-07T18:02:15.612+0300][5,217s][info][gc] GC(28) Pause Young (Allocation Failure) 822M->5M(2969M) 6,311ms
[2024-08-07T18:02:15.778+0300][5,383s][info][gc] GC(29) Pause Young (Allocation Failure) 824M->4M(2969M) 6,181ms
[2024-08-07T18:02:15.937+0300][5,542s][info][gc] GC(30) Pause Young (Allocation Failure) 823M->3M(2969M) 2,441ms
[2024-08-07T18:02:16.094+0300][5,700s][info][gc] GC(31) Pause Young (Allocation Failure) 822M->2M(2969M) 0,895ms
[2024-08-07T18:02:16.257+0300][5,863s][info][gc] GC(32) Pause Young (Allocation Failure) 821M->4M(2969M) 8,540ms
[2024-08-07T18:02:16.418+0300][6,023s][info][gc] GC(33) Pause Young (Allocation Failure) 823M->3M(2969M) 3,444ms
[2024-08-07T18:02:16.574+0300][6,179s][info][gc] GC(34) Pause Young (Allocation Failure) 822M->2M(2969M) 1,318ms
[2024-08-07T18:02:16.738+0300][6,344s][info][gc] GC(35) Pause Young (Allocation Failure) 821M->4M(2969M) 9,324ms
[2024-08-07T18:02:16.900+0300][6,505s][info][gc] GC(36) Pause Young (Allocation Failure) 823M->3M(2969M) 5,786ms
[2024-08-07T18:02:17.058+0300][6,664s][info][gc] GC(37) Pause Young (Allocation Failure) 822M->2M(2969M) 2,226ms
[2024-08-07T18:02:17.223+0300][6,828s][info][gc] GC(38) Pause Young (Allocation Failure) 821M->4M(2969M) 9,979ms
[2024-08-07T18:02:17.385+0300][6,991s][info][gc] GC(39) Pause Young (Allocation Failure) 824M->3M(2969M) 6,460ms
[2024-08-07T18:02:17.542+0300][7,148s][info][gc] GC(40) Pause Young (Allocation Failure) 823M->2M(2969M) 1,821ms
[2024-08-07T18:02:17.708+0300][7,314s][info][gc] GC(41) Pause Young (Allocation Failure) 822M->4M(2969M) 10,065ms
[2024-08-07T18:02:17.872+0300][7,477s][info][gc] GC(42) Pause Young (Allocation Failure) 824M->4M(2969M) 7,134ms
[2024-08-07T18:02:18.030+0300][7,636s][info][gc] GC(43) Pause Young (Allocation Failure) 823M->3M(2969M) 3,562ms
[2024-08-07T18:02:18.197+0300][7,802s][info][gc] GC(44) Pause Young (Allocation Failure) 822M->5M(2969M) 11,448ms
[2024-08-07T18:02:18.360+0300][7,966s][info][gc] GC(45) Pause Young (Allocation Failure) 824M->4M(2969M) 7,857ms
[2024-08-07T18:02:18.519+0300][8,124s][info][gc] GC(46) Pause Young (Allocation Failure) 823M->3M(2969M) 2,538ms
[2024-08-07T18:02:18.675+0300][8,280s][info][gc] GC(47) Pause Young (Allocation Failure) 822M->2M(2969M) 1,045ms
[2024-08-07T18:02:18.835+0300][8,440s][info][gc] GC(48) Pause Young (Allocation Failure) 821M->4M(2969M) 4,812ms
[2024-08-07T18:02:18.995+0300][8,600s][info][gc] GC(49) Pause Young (Allocation Failure) 823M->3M(2969M) 5,082ms
[2024-08-07T18:02:19.151+0300][8,757s][info][gc] GC(50) Pause Young (Allocation Failure) 822M->2M(2969M) 1,177ms
[2024-08-07T18:02:19.315+0300][8,921s][info][gc] GC(51) Pause Young (Allocation Failure) 821M->4M(2969M) 9,464ms
[2024-08-07T18:02:19.477+0300][9,082s][info][gc] GC(52) Pause Young (Allocation Failure) 823M->3M(2969M) 5,950ms
[2024-08-07T18:02:19.634+0300][9,240s][info][gc] GC(53) Pause Young (Allocation Failure) 822M->2M(2969M) 2,329ms
[2024-08-07T18:02:19.799+0300][9,405s][info][gc] GC(54) Pause Young (Allocation Failure) 821M->4M(2969M) 10,023ms
[2024-08-07T18:02:19.962+0300][9,567s][info][gc] GC(55) Pause Young (Allocation Failure) 824M->3M(2969M) 6,734ms
[2024-08-07T18:02:20.120+0300][9,725s][info][gc] GC(56) Pause Young (Allocation Failure) 823M->2M(2969M) 3,124ms
[2024-08-07T18:02:20.289+0300][9,894s][info][gc] GC(57) Pause Young (Allocation Failure) 822M->5M(2969M) 11,004ms
[2024-08-07T18:02:20.449+0300][10,054s][info][gc] GC(58) Pause Young (Allocation Failure) 824M->4M(2969M) 4,287ms
[2024-08-07T18:02:20.607+0300][10,213s][info][gc] GC(59) Pause Young (Allocation Failure) 823M->3M(2969M) 3,633ms
[2024-08-07T18:02:20.774+0300][10,380s][info][gc] GC(60) Pause Young (Allocation Failure) 822M->5M(2969M) 11,660ms
[2024-08-07T18:02:20.938+0300][10,543s][info][gc] GC(61) Pause Young (Allocation Failure) 824M->4M(2969M) 8,087ms
[2024-08-07T18:02:21.097+0300][10,703s][info][gc] GC(62) Pause Young (Allocation Failure) 823M->3M(2969M) 4,503ms
[2024-08-07T18:02:21.254+0300][10,860s][info][gc] GC(63) Pause Young (Allocation Failure) 822M->2M(2969M) 1,195ms
[2024-08-07T18:02:21.417+0300][11,023s][info][gc] GC(64) Pause Young (Allocation Failure) 821M->4M(2969M) 8,904ms
[2024-08-07T18:02:21.578+0300][11,184s][info][gc] GC(65) Pause Young (Allocation Failure) 823M->3M(2969M) 5,439ms
[2024-08-07T18:02:21.735+0300][11,340s][info][gc] GC(66) Pause Young (Allocation Failure) 822M->2M(2969M) 1,802ms
[2024-08-07T18:02:21.900+0300][11,505s][info][gc] GC(67) Pause Young (Allocation Failure) 821M->4M(2969M) 9,685ms
[2024-08-07T18:02:22.061+0300][11,667s][info][gc] GC(68) Pause Young (Allocation Failure) 823M->3M(2969M) 6,144ms
[2024-08-07T18:02:22.220+0300][11,826s][info][gc] GC(69) Pause Young (Allocation Failure) 822M->2M(2969M) 2,447ms
[2024-08-07T18:02:22.386+0300][11,992s][info][gc] GC(70) Pause Young (Allocation Failure) 822M->4M(2969M) 10,370ms
[2024-08-07T18:02:22.546+0300][12,151s][info][gc] GC(71) Pause Young (Allocation Failure) 824M->3M(2969M) 3,979ms
[2024-08-07T18:02:22.705+0300][12,311s][info][gc] GC(72) Pause Young (Allocation Failure) 823M->2M(2969M) 2,969ms
[2024-08-07T18:02:22.871+0300][12,477s][info][gc] GC(73) Pause Young (Allocation Failure) 822M->5M(2969M) 10,943ms
[2024-08-07T18:02:23.035+0300][12,641s][info][gc] GC(74) Pause Young (Allocation Failure) 824M->4M(2969M) 8,023ms
[2024-08-07T18:02:23.193+0300][12,799s][info][gc] GC(75) Pause Young (Allocation Failure) 823M->3M(2969M) 2,534ms
[2024-08-07T18:02:23.360+0300][12,965s][info][gc] GC(76) Pause Young (Allocation Failure) 822M->5M(2969M) 11,754ms
[2024-08-07T18:02:23.523+0300][13,129s][info][gc] GC(77) Pause Young (Allocation Failure) 824M->4M(2969M) 8,323ms
[2024-08-07T18:02:23.684+0300][13,289s][info][gc] GC(78) Pause Young (Allocation Failure) 823M->3M(2969M) 4,686ms
[2024-08-07T18:02:23.840+0300][13,446s][info][gc] GC(79) Pause Young (Allocation Failure) 822M->2M(2969M) 1,359ms
[2024-08-07T18:02:24.004+0300][13,610s][info][gc] GC(80) Pause Young (Allocation Failure) 821M->4M(2969M) 9,179ms
[2024-08-07T18:02:24.165+0300][13,771s][info][gc] GC(81) Pause Young (Allocation Failure) 823M->3M(2969M) 5,547ms
[2024-08-07T18:02:24.323+0300][13,929s][info][gc] GC(82) Pause Young (Allocation Failure) 822M->2M(2969M) 1,954ms
[2024-08-07T18:02:24.488+0300][14,093s][info][gc] GC(83) Pause Young (Allocation Failure) 821M->4M(2969M) 9,844ms
[2024-08-07T18:02:24.649+0300][14,255s][info][gc] GC(84) Pause Young (Allocation Failure) 823M->3M(2969M) 6,292ms
[2024-08-07T18:02:24.808+0300][14,413s][info][gc] GC(85) Pause Young (Allocation Failure) 823M->2M(2969M) 2,636ms
[2024-08-07T18:02:24.973+0300][14,578s][info][gc] GC(86) Pause Young (Allocation Failure) 822M->4M(2969M) 10,335ms
[2024-08-07T18:02:25.136+0300][14,741s][info][gc] GC(87) Pause Young (Allocation Failure) 824M->3M(2969M) 6,930ms
[2024-08-07T18:02:25.295+0300][14,900s][info][gc] GC(88) Pause Young (Allocation Failure) 823M->3M(2969M) 3,470ms
[2024-08-07T18:02:25.461+0300][15,066s][info][gc] GC(89) Pause Young (Allocation Failure) 822M->5M(2969M) 11,214ms
[2024-08-07T18:02:25.624+0300][15,229s][info][gc] GC(90) Pause Young (Allocation Failure) 824M->4M(2969M) 7,608ms
[2024-08-07T18:02:25.782+0300][15,387s][info][gc] GC(91) Pause Young (Allocation Failure) 823M->3M(2969M) 2,522ms
[2024-08-07T18:02:25.937+0300][15,542s][info][gc] GC(92) Pause Young (Allocation Failure) 822M->2M(2969M) 0,649ms
