[2024-08-07T18:03:29.147+0300][0.008s][info][gc] Using Serial
[2024-08-07T18:03:30.560+0300][1,421s][info][gc] GC(0) Pause Young (Allocation Failure) 2185M->3M(7918M) 9,252ms
[2024-08-07T18:03:31.021+0300][1,883s][info][gc] GC(1) Pause Young (Allocation Failure) 2187M->2M(7918M) 4,407ms
[2024-08-07T18:03:31.450+0300][2,311s][info][gc] GC(2) Pause Young (Allocation Failure) 2186M->2M(7918M) 4,869ms
[2024-08-07T18:03:31.871+0300][2,733s][info][gc] GC(3) Pause Young (Allocation Failure) 2187M->3M(7918M) 7,859ms
[2024-08-07T18:03:32.290+0300][3,151s][info][gc] GC(4) Pause Young (Allocation Failure) 2187M->3M(7918M) 4,818ms
[2024-08-07T18:03:32.715+0300][3,576s][info][gc] GC(5) Pause Young (Allocation Failure) 2188M->4M(7918M) 11,712ms
[2024-08-07T18:03:33.135+0300][3,996s][info][gc] GC(6) Pause Young (Allocation Failure) 2188M->4M(7918M) 7,041ms
[2024-08-07T18:03:33.549+0300][4,410s][info][gc] GC(7) Pause Young (Allocation Failure) 2189M->2M(7918M) 1,575ms
[2024-08-07T18:03:33.969+0300][4,830s][info][gc] GC(8) Pause Young (Allocation Failure) 2186M->2M(7918M) 4,390ms
[2024-08-07T18:03:34.387+0300][5,248s][info][gc] GC(9) Pause Young (Allocation Failure) 2187M->3M(7918M) 3,349ms
[2024-08-07T18:03:34.811+0300][5,672s][info][gc] GC(10) Pause Young (Allocation Failure) 2187M->3M(7918M) 5,364ms
[2024-08-07T18:03:35.249+0300][6,111s][info][gc] GC(11) Pause Young (Allocation Failure) 2188M->4M(7918M) 8,519ms
[2024-08-07T18:03:35.674+0300][6,536s][info][gc] GC(12) Pause Young (Allocation Failure) 2188M->4M(7918M) 11,921ms
[2024-08-07T18:03:36.102+0300][6,963s][info][gc] GC(13) Pause Young (Allocation Failure) 2189M->5M(7918M) 14,795ms
[2024-08-07T18:03:36.518+0300][7,379s][info][gc] GC(14) Pause Young (Allocation Failure) 2189M->2M(7918M) 4,031ms
[2024-08-07T18:03:36.939+0300][7,800s][info][gc] GC(15) Pause Young (Allocation Failure) 2187M->3M(7918M) 6,840ms
[2024-08-07T18:03:37.359+0300][8,220s][info][gc] GC(16) Pause Young (Allocation Failure) 2187M->3M(7918M) 6,426ms
[2024-08-07T18:03:37.781+0300][8,642s][info][gc] GC(17) Pause Young (Allocation Failure) 2188M->4M(7918M) 8,215ms
[2024-08-07T18:03:38.206+0300][9,067s][info][gc] GC(18) Pause Young (Allocation Failure) 2188M->4M(7918M) 10,169ms
[2024-08-07T18:03:38.628+0300][9,489s][info][gc] GC(19) Pause Young (Allocation Failure) 2189M->5M(7918M) 9,579ms
[2024-08-07T18:03:39.042+0300][9,903s][info][gc] GC(20) Pause Young (Allocation Failure) 2189M->2M(7918M) 1,928ms
[2024-08-07T18:03:39.458+0300][10,319s][info][gc] GC(21) Pause Young (Allocation Failure) 2187M->3M(7918M) 4,159ms
[2024-08-07T18:03:39.874+0300][10,735s][info][gc] GC(22) Pause Young (Allocation Failure) 2187M->3M(7918M) 3,857ms
[2024-08-07T18:03:40.293+0300][11,154s][info][gc] GC(23) Pause Young (Allocation Failure) 2188M->4M(7918M) 7,819ms
[2024-08-07T18:03:40.710+0300][11,571s][info][gc] GC(24) Pause Young (Allocation Failure) 2188M->4M(7918M) 6,204ms
[2024-08-07T18:03:41.131+0300][11,992s][info][gc] GC(25) Pause Young (Allocation Failure) 2189M->5M(7918M) 9,029ms
[2024-08-07T18:03:41.544+0300][12,405s][info][gc] GC(26) Pause Young (Allocation Failure) 2189M->2M(7918M) 0,953ms
[2024-08-07T18:03:41.957+0300][12,818s][info][gc] GC(27) Pause Young (Allocation Failure) 2186M->2M(7918M) 1,738ms
[2024-08-07T18:03:42.372+0300][13,233s][info][gc] GC(28) Pause Young (Allocation Failure) 2187M->3M(7918M) 2,996ms
[2024-08-07T18:03:42.790+0300][13,651s][info][gc] GC(29) Pause Young (Allocation Failure) 2187M->3M(7918M) 7,452ms
[2024-08-07T18:03:43.211+0300][14,072s][info][gc] GC(30) Pause Young (Allocation Failure) 2188M->4M(7918M) 9,487ms
[2024-08-07T18:03:43.628+0300][14,489s][info][gc] GC(31) Pause Young (Allocation Failure) 2188M->4M(7918M) 4,350ms
[2024-08-07T18:03:44.042+0300][14,903s][info][gc] GC(32) Pause Young (Allocation Failure) 2189M->2M(7918M) 1,497ms
[2024-08-07T18:03:44.457+0300][15,318s][info][gc] GC(33) Pause Young (Allocation Failure) 2186M->2M(7918M) 3,418ms
