[2024-08-07T18:02:57.398+0300][0.003s][info][gc] Using Serial
[2024-08-07T18:02:58.491+0300][1,096s][info][gc] GC(0) Pause Young (Allocation Failure) 1639M->4M(5939M) 14,642ms
[2024-08-07T18:02:58.853+0300][1,458s][info][gc] GC(1) Pause Young (Allocation Failure) 1642M->5M(5939M) 18,544ms
[2024-08-07T18:02:59.178+0300][1,783s][info][gc] GC(2) Pause Young (Allocation Failure) 1643M->3M(5939M) 6,465ms
[2024-08-07T18:02:59.502+0300][2,107s][info][gc] GC(3) Pause Young (Allocation Failure) 1641M->4M(5939M) 11,067ms
[2024-08-07T18:02:59.822+0300][2,427s][info][gc] GC(4) Pause Young (Allocation Failure) 1643M->2M(5939M) 3,743ms
[2024-08-07T18:03:00.144+0300][2,749s][info][gc] GC(5) Pause Young (Allocation Failure) 1641M->3M(5939M) 8,083ms
[2024-08-07T18:03:00.468+0300][3,073s][info][gc] GC(6) Pause Young (Allocation Failure) 1642M->4M(5939M) 13,219ms
[2024-08-07T18:03:00.784+0300][3,389s][info][gc] GC(7) Pause Young (Allocation Failure) 1643M->3M(5939M) 5,439ms
[2024-08-07T18:03:01.104+0300][3,709s][info][gc] GC(8) Pause Young (Allocation Failure) 1641M->4M(5939M) 9,818ms
[2024-08-07T18:03:01.416+0300][4,021s][info][gc] GC(9) Pause Young (Allocation Failure) 1642M->2M(5939M) 2,461ms
[2024-08-07T18:03:01.735+0300][4,340s][info][gc] GC(10) Pause Young (Allocation Failure) 1640M->3M(5939M) 6,949ms
[2024-08-07T18:03:02.056+0300][4,661s][info][gc] GC(11) Pause Young (Allocation Failure) 1641M->4M(5939M) 11,168ms
[2024-08-07T18:03:02.370+0300][4,975s][info][gc] GC(12) Pause Young (Allocation Failure) 1643M->2M(5939M) 4,092ms
[2024-08-07T18:03:02.688+0300][5,293s][info][gc] GC(13) Pause Young (Allocation Failure) 1641M->3M(5939M) 7,380ms
[2024-08-07T18:03:03.012+0300][5,616s][info][gc] GC(14) Pause Young (Allocation Failure) 1642M->5M(5939M) 12,987ms
[2024-08-07T18:03:03.327+0300][5,932s][info][gc] GC(15) Pause Young (Allocation Failure) 1643M->3M(5939M) 6,539ms
[2024-08-07T18:03:03.644+0300][6,249s][info][gc] GC(16) Pause Young (Allocation Failure) 1641M->4M(5939M) 5,847ms
[2024-08-07T18:03:03.955+0300][6,560s][info][gc] GC(17) Pause Young (Allocation Failure) 1642M->2M(5939M) 1,334ms
[2024-08-07T18:03:04.270+0300][6,875s][info][gc] GC(18) Pause Young (Allocation Failure) 1640M->3M(5939M) 4,605ms
[2024-08-07T18:03:04.589+0300][7,194s][info][gc] GC(19) Pause Young (Allocation Failure) 1642M->4M(5939M) 5,131ms
[2024-08-07T18:03:04.899+0300][7,504s][info][gc] GC(20) Pause Young (Allocation Failure) 1643M->2M(5939M) 1,328ms
[2024-08-07T18:03:05.216+0300][7,821s][info][gc] GC(21) Pause Young (Allocation Failure) 1641M->3M(5939M) 7,394ms
[2024-08-07T18:03:05.537+0300][8,142s][info][gc] GC(22) Pause Young (Allocation Failure) 1642M->5M(5939M) 8,592ms
[2024-08-07T18:03:05.848+0300][8,453s][info][gc] GC(23) Pause Young (Allocation Failure) 1643M->3M(5939M) 2,051ms
[2024-08-07T18:03:06.162+0300][8,767s][info][gc] GC(24) Pause Young (Allocation Failure) 1641M->4M(5939M) 6,867ms
[2024-08-07T18:03:06.472+0300][9,077s][info][gc] GC(25) Pause Young (Allocation Failure) 1642M->2M(5939M) 1,519ms
[2024-08-07T18:03:06.787+0300][9,392s][info][gc] GC(26) Pause Young (Allocation Failure) 1640M->3M(5939M) 5,858ms
[2024-08-07T18:03:07.105+0300][9,710s][info][gc] GC(27) Pause Young (Allocation Failure) 1642M->4M(5939M) 10,133ms
[2024-08-07T18:03:07.415+0300][10,020s][info][gc] GC(28) Pause Young (Allocation Failure) 1643M->2M(5939M) 1,874ms
[2024-08-07T18:03:07.731+0300][10,336s][info][gc] GC(29) Pause Young (Allocation Failure) 1641M->4M(5939M) 7,413ms
[2024-08-07T18:03:08.048+0300][10,653s][info][gc] GC(30) Pause Young (Allocation Failure) 1642M->5M(5939M) 9,060ms
[2024-08-07T18:03:08.362+0300][10,967s][info][gc] GC(31) Pause Young (Allocation Failure) 1643M->3M(5939M) 4,754ms
[2024-08-07T18:03:08.680+0300][11,285s][info][gc] GC(32) Pause Young (Allocation Failure) 1641M->4M(5939M) 8,840ms
[2024-08-07T18:03:08.991+0300][11,596s][info][gc] GC(33) Pause Young (Allocation Failure) 1642M->2M(5939M) 1,590ms
[2024-08-07T18:03:09.304+0300][11,909s][info][gc] GC(34) Pause Young (Allocation Failure) 1641M->3M(5939M) 5,085ms
[2024-08-07T18:03:09.625+0300][12,230s][info][gc] GC(35) Pause Young (Allocation Failure) 1642M->4M(5939M) 10,374ms
[2024-08-07T18:03:09.936+0300][12,541s][info][gc] GC(36) Pause Young (Allocation Failure) 1643M->2M(5939M) 3,370ms
[2024-08-07T18:03:10.251+0300][12,856s][info][gc] GC(37) Pause Young (Allocation Failure) 1641M->4M(5939M) 6,297ms
[2024-08-07T18:03:10.570+0300][13,175s][info][gc] GC(38) Pause Young (Allocation Failure) 1642M->5M(5939M) 9,581ms
[2024-08-07T18:03:10.884+0300][13,489s][info][gc] GC(39) Pause Young (Allocation Failure) 1643M->3M(5939M) 4,018ms
[2024-08-07T18:03:11.202+0300][13,807s][info][gc] GC(40) Pause Young (Allocation Failure) 1641M->4M(5939M) 9,289ms
[2024-08-07T18:03:11.514+0300][14,119s][info][gc] GC(41) Pause Young (Allocation Failure) 1643M->2M(5939M) 2,165ms
[2024-08-07T18:03:11.830+0300][14,435s][info][gc] GC(42) Pause Young (Allocation Failure) 1641M->3M(5939M) 5,074ms
[2024-08-07T18:03:12.149+0300][14,754s][info][gc] GC(43) Pause Young (Allocation Failure) 1642M->4M(5939M) 10,800ms
[2024-08-07T18:03:12.461+0300][15,066s][info][gc] GC(44) Pause Young (Allocation Failure) 1643M->3M(5939M) 3,817ms
[2024-08-07T18:03:12.779+0300][15,384s][info][gc] GC(45) Pause Young (Allocation Failure) 1641M->4M(5939M) 8,139ms
