[2024-08-07T18:02:41.700+0300][0.005s][info][gc] Using Serial
[2024-08-07T18:02:42.644+0300][0,949s][info][gc] GC(0) Pause Young (Allocation Failure) 1366M->4M(4949M) 17,068ms
[2024-08-07T18:02:42.943+0300][1,248s][info][gc] GC(1) Pause Young (Allocation Failure) 1370M->3M(4949M) 10,387ms
[2024-08-07T18:02:43.220+0300][1,524s][info][gc] GC(2) Pause Young (Allocation Failure) 1368M->5M(4949M) 12,652ms
[2024-08-07T18:02:43.485+0300][1,790s][info][gc] GC(3) Pause Young (Allocation Failure) 1370M->3M(4949M) 7,141ms
[2024-08-07T18:02:43.754+0300][2,059s][info][gc] GC(4) Pause Young (Allocation Failure) 1368M->4M(4949M) 9,662ms
[2024-08-07T18:02:44.018+0300][2,323s][info][gc] GC(5) Pause Young (Allocation Failure) 1370M->3M(4949M) 6,564ms
[2024-08-07T18:02:44.289+0300][2,593s][info][gc] GC(6) Pause Young (Allocation Failure) 1368M->4M(4949M) 12,669ms
[2024-08-07T18:02:44.552+0300][2,857s][info][gc] GC(7) Pause Young (Allocation Failure) 1370M->3M(4949M) 6,126ms
[2024-08-07T18:02:44.820+0300][3,125s][info][gc] GC(8) Pause Young (Allocation Failure) 1368M->4M(4949M) 10,123ms
[2024-08-07T18:02:45.084+0300][3,388s][info][gc] GC(9) Pause Young (Allocation Failure) 1370M->3M(4949M) 5,053ms
[2024-08-07T18:02:45.352+0300][3,657s][info][gc] GC(10) Pause Young (Allocation Failure) 1368M->4M(4949M) 11,155ms
[2024-08-07T18:02:45.614+0300][3,919s][info][gc] GC(11) Pause Young (Allocation Failure) 1369M->2M(4949M) 4,887ms
[2024-08-07T18:02:45.882+0300][4,187s][info][gc] GC(12) Pause Young (Allocation Failure) 1368M->4M(4949M) 9,406ms
[2024-08-07T18:02:46.143+0300][4,448s][info][gc] GC(13) Pause Young (Allocation Failure) 1369M->2M(4949M) 3,714ms
[2024-08-07T18:02:46.411+0300][4,716s][info][gc] GC(14) Pause Young (Allocation Failure) 1368M->4M(4949M) 10,218ms
[2024-08-07T18:02:46.674+0300][4,979s][info][gc] GC(15) Pause Young (Allocation Failure) 1369M->2M(4949M) 5,322ms
[2024-08-07T18:02:46.943+0300][5,247s][info][gc] GC(16) Pause Young (Allocation Failure) 1368M->4M(4949M) 8,337ms
[2024-08-07T18:02:47.207+0300][5,512s][info][gc] GC(17) Pause Young (Allocation Failure) 1369M->2M(4949M) 2,159ms
[2024-08-07T18:02:47.480+0300][5,785s][info][gc] GC(18) Pause Young (Allocation Failure) 1367M->4M(4949M) 8,197ms
[2024-08-07T18:02:47.745+0300][6,050s][info][gc] GC(19) Pause Young (Allocation Failure) 1369M->2M(4949M) 1,355ms
[2024-08-07T18:02:48.010+0300][6,315s][info][gc] GC(20) Pause Young (Allocation Failure) 1367M->3M(4949M) 5,246ms
[2024-08-07T18:02:48.273+0300][6,578s][info][gc] GC(21) Pause Young (Allocation Failure) 1369M->2M(4949M) 0,671ms
[2024-08-07T18:02:48.537+0300][6,841s][info][gc] GC(22) Pause Young (Allocation Failure) 1367M->3M(4949M) 4,912ms
[2024-08-07T18:02:48.809+0300][7,114s][info][gc] GC(23) Pause Young (Allocation Failure) 1369M->5M(4949M) 12,210ms
[2024-08-07T18:02:49.080+0300][7,385s][info][gc] GC(24) Pause Young (Allocation Failure) 1370M->3M(4949M) 5,326ms
[2024-08-07T18:02:49.351+0300][7,655s][info][gc] GC(25) Pause Young (Allocation Failure) 1369M->5M(4949M) 10,674ms
[2024-08-07T18:02:49.617+0300][7,922s][info][gc] GC(26) Pause Young (Allocation Failure) 1370M->3M(4949M) 4,081ms
[2024-08-07T18:02:49.887+0300][8,191s][info][gc] GC(27) Pause Young (Allocation Failure) 1368M->4M(4949M) 10,838ms
[2024-08-07T18:02:50.152+0300][8,457s][info][gc] GC(28) Pause Young (Allocation Failure) 1370M->3M(4949M) 3,753ms
[2024-08-07T18:02:50.420+0300][8,725s][info][gc] GC(29) Pause Young (Allocation Failure) 1368M->4M(4949M) 7,670ms
[2024-08-07T18:02:50.684+0300][8,989s][info][gc] GC(30) Pause Young (Allocation Failure) 1370M->3M(4949M) 4,236ms
[2024-08-07T18:02:50.953+0300][9,258s][info][gc] GC(31) Pause Young (Allocation Failure) 1368M->4M(4949M) 9,630ms
[2024-08-07T18:02:51.214+0300][9,518s][info][gc] GC(32) Pause Young (Allocation Failure) 1370M->3M(4949M) 2,837ms
[2024-08-07T18:02:51.479+0300][9,784s][info][gc] GC(33) Pause Young (Allocation Failure) 1368M->4M(4949M) 7,205ms
[2024-08-07T18:02:51.740+0300][10,045s][info][gc] GC(34) Pause Young (Allocation Failure) 1369M->3M(4949M) 3,277ms
[2024-08-07T18:02:52.007+0300][10,311s][info][gc] GC(35) Pause Young (Allocation Failure) 1368M->4M(4949M) 8,501ms
[2024-08-07T18:02:52.266+0300][10,571s][info][gc] GC(36) Pause Young (Allocation Failure) 1369M->2M(4949M) 1,673ms
[2024-08-07T18:02:52.532+0300][10,837s][info][gc] GC(37) Pause Young (Allocation Failure) 1368M->4M(4949M) 8,306ms
[2024-08-07T18:02:52.792+0300][11,097s][info][gc] GC(38) Pause Young (Allocation Failure) 1369M->2M(4949M) 2,132ms
[2024-08-07T18:02:53.056+0300][11,361s][info][gc] GC(39) Pause Young (Allocation Failure) 1368M->4M(4949M) 6,054ms
[2024-08-07T18:02:53.316+0300][11,621s][info][gc] GC(40) Pause Young (Allocation Failure) 1369M->2M(4949M) 1,971ms
[2024-08-07T18:02:53.581+0300][11,885s][info][gc] GC(41) Pause Young (Allocation Failure) 1368M->4M(4949M) 7,365ms
[2024-08-07T18:02:53.840+0300][12,145s][info][gc] GC(42) Pause Young (Allocation Failure) 1369M->2M(4949M) 1,386ms
[2024-08-07T18:02:54.100+0300][12,404s][info][gc] GC(43) Pause Young (Allocation Failure) 1367M->3M(4949M) 2,626ms
[2024-08-07T18:02:54.357+0300][12,662s][info][gc] GC(44) Pause Young (Allocation Failure) 1369M->2M(4949M) 0,536ms
[2024-08-07T18:02:54.618+0300][12,923s][info][gc] GC(45) Pause Young (Allocation Failure) 1367M->3M(4949M) 2,745ms
[2024-08-07T18:02:54.879+0300][13,184s][info][gc] GC(46) Pause Young (Allocation Failure) 1369M->5M(4949M) 4,502ms
[2024-08-07T18:02:55.138+0300][13,443s][info][gc] GC(47) Pause Young (Allocation Failure) 1370M->3M(4949M) 2,279ms
[2024-08-07T18:02:55.402+0300][13,707s][info][gc] GC(48) Pause Young (Allocation Failure) 1369M->5M(4949M) 6,055ms
[2024-08-07T18:02:55.662+0300][13,967s][info][gc] GC(49) Pause Young (Allocation Failure) 1370M->3M(4949M) 2,986ms
[2024-08-07T18:02:55.925+0300][14,230s][info][gc] GC(50) Pause Young (Allocation Failure) 1368M->5M(4949M) 4,166ms
[2024-08-07T18:02:56.185+0300][14,489s][info][gc] GC(51) Pause Young (Allocation Failure) 1370M->3M(4949M) 2,769ms
[2024-08-07T18:02:56.449+0300][14,754s][info][gc] GC(52) Pause Young (Allocation Failure) 1368M->4M(4949M) 5,594ms
[2024-08-07T18:02:56.708+0300][15,013s][info][gc] GC(53) Pause Young (Allocation Failure) 1370M->3M(4949M) 1,797ms
[2024-08-07T18:02:56.969+0300][15,274s][info][gc] GC(54) Pause Young (Allocation Failure) 1368M->4M(4949M) 3,846ms
